I20230630 02:41:22.995530 1196275 event_listener.cc:71] [event_listener/compaction_completed] column family: default, compaction reason: 2, output compression type: no, base input level(files): 2(1), output level(files): 3(1), input bytes: 0, output bytes:0, is_manual_compaction:no, elapsed(micro): 0
I20230630 02:41:23.005123 1196275 event_listener.cc:71] [event_listener/compaction_completed] column family: default, compaction reason: 2, output compression type: no, base input level(files): 2(1), output level(files): 3(1), input bytes: 0, output bytes:0, is_manual_compaction:no, elapsed(micro): 0
I20230630 02:41:23.014447 1196275 event_listener.cc:71] [event_listener/compaction_completed] column family: default, compaction reason: 2, output compression type: no, base input level(files): 2(1), output level(files): 3(1), input bytes: 0, output bytes:0, is_manual_compaction:no, elapsed(micro): 0
I20230630 02:41:23.023661 1196275 event_listener.cc:71] [event_listener/compaction_completed] column family: default, compaction reason: 2, output compression type: no, base input level(files): 2(1), output level(files): 3(1), input bytes: 0, output bytes:0, is_manual_compaction:no, elapsed(micro): 0
I20230630 02:41:23.037441 1196275 event_listener.cc:71] [event_listener/compaction_completed] column family: default, compaction reason: 2, output compression type: no, base input level(files): 2(1), output level(files): 3(1), input bytes: 0, output bytes:0, is_manual_compaction:no, elapsed(micro): 0
I20230630 02:41:23.051911 1196277 event_listener.cc:138] [event_listener/table_file_created] column family: default, file path: /nvme/jinghuan/node_40001/db/000858.sst, file size: 33879687, job id: 366, reason: flush, status: OK
I20230630 02:41:23.061194 1196275 event_listener.cc:71] [event_listener/compaction_completed] column family: default, compaction reason: 2, output compression type: no, base input level(files): 2(1), output level(files): 3(1), input bytes: 0, output bytes:0, is_manual_compaction:no, elapsed(micro): 0
I20230630 02:41:23.073901 1196275 event_listener.cc:71] [event_listener/compaction_completed] column family: default, compaction reason: 2, output compression type: no, base input level(files): 2(1), output level(files): 3(1), input bytes: 0, output bytes:0, is_manual_compaction:no, elapsed(micro): 0
I20230630 02:41:23.083254 1196275 event_listener.cc:71] [event_listener/compaction_completed] column family: default, compaction reason: 2, output compression type: no, base input level(files): 2(1), output level(files): 3(1), input bytes: 0, output bytes:0, is_manual_compaction:no, elapsed(micro): 0
I20230630 02:41:23.092442 1196275 event_listener.cc:71] [event_listener/compaction_completed] column family: default, compaction reason: 2, output compression type: no, base input level(files): 2(1), output level(files): 3(1), input bytes: 0, output bytes:0, is_manual_compaction:no, elapsed(micro): 0
I20230630 02:41:23.101814 1196275 event_listener.cc:71] [event_listener/compaction_completed] column family: default, compaction reason: 2, output compression type: no, base input level(files): 2(1), output level(files): 3(1), input bytes: 0, output bytes:0, is_manual_compaction:no, elapsed(micro): 0
I20230630 02:41:23.111232 1196275 event_listener.cc:71] [event_listener/compaction_completed] column family: default, compaction reason: 2, output compression type: no, base input level(files): 2(1), output level(files): 3(1), input bytes: 0, output bytes:0, is_manual_compaction:no, elapsed(micro): 0
I20230630 02:41:23.120548 1196275 event_listener.cc:71] [event_listener/compaction_completed] column family: default, compaction reason: 2, output compression type: no, base input level(files): 2(1), output level(files): 3(1), input bytes: 0, output bytes:0, is_manual_compaction:no, elapsed(micro): 0
I20230630 02:41:23.132153 1196275 event_listener.cc:71] [event_listener/compaction_completed] column family: default, compaction reason: 2, output compression type: no, base input level(files): 2(1), output level(files): 3(1), input bytes: 0, output bytes:0, is_manual_compaction:no, elapsed(micro): 0
I20230630 02:41:23.149071 1196276 event_listener.cc:138] [event_listener/table_file_created] column family: default, file path: /nvme/jinghuan/node_40001/db/000855.sst, file size: 117173297, job id: 356, reason: flush, status: OK
I20230630 02:41:23.151468 1196275 event_listener.cc:71] [event_listener/compaction_completed] column family: default, compaction reason: 2, output compression type: no, base input level(files): 2(1), output level(files): 3(1), input bytes: 0, output bytes:0, is_manual_compaction:no, elapsed(micro): 0
I20230630 02:41:23.162767 1196276 event_listener.cc:91] [event_listener/flush_completed] column family: default, thread_id: 1196276, job_id: 356, file: /nvme/jinghuan/node_40001/db/000855.sst, reason: 13, is_write_slowdown: yes, is_write_stall: no, largest seqno: 21154198, smallest seqno: 21032683
I20230630 02:41:23.162798 1196276 event_listener.cc:91] [event_listener/flush_completed] column family: default, thread_id: 1196277, job_id: 366, file: /nvme/jinghuan/node_40001/db/000858.sst, reason: 13, is_write_slowdown: yes, is_write_stall: no, largest seqno: 21189332, smallest seqno: 21154200
I20230630 02:41:23.173952 1196275 event_listener.cc:71] [event_listener/compaction_completed] column family: default, compaction reason: 2, output compression type: no, base input level(files): 2(1), output level(files): 3(1), input bytes: 0, output bytes:0, is_manual_compaction:no, elapsed(micro): 0
I20230630 02:41:23.183282 1196275 event_listener.cc:71] [event_listener/compaction_completed] column family: default, compaction reason: 2, output compression type: no, base input level(files): 2(1), output level(files): 3(1), input bytes: 0, output bytes:0, is_manual_compaction:no, elapsed(micro): 0
I20230630 02:41:23.195147 1196275 event_listener.cc:71] [event_listener/compaction_completed] column family: default, compaction reason: 2, output compression type: no, base input level(files): 2(1), output level(files): 3(1), input bytes: 0, output bytes:0, is_manual_compaction:no, elapsed(micro): 0
I20230630 02:41:23.204493 1196275 event_listener.cc:71] [event_listener/compaction_completed] column family: default, compaction reason: 2, output compression type: no, base input level(files): 2(1), output level(files): 3(1), input bytes: 0, output bytes:0, is_manual_compaction:no, elapsed(micro): 0
I20230630 02:41:23.213037 1196275 event_listener.cc:71] [event_listener/compaction_completed] column family: default, compaction reason: 2, output compression type: no, base input level(files): 2(1), output level(files): 3(1), input bytes: 0, output bytes:0, is_manual_compaction:no, elapsed(micro): 0
I20230630 02:41:23.223934 1196275 event_listener.cc:71] [event_listener/compaction_completed] column family: default, compaction reason: 2, output compression type: no, base input level(files): 2(1), output level(files): 3(1), input bytes: 0, output bytes:0, is_manual_compaction:no, elapsed(micro): 0
I20230630 02:41:23.233474 1196275 event_listener.cc:71] [event_listener/compaction_completed] column family: default, compaction reason: 2, output compression type: no, base input level(files): 2(1), output level(files): 3(1), input bytes: 0, output bytes:0, is_manual_compaction:no, elapsed(micro): 0
I20230630 02:41:23.244416 1196275 event_listener.cc:71] [event_listener/compaction_completed] column family: default, compaction reason: 2, output compression type: no, base input level(files): 2(1), output level(files): 3(1), input bytes: 0, output bytes:0, is_manual_compaction:no, elapsed(micro): 0
I20230630 02:41:23.255970 1196275 event_listener.cc:71] [event_listener/compaction_completed] column family: default, compaction reason: 2, output compression type: no, base input level(files): 2(1), output level(files): 3(1), input bytes: 0, output bytes:0, is_manual_compaction:no, elapsed(micro): 0
I20230630 02:41:23.264876 1196275 event_listener.cc:71] [event_listener/compaction_completed] column family: default, compaction reason: 2, output compression type: no, base input level(files): 2(1), output level(files): 3(1), input bytes: 0, output bytes:0, is_manual_compaction:no, elapsed(micro): 0
I20230630 02:41:23.273751 1196275 event_listener.cc:71] [event_listener/compaction_completed] column family: default, compaction reason: 2, output compression type: no, base input level(files): 2(1), output level(files): 3(1), input bytes: 0, output bytes:0, is_manual_compaction:no, elapsed(micro): 0
I20230630 02:41:23.285239 1196275 event_listener.cc:71] [event_listener/compaction_completed] column family: default, compaction reason: 2, output compression type: no, base input level(files): 2(1), output level(files): 3(1), input bytes: 0, output bytes:0, is_manual_compaction:no, elapsed(micro): 0
I20230630 02:41:23.488834 1196274 event_listener.cc:138] [event_listener/table_file_created] column family: default, file path: /nvme/jinghuan/node_40001/db/000859.sst, file size: 137039292, job id: 352, reason: compaction, status: OK
I20230630 02:41:23.674499 1196277 event_listener.cc:84] [event_listener/flush_begin] column family: default, thread_id: 1196277, job_id: 402, reason: 6
I20230630 02:41:24.064759 1196277 event_listener.cc:138] [event_listener/table_file_created] column family: default, file path: /nvme/jinghuan/node_40001/db/000863.sst, file size: 117724093, job id: 402, reason: flush, status: OK
I20230630 02:41:24.074661 1196277 event_listener.cc:91] [event_listener/flush_completed] column family: default, thread_id: 1196277, job_id: 402, file: /nvme/jinghuan/node_40001/db/000863.sst, reason: 6, is_write_slowdown: yes, is_write_stall: no, largest seqno: 21311421, smallest seqno: 21189334
I20230630 02:41:24.088425 1196274 event_listener.cc:138] [event_listener/table_file_created] column family: default, file path: /nvme/jinghuan/node_40001/db/000861.sst, file size: 137228404, job id: 352, reason: compaction, status: OK
I20230630 02:41:24.487489 1196274 event_listener.cc:138] [event_listener/table_file_created] column family: default, file path: /nvme/jinghuan/node_40001/db/000865.sst, file size: 137342256, job id: 352, reason: compaction, status: OK
I20230630 02:41:24.522737 1196276 event_listener.cc:84] [event_listener/flush_begin] column family: default, thread_id: 1196276, job_id: 405, reason: 6
I20230630 02:41:24.887220 1196276 event_listener.cc:138] [event_listener/table_file_created] column family: default, file path: /nvme/jinghuan/node_40001/db/000868.sst, file size: 120842406, job id: 405, reason: flush, status: OK
I20230630 02:41:24.897475 1196276 event_listener.cc:91] [event_listener/flush_completed] column family: default, thread_id: 1196276, job_id: 405, file: /nvme/jinghuan/node_40001/db/000868.sst, reason: 6, is_write_slowdown: yes, is_write_stall: no, largest seqno: 21436744, smallest seqno: 21311423
I20230630 02:41:25.251791 1196274 event_listener.cc:138] [event_listener/table_file_created] column family: default, file path: /nvme/jinghuan/node_40001/db/000867.sst, file size: 137039731, job id: 352, reason: compaction, status: OK
I20230630 02:41:25.412811 1196277 event_listener.cc:84] [event_listener/flush_begin] column family: default, thread_id: 1196277, job_id: 408, reason: 6
I20230630 02:41:25.967157 1196277 event_listener.cc:138] [event_listener/table_file_created] column family: default, file path: /nvme/jinghuan/node_40001/db/000873.sst, file size: 123525707, job id: 408, reason: flush, status: OK
I20230630 02:41:25.977706 1196277 event_listener.cc:91] [event_listener/flush_completed] column family: default, thread_id: 1196277, job_id: 408, file: /nvme/jinghuan/node_40001/db/000873.sst, reason: 6, is_write_slowdown: yes, is_write_stall: no, largest seqno: 21564850, smallest seqno: 21436746
I20230630 02:41:26.172829 1196274 event_listener.cc:138] [event_listener/table_file_created] column family: default, file path: /nvme/jinghuan/node_40001/db/000871.sst, file size: 137342239, job id: 352, reason: compaction, status: OK
I20230630 02:41:26.780228 1196275 event_listener.cc:138] [event_listener/table_file_created] column family: default, file path: /nvme/jinghuan/node_40001/db/000870.sst, file size: 389639284, job id: 407, reason: compaction, status: OK
I20230630 02:41:26.801126 1196275 event_listener.cc:71] [event_listener/compaction_completed] column family: default, compaction reason: 1, output compression type: no, base input level(files): 0(4), output level(files): 0(1), input bytes: 389619483, output bytes:389639284, is_manual_compaction:no, elapsed(micro): 1882611
I20230630 02:41:26.811703 1196274 event_listener.cc:138] [event_listener/table_file_created] column family: default, file path: /nvme/jinghuan/node_40001/db/000875.sst, file size: 137039514, job id: 352, reason: compaction, status: OK
I20230630 02:41:27.221006 1196274 event_listener.cc:138] [event_listener/table_file_created] column family: default, file path: /nvme/jinghuan/node_40001/db/000876.sst, file size: 137342314, job id: 352, reason: compaction, status: OK
I20230630 02:41:27.625008 1196274 event_listener.cc:138] [event_listener/table_file_created] column family: default, file path: /nvme/jinghuan/node_40001/db/000877.sst, file size: 137039625, job id: 352, reason: compaction, status: OK
I20230630 02:41:28.027997 1196274 event_listener.cc:138] [event_listener/table_file_created] column family: default, file path: /nvme/jinghuan/node_40001/db/000878.sst, file size: 137202237, job id: 352, reason: compaction, status: OK
I20230630 02:41:28.357508 1196276 event_listener.cc:84] [event_listener/flush_begin] column family: default, thread_id: 1196276, job_id: 411, reason: 6
I20230630 02:41:28.490751 1196274 event_listener.cc:138] [event_listener/table_file_created] column family: default, file path: /nvme/jinghuan/node_40001/db/000879.sst, file size: 137339365, job id: 352, reason: compaction, status: OK
I20230630 02:41:28.613708 1196277 event_listener.cc:84] [event_listener/flush_begin] column family: metadata, thread_id: 1196277, job_id: 412, reason: 13
I20230630 02:41:28.712555 1196277 event_listener.cc:138] [event_listener/table_file_created] column family: metadata, file path: /nvme/jinghuan/node_40001/db/000884.sst, file size: 3349264, job id: 412, reason: flush, status: OK
I20230630 02:41:28.721001 1196276 event_listener.cc:138] [event_listener/table_file_created] column family: default, file path: /nvme/jinghuan/node_40001/db/000881.sst, file size: 122507181, job id: 411, reason: flush, status: OK
I20230630 02:41:28.726002 1196277 event_listener.cc:91] [event_listener/flush_completed] column family: metadata, thread_id: 1196277, job_id: 412, file: /nvme/jinghuan/node_40001/db/000884.sst, reason: 13, is_write_slowdown: no, is_write_stall: no, largest seqno: 21699502, smallest seqno: 21157026
I20230630 02:41:28.734122 1196276 event_listener.cc:91] [event_listener/flush_completed] column family: default, thread_id: 1196276, job_id: 411, file: /nvme/jinghuan/node_40001/db/000881.sst, reason: 6, is_write_slowdown: yes, is_write_stall: no, largest seqno: 21691900, smallest seqno: 21564852
I20230630 02:41:29.044098 1196274 event_listener.cc:138] [event_listener/table_file_created] column family: default, file path: /nvme/jinghuan/node_40001/db/000882.sst, file size: 137039634, job id: 352, reason: compaction, status: OK
I20230630 02:41:29.445724 1196274 event_listener.cc:138] [event_listener/table_file_created] column family: default, file path: /nvme/jinghuan/node_40001/db/000885.sst, file size: 137342348, job id: 352, reason: compaction, status: OK
I20230630 02:41:29.857157 1196274 event_listener.cc:138] [event_listener/table_file_created] column family: default, file path: /nvme/jinghuan/node_40001/db/000886.sst, file size: 137039414, job id: 352, reason: compaction, status: OK
I20230630 02:41:30.267781 1196274 event_listener.cc:138] [event_listener/table_file_created] column family: default, file path: /nvme/jinghuan/node_40001/db/000887.sst, file size: 137342370, job id: 352, reason: compaction, status: OK
I20230630 02:41:30.675796 1196274 event_listener.cc:138] [event_listener/table_file_created] column family: default, file path: /nvme/jinghuan/node_40001/db/000889.sst, file size: 137039590, job id: 352, reason: compaction, status: OK
I20230630 02:41:31.074717 1196274 event_listener.cc:138] [event_listener/table_file_created] column family: default, file path: /nvme/jinghuan/node_40001/db/000890.sst, file size: 137342272, job id: 352, reason: compaction, status: OK
I20230630 02:41:31.476102 1196274 event_listener.cc:138] [event_listener/table_file_created] column family: default, file path: /nvme/jinghuan/node_40001/db/000891.sst, file size: 137039559, job id: 352, reason: compaction, status: OK
I20230630 02:41:31.874955 1196274 event_listener.cc:138] [event_listener/table_file_created] column family: default, file path: /nvme/jinghuan/node_40001/db/000892.sst, file size: 137342272, job id: 352, reason: compaction, status: OK
I20230630 02:41:32.288581 1196274 event_listener.cc:138] [event_listener/table_file_created] column family: default, file path: /nvme/jinghuan/node_40001/db/000893.sst, file size: 137052114, job id: 352, reason: compaction, status: OK
I20230630 02:41:32.297833 1196277 event_listener.cc:84] [event_listener/flush_begin] column family: default, thread_id: 1196277, job_id: 416, reason: 6
I20230630 02:41:32.663242 1196277 event_listener.cc:138] [event_listener/table_file_created] column family: default, file path: /nvme/jinghuan/node_40001/db/000896.sst, file size: 116461980, job id: 416, reason: flush, status: OK
I20230630 02:41:32.681247 1196277 event_listener.cc:91] [event_listener/flush_completed] column family: default, thread_id: 1196277, job_id: 416, file: /nvme/jinghuan/node_40001/db/000896.sst, reason: 6, is_write_slowdown: yes, is_write_stall: no, largest seqno: 21812680, smallest seqno: 21691902
I20230630 02:41:32.882238 1196274 event_listener.cc:138] [event_listener/table_file_created] column family: default, file path: /nvme/jinghuan/node_40001/db/000895.sst, file size: 137412841, job id: 352, reason: compaction, status: OK
I20230630 02:41:33.288282 1196274 event_listener.cc:138] [event_listener/table_file_created] column family: default, file path: /nvme/jinghuan/node_40001/db/000897.sst, file size: 137064384, job id: 352, reason: compaction, status: OK
I20230630 02:41:33.685868 1196274 event_listener.cc:138] [event_listener/table_file_created] column family: default, file path: /nvme/jinghuan/node_40001/db/000898.sst, file size: 137412931, job id: 352, reason: compaction, status: OK
I20230630 02:41:34.086180 1196274 event_listener.cc:138] [event_listener/table_file_created] column family: default, file path: /nvme/jinghuan/node_40001/db/000899.sst, file size: 137064441, job id: 352, reason: compaction, status: OK
I20230630 02:41:34.483645 1196274 event_listener.cc:138] [event_listener/table_file_created] column family: default, file path: /nvme/jinghuan/node_40001/db/000900.sst, file size: 137412994, job id: 352, reason: compaction, status: OK
I20230630 02:41:34.890573 1196274 event_listener.cc:138] [event_listener/table_file_created] column family: default, file path: /nvme/jinghuan/node_40001/db/000901.sst, file size: 137064288, job id: 352, reason: compaction, status: OK
I20230630 02:41:35.288013 1196274 event_listener.cc:138] [event_listener/table_file_created] column family: default, file path: /nvme/jinghuan/node_40001/db/000902.sst, file size: 137412918, job id: 352, reason: compaction, status: OK
I20230630 02:41:35.690896 1196274 event_listener.cc:138] [event_listener/table_file_created] column family: default, file path: /nvme/jinghuan/node_40001/db/000903.sst, file size: 137064348, job id: 352, reason: compaction, status: OK
I20230630 02:41:36.084635 1196274 event_listener.cc:138] [event_listener/table_file_created] column family: default, file path: /nvme/jinghuan/node_40001/db/000905.sst, file size: 137413032, job id: 352, reason: compaction, status: OK
I20230630 02:41:36.491319 1196274 event_listener.cc:138] [event_listener/table_file_created] column family: default, file path: /nvme/jinghuan/node_40001/db/000906.sst, file size: 137412872, job id: 352, reason: compaction, status: OK
I20230630 02:41:36.860826 1196274 event_listener.cc:138] [event_listener/table_file_created] column family: default, file path: /nvme/jinghuan/node_40001/db/000907.sst, file size: 125375195, job id: 352, reason: compaction, status: OK
I20230630 02:41:37.262616 1196274 event_listener.cc:138] [event_listener/table_file_created] column family: default, file path: /nvme/jinghuan/node_40001/db/000908.sst, file size: 137064480, job id: 352, reason: compaction, status: OK
I20230630 02:41:37.661803 1196274 event_listener.cc:138] [event_listener/table_file_created] column family: default, file path: /nvme/jinghuan/node_40001/db/000909.sst, file size: 137412865, job id: 352, reason: compaction, status: OK
I20230630 02:41:38.065533 1196274 event_listener.cc:138] [event_listener/table_file_created] column family: default, file path: /nvme/jinghuan/node_40001/db/000910.sst, file size: 137064356, job id: 352, reason: compaction, status: OK
I20230630 02:41:38.486511 1196274 event_listener.cc:138] [event_listener/table_file_created] column family: default, file path: /nvme/jinghuan/node_40001/db/000911.sst, file size: 137340638, job id: 352, reason: compaction, status: OK
I20230630 02:41:38.917657 1196274 event_listener.cc:138] [event_listener/table_file_created] column family: default, file path: /nvme/jinghuan/node_40001/db/000912.sst, file size: 136954406, job id: 352, reason: compaction, status: OK
I20230630 02:41:39.335008 1196274 event_listener.cc:138] [event_listener/table_file_created] column family: default, file path: /nvme/jinghuan/node_40001/db/000913.sst, file size: 137121631, job id: 352, reason: compaction, status: OK
I20230630 02:41:39.604108 1196276 event_listener.cc:84] [event_listener/flush_begin] column family: default, thread_id: 1196276, job_id: 420, reason: 6
I20230630 02:41:39.894327 1196274 event_listener.cc:138] [event_listener/table_file_created] column family: default, file path: /nvme/jinghuan/node_40001/db/000914.sst, file size: 137301868, job id: 352, reason: compaction, status: OK
I20230630 02:41:39.984999 1196276 event_listener.cc:138] [event_listener/table_file_created] column family: default, file path: /nvme/jinghuan/node_40001/db/000916.sst, file size: 116292133, job id: 420, reason: flush, status: OK
I20230630 02:41:39.994514 1196276 event_listener.cc:91] [event_listener/flush_completed] column family: default, thread_id: 1196276, job_id: 420, file: /nvme/jinghuan/node_40001/db/000916.sst, reason: 6, is_write_slowdown: yes, is_write_stall: no, largest seqno: 21933284, smallest seqno: 21812682
I20230630 02:41:40.602315 1196274 event_listener.cc:138] [event_listener/table_file_created] column family: default, file path: /nvme/jinghuan/node_40001/db/000917.sst, file size: 137015826, job id: 352, reason: compaction, status: OK
I20230630 02:41:41.302527 1196274 event_listener.cc:138] [event_listener/table_file_created] column family: default, file path: /nvme/jinghuan/node_40001/db/000919.sst, file size: 137301842, job id: 352, reason: compaction, status: OK
I20230630 02:41:42.004694 1196274 event_listener.cc:138] [event_listener/table_file_created] column family: default, file path: /nvme/jinghuan/node_40001/db/000920.sst, file size: 137001767, job id: 352, reason: compaction, status: OK
I20230630 02:41:42.074735 1196275 event_listener.cc:138] [event_listener/table_file_created] column family: default, file path: /nvme/jinghuan/node_40001/db/000918.sst, file size: 478829519, job id: 421, reason: compaction, status: OK
I20230630 02:41:42.096521 1196275 event_listener.cc:71] [event_listener/compaction_completed] column family: default, compaction reason: 1, output compression type: no, base input level(files): 0(4), output level(files): 0(1), input bytes: 478787001, output bytes:478829519, is_manual_compaction:no, elapsed(micro): 2080084
I20230630 02:41:42.454618 1196274 event_listener.cc:138] [event_listener/table_file_created] column family: default, file path: /nvme/jinghuan/node_40001/db/000921.sst, file size: 137301879, job id: 352, reason: compaction, status: OK
I20230630 02:41:42.852615 1196274 event_listener.cc:138] [event_listener/table_file_created] column family: default, file path: /nvme/jinghuan/node_40001/db/000922.sst, file size: 137001874, job id: 352, reason: compaction, status: OK
I20230630 02:41:43.250334 1196274 event_listener.cc:138] [event_listener/table_file_created] column family: default, file path: /nvme/jinghuan/node_40001/db/000923.sst, file size: 137301875, job id: 352, reason: compaction, status: OK
I20230630 02:41:43.646452 1196274 event_listener.cc:138] [event_listener/table_file_created] column family: default, file path: /nvme/jinghuan/node_40001/db/000924.sst, file size: 137015823, job id: 352, reason: compaction, status: OK
I20230630 02:41:44.048707 1196274 event_listener.cc:138] [event_listener/table_file_created] column family: default, file path: /nvme/jinghuan/node_40001/db/000925.sst, file size: 137301845, job id: 352, reason: compaction, status: OK
I20230630 02:41:44.452896 1196274 event_listener.cc:138] [event_listener/table_file_created] column family: default, file path: /nvme/jinghuan/node_40001/db/000926.sst, file size: 137015785, job id: 352, reason: compaction, status: OK
I20230630 02:41:44.852720 1196274 event_listener.cc:138] [event_listener/table_file_created] column family: default, file path: /nvme/jinghuan/node_40001/db/000927.sst, file size: 137301828, job id: 352, reason: compaction, status: OK
I20230630 02:41:45.251933 1196274 event_listener.cc:138] [event_listener/table_file_created] column family: default, file path: /nvme/jinghuan/node_40001/db/000928.sst, file size: 137001742, job id: 352, reason: compaction, status: OK
I20230630 02:41:45.658763 1196274 event_listener.cc:138] [event_listener/table_file_created] column family: default, file path: /nvme/jinghuan/node_40001/db/000929.sst, file size: 137301885, job id: 352, reason: compaction, status: OK
I20230630 02:41:46.062414 1196274 event_listener.cc:138] [event_listener/table_file_created] column family: default, file path: /nvme/jinghuan/node_40001/db/000930.sst, file size: 137001912, job id: 352, reason: compaction, status: OK
I20230630 02:41:46.463727 1196274 event_listener.cc:138] [event_listener/table_file_created] column family: default, file path: /nvme/jinghuan/node_40001/db/000931.sst, file size: 137301867, job id: 352, reason: compaction, status: OK
I20230630 02:41:46.863405 1196274 event_listener.cc:138] [event_listener/table_file_created] column family: default, file path: /nvme/jinghuan/node_40001/db/000932.sst, file size: 137001787, job id: 352, reason: compaction, status: OK
I20230630 02:41:47.266216 1196274 event_listener.cc:138] [event_listener/table_file_created] column family: default, file path: /nvme/jinghuan/node_40001/db/000933.sst, file size: 137301886, job id: 352, reason: compaction, status: OK
I20230630 02:41:47.671563 1196274 event_listener.cc:138] [event_listener/table_file_created] column family: default, file path: /nvme/jinghuan/node_40001/db/000934.sst, file size: 137015903, job id: 352, reason: compaction, status: OK
I20230630 02:41:48.076555 1196274 event_listener.cc:138] [event_listener/table_file_created] column family: default, file path: /nvme/jinghuan/node_40001/db/000936.sst, file size: 137301865, job id: 352, reason: compaction, status: OK
I20230630 02:41:48.486968 1196274 event_listener.cc:138] [event_listener/table_file_created] column family: default, file path: /nvme/jinghuan/node_40001/db/000937.sst, file size: 137001831, job id: 352, reason: compaction, status: OK
I20230630 02:41:48.901005 1196274 event_listener.cc:138] [event_listener/table_file_created] column family: default, file path: /nvme/jinghuan/node_40001/db/000938.sst, file size: 137301853, job id: 352, reason: compaction, status: OK
I20230630 02:41:49.318663 1196274 event_listener.cc:138] [event_listener/table_file_created] column family: default, file path: /nvme/jinghuan/node_40001/db/000939.sst, file size: 137002010, job id: 352, reason: compaction, status: OK
I20230630 02:41:49.731588 1196274 event_listener.cc:138] [event_listener/table_file_created] column family: default, file path: /nvme/jinghuan/node_40001/db/000940.sst, file size: 137301865, job id: 352, reason: compaction, status: OK
I20230630 02:41:50.142678 1196274 event_listener.cc:138] [event_listener/table_file_created] column family: default, file path: /nvme/jinghuan/node_40001/db/000941.sst, file size: 137001908, job id: 352, reason: compaction, status: OK
I20230630 02:41:50.569741 1196274 event_listener.cc:138] [event_listener/table_file_created] column family: default, file path: /nvme/jinghuan/node_40001/db/000942.sst, file size: 137301809, job id: 352, reason: compaction, status: OK
I20230630 02:41:50.981433 1196274 event_listener.cc:138] [event_listener/table_file_created] column family: default, file path: /nvme/jinghuan/node_40001/db/000943.sst, file size: 137015847, job id: 352, reason: compaction, status: OK
I20230630 02:41:51.405649 1196274 event_listener.cc:138] [event_listener/table_file_created] column family: default, file path: /nvme/jinghuan/node_40001/db/000944.sst, file size: 137299196, job id: 352, reason: compaction, status: OK
I20230630 02:41:51.822162 1196274 event_listener.cc:138] [event_listener/table_file_created] column family: default, file path: /nvme/jinghuan/node_40001/db/000945.sst, file size: 137018865, job id: 352, reason: compaction, status: OK
I20230630 02:41:52.247362 1196274 event_listener.cc:138] [event_listener/table_file_created] column family: default, file path: /nvme/jinghuan/node_40001/db/000946.sst, file size: 137374317, job id: 352, reason: compaction, status: OK
I20230630 02:41:52.477733 1196274 event_listener.cc:138] [event_listener/table_file_created] column family: default, file path: /nvme/jinghuan/node_40001/db/000947.sst, file size: 71084073, job id: 352, reason: compaction, status: OK
I20230630 02:41:52.900468 1196274 event_listener.cc:138] [event_listener/table_file_created] column family: default, file path: /nvme/jinghuan/node_40001/db/000948.sst, file size: 137041619, job id: 352, reason: compaction, status: OK
I20230630 02:41:53.316756 1196274 event_listener.cc:138] [event_listener/table_file_created] column family: default, file path: /nvme/jinghuan/node_40001/db/000949.sst, file size: 137374287, job id: 352, reason: compaction, status: OK
I20230630 02:41:53.736835 1196274 event_listener.cc:138] [event_listener/table_file_created] column family: default, file path: /nvme/jinghuan/node_40001/db/000950.sst, file size: 137041682, job id: 352, reason: compaction, status: OK
I20230630 02:41:54.160091 1196274 event_listener.cc:138] [event_listener/table_file_created] column family: default, file path: /nvme/jinghuan/node_40001/db/000951.sst, file size: 137338857, job id: 352, reason: compaction, status: OK
I20230630 02:41:54.582684 1196274 event_listener.cc:138] [event_listener/table_file_created] column family: default, file path: /nvme/jinghuan/node_40001/db/000952.sst, file size: 137373103, job id: 352, reason: compaction, status: OK
I20230630 02:41:54.998711 1196274 event_listener.cc:138] [event_listener/table_file_created] column family: default, file path: /nvme/jinghuan/node_40001/db/000953.sst, file size: 137045879, job id: 352, reason: compaction, status: OK
I20230630 02:41:57.728286 1196274 event_listener.cc:138] [event_listener/table_file_created] column family: default, file path: /nvme/jinghuan/node_40001/db/000954.sst, file size: 137209165, job id: 352, reason: compaction, status: OK
I20230630 02:41:58.893024 1196277 event_listener.cc:84] [event_listener/flush_begin] column family: default, thread_id: 1196277, job_id: 425, reason: 6
I20230630 02:42:05.837008 1196274 event_listener.cc:138] [event_listener/table_file_created] column family: default, file path: /nvme/jinghuan/node_40001/db/000955.sst, file size: 137374068, job id: 352, reason: compaction, status: OK
I20230630 02:42:07.799577 1196507 cluster.cc:286] MASTER MODE enabled by cluster topology setting
I20230630 02:42:07.820915 1196500 cluster.cc:286] MASTER MODE enabled by cluster topology setting
I20230630 02:42:07.947887 1196504 cluster.cc:923] function: Migrate level-migration
I20230630 02:42:07.947943 1196504 slot_migrate_parallel.cc:32] [migrate] Start migrating slots, from slot: 0 to slot: 0. Slots are moving to 127.0.0.1:40002
I20230630 02:42:07.947968 1196504 cluster.cc:935] [cluster migration] Finished slot migration cmds sending, start to set nodes
I20230630 02:42:07.948021 1196499 slot_migrate.cc:165] [migrate] Migrating slot: -1, dst_ip: 127.0.0.1, dst_port: 40002, max_speed: 0, max_pipeline_size: 16
I20230630 02:42:07.948585 1196499 slot_migrate.cc:305] [migrate] Start migrating slot 0, connect destination fd 196
I20230630 02:42:07.948618 1196499 slot_migrate.cc:195] [migrate] Succeed to start migrating slot 0
I20230630 02:42:07.949621 1196499 slot_migrate_level.cc:110] Meta SSTs:[000884.sst,000856.sst,000847.sst]
I20230630 02:42:07.949642 1196499 slot_migrate_level.cc:111] Subkey SSTs:[000918.sst,000870.sst,000844.sst,000839.sst,000834.sst,000828.sst,000821.sst,000816.sst,000811.sst,000807.sst,000800.sst,000795.sst,000790.sst,000785.sst,000779.sst,000773.sst,000768.sst,000763.sst,000758.sst,000751.sst,000745.sst,000740.sst,000734.sst,000706.sst,000674.sst,000577.sst,000582.sst,000586.sst,000591.sst,000599.sst,000600.sst,000602.sst,000605.sst,000607.sst,000608.sst,000609.sst,000612.sst,000614.sst,000616.sst,000619.sst,000561.sst,000563.sst,000567.sst,000569.sst,000572.sst,000465.sst,000468.sst,000473.sst,000479.sst,000484.sst,000488.sst,000493.sst,000501.sst,000738.sst,000742.sst,000510.sst,000519.sst,000521.sst,000522.sst,000527.sst,000531.sst,000535.sst,000541.sst,000545.sst,000550.sst,000743.sst,000748.sst,000755.sst,000760.sst,000765.sst,000770.sst,000777.sst,000782.sst,000787.sst,000792.sst,000797.sst,000804.sst,000809.sst,000814.sst,000819.sst]
I20230630 02:42:07.949659 1196499 slot_migrate_level.cc:112] SST collected, Time taken(us): 124
I20230630 02:42:07.949699 1196499 slot_migrate_level.cc:129] SST waiting for ingestion: /nvme/jinghuan/node_40001/db/000884.sst /nvme/jinghuan/node_40001/db/000856.sst /nvme/jinghuan/node_40001/db/000847.sst /nvme/jinghuan/node_40001/db/000918.sst /nvme/jinghuan/node_40001/db/000870.sst /nvme/jinghuan/node_40001/db/000844.sst /nvme/jinghuan/node_40001/db/000839.sst /nvme/jinghuan/node_40001/db/000834.sst /nvme/jinghuan/node_40001/db/000828.sst /nvme/jinghuan/node_40001/db/000821.sst /nvme/jinghuan/node_40001/db/000816.sst /nvme/jinghuan/node_40001/db/000811.sst /nvme/jinghuan/node_40001/db/000807.sst /nvme/jinghuan/node_40001/db/000800.sst /nvme/jinghuan/node_40001/db/000795.sst /nvme/jinghuan/node_40001/db/000790.sst /nvme/jinghuan/node_40001/db/000785.sst /nvme/jinghuan/node_40001/db/000779.sst /nvme/jinghuan/node_40001/db/000773.sst /nvme/jinghuan/node_40001/db/000768.sst /nvme/jinghuan/node_40001/db/000763.sst /nvme/jinghuan/node_40001/db/000758.sst /nvme/jinghuan/node_40001/db/000751.sst /nvme/jinghuan/node_40001/db/000745.sst /nvme/jinghuan/node_40001/db/000740.sst /nvme/jinghuan/node_40001/db/000734.sst /nvme/jinghuan/node_40001/db/000706.sst /nvme/jinghuan/node_40001/db/000674.sst /nvme/jinghuan/node_40001/db/000577.sst /nvme/jinghuan/node_40001/db/000582.sst /nvme/jinghuan/node_40001/db/000586.sst /nvme/jinghuan/node_40001/db/000591.sst /nvme/jinghuan/node_40001/db/000599.sst /nvme/jinghuan/node_40001/db/000600.sst /nvme/jinghuan/node_40001/db/000602.sst /nvme/jinghuan/node_40001/db/000605.sst /nvme/jinghuan/node_40001/db/000607.sst /nvme/jinghuan/node_40001/db/000608.sst /nvme/jinghuan/node_40001/db/000609.sst /nvme/jinghuan/node_40001/db/000612.sst /nvme/jinghuan/node_40001/db/000614.sst /nvme/jinghuan/node_40001/db/000616.sst /nvme/jinghuan/node_40001/db/000619.sst /nvme/jinghuan/node_40001/db/000561.sst /nvme/jinghuan/node_40001/db/000563.sst /nvme/jinghuan/node_40001/db/000567.sst /nvme/jinghuan/node_40001/db/000569.sst /nvme/jinghuan/node_40001/db/000572.sst /nvme/jinghuan/node_40001/db/000465.sst /nvme/jinghuan/node_40001/db/000468.sst /nvme/jinghuan/node_40001/db/000473.sst /nvme/jinghuan/node_40001/db/000479.sst /nvme/jinghuan/node_40001/db/000484.sst /nvme/jinghuan/node_40001/db/000488.sst /nvme/jinghuan/node_40001/db/000493.sst /nvme/jinghuan/node_40001/db/000501.sst /nvme/jinghuan/node_40001/db/000738.sst /nvme/jinghuan/node_40001/db/000742.sst /nvme/jinghuan/node_40001/db/000510.sst /nvme/jinghuan/node_40001/db/000519.sst /nvme/jinghuan/node_40001/db/000521.sst /nvme/jinghuan/node_40001/db/000522.sst /nvme/jinghuan/node_40001/db/000527.sst /nvme/jinghuan/node_40001/db/000531.sst /nvme/jinghuan/node_40001/db/000535.sst /nvme/jinghuan/node_40001/db/000541.sst /nvme/jinghuan/node_40001/db/000545.sst /nvme/jinghuan/node_40001/db/000550.sst /nvme/jinghuan/node_40001/db/000743.sst /nvme/jinghuan/node_40001/db/000748.sst /nvme/jinghuan/node_40001/db/000755.sst /nvme/jinghuan/node_40001/db/000760.sst /nvme/jinghuan/node_40001/db/000765.sst /nvme/jinghuan/node_40001/db/000770.sst /nvme/jinghuan/node_40001/db/000777.sst /nvme/jinghuan/node_40001/db/000782.sst /nvme/jinghuan/node_40001/db/000787.sst /nvme/jinghuan/node_40001/db/000792.sst /nvme/jinghuan/node_40001/db/000797.sst /nvme/jinghuan/node_40001/db/000804.sst /nvme/jinghuan/node_40001/db/000809.sst /nvme/jinghuan/node_40001/db/000814.sst /nvme/jinghuan/node_40001/db/000819.sst
I20230630 02:42:07.949738 1196499 slot_migrate_level.cc:211] redis-cli -h 127.0.0.1 -p 40002 sst_ingest local metadata /nvme/jinghuan/node_40001/db/000884.sst,/nvme/jinghuan/node_40001/db/000856.sst kvrockskvrockskvrockskvrockskvrocksnode2 fast 0
I20230630 02:42:07.963119 1196502 cluster.cc:923] function: Migrate level-migration
I20230630 02:42:08.024255 1196499 slot_migrate_level.cc:211] redis-cli -h 127.0.0.1 -p 40002 sst_ingest local metadata /nvme/jinghuan/node_40001/db/000847.sst kvrockskvrockskvrockskvrockskvrocksnode2 fast 1
I20230630 02:42:08.199427 1196277 event_listener.cc:138] [event_listener/table_file_created] column family: default, file path: /nvme/jinghuan/node_40001/db/000957.sst, file size: 114899614, job id: 425, reason: flush, status: OK
I20230630 02:42:08.228255 1196277 event_listener.cc:91] [event_listener/flush_completed] column family: default, thread_id: 1196277, job_id: 425, file: /nvme/jinghuan/node_40001/db/000957.sst, reason: 6, is_write_slowdown: yes, is_write_stall: no, largest seqno: 22060544, smallest seqno: 21933286
I20230630 02:42:08.241860 1196499 slot_migrate_level.cc:222] Level ingestion on column family [metadata] finished, Time taken(us)292126
I20230630 02:42:08.241928 1196499 slot_migrate_level.cc:211] redis-cli -h 127.0.0.1 -p 40002 sst_ingest local default /nvme/jinghuan/node_40001/db/000918.sst,/nvme/jinghuan/node_40001/db/000870.sst,/nvme/jinghuan/node_40001/db/000844.sst,/nvme/jinghuan/node_40001/db/000839.sst,/nvme/jinghuan/node_40001/db/000834.sst,/nvme/jinghuan/node_40001/db/000828.sst,/nvme/jinghuan/node_40001/db/000821.sst,/nvme/jinghuan/node_40001/db/000816.sst,/nvme/jinghuan/node_40001/db/000811.sst,/nvme/jinghuan/node_40001/db/000807.sst,/nvme/jinghuan/node_40001/db/000800.sst,/nvme/jinghuan/node_40001/db/000795.sst,/nvme/jinghuan/node_40001/db/000790.sst,/nvme/jinghuan/node_40001/db/000785.sst,/nvme/jinghuan/node_40001/db/000779.sst,/nvme/jinghuan/node_40001/db/000773.sst,/nvme/jinghuan/node_40001/db/000768.sst,/nvme/jinghuan/node_40001/db/000763.sst,/nvme/jinghuan/node_40001/db/000758.sst,/nvme/jinghuan/node_40001/db/000751.sst,/nvme/jinghuan/node_40001/db/000745.sst,/nvme/jinghuan/node_40001/db/000740.sst,/nvme/jinghuan/node_40001/db/000734.sst,/nvme/jinghuan/node_40001/db/000706.sst,/nvme/jinghuan/node_40001/db/000674.sst kvrockskvrockskvrockskvrockskvrocksnode2 fast 0
I20230630 02:42:12.372015 1196274 event_listener.cc:138] [event_listener/table_file_created] column family: default, file path: /nvme/jinghuan/node_40001/db/000958.sst, file size: 137045853, job id: 352, reason: compaction, status: OK
I20230630 02:42:16.279405 1196499 slot_migrate_level.cc:211] redis-cli -h 127.0.0.1 -p 40002 sst_ingest local default /nvme/jinghuan/node_40001/db/000577.sst,/nvme/jinghuan/node_40001/db/000582.sst,/nvme/jinghuan/node_40001/db/000586.sst,/nvme/jinghuan/node_40001/db/000591.sst,/nvme/jinghuan/node_40001/db/000599.sst,/nvme/jinghuan/node_40001/db/000600.sst,/nvme/jinghuan/node_40001/db/000602.sst,/nvme/jinghuan/node_40001/db/000605.sst,/nvme/jinghuan/node_40001/db/000607.sst,/nvme/jinghuan/node_40001/db/000608.sst,/nvme/jinghuan/node_40001/db/000609.sst,/nvme/jinghuan/node_40001/db/000612.sst,/nvme/jinghuan/node_40001/db/000614.sst,/nvme/jinghuan/node_40001/db/000616.sst,/nvme/jinghuan/node_40001/db/000619.sst kvrockskvrockskvrockskvrockskvrocksnode2 fast 1
I20230630 02:42:17.510666 1196274 event_listener.cc:138] [event_listener/table_file_created] column family: default, file path: /nvme/jinghuan/node_40001/db/000959.sst, file size: 137364018, job id: 352, reason: compaction, status: OK
I20230630 02:42:19.026263 1196499 slot_migrate_level.cc:211] redis-cli -h 127.0.0.1 -p 40002 sst_ingest local default /nvme/jinghuan/node_40001/db/000561.sst,/nvme/jinghuan/node_40001/db/000563.sst,/nvme/jinghuan/node_40001/db/000567.sst,/nvme/jinghuan/node_40001/db/000569.sst,/nvme/jinghuan/node_40001/db/000572.sst kvrockskvrockskvrockskvrockskvrocksnode2 fast 2
I20230630 02:42:19.997753 1196499 slot_migrate_level.cc:211] redis-cli -h 127.0.0.1 -p 40002 sst_ingest local default /nvme/jinghuan/node_40001/db/000465.sst,/nvme/jinghuan/node_40001/db/000468.sst,/nvme/jinghuan/node_40001/db/000473.sst,/nvme/jinghuan/node_40001/db/000479.sst,/nvme/jinghuan/node_40001/db/000484.sst,/nvme/jinghuan/node_40001/db/000488.sst,/nvme/jinghuan/node_40001/db/000493.sst,/nvme/jinghuan/node_40001/db/000501.sst,/nvme/jinghuan/node_40001/db/000738.sst,/nvme/jinghuan/node_40001/db/000742.sst,/nvme/jinghuan/node_40001/db/000510.sst,/nvme/jinghuan/node_40001/db/000519.sst,/nvme/jinghuan/node_40001/db/000521.sst,/nvme/jinghuan/node_40001/db/000522.sst,/nvme/jinghuan/node_40001/db/000527.sst,/nvme/jinghuan/node_40001/db/000531.sst,/nvme/jinghuan/node_40001/db/000535.sst,/nvme/jinghuan/node_40001/db/000541.sst,/nvme/jinghuan/node_40001/db/000545.sst,/nvme/jinghuan/node_40001/db/000550.sst,/nvme/jinghuan/node_40001/db/000743.sst,/nvme/jinghuan/node_40001/db/000748.sst,/nvme/jinghuan/node_40001/db/000755.sst,/nvme/jinghuan/node_40001/db/000760.sst,/nvme/jinghuan/node_40001/db/000765.sst,/nvme/jinghuan/node_40001/db/000770.sst,/nvme/jinghuan/node_40001/db/000777.sst,/nvme/jinghuan/node_40001/db/000782.sst,/nvme/jinghuan/node_40001/db/000787.sst,/nvme/jinghuan/node_40001/db/000792.sst,/nvme/jinghuan/node_40001/db/000797.sst,/nvme/jinghuan/node_40001/db/000804.sst,/nvme/jinghuan/node_40001/db/000809.sst,/nvme/jinghuan/node_40001/db/000814.sst,/nvme/jinghuan/node_40001/db/000819.sst kvrockskvrockskvrockskvrockskvrocksnode2 fast 3
I20230630 02:42:22.307703 1196274 event_listener.cc:138] [event_listener/table_file_created] column family: default, file path: /nvme/jinghuan/node_40001/db/000961.sst, file size: 137045780, job id: 352, reason: compaction, status: OK
I20230630 02:42:26.142027 1196499 slot_migrate_level.cc:222] Level ingestion on column family [default] finished, Time taken(us)17900111
I20230630 02:42:26.142151 1196499 slot_migrate.cc:209] Finished sending snapshot, time taken(us): 18193516, seek time taken(us): 0, network response time taken(us): 0
I20230630 02:42:26.142184 1196499 slot_migrate.cc:225] [migrate] Succeed to sync from WAL for a slot 0
I20230630 02:42:26.163858 1196499 slot_migrate.cc:237] [migrate] Succeed to migrate slot 0
I20230630 02:42:26.163908 1196499 slot_migrate.cc:438] [migrate] Clean resources of migrating slot 0
I20230630 02:42:27.012003 1196274 event_listener.cc:138] [event_listener/table_file_created] column family: default, file path: /nvme/jinghuan/node_40001/db/000962.sst, file size: 137374366, job id: 352, reason: compaction, status: OK
I20230630 02:42:28.110277 1196274 event_listener.cc:138] [event_listener/table_file_created] column family: default, file path: /nvme/jinghuan/node_40001/db/000963.sst, file size: 33092958, job id: 352, reason: compaction, status: OK
I20230630 02:42:28.466017 1196274 event_listener.cc:71] [event_listener/compaction_completed] column family: default, compaction reason: 1, output compression type: no, base input level(files): 0(62), output level(files): 1(81), input bytes: 10918050713, output bytes:10930417874, is_manual_compaction:no, elapsed(micro): 66156096
I20230630 02:42:28.477650 1196274 event_listener.cc:127] [event_listener/table_file_deleted] db: /nvme/jinghuan/node_40001/db, sst file: /nvme/jinghuan/node_40001/db/000916.sst, status: OK
I20230630 02:42:28.478564 1196275 event_listener.cc:71] [event_listener/compaction_completed] column family: default, compaction reason: 2, output compression type: no, base input level(files): 1(1), output level(files): 2(1), input bytes: 0, output bytes:0, is_manual_compaction:no, elapsed(micro): 0
I20230630 02:42:28.485728 1196274 event_listener.cc:127] [event_listener/table_file_deleted] db: /nvme/jinghuan/node_40001/db, sst file: /nvme/jinghuan/node_40001/db/000896.sst, status: OK
I20230630 02:42:28.489539 1196275 event_listener.cc:71] [event_listener/compaction_completed] column family: default, compaction reason: 2, output compression type: no, base input level(files): 1(1), output level(files): 2(1), input bytes: 0, output bytes:0, is_manual_compaction:no, elapsed(micro): 0
I20230630 02:42:28.492933 1196274 event_listener.cc:127] [event_listener/table_file_deleted] db: /nvme/jinghuan/node_40001/db, sst file: /nvme/jinghuan/node_40001/db/000881.sst, status: OK
I20230630 02:42:28.499212 1196275 event_listener.cc:71] [event_listener/compaction_completed] column family: default, compaction reason: 2, output compression type: no, base input level(files): 1(1), output level(files): 2(1), input bytes: 0, output bytes:0, is_manual_compaction:no, elapsed(micro): 0
I20230630 02:42:28.500607 1196274 event_listener.cc:127] [event_listener/table_file_deleted] db: /nvme/jinghuan/node_40001/db, sst file: /nvme/jinghuan/node_40001/db/000873.sst, status: OK
I20230630 02:42:28.509714 1196274 event_listener.cc:127] [event_listener/table_file_deleted] db: /nvme/jinghuan/node_40001/db, sst file: /nvme/jinghuan/node_40001/db/000868.sst, status: OK
I20230630 02:42:28.513741 1196275 event_listener.cc:71] [event_listener/compaction_completed] column family: default, compaction reason: 2, output compression type: no, base input level(files): 1(1), output level(files): 2(1), input bytes: 0, output bytes:0, is_manual_compaction:no, elapsed(micro): 0
I20230630 02:42:28.517236 1196274 event_listener.cc:127] [event_listener/table_file_deleted] db: /nvme/jinghuan/node_40001/db, sst file: /nvme/jinghuan/node_40001/db/000863.sst, status: OK
I20230630 02:42:28.519438 1196274 event_listener.cc:127] [event_listener/table_file_deleted] db: /nvme/jinghuan/node_40001/db, sst file: /nvme/jinghuan/node_40001/db/000858.sst, status: OK
I20230630 02:42:28.526012 1196275 event_listener.cc:71] [event_listener/compaction_completed] column family: default, compaction reason: 2, output compression type: no, base input level(files): 1(1), output level(files): 2(1), input bytes: 0, output bytes:0, is_manual_compaction:no, elapsed(micro): 0
I20230630 02:42:28.526665 1196274 event_listener.cc:127] [event_listener/table_file_deleted] db: /nvme/jinghuan/node_40001/db, sst file: /nvme/jinghuan/node_40001/db/000855.sst, status: OK
I20230630 02:42:28.535645 1196274 event_listener.cc:127] [event_listener/table_file_deleted] db: /nvme/jinghuan/node_40001/db, sst file: /nvme/jinghuan/node_40001/db/000844.sst, status: OK
I20230630 02:42:28.536864 1196275 event_listener.cc:71] [event_listener/compaction_completed] column family: default, compaction reason: 2, output compression type: no, base input level(files): 1(1), output level(files): 2(1), input bytes: 0, output bytes:0, is_manual_compaction:no, elapsed(micro): 0
I20230630 02:42:28.544270 1196274 event_listener.cc:127] [event_listener/table_file_deleted] db: /nvme/jinghuan/node_40001/db, sst file: /nvme/jinghuan/node_40001/db/000839.sst, status: OK
I20230630 02:42:28.546334 1196275 event_listener.cc:71] [event_listener/compaction_completed] column family: default, compaction reason: 2, output compression type: no, base input level(files): 1(1), output level(files): 2(1), input bytes: 0, output bytes:0, is_manual_compaction:no, elapsed(micro): 0
I20230630 02:42:28.552628 1196274 event_listener.cc:127] [event_listener/table_file_deleted] db: /nvme/jinghuan/node_40001/db, sst file: /nvme/jinghuan/node_40001/db/000834.sst, status: OK
I20230630 02:42:28.560983 1196275 event_listener.cc:71] [event_listener/compaction_completed] column family: default, compaction reason: 2, output compression type: no, base input level(files): 1(1), output level(files): 2(1), input bytes: 0, output bytes:0, is_manual_compaction:no, elapsed(micro): 0
I20230630 02:42:28.561889 1196274 event_listener.cc:127] [event_listener/table_file_deleted] db: /nvme/jinghuan/node_40001/db, sst file: /nvme/jinghuan/node_40001/db/000828.sst, status: OK
I20230630 02:42:28.570240 1196274 event_listener.cc:127] [event_listener/table_file_deleted] db: /nvme/jinghuan/node_40001/db, sst file: /nvme/jinghuan/node_40001/db/000821.sst, status: OK
