Log file created at: 2023/06/30 02:38:04
Running on machine: en4217754l
Running duration (h:mm:ss): 0:00:00
Log line format: [IWEF]yyyymmdd hh:mm:ss.uuuuuu threadid file:line] msg
I20230630 02:38:04.953541 1196261 main.cc:328] kvrocks unstable (commit 4a10c89)
I20230630 02:38:05.412158 1196261 storage.cc:322] [storage] Success to load the data from disk: 106 ms
I20230630 02:38:05.412612 1196261 worker.cc:72] [worker] Listening on: 10.218.109.65:40001
I20230630 02:38:05.412632 1196261 worker.cc:72] [worker] Listening on: 127.0.0.1:40001
I20230630 02:38:05.412793 1196261 worker.cc:72] [worker] Listening on: 10.218.109.65:40001
I20230630 02:38:05.412808 1196261 worker.cc:72] [worker] Listening on: 127.0.0.1:40001
I20230630 02:38:05.412919 1196261 worker.cc:72] [worker] Listening on: 10.218.109.65:40001
I20230630 02:38:05.412932 1196261 worker.cc:72] [worker] Listening on: 127.0.0.1:40001
I20230630 02:38:05.413038 1196261 worker.cc:72] [worker] Listening on: 10.218.109.65:40001
I20230630 02:38:05.413051 1196261 worker.cc:72] [worker] Listening on: 127.0.0.1:40001
I20230630 02:38:05.413154 1196261 worker.cc:72] [worker] Listening on: 10.218.109.65:40001
I20230630 02:38:05.413167 1196261 worker.cc:72] [worker] Listening on: 127.0.0.1:40001
I20230630 02:38:05.413275 1196261 worker.cc:72] [worker] Listening on: 10.218.109.65:40001
I20230630 02:38:05.413286 1196261 worker.cc:72] [worker] Listening on: 127.0.0.1:40001
I20230630 02:38:05.413383 1196261 worker.cc:72] [worker] Listening on: 10.218.109.65:40001
I20230630 02:38:05.413396 1196261 worker.cc:72] [worker] Listening on: 127.0.0.1:40001
I20230630 02:38:05.413496 1196261 worker.cc:72] [worker] Listening on: 10.218.109.65:40001
I20230630 02:38:05.413508 1196261 worker.cc:72] [worker] Listening on: 127.0.0.1:40001
W20230630 02:38:05.413591 1196261 server.cc:1650] [server] Increased maximum number of open files to 14224 (it's originally set to 1024)
I20230630 02:38:05.413743 1196261 cluster.cc:643] The cluster nodes file /nvme/jinghuan/node_40001/nodes.conf is not found. Use CLUSTERX subcommands to specify it.
I20230630 02:38:05.413754 1196261 cluster.cc:643] The cluster nodes file /nvme/jinghuan/node_40001/nodes.conf is not found. Use CLUSTERX subcommands to specify it.
I20230630 02:38:05.416054 1196261 worker.cc:519] [worker] Thread #139966642370304 started
I20230630 02:38:05.416090 1196261 worker.cc:519] [worker] Thread #139966650763008 started
I20230630 02:38:05.416137 1196261 worker.cc:519] [worker] Thread #139966877267712 started
I20230630 02:38:05.416180 1196261 worker.cc:519] [worker] Thread #139966868875008 started
I20230630 02:38:05.416220 1196261 worker.cc:519] [worker] Thread #139966860482304 started
I20230630 02:38:05.416262 1196261 worker.cc:519] [worker] Thread #139966852089600 started
I20230630 02:38:05.416301 1196261 worker.cc:519] [worker] Thread #139966843696896 started
I20230630 02:38:05.416352 1196261 worker.cc:519] [worker] Thread #139966835304192 started
I20230630 02:38:05.416489 1196261 server.cc:211] [server] Ready to accept connections
I20230630 02:38:05.988766 1196501 cluster.cc:286] MASTER MODE enabled by cluster topology setting
I20230630 02:38:07.026832 1196276 event_listener.cc:84] [event_listener/flush_begin] column family: default, thread_id: 1196276, job_id: 3, reason: 6
W20230630 02:38:07.397171 1196500 event_listener.cc:132] [event_listener/stall_cond_changed] column family: default write stall condition was changed, from normal to delay
I20230630 02:38:07.481843 1196276 event_listener.cc:138] [event_listener/table_file_created] column family: default, file path: /nvme/jinghuan/node_40001/db/000016.sst, file size: 128499941, job id: 3, reason: flush, status: OK
I20230630 02:38:07.491546 1196276 event_listener.cc:91] [event_listener/flush_completed] column family: default, thread_id: 1196276, job_id: 3, file: /nvme/jinghuan/node_40001/db/000016.sst, reason: 6, is_write_slowdown: no, is_write_stall: no, largest seqno: 133264, smallest seqno: 1
W20230630 02:38:07.491588 1196276 event_listener.cc:132] [event_listener/stall_cond_changed] column family: default write stall condition was changed, from delay to normal
I20230630 02:38:07.982587 1196277 event_listener.cc:84] [event_listener/flush_begin] column family: default, thread_id: 1196277, job_id: 5, reason: 6
I20230630 02:38:07.989014 1196274 event_listener.cc:138] [event_listener/table_file_created] column family: default, file path: /nvme/jinghuan/node_40001/db/000018.sst, file size: 128499937, job id: 4, reason: compaction, status: OK
I20230630 02:38:08.011332 1196274 event_listener.cc:71] [event_listener/compaction_completed] column family: default, compaction reason: 11, output compression type: no, base input level(files): 0(1), output level(files): 0(1), input bytes: 128499941, output bytes:128499937, is_manual_compaction:no, elapsed(micro): 497278
W20230630 02:38:08.354346 1196500 event_listener.cc:132] [event_listener/stall_cond_changed] column family: default write stall condition was changed, from normal to delay
I20230630 02:38:08.472316 1196277 event_listener.cc:138] [event_listener/table_file_created] column family: default, file path: /nvme/jinghuan/node_40001/db/000020.sst, file size: 128765771, job id: 5, reason: flush, status: OK
I20230630 02:38:08.481129 1196277 event_listener.cc:91] [event_listener/flush_completed] column family: default, thread_id: 1196277, job_id: 5, file: /nvme/jinghuan/node_40001/db/000020.sst, reason: 6, is_write_slowdown: no, is_write_stall: no, largest seqno: 266804, smallest seqno: 133266
I20230630 02:38:08.491050 1196277 event_listener.cc:127] [event_listener/table_file_deleted] db: /nvme/jinghuan/node_40001/db, sst file: /nvme/jinghuan/node_40001/db/000016.sst, status: OK
W20230630 02:38:08.491072 1196277 event_listener.cc:132] [event_listener/stall_cond_changed] column family: default write stall condition was changed, from delay to normal
I20230630 02:38:08.912176 1196276 event_listener.cc:84] [event_listener/flush_begin] column family: default, thread_id: 1196276, job_id: 6, reason: 6
W20230630 02:38:09.281286 1196500 event_listener.cc:132] [event_listener/stall_cond_changed] column family: default write stall condition was changed, from normal to delay
I20230630 02:38:09.370333 1196276 event_listener.cc:138] [event_listener/table_file_created] column family: default, file path: /nvme/jinghuan/node_40001/db/000023.sst, file size: 128765123, job id: 6, reason: flush, status: OK
I20230630 02:38:09.380645 1196276 event_listener.cc:91] [event_listener/flush_completed] column family: default, thread_id: 1196276, job_id: 6, file: /nvme/jinghuan/node_40001/db/000023.sst, reason: 6, is_write_slowdown: no, is_write_stall: no, largest seqno: 400344, smallest seqno: 266806
W20230630 02:38:09.380853 1196276 event_listener.cc:132] [event_listener/stall_cond_changed] column family: default write stall condition was changed, from delay to normal
I20230630 02:38:09.858242 1196277 event_listener.cc:84] [event_listener/flush_begin] column family: default, thread_id: 1196277, job_id: 8, reason: 6
I20230630 02:38:09.880791 1196276 event_listener.cc:84] [event_listener/flush_begin] column family: metadata, thread_id: 1196276, job_id: 9, reason: 13
I20230630 02:38:09.945673 1196275 event_listener.cc:138] [event_listener/table_file_created] column family: default, file path: /nvme/jinghuan/node_40001/db/000025.sst, file size: 137029244, job id: 7, reason: compaction, status: OK
I20230630 02:38:09.961597 1196276 event_listener.cc:138] [event_listener/table_file_created] column family: metadata, file path: /nvme/jinghuan/node_40001/db/000029.sst, file size: 3350304, job id: 9, reason: flush, status: OK
I20230630 02:38:09.983510 1196276 event_listener.cc:91] [event_listener/flush_completed] column family: metadata, thread_id: 1196276, job_id: 9, file: /nvme/jinghuan/node_40001/db/000029.sst, reason: 13, is_write_slowdown: no, is_write_stall: no, largest seqno: 542487, smallest seqno: 11
W20230630 02:38:10.221477 1196503 event_listener.cc:132] [event_listener/stall_cond_changed] column family: default write stall condition was changed, from normal to delay
I20230630 02:38:10.361770 1196274 event_listener.cc:138] [event_listener/table_file_created] column family: metadata, file path: /nvme/jinghuan/node_40001/db/000032.sst, file size: 3350300, job id: 10, reason: compaction, status: OK
I20230630 02:38:10.370294 1196274 event_listener.cc:71] [event_listener/compaction_completed] column family: metadata, compaction reason: 11, output compression type: no, base input level(files): 0(1), output level(files): 0(1), input bytes: 3350304, output bytes:3350300, is_manual_compaction:no, elapsed(micro): 140246
I20230630 02:38:10.642467 1196277 event_listener.cc:138] [event_listener/table_file_created] column family: default, file path: /nvme/jinghuan/node_40001/db/000028.sst, file size: 128500249, job id: 8, reason: flush, status: OK
I20230630 02:38:10.648731 1196277 event_listener.cc:91] [event_listener/flush_completed] column family: default, thread_id: 1196277, job_id: 8, file: /nvme/jinghuan/node_40001/db/000028.sst, reason: 6, is_write_slowdown: no, is_write_stall: no, largest seqno: 533609, smallest seqno: 400346
W20230630 02:38:10.648823 1196277 event_listener.cc:132] [event_listener/stall_cond_changed] column family: default write stall condition was changed, from delay to normal
I20230630 02:38:10.713907 1196276 event_listener.cc:84] [event_listener/flush_begin] column family: default, thread_id: 1196276, job_id: 11, reason: 6
W20230630 02:38:11.082648 1196500 event_listener.cc:132] [event_listener/stall_cond_changed] column family: default write stall condition was changed, from normal to delay
I20230630 02:38:11.247722 1196275 event_listener.cc:138] [event_listener/table_file_created] column family: default, file path: /nvme/jinghuan/node_40001/db/000030.sst, file size: 137341885, job id: 7, reason: compaction, status: OK
I20230630 02:38:11.459344 1196276 event_listener.cc:138] [event_listener/table_file_created] column family: default, file path: /nvme/jinghuan/node_40001/db/000034.sst, file size: 124746112, job id: 11, reason: flush, status: OK
I20230630 02:38:11.468914 1196276 event_listener.cc:91] [event_listener/flush_completed] column family: default, thread_id: 1196276, job_id: 11, file: /nvme/jinghuan/node_40001/db/000034.sst, reason: 6, is_write_slowdown: no, is_write_stall: no, largest seqno: 662980, smallest seqno: 533611
W20230630 02:38:11.469130 1196276 event_listener.cc:132] [event_listener/stall_cond_changed] column family: default write stall condition was changed, from delay to normal
I20230630 02:38:11.561101 1196277 event_listener.cc:84] [event_listener/flush_begin] column family: default, thread_id: 1196277, job_id: 12, reason: 6
W20230630 02:38:12.013067 1196503 event_listener.cc:132] [event_listener/stall_cond_changed] column family: default write stall condition was changed, from normal to delay
I20230630 02:38:12.251334 1196277 event_listener.cc:138] [event_listener/table_file_created] column family: default, file path: /nvme/jinghuan/node_40001/db/000038.sst, file size: 115750897, job id: 12, reason: flush, status: OK
I20230630 02:38:12.264587 1196275 event_listener.cc:138] [event_listener/table_file_created] column family: default, file path: /nvme/jinghuan/node_40001/db/000036.sst, file size: 112303478, job id: 7, reason: compaction, status: OK
I20230630 02:38:12.270582 1196277 event_listener.cc:91] [event_listener/flush_completed] column family: default, thread_id: 1196277, job_id: 12, file: /nvme/jinghuan/node_40001/db/000038.sst, reason: 6, is_write_slowdown: no, is_write_stall: no, largest seqno: 783023, smallest seqno: 662982
W20230630 02:38:12.270692 1196277 event_listener.cc:132] [event_listener/stall_cond_changed] column family: default write stall condition was changed, from delay to normal
I20230630 02:38:12.287254 1196275 event_listener.cc:71] [event_listener/compaction_completed] column family: default, compaction reason: 1, output compression type: no, base input level(files): 0(3), output level(files): 1(3), input bytes: 386030831, output bytes:386674607, is_manual_compaction:no, elapsed(micro): 2883829
I20230630 02:38:12.287881 1196275 event_listener.cc:127] [event_listener/table_file_deleted] db: /nvme/jinghuan/node_40001/db, sst file: /nvme/jinghuan/node_40001/db/000029.sst, status: OK
I20230630 02:38:12.305166 1196275 event_listener.cc:127] [event_listener/table_file_deleted] db: /nvme/jinghuan/node_40001/db, sst file: /nvme/jinghuan/node_40001/db/000023.sst, status: OK
I20230630 02:38:12.315177 1196275 event_listener.cc:127] [event_listener/table_file_deleted] db: /nvme/jinghuan/node_40001/db, sst file: /nvme/jinghuan/node_40001/db/000020.sst, status: OK
I20230630 02:38:12.325103 1196275 event_listener.cc:127] [event_listener/table_file_deleted] db: /nvme/jinghuan/node_40001/db, sst file: /nvme/jinghuan/node_40001/db/000018.sst, status: OK
I20230630 02:38:12.338917 1196275 event_listener.cc:71] [event_listener/compaction_completed] column family: default, compaction reason: 2, output compression type: no, base input level(files): 1(1), output level(files): 2(1), input bytes: 0, output bytes:0, is_manual_compaction:no, elapsed(micro): 0
I20230630 02:38:12.520134 1196276 event_listener.cc:84] [event_listener/flush_begin] column family: default, thread_id: 1196276, job_id: 15, reason: 6
W20230630 02:38:12.950001 1196500 event_listener.cc:132] [event_listener/stall_cond_changed] column family: default write stall condition was changed, from normal to delay
I20230630 02:38:13.293864 1196276 event_listener.cc:138] [event_listener/table_file_created] column family: default, file path: /nvme/jinghuan/node_40001/db/000042.sst, file size: 122719436, job id: 15, reason: flush, status: OK
I20230630 02:38:13.304072 1196276 event_listener.cc:91] [event_listener/flush_completed] column family: default, thread_id: 1196276, job_id: 15, file: /nvme/jinghuan/node_40001/db/000042.sst, reason: 6, is_write_slowdown: no, is_write_stall: no, largest seqno: 910293, smallest seqno: 783025
W20230630 02:38:13.304123 1196276 event_listener.cc:132] [event_listener/stall_cond_changed] column family: default write stall condition was changed, from delay to normal
I20230630 02:38:13.310349 1196275 event_listener.cc:138] [event_listener/table_file_created] column family: default, file path: /nvme/jinghuan/node_40001/db/000040.sst, file size: 137046445, job id: 14, reason: compaction, status: OK
I20230630 02:38:13.470484 1196277 event_listener.cc:84] [event_listener/flush_begin] column family: default, thread_id: 1196277, job_id: 16, reason: 6
I20230630 02:38:13.766942 1196276 event_listener.cc:84] [event_listener/flush_begin] column family: metadata, thread_id: 1196276, job_id: 17, reason: 13
W20230630 02:38:13.835309 1196503 event_listener.cc:132] [event_listener/stall_cond_changed] column family: default write stall condition was changed, from normal to delay
I20230630 02:38:13.878970 1196276 event_listener.cc:138] [event_listener/table_file_created] column family: metadata, file path: /nvme/jinghuan/node_40001/db/000048.sst, file size: 3347854, job id: 17, reason: flush, status: OK
I20230630 02:38:13.885532 1196276 event_listener.cc:91] [event_listener/flush_completed] column family: metadata, thread_id: 1196276, job_id: 17, file: /nvme/jinghuan/node_40001/db/000048.sst, reason: 13, is_write_slowdown: no, is_write_stall: no, largest seqno: 1084974, smallest seqno: 542498
I20230630 02:38:14.197849 1196277 event_listener.cc:138] [event_listener/table_file_created] column family: default, file path: /nvme/jinghuan/node_40001/db/000046.sst, file size: 122846830, job id: 16, reason: flush, status: OK
I20230630 02:38:14.204598 1196277 event_listener.cc:91] [event_listener/flush_completed] column family: default, thread_id: 1196277, job_id: 16, file: /nvme/jinghuan/node_40001/db/000046.sst, reason: 6, is_write_slowdown: no, is_write_stall: no, largest seqno: 1037695, smallest seqno: 910295
W20230630 02:38:14.204700 1196277 event_listener.cc:132] [event_listener/stall_cond_changed] column family: default write stall condition was changed, from delay to normal
I20230630 02:38:14.299845 1196276 event_listener.cc:84] [event_listener/flush_begin] column family: default, thread_id: 1196276, job_id: 18, reason: 6
I20230630 02:38:14.318461 1196275 event_listener.cc:138] [event_listener/table_file_created] column family: default, file path: /nvme/jinghuan/node_40001/db/000044.sst, file size: 137029567, job id: 14, reason: compaction, status: OK
W20230630 02:38:14.675248 1196500 event_listener.cc:132] [event_listener/stall_cond_changed] column family: default write stall condition was changed, from normal to delay
I20230630 02:38:15.000026 1196276 event_listener.cc:138] [event_listener/table_file_created] column family: default, file path: /nvme/jinghuan/node_40001/db/000051.sst, file size: 117077204, job id: 18, reason: flush, status: OK
I20230630 02:38:15.005417 1196276 event_listener.cc:91] [event_listener/flush_completed] column family: default, thread_id: 1196276, job_id: 18, file: /nvme/jinghuan/node_40001/db/000051.sst, reason: 6, is_write_slowdown: no, is_write_stall: no, largest seqno: 1159113, smallest seqno: 1037697
W20230630 02:38:15.005604 1196276 event_listener.cc:132] [event_listener/stall_cond_changed] column family: default write stall condition was changed, from delay to normal
I20230630 02:38:15.166797 1196277 event_listener.cc:84] [event_listener/flush_begin] column family: default, thread_id: 1196277, job_id: 19, reason: 6
I20230630 02:38:15.498292 1196275 event_listener.cc:138] [event_listener/table_file_created] column family: default, file path: /nvme/jinghuan/node_40001/db/000052.sst, file size: 137301713, job id: 14, reason: compaction, status: OK
W20230630 02:38:15.523723 1196503 event_listener.cc:132] [event_listener/stall_cond_changed] column family: default write stall condition was changed, from normal to delay
I20230630 02:38:15.795804 1196277 event_listener.cc:138] [event_listener/table_file_created] column family: default, file path: /nvme/jinghuan/node_40001/db/000055.sst, file size: 115888797, job id: 19, reason: flush, status: OK
I20230630 02:38:15.808454 1196277 event_listener.cc:91] [event_listener/flush_completed] column family: default, thread_id: 1196277, job_id: 19, file: /nvme/jinghuan/node_40001/db/000055.sst, reason: 6, is_write_slowdown: no, is_write_stall: no, largest seqno: 1279299, smallest seqno: 1159115
W20230630 02:38:15.808557 1196277 event_listener.cc:132] [event_listener/stall_cond_changed] column family: default write stall condition was changed, from delay to normal
I20230630 02:38:16.006194 1196276 event_listener.cc:84] [event_listener/flush_begin] column family: default, thread_id: 1196276, job_id: 21, reason: 6
W20230630 02:38:16.356653 1196500 event_listener.cc:132] [event_listener/stall_cond_changed] column family: default write stall condition was changed, from normal to delay
I20230630 02:38:16.796337 1196276 event_listener.cc:138] [event_listener/table_file_created] column family: default, file path: /nvme/jinghuan/node_40001/db/000059.sst, file size: 116218077, job id: 21, reason: flush, status: OK
I20230630 02:38:16.799753 1196275 event_listener.cc:138] [event_listener/table_file_created] column family: default, file path: /nvme/jinghuan/node_40001/db/000056.sst, file size: 137024923, job id: 14, reason: compaction, status: OK
I20230630 02:38:16.805774 1196276 event_listener.cc:91] [event_listener/flush_completed] column family: default, thread_id: 1196276, job_id: 21, file: /nvme/jinghuan/node_40001/db/000059.sst, reason: 6, is_write_slowdown: no, is_write_stall: no, largest seqno: 1399826, smallest seqno: 1279301
W20230630 02:38:16.805814 1196276 event_listener.cc:132] [event_listener/stall_cond_changed] column family: default write stall condition was changed, from stop to normal
W20230630 02:38:16.806046 1196500 event_listener.cc:132] [event_listener/stall_cond_changed] column family: default write stall condition was changed, from delay to stop
I20230630 02:38:16.830456 1196277 event_listener.cc:84] [event_listener/flush_begin] column family: default, thread_id: 1196277, job_id: 23, reason: 6
W20230630 02:38:17.222247 1196500 event_listener.cc:132] [event_listener/stall_cond_changed] column family: default write stall condition was changed, from normal to delay
I20230630 02:38:17.605093 1196276 event_listener.cc:84] [event_listener/flush_begin] column family: metadata, thread_id: 1196276, job_id: 24, reason: 13
I20230630 02:38:17.783879 1196276 event_listener.cc:138] [event_listener/table_file_created] column family: metadata, file path: /nvme/jinghuan/node_40001/db/000067.sst, file size: 3348770, job id: 24, reason: flush, status: OK
I20230630 02:38:17.790851 1196276 event_listener.cc:91] [event_listener/flush_completed] column family: metadata, thread_id: 1196276, job_id: 24, file: /nvme/jinghuan/node_40001/db/000067.sst, reason: 13, is_write_slowdown: no, is_write_stall: no, largest seqno: 1627461, smallest seqno: 1084985
I20230630 02:38:17.814801 1196277 event_listener.cc:138] [event_listener/table_file_created] column family: default, file path: /nvme/jinghuan/node_40001/db/000064.sst, file size: 116186244, job id: 23, reason: flush, status: OK
I20230630 02:38:17.825253 1196276 event_listener.cc:84] [event_listener/flush_begin] column family: default, thread_id: 1196276, job_id: 25, reason: 6
I20230630 02:38:17.831594 1196277 event_listener.cc:91] [event_listener/flush_completed] column family: default, thread_id: 1196277, job_id: 23, file: /nvme/jinghuan/node_40001/db/000064.sst, reason: 6, is_write_slowdown: no, is_write_stall: no, largest seqno: 1520320, smallest seqno: 1399828
W20230630 02:38:17.831883 1196277 event_listener.cc:132] [event_listener/stall_cond_changed] column family: default write stall condition was changed, from stop to normal
W20230630 02:38:17.832070 1196500 event_listener.cc:132] [event_listener/stall_cond_changed] column family: default write stall condition was changed, from delay to stop
I20230630 02:38:17.880834 1196275 event_listener.cc:138] [event_listener/table_file_created] column family: default, file path: /nvme/jinghuan/node_40001/db/000063.sst, file size: 70580206, job id: 14, reason: compaction, status: OK
I20230630 02:38:17.903304 1196275 event_listener.cc:71] [event_listener/compaction_completed] column family: default, compaction reason: 1, output compression type: no, base input level(files): 0(5), output level(files): 1(5), input bytes: 618642621, output bytes:618982854, is_manual_compaction:no, elapsed(micro): 5541810
W20230630 02:38:18.311141 1196505 event_listener.cc:132] [event_listener/stall_cond_changed] column family: default write stall condition was changed, from normal to delay
I20230630 02:38:18.327072 1196275 event_listener.cc:71] [event_listener/compaction_completed] column family: default, compaction reason: 2, output compression type: no, base input level(files): 1(1), output level(files): 2(1), input bytes: 0, output bytes:0, is_manual_compaction:no, elapsed(micro): 0
I20230630 02:38:18.333156 1196275 event_listener.cc:71] [event_listener/compaction_completed] column family: default, compaction reason: 2, output compression type: no, base input level(files): 1(1), output level(files): 2(1), input bytes: 0, output bytes:0, is_manual_compaction:no, elapsed(micro): 0
I20230630 02:38:18.345362 1196275 event_listener.cc:71] [event_listener/compaction_completed] column family: default, compaction reason: 2, output compression type: no, base input level(files): 1(1), output level(files): 2(1), input bytes: 0, output bytes:0, is_manual_compaction:no, elapsed(micro): 0
I20230630 02:38:18.596969 1196276 event_listener.cc:138] [event_listener/table_file_created] column family: default, file path: /nvme/jinghuan/node_40001/db/000069.sst, file size: 115157112, job id: 25, reason: flush, status: OK
I20230630 02:38:18.608873 1196276 event_listener.cc:91] [event_listener/flush_completed] column family: default, thread_id: 1196276, job_id: 25, file: /nvme/jinghuan/node_40001/db/000069.sst, reason: 6, is_write_slowdown: no, is_write_stall: no, largest seqno: 1639747, smallest seqno: 1520322
W20230630 02:38:18.609084 1196276 event_listener.cc:132] [event_listener/stall_cond_changed] column family: default write stall condition was changed, from delay to normal
I20230630 02:38:18.851137 1196277 event_listener.cc:84] [event_listener/flush_begin] column family: default, thread_id: 1196277, job_id: 30, reason: 6
I20230630 02:38:19.085186 1196275 event_listener.cc:138] [event_listener/table_file_created] column family: default, file path: /nvme/jinghuan/node_40001/db/000071.sst, file size: 70580206, job id: 29, reason: compaction, status: OK
I20230630 02:38:19.095412 1196275 event_listener.cc:71] [event_listener/compaction_completed] column family: default, compaction reason: 11, output compression type: no, base input level(files): 1(1), output level(files): 1(1), input bytes: 70580206, output bytes:70580206, is_manual_compaction:no, elapsed(micro): 739870
W20230630 02:38:19.276808 1196505 event_listener.cc:132] [event_listener/stall_cond_changed] column family: default write stall condition was changed, from normal to delay
I20230630 02:38:19.810783 1196277 event_listener.cc:138] [event_listener/table_file_created] column family: default, file path: /nvme/jinghuan/node_40001/db/000073.sst, file size: 128500677, job id: 30, reason: flush, status: OK
I20230630 02:38:19.811677 1196276 event_listener.cc:84] [event_listener/flush_begin] column family: default, thread_id: 1196276, job_id: 32, reason: 6
I20230630 02:38:19.822429 1196277 event_listener.cc:91] [event_listener/flush_completed] column family: default, thread_id: 1196277, job_id: 30, file: /nvme/jinghuan/node_40001/db/000073.sst, reason: 6, is_write_slowdown: no, is_write_stall: no, largest seqno: 1773012, smallest seqno: 1639749
W20230630 02:38:19.822475 1196277 event_listener.cc:132] [event_listener/stall_cond_changed] column family: default write stall condition was changed, from stop to normal
W20230630 02:38:19.822793 1196505 event_listener.cc:132] [event_listener/stall_cond_changed] column family: default write stall condition was changed, from delay to stop
W20230630 02:38:20.291572 1196505 event_listener.cc:132] [event_listener/stall_cond_changed] column family: default write stall condition was changed, from normal to delay
I20230630 02:38:20.801640 1196276 event_listener.cc:138] [event_listener/table_file_created] column family: default, file path: /nvme/jinghuan/node_40001/db/000077.sst, file size: 128764623, job id: 32, reason: flush, status: OK
I20230630 02:38:20.810276 1196276 event_listener.cc:91] [event_listener/flush_completed] column family: default, thread_id: 1196276, job_id: 32, file: /nvme/jinghuan/node_40001/db/000077.sst, reason: 6, is_write_slowdown: no, is_write_stall: no, largest seqno: 1906552, smallest seqno: 1773014
W20230630 02:38:20.810321 1196276 event_listener.cc:132] [event_listener/stall_cond_changed] column family: default write stall condition was changed, from stop to normal
I20230630 02:38:20.810683 1196277 event_listener.cc:84] [event_listener/flush_begin] column family: default, thread_id: 1196277, job_id: 33, reason: 6
W20230630 02:38:20.811094 1196503 event_listener.cc:132] [event_listener/stall_cond_changed] column family: default write stall condition was changed, from delay to stop
W20230630 02:38:21.281150 1196505 event_listener.cc:132] [event_listener/stall_cond_changed] column family: default write stall condition was changed, from normal to delay
I20230630 02:38:21.596392 1196275 event_listener.cc:138] [event_listener/table_file_created] column family: default, file path: /nvme/jinghuan/node_40001/db/000075.sst, file size: 137029567, job id: 31, reason: compaction, status: OK
I20230630 02:38:21.607203 1196275 event_listener.cc:71] [event_listener/compaction_completed] column family: default, compaction reason: 11, output compression type: no, base input level(files): 2(1), output level(files): 2(1), input bytes: 137029567, output bytes:137029567, is_manual_compaction:no, elapsed(micro): 2319584
I20230630 02:38:21.761902 1196276 event_listener.cc:84] [event_listener/flush_begin] column family: metadata, thread_id: 1196276, job_id: 35, reason: 13
I20230630 02:38:21.812649 1196277 event_listener.cc:138] [event_listener/table_file_created] column family: default, file path: /nvme/jinghuan/node_40001/db/000080.sst, file size: 128764953, job id: 33, reason: flush, status: OK
I20230630 02:38:21.825685 1196277 event_listener.cc:91] [event_listener/flush_completed] column family: default, thread_id: 1196277, job_id: 33, file: /nvme/jinghuan/node_40001/db/000080.sst, reason: 6, is_write_slowdown: no, is_write_stall: no, largest seqno: 2040092, smallest seqno: 1906554
I20230630 02:38:21.835423 1196277 event_listener.cc:127] [event_listener/table_file_deleted] db: /nvme/jinghuan/node_40001/db, sst file: /nvme/jinghuan/node_40001/db/000044.sst, status: OK
W20230630 02:38:21.835458 1196277 event_listener.cc:132] [event_listener/stall_cond_changed] column family: default write stall condition was changed, from stop to normal
W20230630 02:38:21.835577 1196503 event_listener.cc:132] [event_listener/stall_cond_changed] column family: default write stall condition was changed, from delay to stop
I20230630 02:38:21.848683 1196277 event_listener.cc:84] [event_listener/flush_begin] column family: default, thread_id: 1196277, job_id: 36, reason: 6
I20230630 02:38:21.892791 1196276 event_listener.cc:138] [event_listener/table_file_created] column family: metadata, file path: /nvme/jinghuan/node_40001/db/000085.sst, file size: 3353256, job id: 35, reason: flush, status: OK
I20230630 02:38:21.899724 1196276 event_listener.cc:91] [event_listener/flush_completed] column family: metadata, thread_id: 1196276, job_id: 35, file: /nvme/jinghuan/node_40001/db/000085.sst, reason: 13, is_write_slowdown: no, is_write_stall: no, largest seqno: 2169948, smallest seqno: 1627472
W20230630 02:38:21.900019 1196503 event_listener.cc:132] [event_listener/stall_cond_changed] column family: default write stall condition was changed, from normal to delay
I20230630 02:38:21.916751 1196276 event_listener.cc:84] [event_listener/flush_begin] column family: default, thread_id: 1196276, job_id: 37, reason: 13
I20230630 02:38:22.088192 1196276 event_listener.cc:138] [event_listener/table_file_created] column family: default, file path: /nvme/jinghuan/node_40001/db/000088.sst, file size: 8857749, job id: 37, reason: flush, status: OK
I20230630 02:38:22.385434 1196274 event_listener.cc:138] [event_listener/table_file_created] column family: default, file path: /nvme/jinghuan/node_40001/db/000061.sst, file size: 478575237, job id: 22, reason: compaction, status: OK
I20230630 02:38:22.408663 1196274 event_listener.cc:71] [event_listener/compaction_completed] column family: default, compaction reason: 1, output compression type: no, base input level(files): 0(4), output level(files): 0(1), input bytes: 478532267, output bytes:478575237, is_manual_compaction:no, elapsed(micro): 6028809
I20230630 02:38:22.413625 1196274 event_listener.cc:127] [event_listener/table_file_deleted] db: /nvme/jinghuan/node_40001/db, sst file: /nvme/jinghuan/node_40001/db/000063.sst, status: OK
I20230630 02:38:22.423347 1196274 event_listener.cc:127] [event_listener/table_file_deleted] db: /nvme/jinghuan/node_40001/db, sst file: /nvme/jinghuan/node_40001/db/000038.sst, status: OK
I20230630 02:38:22.431787 1196274 event_listener.cc:127] [event_listener/table_file_deleted] db: /nvme/jinghuan/node_40001/db, sst file: /nvme/jinghuan/node_40001/db/000036.sst, status: OK
I20230630 02:38:22.441188 1196274 event_listener.cc:127] [event_listener/table_file_deleted] db: /nvme/jinghuan/node_40001/db, sst file: /nvme/jinghuan/node_40001/db/000034.sst, status: OK
I20230630 02:38:22.451728 1196274 event_listener.cc:127] [event_listener/table_file_deleted] db: /nvme/jinghuan/node_40001/db, sst file: /nvme/jinghuan/node_40001/db/000030.sst, status: OK
I20230630 02:38:22.461521 1196274 event_listener.cc:127] [event_listener/table_file_deleted] db: /nvme/jinghuan/node_40001/db, sst file: /nvme/jinghuan/node_40001/db/000028.sst, status: OK
I20230630 02:38:22.915901 1196277 event_listener.cc:138] [event_listener/table_file_created] column family: default, file path: /nvme/jinghuan/node_40001/db/000086.sst, file size: 128489488, job id: 36, reason: flush, status: OK
I20230630 02:38:22.931561 1196277 event_listener.cc:91] [event_listener/flush_completed] column family: default, thread_id: 1196277, job_id: 36, file: /nvme/jinghuan/node_40001/db/000086.sst, reason: 13, is_write_slowdown: no, is_write_stall: no, largest seqno: 2173346, smallest seqno: 2040094
I20230630 02:38:22.931581 1196277 event_listener.cc:91] [event_listener/flush_completed] column family: default, thread_id: 1196276, job_id: 37, file: /nvme/jinghuan/node_40001/db/000088.sst, reason: 13, is_write_slowdown: no, is_write_stall: no, largest seqno: 2182531, smallest seqno: 2173348
W20230630 02:38:22.931677 1196277 event_listener.cc:132] [event_listener/stall_cond_changed] column family: default write stall condition was changed, from stop to normal
W20230630 02:38:22.931843 1196503 event_listener.cc:132] [event_listener/stall_cond_changed] column family: default write stall condition was changed, from delay to stop
I20230630 02:38:23.446666 1196276 event_listener.cc:84] [event_listener/flush_begin] column family: default, thread_id: 1196276, job_id: 39, reason: 6
W20230630 02:38:23.842931 1196505 event_listener.cc:132] [event_listener/stall_cond_changed] column family: default write stall condition was changed, from normal to delay
I20230630 02:38:23.893245 1196274 event_listener.cc:138] [event_listener/table_file_created] column family: default, file path: /nvme/jinghuan/node_40001/db/000090.sst, file size: 137301713, job id: 38, reason: compaction, status: OK
I20230630 02:38:23.904834 1196274 event_listener.cc:71] [event_listener/compaction_completed] column family: default, compaction reason: 11, output compression type: no, base input level(files): 2(1), output level(files): 2(1), input bytes: 137301713, output bytes:137301713, is_manual_compaction:no, elapsed(micro): 1431706
I20230630 02:38:24.364755 1196277 event_listener.cc:84] [event_listener/flush_begin] column family: default, thread_id: 1196277, job_id: 41, reason: 6
I20230630 02:38:24.391093 1196276 event_listener.cc:138] [event_listener/table_file_created] column family: default, file path: /nvme/jinghuan/node_40001/db/000092.sst, file size: 122009661, job id: 39, reason: flush, status: OK
I20230630 02:38:24.402264 1196276 event_listener.cc:91] [event_listener/flush_completed] column family: default, thread_id: 1196276, job_id: 39, file: /nvme/jinghuan/node_40001/db/000092.sst, reason: 6, is_write_slowdown: no, is_write_stall: no, largest seqno: 2309064, smallest seqno: 2182533
W20230630 02:38:24.402371 1196276 event_listener.cc:132] [event_listener/stall_cond_changed] column family: default write stall condition was changed, from stop to normal
W20230630 02:38:24.402791 1196505 event_listener.cc:132] [event_listener/stall_cond_changed] column family: default write stall condition was changed, from delay to stop
I20230630 02:38:24.513674 1196274 event_listener.cc:138] [event_listener/table_file_created] column family: metadata, file path: /nvme/jinghuan/node_40001/db/000094.sst, file size: 13295488, job id: 40, reason: compaction, status: OK
I20230630 02:38:24.520592 1196274 event_listener.cc:71] [event_listener/compaction_completed] column family: metadata, compaction reason: 1, output compression type: no, base input level(files): 0(4), output level(files): 1(1), input bytes: 13400180, output bytes:13295488, is_manual_compaction:no, elapsed(micro): 608662
I20230630 02:38:24.521133 1196274 event_listener.cc:127] [event_listener/table_file_deleted] db: /nvme/jinghuan/node_40001/db, sst file: /nvme/jinghuan/node_40001/db/000067.sst, status: OK
I20230630 02:38:24.521659 1196274 event_listener.cc:127] [event_listener/table_file_deleted] db: /nvme/jinghuan/node_40001/db, sst file: /nvme/jinghuan/node_40001/db/000048.sst, status: OK
I20230630 02:38:24.522250 1196274 event_listener.cc:127] [event_listener/table_file_deleted] db: /nvme/jinghuan/node_40001/db, sst file: /nvme/jinghuan/node_40001/db/000032.sst, status: OK
W20230630 02:38:24.805056 1196502 event_listener.cc:132] [event_listener/stall_cond_changed] column family: default write stall condition was changed, from normal to delay
I20230630 02:38:25.297673 1196276 event_listener.cc:84] [event_listener/flush_begin] column family: default, thread_id: 1196276, job_id: 43, reason: 6
I20230630 02:38:25.299386 1196277 event_listener.cc:138] [event_listener/table_file_created] column family: default, file path: /nvme/jinghuan/node_40001/db/000096.sst, file size: 127184338, job id: 41, reason: flush, status: OK
I20230630 02:38:25.310813 1196277 event_listener.cc:91] [event_listener/flush_completed] column family: default, thread_id: 1196277, job_id: 41, file: /nvme/jinghuan/node_40001/db/000096.sst, reason: 6, is_write_slowdown: no, is_write_stall: no, largest seqno: 2440965, smallest seqno: 2309066
W20230630 02:38:25.310868 1196277 event_listener.cc:132] [event_listener/stall_cond_changed] column family: default write stall condition was changed, from stop to normal
W20230630 02:38:25.311180 1196502 event_listener.cc:132] [event_listener/stall_cond_changed] column family: default write stall condition was changed, from delay to stop
W20230630 02:38:25.723351 1196505 event_listener.cc:132] [event_listener/stall_cond_changed] column family: default write stall condition was changed, from normal to delay
I20230630 02:38:26.200799 1196277 event_listener.cc:84] [event_listener/flush_begin] column family: default, thread_id: 1196277, job_id: 44, reason: 6
I20230630 02:38:26.205178 1196276 event_listener.cc:138] [event_listener/table_file_created] column family: default, file path: /nvme/jinghuan/node_40001/db/000100.sst, file size: 119432161, job id: 43, reason: flush, status: OK
I20230630 02:38:26.226819 1196276 event_listener.cc:91] [event_listener/flush_completed] column family: default, thread_id: 1196276, job_id: 43, file: /nvme/jinghuan/node_40001/db/000100.sst, reason: 6, is_write_slowdown: no, is_write_stall: no, largest seqno: 2564825, smallest seqno: 2440967
W20230630 02:38:26.226872 1196276 event_listener.cc:132] [event_listener/stall_cond_changed] column family: default write stall condition was changed, from stop to normal
W20230630 02:38:26.227138 1196505 event_listener.cc:132] [event_listener/stall_cond_changed] column family: default write stall condition was changed, from delay to stop
I20230630 02:38:26.416587 1196276 event_listener.cc:84] [event_listener/flush_begin] column family: metadata, thread_id: 1196276, job_id: 45, reason: 13
I20230630 02:38:26.506448 1196276 event_listener.cc:138] [event_listener/table_file_created] column family: metadata, file path: /nvme/jinghuan/node_40001/db/000105.sst, file size: 3355667, job id: 45, reason: flush, status: OK
I20230630 02:38:26.513609 1196276 event_listener.cc:91] [event_listener/flush_completed] column family: metadata, thread_id: 1196276, job_id: 45, file: /nvme/jinghuan/node_40001/db/000105.sst, reason: 13, is_write_slowdown: no, is_write_stall: no, largest seqno: 2712435, smallest seqno: 2169959
W20230630 02:38:26.513867 1196505 event_listener.cc:132] [event_listener/stall_cond_changed] column family: default write stall condition was changed, from normal to delay
I20230630 02:38:26.534802 1196276 event_listener.cc:84] [event_listener/flush_begin] column family: default, thread_id: 1196276, job_id: 46, reason: 13
I20230630 02:38:27.097796 1196276 event_listener.cc:138] [event_listener/table_file_created] column family: default, file path: /nvme/jinghuan/node_40001/db/000107.sst, file size: 39735094, job id: 46, reason: flush, status: OK
I20230630 02:38:27.292722 1196277 event_listener.cc:138] [event_listener/table_file_created] column family: default, file path: /nvme/jinghuan/node_40001/db/000103.sst, file size: 118011411, job id: 44, reason: flush, status: OK
I20230630 02:38:27.301290 1196277 event_listener.cc:91] [event_listener/flush_completed] column family: default, thread_id: 1196277, job_id: 44, file: /nvme/jinghuan/node_40001/db/000103.sst, reason: 13, is_write_slowdown: no, is_write_stall: no, largest seqno: 2687211, smallest seqno: 2564827
I20230630 02:38:27.301308 1196277 event_listener.cc:91] [event_listener/flush_completed] column family: default, thread_id: 1196276, job_id: 46, file: /nvme/jinghuan/node_40001/db/000107.sst, reason: 13, is_write_slowdown: no, is_write_stall: no, largest seqno: 2728417, smallest seqno: 2687213
W20230630 02:38:27.301425 1196277 event_listener.cc:132] [event_listener/stall_cond_changed] column family: default write stall condition was changed, from stop to normal
W20230630 02:38:27.303184 1196505 event_listener.cc:132] [event_listener/stall_cond_changed] column family: default write stall condition was changed, from delay to stop
I20230630 02:38:27.833200 1196276 event_listener.cc:84] [event_listener/flush_begin] column family: default, thread_id: 1196276, job_id: 47, reason: 6
W20230630 02:38:28.202325 1196500 event_listener.cc:132] [event_listener/stall_cond_changed] column family: default write stall condition was changed, from normal to delay
I20230630 02:38:28.664542 1196277 event_listener.cc:84] [event_listener/flush_begin] column family: default, thread_id: 1196277, job_id: 48, reason: 6
I20230630 02:38:28.894241 1196276 event_listener.cc:138] [event_listener/table_file_created] column family: default, file path: /nvme/jinghuan/node_40001/db/000110.sst, file size: 124916022, job id: 47, reason: flush, status: OK
I20230630 02:38:28.900971 1196276 event_listener.cc:91] [event_listener/flush_completed] column family: default, thread_id: 1196276, job_id: 47, file: /nvme/jinghuan/node_40001/db/000110.sst, reason: 6, is_write_slowdown: no, is_write_stall: no, largest seqno: 2857964, smallest seqno: 2728419
W20230630 02:38:28.901010 1196276 event_listener.cc:132] [event_listener/stall_cond_changed] column family: default write stall condition was changed, from stop to normal
W20230630 02:38:28.901363 1196500 event_listener.cc:132] [event_listener/stall_cond_changed] column family: default write stall condition was changed, from delay to stop
I20230630 02:38:29.091377 1196275 event_listener.cc:138] [event_listener/table_file_created] column family: default, file path: /nvme/jinghuan/node_40001/db/000082.sst, file size: 604902099, job id: 34, reason: compaction, status: OK
I20230630 02:38:29.112253 1196275 event_listener.cc:71] [event_listener/compaction_completed] column family: default, compaction reason: 1, output compression type: no, base input level(files): 0(5), output level(files): 0(1), input bytes: 604826733, output bytes:604902099, is_manual_compaction:no, elapsed(micro): 7484041
I20230630 02:38:29.112676 1196275 event_listener.cc:127] [event_listener/table_file_deleted] db: /nvme/jinghuan/node_40001/db, sst file: /nvme/jinghuan/node_40001/db/000085.sst, status: OK
I20230630 02:38:29.120589 1196275 event_listener.cc:127] [event_listener/table_file_deleted] db: /nvme/jinghuan/node_40001/db, sst file: /nvme/jinghuan/node_40001/db/000055.sst, status: OK
I20230630 02:38:29.129909 1196275 event_listener.cc:127] [event_listener/table_file_deleted] db: /nvme/jinghuan/node_40001/db, sst file: /nvme/jinghuan/node_40001/db/000052.sst, status: OK
I20230630 02:38:29.137804 1196275 event_listener.cc:127] [event_listener/table_file_deleted] db: /nvme/jinghuan/node_40001/db, sst file: /nvme/jinghuan/node_40001/db/000051.sst, status: OK
I20230630 02:38:29.146034 1196275 event_listener.cc:127] [event_listener/table_file_deleted] db: /nvme/jinghuan/node_40001/db, sst file: /nvme/jinghuan/node_40001/db/000046.sst, status: OK
I20230630 02:38:29.155333 1196275 event_listener.cc:127] [event_listener/table_file_deleted] db: /nvme/jinghuan/node_40001/db, sst file: /nvme/jinghuan/node_40001/db/000042.sst, status: OK
W20230630 02:38:29.334568 1196503 event_listener.cc:132] [event_listener/stall_cond_changed] column family: default write stall condition was changed, from normal to delay
I20230630 02:38:29.605075 1196277 event_listener.cc:138] [event_listener/table_file_created] column family: default, file path: /nvme/jinghuan/node_40001/db/000113.sst, file size: 114807565, job id: 48, reason: flush, status: OK
I20230630 02:38:29.616740 1196277 event_listener.cc:91] [event_listener/flush_completed] column family: default, thread_id: 1196277, job_id: 48, file: /nvme/jinghuan/node_40001/db/000113.sst, reason: 6, is_write_slowdown: no, is_write_stall: no, largest seqno: 2977028, smallest seqno: 2857966
W20230630 02:38:29.616870 1196277 event_listener.cc:132] [event_listener/stall_cond_changed] column family: default write stall condition was changed, from delay to normal
I20230630 02:38:29.712399 1196274 event_listener.cc:138] [event_listener/table_file_created] column family: default, file path: /nvme/jinghuan/node_40001/db/000097.sst, file size: 388142181, job id: 42, reason: compaction, status: OK
I20230630 02:38:29.731766 1196274 event_listener.cc:71] [event_listener/compaction_completed] column family: default, compaction reason: 1, output compression type: no, base input level(files): 0(4), output level(files): 0(1), input bytes: 388121851, output bytes:388142181, is_manual_compaction:no, elapsed(micro): 5190106
I20230630 02:38:29.740762 1196274 event_listener.cc:127] [event_listener/table_file_deleted] db: /nvme/jinghuan/node_40001/db, sst file: /nvme/jinghuan/node_40001/db/000077.sst, status: OK
I20230630 02:38:29.749639 1196274 event_listener.cc:127] [event_listener/table_file_deleted] db: /nvme/jinghuan/node_40001/db, sst file: /nvme/jinghuan/node_40001/db/000073.sst, status: OK
I20230630 02:38:29.757663 1196274 event_listener.cc:127] [event_listener/table_file_deleted] db: /nvme/jinghuan/node_40001/db, sst file: /nvme/jinghuan/node_40001/db/000069.sst, status: OK
I20230630 02:38:29.765693 1196274 event_listener.cc:127] [event_listener/table_file_deleted] db: /nvme/jinghuan/node_40001/db, sst file: /nvme/jinghuan/node_40001/db/000064.sst, status: OK
I20230630 02:38:29.773756 1196274 event_listener.cc:127] [event_listener/table_file_deleted] db: /nvme/jinghuan/node_40001/db, sst file: /nvme/jinghuan/node_40001/db/000059.sst, status: OK
I20230630 02:38:29.815529 1196276 event_listener.cc:84] [event_listener/flush_begin] column family: default, thread_id: 1196276, job_id: 50, reason: 6
W20230630 02:38:30.198202 1196503 event_listener.cc:132] [event_listener/stall_cond_changed] column family: default write stall condition was changed, from normal to delay
I20230630 02:38:30.688475 1196277 event_listener.cc:84] [event_listener/flush_begin] column family: default, thread_id: 1196277, job_id: 52, reason: 6
I20230630 02:38:30.903595 1196276 event_listener.cc:138] [event_listener/table_file_created] column family: default, file path: /nvme/jinghuan/node_40001/db/000118.sst, file size: 128764829, job id: 50, reason: flush, status: OK
I20230630 02:38:30.920840 1196276 event_listener.cc:91] [event_listener/flush_completed] column family: default, thread_id: 1196276, job_id: 50, file: /nvme/jinghuan/node_40001/db/000118.sst, reason: 6, is_write_slowdown: no, is_write_stall: no, largest seqno: 3110568, smallest seqno: 2977030
W20230630 02:38:30.920933 1196276 event_listener.cc:132] [event_listener/stall_cond_changed] column family: default write stall condition was changed, from stop to normal
W20230630 02:38:30.921463 1196503 event_listener.cc:132] [event_listener/stall_cond_changed] column family: default write stall condition was changed, from delay to stop
I20230630 02:38:31.014873 1196276 event_listener.cc:84] [event_listener/flush_begin] column family: metadata, thread_id: 1196276, job_id: 53, reason: 13
I20230630 02:38:31.111429 1196276 event_listener.cc:138] [event_listener/table_file_created] column family: metadata, file path: /nvme/jinghuan/node_40001/db/000123.sst, file size: 3352059, job id: 53, reason: flush, status: OK
I20230630 02:38:31.119933 1196276 event_listener.cc:91] [event_listener/flush_completed] column family: metadata, thread_id: 1196276, job_id: 53, file: /nvme/jinghuan/node_40001/db/000123.sst, reason: 13, is_write_slowdown: no, is_write_stall: no, largest seqno: 3254922, smallest seqno: 2712446
W20230630 02:38:31.120254 1196500 event_listener.cc:132] [event_listener/stall_cond_changed] column family: default write stall condition was changed, from normal to delay
I20230630 02:38:31.135136 1196276 event_listener.cc:84] [event_listener/flush_begin] column family: default, thread_id: 1196276, job_id: 54, reason: 13
I20230630 02:38:31.493274 1196276 event_listener.cc:138] [event_listener/table_file_created] column family: default, file path: /nvme/jinghuan/node_40001/db/000125.sst, file size: 26326668, job id: 54, reason: flush, status: OK
I20230630 02:38:31.609578 1196274 event_listener.cc:138] [event_listener/table_file_created] column family: default, file path: /nvme/jinghuan/node_40001/db/000117.sst, file size: 137024923, job id: 51, reason: compaction, status: OK
I20230630 02:38:31.627852 1196274 event_listener.cc:71] [event_listener/compaction_completed] column family: default, compaction reason: 11, output compression type: no, base input level(files): 2(1), output level(files): 2(1), input bytes: 137024923, output bytes:137024923, is_manual_compaction:no, elapsed(micro): 1835797
