I20230706 09:25:06.563033 2965988 event_listener.cc:138] [event_listener/table_file_created] column family: default, file path: /nvme/jinghuan/node_40001/db/000129.sst, file size: 77916114, job id: 63, reason: flush, status: OK
I20230706 09:25:06.579434 2965988 event_listener.cc:91] [event_listener/flush_completed] column family: default, thread_id: 2965988, job_id: 63, file: /nvme/jinghuan/node_40001/db/000129.sst, reason: 6, is_write_slowdown: no, is_write_stall: no, largest seqno: 20985975, smallest seqno: 20313756
W20230706 09:25:06.579558 2965988 event_listener.cc:132] [event_listener/stall_cond_changed] column family: default write stall condition was changed, from delay to normal
I20230706 09:25:06.715889 2965987 event_listener.cc:84] [event_listener/flush_begin] column family: default, thread_id: 2965987, job_id: 67, reason: 6
W20230706 09:25:07.839999 2966212 event_listener.cc:132] [event_listener/stall_cond_changed] column family: default write stall condition was changed, from normal to delay
I20230706 09:25:08.266009 2965988 event_listener.cc:84] [event_listener/flush_begin] column family: metadata, thread_id: 2965988, job_id: 69, reason: 13
I20230706 09:25:09.463766 2965988 event_listener.cc:138] [event_listener/table_file_created] column family: metadata, file path: /nvme/jinghuan/node_40001/db/000135.sst, file size: 19219182, job id: 69, reason: flush, status: OK
I20230706 09:25:09.471990 2965988 event_listener.cc:91] [event_listener/flush_completed] column family: metadata, thread_id: 2965988, job_id: 69, file: /nvme/jinghuan/node_40001/db/000135.sst, reason: 13, is_write_slowdown: no, is_write_stall: no, largest seqno: 22032977, smallest seqno: 18885394
I20230706 09:25:09.766451 2965987 event_listener.cc:138] [event_listener/table_file_created] column family: default, file path: /nvme/jinghuan/node_40001/db/000132.sst, file size: 78582172, job id: 67, reason: flush, status: OK
I20230706 09:25:09.781890 2965987 event_listener.cc:91] [event_listener/flush_completed] column family: default, thread_id: 2965987, job_id: 67, file: /nvme/jinghuan/node_40001/db/000132.sst, reason: 6, is_write_slowdown: no, is_write_stall: no, largest seqno: 21663938, smallest seqno: 20985977
W20230706 09:25:09.782084 2965987 event_listener.cc:132] [event_listener/stall_cond_changed] column family: default write stall condition was changed, from delay to normal
I20230706 09:25:11.130426 2965988 event_listener.cc:84] [event_listener/flush_begin] column family: default, thread_id: 2965988, job_id: 71, reason: 6
W20230706 09:25:14.201002 2966210 event_listener.cc:132] [event_listener/stall_cond_changed] column family: default write stall condition was changed, from normal to delay
I20230706 09:25:14.266700 2965988 event_listener.cc:138] [event_listener/table_file_created] column family: default, file path: /nvme/jinghuan/node_40001/db/000138.sst, file size: 77585714, job id: 71, reason: flush, status: OK
I20230706 09:25:14.279289 2965988 event_listener.cc:91] [event_listener/flush_completed] column family: default, thread_id: 2965988, job_id: 71, file: /nvme/jinghuan/node_40001/db/000138.sst, reason: 6, is_write_slowdown: no, is_write_stall: no, largest seqno: 22333276, smallest seqno: 21663940
W20230706 09:25:14.279466 2965988 event_listener.cc:132] [event_listener/stall_cond_changed] column family: default write stall condition was changed, from delay to normal
I20230706 09:25:16.863726 2965986 event_listener.cc:138] [event_listener/table_file_created] column family: default, file path: /nvme/jinghuan/node_40001/db/000121.sst, file size: 320127340, job id: 56, reason: compaction, status: OK
I20230706 09:25:16.885864 2965986 event_listener.cc:71] [event_listener/compaction_completed] column family: default, compaction reason: 1, output compression type: no, base input level(files): 0(4), output level(files): 0(1), input bytes: 320242055, output bytes:320127340, is_manual_compaction:no, elapsed(micro): 19600212
I20230706 09:25:16.892813 2965986 event_listener.cc:127] [event_listener/table_file_deleted] db: /nvme/jinghuan/node_40001/db, sst file: /nvme/jinghuan/node_40001/db/000104.sst, status: OK
I20230706 09:25:16.900635 2965986 event_listener.cc:127] [event_listener/table_file_deleted] db: /nvme/jinghuan/node_40001/db, sst file: /nvme/jinghuan/node_40001/db/000102.sst, status: OK
I20230706 09:25:16.905580 2965986 event_listener.cc:127] [event_listener/table_file_deleted] db: /nvme/jinghuan/node_40001/db, sst file: /nvme/jinghuan/node_40001/db/000097.sst, status: OK
I20230706 09:25:16.910815 2965986 event_listener.cc:127] [event_listener/table_file_deleted] db: /nvme/jinghuan/node_40001/db, sst file: /nvme/jinghuan/node_40001/db/000093.sst, status: OK
I20230706 09:25:17.541466 2965987 event_listener.cc:84] [event_listener/flush_begin] column family: default, thread_id: 2965987, job_id: 74, reason: 6
I20230706 09:25:19.971812 2965987 event_listener.cc:138] [event_listener/table_file_created] column family: default, file path: /nvme/jinghuan/node_40001/db/000141.sst, file size: 76311595, job id: 74, reason: flush, status: OK
I20230706 09:25:19.980162 2965987 event_listener.cc:91] [event_listener/flush_completed] column family: default, thread_id: 2965987, job_id: 74, file: /nvme/jinghuan/node_40001/db/000141.sst, reason: 6, is_write_slowdown: no, is_write_stall: no, largest seqno: 22991604, smallest seqno: 22333278
I20230706 09:25:22.065078 2965985 event_listener.cc:138] [event_listener/table_file_created] column family: default, file path: /nvme/jinghuan/node_40001/db/000136.sst, file size: 309798260, job id: 70, reason: compaction, status: OK
I20230706 09:25:22.083313 2965985 event_listener.cc:71] [event_listener/compaction_completed] column family: default, compaction reason: 1, output compression type: no, base input level(files): 0(4), output level(files): 0(1), input bytes: 309932989, output bytes:309798260, is_manual_compaction:no, elapsed(micro): 12283003
I20230706 09:25:22.091444 2965985 event_listener.cc:127] [event_listener/table_file_deleted] db: /nvme/jinghuan/node_40001/db, sst file: /nvme/jinghuan/node_40001/db/000132.sst, status: OK
I20230706 09:25:22.100311 2965985 event_listener.cc:127] [event_listener/table_file_deleted] db: /nvme/jinghuan/node_40001/db, sst file: /nvme/jinghuan/node_40001/db/000129.sst, status: OK
I20230706 09:25:22.105639 2965985 event_listener.cc:127] [event_listener/table_file_deleted] db: /nvme/jinghuan/node_40001/db, sst file: /nvme/jinghuan/node_40001/db/000126.sst, status: OK
I20230706 09:25:22.110466 2965985 event_listener.cc:127] [event_listener/table_file_deleted] db: /nvme/jinghuan/node_40001/db, sst file: /nvme/jinghuan/node_40001/db/000123.sst, status: OK
I20230706 09:25:22.115818 2965985 event_listener.cc:127] [event_listener/table_file_deleted] db: /nvme/jinghuan/node_40001/db, sst file: /nvme/jinghuan/node_40001/db/000119.sst, status: OK
I20230706 09:25:22.120806 2965985 event_listener.cc:127] [event_listener/table_file_deleted] db: /nvme/jinghuan/node_40001/db, sst file: /nvme/jinghuan/node_40001/db/000114.sst, status: OK
I20230706 09:25:22.126118 2965985 event_listener.cc:127] [event_listener/table_file_deleted] db: /nvme/jinghuan/node_40001/db, sst file: /nvme/jinghuan/node_40001/db/000111.sst, status: OK
I20230706 09:25:22.131510 2965985 event_listener.cc:127] [event_listener/table_file_deleted] db: /nvme/jinghuan/node_40001/db, sst file: /nvme/jinghuan/node_40001/db/000108.sst, status: OK
I20230706 09:25:24.638463 2965988 event_listener.cc:84] [event_listener/flush_begin] column family: default, thread_id: 2965988, job_id: 78, reason: 6
I20230706 09:25:24.967038 2965986 event_listener.cc:138] [event_listener/table_file_created] column family: default, file path: /nvme/jinghuan/node_40001/db/000143.sst, file size: 138660440, job id: 77, reason: compaction, status: OK
I20230706 09:25:27.077275 2965988 event_listener.cc:138] [event_listener/table_file_created] column family: default, file path: /nvme/jinghuan/node_40001/db/000145.sst, file size: 81377959, job id: 78, reason: flush, status: OK
I20230706 09:25:27.089995 2965988 event_listener.cc:91] [event_listener/flush_completed] column family: default, thread_id: 2965988, job_id: 78, file: /nvme/jinghuan/node_40001/db/000145.sst, reason: 6, is_write_slowdown: no, is_write_stall: no, largest seqno: 23693668, smallest seqno: 22991606
I20230706 09:25:28.024487 2966214 cluster.cc:286] MASTER MODE enabled by cluster topology setting
I20230706 09:25:28.165654 2966213 cluster.cc:923] function: Migrate compact-and-merge
I20230706 09:25:28.165683 2966213 slot_migrate_parallel.cc:32] [migrate] Start migrating slots, from slot: 6052 to slot: 6052. Slots are moving to 127.0.0.1:40002
I20230706 09:25:28.165691 2966213 cluster.cc:935] [cluster migration] Finished slot migration cmds sending, start to set nodes
I20230706 09:25:28.165736 2966209 slot_migrate.cc:165] [migrate] Migrating slot: -1, dst_ip: 127.0.0.1, dst_port: 40002, max_speed: 0, max_pipeline_size: 16
I20230706 09:25:28.166162 2966209 slot_migrate.cc:305] [migrate] Start migrating slot 6052, connect destination fd 70
I20230706 09:25:28.166194 2966209 slot_migrate.cc:195] [migrate] Succeed to start migrating slot 6052
I20230706 09:25:28.166210 2966209 slot_migrate_compact_and_merge.cc:25] [compact-and-merge] Start migrating snapshot of slot 
I20230706 09:25:29.067168 2965986 event_listener.cc:138] [event_listener/table_file_created] column family: default, file path: /nvme/jinghuan/node_40001/db/000146.sst, file size: 138701145, job id: 77, reason: compaction, status: OK
I20230706 09:25:31.675370 2965986 event_listener.cc:138] [event_listener/table_file_created] column family: default, file path: /nvme/jinghuan/node_40001/db/000148.sst, file size: 138700885, job id: 77, reason: compaction, status: OK
I20230706 09:25:32.322162 2965987 event_listener.cc:84] [event_listener/flush_begin] column family: default, thread_id: 2965987, job_id: 79, reason: 6
I20230706 09:25:34.476336 2965987 event_listener.cc:138] [event_listener/table_file_created] column family: default, file path: /nvme/jinghuan/node_40001/db/000151.sst, file size: 77230625, job id: 79, reason: flush, status: OK
I20230706 09:25:34.489452 2965987 event_listener.cc:91] [event_listener/flush_completed] column family: default, thread_id: 2965987, job_id: 79, file: /nvme/jinghuan/node_40001/db/000151.sst, reason: 6, is_write_slowdown: no, is_write_stall: no, largest seqno: 24359949, smallest seqno: 23693670
I20230706 09:25:35.669970 2965986 event_listener.cc:138] [event_listener/table_file_created] column family: default, file path: /nvme/jinghuan/node_40001/db/000149.sst, file size: 138701085, job id: 77, reason: compaction, status: OK
I20230706 09:25:38.182538 2965986 event_listener.cc:138] [event_listener/table_file_created] column family: default, file path: /nvme/jinghuan/node_40001/db/000152.sst, file size: 138741955, job id: 77, reason: compaction, status: OK
I20230706 09:25:40.391559 2965988 event_listener.cc:84] [event_listener/flush_begin] column family: default, thread_id: 2965988, job_id: 80, reason: 6
I20230706 09:25:41.274655 2965986 event_listener.cc:138] [event_listener/table_file_created] column family: default, file path: /nvme/jinghuan/node_40001/db/000154.sst, file size: 138797275, job id: 77, reason: compaction, status: OK
I20230706 09:25:42.382817 2965988 event_listener.cc:138] [event_listener/table_file_created] column family: default, file path: /nvme/jinghuan/node_40001/db/000156.sst, file size: 75359293, job id: 80, reason: flush, status: OK
I20230706 09:25:42.398197 2965988 event_listener.cc:91] [event_listener/flush_completed] column family: default, thread_id: 2965988, job_id: 80, file: /nvme/jinghuan/node_40001/db/000156.sst, reason: 6, is_write_slowdown: no, is_write_stall: no, largest seqno: 25010093, smallest seqno: 24359951
I20230706 09:25:42.408587 2965987 event_listener.cc:84] [event_listener/flush_begin] column family: metadata, thread_id: 2965987, job_id: 81, reason: 13
I20230706 09:25:42.972887 2965987 event_listener.cc:138] [event_listener/table_file_created] column family: metadata, file path: /nvme/jinghuan/node_40001/db/000159.sst, file size: 19240589, job id: 81, reason: flush, status: OK
I20230706 09:25:42.979220 2965987 event_listener.cc:91] [event_listener/flush_completed] column family: metadata, thread_id: 2965987, job_id: 81, file: /nvme/jinghuan/node_40001/db/000159.sst, reason: 13, is_write_slowdown: no, is_write_stall: no, largest seqno: 25180858, smallest seqno: 22032988
I20230706 09:25:44.900545 2965986 event_listener.cc:138] [event_listener/table_file_created] column family: default, file path: /nvme/jinghuan/node_40001/db/000157.sst, file size: 138797323, job id: 77, reason: compaction, status: OK
I20230706 09:25:47.394838 2965986 event_listener.cc:138] [event_listener/table_file_created] column family: default, file path: /nvme/jinghuan/node_40001/db/000161.sst, file size: 138798180, job id: 77, reason: compaction, status: OK
I20230706 09:25:48.567760 2965988 event_listener.cc:84] [event_listener/flush_begin] column family: default, thread_id: 2965988, job_id: 82, reason: 6
I20230706 09:25:50.604840 2965988 event_listener.cc:138] [event_listener/table_file_created] column family: default, file path: /nvme/jinghuan/node_40001/db/000164.sst, file size: 75919741, job id: 82, reason: flush, status: OK
I20230706 09:25:50.613587 2965988 event_listener.cc:91] [event_listener/flush_completed] column family: default, thread_id: 2965988, job_id: 82, file: /nvme/jinghuan/node_40001/db/000164.sst, reason: 6, is_write_slowdown: no, is_write_stall: no, largest seqno: 25665088, smallest seqno: 25010095
I20230706 09:25:51.099977 2965986 event_listener.cc:138] [event_listener/table_file_created] column family: default, file path: /nvme/jinghuan/node_40001/db/000162.sst, file size: 138706981, job id: 77, reason: compaction, status: OK
I20230706 09:25:53.425384 2965986 event_listener.cc:138] [event_listener/table_file_created] column family: default, file path: /nvme/jinghuan/node_40001/db/000165.sst, file size: 138671568, job id: 77, reason: compaction, status: OK
I20230706 09:25:55.802358 2965986 event_listener.cc:138] [event_listener/table_file_created] column family: default, file path: /nvme/jinghuan/node_40001/db/000167.sst, file size: 138678863, job id: 77, reason: compaction, status: OK
I20230706 09:25:57.004290 2965987 event_listener.cc:84] [event_listener/flush_begin] column family: default, thread_id: 2965987, job_id: 83, reason: 6
I20230706 09:25:58.918853 2965987 event_listener.cc:138] [event_listener/table_file_created] column family: default, file path: /nvme/jinghuan/node_40001/db/000170.sst, file size: 75231483, job id: 83, reason: flush, status: OK
I20230706 09:25:58.934190 2965987 event_listener.cc:91] [event_listener/flush_completed] column family: default, thread_id: 2965987, job_id: 83, file: /nvme/jinghuan/node_40001/db/000170.sst, reason: 6, is_write_slowdown: no, is_write_stall: no, largest seqno: 26314121, smallest seqno: 25665090
I20230706 09:25:59.315299 2965986 event_listener.cc:138] [event_listener/table_file_created] column family: default, file path: /nvme/jinghuan/node_40001/db/000168.sst, file size: 138678789, job id: 77, reason: compaction, status: OK
I20230706 09:26:01.620498 2965986 event_listener.cc:138] [event_listener/table_file_created] column family: default, file path: /nvme/jinghuan/node_40001/db/000171.sst, file size: 138678926, job id: 77, reason: compaction, status: OK
I20230706 09:26:03.823040 2965986 event_listener.cc:138] [event_listener/table_file_created] column family: default, file path: /nvme/jinghuan/node_40001/db/000173.sst, file size: 138692488, job id: 77, reason: compaction, status: OK
I20230706 09:26:05.713022 2965988 event_listener.cc:84] [event_listener/flush_begin] column family: default, thread_id: 2965988, job_id: 84, reason: 6
I20230706 09:26:06.620784 2965986 event_listener.cc:138] [event_listener/table_file_created] column family: default, file path: /nvme/jinghuan/node_40001/db/000174.sst, file size: 138728849, job id: 77, reason: compaction, status: OK
I20230706 09:26:07.620817 2965988 event_listener.cc:138] [event_listener/table_file_created] column family: default, file path: /nvme/jinghuan/node_40001/db/000176.sst, file size: 80702319, job id: 84, reason: flush, status: OK
I20230706 09:26:07.627156 2965988 event_listener.cc:91] [event_listener/flush_completed] column family: default, thread_id: 2965988, job_id: 84, file: /nvme/jinghuan/node_40001/db/000176.sst, reason: 6, is_write_slowdown: no, is_write_stall: no, largest seqno: 27010366, smallest seqno: 26314123
I20230706 09:26:09.525610 2965986 event_listener.cc:138] [event_listener/table_file_created] column family: default, file path: /nvme/jinghuan/node_40001/db/000177.sst, file size: 138728832, job id: 77, reason: compaction, status: OK
I20230706 09:26:11.729094 2965986 event_listener.cc:138] [event_listener/table_file_created] column family: default, file path: /nvme/jinghuan/node_40001/db/000178.sst, file size: 138728803, job id: 77, reason: compaction, status: OK
I20230706 09:26:13.856261 2965986 event_listener.cc:138] [event_listener/table_file_created] column family: default, file path: /nvme/jinghuan/node_40001/db/000180.sst, file size: 138728871, job id: 77, reason: compaction, status: OK
I20230706 09:26:14.086447 2965987 event_listener.cc:84] [event_listener/flush_begin] column family: default, thread_id: 2965987, job_id: 85, reason: 6
I20230706 09:26:14.754460 2965986 event_listener.cc:138] [event_listener/table_file_created] column family: default, file path: /nvme/jinghuan/node_40001/db/000181.sst, file size: 26421890, job id: 77, reason: compaction, status: OK
I20230706 09:26:14.846088 2965986 event_listener.cc:71] [event_listener/compaction_completed] column family: default, compaction reason: 1, output compression type: no, base input level(files): 0(11), output level(files): 1(19), input bytes: 2525175143, output bytes:2523343148, is_manual_compaction:no, elapsed(micro): 52670872
I20230706 09:26:15.467731 2965987 event_listener.cc:138] [event_listener/table_file_created] column family: default, file path: /nvme/jinghuan/node_40001/db/000183.sst, file size: 78391167, job id: 85, reason: flush, status: OK
I20230706 09:26:15.476614 2965987 event_listener.cc:91] [event_listener/flush_completed] column family: default, thread_id: 2965987, job_id: 85, file: /nvme/jinghuan/node_40001/db/000183.sst, reason: 6, is_write_slowdown: no, is_write_stall: no, largest seqno: 27686679, smallest seqno: 27010368
I20230706 09:26:15.482539 2965987 event_listener.cc:127] [event_listener/table_file_deleted] db: /nvme/jinghuan/node_40001/db, sst file: /nvme/jinghuan/node_40001/db/000141.sst, status: OK
I20230706 09:26:15.488250 2965987 event_listener.cc:127] [event_listener/table_file_deleted] db: /nvme/jinghuan/node_40001/db, sst file: /nvme/jinghuan/node_40001/db/000138.sst, status: OK
I20230706 09:26:15.507614 2965987 event_listener.cc:127] [event_listener/table_file_deleted] db: /nvme/jinghuan/node_40001/db, sst file: /nvme/jinghuan/node_40001/db/000136.sst, status: OK
I20230706 09:26:15.529031 2965987 event_listener.cc:127] [event_listener/table_file_deleted] db: /nvme/jinghuan/node_40001/db, sst file: /nvme/jinghuan/node_40001/db/000121.sst, status: OK
I20230706 09:26:15.546298 2965987 event_listener.cc:127] [event_listener/table_file_deleted] db: /nvme/jinghuan/node_40001/db, sst file: /nvme/jinghuan/node_40001/db/000106.sst, status: OK
I20230706 09:26:15.568279 2965987 event_listener.cc:127] [event_listener/table_file_deleted] db: /nvme/jinghuan/node_40001/db, sst file: /nvme/jinghuan/node_40001/db/000094.sst, status: OK
I20230706 09:26:15.589866 2965987 event_listener.cc:127] [event_listener/table_file_deleted] db: /nvme/jinghuan/node_40001/db, sst file: /nvme/jinghuan/node_40001/db/000076.sst, status: OK
I20230706 09:26:15.610599 2965987 event_listener.cc:127] [event_listener/table_file_deleted] db: /nvme/jinghuan/node_40001/db, sst file: /nvme/jinghuan/node_40001/db/000061.sst, status: OK
I20230706 09:26:15.613281 2965987 event_listener.cc:127] [event_listener/table_file_deleted] db: /nvme/jinghuan/node_40001/db, sst file: /nvme/jinghuan/node_40001/db/000059.sst, status: OK
I20230706 09:26:15.636518 2965987 event_listener.cc:127] [event_listener/table_file_deleted] db: /nvme/jinghuan/node_40001/db, sst file: /nvme/jinghuan/node_40001/db/000047.sst, status: OK
I20230706 09:26:15.646654 2965987 event_listener.cc:127] [event_listener/table_file_deleted] db: /nvme/jinghuan/node_40001/db, sst file: /nvme/jinghuan/node_40001/db/000043.sst, status: OK
I20230706 09:26:15.646776 2966209 slot_migrate_compact_and_merge.cc:28] [compact-and-merge] db pause finished
I20230706 09:26:15.646816 2966209 slot_migrate_compact_and_merge.cc:40] Prefix extracted, time taken (us): 5
I20230706 09:26:15.646994 2966209 slot_migrate_compact_and_merge.cc:59] Meta file located, time taken(us): 1
I20230706 09:26:15.647006 2966209 slot_migrate_compact_and_merge.cc:70] Subkey file located, time taken(us): 0
I20230706 09:26:15.647015 2966209 slot_migrate_compact_and_merge.cc:81] Meta file list: ]
I20230706 09:26:15.647024 2966209 slot_migrate_compact_and_merge.cc:90] Subkey file list: ]
I20230706 09:26:15.647253 2966209 slot_migrate.cc:209] Finished sending snapshot, time taken(us): 47481042, seek time taken(us): 0, network response time taken(us): 0
E20230706 09:26:15.647269 2966209 slot_migrate.cc:216] [migrate] Failed to send snapshot of slot 6052. Error: Compaction error:Invalid argument: A compaction must contain at least one file.
I20230706 09:26:15.647589 2966209 slot_migrate.cc:255] [migrate] Failed to migrate a slot6052
I20230706 09:26:15.647608 2966209 slot_migrate.cc:438] [migrate] Clean resources of migrating slot 6052
I20230706 09:26:17.798259 2965985 event_listener.cc:138] [event_listener/table_file_created] column family: metadata, file path: /nvme/jinghuan/node_40001/db/000184.sst, file size: 138145899, job id: 87, reason: compaction, status: OK
I20230706 09:26:18.043900 2965985 event_listener.cc:138] [event_listener/table_file_created] column family: metadata, file path: /nvme/jinghuan/node_40001/db/000185.sst, file size: 13900341, job id: 87, reason: compaction, status: OK
I20230706 09:26:18.066423 2965985 event_listener.cc:71] [event_listener/compaction_completed] column family: metadata, compaction reason: 1, output compression type: no, base input level(files): 0(5), output level(files): 1(2), input bytes: 153234557, output bytes:152046240, is_manual_compaction:no, elapsed(micro): 2396410
I20230706 09:26:18.069705 2965985 event_listener.cc:127] [event_listener/table_file_deleted] db: /nvme/jinghuan/node_40001/db, sst file: /nvme/jinghuan/node_40001/db/000159.sst, status: OK
I20230706 09:26:18.072721 2965985 event_listener.cc:127] [event_listener/table_file_deleted] db: /nvme/jinghuan/node_40001/db, sst file: /nvme/jinghuan/node_40001/db/000135.sst, status: OK
I20230706 09:26:18.074932 2965985 event_listener.cc:127] [event_listener/table_file_deleted] db: /nvme/jinghuan/node_40001/db, sst file: /nvme/jinghuan/node_40001/db/000117.sst, status: OK
I20230706 09:26:18.076586 2965985 event_listener.cc:127] [event_listener/table_file_deleted] db: /nvme/jinghuan/node_40001/db, sst file: /nvme/jinghuan/node_40001/db/000100.sst, status: OK
I20230706 09:26:18.082150 2965985 event_listener.cc:127] [event_listener/table_file_deleted] db: /nvme/jinghuan/node_40001/db, sst file: /nvme/jinghuan/node_40001/db/000090.sst, status: OK
I20230706 09:26:18.091166 2965986 event_listener.cc:71] [event_listener/compaction_completed] column family: default, compaction reason: 2, output compression type: no, base input level(files): 1(1), output level(files): 2(1), input bytes: 0, output bytes:0, is_manual_compaction:no, elapsed(micro): 0
I20230706 09:26:20.169238 2965986 event_listener.cc:138] [event_listener/table_file_created] column family: metadata, file path: /nvme/jinghuan/node_40001/db/000186.sst, file size: 138145899, job id: 89, reason: compaction, status: OK
I20230706 09:26:20.179354 2965986 event_listener.cc:71] [event_listener/compaction_completed] column family: metadata, compaction reason: 11, output compression type: no, base input level(files): 1(1), output level(files): 1(1), input bytes: 138145899, output bytes:138145899, is_manual_compaction:no, elapsed(micro): 2078013
I20230706 09:26:20.191771 2965986 event_listener.cc:127] [event_listener/table_file_deleted] db: /nvme/jinghuan/node_40001/db, sst file: /nvme/jinghuan/node_40001/db/000184.sst, status: OK
I20230706 09:26:20.198052 2965986 event_listener.cc:71] [event_listener/compaction_completed] column family: default, compaction reason: 2, output compression type: no, base input level(files): 1(1), output level(files): 2(1), input bytes: 0, output bytes:0, is_manual_compaction:no, elapsed(micro): 0
I20230706 09:26:20.414640 2965986 event_listener.cc:138] [event_listener/table_file_created] column family: metadata, file path: /nvme/jinghuan/node_40001/db/000188.sst, file size: 13900341, job id: 91, reason: compaction, status: OK
I20230706 09:26:20.421262 2965986 event_listener.cc:71] [event_listener/compaction_completed] column family: metadata, compaction reason: 11, output compression type: no, base input level(files): 1(1), output level(files): 1(1), input bytes: 13900341, output bytes:13900341, is_manual_compaction:no, elapsed(micro): 216555
I20230706 09:26:20.423014 2965986 event_listener.cc:127] [event_listener/table_file_deleted] db: /nvme/jinghuan/node_40001/db, sst file: /nvme/jinghuan/node_40001/db/000185.sst, status: OK
I20230706 09:26:20.429337 2965986 event_listener.cc:71] [event_listener/compaction_completed] column family: default, compaction reason: 2, output compression type: no, base input level(files): 1(1), output level(files): 2(1), input bytes: 0, output bytes:0, is_manual_compaction:no, elapsed(micro): 0
I20230706 09:26:20.435639 2965986 event_listener.cc:71] [event_listener/compaction_completed] column family: default, compaction reason: 2, output compression type: no, base input level(files): 1(1), output level(files): 2(1), input bytes: 0, output bytes:0, is_manual_compaction:no, elapsed(micro): 0
I20230706 09:26:20.441938 2965986 event_listener.cc:71] [event_listener/compaction_completed] column family: default, compaction reason: 2, output compression type: no, base input level(files): 1(1), output level(files): 2(1), input bytes: 0, output bytes:0, is_manual_compaction:no, elapsed(micro): 0
I20230706 09:26:20.450444 2965986 event_listener.cc:71] [event_listener/compaction_completed] column family: default, compaction reason: 2, output compression type: no, base input level(files): 1(1), output level(files): 2(1), input bytes: 0, output bytes:0, is_manual_compaction:no, elapsed(micro): 0
I20230706 09:26:20.456717 2965986 event_listener.cc:71] [event_listener/compaction_completed] column family: default, compaction reason: 2, output compression type: no, base input level(files): 1(1), output level(files): 2(1), input bytes: 0, output bytes:0, is_manual_compaction:no, elapsed(micro): 0
I20230706 09:26:20.463980 2965986 event_listener.cc:71] [event_listener/compaction_completed] column family: default, compaction reason: 2, output compression type: no, base input level(files): 1(1), output level(files): 2(1), input bytes: 0, output bytes:0, is_manual_compaction:no, elapsed(micro): 0
I20230706 09:26:20.472632 2965986 event_listener.cc:71] [event_listener/compaction_completed] column family: default, compaction reason: 2, output compression type: no, base input level(files): 1(1), output level(files): 2(1), input bytes: 0, output bytes:0, is_manual_compaction:no, elapsed(micro): 0
I20230706 09:26:20.482254 2965986 event_listener.cc:71] [event_listener/compaction_completed] column family: default, compaction reason: 2, output compression type: no, base input level(files): 1(1), output level(files): 2(1), input bytes: 0, output bytes:0, is_manual_compaction:no, elapsed(micro): 0
I20230706 09:26:20.488936 2965986 event_listener.cc:71] [event_listener/compaction_completed] column family: default, compaction reason: 2, output compression type: no, base input level(files): 1(1), output level(files): 2(1), input bytes: 0, output bytes:0, is_manual_compaction:no, elapsed(micro): 0
I20230706 09:26:22.575054 2965986 event_listener.cc:138] [event_listener/table_file_created] column family: default, file path: /nvme/jinghuan/node_40001/db/000189.sst, file size: 138651874, job id: 101, reason: compaction, status: OK
I20230706 09:26:22.803721 2965988 event_listener.cc:84] [event_listener/flush_begin] column family: metadata, thread_id: 2965988, job_id: 102, reason: 13
I20230706 09:26:22.976784 2965987 event_listener.cc:84] [event_listener/flush_begin] column family: default, thread_id: 2965987, job_id: 103, reason: 6
I20230706 09:26:23.488137 2965988 event_listener.cc:138] [event_listener/table_file_created] column family: metadata, file path: /nvme/jinghuan/node_40001/db/000192.sst, file size: 19247226, job id: 102, reason: flush, status: OK
I20230706 09:26:23.497066 2965988 event_listener.cc:91] [event_listener/flush_completed] column family: metadata, thread_id: 2965988, job_id: 102, file: /nvme/jinghuan/node_40001/db/000192.sst, reason: 13, is_write_slowdown: no, is_write_stall: no, largest seqno: 28328772, smallest seqno: 25180869
I20230706 09:26:24.973491 2965987 event_listener.cc:138] [event_listener/table_file_created] column family: default, file path: /nvme/jinghuan/node_40001/db/000194.sst, file size: 76251673, job id: 103, reason: flush, status: OK
I20230706 09:26:24.979866 2965987 event_listener.cc:91] [event_listener/flush_completed] column family: default, thread_id: 2965987, job_id: 103, file: /nvme/jinghuan/node_40001/db/000194.sst, reason: 6, is_write_slowdown: no, is_write_stall: no, largest seqno: 28344523, smallest seqno: 27686681
I20230706 09:26:27.074399 2965986 event_listener.cc:138] [event_listener/table_file_created] column family: default, file path: /nvme/jinghuan/node_40001/db/000190.sst, file size: 138700004, job id: 101, reason: compaction, status: OK
I20230706 09:26:31.182955 2965986 event_listener.cc:138] [event_listener/table_file_created] column family: default, file path: /nvme/jinghuan/node_40001/db/000196.sst, file size: 138700015, job id: 101, reason: compaction, status: OK
I20230706 09:26:31.513556 2965988 event_listener.cc:84] [event_listener/flush_begin] column family: default, thread_id: 2965988, job_id: 105, reason: 6
I20230706 09:26:33.788620 2965988 event_listener.cc:138] [event_listener/table_file_created] column family: default, file path: /nvme/jinghuan/node_40001/db/000200.sst, file size: 75511453, job id: 105, reason: flush, status: OK
I20230706 09:26:33.802034 2965988 event_listener.cc:91] [event_listener/flush_completed] column family: default, thread_id: 2965988, job_id: 105, file: /nvme/jinghuan/node_40001/db/000200.sst, reason: 6, is_write_slowdown: no, is_write_stall: no, largest seqno: 28995954, smallest seqno: 28344525
I20230706 09:26:36.380755 2965986 event_listener.cc:138] [event_listener/table_file_created] column family: default, file path: /nvme/jinghuan/node_40001/db/000198.sst, file size: 138700013, job id: 101, reason: compaction, status: OK
I20230706 09:26:40.482426 2965986 event_listener.cc:138] [event_listener/table_file_created] column family: default, file path: /nvme/jinghuan/node_40001/db/000202.sst, file size: 138699950, job id: 101, reason: compaction, status: OK
I20230706 09:26:40.557508 2965987 event_listener.cc:84] [event_listener/flush_begin] column family: default, thread_id: 2965987, job_id: 106, reason: 6
I20230706 09:26:42.895521 2965987 event_listener.cc:138] [event_listener/table_file_created] column family: default, file path: /nvme/jinghuan/node_40001/db/000205.sst, file size: 77446246, job id: 106, reason: flush, status: OK
I20230706 09:26:42.910365 2965987 event_listener.cc:91] [event_listener/flush_completed] column family: default, thread_id: 2965987, job_id: 106, file: /nvme/jinghuan/node_40001/db/000205.sst, reason: 6, is_write_slowdown: no, is_write_stall: no, largest seqno: 29664072, smallest seqno: 28995956
I20230706 09:26:44.885244 2965985 event_listener.cc:138] [event_listener/table_file_created] column family: default, file path: /nvme/jinghuan/node_40001/db/000195.sst, file size: 620148527, job id: 104, reason: compaction, status: OK
I20230706 09:26:44.919612 2965985 event_listener.cc:71] [event_listener/compaction_completed] column family: default, compaction reason: 1, output compression type: no, base input level(files): 0(8), output level(files): 0(1), input bytes: 620464260, output bytes:620148527, is_manual_compaction:no, elapsed(micro): 19905304
I20230706 09:26:45.310269 2965986 event_listener.cc:138] [event_listener/table_file_created] column family: default, file path: /nvme/jinghuan/node_40001/db/000203.sst, file size: 138776682, job id: 101, reason: compaction, status: OK
I20230706 09:26:47.218564 2965986 event_listener.cc:138] [event_listener/table_file_created] column family: default, file path: /nvme/jinghuan/node_40001/db/000207.sst, file size: 138796084, job id: 101, reason: compaction, status: OK
I20230706 09:26:48.876943 2965988 event_listener.cc:84] [event_listener/flush_begin] column family: default, thread_id: 2965988, job_id: 107, reason: 6
I20230706 09:26:49.687309 2965986 event_listener.cc:138] [event_listener/table_file_created] column family: default, file path: /nvme/jinghuan/node_40001/db/000208.sst, file size: 138796143, job id: 101, reason: compaction, status: OK
I20230706 09:26:50.394738 2965988 event_listener.cc:138] [event_listener/table_file_created] column family: default, file path: /nvme/jinghuan/node_40001/db/000210.sst, file size: 77712253, job id: 107, reason: flush, status: OK
I20230706 09:26:50.411409 2965988 event_listener.cc:91] [event_listener/flush_completed] column family: default, thread_id: 2965988, job_id: 107, file: /nvme/jinghuan/node_40001/db/000210.sst, reason: 6, is_write_slowdown: no, is_write_stall: no, largest seqno: 30334489, smallest seqno: 29664074
I20230706 09:26:52.088886 2965986 event_listener.cc:138] [event_listener/table_file_created] column family: default, file path: /nvme/jinghuan/node_40001/db/000211.sst, file size: 138676710, job id: 101, reason: compaction, status: OK
I20230706 09:26:52.137601 2965986 event_listener.cc:71] [event_listener/compaction_completed] column family: default, compaction reason: 2, output compression type: no, base input level(files): 1(9), output level(files): 2(9), input bytes: 1248628010, output bytes:1248497475, is_manual_compaction:no, elapsed(micro): 31599864
I20230706 09:26:52.143386 2965986 event_listener.cc:127] [event_listener/table_file_deleted] db: /nvme/jinghuan/node_40001/db, sst file: /nvme/jinghuan/node_40001/db/000194.sst, status: OK
I20230706 09:26:52.149559 2965986 event_listener.cc:127] [event_listener/table_file_deleted] db: /nvme/jinghuan/node_40001/db, sst file: /nvme/jinghuan/node_40001/db/000183.sst, status: OK
I20230706 09:26:52.155189 2965986 event_listener.cc:127] [event_listener/table_file_deleted] db: /nvme/jinghuan/node_40001/db, sst file: /nvme/jinghuan/node_40001/db/000176.sst, status: OK
I20230706 09:26:52.160212 2965986 event_listener.cc:127] [event_listener/table_file_deleted] db: /nvme/jinghuan/node_40001/db, sst file: /nvme/jinghuan/node_40001/db/000170.sst, status: OK
I20230706 09:26:52.165242 2965986 event_listener.cc:127] [event_listener/table_file_deleted] db: /nvme/jinghuan/node_40001/db, sst file: /nvme/jinghuan/node_40001/db/000164.sst, status: OK
I20230706 09:26:52.173213 2965986 event_listener.cc:127] [event_listener/table_file_deleted] db: /nvme/jinghuan/node_40001/db, sst file: /nvme/jinghuan/node_40001/db/000161.sst, status: OK
I20230706 09:26:52.181229 2965986 event_listener.cc:127] [event_listener/table_file_deleted] db: /nvme/jinghuan/node_40001/db, sst file: /nvme/jinghuan/node_40001/db/000157.sst, status: OK
I20230706 09:26:52.186184 2965986 event_listener.cc:127] [event_listener/table_file_deleted] db: /nvme/jinghuan/node_40001/db, sst file: /nvme/jinghuan/node_40001/db/000156.sst, status: OK
I20230706 09:26:52.194408 2965986 event_listener.cc:127] [event_listener/table_file_deleted] db: /nvme/jinghuan/node_40001/db, sst file: /nvme/jinghuan/node_40001/db/000154.sst, status: OK
I20230706 09:26:52.202553 2965986 event_listener.cc:127] [event_listener/table_file_deleted] db: /nvme/jinghuan/node_40001/db, sst file: /nvme/jinghuan/node_40001/db/000152.sst, status: OK
I20230706 09:26:52.207664 2965986 event_listener.cc:127] [event_listener/table_file_deleted] db: /nvme/jinghuan/node_40001/db, sst file: /nvme/jinghuan/node_40001/db/000151.sst, status: OK
I20230706 09:26:52.215597 2965986 event_listener.cc:127] [event_listener/table_file_deleted] db: /nvme/jinghuan/node_40001/db, sst file: /nvme/jinghuan/node_40001/db/000149.sst, status: OK
I20230706 09:26:52.223719 2965986 event_listener.cc:127] [event_listener/table_file_deleted] db: /nvme/jinghuan/node_40001/db, sst file: /nvme/jinghuan/node_40001/db/000148.sst, status: OK
I20230706 09:26:52.231838 2965986 event_listener.cc:127] [event_listener/table_file_deleted] db: /nvme/jinghuan/node_40001/db, sst file: /nvme/jinghuan/node_40001/db/000146.sst, status: OK
I20230706 09:26:52.237537 2965986 event_listener.cc:127] [event_listener/table_file_deleted] db: /nvme/jinghuan/node_40001/db, sst file: /nvme/jinghuan/node_40001/db/000145.sst, status: OK
I20230706 09:26:52.247025 2965986 event_listener.cc:127] [event_listener/table_file_deleted] db: /nvme/jinghuan/node_40001/db, sst file: /nvme/jinghuan/node_40001/db/000143.sst, status: OK
I20230706 09:26:52.258328 2965986 event_listener.cc:127] [event_listener/table_file_deleted] db: /nvme/jinghuan/node_40001/db, sst file: /nvme/jinghuan/node_40001/db/000032.sst, status: OK
I20230706 09:26:54.048993 2965985 event_listener.cc:138] [event_listener/table_file_created] column family: default, file path: /nvme/jinghuan/node_40001/db/000212.sst, file size: 138682733, job id: 108, reason: compaction, status: OK
