Log file created at: 2023/07/06 09:22:50
Running on machine: en4217754l
Running duration (h:mm:ss): 0:00:00
Log line format: [IWEF]yyyymmdd hh:mm:ss.uuuuuu threadid file:line] msg
I20230706 09:22:50.890553 2965970 main.cc:328] kvrocks unstable (commit 4a10c89)
I20230706 09:22:51.303565 2965970 storage.cc:322] [storage] Success to load the data from disk: 99 ms
I20230706 09:22:51.304780 2965970 worker.cc:72] [worker] Listening on: 10.218.109.65:40001
I20230706 09:22:51.304836 2965970 worker.cc:72] [worker] Listening on: 127.0.0.1:40001
I20230706 09:22:51.305270 2965970 worker.cc:72] [worker] Listening on: 10.218.109.65:40001
I20230706 09:22:51.305311 2965970 worker.cc:72] [worker] Listening on: 127.0.0.1:40001
I20230706 09:22:51.305629 2965970 worker.cc:72] [worker] Listening on: 10.218.109.65:40001
I20230706 09:22:51.305667 2965970 worker.cc:72] [worker] Listening on: 127.0.0.1:40001
I20230706 09:22:51.305966 2965970 worker.cc:72] [worker] Listening on: 10.218.109.65:40001
I20230706 09:22:51.306002 2965970 worker.cc:72] [worker] Listening on: 127.0.0.1:40001
I20230706 09:22:51.306285 2965970 worker.cc:72] [worker] Listening on: 10.218.109.65:40001
I20230706 09:22:51.306321 2965970 worker.cc:72] [worker] Listening on: 127.0.0.1:40001
I20230706 09:22:51.306614 2965970 worker.cc:72] [worker] Listening on: 10.218.109.65:40001
I20230706 09:22:51.306650 2965970 worker.cc:72] [worker] Listening on: 127.0.0.1:40001
I20230706 09:22:51.306929 2965970 worker.cc:72] [worker] Listening on: 10.218.109.65:40001
I20230706 09:22:51.306965 2965970 worker.cc:72] [worker] Listening on: 127.0.0.1:40001
I20230706 09:22:51.307242 2965970 worker.cc:72] [worker] Listening on: 10.218.109.65:40001
I20230706 09:22:51.307278 2965970 worker.cc:72] [worker] Listening on: 127.0.0.1:40001
W20230706 09:22:51.307555 2965970 server.cc:1650] [server] Increased maximum number of open files to 14224 (it's originally set to 1024)
I20230706 09:22:51.307862 2965970 cluster.cc:643] The cluster nodes file /nvme/jinghuan/node_40001/nodes.conf is not found. Use CLUSTERX subcommands to specify it.
I20230706 09:22:51.307881 2965970 cluster.cc:643] The cluster nodes file /nvme/jinghuan/node_40001/nodes.conf is not found. Use CLUSTERX subcommands to specify it.
I20230706 09:22:51.310716 2965970 worker.cc:519] [worker] Thread #139734210803456 started
I20230706 09:22:51.310752 2965970 worker.cc:519] [worker] Thread #139734219196160 started
I20230706 09:22:51.310803 2965970 worker.cc:519] [worker] Thread #139734647424768 started
I20230706 09:22:51.310853 2965970 worker.cc:519] [worker] Thread #139734639032064 started
I20230706 09:22:51.310900 2965970 worker.cc:519] [worker] Thread #139734630639360 started
I20230706 09:22:51.310950 2965970 worker.cc:519] [worker] Thread #139734622246656 started
I20230706 09:22:51.310997 2965970 worker.cc:519] [worker] Thread #139734277945088 started
I20230706 09:22:51.311055 2965970 worker.cc:519] [worker] Thread #139734269552384 started
I20230706 09:22:51.311213 2965970 server.cc:211] [server] Ready to accept connections
I20230706 09:22:51.922598 2966218 cluster.cc:286] MASTER MODE enabled by cluster topology setting
I20230706 09:22:54.389312 2965987 event_listener.cc:84] [event_listener/flush_begin] column family: default, thread_id: 2965987, job_id: 3, reason: 6
I20230706 09:22:54.828485 2965987 event_listener.cc:138] [event_listener/table_file_created] column family: default, file path: /nvme/jinghuan/node_40001/db/000016.sst, file size: 83265799, job id: 3, reason: flush, status: OK
I20230706 09:22:54.834736 2965987 event_listener.cc:91] [event_listener/flush_completed] column family: default, thread_id: 2965987, job_id: 3, file: /nvme/jinghuan/node_40001/db/000016.sst, reason: 6, is_write_slowdown: no, is_write_stall: no, largest seqno: 718398, smallest seqno: 1
I20230706 09:22:55.560636 2965985 event_listener.cc:138] [event_listener/table_file_created] column family: default, file path: /nvme/jinghuan/node_40001/db/000017.sst, file size: 83265795, job id: 4, reason: compaction, status: OK
I20230706 09:22:55.577137 2965985 event_listener.cc:71] [event_listener/compaction_completed] column family: default, compaction reason: 11, output compression type: no, base input level(files): 0(1), output level(files): 0(1), input bytes: 83265799, output bytes:83265795, is_manual_compaction:no, elapsed(micro): 725824
I20230706 09:22:55.583892 2965985 event_listener.cc:127] [event_listener/table_file_deleted] db: /nvme/jinghuan/node_40001/db, sst file: /nvme/jinghuan/node_40001/db/000016.sst, status: OK
I20230706 09:22:56.773698 2965988 event_listener.cc:84] [event_listener/flush_begin] column family: default, thread_id: 2965988, job_id: 5, reason: 6
I20230706 09:22:57.177361 2965988 event_listener.cc:138] [event_listener/table_file_created] column family: default, file path: /nvme/jinghuan/node_40001/db/000020.sst, file size: 78015997, job id: 5, reason: flush, status: OK
I20230706 09:22:57.186811 2965988 event_listener.cc:91] [event_listener/flush_completed] column family: default, thread_id: 2965988, job_id: 5, file: /nvme/jinghuan/node_40001/db/000020.sst, reason: 6, is_write_slowdown: no, is_write_stall: no, largest seqno: 1391488, smallest seqno: 718400
I20230706 09:22:59.216837 2965987 event_listener.cc:84] [event_listener/flush_begin] column family: default, thread_id: 2965987, job_id: 6, reason: 6
I20230706 09:22:59.771337 2965987 event_listener.cc:138] [event_listener/table_file_created] column family: default, file path: /nvme/jinghuan/node_40001/db/000023.sst, file size: 77923928, job id: 6, reason: flush, status: OK
I20230706 09:22:59.777989 2965987 event_listener.cc:91] [event_listener/flush_completed] column family: default, thread_id: 2965987, job_id: 6, file: /nvme/jinghuan/node_40001/db/000023.sst, reason: 6, is_write_slowdown: no, is_write_stall: no, largest seqno: 2063720, smallest seqno: 1391490
I20230706 09:23:01.753861 2965988 event_listener.cc:84] [event_listener/flush_begin] column family: default, thread_id: 2965988, job_id: 7, reason: 6
W20230706 09:23:02.942251 2966216 event_listener.cc:132] [event_listener/stall_cond_changed] column family: default write stall condition was changed, from normal to delay
I20230706 09:23:03.261510 2965987 event_listener.cc:84] [event_listener/flush_begin] column family: metadata, thread_id: 2965987, job_id: 8, reason: 13
I20230706 09:23:04.774129 2965987 event_listener.cc:138] [event_listener/table_file_created] column family: metadata, file path: /nvme/jinghuan/node_40001/db/000029.sst, file size: 19243701, job id: 8, reason: flush, status: OK
I20230706 09:23:04.786276 2965987 event_listener.cc:91] [event_listener/flush_completed] column family: metadata, thread_id: 2965987, job_id: 8, file: /nvme/jinghuan/node_40001/db/000029.sst, reason: 13, is_write_slowdown: no, is_write_stall: no, largest seqno: 3147562, smallest seqno: 11
I20230706 09:23:04.809419 2965987 event_listener.cc:84] [event_listener/flush_begin] column family: default, thread_id: 2965987, job_id: 9, reason: 6
I20230706 09:23:04.874528 2965988 event_listener.cc:138] [event_listener/table_file_created] column family: default, file path: /nvme/jinghuan/node_40001/db/000026.sst, file size: 77736154, job id: 7, reason: flush, status: OK
I20230706 09:23:04.889694 2965988 event_listener.cc:91] [event_listener/flush_completed] column family: default, thread_id: 2965988, job_id: 7, file: /nvme/jinghuan/node_40001/db/000026.sst, reason: 6, is_write_slowdown: no, is_write_stall: no, largest seqno: 2734346, smallest seqno: 2063722
W20230706 09:23:04.890074 2965988 event_listener.cc:132] [event_listener/stall_cond_changed] column family: default write stall condition was changed, from stop to normal
W20230706 09:23:04.890271 2966216 event_listener.cc:132] [event_listener/stall_cond_changed] column family: default write stall condition was changed, from delay to stop
W20230706 09:23:06.283169 2966218 event_listener.cc:132] [event_listener/stall_cond_changed] column family: default write stall condition was changed, from normal to delay
I20230706 09:23:07.723997 2965988 event_listener.cc:84] [event_listener/flush_begin] column family: default, thread_id: 2965988, job_id: 12, reason: 6
I20230706 09:23:08.171941 2965985 event_listener.cc:138] [event_listener/table_file_created] column family: metadata, file path: /nvme/jinghuan/node_40001/db/000034.sst, file size: 19243697, job id: 11, reason: compaction, status: OK
I20230706 09:23:08.179379 2965985 event_listener.cc:71] [event_listener/compaction_completed] column family: metadata, compaction reason: 11, output compression type: no, base input level(files): 0(1), output level(files): 0(1), input bytes: 19243701, output bytes:19243697, is_manual_compaction:no, elapsed(micro): 1888665
I20230706 09:23:08.182389 2965985 event_listener.cc:127] [event_listener/table_file_deleted] db: /nvme/jinghuan/node_40001/db, sst file: /nvme/jinghuan/node_40001/db/000029.sst, status: OK
I20230706 09:23:11.482980 2965987 event_listener.cc:138] [event_listener/table_file_created] column family: default, file path: /nvme/jinghuan/node_40001/db/000031.sst, file size: 77766645, job id: 9, reason: flush, status: OK
I20230706 09:23:11.489604 2965987 event_listener.cc:91] [event_listener/flush_completed] column family: default, thread_id: 2965987, job_id: 9, file: /nvme/jinghuan/node_40001/db/000031.sst, reason: 6, is_write_slowdown: no, is_write_stall: no, largest seqno: 3405258, smallest seqno: 2734348
W20230706 09:23:11.489701 2965987 event_listener.cc:132] [event_listener/stall_cond_changed] column family: default write stall condition was changed, from stop to normal
W20230706 09:23:11.491827 2966218 event_listener.cc:132] [event_listener/stall_cond_changed] column family: default write stall condition was changed, from delay to stop
W20230706 09:23:12.662932 2966212 event_listener.cc:132] [event_listener/stall_cond_changed] column family: default write stall condition was changed, from normal to delay
I20230706 09:23:13.893141 2965987 event_listener.cc:84] [event_listener/flush_begin] column family: default, thread_id: 2965987, job_id: 13, reason: 6
I20230706 09:23:14.588596 2965988 event_listener.cc:138] [event_listener/table_file_created] column family: default, file path: /nvme/jinghuan/node_40001/db/000036.sst, file size: 85047914, job id: 12, reason: flush, status: OK
I20230706 09:23:14.595237 2965988 event_listener.cc:91] [event_listener/flush_completed] column family: default, thread_id: 2965988, job_id: 12, file: /nvme/jinghuan/node_40001/db/000036.sst, reason: 6, is_write_slowdown: no, is_write_stall: no, largest seqno: 4139035, smallest seqno: 3405260
W20230706 09:23:14.595319 2965988 event_listener.cc:132] [event_listener/stall_cond_changed] column family: default write stall condition was changed, from stop to normal
W20230706 09:23:14.595958 2966216 event_listener.cc:132] [event_listener/stall_cond_changed] column family: default write stall condition was changed, from delay to stop
W20230706 09:23:15.801017 2966218 event_listener.cc:132] [event_listener/stall_cond_changed] column family: default write stall condition was changed, from normal to delay
I20230706 09:23:16.992792 2965988 event_listener.cc:84] [event_listener/flush_begin] column family: default, thread_id: 2965988, job_id: 14, reason: 6
I20230706 09:23:20.091015 2965987 event_listener.cc:138] [event_listener/table_file_created] column family: default, file path: /nvme/jinghuan/node_40001/db/000039.sst, file size: 76714775, job id: 13, reason: flush, status: OK
I20230706 09:23:20.107857 2965987 event_listener.cc:91] [event_listener/flush_completed] column family: default, thread_id: 2965987, job_id: 13, file: /nvme/jinghuan/node_40001/db/000039.sst, reason: 6, is_write_slowdown: no, is_write_stall: no, largest seqno: 4800894, smallest seqno: 4139037
W20230706 09:23:20.107976 2965987 event_listener.cc:132] [event_listener/stall_cond_changed] column family: default write stall condition was changed, from stop to normal
W20230706 09:23:20.109215 2966218 event_listener.cc:132] [event_listener/stall_cond_changed] column family: default write stall condition was changed, from delay to stop
I20230706 09:23:21.289161 2965986 event_listener.cc:138] [event_listener/table_file_created] column family: default, file path: /nvme/jinghuan/node_40001/db/000032.sst, file size: 138729722, job id: 10, reason: compaction, status: OK
W20230706 09:23:21.556704 2966218 event_listener.cc:132] [event_listener/stall_cond_changed] column family: default write stall condition was changed, from normal to delay
I20230706 09:23:23.015012 2965987 event_listener.cc:84] [event_listener/flush_begin] column family: default, thread_id: 2965987, job_id: 15, reason: 6
I20230706 09:23:23.387311 2965988 event_listener.cc:138] [event_listener/table_file_created] column family: default, file path: /nvme/jinghuan/node_40001/db/000042.sst, file size: 77681771, job id: 14, reason: flush, status: OK
I20230706 09:23:23.394181 2965988 event_listener.cc:91] [event_listener/flush_completed] column family: default, thread_id: 2965988, job_id: 14, file: /nvme/jinghuan/node_40001/db/000042.sst, reason: 6, is_write_slowdown: no, is_write_stall: no, largest seqno: 5471080, smallest seqno: 4800896
W20230706 09:23:23.394397 2965988 event_listener.cc:132] [event_listener/stall_cond_changed] column family: default write stall condition was changed, from stop to normal
W20230706 09:23:23.395088 2966211 event_listener.cc:132] [event_listener/stall_cond_changed] column family: default write stall condition was changed, from delay to stop
I20230706 09:23:23.753245 2965988 event_listener.cc:84] [event_listener/flush_begin] column family: metadata, thread_id: 2965988, job_id: 17, reason: 13
W20230706 09:23:24.625608 2966216 event_listener.cc:132] [event_listener/stall_cond_changed] column family: default write stall condition was changed, from normal to delay
I20230706 09:23:25.992154 2965988 event_listener.cc:138] [event_listener/table_file_created] column family: metadata, file path: /nvme/jinghuan/node_40001/db/000049.sst, file size: 19237764, job id: 17, reason: flush, status: OK
I20230706 09:23:26.001274 2965988 event_listener.cc:91] [event_listener/flush_completed] column family: metadata, thread_id: 2965988, job_id: 17, file: /nvme/jinghuan/node_40001/db/000049.sst, reason: 13, is_write_slowdown: no, is_write_stall: no, largest seqno: 6295124, smallest seqno: 3147573
I20230706 09:23:26.042933 2965988 event_listener.cc:84] [event_listener/flush_begin] column family: default, thread_id: 2965988, job_id: 18, reason: 6
I20230706 09:23:31.193667 2965987 event_listener.cc:138] [event_listener/table_file_created] column family: default, file path: /nvme/jinghuan/node_40001/db/000046.sst, file size: 85049796, job id: 15, reason: flush, status: OK
I20230706 09:23:31.209085 2965987 event_listener.cc:91] [event_listener/flush_completed] column family: default, thread_id: 2965987, job_id: 15, file: /nvme/jinghuan/node_40001/db/000046.sst, reason: 6, is_write_slowdown: no, is_write_stall: no, largest seqno: 6204868, smallest seqno: 5471082
W20230706 09:23:31.209295 2965987 event_listener.cc:132] [event_listener/stall_cond_changed] column family: default write stall condition was changed, from stop to normal
W20230706 09:23:31.209518 2966216 event_listener.cc:132] [event_listener/stall_cond_changed] column family: default write stall condition was changed, from delay to stop
W20230706 09:23:32.389618 2966210 event_listener.cc:132] [event_listener/stall_cond_changed] column family: default write stall condition was changed, from normal to delay
I20230706 09:23:33.213655 2965988 event_listener.cc:138] [event_listener/table_file_created] column family: default, file path: /nvme/jinghuan/node_40001/db/000052.sst, file size: 75879643, job id: 18, reason: flush, status: OK
I20230706 09:23:33.229039 2965988 event_listener.cc:91] [event_listener/flush_completed] column family: default, thread_id: 2965988, job_id: 18, file: /nvme/jinghuan/node_40001/db/000052.sst, reason: 6, is_write_slowdown: no, is_write_stall: no, largest seqno: 6859489, smallest seqno: 6204870
W20230706 09:23:33.229259 2965988 event_listener.cc:132] [event_listener/stall_cond_changed] column family: default write stall condition was changed, from delay to normal
I20230706 09:23:33.645156 2965987 event_listener.cc:84] [event_listener/flush_begin] column family: default, thread_id: 2965987, job_id: 19, reason: 6
W20230706 09:23:34.835700 2966213 event_listener.cc:132] [event_listener/stall_cond_changed] column family: default write stall condition was changed, from normal to delay
I20230706 09:23:36.141067 2965988 event_listener.cc:84] [event_listener/flush_begin] column family: default, thread_id: 2965988, job_id: 20, reason: 6
I20230706 09:23:41.402607 2965986 event_listener.cc:138] [event_listener/table_file_created] column family: default, file path: /nvme/jinghuan/node_40001/db/000043.sst, file size: 138697893, job id: 10, reason: compaction, status: OK
I20230706 09:23:42.106164 2965987 event_listener.cc:138] [event_listener/table_file_created] column family: default, file path: /nvme/jinghuan/node_40001/db/000055.sst, file size: 77332829, job id: 19, reason: flush, status: OK
I20230706 09:23:42.121737 2965987 event_listener.cc:91] [event_listener/flush_completed] column family: default, thread_id: 2965987, job_id: 19, file: /nvme/jinghuan/node_40001/db/000055.sst, reason: 6, is_write_slowdown: no, is_write_stall: no, largest seqno: 7526672, smallest seqno: 6859491
W20230706 09:23:42.121852 2965987 event_listener.cc:132] [event_listener/stall_cond_changed] column family: default write stall condition was changed, from stop to normal
W20230706 09:23:42.122807 2966210 event_listener.cc:132] [event_listener/stall_cond_changed] column family: default write stall condition was changed, from delay to stop
I20230706 09:23:43.406594 2965988 event_listener.cc:138] [event_listener/table_file_created] column family: default, file path: /nvme/jinghuan/node_40001/db/000058.sst, file size: 75996931, job id: 20, reason: flush, status: OK
I20230706 09:23:43.414438 2965988 event_listener.cc:91] [event_listener/flush_completed] column family: default, thread_id: 2965988, job_id: 20, file: /nvme/jinghuan/node_40001/db/000058.sst, reason: 6, is_write_slowdown: no, is_write_stall: no, largest seqno: 8182327, smallest seqno: 7526674
I20230706 09:23:44.707417 2965986 event_listener.cc:138] [event_listener/table_file_created] column family: default, file path: /nvme/jinghuan/node_40001/db/000059.sst, file size: 39363701, job id: 10, reason: compaction, status: OK
I20230706 09:23:44.737435 2965986 event_listener.cc:71] [event_listener/compaction_completed] column family: default, compaction reason: 1, output compression type: no, base input level(files): 0(4), output level(files): 1(3), input bytes: 316941874, output bytes:316791316, is_manual_compaction:no, elapsed(micro): 39817755
I20230706 09:23:44.743820 2965986 event_listener.cc:71] [event_listener/compaction_completed] column family: default, compaction reason: 2, output compression type: no, base input level(files): 1(1), output level(files): 2(1), input bytes: 0, output bytes:0, is_manual_compaction:no, elapsed(micro): 0
I20230706 09:23:45.069367 2965987 event_listener.cc:84] [event_listener/flush_begin] column family: default, thread_id: 2965987, job_id: 23, reason: 6
W20230706 09:23:46.447093 2966216 event_listener.cc:132] [event_listener/stall_cond_changed] column family: default write stall condition was changed, from normal to delay
I20230706 09:23:47.129276 2965988 event_listener.cc:84] [event_listener/flush_begin] column family: metadata, thread_id: 2965988, job_id: 24, reason: 13
I20230706 09:23:49.002427 2965988 event_listener.cc:138] [event_listener/table_file_created] column family: metadata, file path: /nvme/jinghuan/node_40001/db/000066.sst, file size: 19219118, job id: 24, reason: flush, status: OK
I20230706 09:23:49.014115 2965988 event_listener.cc:91] [event_listener/flush_completed] column family: metadata, thread_id: 2965988, job_id: 24, file: /nvme/jinghuan/node_40001/db/000066.sst, reason: 13, is_write_slowdown: no, is_write_stall: no, largest seqno: 9442653, smallest seqno: 6295135
I20230706 09:23:49.033900 2965988 event_listener.cc:84] [event_listener/flush_begin] column family: default, thread_id: 2965988, job_id: 25, reason: 6
I20230706 09:23:53.619144 2965987 event_listener.cc:138] [event_listener/table_file_created] column family: default, file path: /nvme/jinghuan/node_40001/db/000063.sst, file size: 84970483, job id: 23, reason: flush, status: OK
I20230706 09:23:53.634428 2965987 event_listener.cc:91] [event_listener/flush_completed] column family: default, thread_id: 2965987, job_id: 23, file: /nvme/jinghuan/node_40001/db/000063.sst, reason: 6, is_write_slowdown: no, is_write_stall: no, largest seqno: 8915422, smallest seqno: 8182329
W20230706 09:23:53.634577 2965987 event_listener.cc:132] [event_listener/stall_cond_changed] column family: default write stall condition was changed, from stop to normal
W20230706 09:23:53.634790 2966216 event_listener.cc:132] [event_listener/stall_cond_changed] column family: default write stall condition was changed, from delay to stop
W20230706 09:23:55.008796 2966215 event_listener.cc:132] [event_listener/stall_cond_changed] column family: default write stall condition was changed, from normal to delay
I20230706 09:23:56.369256 2965987 event_listener.cc:84] [event_listener/flush_begin] column family: default, thread_id: 2965987, job_id: 26, reason: 6
I20230706 09:23:56.718483 2965988 event_listener.cc:138] [event_listener/table_file_created] column family: default, file path: /nvme/jinghuan/node_40001/db/000068.sst, file size: 85048063, job id: 25, reason: flush, status: OK
I20230706 09:23:56.733942 2965988 event_listener.cc:91] [event_listener/flush_completed] column family: default, thread_id: 2965988, job_id: 25, file: /nvme/jinghuan/node_40001/db/000068.sst, reason: 6, is_write_slowdown: no, is_write_stall: no, largest seqno: 9649166, smallest seqno: 8915424
W20230706 09:23:56.734272 2965988 event_listener.cc:132] [event_listener/stall_cond_changed] column family: default write stall condition was changed, from stop to normal
W20230706 09:23:56.734472 2966210 event_listener.cc:132] [event_listener/stall_cond_changed] column family: default write stall condition was changed, from delay to stop
W20230706 09:23:58.095209 2966210 event_listener.cc:132] [event_listener/stall_cond_changed] column family: default write stall condition was changed, from normal to delay
I20230706 09:23:59.514106 2965988 event_listener.cc:84] [event_listener/flush_begin] column family: default, thread_id: 2965988, job_id: 27, reason: 6
I20230706 09:24:03.821952 2965987 event_listener.cc:138] [event_listener/table_file_created] column family: default, file path: /nvme/jinghuan/node_40001/db/000071.sst, file size: 80082729, job id: 26, reason: flush, status: OK
I20230706 09:24:03.836548 2965987 event_listener.cc:91] [event_listener/flush_completed] column family: default, thread_id: 2965987, job_id: 26, file: /nvme/jinghuan/node_40001/db/000071.sst, reason: 6, is_write_slowdown: no, is_write_stall: no, largest seqno: 10340098, smallest seqno: 9649168
W20230706 09:24:03.836683 2965987 event_listener.cc:132] [event_listener/stall_cond_changed] column family: default write stall condition was changed, from stop to normal
W20230706 09:24:03.837281 2966211 event_listener.cc:132] [event_listener/stall_cond_changed] column family: default write stall condition was changed, from delay to stop
I20230706 09:24:03.913589 2965985 event_listener.cc:138] [event_listener/table_file_created] column family: default, file path: /nvme/jinghuan/node_40001/db/000047.sst, file size: 317094503, job id: 16, reason: compaction, status: OK
I20230706 09:24:03.941059 2965985 event_listener.cc:71] [event_listener/compaction_completed] column family: default, compaction reason: 1, output compression type: no, base input level(files): 0(4), output level(files): 0(1), input bytes: 317211105, output bytes:317094503, is_manual_compaction:no, elapsed(micro): 40519346
I20230706 09:24:03.952193 2965985 event_listener.cc:127] [event_listener/table_file_deleted] db: /nvme/jinghuan/node_40001/db, sst file: /nvme/jinghuan/node_40001/db/000026.sst, status: OK
I20230706 09:24:03.958817 2965985 event_listener.cc:127] [event_listener/table_file_deleted] db: /nvme/jinghuan/node_40001/db, sst file: /nvme/jinghuan/node_40001/db/000023.sst, status: OK
I20230706 09:24:03.964910 2965985 event_listener.cc:127] [event_listener/table_file_deleted] db: /nvme/jinghuan/node_40001/db, sst file: /nvme/jinghuan/node_40001/db/000020.sst, status: OK
I20230706 09:24:03.971654 2965985 event_listener.cc:127] [event_listener/table_file_deleted] db: /nvme/jinghuan/node_40001/db, sst file: /nvme/jinghuan/node_40001/db/000017.sst, status: OK
W20230706 09:24:05.136279 2966212 event_listener.cc:132] [event_listener/stall_cond_changed] column family: default write stall condition was changed, from normal to delay
I20230706 09:24:05.621084 2965988 event_listener.cc:138] [event_listener/table_file_created] column family: default, file path: /nvme/jinghuan/node_40001/db/000074.sst, file size: 85047060, job id: 27, reason: flush, status: OK
I20230706 09:24:05.633653 2965988 event_listener.cc:91] [event_listener/flush_completed] column family: default, thread_id: 2965988, job_id: 27, file: /nvme/jinghuan/node_40001/db/000074.sst, reason: 6, is_write_slowdown: no, is_write_stall: no, largest seqno: 11073853, smallest seqno: 10340100
W20230706 09:24:05.633926 2965988 event_listener.cc:132] [event_listener/stall_cond_changed] column family: default write stall condition was changed, from delay to normal
I20230706 09:24:06.372539 2965987 event_listener.cc:84] [event_listener/flush_begin] column family: default, thread_id: 2965987, job_id: 31, reason: 6
W20230706 09:24:07.504562 2966215 event_listener.cc:132] [event_listener/stall_cond_changed] column family: default write stall condition was changed, from normal to delay
I20230706 09:24:08.740576 2965988 event_listener.cc:84] [event_listener/flush_begin] column family: default, thread_id: 2965988, job_id: 32, reason: 6
I20230706 09:24:13.623144 2965987 event_listener.cc:138] [event_listener/table_file_created] column family: default, file path: /nvme/jinghuan/node_40001/db/000078.sst, file size: 79446915, job id: 31, reason: flush, status: OK
I20230706 09:24:13.629724 2965987 event_listener.cc:91] [event_listener/flush_completed] column family: default, thread_id: 2965987, job_id: 31, file: /nvme/jinghuan/node_40001/db/000078.sst, reason: 6, is_write_slowdown: no, is_write_stall: no, largest seqno: 11759263, smallest seqno: 11073855
W20230706 09:24:13.629762 2965987 event_listener.cc:132] [event_listener/stall_cond_changed] column family: default write stall condition was changed, from stop to normal
W20230706 09:24:13.630182 2966212 event_listener.cc:132] [event_listener/stall_cond_changed] column family: default write stall condition was changed, from delay to stop
I20230706 09:24:14.288444 2965987 event_listener.cc:84] [event_listener/flush_begin] column family: metadata, thread_id: 2965987, job_id: 33, reason: 13
W20230706 09:24:14.978552 2966211 event_listener.cc:132] [event_listener/stall_cond_changed] column family: default write stall condition was changed, from normal to delay
I20230706 09:24:15.925205 2965988 event_listener.cc:138] [event_listener/table_file_created] column family: default, file path: /nvme/jinghuan/node_40001/db/000081.sst, file size: 76495001, job id: 32, reason: flush, status: OK
I20230706 09:24:15.931624 2965988 event_listener.cc:91] [event_listener/flush_completed] column family: default, thread_id: 2965988, job_id: 32, file: /nvme/jinghuan/node_40001/db/000081.sst, reason: 6, is_write_slowdown: no, is_write_stall: no, largest seqno: 12419252, smallest seqno: 11759265
W20230706 09:24:15.931690 2965988 event_listener.cc:132] [event_listener/stall_cond_changed] column family: default write stall condition was changed, from delay to normal
I20230706 09:24:16.019199 2965987 event_listener.cc:138] [event_listener/table_file_created] column family: metadata, file path: /nvme/jinghuan/node_40001/db/000083.sst, file size: 19220680, job id: 33, reason: flush, status: OK
I20230706 09:24:16.034559 2965987 event_listener.cc:91] [event_listener/flush_completed] column family: metadata, thread_id: 2965987, job_id: 33, file: /nvme/jinghuan/node_40001/db/000083.sst, reason: 13, is_write_slowdown: no, is_write_stall: no, largest seqno: 12590226, smallest seqno: 9442664
I20230706 09:24:16.344480 2965988 event_listener.cc:84] [event_listener/flush_begin] column family: default, thread_id: 2965988, job_id: 34, reason: 6
W20230706 09:24:17.669410 2966216 event_listener.cc:132] [event_listener/stall_cond_changed] column family: default write stall condition was changed, from normal to delay
I20230706 09:24:19.073287 2965987 event_listener.cc:84] [event_listener/flush_begin] column family: default, thread_id: 2965987, job_id: 35, reason: 6
I20230706 09:24:20.325744 2965986 event_listener.cc:138] [event_listener/table_file_created] column family: default, file path: /nvme/jinghuan/node_40001/db/000061.sst, file size: 314130875, job id: 22, reason: compaction, status: OK
I20230706 09:24:20.348677 2965986 event_listener.cc:71] [event_listener/compaction_completed] column family: default, compaction reason: 1, output compression type: no, base input level(files): 0(4), output level(files): 0(1), input bytes: 314259199, output bytes:314130875, is_manual_compaction:no, elapsed(micro): 35581984
I20230706 09:24:20.355140 2965986 event_listener.cc:127] [event_listener/table_file_deleted] db: /nvme/jinghuan/node_40001/db, sst file: /nvme/jinghuan/node_40001/db/000042.sst, status: OK
I20230706 09:24:20.362056 2965986 event_listener.cc:127] [event_listener/table_file_deleted] db: /nvme/jinghuan/node_40001/db, sst file: /nvme/jinghuan/node_40001/db/000039.sst, status: OK
I20230706 09:24:20.368816 2965986 event_listener.cc:127] [event_listener/table_file_deleted] db: /nvme/jinghuan/node_40001/db, sst file: /nvme/jinghuan/node_40001/db/000036.sst, status: OK
I20230706 09:24:20.375162 2965986 event_listener.cc:127] [event_listener/table_file_deleted] db: /nvme/jinghuan/node_40001/db, sst file: /nvme/jinghuan/node_40001/db/000031.sst, status: OK
I20230706 09:24:24.031849 2965988 event_listener.cc:138] [event_listener/table_file_created] column family: default, file path: /nvme/jinghuan/node_40001/db/000086.sst, file size: 85004722, job id: 34, reason: flush, status: OK
I20230706 09:24:24.041013 2965988 event_listener.cc:91] [event_listener/flush_completed] column family: default, thread_id: 2965988, job_id: 34, file: /nvme/jinghuan/node_40001/db/000086.sst, reason: 6, is_write_slowdown: no, is_write_stall: no, largest seqno: 13152677, smallest seqno: 12419254
W20230706 09:24:24.041097 2965988 event_listener.cc:132] [event_listener/stall_cond_changed] column family: default write stall condition was changed, from stop to normal
W20230706 09:24:24.041321 2966216 event_listener.cc:132] [event_listener/stall_cond_changed] column family: default write stall condition was changed, from delay to stop
W20230706 09:24:25.275583 2966214 event_listener.cc:132] [event_listener/stall_cond_changed] column family: default write stall condition was changed, from normal to delay
I20230706 09:24:25.931658 2965987 event_listener.cc:138] [event_listener/table_file_created] column family: default, file path: /nvme/jinghuan/node_40001/db/000089.sst, file size: 85048486, job id: 35, reason: flush, status: OK
I20230706 09:24:25.946589 2965987 event_listener.cc:91] [event_listener/flush_completed] column family: default, thread_id: 2965987, job_id: 35, file: /nvme/jinghuan/node_40001/db/000089.sst, reason: 6, is_write_slowdown: no, is_write_stall: no, largest seqno: 13886432, smallest seqno: 13152679
W20230706 09:24:25.946660 2965987 event_listener.cc:132] [event_listener/stall_cond_changed] column family: default write stall condition was changed, from delay to normal
I20230706 09:24:26.492478 2965988 event_listener.cc:84] [event_listener/flush_begin] column family: default, thread_id: 2965988, job_id: 38, reason: 6
I20230706 09:24:27.124254 2965986 event_listener.cc:138] [event_listener/table_file_created] column family: metadata, file path: /nvme/jinghuan/node_40001/db/000090.sst, file size: 76274330, job id: 37, reason: compaction, status: OK
I20230706 09:24:27.134440 2965986 event_listener.cc:71] [event_listener/compaction_completed] column family: metadata, compaction reason: 1, output compression type: no, base input level(files): 0(4), output level(files): 1(1), input bytes: 76921259, output bytes:76274330, is_manual_compaction:no, elapsed(micro): 6749078
I20230706 09:24:27.136418 2965986 event_listener.cc:127] [event_listener/table_file_deleted] db: /nvme/jinghuan/node_40001/db, sst file: /nvme/jinghuan/node_40001/db/000066.sst, status: OK
I20230706 09:24:27.138643 2965986 event_listener.cc:127] [event_listener/table_file_deleted] db: /nvme/jinghuan/node_40001/db, sst file: /nvme/jinghuan/node_40001/db/000049.sst, status: OK
I20230706 09:24:27.140566 2965986 event_listener.cc:127] [event_listener/table_file_deleted] db: /nvme/jinghuan/node_40001/db, sst file: /nvme/jinghuan/node_40001/db/000034.sst, status: OK
W20230706 09:24:27.604517 2966216 event_listener.cc:132] [event_listener/stall_cond_changed] column family: default write stall condition was changed, from normal to delay
I20230706 09:24:28.839494 2965987 event_listener.cc:84] [event_listener/flush_begin] column family: default, thread_id: 2965987, job_id: 40, reason: 6
I20230706 09:24:33.133409 2965988 event_listener.cc:138] [event_listener/table_file_created] column family: default, file path: /nvme/jinghuan/node_40001/db/000093.sst, file size: 76140005, job id: 38, reason: flush, status: OK
I20230706 09:24:33.140132 2965988 event_listener.cc:91] [event_listener/flush_completed] column family: default, thread_id: 2965988, job_id: 38, file: /nvme/jinghuan/node_40001/db/000093.sst, reason: 6, is_write_slowdown: no, is_write_stall: no, largest seqno: 14543297, smallest seqno: 13886434
W20230706 09:24:33.140184 2965988 event_listener.cc:132] [event_listener/stall_cond_changed] column family: default write stall condition was changed, from stop to normal
W20230706 09:24:33.140676 2966214 event_listener.cc:132] [event_listener/stall_cond_changed] column family: default write stall condition was changed, from delay to stop
W20230706 09:24:34.431779 2966216 event_listener.cc:132] [event_listener/stall_cond_changed] column family: default write stall condition was changed, from normal to delay
I20230706 09:24:34.839622 2965987 event_listener.cc:138] [event_listener/table_file_created] column family: default, file path: /nvme/jinghuan/node_40001/db/000097.sst, file size: 75641664, job id: 40, reason: flush, status: OK
I20230706 09:24:34.849304 2965987 event_listener.cc:91] [event_listener/flush_completed] column family: default, thread_id: 2965987, job_id: 40, file: /nvme/jinghuan/node_40001/db/000097.sst, reason: 6, is_write_slowdown: no, is_write_stall: no, largest seqno: 15195905, smallest seqno: 14543299
W20230706 09:24:34.849395 2965987 event_listener.cc:132] [event_listener/stall_cond_changed] column family: default write stall condition was changed, from delay to normal
I20230706 09:24:35.099706 2965988 event_listener.cc:84] [event_listener/flush_begin] column family: metadata, thread_id: 2965988, job_id: 41, reason: 13
I20230706 09:24:35.733788 2965987 event_listener.cc:84] [event_listener/flush_begin] column family: default, thread_id: 2965987, job_id: 42, reason: 6
I20230706 09:24:36.733611 2965988 event_listener.cc:138] [event_listener/table_file_created] column family: metadata, file path: /nvme/jinghuan/node_40001/db/000100.sst, file size: 19250592, job id: 41, reason: flush, status: OK
I20230706 09:24:36.740157 2965988 event_listener.cc:91] [event_listener/flush_completed] column family: metadata, thread_id: 2965988, job_id: 41, file: /nvme/jinghuan/node_40001/db/000100.sst, reason: 13, is_write_slowdown: no, is_write_stall: no, largest seqno: 15737810, smallest seqno: 12590237
W20230706 09:24:36.740432 2966216 event_listener.cc:132] [event_listener/stall_cond_changed] column family: default write stall condition was changed, from normal to delay
I20230706 09:24:36.760926 2965988 event_listener.cc:84] [event_listener/flush_begin] column family: default, thread_id: 2965988, job_id: 43, reason: 13
I20230706 09:24:37.230947 2965985 event_listener.cc:138] [event_listener/table_file_created] column family: default, file path: /nvme/jinghuan/node_40001/db/000076.sst, file size: 334984386, job id: 30, reason: compaction, status: OK
I20230706 09:24:37.249148 2965985 event_listener.cc:71] [event_listener/compaction_completed] column family: default, compaction reason: 1, output compression type: no, base input level(files): 0(4), output level(files): 0(1), input bytes: 335148335, output bytes:334984386, is_manual_compaction:no, elapsed(micro): 31597071
I20230706 09:24:37.250641 2965985 event_listener.cc:127] [event_listener/table_file_deleted] db: /nvme/jinghuan/node_40001/db, sst file: /nvme/jinghuan/node_40001/db/000083.sst, status: OK
I20230706 09:24:37.255965 2965985 event_listener.cc:127] [event_listener/table_file_deleted] db: /nvme/jinghuan/node_40001/db, sst file: /nvme/jinghuan/node_40001/db/000058.sst, status: OK
I20230706 09:24:37.261394 2965985 event_listener.cc:127] [event_listener/table_file_deleted] db: /nvme/jinghuan/node_40001/db, sst file: /nvme/jinghuan/node_40001/db/000055.sst, status: OK
I20230706 09:24:37.266903 2965985 event_listener.cc:127] [event_listener/table_file_deleted] db: /nvme/jinghuan/node_40001/db, sst file: /nvme/jinghuan/node_40001/db/000052.sst, status: OK
I20230706 09:24:37.273486 2965985 event_listener.cc:127] [event_listener/table_file_deleted] db: /nvme/jinghuan/node_40001/db, sst file: /nvme/jinghuan/node_40001/db/000046.sst, status: OK
I20230706 09:24:38.934934 2965988 event_listener.cc:138] [event_listener/table_file_created] column family: default, file path: /nvme/jinghuan/node_40001/db/000104.sst, file size: 34543932, job id: 43, reason: flush, status: OK
I20230706 09:24:40.539889 2965987 event_listener.cc:138] [event_listener/table_file_created] column family: default, file path: /nvme/jinghuan/node_40001/db/000102.sst, file size: 84989811, job id: 42, reason: flush, status: OK
I20230706 09:24:40.546257 2965987 event_listener.cc:91] [event_listener/flush_completed] column family: default, thread_id: 2965987, job_id: 42, file: /nvme/jinghuan/node_40001/db/000102.sst, reason: 13, is_write_slowdown: no, is_write_stall: no, largest seqno: 15929176, smallest seqno: 15195907
I20230706 09:24:40.546270 2965987 event_listener.cc:91] [event_listener/flush_completed] column family: default, thread_id: 2965988, job_id: 43, file: /nvme/jinghuan/node_40001/db/000104.sst, reason: 13, is_write_slowdown: no, is_write_stall: no, largest seqno: 16227111, smallest seqno: 15929178
W20230706 09:24:40.546460 2965987 event_listener.cc:132] [event_listener/stall_cond_changed] column family: default write stall condition was changed, from stop to normal
W20230706 09:24:40.546689 2966216 event_listener.cc:132] [event_listener/stall_cond_changed] column family: default write stall condition was changed, from delay to stop
I20230706 09:24:41.988559 2965988 event_listener.cc:84] [event_listener/flush_begin] column family: default, thread_id: 2965988, job_id: 48, reason: 6
W20230706 09:24:43.347569 2966214 event_listener.cc:132] [event_listener/stall_cond_changed] column family: default write stall condition was changed, from normal to delay
I20230706 09:24:44.829352 2965987 event_listener.cc:84] [event_listener/flush_begin] column family: default, thread_id: 2965987, job_id: 49, reason: 6
I20230706 09:24:48.144594 2965988 event_listener.cc:138] [event_listener/table_file_created] column family: default, file path: /nvme/jinghuan/node_40001/db/000108.sst, file size: 83970277, job id: 48, reason: flush, status: OK
I20230706 09:24:48.152465 2965988 event_listener.cc:91] [event_listener/flush_completed] column family: default, thread_id: 2965988, job_id: 48, file: /nvme/jinghuan/node_40001/db/000108.sst, reason: 6, is_write_slowdown: no, is_write_stall: no, largest seqno: 16951593, smallest seqno: 16227113
W20230706 09:24:48.152510 2965988 event_listener.cc:132] [event_listener/stall_cond_changed] column family: default write stall condition was changed, from stop to normal
W20230706 09:24:48.152925 2966214 event_listener.cc:132] [event_listener/stall_cond_changed] column family: default write stall condition was changed, from delay to stop
W20230706 09:24:49.362200 2966214 event_listener.cc:132] [event_listener/stall_cond_changed] column family: default write stall condition was changed, from normal to delay
I20230706 09:24:50.351137 2965987 event_listener.cc:138] [event_listener/table_file_created] column family: default, file path: /nvme/jinghuan/node_40001/db/000111.sst, file size: 83041413, job id: 49, reason: flush, status: OK
I20230706 09:24:50.363705 2965987 event_listener.cc:91] [event_listener/flush_completed] column family: default, thread_id: 2965987, job_id: 49, file: /nvme/jinghuan/node_40001/db/000111.sst, reason: 6, is_write_slowdown: no, is_write_stall: no, largest seqno: 17668034, smallest seqno: 16951595
W20230706 09:24:50.363811 2965987 event_listener.cc:132] [event_listener/stall_cond_changed] column family: default write stall condition was changed, from delay to normal
I20230706 09:24:50.599498 2965988 event_listener.cc:84] [event_listener/flush_begin] column family: default, thread_id: 2965988, job_id: 50, reason: 6
W20230706 09:24:51.737731 2966210 event_listener.cc:132] [event_listener/stall_cond_changed] column family: default write stall condition was changed, from normal to delay
I20230706 09:24:52.603940 2965987 event_listener.cc:84] [event_listener/flush_begin] column family: metadata, thread_id: 2965987, job_id: 51, reason: 13
I20230706 09:24:54.250489 2965987 event_listener.cc:138] [event_listener/table_file_created] column family: metadata, file path: /nvme/jinghuan/node_40001/db/000117.sst, file size: 19249864, job id: 51, reason: flush, status: OK
I20230706 09:24:54.259356 2965987 event_listener.cc:91] [event_listener/flush_completed] column family: metadata, thread_id: 2965987, job_id: 51, file: /nvme/jinghuan/node_40001/db/000117.sst, reason: 13, is_write_slowdown: no, is_write_stall: no, largest seqno: 18885383, smallest seqno: 15737821
I20230706 09:24:54.274669 2965987 event_listener.cc:84] [event_listener/flush_begin] column family: default, thread_id: 2965987, job_id: 52, reason: 6
I20230706 09:24:54.750227 2965986 event_listener.cc:138] [event_listener/table_file_created] column family: default, file path: /nvme/jinghuan/node_40001/db/000094.sst, file size: 325878995, job id: 39, reason: compaction, status: OK
I20230706 09:24:54.774914 2965986 event_listener.cc:71] [event_listener/compaction_completed] column family: default, compaction reason: 1, output compression type: no, base input level(files): 0(4), output level(files): 0(1), input bytes: 325995124, output bytes:325878995, is_manual_compaction:no, elapsed(micro): 27609658
I20230706 09:24:54.784912 2965986 event_listener.cc:127] [event_listener/table_file_deleted] db: /nvme/jinghuan/node_40001/db, sst file: /nvme/jinghuan/node_40001/db/000074.sst, status: OK
I20230706 09:24:54.791069 2965986 event_listener.cc:127] [event_listener/table_file_deleted] db: /nvme/jinghuan/node_40001/db, sst file: /nvme/jinghuan/node_40001/db/000071.sst, status: OK
I20230706 09:24:54.796864 2965986 event_listener.cc:127] [event_listener/table_file_deleted] db: /nvme/jinghuan/node_40001/db, sst file: /nvme/jinghuan/node_40001/db/000068.sst, status: OK
I20230706 09:24:54.802603 2965986 event_listener.cc:127] [event_listener/table_file_deleted] db: /nvme/jinghuan/node_40001/db, sst file: /nvme/jinghuan/node_40001/db/000063.sst, status: OK
I20230706 09:24:55.254447 2965988 event_listener.cc:138] [event_listener/table_file_created] column family: default, file path: /nvme/jinghuan/node_40001/db/000114.sst, file size: 76813607, job id: 50, reason: flush, status: OK
I20230706 09:24:55.267009 2965988 event_listener.cc:91] [event_listener/flush_completed] column family: default, thread_id: 2965988, job_id: 50, file: /nvme/jinghuan/node_40001/db/000114.sst, reason: 6, is_write_slowdown: no, is_write_stall: no, largest seqno: 18330718, smallest seqno: 17668036
W20230706 09:24:55.267115 2965988 event_listener.cc:132] [event_listener/stall_cond_changed] column family: default write stall condition was changed, from stop to normal
W20230706 09:24:55.267316 2966214 event_listener.cc:132] [event_listener/stall_cond_changed] column family: default write stall condition was changed, from delay to stop
W20230706 09:24:56.468485 2966214 event_listener.cc:132] [event_listener/stall_cond_changed] column family: default write stall condition was changed, from normal to delay
I20230706 09:24:57.256496 2965987 event_listener.cc:138] [event_listener/table_file_created] column family: default, file path: /nvme/jinghuan/node_40001/db/000119.sst, file size: 76416758, job id: 52, reason: flush, status: OK
I20230706 09:24:57.263458 2965987 event_listener.cc:91] [event_listener/flush_completed] column family: default, thread_id: 2965987, job_id: 52, file: /nvme/jinghuan/node_40001/db/000119.sst, reason: 6, is_write_slowdown: no, is_write_stall: no, largest seqno: 18990003, smallest seqno: 18330720
W20230706 09:24:57.263692 2965987 event_listener.cc:132] [event_listener/stall_cond_changed] column family: default write stall condition was changed, from delay to normal
I20230706 09:24:57.695786 2965988 event_listener.cc:84] [event_listener/flush_begin] column family: default, thread_id: 2965988, job_id: 57, reason: 6
W20230706 09:24:58.815948 2966214 event_listener.cc:132] [event_listener/stall_cond_changed] column family: default write stall condition was changed, from normal to delay
I20230706 09:25:00.054996 2965987 event_listener.cc:84] [event_listener/flush_begin] column family: default, thread_id: 2965987, job_id: 58, reason: 6
I20230706 09:25:01.657078 2965988 event_listener.cc:138] [event_listener/table_file_created] column family: default, file path: /nvme/jinghuan/node_40001/db/000123.sst, file size: 76734572, job id: 57, reason: flush, status: OK
I20230706 09:25:01.670467 2965988 event_listener.cc:91] [event_listener/flush_completed] column family: default, thread_id: 2965988, job_id: 57, file: /nvme/jinghuan/node_40001/db/000123.sst, reason: 6, is_write_slowdown: no, is_write_stall: no, largest seqno: 19652038, smallest seqno: 18990005
W20230706 09:25:01.670511 2965988 event_listener.cc:132] [event_listener/stall_cond_changed] column family: default write stall condition was changed, from stop to normal
W20230706 09:25:01.670862 2966210 event_listener.cc:132] [event_listener/stall_cond_changed] column family: default write stall condition was changed, from delay to stop
I20230706 09:25:02.856575 2965985 event_listener.cc:138] [event_listener/table_file_created] column family: default, file path: /nvme/jinghuan/node_40001/db/000106.sst, file size: 271201881, job id: 47, reason: compaction, status: OK
I20230706 09:25:02.877776 2965985 event_listener.cc:71] [event_listener/compaction_completed] column family: default, compaction reason: 1, output compression type: no, base input level(files): 0(4), output level(files): 0(1), input bytes: 271315412, output bytes:271201881, is_manual_compaction:no, elapsed(micro): 22310307
I20230706 09:25:02.886257 2965985 event_listener.cc:127] [event_listener/table_file_deleted] db: /nvme/jinghuan/node_40001/db, sst file: /nvme/jinghuan/node_40001/db/000089.sst, status: OK
I20230706 09:25:02.892544 2965985 event_listener.cc:127] [event_listener/table_file_deleted] db: /nvme/jinghuan/node_40001/db, sst file: /nvme/jinghuan/node_40001/db/000086.sst, status: OK
I20230706 09:25:02.897637 2965985 event_listener.cc:127] [event_listener/table_file_deleted] db: /nvme/jinghuan/node_40001/db, sst file: /nvme/jinghuan/node_40001/db/000081.sst, status: OK
I20230706 09:25:02.903026 2965985 event_listener.cc:127] [event_listener/table_file_deleted] db: /nvme/jinghuan/node_40001/db, sst file: /nvme/jinghuan/node_40001/db/000078.sst, status: OK
W20230706 09:25:02.929167 2966215 event_listener.cc:132] [event_listener/stall_cond_changed] column family: default write stall condition was changed, from normal to delay
I20230706 09:25:03.962700 2965987 event_listener.cc:138] [event_listener/table_file_created] column family: default, file path: /nvme/jinghuan/node_40001/db/000126.sst, file size: 76700131, job id: 58, reason: flush, status: OK
I20230706 09:25:03.976068 2965987 event_listener.cc:91] [event_listener/flush_completed] column family: default, thread_id: 2965987, job_id: 58, file: /nvme/jinghuan/node_40001/db/000126.sst, reason: 6, is_write_slowdown: no, is_write_stall: no, largest seqno: 20313754, smallest seqno: 19652040
W20230706 09:25:03.976181 2965987 event_listener.cc:132] [event_listener/stall_cond_changed] column family: default write stall condition was changed, from delay to normal
I20230706 09:25:04.230847 2965988 event_listener.cc:84] [event_listener/flush_begin] column family: default, thread_id: 2965988, job_id: 63, reason: 6
W20230706 09:25:05.407210 2966215 event_listener.cc:132] [event_listener/stall_cond_changed] column family: default write stall condition was changed, from normal to delay
