Log file created at: 2023/06/30 04:44:34
Running on machine: en4217754l
Running duration (h:mm:ss): 0:00:00
Log line format: [IWEF]yyyymmdd hh:mm:ss.uuuuuu threadid file:line] msg
I20230630 04:44:34.521085 1229619 main.cc:328] kvrocks unstable (commit 4a10c89)
I20230630 04:44:35.041865 1229619 storage.cc:322] [storage] Success to load the data from disk: 119 ms
I20230630 04:44:35.042946 1229619 worker.cc:72] [worker] Listening on: 10.218.109.65:40002
I20230630 04:44:35.042996 1229619 worker.cc:72] [worker] Listening on: 127.0.0.1:40002
I20230630 04:44:35.043430 1229619 worker.cc:72] [worker] Listening on: 10.218.109.65:40002
I20230630 04:44:35.043501 1229619 worker.cc:72] [worker] Listening on: 127.0.0.1:40002
I20230630 04:44:35.043829 1229619 worker.cc:72] [worker] Listening on: 10.218.109.65:40002
I20230630 04:44:35.043867 1229619 worker.cc:72] [worker] Listening on: 127.0.0.1:40002
I20230630 04:44:35.044164 1229619 worker.cc:72] [worker] Listening on: 10.218.109.65:40002
I20230630 04:44:35.044201 1229619 worker.cc:72] [worker] Listening on: 127.0.0.1:40002
I20230630 04:44:35.044493 1229619 worker.cc:72] [worker] Listening on: 10.218.109.65:40002
I20230630 04:44:35.044529 1229619 worker.cc:72] [worker] Listening on: 127.0.0.1:40002
I20230630 04:44:35.044808 1229619 worker.cc:72] [worker] Listening on: 10.218.109.65:40002
I20230630 04:44:35.044842 1229619 worker.cc:72] [worker] Listening on: 127.0.0.1:40002
I20230630 04:44:35.045114 1229619 worker.cc:72] [worker] Listening on: 10.218.109.65:40002
I20230630 04:44:35.045148 1229619 worker.cc:72] [worker] Listening on: 127.0.0.1:40002
I20230630 04:44:35.045432 1229619 worker.cc:72] [worker] Listening on: 10.218.109.65:40002
I20230630 04:44:35.045469 1229619 worker.cc:72] [worker] Listening on: 127.0.0.1:40002
W20230630 04:44:35.045713 1229619 server.cc:1650] [server] Increased maximum number of open files to 14224 (it's originally set to 1024)
I20230630 04:44:35.046125 1229619 cluster.cc:643] The cluster nodes file /nvme/jinghuan/node_40002/nodes.conf is not found. Use CLUSTERX subcommands to specify it.
I20230630 04:44:35.046167 1229619 cluster.cc:643] The cluster nodes file /nvme/jinghuan/node_40002/nodes.conf is not found. Use CLUSTERX subcommands to specify it.
I20230630 04:44:35.051976 1229619 worker.cc:519] [worker] Thread #139795783202560 started
I20230630 04:44:35.052009 1229619 worker.cc:519] [worker] Thread #139795791595264 started
I20230630 04:44:35.052052 1229619 worker.cc:519] [worker] Thread #139796018099968 started
I20230630 04:44:35.052091 1229619 worker.cc:519] [worker] Thread #139796009707264 started
I20230630 04:44:35.052127 1229619 worker.cc:519] [worker] Thread #139796001314560 started
I20230630 04:44:35.052171 1229619 worker.cc:519] [worker] Thread #139795992921856 started
I20230630 04:44:35.052207 1229619 worker.cc:519] [worker] Thread #139795984529152 started
I20230630 04:44:35.052244 1229619 worker.cc:519] [worker] Thread #139795976136448 started
I20230630 04:44:35.052368 1229619 server.cc:211] [server] Ready to accept connections
I20230630 04:47:12.113417 1229871 cluster.cc:286] MASTER MODE enabled by cluster topology setting
I20230630 04:47:12.118337 1229869 cluster.cc:286] MASTER MODE enabled by cluster topology setting
I20230630 04:47:12.237512 1229868 cluster.cc:387] [import] Start importing slot 0
I20230630 04:47:15.191834 1229635 event_listener.cc:84] [event_listener/flush_begin] column family: default, thread_id: 1229635, job_id: 3, reason: 6
W20230630 04:47:16.592267 1229865 event_listener.cc:132] [event_listener/stall_cond_changed] column family: default write stall condition was changed, from normal to delay
I20230630 04:47:18.017261 1229635 event_listener.cc:138] [event_listener/table_file_created] column family: default, file path: /nvme/jinghuan/node_40002/db/000016.sst, file size: 75034586, job id: 3, reason: flush, status: OK
I20230630 04:47:18.023816 1229635 event_listener.cc:91] [event_listener/flush_completed] column family: default, thread_id: 1229635, job_id: 3, file: /nvme/jinghuan/node_40002/db/000016.sst, reason: 6, is_write_slowdown: no, is_write_stall: no, largest seqno: 647131, smallest seqno: 3
W20230630 04:47:18.023926 1229635 event_listener.cc:132] [event_listener/stall_cond_changed] column family: default write stall condition was changed, from delay to normal
I20230630 04:47:18.177946 1229636 event_listener.cc:84] [event_listener/flush_begin] column family: default, thread_id: 1229636, job_id: 5, reason: 6
W20230630 04:47:19.506556 1229871 event_listener.cc:132] [event_listener/stall_cond_changed] column family: default write stall condition was changed, from normal to delay
I20230630 04:47:21.006546 1229635 event_listener.cc:84] [event_listener/flush_begin] column family: default, thread_id: 1229635, job_id: 6, reason: 6
I20230630 04:47:24.615976 1229636 event_listener.cc:138] [event_listener/table_file_created] column family: default, file path: /nvme/jinghuan/node_40002/db/000020.sst, file size: 75693497, job id: 5, reason: flush, status: OK
I20230630 04:47:24.622229 1229636 event_listener.cc:91] [event_listener/flush_completed] column family: default, thread_id: 1229636, job_id: 5, file: /nvme/jinghuan/node_40002/db/000020.sst, reason: 6, is_write_slowdown: no, is_write_stall: no, largest seqno: 1299926, smallest seqno: 647133
W20230630 04:47:24.622269 1229636 event_listener.cc:132] [event_listener/stall_cond_changed] column family: default write stall condition was changed, from stop to normal
W20230630 04:47:24.631752 1229871 event_listener.cc:132] [event_listener/stall_cond_changed] column family: default write stall condition was changed, from delay to stop
I20230630 04:47:25.817711 1229633 event_listener.cc:138] [event_listener/table_file_created] column family: default, file path: /nvme/jinghuan/node_40002/db/000018.sst, file size: 75034582, job id: 4, reason: compaction, status: OK
I20230630 04:47:25.835897 1229633 event_listener.cc:71] [event_listener/compaction_completed] column family: default, compaction reason: 11, output compression type: no, base input level(files): 0(1), output level(files): 0(1), input bytes: 75034586, output bytes:75034582, is_manual_compaction:no, elapsed(micro): 7793998
W20230630 04:47:26.120000 1229868 event_listener.cc:132] [event_listener/stall_cond_changed] column family: default write stall condition was changed, from normal to delay
I20230630 04:47:26.620597 1229635 event_listener.cc:138] [event_listener/table_file_created] column family: default, file path: /nvme/jinghuan/node_40002/db/000023.sst, file size: 75648700, job id: 6, reason: flush, status: OK
I20230630 04:47:26.626869 1229635 event_listener.cc:91] [event_listener/flush_completed] column family: default, thread_id: 1229635, job_id: 6, file: /nvme/jinghuan/node_40002/db/000023.sst, reason: 6, is_write_slowdown: no, is_write_stall: no, largest seqno: 1952336, smallest seqno: 1299928
I20230630 04:47:26.634449 1229635 event_listener.cc:127] [event_listener/table_file_deleted] db: /nvme/jinghuan/node_40002/db, sst file: /nvme/jinghuan/node_40002/db/000016.sst, status: OK
W20230630 04:47:26.634477 1229635 event_listener.cc:132] [event_listener/stall_cond_changed] column family: default write stall condition was changed, from delay to normal
I20230630 04:47:27.679149 1229636 event_listener.cc:84] [event_listener/flush_begin] column family: default, thread_id: 1229636, job_id: 7, reason: 6
W20230630 04:47:29.168577 1229865 event_listener.cc:132] [event_listener/stall_cond_changed] column family: default write stall condition was changed, from normal to delay
I20230630 04:47:30.135301 1229635 event_listener.cc:84] [event_listener/flush_begin] column family: metadata, thread_id: 1229635, job_id: 8, reason: 13
I20230630 04:47:30.504536 1229636 event_listener.cc:138] [event_listener/table_file_created] column family: default, file path: /nvme/jinghuan/node_40002/db/000026.sst, file size: 76287628, job id: 7, reason: flush, status: OK
I20230630 04:47:30.510866 1229636 event_listener.cc:91] [event_listener/flush_completed] column family: default, thread_id: 1229636, job_id: 7, file: /nvme/jinghuan/node_40002/db/000026.sst, reason: 6, is_write_slowdown: no, is_write_stall: no, largest seqno: 2610257, smallest seqno: 1952338
W20230630 04:47:30.510933 1229636 event_listener.cc:132] [event_listener/stall_cond_changed] column family: default write stall condition was changed, from delay to normal
I20230630 04:47:30.689594 1229636 event_listener.cc:84] [event_listener/flush_begin] column family: default, thread_id: 1229636, job_id: 10, reason: 6
I20230630 04:47:31.802768 1229635 event_listener.cc:138] [event_listener/table_file_created] column family: metadata, file path: /nvme/jinghuan/node_40002/db/000029.sst, file size: 19096155, job id: 8, reason: flush, status: OK
I20230630 04:47:31.809154 1229635 event_listener.cc:91] [event_listener/flush_completed] column family: metadata, thread_id: 1229635, job_id: 8, file: /nvme/jinghuan/node_40002/db/000029.sst, reason: 13, is_write_slowdown: no, is_write_stall: no, largest seqno: 3133099, smallest seqno: 1
W20230630 04:47:32.158183 1229865 event_listener.cc:132] [event_listener/stall_cond_changed] column family: default write stall condition was changed, from normal to delay
I20230630 04:47:33.797245 1229635 event_listener.cc:84] [event_listener/flush_begin] column family: default, thread_id: 1229635, job_id: 12, reason: 6
I20230630 04:47:34.006345 1229633 event_listener.cc:138] [event_listener/table_file_created] column family: metadata, file path: /nvme/jinghuan/node_40002/db/000034.sst, file size: 19096230, job id: 11, reason: compaction, status: OK
I20230630 04:47:34.019811 1229633 event_listener.cc:71] [event_listener/compaction_completed] column family: metadata, compaction reason: 11, output compression type: no, base input level(files): 0(1), output level(files): 0(1), input bytes: 19096155, output bytes:19096230, is_manual_compaction:no, elapsed(micro): 1848112
I20230630 04:47:34.022590 1229633 event_listener.cc:127] [event_listener/table_file_deleted] db: /nvme/jinghuan/node_40002/db, sst file: /nvme/jinghuan/node_40002/db/000029.sst, status: OK
I20230630 04:47:38.007709 1229636 event_listener.cc:138] [event_listener/table_file_created] column family: default, file path: /nvme/jinghuan/node_40002/db/000032.sst, file size: 74725183, job id: 10, reason: flush, status: OK
I20230630 04:47:38.020004 1229636 event_listener.cc:91] [event_listener/flush_completed] column family: default, thread_id: 1229636, job_id: 10, file: /nvme/jinghuan/node_40002/db/000032.sst, reason: 6, is_write_slowdown: no, is_write_stall: no, largest seqno: 3254725, smallest seqno: 2610259
W20230630 04:47:38.020097 1229636 event_listener.cc:132] [event_listener/stall_cond_changed] column family: default write stall condition was changed, from stop to normal
W20230630 04:47:38.020341 1229868 event_listener.cc:132] [event_listener/stall_cond_changed] column family: default write stall condition was changed, from delay to stop
W20230630 04:47:39.649041 1229869 event_listener.cc:132] [event_listener/stall_cond_changed] column family: default write stall condition was changed, from normal to delay
I20230630 04:47:39.709240 1229635 event_listener.cc:138] [event_listener/table_file_created] column family: default, file path: /nvme/jinghuan/node_40002/db/000036.sst, file size: 73440834, job id: 12, reason: flush, status: OK
I20230630 04:47:39.715577 1229635 event_listener.cc:91] [event_listener/flush_completed] column family: default, thread_id: 1229635, job_id: 12, file: /nvme/jinghuan/node_40002/db/000036.sst, reason: 6, is_write_slowdown: no, is_write_stall: no, largest seqno: 3888116, smallest seqno: 3254727
W20230630 04:47:39.715643 1229635 event_listener.cc:132] [event_listener/stall_cond_changed] column family: default write stall condition was changed, from delay to normal
I20230630 04:47:41.332044 1229636 event_listener.cc:84] [event_listener/flush_begin] column family: default, thread_id: 1229636, job_id: 13, reason: 6
W20230630 04:47:42.766644 1229868 event_listener.cc:132] [event_listener/stall_cond_changed] column family: default write stall condition was changed, from normal to delay
I20230630 04:47:43.107905 1229634 event_listener.cc:138] [event_listener/table_file_created] column family: default, file path: /nvme/jinghuan/node_40002/db/000030.sst, file size: 138702716, job id: 9, reason: compaction, status: OK
I20230630 04:47:44.362721 1229635 event_listener.cc:84] [event_listener/flush_begin] column family: default, thread_id: 1229635, job_id: 14, reason: 6
I20230630 04:47:48.918879 1229636 event_listener.cc:138] [event_listener/table_file_created] column family: default, file path: /nvme/jinghuan/node_40002/db/000039.sst, file size: 79091445, job id: 13, reason: flush, status: OK
I20230630 04:47:48.925186 1229636 event_listener.cc:91] [event_listener/flush_completed] column family: default, thread_id: 1229636, job_id: 13, file: /nvme/jinghuan/node_40002/db/000039.sst, reason: 6, is_write_slowdown: no, is_write_stall: no, largest seqno: 4570226, smallest seqno: 3888118
W20230630 04:47:48.925230 1229636 event_listener.cc:132] [event_listener/stall_cond_changed] column family: default write stall condition was changed, from stop to normal
W20230630 04:47:48.925588 1229866 event_listener.cc:132] [event_listener/stall_cond_changed] column family: default write stall condition was changed, from delay to stop
I20230630 04:47:50.417882 1229635 event_listener.cc:138] [event_listener/table_file_created] column family: default, file path: /nvme/jinghuan/node_40002/db/000043.sst, file size: 73902282, job id: 14, reason: flush, status: OK
I20230630 04:47:50.424196 1229635 event_listener.cc:91] [event_listener/flush_completed] column family: default, thread_id: 1229635, job_id: 14, file: /nvme/jinghuan/node_40002/db/000043.sst, reason: 6, is_write_slowdown: no, is_write_stall: no, largest seqno: 5207599, smallest seqno: 4570228
I20230630 04:47:52.257238 1229636 event_listener.cc:84] [event_listener/flush_begin] column family: default, thread_id: 1229636, job_id: 16, reason: 6
W20230630 04:47:53.929296 1229864 event_listener.cc:132] [event_listener/stall_cond_changed] column family: default write stall condition was changed, from normal to delay
I20230630 04:47:54.354848 1229635 event_listener.cc:84] [event_listener/flush_begin] column family: metadata, thread_id: 1229635, job_id: 17, reason: 13
I20230630 04:47:55.915962 1229634 event_listener.cc:138] [event_listener/table_file_created] column family: default, file path: /nvme/jinghuan/node_40002/db/000041.sst, file size: 138793522, job id: 9, reason: compaction, status: OK
I20230630 04:47:56.119154 1229635 event_listener.cc:138] [event_listener/table_file_created] column family: metadata, file path: /nvme/jinghuan/node_40002/db/000050.sst, file size: 19085894, job id: 17, reason: flush, status: OK
I20230630 04:47:56.125763 1229635 event_listener.cc:91] [event_listener/flush_completed] column family: metadata, thread_id: 1229635, job_id: 17, file: /nvme/jinghuan/node_40002/db/000050.sst, reason: 13, is_write_slowdown: no, is_write_stall: no, largest seqno: 6266207, smallest seqno: 3133110
I20230630 04:47:56.143877 1229635 event_listener.cc:84] [event_listener/flush_begin] column family: default, thread_id: 1229635, job_id: 18, reason: 6
I20230630 04:47:58.320642 1229634 event_listener.cc:138] [event_listener/table_file_created] column family: default, file path: /nvme/jinghuan/node_40002/db/000052.sst, file size: 25057741, job id: 9, reason: compaction, status: OK
I20230630 04:47:58.342344 1229634 event_listener.cc:71] [event_listener/compaction_completed] column family: default, compaction reason: 1, output compression type: no, base input level(files): 0(4), output level(files): 1(3), input bytes: 302664407, output bytes:302553979, is_manual_compaction:no, elapsed(micro): 27809722
I20230630 04:47:58.350941 1229634 event_listener.cc:71] [event_listener/compaction_completed] column family: default, compaction reason: 2, output compression type: no, base input level(files): 1(1), output level(files): 2(1), input bytes: 0, output bytes:0, is_manual_compaction:no, elapsed(micro): 0
I20230630 04:48:01.021317 1229636 event_listener.cc:138] [event_listener/table_file_created] column family: default, file path: /nvme/jinghuan/node_40002/db/000047.sst, file size: 73986069, job id: 16, reason: flush, status: OK
I20230630 04:48:01.034204 1229636 event_listener.cc:91] [event_listener/flush_completed] column family: default, thread_id: 1229636, job_id: 16, file: /nvme/jinghuan/node_40002/db/000047.sst, reason: 6, is_write_slowdown: no, is_write_stall: no, largest seqno: 5845698, smallest seqno: 5207601
W20230630 04:48:01.034349 1229636 event_listener.cc:132] [event_listener/stall_cond_changed] column family: default write stall condition was changed, from stop to normal
W20230630 04:48:01.034581 1229868 event_listener.cc:132] [event_listener/stall_cond_changed] column family: default write stall condition was changed, from delay to stop
I20230630 04:48:02.336527 1229635 event_listener.cc:138] [event_listener/table_file_created] column family: default, file path: /nvme/jinghuan/node_40002/db/000053.sst, file size: 76868526, job id: 18, reason: flush, status: OK
I20230630 04:48:02.349032 1229635 event_listener.cc:91] [event_listener/flush_completed] column family: default, thread_id: 1229635, job_id: 18, file: /nvme/jinghuan/node_40002/db/000053.sst, reason: 6, is_write_slowdown: no, is_write_stall: no, largest seqno: 6508635, smallest seqno: 5845700
I20230630 04:48:04.717200 1229636 event_listener.cc:84] [event_listener/flush_begin] column family: default, thread_id: 1229636, job_id: 20, reason: 6
W20230630 04:48:06.515399 1229868 event_listener.cc:132] [event_listener/stall_cond_changed] column family: default write stall condition was changed, from normal to delay
I20230630 04:48:08.466152 1229635 event_listener.cc:84] [event_listener/flush_begin] column family: default, thread_id: 1229635, job_id: 21, reason: 6
I20230630 04:48:09.228152 1229636 event_listener.cc:138] [event_listener/table_file_created] column family: default, file path: /nvme/jinghuan/node_40002/db/000056.sst, file size: 83992722, job id: 20, reason: flush, status: OK
I20230630 04:48:09.239910 1229636 event_listener.cc:91] [event_listener/flush_completed] column family: default, thread_id: 1229636, job_id: 20, file: /nvme/jinghuan/node_40002/db/000056.sst, reason: 6, is_write_slowdown: no, is_write_stall: no, largest seqno: 7233029, smallest seqno: 6508637
W20230630 04:48:09.239980 1229636 event_listener.cc:132] [event_listener/stall_cond_changed] column family: default write stall condition was changed, from stop to normal
W20230630 04:48:09.240468 1229871 event_listener.cc:132] [event_listener/stall_cond_changed] column family: default write stall condition was changed, from delay to stop
W20230630 04:48:11.097327 1229868 event_listener.cc:132] [event_listener/stall_cond_changed] column family: default write stall condition was changed, from normal to delay
I20230630 04:48:12.766875 1229636 event_listener.cc:84] [event_listener/flush_begin] column family: default, thread_id: 1229636, job_id: 22, reason: 6
I20230630 04:48:12.935571 1229635 event_listener.cc:138] [event_listener/table_file_created] column family: default, file path: /nvme/jinghuan/node_40002/db/000059.sst, file size: 84050642, job id: 21, reason: flush, status: OK
I20230630 04:48:12.943111 1229635 event_listener.cc:91] [event_listener/flush_completed] column family: default, thread_id: 1229635, job_id: 21, file: /nvme/jinghuan/node_40002/db/000059.sst, reason: 6, is_write_slowdown: no, is_write_stall: no, largest seqno: 7957929, smallest seqno: 7233031
W20230630 04:48:12.943209 1229635 event_listener.cc:132] [event_listener/stall_cond_changed] column family: default write stall condition was changed, from stop to normal
W20230630 04:48:12.943617 1229868 event_listener.cc:132] [event_listener/stall_cond_changed] column family: default write stall condition was changed, from delay to stop
W20230630 04:48:14.774369 1229866 event_listener.cc:132] [event_listener/stall_cond_changed] column family: default write stall condition was changed, from normal to delay
I20230630 04:48:16.228622 1229633 event_listener.cc:138] [event_listener/table_file_created] column family: default, file path: /nvme/jinghuan/node_40002/db/000044.sst, file size: 301056232, job id: 15, reason: compaction, status: OK
I20230630 04:48:16.244702 1229633 event_listener.cc:71] [event_listener/compaction_completed] column family: default, compaction reason: 1, output compression type: no, base input level(files): 0(4), output level(files): 0(1), input bytes: 301159744, output bytes:301056232, is_manual_compaction:no, elapsed(micro): 25804300
I20230630 04:48:16.253701 1229633 event_listener.cc:127] [event_listener/table_file_deleted] db: /nvme/jinghuan/node_40002/db, sst file: /nvme/jinghuan/node_40002/db/000026.sst, status: OK
I20230630 04:48:16.260550 1229633 event_listener.cc:127] [event_listener/table_file_deleted] db: /nvme/jinghuan/node_40002/db, sst file: /nvme/jinghuan/node_40002/db/000023.sst, status: OK
I20230630 04:48:16.266667 1229633 event_listener.cc:127] [event_listener/table_file_deleted] db: /nvme/jinghuan/node_40002/db, sst file: /nvme/jinghuan/node_40002/db/000020.sst, status: OK
I20230630 04:48:16.273453 1229633 event_listener.cc:127] [event_listener/table_file_deleted] db: /nvme/jinghuan/node_40002/db, sst file: /nvme/jinghuan/node_40002/db/000018.sst, status: OK
I20230630 04:48:16.529340 1229635 event_listener.cc:84] [event_listener/flush_begin] column family: default, thread_id: 1229635, job_id: 26, reason: 6
I20230630 04:48:19.435917 1229636 event_listener.cc:138] [event_listener/table_file_created] column family: default, file path: /nvme/jinghuan/node_40002/db/000062.sst, file size: 78848057, job id: 22, reason: flush, status: OK
I20230630 04:48:19.448406 1229636 event_listener.cc:91] [event_listener/flush_completed] column family: default, thread_id: 1229636, job_id: 22, file: /nvme/jinghuan/node_40002/db/000062.sst, reason: 6, is_write_slowdown: no, is_write_stall: no, largest seqno: 8637938, smallest seqno: 7957931
W20230630 04:48:19.448447 1229636 event_listener.cc:132] [event_listener/stall_cond_changed] column family: default write stall condition was changed, from stop to normal
W20230630 04:48:19.448814 1229870 event_listener.cc:132] [event_listener/stall_cond_changed] column family: default write stall condition was changed, from delay to stop
I20230630 04:48:20.097028 1229636 event_listener.cc:84] [event_listener/flush_begin] column family: metadata, thread_id: 1229636, job_id: 27, reason: 13
W20230630 04:48:21.238577 1229868 event_listener.cc:132] [event_listener/stall_cond_changed] column family: default write stall condition was changed, from normal to delay
I20230630 04:48:21.843304 1229636 event_listener.cc:138] [event_listener/table_file_created] column family: metadata, file path: /nvme/jinghuan/node_40002/db/000068.sst, file size: 19090695, job id: 27, reason: flush, status: OK
I20230630 04:48:21.849762 1229636 event_listener.cc:91] [event_listener/flush_completed] column family: metadata, thread_id: 1229636, job_id: 27, file: /nvme/jinghuan/node_40002/db/000068.sst, reason: 13, is_write_slowdown: no, is_write_stall: no, largest seqno: 9398974, smallest seqno: 6266218
I20230630 04:48:22.239213 1229635 event_listener.cc:138] [event_listener/table_file_created] column family: default, file path: /nvme/jinghuan/node_40002/db/000066.sst, file size: 75468749, job id: 26, reason: flush, status: OK
I20230630 04:48:22.254454 1229635 event_listener.cc:91] [event_listener/flush_completed] column family: default, thread_id: 1229635, job_id: 26, file: /nvme/jinghuan/node_40002/db/000066.sst, reason: 6, is_write_slowdown: no, is_write_stall: no, largest seqno: 9288797, smallest seqno: 8637940
W20230630 04:48:22.254568 1229635 event_listener.cc:132] [event_listener/stall_cond_changed] column family: default write stall condition was changed, from delay to normal
I20230630 04:48:22.928647 1229636 event_listener.cc:84] [event_listener/flush_begin] column family: default, thread_id: 1229636, job_id: 29, reason: 6
W20230630 04:48:24.503330 1229870 event_listener.cc:132] [event_listener/stall_cond_changed] column family: default write stall condition was changed, from normal to delay
I20230630 04:48:26.141871 1229636 event_listener.cc:138] [event_listener/table_file_created] column family: default, file path: /nvme/jinghuan/node_40002/db/000071.sst, file size: 73659911, job id: 29, reason: flush, status: OK
I20230630 04:48:26.148255 1229636 event_listener.cc:91] [event_listener/flush_completed] column family: default, thread_id: 1229636, job_id: 29, file: /nvme/jinghuan/node_40002/db/000071.sst, reason: 6, is_write_slowdown: no, is_write_stall: no, largest seqno: 9924058, smallest seqno: 9288799
W20230630 04:48:26.148396 1229636 event_listener.cc:132] [event_listener/stall_cond_changed] column family: default write stall condition was changed, from delay to normal
I20230630 04:48:26.252418 1229635 event_listener.cc:84] [event_listener/flush_begin] column family: default, thread_id: 1229635, job_id: 33, reason: 6
W20230630 04:48:27.598603 1229868 event_listener.cc:132] [event_listener/stall_cond_changed] column family: default write stall condition was changed, from normal to delay
I20230630 04:48:28.892822 1229636 event_listener.cc:84] [event_listener/flush_begin] column family: default, thread_id: 1229636, job_id: 35, reason: 6
I20230630 04:48:30.149452 1229635 event_listener.cc:138] [event_listener/table_file_created] column family: default, file path: /nvme/jinghuan/node_40002/db/000074.sst, file size: 74016740, job id: 33, reason: flush, status: OK
I20230630 04:48:30.163697 1229635 event_listener.cc:91] [event_listener/flush_completed] column family: default, thread_id: 1229635, job_id: 33, file: /nvme/jinghuan/node_40002/db/000074.sst, reason: 6, is_write_slowdown: no, is_write_stall: no, largest seqno: 10562388, smallest seqno: 9924060
W20230630 04:48:30.164052 1229635 event_listener.cc:132] [event_listener/stall_cond_changed] column family: default write stall condition was changed, from stop to normal
W20230630 04:48:30.164770 1229868 event_listener.cc:132] [event_listener/stall_cond_changed] column family: default write stall condition was changed, from delay to stop
W20230630 04:48:31.650166 1229867 event_listener.cc:132] [event_listener/stall_cond_changed] column family: default write stall condition was changed, from normal to delay
I20230630 04:48:33.215900 1229635 event_listener.cc:84] [event_listener/flush_begin] column family: default, thread_id: 1229635, job_id: 38, reason: 6
I20230630 04:48:34.948195 1229636 event_listener.cc:138] [event_listener/table_file_created] column family: default, file path: /nvme/jinghuan/node_40002/db/000077.sst, file size: 74788127, job id: 35, reason: flush, status: OK
I20230630 04:48:34.960729 1229636 event_listener.cc:91] [event_listener/flush_completed] column family: default, thread_id: 1229636, job_id: 35, file: /nvme/jinghuan/node_40002/db/000077.sst, reason: 6, is_write_slowdown: no, is_write_stall: no, largest seqno: 11207351, smallest seqno: 10562390
W20230630 04:48:34.960821 1229636 event_listener.cc:132] [event_listener/stall_cond_changed] column family: default write stall condition was changed, from stop to normal
W20230630 04:48:34.961460 1229865 event_listener.cc:132] [event_listener/stall_cond_changed] column family: default write stall condition was changed, from delay to stop
W20230630 04:48:36.190174 1229865 event_listener.cc:132] [event_listener/stall_cond_changed] column family: default write stall condition was changed, from normal to delay
I20230630 04:48:37.322036 1229636 event_listener.cc:84] [event_listener/flush_begin] column family: metadata, thread_id: 1229636, job_id: 39, reason: 13
I20230630 04:48:39.145591 1229636 event_listener.cc:138] [event_listener/table_file_created] column family: metadata, file path: /nvme/jinghuan/node_40002/db/000084.sst, file size: 19093977, job id: 39, reason: flush, status: OK
I20230630 04:48:39.151825 1229636 event_listener.cc:91] [event_listener/flush_completed] column family: metadata, thread_id: 1229636, job_id: 39, file: /nvme/jinghuan/node_40002/db/000084.sst, reason: 13, is_write_slowdown: no, is_write_stall: no, largest seqno: 12530828, smallest seqno: 9398985
I20230630 04:48:39.161523 1229636 event_listener.cc:84] [event_listener/flush_begin] column family: default, thread_id: 1229636, job_id: 40, reason: 6
I20230630 04:48:40.049149 1229635 event_listener.cc:138] [event_listener/table_file_created] column family: default, file path: /nvme/jinghuan/node_40002/db/000081.sst, file size: 84059779, job id: 38, reason: flush, status: OK
I20230630 04:48:40.056465 1229635 event_listener.cc:91] [event_listener/flush_completed] column family: default, thread_id: 1229635, job_id: 38, file: /nvme/jinghuan/node_40002/db/000081.sst, reason: 6, is_write_slowdown: no, is_write_stall: no, largest seqno: 11932295, smallest seqno: 11207353
W20230630 04:48:40.056695 1229635 event_listener.cc:132] [event_listener/stall_cond_changed] column family: default write stall condition was changed, from stop to normal
W20230630 04:48:40.056900 1229865 event_listener.cc:132] [event_listener/stall_cond_changed] column family: default write stall condition was changed, from delay to stop
W20230630 04:48:41.454427 1229867 event_listener.cc:132] [event_listener/stall_cond_changed] column family: default write stall condition was changed, from normal to delay
I20230630 04:48:41.647203 1229634 event_listener.cc:138] [event_listener/table_file_created] column family: default, file path: /nvme/jinghuan/node_40002/db/000063.sst, file size: 318795913, job id: 23, reason: compaction, status: OK
I20230630 04:48:41.666824 1229634 event_listener.cc:71] [event_listener/compaction_completed] column family: default, compaction reason: 1, output compression type: no, base input level(files): 0(4), output level(files): 0(1), input bytes: 318897959, output bytes:318795913, is_manual_compaction:no, elapsed(micro): 28704111
I20230630 04:48:41.674156 1229634 event_listener.cc:127] [event_listener/table_file_deleted] db: /nvme/jinghuan/node_40002/db, sst file: /nvme/jinghuan/node_40002/db/000043.sst, status: OK
I20230630 04:48:41.681387 1229634 event_listener.cc:127] [event_listener/table_file_deleted] db: /nvme/jinghuan/node_40002/db, sst file: /nvme/jinghuan/node_40002/db/000039.sst, status: OK
I20230630 04:48:41.687844 1229634 event_listener.cc:127] [event_listener/table_file_deleted] db: /nvme/jinghuan/node_40002/db, sst file: /nvme/jinghuan/node_40002/db/000036.sst, status: OK
I20230630 04:48:41.694033 1229634 event_listener.cc:127] [event_listener/table_file_deleted] db: /nvme/jinghuan/node_40002/db, sst file: /nvme/jinghuan/node_40002/db/000032.sst, status: OK
I20230630 04:48:42.955269 1229635 event_listener.cc:84] [event_listener/flush_begin] column family: default, thread_id: 1229635, job_id: 43, reason: 6
I20230630 04:48:45.250304 1229636 event_listener.cc:138] [event_listener/table_file_created] column family: default, file path: /nvme/jinghuan/node_40002/db/000086.sst, file size: 73241336, job id: 40, reason: flush, status: OK
I20230630 04:48:45.256649 1229636 event_listener.cc:91] [event_listener/flush_completed] column family: default, thread_id: 1229636, job_id: 40, file: /nvme/jinghuan/node_40002/db/000086.sst, reason: 6, is_write_slowdown: no, is_write_stall: no, largest seqno: 12563915, smallest seqno: 11932297
W20230630 04:48:45.257128 1229636 event_listener.cc:132] [event_listener/stall_cond_changed] column family: default write stall condition was changed, from stop to normal
W20230630 04:48:45.257231 1229866 event_listener.cc:132] [event_listener/stall_cond_changed] column family: default write stall condition was changed, from delay to stop
W20230630 04:48:46.679504 1229868 event_listener.cc:132] [event_listener/stall_cond_changed] column family: default write stall condition was changed, from normal to delay
I20230630 04:48:48.058225 1229636 event_listener.cc:84] [event_listener/flush_begin] column family: default, thread_id: 1229636, job_id: 44, reason: 6
I20230630 04:48:48.066332 1229635 event_listener.cc:138] [event_listener/table_file_created] column family: default, file path: /nvme/jinghuan/node_40002/db/000090.sst, file size: 72636013, job id: 43, reason: flush, status: OK
I20230630 04:48:48.085403 1229635 event_listener.cc:91] [event_listener/flush_completed] column family: default, thread_id: 1229635, job_id: 43, file: /nvme/jinghuan/node_40002/db/000090.sst, reason: 6, is_write_slowdown: no, is_write_stall: no, largest seqno: 13190310, smallest seqno: 12563917
W20230630 04:48:48.085490 1229635 event_listener.cc:132] [event_listener/stall_cond_changed] column family: default write stall condition was changed, from stop to normal
W20230630 04:48:48.085942 1229868 event_listener.cc:132] [event_listener/stall_cond_changed] column family: default write stall condition was changed, from delay to stop
I20230630 04:48:48.861243 1229634 event_listener.cc:138] [event_listener/table_file_created] column family: metadata, file path: /nvme/jinghuan/node_40002/db/000088.sst, file size: 75856716, job id: 42, reason: compaction, status: OK
I20230630 04:48:48.877766 1229634 event_listener.cc:71] [event_listener/compaction_completed] column family: metadata, compaction reason: 1, output compression type: no, base input level(files): 0(4), output level(files): 1(1), input bytes: 76366796, output bytes:75856716, is_manual_compaction:no, elapsed(micro): 7167211
I20230630 04:48:48.881935 1229634 event_listener.cc:127] [event_listener/table_file_deleted] db: /nvme/jinghuan/node_40002/db, sst file: /nvme/jinghuan/node_40002/db/000068.sst, status: OK
I20230630 04:48:48.884892 1229634 event_listener.cc:127] [event_listener/table_file_deleted] db: /nvme/jinghuan/node_40002/db, sst file: /nvme/jinghuan/node_40002/db/000050.sst, status: OK
I20230630 04:48:48.886444 1229634 event_listener.cc:127] [event_listener/table_file_deleted] db: /nvme/jinghuan/node_40002/db, sst file: /nvme/jinghuan/node_40002/db/000034.sst, status: OK
W20230630 04:48:49.385905 1229868 event_listener.cc:132] [event_listener/stall_cond_changed] column family: default write stall condition was changed, from normal to delay
I20230630 04:48:50.777393 1229635 event_listener.cc:84] [event_listener/flush_begin] column family: default, thread_id: 1229635, job_id: 46, reason: 6
I20230630 04:48:53.654937 1229636 event_listener.cc:138] [event_listener/table_file_created] column family: default, file path: /nvme/jinghuan/node_40002/db/000093.sst, file size: 75706356, job id: 44, reason: flush, status: OK
I20230630 04:48:53.661353 1229636 event_listener.cc:91] [event_listener/flush_completed] column family: default, thread_id: 1229636, job_id: 44, file: /nvme/jinghuan/node_40002/db/000093.sst, reason: 6, is_write_slowdown: no, is_write_stall: no, largest seqno: 13843182, smallest seqno: 13190312
W20230630 04:48:53.661394 1229636 event_listener.cc:132] [event_listener/stall_cond_changed] column family: default write stall condition was changed, from stop to normal
W20230630 04:48:53.661754 1229865 event_listener.cc:132] [event_listener/stall_cond_changed] column family: default write stall condition was changed, from delay to stop
W20230630 04:48:54.992120 1229870 event_listener.cc:132] [event_listener/stall_cond_changed] column family: default write stall condition was changed, from normal to delay
I20230630 04:48:56.064162 1229635 event_listener.cc:138] [event_listener/table_file_created] column family: default, file path: /nvme/jinghuan/node_40002/db/000097.sst, file size: 73424982, job id: 46, reason: flush, status: OK
I20230630 04:48:56.077124 1229635 event_listener.cc:91] [event_listener/flush_completed] column family: default, thread_id: 1229635, job_id: 46, file: /nvme/jinghuan/node_40002/db/000097.sst, reason: 6, is_write_slowdown: no, is_write_stall: no, largest seqno: 14476375, smallest seqno: 13843184
W20230630 04:48:56.077246 1229635 event_listener.cc:132] [event_listener/stall_cond_changed] column family: default write stall condition was changed, from delay to normal
I20230630 04:48:56.465870 1229636 event_listener.cc:84] [event_listener/flush_begin] column family: default, thread_id: 1229636, job_id: 47, reason: 6
W20230630 04:48:57.938179 1229870 event_listener.cc:132] [event_listener/stall_cond_changed] column family: default write stall condition was changed, from normal to delay
I20230630 04:48:58.751428 1229635 event_listener.cc:84] [event_listener/flush_begin] column family: metadata, thread_id: 1229635, job_id: 48, reason: 13
I20230630 04:49:00.561143 1229633 event_listener.cc:138] [event_listener/table_file_created] column family: default, file path: /nvme/jinghuan/node_40002/db/000078.sst, file size: 301892233, job id: 37, reason: compaction, status: OK
I20230630 04:49:00.567924 1229635 event_listener.cc:138] [event_listener/table_file_created] column family: metadata, file path: /nvme/jinghuan/node_40002/db/000103.sst, file size: 19087810, job id: 48, reason: flush, status: OK
I20230630 04:49:00.578872 1229635 event_listener.cc:91] [event_listener/flush_completed] column family: metadata, thread_id: 1229635, job_id: 48, file: /nvme/jinghuan/node_40002/db/000103.sst, reason: 13, is_write_slowdown: no, is_write_stall: no, largest seqno: 15662110, smallest seqno: 12530839
I20230630 04:49:00.589890 1229633 event_listener.cc:71] [event_listener/compaction_completed] column family: default, compaction reason: 1, output compression type: no, base input level(files): 0(4), output level(files): 0(1), input bytes: 301993457, output bytes:301892233, is_manual_compaction:no, elapsed(micro): 30397209
I20230630 04:49:00.592598 1229633 event_listener.cc:127] [event_listener/table_file_deleted] db: /nvme/jinghuan/node_40002/db, sst file: /nvme/jinghuan/node_40002/db/000084.sst, status: OK
I20230630 04:49:00.603942 1229633 event_listener.cc:127] [event_listener/table_file_deleted] db: /nvme/jinghuan/node_40002/db, sst file: /nvme/jinghuan/node_40002/db/000059.sst, status: OK
I20230630 04:49:00.608772 1229635 event_listener.cc:84] [event_listener/flush_begin] column family: default, thread_id: 1229635, job_id: 49, reason: 6
I20230630 04:49:00.610900 1229633 event_listener.cc:127] [event_listener/table_file_deleted] db: /nvme/jinghuan/node_40002/db, sst file: /nvme/jinghuan/node_40002/db/000056.sst, status: OK
I20230630 04:49:00.617302 1229633 event_listener.cc:127] [event_listener/table_file_deleted] db: /nvme/jinghuan/node_40002/db, sst file: /nvme/jinghuan/node_40002/db/000053.sst, status: OK
I20230630 04:49:00.623306 1229633 event_listener.cc:127] [event_listener/table_file_deleted] db: /nvme/jinghuan/node_40002/db, sst file: /nvme/jinghuan/node_40002/db/000047.sst, status: OK
I20230630 04:49:01.567435 1229636 event_listener.cc:138] [event_listener/table_file_created] column family: default, file path: /nvme/jinghuan/node_40002/db/000100.sst, file size: 75020606, job id: 47, reason: flush, status: OK
I20230630 04:49:01.574044 1229636 event_listener.cc:91] [event_listener/flush_completed] column family: default, thread_id: 1229636, job_id: 47, file: /nvme/jinghuan/node_40002/db/000100.sst, reason: 6, is_write_slowdown: no, is_write_stall: no, largest seqno: 15123329, smallest seqno: 14476377
W20230630 04:49:01.574165 1229636 event_listener.cc:132] [event_listener/stall_cond_changed] column family: default write stall condition was changed, from stop to normal
W20230630 04:49:01.574350 1229865 event_listener.cc:132] [event_listener/stall_cond_changed] column family: default write stall condition was changed, from delay to stop
W20230630 04:49:02.964182 1229868 event_listener.cc:132] [event_listener/stall_cond_changed] column family: default write stall condition was changed, from normal to delay
I20230630 04:49:03.962903 1229635 event_listener.cc:138] [event_listener/table_file_created] column family: default, file path: /nvme/jinghuan/node_40002/db/000105.sst, file size: 80806590, job id: 49, reason: flush, status: OK
I20230630 04:49:03.969278 1229635 event_listener.cc:91] [event_listener/flush_completed] column family: default, thread_id: 1229635, job_id: 49, file: /nvme/jinghuan/node_40002/db/000105.sst, reason: 6, is_write_slowdown: no, is_write_stall: no, largest seqno: 15820212, smallest seqno: 15123331
W20230630 04:49:03.969444 1229635 event_listener.cc:132] [event_listener/stall_cond_changed] column family: default write stall condition was changed, from delay to normal
I20230630 04:49:04.266852 1229636 event_listener.cc:84] [event_listener/flush_begin] column family: default, thread_id: 1229636, job_id: 54, reason: 6
W20230630 04:49:05.645097 1229865 event_listener.cc:132] [event_listener/stall_cond_changed] column family: default write stall condition was changed, from normal to delay
I20230630 04:49:06.924850 1229635 event_listener.cc:84] [event_listener/flush_begin] column family: default, thread_id: 1229635, job_id: 55, reason: 6
I20230630 04:49:08.966343 1229636 event_listener.cc:138] [event_listener/table_file_created] column family: default, file path: /nvme/jinghuan/node_40002/db/000109.sst, file size: 75104969, job id: 54, reason: flush, status: OK
I20230630 04:49:08.972790 1229636 event_listener.cc:91] [event_listener/flush_completed] column family: default, thread_id: 1229636, job_id: 54, file: /nvme/jinghuan/node_40002/db/000109.sst, reason: 6, is_write_slowdown: no, is_write_stall: no, largest seqno: 16467903, smallest seqno: 15820214
W20230630 04:49:08.972854 1229636 event_listener.cc:132] [event_listener/stall_cond_changed] column family: default write stall condition was changed, from stop to normal
W20230630 04:49:08.973479 1229868 event_listener.cc:132] [event_listener/stall_cond_changed] column family: default write stall condition was changed, from delay to stop
W20230630 04:49:10.344084 1229868 event_listener.cc:132] [event_listener/stall_cond_changed] column family: default write stall condition was changed, from normal to delay
I20230630 04:49:11.669073 1229635 event_listener.cc:138] [event_listener/table_file_created] column family: default, file path: /nvme/jinghuan/node_40002/db/000112.sst, file size: 79042013, job id: 55, reason: flush, status: OK
I20230630 04:49:11.675529 1229635 event_listener.cc:91] [event_listener/flush_completed] column family: default, thread_id: 1229635, job_id: 55, file: /nvme/jinghuan/node_40002/db/000112.sst, reason: 6, is_write_slowdown: no, is_write_stall: no, largest seqno: 17149551, smallest seqno: 16467905
W20230630 04:49:11.675601 1229635 event_listener.cc:132] [event_listener/stall_cond_changed] column family: default write stall condition was changed, from delay to normal
I20230630 04:49:11.839740 1229636 event_listener.cc:84] [event_listener/flush_begin] column family: default, thread_id: 1229636, job_id: 56, reason: 6
W20230630 04:49:13.105741 1229868 event_listener.cc:132] [event_listener/stall_cond_changed] column family: default write stall condition was changed, from normal to delay
I20230630 04:49:14.563063 1229635 event_listener.cc:84] [event_listener/flush_begin] column family: default, thread_id: 1229635, job_id: 57, reason: 6
I20230630 04:49:16.268213 1229634 event_listener.cc:138] [event_listener/table_file_created] column family: default, file path: /nvme/jinghuan/node_40002/db/000094.sst, file size: 304631320, job id: 45, reason: compaction, status: OK
I20230630 04:49:16.287505 1229634 event_listener.cc:71] [event_listener/compaction_completed] column family: default, compaction reason: 1, output compression type: no, base input level(files): 0(4), output level(files): 0(1), input bytes: 304725255, output bytes:304631320, is_manual_compaction:no, elapsed(micro): 27381837
I20230630 04:49:16.294765 1229634 event_listener.cc:127] [event_listener/table_file_deleted] db: /nvme/jinghuan/node_40002/db, sst file: /nvme/jinghuan/node_40002/db/000074.sst, status: OK
I20230630 04:49:16.303090 1229634 event_listener.cc:127] [event_listener/table_file_deleted] db: /nvme/jinghuan/node_40002/db, sst file: /nvme/jinghuan/node_40002/db/000071.sst, status: OK
I20230630 04:49:16.309796 1229634 event_listener.cc:127] [event_listener/table_file_deleted] db: /nvme/jinghuan/node_40002/db, sst file: /nvme/jinghuan/node_40002/db/000066.sst, status: OK
I20230630 04:49:16.316681 1229634 event_listener.cc:127] [event_listener/table_file_deleted] db: /nvme/jinghuan/node_40002/db, sst file: /nvme/jinghuan/node_40002/db/000062.sst, status: OK
I20230630 04:49:16.773226 1229636 event_listener.cc:138] [event_listener/table_file_created] column family: default, file path: /nvme/jinghuan/node_40002/db/000115.sst, file size: 81552467, job id: 56, reason: flush, status: OK
I20230630 04:49:16.781422 1229636 event_listener.cc:91] [event_listener/flush_completed] column family: default, thread_id: 1229636, job_id: 56, file: /nvme/jinghuan/node_40002/db/000115.sst, reason: 6, is_write_slowdown: no, is_write_stall: no, largest seqno: 17852847, smallest seqno: 17149553
W20230630 04:49:16.781493 1229636 event_listener.cc:132] [event_listener/stall_cond_changed] column family: default write stall condition was changed, from stop to normal
W20230630 04:49:16.781704 1229868 event_listener.cc:132] [event_listener/stall_cond_changed] column family: default write stall condition was changed, from delay to stop
E20230630 04:49:16.782671 1229864 redis_connection.cc:103] [connection] Going to remove the client: 127.0.0.1:59180, while encounter error: Broken pipe
W20230630 04:49:18.199841 1229871 event_listener.cc:132] [event_listener/stall_cond_changed] column family: default write stall condition was changed, from normal to delay
I20230630 04:49:18.209583 1229636 event_listener.cc:84] [event_listener/flush_begin] column family: metadata, thread_id: 1229636, job_id: 60, reason: 13
I20230630 04:49:18.478022 1229635 event_listener.cc:138] [event_listener/table_file_created] column family: default, file path: /nvme/jinghuan/node_40002/db/000118.sst, file size: 73408718, job id: 57, reason: flush, status: OK
I20230630 04:49:18.491343 1229635 event_listener.cc:91] [event_listener/flush_completed] column family: default, thread_id: 1229635, job_id: 57, file: /nvme/jinghuan/node_40002/db/000118.sst, reason: 6, is_write_slowdown: no, is_write_stall: no, largest seqno: 18486095, smallest seqno: 17852849
W20230630 04:49:18.491504 1229635 event_listener.cc:132] [event_listener/stall_cond_changed] column family: default write stall condition was changed, from delay to normal
I20230630 04:49:19.477244 1229636 event_listener.cc:138] [event_listener/table_file_created] column family: metadata, file path: /nvme/jinghuan/node_40002/db/000121.sst, file size: 19078618, job id: 60, reason: flush, status: OK
I20230630 04:49:19.488114 1229636 event_listener.cc:91] [event_listener/flush_completed] column family: metadata, thread_id: 1229636, job_id: 60, file: /nvme/jinghuan/node_40002/db/000121.sst, reason: 13, is_write_slowdown: no, is_write_stall: no, largest seqno: 18795339, smallest seqno: 15662121
I20230630 04:49:19.537003 1229635 event_listener.cc:84] [event_listener/flush_begin] column family: default, thread_id: 1229635, job_id: 63, reason: 13
W20230630 04:49:20.931828 1229868 event_listener.cc:132] [event_listener/stall_cond_changed] column family: default write stall condition was changed, from normal to delay
I20230630 04:49:22.393469 1229636 event_listener.cc:84] [event_listener/flush_begin] column family: default, thread_id: 1229636, job_id: 64, reason: 6
I20230630 04:49:22.680928 1229635 event_listener.cc:138] [event_listener/table_file_created] column family: default, file path: /nvme/jinghuan/node_40002/db/000124.sst, file size: 70927047, job id: 63, reason: flush, status: OK
I20230630 04:49:22.691236 1229635 event_listener.cc:91] [event_listener/flush_completed] column family: default, thread_id: 1229635, job_id: 63, file: /nvme/jinghuan/node_40002/db/000124.sst, reason: 6, is_write_slowdown: no, is_write_stall: no, largest seqno: 19098388, smallest seqno: 18486097
W20230630 04:49:22.691442 1229635 event_listener.cc:132] [event_listener/stall_cond_changed] column family: default write stall condition was changed, from stop to normal
W20230630 04:49:22.691545 1229870 event_listener.cc:132] [event_listener/stall_cond_changed] column family: default write stall condition was changed, from delay to stop
W20230630 04:49:24.161687 1229871 event_listener.cc:132] [event_listener/stall_cond_changed] column family: default write stall condition was changed, from normal to delay
I20230630 04:49:25.753578 1229635 event_listener.cc:84] [event_listener/flush_begin] column family: default, thread_id: 1229635, job_id: 65, reason: 6
I20230630 04:49:25.981238 1229636 event_listener.cc:138] [event_listener/table_file_created] column family: default, file path: /nvme/jinghuan/node_40002/db/000127.sst, file size: 74381083, job id: 64, reason: flush, status: OK
I20230630 04:49:25.990768 1229636 event_listener.cc:91] [event_listener/flush_completed] column family: default, thread_id: 1229636, job_id: 64, file: /nvme/jinghuan/node_40002/db/000127.sst, reason: 6, is_write_slowdown: no, is_write_stall: no, largest seqno: 19740535, smallest seqno: 19098390
W20230630 04:49:25.990864 1229636 event_listener.cc:132] [event_listener/stall_cond_changed] column family: default write stall condition was changed, from stop to normal
W20230630 04:49:25.991571 1229868 event_listener.cc:132] [event_listener/stall_cond_changed] column family: default write stall condition was changed, from delay to stop
