Log file created at: 2023/06/30 05:21:37
Running on machine: en4217754l
Running duration (h:mm:ss): 0:00:00
Log line format: [IWEF]yyyymmdd hh:mm:ss.uuuuuu threadid file:line] msg
I20230630 05:21:37.008090 1239041 main.cc:328] kvrocks unstable (commit 4a10c89)
I20230630 05:21:37.377671 1239041 storage.cc:322] [storage] Success to load the data from disk: 57 ms
I20230630 05:21:37.378240 1239041 worker.cc:72] [worker] Listening on: 10.218.109.65:40001
I20230630 05:21:37.378266 1239041 worker.cc:72] [worker] Listening on: 127.0.0.1:40001
I20230630 05:21:37.378507 1239041 worker.cc:72] [worker] Listening on: 10.218.109.65:40001
I20230630 05:21:37.378526 1239041 worker.cc:72] [worker] Listening on: 127.0.0.1:40001
I20230630 05:21:37.378690 1239041 worker.cc:72] [worker] Listening on: 10.218.109.65:40001
I20230630 05:21:37.378707 1239041 worker.cc:72] [worker] Listening on: 127.0.0.1:40001
I20230630 05:21:37.378854 1239041 worker.cc:72] [worker] Listening on: 10.218.109.65:40001
I20230630 05:21:37.378930 1239041 worker.cc:72] [worker] Listening on: 127.0.0.1:40001
I20230630 05:21:37.379082 1239041 worker.cc:72] [worker] Listening on: 10.218.109.65:40001
I20230630 05:21:37.379101 1239041 worker.cc:72] [worker] Listening on: 127.0.0.1:40001
I20230630 05:21:37.379241 1239041 worker.cc:72] [worker] Listening on: 10.218.109.65:40001
I20230630 05:21:37.379259 1239041 worker.cc:72] [worker] Listening on: 127.0.0.1:40001
I20230630 05:21:37.379405 1239041 worker.cc:72] [worker] Listening on: 10.218.109.65:40001
I20230630 05:21:37.379422 1239041 worker.cc:72] [worker] Listening on: 127.0.0.1:40001
I20230630 05:21:37.379595 1239041 worker.cc:72] [worker] Listening on: 10.218.109.65:40001
I20230630 05:21:37.379617 1239041 worker.cc:72] [worker] Listening on: 127.0.0.1:40001
W20230630 05:21:37.379737 1239041 server.cc:1650] [server] Increased maximum number of open files to 14224 (it's originally set to 1024)
I20230630 05:21:37.379945 1239041 cluster.cc:643] The cluster nodes file /nvme/jinghuan/node_40001/nodes.conf is not found. Use CLUSTERX subcommands to specify it.
I20230630 05:21:37.379966 1239041 cluster.cc:643] The cluster nodes file /nvme/jinghuan/node_40001/nodes.conf is not found. Use CLUSTERX subcommands to specify it.
I20230630 05:21:37.382953 1239041 worker.cc:519] [worker] Thread #140264068855552 started
I20230630 05:21:37.382988 1239041 worker.cc:519] [worker] Thread #140264077248256 started
I20230630 05:21:37.383051 1239041 worker.cc:519] [worker] Thread #140264303752960 started
I20230630 05:21:37.383102 1239041 worker.cc:519] [worker] Thread #140264295360256 started
I20230630 05:21:37.383150 1239041 worker.cc:519] [worker] Thread #140264286967552 started
I20230630 05:21:37.383198 1239041 worker.cc:519] [worker] Thread #140264278574848 started
I20230630 05:21:37.383247 1239041 worker.cc:519] [worker] Thread #140264270182144 started
I20230630 05:21:37.383296 1239041 worker.cc:519] [worker] Thread #140264261789440 started
I20230630 05:21:37.383472 1239041 server.cc:211] [server] Ready to accept connections
I20230630 05:21:38.047601 1239282 cluster.cc:286] MASTER MODE enabled by cluster topology setting
I20230630 05:21:40.563191 1239055 event_listener.cc:84] [event_listener/flush_begin] column family: default, thread_id: 1239055, job_id: 3, reason: 6
I20230630 05:21:41.049403 1239055 event_listener.cc:138] [event_listener/table_file_created] column family: default, file path: /nvme/jinghuan/node_40001/db/000016.sst, file size: 81291646, job id: 3, reason: flush, status: OK
I20230630 05:21:41.055824 1239055 event_listener.cc:91] [event_listener/flush_completed] column family: default, thread_id: 1239055, job_id: 3, file: /nvme/jinghuan/node_40001/db/000016.sst, reason: 6, is_write_slowdown: no, is_write_stall: no, largest seqno: 701359, smallest seqno: 1
I20230630 05:21:41.779924 1239053 event_listener.cc:138] [event_listener/table_file_created] column family: default, file path: /nvme/jinghuan/node_40001/db/000017.sst, file size: 81291642, job id: 4, reason: compaction, status: OK
I20230630 05:21:41.793112 1239053 event_listener.cc:71] [event_listener/compaction_completed] column family: default, compaction reason: 11, output compression type: no, base input level(files): 0(1), output level(files): 0(1), input bytes: 81291646, output bytes:81291642, is_manual_compaction:no, elapsed(micro): 724644
I20230630 05:21:41.799917 1239053 event_listener.cc:127] [event_listener/table_file_deleted] db: /nvme/jinghuan/node_40001/db, sst file: /nvme/jinghuan/node_40001/db/000016.sst, status: OK
I20230630 05:21:42.911082 1239056 event_listener.cc:84] [event_listener/flush_begin] column family: default, thread_id: 1239056, job_id: 5, reason: 6
I20230630 05:21:43.373631 1239056 event_listener.cc:138] [event_listener/table_file_created] column family: default, file path: /nvme/jinghuan/node_40001/db/000020.sst, file size: 76498839, job id: 5, reason: flush, status: OK
I20230630 05:21:43.380125 1239056 event_listener.cc:91] [event_listener/flush_completed] column family: default, thread_id: 1239056, job_id: 5, file: /nvme/jinghuan/node_40001/db/000020.sst, reason: 6, is_write_slowdown: no, is_write_stall: no, largest seqno: 1361359, smallest seqno: 701361
I20230630 05:21:45.204686 1239055 event_listener.cc:84] [event_listener/flush_begin] column family: default, thread_id: 1239055, job_id: 6, reason: 6
I20230630 05:21:45.618844 1239055 event_listener.cc:138] [event_listener/table_file_created] column family: default, file path: /nvme/jinghuan/node_40001/db/000023.sst, file size: 75651688, job id: 6, reason: flush, status: OK
I20230630 05:21:45.625295 1239055 event_listener.cc:91] [event_listener/flush_completed] column family: default, thread_id: 1239055, job_id: 6, file: /nvme/jinghuan/node_40001/db/000023.sst, reason: 6, is_write_slowdown: no, is_write_stall: no, largest seqno: 2013989, smallest seqno: 1361361
I20230630 05:21:47.534286 1239056 event_listener.cc:84] [event_listener/flush_begin] column family: default, thread_id: 1239056, job_id: 7, reason: 6
W20230630 05:21:48.685320 1239282 event_listener.cc:132] [event_listener/stall_cond_changed] column family: default write stall condition was changed, from normal to delay
I20230630 05:21:49.236538 1239055 event_listener.cc:84] [event_listener/flush_begin] column family: metadata, thread_id: 1239055, job_id: 8, reason: 13
I20230630 05:21:49.798575 1239056 event_listener.cc:138] [event_listener/table_file_created] column family: default, file path: /nvme/jinghuan/node_40001/db/000026.sst, file size: 76056351, job id: 7, reason: flush, status: OK
I20230630 05:21:49.805608 1239056 event_listener.cc:91] [event_listener/flush_completed] column family: default, thread_id: 1239056, job_id: 7, file: /nvme/jinghuan/node_40001/db/000026.sst, reason: 6, is_write_slowdown: no, is_write_stall: no, largest seqno: 2670139, smallest seqno: 2013991
W20230630 05:21:49.805660 1239056 event_listener.cc:132] [event_listener/stall_cond_changed] column family: default write stall condition was changed, from delay to normal
I20230630 05:21:49.897679 1239056 event_listener.cc:84] [event_listener/flush_begin] column family: default, thread_id: 1239056, job_id: 10, reason: 6
I20230630 05:21:50.991290 1239055 event_listener.cc:138] [event_listener/table_file_created] column family: metadata, file path: /nvme/jinghuan/node_40001/db/000029.sst, file size: 19243701, job id: 8, reason: flush, status: OK
I20230630 05:21:50.999991 1239055 event_listener.cc:91] [event_listener/flush_completed] column family: metadata, thread_id: 1239055, job_id: 8, file: /nvme/jinghuan/node_40001/db/000029.sst, reason: 13, is_write_slowdown: no, is_write_stall: no, largest seqno: 3147562, smallest seqno: 11
W20230630 05:21:51.024339 1239282 event_listener.cc:132] [event_listener/stall_cond_changed] column family: default write stall condition was changed, from normal to delay
I20230630 05:21:52.322350 1239055 event_listener.cc:84] [event_listener/flush_begin] column family: default, thread_id: 1239055, job_id: 12, reason: 6
I20230630 05:21:52.890940 1239053 event_listener.cc:138] [event_listener/table_file_created] column family: metadata, file path: /nvme/jinghuan/node_40001/db/000034.sst, file size: 19243697, job id: 11, reason: compaction, status: OK
I20230630 05:21:52.901146 1239053 event_listener.cc:71] [event_listener/compaction_completed] column family: metadata, compaction reason: 11, output compression type: no, base input level(files): 0(1), output level(files): 0(1), input bytes: 19243701, output bytes:19243697, is_manual_compaction:no, elapsed(micro): 1866653
I20230630 05:21:52.904109 1239053 event_listener.cc:127] [event_listener/table_file_deleted] db: /nvme/jinghuan/node_40001/db, sst file: /nvme/jinghuan/node_40001/db/000029.sst, status: OK
I20230630 05:21:58.003118 1239056 event_listener.cc:138] [event_listener/table_file_created] column family: default, file path: /nvme/jinghuan/node_40001/db/000032.sst, file size: 77112750, job id: 10, reason: flush, status: OK
I20230630 05:21:58.009896 1239056 event_listener.cc:91] [event_listener/flush_completed] column family: default, thread_id: 1239056, job_id: 10, file: /nvme/jinghuan/node_40001/db/000032.sst, reason: 6, is_write_slowdown: no, is_write_stall: no, largest seqno: 3335408, smallest seqno: 2670141
W20230630 05:21:58.010037 1239056 event_listener.cc:132] [event_listener/stall_cond_changed] column family: default write stall condition was changed, from stop to normal
W20230630 05:21:58.010340 1239285 event_listener.cc:132] [event_listener/stall_cond_changed] column family: default write stall condition was changed, from delay to stop
I20230630 05:21:59.102439 1239055 event_listener.cc:138] [event_listener/table_file_created] column family: default, file path: /nvme/jinghuan/node_40001/db/000036.sst, file size: 77723772, job id: 12, reason: flush, status: OK
I20230630 05:21:59.109787 1239055 event_listener.cc:91] [event_listener/flush_completed] column family: default, thread_id: 1239055, job_id: 12, file: /nvme/jinghuan/node_40001/db/000036.sst, reason: 6, is_write_slowdown: no, is_write_stall: no, largest seqno: 4005968, smallest seqno: 3335410
I20230630 05:22:00.537187 1239056 event_listener.cc:84] [event_listener/flush_begin] column family: default, thread_id: 1239056, job_id: 13, reason: 6
W20230630 05:22:01.683188 1239284 event_listener.cc:132] [event_listener/stall_cond_changed] column family: default write stall condition was changed, from normal to delay
I20230630 05:22:02.943594 1239055 event_listener.cc:84] [event_listener/flush_begin] column family: default, thread_id: 1239055, job_id: 14, reason: 6
I20230630 05:22:04.998174 1239054 event_listener.cc:138] [event_listener/table_file_created] column family: default, file path: /nvme/jinghuan/node_40001/db/000030.sst, file size: 138728233, job id: 9, reason: compaction, status: OK
I20230630 05:22:07.704866 1239056 event_listener.cc:138] [event_listener/table_file_created] column family: default, file path: /nvme/jinghuan/node_40001/db/000039.sst, file size: 79454142, job id: 13, reason: flush, status: OK
I20230630 05:22:07.717392 1239056 event_listener.cc:91] [event_listener/flush_completed] column family: default, thread_id: 1239056, job_id: 13, file: /nvme/jinghuan/node_40001/db/000039.sst, reason: 6, is_write_slowdown: no, is_write_stall: no, largest seqno: 4691488, smallest seqno: 4005970
W20230630 05:22:07.717483 1239056 event_listener.cc:132] [event_listener/stall_cond_changed] column family: default write stall condition was changed, from stop to normal
W20230630 05:22:07.718217 1239284 event_listener.cc:132] [event_listener/stall_cond_changed] column family: default write stall condition was changed, from delay to stop
W20230630 05:22:09.050448 1239284 event_listener.cc:132] [event_listener/stall_cond_changed] column family: default write stall condition was changed, from normal to delay
I20230630 05:22:09.312883 1239055 event_listener.cc:138] [event_listener/table_file_created] column family: default, file path: /nvme/jinghuan/node_40001/db/000042.sst, file size: 77515513, job id: 14, reason: flush, status: OK
I20230630 05:22:09.329013 1239055 event_listener.cc:91] [event_listener/flush_completed] column family: default, thread_id: 1239055, job_id: 14, file: /nvme/jinghuan/node_40001/db/000042.sst, reason: 6, is_write_slowdown: no, is_write_stall: no, largest seqno: 5360244, smallest seqno: 4691490
W20230630 05:22:09.329226 1239055 event_listener.cc:132] [event_listener/stall_cond_changed] column family: default write stall condition was changed, from delay to normal
I20230630 05:22:10.338452 1239056 event_listener.cc:84] [event_listener/flush_begin] column family: default, thread_id: 1239056, job_id: 16, reason: 6
I20230630 05:22:11.002698 1239055 event_listener.cc:84] [event_listener/flush_begin] column family: metadata, thread_id: 1239055, job_id: 17, reason: 13
W20230630 05:22:11.589694 1239281 event_listener.cc:132] [event_listener/stall_cond_changed] column family: default write stall condition was changed, from normal to delay
I20230630 05:22:13.913470 1239055 event_listener.cc:138] [event_listener/table_file_created] column family: metadata, file path: /nvme/jinghuan/node_40001/db/000049.sst, file size: 19238118, job id: 17, reason: flush, status: OK
I20230630 05:22:13.920019 1239055 event_listener.cc:91] [event_listener/flush_completed] column family: metadata, thread_id: 1239055, job_id: 17, file: /nvme/jinghuan/node_40001/db/000049.sst, reason: 13, is_write_slowdown: no, is_write_stall: no, largest seqno: 6295157, smallest seqno: 3147573
I20230630 05:22:13.969065 1239055 event_listener.cc:84] [event_listener/flush_begin] column family: default, thread_id: 1239055, job_id: 18, reason: 6
I20230630 05:22:17.614637 1239054 event_listener.cc:138] [event_listener/table_file_created] column family: default, file path: /nvme/jinghuan/node_40001/db/000043.sst, file size: 138700404, job id: 9, reason: compaction, status: OK
I20230630 05:22:20.716492 1239054 event_listener.cc:138] [event_listener/table_file_created] column family: default, file path: /nvme/jinghuan/node_40001/db/000053.sst, file size: 31926711, job id: 9, reason: compaction, status: OK
I20230630 05:22:20.738732 1239054 event_listener.cc:71] [event_listener/compaction_completed] column family: default, compaction reason: 1, output compression type: no, base input level(files): 0(4), output level(files): 1(3), input bytes: 309498520, output bytes:309355348, is_manual_compaction:no, elapsed(micro): 30910684
I20230630 05:22:20.745141 1239054 event_listener.cc:71] [event_listener/compaction_completed] column family: default, compaction reason: 2, output compression type: no, base input level(files): 1(1), output level(files): 2(1), input bytes: 0, output bytes:0, is_manual_compaction:no, elapsed(micro): 0
I20230630 05:22:22.022210 1239056 event_listener.cc:138] [event_listener/table_file_created] column family: default, file path: /nvme/jinghuan/node_40001/db/000047.sst, file size: 84996705, job id: 16, reason: flush, status: OK
I20230630 05:22:22.028201 1239055 event_listener.cc:138] [event_listener/table_file_created] column family: default, file path: /nvme/jinghuan/node_40001/db/000052.sst, file size: 85045756, job id: 18, reason: flush, status: OK
I20230630 05:22:22.044520 1239056 event_listener.cc:91] [event_listener/flush_completed] column family: default, thread_id: 1239056, job_id: 16, file: /nvme/jinghuan/node_40001/db/000047.sst, reason: 6, is_write_slowdown: no, is_write_stall: no, largest seqno: 6093559, smallest seqno: 5360246
I20230630 05:22:22.044571 1239056 event_listener.cc:91] [event_listener/flush_completed] column family: default, thread_id: 1239055, job_id: 18, file: /nvme/jinghuan/node_40001/db/000052.sst, reason: 6, is_write_slowdown: no, is_write_stall: no, largest seqno: 6827281, smallest seqno: 6093561
W20230630 05:22:22.044926 1239056 event_listener.cc:132] [event_listener/stall_cond_changed] column family: default write stall condition was changed, from stop to normal
W20230630 05:22:22.045644 1239281 event_listener.cc:132] [event_listener/stall_cond_changed] column family: default write stall condition was changed, from delay to stop
I20230630 05:22:24.868803 1239055 event_listener.cc:84] [event_listener/flush_begin] column family: default, thread_id: 1239055, job_id: 20, reason: 6
W20230630 05:22:26.166132 1239283 event_listener.cc:132] [event_listener/stall_cond_changed] column family: default write stall condition was changed, from normal to delay
I20230630 05:22:27.618978 1239056 event_listener.cc:84] [event_listener/flush_begin] column family: default, thread_id: 1239056, job_id: 21, reason: 6
I20230630 05:22:31.122910 1239055 event_listener.cc:138] [event_listener/table_file_created] column family: default, file path: /nvme/jinghuan/node_40001/db/000056.sst, file size: 82991007, job id: 20, reason: flush, status: OK
I20230630 05:22:31.132544 1239055 event_listener.cc:91] [event_listener/flush_completed] column family: default, thread_id: 1239055, job_id: 20, file: /nvme/jinghuan/node_40001/db/000056.sst, reason: 6, is_write_slowdown: no, is_write_stall: no, largest seqno: 7543293, smallest seqno: 6827283
W20230630 05:22:31.132690 1239055 event_listener.cc:132] [event_listener/stall_cond_changed] column family: default write stall condition was changed, from stop to normal
W20230630 05:22:31.133276 1239283 event_listener.cc:132] [event_listener/stall_cond_changed] column family: default write stall condition was changed, from delay to stop
W20230630 05:22:32.434568 1239284 event_listener.cc:132] [event_listener/stall_cond_changed] column family: default write stall condition was changed, from normal to delay
I20230630 05:22:33.427163 1239056 event_listener.cc:138] [event_listener/table_file_created] column family: default, file path: /nvme/jinghuan/node_40001/db/000059.sst, file size: 83036853, job id: 21, reason: flush, status: OK
I20230630 05:22:33.437654 1239056 event_listener.cc:91] [event_listener/flush_completed] column family: default, thread_id: 1239056, job_id: 21, file: /nvme/jinghuan/node_40001/db/000059.sst, reason: 6, is_write_slowdown: no, is_write_stall: no, largest seqno: 8259712, smallest seqno: 7543295
W20230630 05:22:33.437705 1239056 event_listener.cc:132] [event_listener/stall_cond_changed] column family: default write stall condition was changed, from delay to normal
I20230630 05:22:33.782869 1239055 event_listener.cc:84] [event_listener/flush_begin] column family: default, thread_id: 1239055, job_id: 23, reason: 6
W20230630 05:22:35.040140 1239284 event_listener.cc:132] [event_listener/stall_cond_changed] column family: default write stall condition was changed, from normal to delay
I20230630 05:22:35.394059 1239056 event_listener.cc:84] [event_listener/flush_begin] column family: metadata, thread_id: 1239056, job_id: 24, reason: 13
I20230630 05:22:37.228967 1239056 event_listener.cc:138] [event_listener/table_file_created] column family: metadata, file path: /nvme/jinghuan/node_40001/db/000066.sst, file size: 19218810, job id: 24, reason: flush, status: OK
I20230630 05:22:37.237689 1239056 event_listener.cc:91] [event_listener/flush_completed] column family: metadata, thread_id: 1239056, job_id: 24, file: /nvme/jinghuan/node_40001/db/000066.sst, reason: 13, is_write_slowdown: no, is_write_stall: no, largest seqno: 9442697, smallest seqno: 6295168
I20230630 05:22:37.266461 1239056 event_listener.cc:84] [event_listener/flush_begin] column family: default, thread_id: 1239056, job_id: 25, reason: 6
I20230630 05:22:42.324693 1239053 event_listener.cc:138] [event_listener/table_file_created] column family: default, file path: /nvme/jinghuan/node_40001/db/000045.sst, file size: 311692110, job id: 15, reason: compaction, status: OK
I20230630 05:22:42.345669 1239053 event_listener.cc:71] [event_listener/compaction_completed] column family: default, compaction reason: 1, output compression type: no, base input level(files): 0(4), output level(files): 0(1), input bytes: 311806177, output bytes:311692110, is_manual_compaction:no, elapsed(micro): 32995542
I20230630 05:22:42.354990 1239053 event_listener.cc:127] [event_listener/table_file_deleted] db: /nvme/jinghuan/node_40001/db, sst file: /nvme/jinghuan/node_40001/db/000026.sst, status: OK
I20230630 05:22:42.361495 1239053 event_listener.cc:127] [event_listener/table_file_deleted] db: /nvme/jinghuan/node_40001/db, sst file: /nvme/jinghuan/node_40001/db/000023.sst, status: OK
I20230630 05:22:42.368453 1239053 event_listener.cc:127] [event_listener/table_file_deleted] db: /nvme/jinghuan/node_40001/db, sst file: /nvme/jinghuan/node_40001/db/000020.sst, status: OK
I20230630 05:22:42.375797 1239053 event_listener.cc:127] [event_listener/table_file_deleted] db: /nvme/jinghuan/node_40001/db, sst file: /nvme/jinghuan/node_40001/db/000017.sst, status: OK
I20230630 05:22:42.430629 1239055 event_listener.cc:138] [event_listener/table_file_created] column family: default, file path: /nvme/jinghuan/node_40001/db/000063.sst, file size: 85012165, job id: 23, reason: flush, status: OK
I20230630 05:22:42.437230 1239055 event_listener.cc:91] [event_listener/flush_completed] column family: default, thread_id: 1239055, job_id: 23, file: /nvme/jinghuan/node_40001/db/000063.sst, reason: 6, is_write_slowdown: no, is_write_stall: no, largest seqno: 8993170, smallest seqno: 8259714
W20230630 05:22:42.437330 1239055 event_listener.cc:132] [event_listener/stall_cond_changed] column family: default write stall condition was changed, from stop to normal
W20230630 05:22:42.437554 1239284 event_listener.cc:132] [event_listener/stall_cond_changed] column family: default write stall condition was changed, from delay to stop
W20230630 05:22:43.792579 1239282 event_listener.cc:132] [event_listener/stall_cond_changed] column family: default write stall condition was changed, from normal to delay
I20230630 05:22:43.931731 1239056 event_listener.cc:138] [event_listener/table_file_created] column family: default, file path: /nvme/jinghuan/node_40001/db/000068.sst, file size: 85046753, job id: 25, reason: flush, status: OK
I20230630 05:22:43.938127 1239056 event_listener.cc:91] [event_listener/flush_completed] column family: default, thread_id: 1239056, job_id: 25, file: /nvme/jinghuan/node_40001/db/000068.sst, reason: 6, is_write_slowdown: no, is_write_stall: no, largest seqno: 9726903, smallest seqno: 8993172
W20230630 05:22:43.938225 1239056 event_listener.cc:132] [event_listener/stall_cond_changed] column family: default write stall condition was changed, from delay to normal
I20230630 05:22:45.190048 1239055 event_listener.cc:84] [event_listener/flush_begin] column family: default, thread_id: 1239055, job_id: 28, reason: 6
W20230630 05:22:46.457634 1239286 event_listener.cc:132] [event_listener/stall_cond_changed] column family: default write stall condition was changed, from normal to delay
I20230630 05:22:47.856843 1239056 event_listener.cc:84] [event_listener/flush_begin] column family: default, thread_id: 1239056, job_id: 31, reason: 6
I20230630 05:22:50.039757 1239055 event_listener.cc:138] [event_listener/table_file_created] column family: default, file path: /nvme/jinghuan/node_40001/db/000071.sst, file size: 84830873, job id: 28, reason: flush, status: OK
I20230630 05:22:50.047863 1239055 event_listener.cc:91] [event_listener/flush_completed] column family: default, thread_id: 1239055, job_id: 28, file: /nvme/jinghuan/node_40001/db/000071.sst, reason: 6, is_write_slowdown: no, is_write_stall: no, largest seqno: 10458843, smallest seqno: 9726905
W20230630 05:22:50.047971 1239055 event_listener.cc:132] [event_listener/stall_cond_changed] column family: default write stall condition was changed, from stop to normal
W20230630 05:22:50.048381 1239282 event_listener.cc:132] [event_listener/stall_cond_changed] column family: default write stall condition was changed, from delay to stop
W20230630 05:22:51.449934 1239286 event_listener.cc:132] [event_listener/stall_cond_changed] column family: default write stall condition was changed, from normal to delay
I20230630 05:22:52.540895 1239056 event_listener.cc:138] [event_listener/table_file_created] column family: default, file path: /nvme/jinghuan/node_40001/db/000074.sst, file size: 85047256, job id: 31, reason: flush, status: OK
I20230630 05:22:52.548740 1239056 event_listener.cc:91] [event_listener/flush_completed] column family: default, thread_id: 1239056, job_id: 31, file: /nvme/jinghuan/node_40001/db/000074.sst, reason: 6, is_write_slowdown: no, is_write_stall: no, largest seqno: 11192620, smallest seqno: 10458845
W20230630 05:22:52.550534 1239056 event_listener.cc:132] [event_listener/stall_cond_changed] column family: default write stall condition was changed, from delay to normal
I20230630 05:22:52.850791 1239055 event_listener.cc:84] [event_listener/flush_begin] column family: default, thread_id: 1239055, job_id: 35, reason: 6
W20230630 05:22:54.138411 1239286 event_listener.cc:132] [event_listener/stall_cond_changed] column family: default write stall condition was changed, from normal to delay
I20230630 05:22:55.285317 1239056 event_listener.cc:84] [event_listener/flush_begin] column family: metadata, thread_id: 1239056, job_id: 36, reason: 13
I20230630 05:22:57.142119 1239056 event_listener.cc:138] [event_listener/table_file_created] column family: metadata, file path: /nvme/jinghuan/node_40001/db/000081.sst, file size: 19221207, job id: 36, reason: flush, status: OK
I20230630 05:22:57.150744 1239056 event_listener.cc:91] [event_listener/flush_completed] column family: metadata, thread_id: 1239056, job_id: 36, file: /nvme/jinghuan/node_40001/db/000081.sst, reason: 13, is_write_slowdown: no, is_write_stall: no, largest seqno: 12590303, smallest seqno: 9442708
I20230630 05:22:57.168076 1239056 event_listener.cc:84] [event_listener/flush_begin] column family: default, thread_id: 1239056, job_id: 37, reason: 6
I20230630 05:23:00.838243 1239055 event_listener.cc:138] [event_listener/table_file_created] column family: default, file path: /nvme/jinghuan/node_40001/db/000078.sst, file size: 85025412, job id: 35, reason: flush, status: OK
I20230630 05:23:00.844739 1239055 event_listener.cc:91] [event_listener/flush_completed] column family: default, thread_id: 1239055, job_id: 35, file: /nvme/jinghuan/node_40001/db/000078.sst, reason: 6, is_write_slowdown: no, is_write_stall: no, largest seqno: 11926188, smallest seqno: 11192622
W20230630 05:23:00.844902 1239055 event_listener.cc:132] [event_listener/stall_cond_changed] column family: default write stall condition was changed, from stop to normal
W20230630 05:23:00.845191 1239282 event_listener.cc:132] [event_listener/stall_cond_changed] column family: default write stall condition was changed, from delay to stop
W20230630 05:23:02.359705 1239286 event_listener.cc:132] [event_listener/stall_cond_changed] column family: default write stall condition was changed, from normal to delay
I20230630 05:23:03.738410 1239054 event_listener.cc:138] [event_listener/table_file_created] column family: default, file path: /nvme/jinghuan/node_40001/db/000061.sst, file size: 335939573, job id: 22, reason: compaction, status: OK
I20230630 05:23:03.759919 1239054 event_listener.cc:71] [event_listener/compaction_completed] column family: default, compaction reason: 1, output compression type: no, base input level(files): 0(4), output level(files): 0(1), input bytes: 336070321, output bytes:335939573, is_manual_compaction:no, elapsed(micro): 30300682
I20230630 05:23:03.767845 1239054 event_listener.cc:127] [event_listener/table_file_deleted] db: /nvme/jinghuan/node_40001/db, sst file: /nvme/jinghuan/node_40001/db/000042.sst, status: OK
I20230630 05:23:03.775218 1239054 event_listener.cc:127] [event_listener/table_file_deleted] db: /nvme/jinghuan/node_40001/db, sst file: /nvme/jinghuan/node_40001/db/000039.sst, status: OK
I20230630 05:23:03.781827 1239054 event_listener.cc:127] [event_listener/table_file_deleted] db: /nvme/jinghuan/node_40001/db, sst file: /nvme/jinghuan/node_40001/db/000036.sst, status: OK
I20230630 05:23:03.788305 1239054 event_listener.cc:127] [event_listener/table_file_deleted] db: /nvme/jinghuan/node_40001/db, sst file: /nvme/jinghuan/node_40001/db/000032.sst, status: OK
I20230630 05:23:03.905226 1239055 event_listener.cc:84] [event_listener/flush_begin] column family: default, thread_id: 1239055, job_id: 40, reason: 6
I20230630 05:23:04.553685 1239056 event_listener.cc:138] [event_listener/table_file_created] column family: default, file path: /nvme/jinghuan/node_40001/db/000083.sst, file size: 85044966, job id: 37, reason: flush, status: OK
I20230630 05:23:04.565511 1239056 event_listener.cc:91] [event_listener/flush_completed] column family: default, thread_id: 1239056, job_id: 37, file: /nvme/jinghuan/node_40001/db/000083.sst, reason: 6, is_write_slowdown: no, is_write_stall: no, largest seqno: 12659976, smallest seqno: 11926190
W20230630 05:23:04.565994 1239056 event_listener.cc:132] [event_listener/stall_cond_changed] column family: default write stall condition was changed, from stop to normal
W20230630 05:23:04.566160 1239286 event_listener.cc:132] [event_listener/stall_cond_changed] column family: default write stall condition was changed, from delay to stop
W20230630 05:23:05.936187 1239285 event_listener.cc:132] [event_listener/stall_cond_changed] column family: default write stall condition was changed, from normal to delay
I20230630 05:23:07.322679 1239056 event_listener.cc:84] [event_listener/flush_begin] column family: default, thread_id: 1239056, job_id: 41, reason: 6
I20230630 05:23:10.753486 1239055 event_listener.cc:138] [event_listener/table_file_created] column family: default, file path: /nvme/jinghuan/node_40001/db/000087.sst, file size: 84884447, job id: 40, reason: flush, status: OK
I20230630 05:23:10.766202 1239055 event_listener.cc:91] [event_listener/flush_completed] column family: default, thread_id: 1239055, job_id: 40, file: /nvme/jinghuan/node_40001/db/000087.sst, reason: 6, is_write_slowdown: no, is_write_stall: no, largest seqno: 13392345, smallest seqno: 12659978
W20230630 05:23:10.766263 1239055 event_listener.cc:132] [event_listener/stall_cond_changed] column family: default write stall condition was changed, from stop to normal
W20230630 05:23:10.766716 1239285 event_listener.cc:132] [event_listener/stall_cond_changed] column family: default write stall condition was changed, from delay to stop
I20230630 05:23:10.949800 1239054 event_listener.cc:138] [event_listener/table_file_created] column family: metadata, file path: /nvme/jinghuan/node_40001/db/000085.sst, file size: 76273966, job id: 39, reason: compaction, status: OK
I20230630 05:23:10.965678 1239054 event_listener.cc:71] [event_listener/compaction_completed] column family: metadata, compaction reason: 1, output compression type: no, base input level(files): 0(4), output level(files): 1(1), input bytes: 76921832, output bytes:76273966, is_manual_compaction:no, elapsed(micro): 7161470
I20230630 05:23:10.968678 1239054 event_listener.cc:127] [event_listener/table_file_deleted] db: /nvme/jinghuan/node_40001/db, sst file: /nvme/jinghuan/node_40001/db/000066.sst, status: OK
I20230630 05:23:10.971406 1239054 event_listener.cc:127] [event_listener/table_file_deleted] db: /nvme/jinghuan/node_40001/db, sst file: /nvme/jinghuan/node_40001/db/000049.sst, status: OK
I20230630 05:23:10.974215 1239054 event_listener.cc:127] [event_listener/table_file_deleted] db: /nvme/jinghuan/node_40001/db, sst file: /nvme/jinghuan/node_40001/db/000034.sst, status: OK
W20230630 05:23:12.103730 1239282 event_listener.cc:132] [event_listener/stall_cond_changed] column family: default write stall condition was changed, from normal to delay
I20230630 05:23:12.854081 1239056 event_listener.cc:138] [event_listener/table_file_created] column family: default, file path: /nvme/jinghuan/node_40001/db/000090.sst, file size: 84899785, job id: 41, reason: flush, status: OK
I20230630 05:23:12.866485 1239056 event_listener.cc:91] [event_listener/flush_completed] column family: default, thread_id: 1239056, job_id: 41, file: /nvme/jinghuan/node_40001/db/000090.sst, reason: 6, is_write_slowdown: no, is_write_stall: no, largest seqno: 14124824, smallest seqno: 13392347
W20230630 05:23:12.866621 1239056 event_listener.cc:132] [event_listener/stall_cond_changed] column family: default write stall condition was changed, from delay to normal
I20230630 05:23:13.537667 1239055 event_listener.cc:84] [event_listener/flush_begin] column family: default, thread_id: 1239055, job_id: 45, reason: 6
W20230630 05:23:14.815618 1239282 event_listener.cc:132] [event_listener/stall_cond_changed] column family: default write stall condition was changed, from normal to delay
I20230630 05:23:16.210778 1239056 event_listener.cc:84] [event_listener/flush_begin] column family: default, thread_id: 1239056, job_id: 46, reason: 6
I20230630 05:23:20.758352 1239055 event_listener.cc:138] [event_listener/table_file_created] column family: default, file path: /nvme/jinghuan/node_40001/db/000094.sst, file size: 84875706, job id: 45, reason: flush, status: OK
I20230630 05:23:20.770910 1239055 event_listener.cc:91] [event_listener/flush_completed] column family: default, thread_id: 1239055, job_id: 45, file: /nvme/jinghuan/node_40001/db/000094.sst, reason: 6, is_write_slowdown: no, is_write_stall: no, largest seqno: 14857094, smallest seqno: 14124826
W20230630 05:23:20.771018 1239055 event_listener.cc:132] [event_listener/stall_cond_changed] column family: default write stall condition was changed, from stop to normal
W20230630 05:23:20.771768 1239282 event_listener.cc:132] [event_listener/stall_cond_changed] column family: default write stall condition was changed, from delay to stop
I20230630 05:23:21.346534 1239055 event_listener.cc:84] [event_listener/flush_begin] column family: metadata, thread_id: 1239055, job_id: 47, reason: 13
W20230630 05:23:22.022867 1239283 event_listener.cc:132] [event_listener/stall_cond_changed] column family: default write stall condition was changed, from normal to delay
I20230630 05:23:23.251750 1239055 event_listener.cc:138] [event_listener/table_file_created] column family: metadata, file path: /nvme/jinghuan/node_40001/db/000099.sst, file size: 19250782, job id: 47, reason: flush, status: OK
I20230630 05:23:23.258339 1239055 event_listener.cc:91] [event_listener/flush_completed] column family: metadata, thread_id: 1239055, job_id: 47, file: /nvme/jinghuan/node_40001/db/000099.sst, reason: 13, is_write_slowdown: no, is_write_stall: no, largest seqno: 15737920, smallest seqno: 12590314
I20230630 05:23:23.294095 1239055 event_listener.cc:84] [event_listener/flush_begin] column family: default, thread_id: 1239055, job_id: 48, reason: 6
I20230630 05:23:23.959367 1239056 event_listener.cc:138] [event_listener/table_file_created] column family: default, file path: /nvme/jinghuan/node_40001/db/000097.sst, file size: 85040597, job id: 46, reason: flush, status: OK
I20230630 05:23:23.966029 1239056 event_listener.cc:91] [event_listener/flush_completed] column family: default, thread_id: 1239056, job_id: 46, file: /nvme/jinghuan/node_40001/db/000097.sst, reason: 6, is_write_slowdown: no, is_write_stall: no, largest seqno: 15590827, smallest seqno: 14857096
W20230630 05:23:23.966212 1239056 event_listener.cc:132] [event_listener/stall_cond_changed] column family: default write stall condition was changed, from stop to normal
W20230630 05:23:23.966393 1239283 event_listener.cc:132] [event_listener/stall_cond_changed] column family: default write stall condition was changed, from delay to stop
W20230630 05:23:25.208447 1239281 event_listener.cc:132] [event_listener/stall_cond_changed] column family: default write stall condition was changed, from normal to delay
I20230630 05:23:26.061810 1239053 event_listener.cc:138] [event_listener/table_file_created] column family: default, file path: /nvme/jinghuan/node_40001/db/000076.sst, file size: 339778148, job id: 34, reason: compaction, status: OK
I20230630 05:23:26.094805 1239053 event_listener.cc:71] [event_listener/compaction_completed] column family: default, compaction reason: 1, output compression type: no, base input level(files): 0(4), output level(files): 0(1), input bytes: 339937047, output bytes:339778148, is_manual_compaction:no, elapsed(micro): 33511273
I20230630 05:23:26.098673 1239053 event_listener.cc:127] [event_listener/table_file_deleted] db: /nvme/jinghuan/node_40001/db, sst file: /nvme/jinghuan/node_40001/db/000081.sst, status: OK
I20230630 05:23:26.108728 1239053 event_listener.cc:127] [event_listener/table_file_deleted] db: /nvme/jinghuan/node_40001/db, sst file: /nvme/jinghuan/node_40001/db/000059.sst, status: OK
I20230630 05:23:26.115976 1239053 event_listener.cc:127] [event_listener/table_file_deleted] db: /nvme/jinghuan/node_40001/db, sst file: /nvme/jinghuan/node_40001/db/000056.sst, status: OK
I20230630 05:23:26.123503 1239053 event_listener.cc:127] [event_listener/table_file_deleted] db: /nvme/jinghuan/node_40001/db, sst file: /nvme/jinghuan/node_40001/db/000052.sst, status: OK
I20230630 05:23:26.131294 1239053 event_listener.cc:127] [event_listener/table_file_deleted] db: /nvme/jinghuan/node_40001/db, sst file: /nvme/jinghuan/node_40001/db/000047.sst, status: OK
I20230630 05:23:26.526423 1239056 event_listener.cc:84] [event_listener/flush_begin] column family: default, thread_id: 1239056, job_id: 51, reason: 6
I20230630 05:23:28.460775 1239055 event_listener.cc:138] [event_listener/table_file_created] column family: default, file path: /nvme/jinghuan/node_40001/db/000102.sst, file size: 77521815, job id: 48, reason: flush, status: OK
I20230630 05:23:28.467646 1239055 event_listener.cc:91] [event_listener/flush_completed] column family: default, thread_id: 1239055, job_id: 48, file: /nvme/jinghuan/node_40001/db/000102.sst, reason: 6, is_write_slowdown: no, is_write_stall: no, largest seqno: 16259660, smallest seqno: 15590829
W20230630 05:23:28.467729 1239055 event_listener.cc:132] [event_listener/stall_cond_changed] column family: default write stall condition was changed, from stop to normal
W20230630 05:23:28.468310 1239281 event_listener.cc:132] [event_listener/stall_cond_changed] column family: default write stall condition was changed, from delay to stop
I20230630 05:23:29.865762 1239056 event_listener.cc:138] [event_listener/table_file_created] column family: default, file path: /nvme/jinghuan/node_40001/db/000105.sst, file size: 77401255, job id: 51, reason: flush, status: OK
I20230630 05:23:29.872411 1239056 event_listener.cc:91] [event_listener/flush_completed] column family: default, thread_id: 1239056, job_id: 51, file: /nvme/jinghuan/node_40001/db/000105.sst, reason: 6, is_write_slowdown: no, is_write_stall: no, largest seqno: 16927448, smallest seqno: 16259662
I20230630 05:23:31.458333 1239055 event_listener.cc:84] [event_listener/flush_begin] column family: default, thread_id: 1239055, job_id: 54, reason: 6
W20230630 05:23:32.872673 1239281 event_listener.cc:132] [event_listener/stall_cond_changed] column family: default write stall condition was changed, from normal to delay
I20230630 05:23:34.401695 1239056 event_listener.cc:84] [event_listener/flush_begin] column family: default, thread_id: 1239056, job_id: 55, reason: 6
I20230630 05:23:37.364197 1239055 event_listener.cc:138] [event_listener/table_file_created] column family: default, file path: /nvme/jinghuan/node_40001/db/000109.sst, file size: 84954757, job id: 54, reason: flush, status: OK
I20230630 05:23:37.377730 1239055 event_listener.cc:91] [event_listener/flush_completed] column family: default, thread_id: 1239055, job_id: 54, file: /nvme/jinghuan/node_40001/db/000109.sst, reason: 6, is_write_slowdown: no, is_write_stall: no, largest seqno: 17660400, smallest seqno: 16927450
W20230630 05:23:37.377790 1239055 event_listener.cc:132] [event_listener/stall_cond_changed] column family: default write stall condition was changed, from stop to normal
W20230630 05:23:37.378320 1239281 event_listener.cc:132] [event_listener/stall_cond_changed] column family: default write stall condition was changed, from delay to stop
W20230630 05:23:38.752909 1239283 event_listener.cc:132] [event_listener/stall_cond_changed] column family: default write stall condition was changed, from normal to delay
I20230630 05:23:39.256495 1239055 event_listener.cc:84] [event_listener/flush_begin] column family: metadata, thread_id: 1239055, job_id: 56, reason: 13
I20230630 05:23:40.364749 1239054 event_listener.cc:138] [event_listener/table_file_created] column family: default, file path: /nvme/jinghuan/node_40001/db/000092.sst, file size: 339740095, job id: 44, reason: compaction, status: OK
I20230630 05:23:40.390980 1239054 event_listener.cc:71] [event_listener/compaction_completed] column family: default, compaction reason: 1, output compression type: no, base input level(files): 0(4), output level(files): 0(1), input bytes: 339854610, output bytes:339740095, is_manual_compaction:no, elapsed(micro): 27498365
I20230630 05:23:40.399348 1239054 event_listener.cc:127] [event_listener/table_file_deleted] db: /nvme/jinghuan/node_40001/db, sst file: /nvme/jinghuan/node_40001/db/000074.sst, status: OK
I20230630 05:23:40.407779 1239054 event_listener.cc:127] [event_listener/table_file_deleted] db: /nvme/jinghuan/node_40001/db, sst file: /nvme/jinghuan/node_40001/db/000071.sst, status: OK
I20230630 05:23:40.415653 1239054 event_listener.cc:127] [event_listener/table_file_deleted] db: /nvme/jinghuan/node_40001/db, sst file: /nvme/jinghuan/node_40001/db/000068.sst, status: OK
I20230630 05:23:40.423199 1239054 event_listener.cc:127] [event_listener/table_file_deleted] db: /nvme/jinghuan/node_40001/db, sst file: /nvme/jinghuan/node_40001/db/000063.sst, status: OK
I20230630 05:23:40.665730 1239056 event_listener.cc:138] [event_listener/table_file_created] column family: default, file path: /nvme/jinghuan/node_40001/db/000112.sst, file size: 85052248, job id: 55, reason: flush, status: OK
I20230630 05:23:40.672346 1239056 event_listener.cc:91] [event_listener/flush_completed] column family: default, thread_id: 1239056, job_id: 55, file: /nvme/jinghuan/node_40001/db/000112.sst, reason: 6, is_write_slowdown: no, is_write_stall: no, largest seqno: 18394188, smallest seqno: 17660402
W20230630 05:23:40.672410 1239056 event_listener.cc:132] [event_listener/stall_cond_changed] column family: default write stall condition was changed, from stop to normal
W20230630 05:23:40.672616 1239285 event_listener.cc:132] [event_listener/stall_cond_changed] column family: default write stall condition was changed, from delay to stop
I20230630 05:23:40.689294 1239056 event_listener.cc:84] [event_listener/flush_begin] column family: default, thread_id: 1239056, job_id: 59, reason: 6
I20230630 05:23:40.964793 1239055 event_listener.cc:138] [event_listener/table_file_created] column family: metadata, file path: /nvme/jinghuan/node_40001/db/000115.sst, file size: 19249803, job id: 56, reason: flush, status: OK
I20230630 05:23:40.971405 1239055 event_listener.cc:91] [event_listener/flush_completed] column family: metadata, thread_id: 1239055, job_id: 56, file: /nvme/jinghuan/node_40001/db/000115.sst, reason: 13, is_write_slowdown: no, is_write_stall: no, largest seqno: 18885504, smallest seqno: 15737931
W20230630 05:23:40.971680 1239285 event_listener.cc:132] [event_listener/stall_cond_changed] column family: default write stall condition was changed, from normal to delay
I20230630 05:23:40.982208 1239055 event_listener.cc:84] [event_listener/flush_begin] column family: default, thread_id: 1239055, job_id: 61, reason: 13
I20230630 05:23:41.571905 1239055 event_listener.cc:138] [event_listener/table_file_created] column family: default, file path: /nvme/jinghuan/node_40001/db/000119.sst, file size: 9397517, job id: 61, reason: flush, status: OK
I20230630 05:23:43.568243 1239056 event_listener.cc:138] [event_listener/table_file_created] column family: default, file path: /nvme/jinghuan/node_40001/db/000117.sst, file size: 81390054, job id: 59, reason: flush, status: OK
I20230630 05:23:43.574599 1239056 event_listener.cc:91] [event_listener/flush_completed] column family: default, thread_id: 1239056, job_id: 59, file: /nvme/jinghuan/node_40001/db/000117.sst, reason: 13, is_write_slowdown: no, is_write_stall: no, largest seqno: 19096395, smallest seqno: 18394190
I20230630 05:23:43.574620 1239056 event_listener.cc:91] [event_listener/flush_completed] column family: default, thread_id: 1239055, job_id: 61, file: /nvme/jinghuan/node_40001/db/000119.sst, reason: 13, is_write_slowdown: no, is_write_stall: no, largest seqno: 19177432, smallest seqno: 19096397
W20230630 05:23:43.574863 1239056 event_listener.cc:132] [event_listener/stall_cond_changed] column family: default write stall condition was changed, from stop to normal
W20230630 05:23:43.575068 1239288 event_listener.cc:132] [event_listener/stall_cond_changed] column family: default write stall condition was changed, from delay to stop
I20230630 05:23:44.847818 1239055 event_listener.cc:84] [event_listener/flush_begin] column family: default, thread_id: 1239055, job_id: 65, reason: 6
W20230630 05:23:46.059664 1239286 event_listener.cc:132] [event_listener/stall_cond_changed] column family: default write stall condition was changed, from normal to delay
I20230630 05:23:47.331749 1239056 event_listener.cc:84] [event_listener/flush_begin] column family: default, thread_id: 1239056, job_id: 66, reason: 6
I20230630 05:23:49.476464 1239055 event_listener.cc:138] [event_listener/table_file_created] column family: default, file path: /nvme/jinghuan/node_40001/db/000123.sst, file size: 76747366, job id: 65, reason: flush, status: OK
I20230630 05:23:49.490545 1239055 event_listener.cc:91] [event_listener/flush_completed] column family: default, thread_id: 1239055, job_id: 65, file: /nvme/jinghuan/node_40001/db/000123.sst, reason: 6, is_write_slowdown: no, is_write_stall: no, largest seqno: 19839566, smallest seqno: 19177434
W20230630 05:23:49.490648 1239055 event_listener.cc:132] [event_listener/stall_cond_changed] column family: default write stall condition was changed, from stop to normal
W20230630 05:23:49.492105 1239286 event_listener.cc:132] [event_listener/stall_cond_changed] column family: default write stall condition was changed, from delay to stop
W20230630 05:23:50.862721 1239286 event_listener.cc:132] [event_listener/stall_cond_changed] column family: default write stall condition was changed, from normal to delay
I20230630 05:23:51.675027 1239056 event_listener.cc:138] [event_listener/table_file_created] column family: default, file path: /nvme/jinghuan/node_40001/db/000126.sst, file size: 77560552, job id: 66, reason: flush, status: OK
I20230630 05:23:51.686900 1239056 event_listener.cc:91] [event_listener/flush_completed] column family: default, thread_id: 1239056, job_id: 66, file: /nvme/jinghuan/node_40001/db/000126.sst, reason: 6, is_write_slowdown: no, is_write_stall: no, largest seqno: 20508707, smallest seqno: 19839568
W20230630 05:23:51.687027 1239056 event_listener.cc:132] [event_listener/stall_cond_changed] column family: default write stall condition was changed, from delay to normal
I20230630 05:23:52.290525 1239055 event_listener.cc:84] [event_listener/flush_begin] column family: default, thread_id: 1239055, job_id: 67, reason: 6
W20230630 05:23:53.597352 1239284 event_listener.cc:132] [event_listener/stall_cond_changed] column family: default write stall condition was changed, from normal to delay
I20230630 05:23:53.871300 1239053 event_listener.cc:138] [event_listener/table_file_created] column family: default, file path: /nvme/jinghuan/node_40001/db/000106.sst, file size: 324729147, job id: 53, reason: compaction, status: OK
I20230630 05:23:53.893630 1239053 event_listener.cc:71] [event_listener/compaction_completed] column family: default, compaction reason: 1, output compression type: no, base input level(files): 0(4), output level(files): 0(1), input bytes: 324839373, output bytes:324729147, is_manual_compaction:no, elapsed(micro): 23998785
I20230630 05:23:53.903061 1239053 event_listener.cc:127] [event_listener/table_file_deleted] db: /nvme/jinghuan/node_40001/db, sst file: /nvme/jinghuan/node_40001/db/000090.sst, status: OK
I20230630 05:23:53.910257 1239053 event_listener.cc:127] [event_listener/table_file_deleted] db: /nvme/jinghuan/node_40001/db, sst file: /nvme/jinghuan/node_40001/db/000087.sst, status: OK
I20230630 05:23:53.918454 1239053 event_listener.cc:127] [event_listener/table_file_deleted] db: /nvme/jinghuan/node_40001/db, sst file: /nvme/jinghuan/node_40001/db/000083.sst, status: OK
I20230630 05:23:53.925555 1239053 event_listener.cc:127] [event_listener/table_file_deleted] db: /nvme/jinghuan/node_40001/db, sst file: /nvme/jinghuan/node_40001/db/000078.sst, status: OK
I20230630 05:23:55.038966 1239056 event_listener.cc:84] [event_listener/flush_begin] column family: default, thread_id: 1239056, job_id: 70, reason: 6
I20230630 05:23:56.680614 1239055 event_listener.cc:138] [event_listener/table_file_created] column family: default, file path: /nvme/jinghuan/node_40001/db/000129.sst, file size: 84996571, job id: 67, reason: flush, status: OK
I20230630 05:23:56.694598 1239055 event_listener.cc:91] [event_listener/flush_completed] column family: default, thread_id: 1239055, job_id: 67, file: /nvme/jinghuan/node_40001/db/000129.sst, reason: 6, is_write_slowdown: no, is_write_stall: no, largest seqno: 21242044, smallest seqno: 20508709
W20230630 05:23:56.694669 1239055 event_listener.cc:132] [event_listener/stall_cond_changed] column family: default write stall condition was changed, from stop to normal
