Log file created at: 2023/07/06 10:16:02
Running on machine: en4217754l
Running duration (h:mm:ss): 0:00:00
Log line format: [IWEF]yyyymmdd hh:mm:ss.uuuuuu threadid file:line] msg
I20230706 10:16:02.865962 3023687 main.cc:328] kvrocks unstable (commit 4a10c89)
I20230706 10:16:03.289062 3023687 storage.cc:322] [storage] Success to load the data from disk: 92 ms
I20230706 10:16:03.289978 3023687 worker.cc:72] [worker] Listening on: 10.218.109.65:40001
I20230706 10:16:03.290027 3023687 worker.cc:72] [worker] Listening on: 127.0.0.1:40001
I20230706 10:16:03.290481 3023687 worker.cc:72] [worker] Listening on: 10.218.109.65:40001
I20230706 10:16:03.290522 3023687 worker.cc:72] [worker] Listening on: 127.0.0.1:40001
I20230706 10:16:03.290838 3023687 worker.cc:72] [worker] Listening on: 10.218.109.65:40001
I20230706 10:16:03.290874 3023687 worker.cc:72] [worker] Listening on: 127.0.0.1:40001
I20230706 10:16:03.291157 3023687 worker.cc:72] [worker] Listening on: 10.218.109.65:40001
I20230706 10:16:03.291193 3023687 worker.cc:72] [worker] Listening on: 127.0.0.1:40001
I20230706 10:16:03.291498 3023687 worker.cc:72] [worker] Listening on: 10.218.109.65:40001
I20230706 10:16:03.291546 3023687 worker.cc:72] [worker] Listening on: 127.0.0.1:40001
I20230706 10:16:03.291843 3023687 worker.cc:72] [worker] Listening on: 10.218.109.65:40001
I20230706 10:16:03.291880 3023687 worker.cc:72] [worker] Listening on: 127.0.0.1:40001
I20230706 10:16:03.292160 3023687 worker.cc:72] [worker] Listening on: 10.218.109.65:40001
I20230706 10:16:03.292196 3023687 worker.cc:72] [worker] Listening on: 127.0.0.1:40001
I20230706 10:16:03.292480 3023687 worker.cc:72] [worker] Listening on: 10.218.109.65:40001
I20230706 10:16:03.292518 3023687 worker.cc:72] [worker] Listening on: 127.0.0.1:40001
W20230706 10:16:03.292754 3023687 server.cc:1650] [server] Increased maximum number of open files to 14224 (it's originally set to 1024)
I20230706 10:16:03.293154 3023687 cluster.cc:643] The cluster nodes file /nvme/jinghuan/node_40001/nodes.conf is not found. Use CLUSTERX subcommands to specify it.
I20230706 10:16:03.293198 3023687 cluster.cc:643] The cluster nodes file /nvme/jinghuan/node_40001/nodes.conf is not found. Use CLUSTERX subcommands to specify it.
I20230706 10:16:03.299854 3023687 worker.cc:519] [worker] Thread #140039791032064 started
I20230706 10:16:03.299887 3023687 worker.cc:519] [worker] Thread #140039799424768 started
I20230706 10:16:03.299928 3023687 worker.cc:519] [worker] Thread #140040025929472 started
I20230706 10:16:03.299964 3023687 worker.cc:519] [worker] Thread #140040017536768 started
I20230706 10:16:03.300001 3023687 worker.cc:519] [worker] Thread #140040009144064 started
I20230706 10:16:03.300038 3023687 worker.cc:519] [worker] Thread #140040000751360 started
I20230706 10:16:03.300072 3023687 worker.cc:519] [worker] Thread #140039992358656 started
I20230706 10:16:03.300109 3023687 worker.cc:519] [worker] Thread #140039983965952 started
I20230706 10:16:03.300236 3023687 server.cc:211] [server] Ready to accept connections
I20230706 10:16:03.903097 3023942 cluster.cc:286] MASTER MODE enabled by cluster topology setting
I20230706 10:16:06.133430 3023700 event_listener.cc:84] [event_listener/flush_begin] column family: default, thread_id: 3023700, job_id: 3, reason: 6
I20230706 10:16:06.544471 3023700 event_listener.cc:138] [event_listener/table_file_created] column family: default, file path: /nvme/jinghuan/node_40001/db/000016.sst, file size: 76390917, job id: 3, reason: flush, status: OK
I20230706 10:16:06.560046 3023700 event_listener.cc:91] [event_listener/flush_completed] column family: default, thread_id: 3023700, job_id: 3, file: /nvme/jinghuan/node_40001/db/000016.sst, reason: 6, is_write_slowdown: no, is_write_stall: no, largest seqno: 659064, smallest seqno: 1
I20230706 10:16:07.229884 3023698 event_listener.cc:138] [event_listener/table_file_created] column family: default, file path: /nvme/jinghuan/node_40001/db/000017.sst, file size: 76390913, job id: 4, reason: compaction, status: OK
I20230706 10:16:07.253393 3023698 event_listener.cc:71] [event_listener/compaction_completed] column family: default, compaction reason: 11, output compression type: no, base input level(files): 0(1), output level(files): 0(1), input bytes: 76390917, output bytes:76390913, is_manual_compaction:no, elapsed(micro): 669853
I20230706 10:16:07.260932 3023698 event_listener.cc:127] [event_listener/table_file_deleted] db: /nvme/jinghuan/node_40001/db, sst file: /nvme/jinghuan/node_40001/db/000016.sst, status: OK
I20230706 10:16:08.382547 3023701 event_listener.cc:84] [event_listener/flush_begin] column family: default, thread_id: 3023701, job_id: 5, reason: 6
I20230706 10:16:08.776242 3023701 event_listener.cc:138] [event_listener/table_file_created] column family: default, file path: /nvme/jinghuan/node_40001/db/000020.sst, file size: 76400152, job id: 5, reason: flush, status: OK
I20230706 10:16:08.791755 3023701 event_listener.cc:91] [event_listener/flush_completed] column family: default, thread_id: 3023701, job_id: 5, file: /nvme/jinghuan/node_40001/db/000020.sst, reason: 6, is_write_slowdown: no, is_write_stall: no, largest seqno: 1318217, smallest seqno: 659066
I20230706 10:16:10.599341 3023700 event_listener.cc:84] [event_listener/flush_begin] column family: default, thread_id: 3023700, job_id: 6, reason: 6
I20230706 10:16:10.991927 3023700 event_listener.cc:138] [event_listener/table_file_created] column family: default, file path: /nvme/jinghuan/node_40001/db/000023.sst, file size: 77175921, job id: 6, reason: flush, status: OK
I20230706 10:16:11.004415 3023700 event_listener.cc:91] [event_listener/flush_completed] column family: default, thread_id: 3023700, job_id: 6, file: /nvme/jinghuan/node_40001/db/000023.sst, reason: 6, is_write_slowdown: no, is_write_stall: no, largest seqno: 1984014, smallest seqno: 1318219
I20230706 10:16:12.891826 3023701 event_listener.cc:84] [event_listener/flush_begin] column family: default, thread_id: 3023701, job_id: 7, reason: 6
W20230706 10:16:13.937837 3023941 event_listener.cc:132] [event_listener/stall_cond_changed] column family: default write stall condition was changed, from normal to delay
I20230706 10:16:14.500789 3023700 event_listener.cc:84] [event_listener/flush_begin] column family: metadata, thread_id: 3023700, job_id: 8, reason: 13
I20230706 10:16:15.650614 3023700 event_listener.cc:138] [event_listener/table_file_created] column family: metadata, file path: /nvme/jinghuan/node_40001/db/000029.sst, file size: 19243637, job id: 8, reason: flush, status: OK
I20230706 10:16:15.656925 3023700 event_listener.cc:91] [event_listener/flush_completed] column family: metadata, thread_id: 3023700, job_id: 8, file: /nvme/jinghuan/node_40001/db/000029.sst, reason: 13, is_write_slowdown: no, is_write_stall: no, largest seqno: 3147551, smallest seqno: 11
I20230706 10:16:15.672152 3023700 event_listener.cc:84] [event_listener/flush_begin] column family: default, thread_id: 3023700, job_id: 9, reason: 6
I20230706 10:16:17.755188 3023699 event_listener.cc:138] [event_listener/table_file_created] column family: metadata, file path: /nvme/jinghuan/node_40001/db/000032.sst, file size: 19243633, job id: 10, reason: compaction, status: OK
I20230706 10:16:17.761968 3023699 event_listener.cc:71] [event_listener/compaction_completed] column family: metadata, compaction reason: 11, output compression type: no, base input level(files): 0(1), output level(files): 0(1), input bytes: 19243637, output bytes:19243633, is_manual_compaction:no, elapsed(micro): 1902779
I20230706 10:16:17.961071 3023701 event_listener.cc:138] [event_listener/table_file_created] column family: default, file path: /nvme/jinghuan/node_40001/db/000026.sst, file size: 78305047, job id: 7, reason: flush, status: OK
I20230706 10:16:17.970194 3023701 event_listener.cc:91] [event_listener/flush_completed] column family: default, thread_id: 3023701, job_id: 7, file: /nvme/jinghuan/node_40001/db/000026.sst, reason: 6, is_write_slowdown: no, is_write_stall: no, largest seqno: 2659579, smallest seqno: 1984016
I20230706 10:16:17.972749 3023701 event_listener.cc:127] [event_listener/table_file_deleted] db: /nvme/jinghuan/node_40001/db, sst file: /nvme/jinghuan/node_40001/db/000029.sst, status: OK
W20230706 10:16:17.972852 3023701 event_listener.cc:132] [event_listener/stall_cond_changed] column family: default write stall condition was changed, from stop to normal
W20230706 10:16:17.973055 3023941 event_listener.cc:132] [event_listener/stall_cond_changed] column family: default write stall condition was changed, from delay to stop
W20230706 10:16:19.212291 3023940 event_listener.cc:132] [event_listener/stall_cond_changed] column family: default write stall condition was changed, from normal to delay
I20230706 10:16:20.450493 3023701 event_listener.cc:84] [event_listener/flush_begin] column family: default, thread_id: 3023701, job_id: 12, reason: 6
I20230706 10:16:21.663579 3023700 event_listener.cc:138] [event_listener/table_file_created] column family: default, file path: /nvme/jinghuan/node_40001/db/000031.sst, file size: 75874398, job id: 9, reason: flush, status: OK
I20230706 10:16:21.680707 3023700 event_listener.cc:91] [event_listener/flush_completed] column family: default, thread_id: 3023700, job_id: 9, file: /nvme/jinghuan/node_40001/db/000031.sst, reason: 6, is_write_slowdown: no, is_write_stall: no, largest seqno: 3314156, smallest seqno: 2659581
W20230706 10:16:21.680877 3023700 event_listener.cc:132] [event_listener/stall_cond_changed] column family: default write stall condition was changed, from stop to normal
W20230706 10:16:21.681084 3023939 event_listener.cc:132] [event_listener/stall_cond_changed] column family: default write stall condition was changed, from delay to stop
W20230706 10:16:22.877416 3023936 event_listener.cc:132] [event_listener/stall_cond_changed] column family: default write stall condition was changed, from normal to delay
I20230706 10:16:24.054390 3023700 event_listener.cc:84] [event_listener/flush_begin] column family: default, thread_id: 3023700, job_id: 13, reason: 6
I20230706 10:16:27.058862 3023701 event_listener.cc:138] [event_listener/table_file_created] column family: default, file path: /nvme/jinghuan/node_40001/db/000036.sst, file size: 81466845, job id: 12, reason: flush, status: OK
I20230706 10:16:27.065176 3023701 event_listener.cc:91] [event_listener/flush_completed] column family: default, thread_id: 3023701, job_id: 12, file: /nvme/jinghuan/node_40001/db/000036.sst, reason: 6, is_write_slowdown: no, is_write_stall: no, largest seqno: 4017023, smallest seqno: 3314158
W20230706 10:16:27.065222 3023701 event_listener.cc:132] [event_listener/stall_cond_changed] column family: default write stall condition was changed, from stop to normal
W20230706 10:16:27.065733 3023936 event_listener.cc:132] [event_listener/stall_cond_changed] column family: default write stall condition was changed, from delay to stop
W20230706 10:16:28.243371 3023936 event_listener.cc:132] [event_listener/stall_cond_changed] column family: default write stall condition was changed, from normal to delay
I20230706 10:16:29.457837 3023701 event_listener.cc:84] [event_listener/flush_begin] column family: default, thread_id: 3023701, job_id: 14, reason: 6
I20230706 10:16:30.068730 3023700 event_listener.cc:138] [event_listener/table_file_created] column family: default, file path: /nvme/jinghuan/node_40001/db/000039.sst, file size: 78024206, job id: 13, reason: flush, status: OK
I20230706 10:16:30.083223 3023700 event_listener.cc:91] [event_listener/flush_completed] column family: default, thread_id: 3023700, job_id: 13, file: /nvme/jinghuan/node_40001/db/000039.sst, reason: 6, is_write_slowdown: no, is_write_stall: no, largest seqno: 4690201, smallest seqno: 4017025
W20230706 10:16:30.083333 3023700 event_listener.cc:132] [event_listener/stall_cond_changed] column family: default write stall condition was changed, from stop to normal
W20230706 10:16:30.084219 3023939 event_listener.cc:132] [event_listener/stall_cond_changed] column family: default write stall condition was changed, from delay to stop
W20230706 10:16:31.205262 3023936 event_listener.cc:132] [event_listener/stall_cond_changed] column family: default write stall condition was changed, from normal to delay
I20230706 10:16:32.363102 3023700 event_listener.cc:84] [event_listener/flush_begin] column family: default, thread_id: 3023700, job_id: 15, reason: 6
I20230706 10:16:32.862293 3023698 event_listener.cc:138] [event_listener/table_file_created] column family: default, file path: /nvme/jinghuan/node_40001/db/000033.sst, file size: 138729360, job id: 11, reason: compaction, status: OK
I20230706 10:16:35.871891 3023701 event_listener.cc:138] [event_listener/table_file_created] column family: default, file path: /nvme/jinghuan/node_40001/db/000042.sst, file size: 77264338, job id: 14, reason: flush, status: OK
I20230706 10:16:35.884387 3023701 event_listener.cc:91] [event_listener/flush_completed] column family: default, thread_id: 3023701, job_id: 14, file: /nvme/jinghuan/node_40001/db/000042.sst, reason: 6, is_write_slowdown: no, is_write_stall: no, largest seqno: 5356790, smallest seqno: 4690203
W20230706 10:16:35.884507 3023701 event_listener.cc:132] [event_listener/stall_cond_changed] column family: default write stall condition was changed, from stop to normal
W20230706 10:16:35.884969 3023936 event_listener.cc:132] [event_listener/stall_cond_changed] column family: default write stall condition was changed, from delay to stop
I20230706 10:16:36.908308 3023701 event_listener.cc:84] [event_listener/flush_begin] column family: metadata, thread_id: 3023701, job_id: 17, reason: 13
W20230706 10:16:37.045526 3023940 event_listener.cc:132] [event_listener/stall_cond_changed] column family: default write stall condition was changed, from normal to delay
I20230706 10:16:39.772513 3023700 event_listener.cc:138] [event_listener/table_file_created] column family: default, file path: /nvme/jinghuan/node_40001/db/000045.sst, file size: 75438768, job id: 15, reason: flush, status: OK
I20230706 10:16:39.781896 3023700 event_listener.cc:91] [event_listener/flush_completed] column family: default, thread_id: 3023700, job_id: 15, file: /nvme/jinghuan/node_40001/db/000045.sst, reason: 6, is_write_slowdown: no, is_write_stall: no, largest seqno: 6007616, smallest seqno: 5356792
W20230706 10:16:39.781936 3023700 event_listener.cc:132] [event_listener/stall_cond_changed] column family: default write stall condition was changed, from stop to normal
W20230706 10:16:39.782229 3023940 event_listener.cc:132] [event_listener/stall_cond_changed] column family: default write stall condition was changed, from delay to stop
I20230706 10:16:39.818029 3023700 event_listener.cc:84] [event_listener/flush_begin] column family: default, thread_id: 3023700, job_id: 18, reason: 6
I20230706 10:16:39.970005 3023701 event_listener.cc:138] [event_listener/table_file_created] column family: metadata, file path: /nvme/jinghuan/node_40001/db/000049.sst, file size: 19237555, job id: 17, reason: flush, status: OK
I20230706 10:16:39.979470 3023701 event_listener.cc:91] [event_listener/flush_completed] column family: metadata, thread_id: 3023701, job_id: 17, file: /nvme/jinghuan/node_40001/db/000049.sst, reason: 13, is_write_slowdown: no, is_write_stall: no, largest seqno: 6295113, smallest seqno: 3147562
W20230706 10:16:41.126184 3023940 event_listener.cc:132] [event_listener/stall_cond_changed] column family: default write stall condition was changed, from normal to delay
I20230706 10:16:42.538048 3023701 event_listener.cc:84] [event_listener/flush_begin] column family: default, thread_id: 3023701, job_id: 19, reason: 6
I20230706 10:16:46.476927 3023698 event_listener.cc:138] [event_listener/table_file_created] column family: default, file path: /nvme/jinghuan/node_40001/db/000046.sst, file size: 138696698, job id: 11, reason: compaction, status: OK
I20230706 10:16:49.478838 3023698 event_listener.cc:138] [event_listener/table_file_created] column family: default, file path: /nvme/jinghuan/node_40001/db/000056.sst, file size: 30706092, job id: 11, reason: compaction, status: OK
I20230706 10:16:49.500849 3023698 event_listener.cc:71] [event_listener/compaction_completed] column family: default, compaction reason: 1, output compression type: no, base input level(files): 0(4), output level(files): 1(3), input bytes: 308272033, output bytes:308132150, is_manual_compaction:no, elapsed(micro): 31508525
I20230706 10:16:49.507146 3023698 event_listener.cc:71] [event_listener/compaction_completed] column family: default, compaction reason: 2, output compression type: no, base input level(files): 1(1), output level(files): 2(1), input bytes: 0, output bytes:0, is_manual_compaction:no, elapsed(micro): 0
I20230706 10:16:50.283263 3023700 event_listener.cc:138] [event_listener/table_file_created] column family: default, file path: /nvme/jinghuan/node_40001/db/000052.sst, file size: 77667007, job id: 18, reason: flush, status: OK
I20230706 10:16:50.295714 3023700 event_listener.cc:91] [event_listener/flush_completed] column family: default, thread_id: 3023700, job_id: 18, file: /nvme/jinghuan/node_40001/db/000052.sst, reason: 6, is_write_slowdown: no, is_write_stall: no, largest seqno: 6677659, smallest seqno: 6007618
W20230706 10:16:50.295830 3023700 event_listener.cc:132] [event_listener/stall_cond_changed] column family: default write stall condition was changed, from stop to normal
W20230706 10:16:50.295980 3023940 event_listener.cc:132] [event_listener/stall_cond_changed] column family: default write stall condition was changed, from delay to stop
I20230706 10:16:50.383594 3023701 event_listener.cc:138] [event_listener/table_file_created] column family: default, file path: /nvme/jinghuan/node_40001/db/000055.sst, file size: 82962503, job id: 19, reason: flush, status: OK
I20230706 10:16:50.396088 3023701 event_listener.cc:91] [event_listener/flush_completed] column family: default, thread_id: 3023701, job_id: 19, file: /nvme/jinghuan/node_40001/db/000055.sst, reason: 6, is_write_slowdown: no, is_write_stall: no, largest seqno: 7393418, smallest seqno: 6677661
I20230706 10:16:52.900619 3023700 event_listener.cc:84] [event_listener/flush_begin] column family: default, thread_id: 3023700, job_id: 21, reason: 6
W20230706 10:16:54.132967 3023939 event_listener.cc:132] [event_listener/stall_cond_changed] column family: default write stall condition was changed, from normal to delay
I20230706 10:16:55.472595 3023701 event_listener.cc:84] [event_listener/flush_begin] column family: default, thread_id: 3023701, job_id: 22, reason: 6
I20230706 10:16:58.583187 3023700 event_listener.cc:138] [event_listener/table_file_created] column family: default, file path: /nvme/jinghuan/node_40001/db/000059.sst, file size: 85044300, job id: 21, reason: flush, status: OK
I20230706 10:16:58.595520 3023700 event_listener.cc:91] [event_listener/flush_completed] column family: default, thread_id: 3023700, job_id: 21, file: /nvme/jinghuan/node_40001/db/000059.sst, reason: 6, is_write_slowdown: no, is_write_stall: no, largest seqno: 8127151, smallest seqno: 7393420
W20230706 10:16:58.595613 3023700 event_listener.cc:132] [event_listener/stall_cond_changed] column family: default write stall condition was changed, from stop to normal
W20230706 10:16:58.596014 3023939 event_listener.cc:132] [event_listener/stall_cond_changed] column family: default write stall condition was changed, from delay to stop
W20230706 10:16:59.986580 3023938 event_listener.cc:132] [event_listener/stall_cond_changed] column family: default write stall condition was changed, from normal to delay
I20230706 10:17:00.872936 3023700 event_listener.cc:84] [event_listener/flush_begin] column family: metadata, thread_id: 3023700, job_id: 24, reason: 13
I20230706 10:17:02.794895 3023700 event_listener.cc:138] [event_listener/table_file_created] column family: metadata, file path: /nvme/jinghuan/node_40001/db/000066.sst, file size: 19218901, job id: 24, reason: flush, status: OK
I20230706 10:17:02.810343 3023700 event_listener.cc:91] [event_listener/flush_completed] column family: metadata, thread_id: 3023700, job_id: 24, file: /nvme/jinghuan/node_40001/db/000066.sst, reason: 13, is_write_slowdown: no, is_write_stall: no, largest seqno: 9442631, smallest seqno: 6295124
I20230706 10:17:02.834348 3023700 event_listener.cc:84] [event_listener/flush_begin] column family: default, thread_id: 3023700, job_id: 25, reason: 6
I20230706 10:17:03.689015 3023701 event_listener.cc:138] [event_listener/table_file_created] column family: default, file path: /nvme/jinghuan/node_40001/db/000062.sst, file size: 85044730, job id: 22, reason: flush, status: OK
I20230706 10:17:03.702545 3023701 event_listener.cc:91] [event_listener/flush_completed] column family: default, thread_id: 3023701, job_id: 22, file: /nvme/jinghuan/node_40001/db/000062.sst, reason: 6, is_write_slowdown: no, is_write_stall: no, largest seqno: 8860895, smallest seqno: 8127153
W20230706 10:17:03.702932 3023701 event_listener.cc:132] [event_listener/stall_cond_changed] column family: default write stall condition was changed, from stop to normal
W20230706 10:17:03.703086 3023938 event_listener.cc:132] [event_listener/stall_cond_changed] column family: default write stall condition was changed, from delay to stop
W20230706 10:17:05.111361 3023941 event_listener.cc:132] [event_listener/stall_cond_changed] column family: default write stall condition was changed, from normal to delay
I20230706 10:17:06.575958 3023701 event_listener.cc:84] [event_listener/flush_begin] column family: default, thread_id: 3023701, job_id: 26, reason: 6
I20230706 10:17:10.500164 3023700 event_listener.cc:138] [event_listener/table_file_created] column family: default, file path: /nvme/jinghuan/node_40001/db/000068.sst, file size: 84967406, job id: 25, reason: flush, status: OK
I20230706 10:17:10.516398 3023700 event_listener.cc:91] [event_listener/flush_completed] column family: default, thread_id: 3023700, job_id: 25, file: /nvme/jinghuan/node_40001/db/000068.sst, reason: 6, is_write_slowdown: no, is_write_stall: no, largest seqno: 9593946, smallest seqno: 8860897
W20230706 10:17:10.516841 3023700 event_listener.cc:132] [event_listener/stall_cond_changed] column family: default write stall condition was changed, from stop to normal
W20230706 10:17:10.517025 3023941 event_listener.cc:132] [event_listener/stall_cond_changed] column family: default write stall condition was changed, from delay to stop
I20230706 10:17:10.986166 3023699 event_listener.cc:138] [event_listener/table_file_created] column family: default, file path: /nvme/jinghuan/node_40001/db/000047.sst, file size: 312515302, job id: 16, reason: compaction, status: OK
I20230706 10:17:11.005749 3023699 event_listener.cc:71] [event_listener/compaction_completed] column family: default, compaction reason: 1, output compression type: no, base input level(files): 0(4), output level(files): 0(1), input bytes: 312629787, output bytes:312515302, is_manual_compaction:no, elapsed(micro): 35101824
I20230706 10:17:11.013135 3023699 event_listener.cc:127] [event_listener/table_file_deleted] db: /nvme/jinghuan/node_40001/db, sst file: /nvme/jinghuan/node_40001/db/000026.sst, status: OK
I20230706 10:17:11.018918 3023699 event_listener.cc:127] [event_listener/table_file_deleted] db: /nvme/jinghuan/node_40001/db, sst file: /nvme/jinghuan/node_40001/db/000023.sst, status: OK
I20230706 10:17:11.024089 3023699 event_listener.cc:127] [event_listener/table_file_deleted] db: /nvme/jinghuan/node_40001/db, sst file: /nvme/jinghuan/node_40001/db/000020.sst, status: OK
I20230706 10:17:11.029769 3023699 event_listener.cc:127] [event_listener/table_file_deleted] db: /nvme/jinghuan/node_40001/db, sst file: /nvme/jinghuan/node_40001/db/000017.sst, status: OK
W20230706 10:17:11.675295 3023940 event_listener.cc:132] [event_listener/stall_cond_changed] column family: default write stall condition was changed, from normal to delay
I20230706 10:17:12.700618 3023701 event_listener.cc:138] [event_listener/table_file_created] column family: default, file path: /nvme/jinghuan/node_40001/db/000071.sst, file size: 84970024, job id: 26, reason: flush, status: OK
I20230706 10:17:12.708587 3023701 event_listener.cc:91] [event_listener/flush_completed] column family: default, thread_id: 3023701, job_id: 26, file: /nvme/jinghuan/node_40001/db/000071.sst, reason: 6, is_write_slowdown: no, is_write_stall: no, largest seqno: 10327063, smallest seqno: 9593948
W20230706 10:17:12.708642 3023701 event_listener.cc:132] [event_listener/stall_cond_changed] column family: default write stall condition was changed, from delay to normal
I20230706 10:17:12.860185 3023700 event_listener.cc:84] [event_listener/flush_begin] column family: default, thread_id: 3023700, job_id: 30, reason: 6
W20230706 10:17:13.972107 3023938 event_listener.cc:132] [event_listener/stall_cond_changed] column family: default write stall condition was changed, from normal to delay
I20230706 10:17:15.210613 3023701 event_listener.cc:84] [event_listener/flush_begin] column family: default, thread_id: 3023701, job_id: 33, reason: 6
I20230706 10:17:18.295691 3023700 event_listener.cc:138] [event_listener/table_file_created] column family: default, file path: /nvme/jinghuan/node_40001/db/000074.sst, file size: 76639789, job id: 30, reason: flush, status: OK
I20230706 10:17:18.310532 3023700 event_listener.cc:91] [event_listener/flush_completed] column family: default, thread_id: 3023700, job_id: 30, file: /nvme/jinghuan/node_40001/db/000074.sst, reason: 6, is_write_slowdown: no, is_write_stall: no, largest seqno: 10988251, smallest seqno: 10327065
W20230706 10:17:18.310830 3023700 event_listener.cc:132] [event_listener/stall_cond_changed] column family: default write stall condition was changed, from stop to normal
W20230706 10:17:18.311259 3023940 event_listener.cc:132] [event_listener/stall_cond_changed] column family: default write stall condition was changed, from delay to stop
W20230706 10:17:19.668483 3023942 event_listener.cc:132] [event_listener/stall_cond_changed] column family: default write stall condition was changed, from normal to delay
I20230706 10:17:21.001078 3023701 event_listener.cc:138] [event_listener/table_file_created] column family: default, file path: /nvme/jinghuan/node_40001/db/000077.sst, file size: 76698103, job id: 33, reason: flush, status: OK
I20230706 10:17:21.009256 3023700 event_listener.cc:84] [event_listener/flush_begin] column family: default, thread_id: 3023700, job_id: 35, reason: 6
I20230706 10:17:21.016878 3023701 event_listener.cc:91] [event_listener/flush_completed] column family: default, thread_id: 3023701, job_id: 33, file: /nvme/jinghuan/node_40001/db/000077.sst, reason: 6, is_write_slowdown: no, is_write_stall: no, largest seqno: 11649945, smallest seqno: 10988253
W20230706 10:17:21.016994 3023701 event_listener.cc:132] [event_listener/stall_cond_changed] column family: default write stall condition was changed, from stop to normal
W20230706 10:17:21.017446 3023942 event_listener.cc:132] [event_listener/stall_cond_changed] column family: default write stall condition was changed, from delay to stop
I20230706 10:17:21.762303 3023701 event_listener.cc:84] [event_listener/flush_begin] column family: metadata, thread_id: 3023701, job_id: 36, reason: 13
W20230706 10:17:22.300139 3023942 event_listener.cc:132] [event_listener/stall_cond_changed] column family: default write stall condition was changed, from normal to delay
I20230706 10:17:23.502987 3023701 event_listener.cc:138] [event_listener/table_file_created] column family: metadata, file path: /nvme/jinghuan/node_40001/db/000083.sst, file size: 19220775, job id: 36, reason: flush, status: OK
I20230706 10:17:23.509279 3023701 event_listener.cc:91] [event_listener/flush_completed] column family: metadata, thread_id: 3023701, job_id: 36, file: /nvme/jinghuan/node_40001/db/000083.sst, reason: 13, is_write_slowdown: no, is_write_stall: no, largest seqno: 12590204, smallest seqno: 9442642
I20230706 10:17:23.629853 3023701 event_listener.cc:84] [event_listener/flush_begin] column family: default, thread_id: 3023701, job_id: 37, reason: 6
I20230706 10:17:28.907902 3023700 event_listener.cc:138] [event_listener/table_file_created] column family: default, file path: /nvme/jinghuan/node_40001/db/000081.sst, file size: 84986242, job id: 35, reason: flush, status: OK
I20230706 10:17:28.919414 3023700 event_listener.cc:91] [event_listener/flush_completed] column family: default, thread_id: 3023700, job_id: 35, file: /nvme/jinghuan/node_40001/db/000081.sst, reason: 6, is_write_slowdown: no, is_write_stall: no, largest seqno: 12383216, smallest seqno: 11649947
W20230706 10:17:28.919834 3023700 event_listener.cc:132] [event_listener/stall_cond_changed] column family: default write stall condition was changed, from stop to normal
W20230706 10:17:28.919953 3023942 event_listener.cc:132] [event_listener/stall_cond_changed] column family: default write stall condition was changed, from delay to stop
W20230706 10:17:30.069556 3023936 event_listener.cc:132] [event_listener/stall_cond_changed] column family: default write stall condition was changed, from normal to delay
I20230706 10:17:30.804384 3023701 event_listener.cc:138] [event_listener/table_file_created] column family: default, file path: /nvme/jinghuan/node_40001/db/000086.sst, file size: 85050460, job id: 37, reason: flush, status: OK
I20230706 10:17:30.820451 3023701 event_listener.cc:91] [event_listener/flush_completed] column family: default, thread_id: 3023701, job_id: 37, file: /nvme/jinghuan/node_40001/db/000086.sst, reason: 6, is_write_slowdown: no, is_write_stall: no, largest seqno: 13117037, smallest seqno: 12383218
W20230706 10:17:30.820657 3023701 event_listener.cc:132] [event_listener/stall_cond_changed] column family: default write stall condition was changed, from delay to normal
I20230706 10:17:31.105703 3023698 event_listener.cc:138] [event_listener/table_file_created] column family: default, file path: /nvme/jinghuan/node_40001/db/000063.sst, file size: 320980558, job id: 23, reason: compaction, status: OK
I20230706 10:17:31.131538 3023698 event_listener.cc:71] [event_listener/compaction_completed] column family: default, compaction reason: 1, output compression type: no, base input level(files): 0(4), output level(files): 0(1), input bytes: 321112578, output bytes:320980558, is_manual_compaction:no, elapsed(micro): 32510245
I20230706 10:17:31.138495 3023698 event_listener.cc:127] [event_listener/table_file_deleted] db: /nvme/jinghuan/node_40001/db, sst file: /nvme/jinghuan/node_40001/db/000042.sst, status: OK
I20230706 10:17:31.145773 3023698 event_listener.cc:127] [event_listener/table_file_deleted] db: /nvme/jinghuan/node_40001/db, sst file: /nvme/jinghuan/node_40001/db/000039.sst, status: OK
I20230706 10:17:31.151434 3023698 event_listener.cc:127] [event_listener/table_file_deleted] db: /nvme/jinghuan/node_40001/db, sst file: /nvme/jinghuan/node_40001/db/000036.sst, status: OK
I20230706 10:17:31.156455 3023698 event_listener.cc:127] [event_listener/table_file_deleted] db: /nvme/jinghuan/node_40001/db, sst file: /nvme/jinghuan/node_40001/db/000031.sst, status: OK
I20230706 10:17:31.309634 3023700 event_listener.cc:84] [event_listener/flush_begin] column family: default, thread_id: 3023700, job_id: 40, reason: 6
W20230706 10:17:32.455497 3023936 event_listener.cc:132] [event_listener/stall_cond_changed] column family: default write stall condition was changed, from normal to delay
I20230706 10:17:33.684811 3023701 event_listener.cc:84] [event_listener/flush_begin] column family: default, thread_id: 3023701, job_id: 41, reason: 6
I20230706 10:17:37.710034 3023700 event_listener.cc:138] [event_listener/table_file_created] column family: default, file path: /nvme/jinghuan/node_40001/db/000090.sst, file size: 76827186, job id: 40, reason: flush, status: OK
I20230706 10:17:37.716557 3023700 event_listener.cc:91] [event_listener/flush_completed] column family: default, thread_id: 3023700, job_id: 40, file: /nvme/jinghuan/node_40001/db/000090.sst, reason: 6, is_write_slowdown: no, is_write_stall: no, largest seqno: 13779831, smallest seqno: 13117039
W20230706 10:17:37.716604 3023700 event_listener.cc:132] [event_listener/stall_cond_changed] column family: default write stall condition was changed, from stop to normal
W20230706 10:17:37.716993 3023936 event_listener.cc:132] [event_listener/stall_cond_changed] column family: default write stall condition was changed, from delay to stop
W20230706 10:17:39.073273 3023938 event_listener.cc:132] [event_listener/stall_cond_changed] column family: default write stall condition was changed, from normal to delay
I20230706 10:17:39.103932 3023698 event_listener.cc:138] [event_listener/table_file_created] column family: metadata, file path: /nvme/jinghuan/node_40001/db/000088.sst, file size: 76274181, job id: 39, reason: compaction, status: OK
I20230706 10:17:39.114552 3023698 event_listener.cc:71] [event_listener/compaction_completed] column family: metadata, compaction reason: 1, output compression type: no, base input level(files): 0(4), output level(files): 1(1), input bytes: 76920864, output bytes:76274181, is_manual_compaction:no, elapsed(micro): 7947485
I20230706 10:17:39.116444 3023698 event_listener.cc:127] [event_listener/table_file_deleted] db: /nvme/jinghuan/node_40001/db, sst file: /nvme/jinghuan/node_40001/db/000066.sst, status: OK
I20230706 10:17:39.118197 3023698 event_listener.cc:127] [event_listener/table_file_deleted] db: /nvme/jinghuan/node_40001/db, sst file: /nvme/jinghuan/node_40001/db/000049.sst, status: OK
I20230706 10:17:39.120049 3023698 event_listener.cc:127] [event_listener/table_file_deleted] db: /nvme/jinghuan/node_40001/db, sst file: /nvme/jinghuan/node_40001/db/000032.sst, status: OK
I20230706 10:17:39.814594 3023701 event_listener.cc:138] [event_listener/table_file_created] column family: default, file path: /nvme/jinghuan/node_40001/db/000093.sst, file size: 76805775, job id: 41, reason: flush, status: OK
I20230706 10:17:39.822304 3023701 event_listener.cc:91] [event_listener/flush_completed] column family: default, thread_id: 3023701, job_id: 41, file: /nvme/jinghuan/node_40001/db/000093.sst, reason: 6, is_write_slowdown: no, is_write_stall: no, largest seqno: 14442427, smallest seqno: 13779833
W20230706 10:17:39.822356 3023701 event_listener.cc:132] [event_listener/stall_cond_changed] column family: default write stall condition was changed, from delay to normal
I20230706 10:17:40.433797 3023700 event_listener.cc:84] [event_listener/flush_begin] column family: default, thread_id: 3023700, job_id: 43, reason: 6
W20230706 10:17:41.678999 3023938 event_listener.cc:132] [event_listener/stall_cond_changed] column family: default write stall condition was changed, from normal to delay
I20230706 10:17:42.437402 3023701 event_listener.cc:84] [event_listener/flush_begin] column family: metadata, thread_id: 3023701, job_id: 44, reason: 13
I20230706 10:17:44.213784 3023701 event_listener.cc:138] [event_listener/table_file_created] column family: metadata, file path: /nvme/jinghuan/node_40001/db/000100.sst, file size: 19250562, job id: 44, reason: flush, status: OK
I20230706 10:17:44.220288 3023701 event_listener.cc:91] [event_listener/flush_completed] column family: metadata, thread_id: 3023701, job_id: 44, file: /nvme/jinghuan/node_40001/db/000100.sst, reason: 13, is_write_slowdown: no, is_write_stall: no, largest seqno: 15737788, smallest seqno: 12590215
I20230706 10:17:44.246030 3023701 event_listener.cc:84] [event_listener/flush_begin] column family: default, thread_id: 3023701, job_id: 45, reason: 6
I20230706 10:17:48.228439 3023700 event_listener.cc:138] [event_listener/table_file_created] column family: default, file path: /nvme/jinghuan/node_40001/db/000097.sst, file size: 85005773, job id: 43, reason: flush, status: OK
I20230706 10:17:48.237025 3023700 event_listener.cc:91] [event_listener/flush_completed] column family: default, thread_id: 3023700, job_id: 43, file: /nvme/jinghuan/node_40001/db/000097.sst, reason: 6, is_write_slowdown: no, is_write_stall: no, largest seqno: 15175841, smallest seqno: 14442429
W20230706 10:17:48.237249 3023700 event_listener.cc:132] [event_listener/stall_cond_changed] column family: default write stall condition was changed, from stop to normal
W20230706 10:17:48.237465 3023941 event_listener.cc:132] [event_listener/stall_cond_changed] column family: default write stall condition was changed, from delay to stop
W20230706 10:17:49.522585 3023941 event_listener.cc:132] [event_listener/stall_cond_changed] column family: default write stall condition was changed, from normal to delay
I20230706 10:17:50.418983 3023701 event_listener.cc:138] [event_listener/table_file_created] column family: default, file path: /nvme/jinghuan/node_40001/db/000102.sst, file size: 85042112, job id: 45, reason: flush, status: OK
I20230706 10:17:50.425598 3023701 event_listener.cc:91] [event_listener/flush_completed] column family: default, thread_id: 3023701, job_id: 45, file: /nvme/jinghuan/node_40001/db/000102.sst, reason: 6, is_write_slowdown: no, is_write_stall: no, largest seqno: 15909563, smallest seqno: 15175843
W20230706 10:17:50.425698 3023701 event_listener.cc:132] [event_listener/stall_cond_changed] column family: default write stall condition was changed, from delay to normal
I20230706 10:17:50.814878 3023699 event_listener.cc:138] [event_listener/table_file_created] column family: default, file path: /nvme/jinghuan/node_40001/db/000078.sst, file size: 331459720, job id: 34, reason: compaction, status: OK
I20230706 10:17:50.843562 3023699 event_listener.cc:71] [event_listener/compaction_completed] column family: default, compaction reason: 1, output compression type: no, base input level(files): 0(4), output level(files): 0(1), input bytes: 331621949, output bytes:331459720, is_manual_compaction:no, elapsed(micro): 32504115
I20230706 10:17:50.845319 3023699 event_listener.cc:127] [event_listener/table_file_deleted] db: /nvme/jinghuan/node_40001/db, sst file: /nvme/jinghuan/node_40001/db/000083.sst, status: OK
I20230706 10:17:50.852098 3023699 event_listener.cc:127] [event_listener/table_file_deleted] db: /nvme/jinghuan/node_40001/db, sst file: /nvme/jinghuan/node_40001/db/000059.sst, status: OK
I20230706 10:17:50.857153 3023699 event_listener.cc:127] [event_listener/table_file_deleted] db: /nvme/jinghuan/node_40001/db, sst file: /nvme/jinghuan/node_40001/db/000055.sst, status: OK
I20230706 10:17:50.862046 3023699 event_listener.cc:127] [event_listener/table_file_deleted] db: /nvme/jinghuan/node_40001/db, sst file: /nvme/jinghuan/node_40001/db/000052.sst, status: OK
I20230706 10:17:50.866612 3023699 event_listener.cc:127] [event_listener/table_file_deleted] db: /nvme/jinghuan/node_40001/db, sst file: /nvme/jinghuan/node_40001/db/000045.sst, status: OK
I20230706 10:17:50.878265 3023700 event_listener.cc:84] [event_listener/flush_begin] column family: default, thread_id: 3023700, job_id: 46, reason: 6
W20230706 10:17:52.119402 3023941 event_listener.cc:132] [event_listener/stall_cond_changed] column family: default write stall condition was changed, from normal to delay
I20230706 10:17:53.469048 3023701 event_listener.cc:84] [event_listener/flush_begin] column family: default, thread_id: 3023701, job_id: 50, reason: 6
I20230706 10:17:54.221586 3023700 event_listener.cc:138] [event_listener/table_file_created] column family: default, file path: /nvme/jinghuan/node_40001/db/000105.sst, file size: 85022762, job id: 46, reason: flush, status: OK
I20230706 10:17:54.228161 3023700 event_listener.cc:91] [event_listener/flush_completed] column family: default, thread_id: 3023700, job_id: 46, file: /nvme/jinghuan/node_40001/db/000105.sst, reason: 6, is_write_slowdown: no, is_write_stall: no, largest seqno: 16643098, smallest seqno: 15909565
W20230706 10:17:54.228277 3023700 event_listener.cc:132] [event_listener/stall_cond_changed] column family: default write stall condition was changed, from stop to normal
W20230706 10:17:54.228585 3023943 event_listener.cc:132] [event_listener/stall_cond_changed] column family: default write stall condition was changed, from delay to stop
W20230706 10:17:55.541543 3023943 event_listener.cc:132] [event_listener/stall_cond_changed] column family: default write stall condition was changed, from normal to delay
I20230706 10:17:56.910398 3023700 event_listener.cc:84] [event_listener/flush_begin] column family: default, thread_id: 3023700, job_id: 52, reason: 6
I20230706 10:17:58.523375 3023701 event_listener.cc:138] [event_listener/table_file_created] column family: default, file path: /nvme/jinghuan/node_40001/db/000108.sst, file size: 85044047, job id: 50, reason: flush, status: OK
I20230706 10:17:58.529989 3023701 event_listener.cc:91] [event_listener/flush_completed] column family: default, thread_id: 3023701, job_id: 50, file: /nvme/jinghuan/node_40001/db/000108.sst, reason: 6, is_write_slowdown: no, is_write_stall: no, largest seqno: 17376809, smallest seqno: 16643100
W20230706 10:17:58.530031 3023701 event_listener.cc:132] [event_listener/stall_cond_changed] column family: default write stall condition was changed, from stop to normal
W20230706 10:17:58.531400 3023943 event_listener.cc:132] [event_listener/stall_cond_changed] column family: default write stall condition was changed, from delay to stop
W20230706 10:17:59.845252 3023943 event_listener.cc:132] [event_listener/stall_cond_changed] column family: default write stall condition was changed, from normal to delay
I20230706 10:18:01.208323 3023701 event_listener.cc:84] [event_listener/flush_begin] column family: default, thread_id: 3023701, job_id: 53, reason: 6
I20230706 10:18:04.125440 3023700 event_listener.cc:138] [event_listener/table_file_created] column family: default, file path: /nvme/jinghuan/node_40001/db/000112.sst, file size: 84932887, job id: 52, reason: flush, status: OK
I20230706 10:18:04.131754 3023700 event_listener.cc:91] [event_listener/flush_completed] column family: default, thread_id: 3023700, job_id: 52, file: /nvme/jinghuan/node_40001/db/000112.sst, reason: 6, is_write_slowdown: no, is_write_stall: no, largest seqno: 18109574, smallest seqno: 17376811
W20230706 10:18:04.131809 3023700 event_listener.cc:132] [event_listener/stall_cond_changed] column family: default write stall condition was changed, from stop to normal
W20230706 10:18:04.134068 3023942 event_listener.cc:132] [event_listener/stall_cond_changed] column family: default write stall condition was changed, from delay to stop
I20230706 10:18:04.300335 3023700 event_listener.cc:84] [event_listener/flush_begin] column family: metadata, thread_id: 3023700, job_id: 54, reason: 13
W20230706 10:18:05.345141 3023938 event_listener.cc:132] [event_listener/stall_cond_changed] column family: default write stall condition was changed, from normal to delay
I20230706 10:18:05.820968 3023700 event_listener.cc:138] [event_listener/table_file_created] column family: metadata, file path: /nvme/jinghuan/node_40001/db/000117.sst, file size: 19249839, job id: 54, reason: flush, status: OK
I20230706 10:18:05.833580 3023700 event_listener.cc:91] [event_listener/flush_completed] column family: metadata, thread_id: 3023700, job_id: 54, file: /nvme/jinghuan/node_40001/db/000117.sst, reason: 13, is_write_slowdown: no, is_write_stall: no, largest seqno: 18885361, smallest seqno: 15737799
I20230706 10:18:06.539321 3023700 event_listener.cc:84] [event_listener/flush_begin] column family: default, thread_id: 3023700, job_id: 55, reason: 6
I20230706 10:18:06.623734 3023698 event_listener.cc:138] [event_listener/table_file_created] column family: default, file path: /nvme/jinghuan/node_40001/db/000095.sst, file size: 323445795, job id: 42, reason: compaction, status: OK
I20230706 10:18:06.642077 3023698 event_listener.cc:71] [event_listener/compaction_completed] column family: default, compaction reason: 1, output compression type: no, base input level(files): 0(4), output level(files): 0(1), input bytes: 323561991, output bytes:323445795, is_manual_compaction:no, elapsed(micro): 27503854
I20230706 10:18:06.648514 3023698 event_listener.cc:127] [event_listener/table_file_deleted] db: /nvme/jinghuan/node_40001/db, sst file: /nvme/jinghuan/node_40001/db/000074.sst, status: OK
I20230706 10:18:06.654903 3023698 event_listener.cc:127] [event_listener/table_file_deleted] db: /nvme/jinghuan/node_40001/db, sst file: /nvme/jinghuan/node_40001/db/000071.sst, status: OK
I20230706 10:18:06.660400 3023698 event_listener.cc:127] [event_listener/table_file_deleted] db: /nvme/jinghuan/node_40001/db, sst file: /nvme/jinghuan/node_40001/db/000068.sst, status: OK
I20230706 10:18:06.665601 3023698 event_listener.cc:127] [event_listener/table_file_deleted] db: /nvme/jinghuan/node_40001/db, sst file: /nvme/jinghuan/node_40001/db/000062.sst, status: OK
I20230706 10:18:07.932456 3023701 event_listener.cc:138] [event_listener/table_file_created] column family: default, file path: /nvme/jinghuan/node_40001/db/000115.sst, file size: 84991516, job id: 53, reason: flush, status: OK
I20230706 10:18:07.940716 3023701 event_listener.cc:91] [event_listener/flush_completed] column family: default, thread_id: 3023701, job_id: 53, file: /nvme/jinghuan/node_40001/db/000115.sst, reason: 6, is_write_slowdown: no, is_write_stall: no, largest seqno: 18842856, smallest seqno: 18109576
W20230706 10:18:07.940835 3023701 event_listener.cc:132] [event_listener/stall_cond_changed] column family: default write stall condition was changed, from stop to normal
W20230706 10:18:07.940989 3023938 event_listener.cc:132] [event_listener/stall_cond_changed] column family: default write stall condition was changed, from delay to stop
W20230706 10:18:09.120575 3023939 event_listener.cc:132] [event_listener/stall_cond_changed] column family: default write stall condition was changed, from normal to delay
I20230706 10:18:09.730378 3023700 event_listener.cc:138] [event_listener/table_file_created] column family: default, file path: /nvme/jinghuan/node_40001/db/000120.sst, file size: 76633012, job id: 55, reason: flush, status: OK
I20230706 10:18:09.736656 3023700 event_listener.cc:91] [event_listener/flush_completed] column family: default, thread_id: 3023700, job_id: 55, file: /nvme/jinghuan/node_40001/db/000120.sst, reason: 6, is_write_slowdown: no, is_write_stall: no, largest seqno: 19503989, smallest seqno: 18842858
W20230706 10:18:09.736824 3023700 event_listener.cc:132] [event_listener/stall_cond_changed] column family: default write stall condition was changed, from delay to normal
I20230706 10:18:10.353042 3023701 event_listener.cc:84] [event_listener/flush_begin] column family: default, thread_id: 3023701, job_id: 60, reason: 6
W20230706 10:18:11.498401 3023939 event_listener.cc:132] [event_listener/stall_cond_changed] column family: default write stall condition was changed, from normal to delay
I20230706 10:18:12.758865 3023700 event_listener.cc:84] [event_listener/flush_begin] column family: default, thread_id: 3023700, job_id: 61, reason: 6
I20230706 10:18:15.940093 3023701 event_listener.cc:138] [event_listener/table_file_created] column family: default, file path: /nvme/jinghuan/node_40001/db/000124.sst, file size: 76684267, job id: 60, reason: flush, status: OK
I20230706 10:18:15.956310 3023701 event_listener.cc:91] [event_listener/flush_completed] column family: default, thread_id: 3023701, job_id: 60, file: /nvme/jinghuan/node_40001/db/000124.sst, reason: 6, is_write_slowdown: no, is_write_stall: no, largest seqno: 20165551, smallest seqno: 19503991
W20230706 10:18:15.956419 3023701 event_listener.cc:132] [event_listener/stall_cond_changed] column family: default write stall condition was changed, from stop to normal
W20230706 10:18:15.957196 3023936 event_listener.cc:132] [event_listener/stall_cond_changed] column family: default write stall condition was changed, from delay to stop
W20230706 10:18:17.156541 3023936 event_listener.cc:132] [event_listener/stall_cond_changed] column family: default write stall condition was changed, from normal to delay
I20230706 10:18:18.244513 3023700 event_listener.cc:138] [event_listener/table_file_created] column family: default, file path: /nvme/jinghuan/node_40001/db/000127.sst, file size: 76716204, job id: 61, reason: flush, status: OK
I20230706 10:18:18.261049 3023700 event_listener.cc:91] [event_listener/flush_completed] column family: default, thread_id: 3023700, job_id: 61, file: /nvme/jinghuan/node_40001/db/000127.sst, reason: 6, is_write_slowdown: no, is_write_stall: no, largest seqno: 20827399, smallest seqno: 20165553
W20230706 10:18:18.261157 3023700 event_listener.cc:132] [event_listener/stall_cond_changed] column family: default write stall condition was changed, from delay to normal
I20230706 10:18:18.386749 3023701 event_listener.cc:84] [event_listener/flush_begin] column family: default, thread_id: 3023701, job_id: 62, reason: 6
I20230706 10:18:19.132990 3023699 event_listener.cc:138] [event_listener/table_file_created] column family: default, file path: /nvme/jinghuan/node_40001/db/000109.sst, file size: 331760210, job id: 51, reason: compaction, status: OK
I20230706 10:18:19.155272 3023699 event_listener.cc:71] [event_listener/compaction_completed] column family: default, compaction reason: 1, output compression type: no, base input level(files): 0(4), output level(files): 0(1), input bytes: 331876422, output bytes:331760210, is_manual_compaction:no, elapsed(micro): 24904732
