I20230706 10:18:19.160367 3023699 event_listener.cc:127] [event_listener/table_file_deleted] db: /nvme/jinghuan/node_40001/db, sst file: /nvme/jinghuan/node_40001/db/000090.sst, status: OK
I20230706 10:18:19.165607 3023699 event_listener.cc:127] [event_listener/table_file_deleted] db: /nvme/jinghuan/node_40001/db, sst file: /nvme/jinghuan/node_40001/db/000086.sst, status: OK
I20230706 10:18:19.170789 3023699 event_listener.cc:127] [event_listener/table_file_deleted] db: /nvme/jinghuan/node_40001/db, sst file: /nvme/jinghuan/node_40001/db/000081.sst, status: OK
I20230706 10:18:19.175441 3023699 event_listener.cc:127] [event_listener/table_file_deleted] db: /nvme/jinghuan/node_40001/db, sst file: /nvme/jinghuan/node_40001/db/000077.sst, status: OK
W20230706 10:18:19.499935 3023936 event_listener.cc:132] [event_listener/stall_cond_changed] column family: default write stall condition was changed, from normal to delay
I20230706 10:18:21.537273 3023701 event_listener.cc:138] [event_listener/table_file_created] column family: default, file path: /nvme/jinghuan/node_40001/db/000130.sst, file size: 76204302, job id: 62, reason: flush, status: OK
I20230706 10:18:21.551710 3023701 event_listener.cc:91] [event_listener/flush_completed] column family: default, thread_id: 3023701, job_id: 62, file: /nvme/jinghuan/node_40001/db/000130.sst, reason: 6, is_write_slowdown: no, is_write_stall: no, largest seqno: 21484836, smallest seqno: 20827401
W20230706 10:18:21.551836 3023701 event_listener.cc:132] [event_listener/stall_cond_changed] column family: default write stall condition was changed, from delay to normal
I20230706 10:18:22.361021 3023700 event_listener.cc:84] [event_listener/flush_begin] column family: metadata, thread_id: 3023700, job_id: 66, reason: 13
I20230706 10:18:23.054592 3023700 event_listener.cc:138] [event_listener/table_file_created] column family: metadata, file path: /nvme/jinghuan/node_40001/db/000133.sst, file size: 19011559, job id: 66, reason: flush, status: OK
I20230706 10:18:23.066965 3023700 event_listener.cc:91] [event_listener/flush_completed] column family: metadata, thread_id: 3023700, job_id: 66, file: /nvme/jinghuan/node_40001/db/000133.sst, reason: 13, is_write_slowdown: no, is_write_stall: no, largest seqno: 22021742, smallest seqno: 18885372
I20230706 10:18:25.041704 3023698 event_listener.cc:138] [event_listener/table_file_created] column family: default, file path: /nvme/jinghuan/node_40001/db/000122.sst, file size: 331477271, job id: 59, reason: compaction, status: OK
I20230706 10:18:25.064936 3023698 event_listener.cc:71] [event_listener/compaction_completed] column family: default, compaction reason: 1, output compression type: no, base input level(files): 0(4), output level(files): 0(1), input bytes: 331601462, output bytes:331477271, is_manual_compaction:no, elapsed(micro): 15305009
I20230706 10:18:25.074700 3023698 event_listener.cc:127] [event_listener/table_file_deleted] db: /nvme/jinghuan/node_40001/db, sst file: /nvme/jinghuan/node_40001/db/000105.sst, status: OK
I20230706 10:18:25.075932 3023942 event_listener.cc:127] [event_listener/table_file_deleted] db: /nvme/jinghuan/node_40001/db, sst file: /nvme/jinghuan/node_40001/db/000120.sst, status: OK
I20230706 10:18:25.081486 3023698 event_listener.cc:127] [event_listener/table_file_deleted] db: /nvme/jinghuan/node_40001/db, sst file: /nvme/jinghuan/node_40001/db/000102.sst, status: OK
I20230706 10:18:25.083720 3023942 event_listener.cc:127] [event_listener/table_file_deleted] db: /nvme/jinghuan/node_40001/db, sst file: /nvme/jinghuan/node_40001/db/000115.sst, status: OK
I20230706 10:18:25.088173 3023698 event_listener.cc:127] [event_listener/table_file_deleted] db: /nvme/jinghuan/node_40001/db, sst file: /nvme/jinghuan/node_40001/db/000097.sst, status: OK
I20230706 10:18:25.091166 3023942 event_listener.cc:127] [event_listener/table_file_deleted] db: /nvme/jinghuan/node_40001/db, sst file: /nvme/jinghuan/node_40001/db/000112.sst, status: OK
I20230706 10:18:25.093843 3023698 event_listener.cc:127] [event_listener/table_file_deleted] db: /nvme/jinghuan/node_40001/db, sst file: /nvme/jinghuan/node_40001/db/000093.sst, status: OK
I20230706 10:18:25.097759 3023942 event_listener.cc:127] [event_listener/table_file_deleted] db: /nvme/jinghuan/node_40001/db, sst file: /nvme/jinghuan/node_40001/db/000108.sst, status: OK
I20230706 10:18:27.836179 3023699 event_listener.cc:138] [event_listener/table_file_created] column family: default, file path: /nvme/jinghuan/node_40001/db/000134.sst, file size: 138660541, job id: 67, reason: compaction, status: OK
I20230706 10:18:28.582136 3023701 event_listener.cc:84] [event_listener/flush_begin] column family: default, thread_id: 3023701, job_id: 68, reason: 6
I20230706 10:18:30.941936 3023701 event_listener.cc:138] [event_listener/table_file_created] column family: default, file path: /nvme/jinghuan/node_40001/db/000137.sst, file size: 73901606, job id: 68, reason: flush, status: OK
I20230706 10:18:30.955852 3023701 event_listener.cc:91] [event_listener/flush_completed] column family: default, thread_id: 3023701, job_id: 68, file: /nvme/jinghuan/node_40001/db/000137.sst, reason: 6, is_write_slowdown: no, is_write_stall: no, largest seqno: 22123716, smallest seqno: 21484838
I20230706 10:18:32.149209 3023699 event_listener.cc:138] [event_listener/table_file_created] column family: default, file path: /nvme/jinghuan/node_40001/db/000135.sst, file size: 138699032, job id: 67, reason: compaction, status: OK
I20230706 10:18:34.845281 3023699 event_listener.cc:138] [event_listener/table_file_created] column family: default, file path: /nvme/jinghuan/node_40001/db/000138.sst, file size: 138699194, job id: 67, reason: compaction, status: OK
I20230706 10:18:37.548185 3023699 event_listener.cc:138] [event_listener/table_file_created] column family: default, file path: /nvme/jinghuan/node_40001/db/000139.sst, file size: 138699164, job id: 67, reason: compaction, status: OK
I20230706 10:18:40.241822 3023699 event_listener.cc:138] [event_listener/table_file_created] column family: default, file path: /nvme/jinghuan/node_40001/db/000140.sst, file size: 138771933, job id: 67, reason: compaction, status: OK
I20230706 10:18:40.359509 3023937 cluster.cc:286] MASTER MODE enabled by cluster topology setting
I20230706 10:18:40.486567 3023938 cluster.cc:923] function: Migrate level-migration
I20230706 10:18:40.486595 3023938 slot_migrate_parallel.cc:32] [migrate] Start migrating slots, from slot: 0 to slot: 0. Slots are moving to 127.0.0.1:40002
I20230706 10:18:40.486603 3023938 cluster.cc:935] [cluster migration] Finished slot migration cmds sending, start to set nodes
I20230706 10:18:40.486626 3023935 slot_migrate.cc:165] [migrate] Migrating slot: -1, dst_ip: 127.0.0.1, dst_port: 40002, max_speed: 0, max_pipeline_size: 16
I20230706 10:18:40.487203 3023935 slot_migrate.cc:305] [migrate] Start migrating slot 0, connect destination fd 72
I20230706 10:18:40.487226 3023935 slot_migrate.cc:195] [migrate] Succeed to start migrating slot 0
I20230706 10:18:40.487408 3023935 slot_migrate_level.cc:110] Meta SSTs:[000133.sst,000117.sst,000100.sst,000088.sst]
I20230706 10:18:40.487422 3023935 slot_migrate_level.cc:111] Subkey SSTs:[000137.sst,000130.sst,000127.sst,000124.sst,000122.sst,000109.sst,000095.sst,000078.sst,000063.sst,000047.sst,000046.sst,000033.sst]
I20230706 10:18:40.487433 3023935 slot_migrate_level.cc:112] SST collected, Time taken(us): 26
I20230706 10:18:40.487449 3023935 slot_migrate_level.cc:129] SST waiting for ingestion: /nvme/jinghuan/node_40001/db/000133.sst /nvme/jinghuan/node_40001/db/000117.sst /nvme/jinghuan/node_40001/db/000100.sst /nvme/jinghuan/node_40001/db/000088.sst /nvme/jinghuan/node_40001/db/000137.sst /nvme/jinghuan/node_40001/db/000130.sst /nvme/jinghuan/node_40001/db/000127.sst /nvme/jinghuan/node_40001/db/000124.sst /nvme/jinghuan/node_40001/db/000122.sst /nvme/jinghuan/node_40001/db/000109.sst /nvme/jinghuan/node_40001/db/000095.sst /nvme/jinghuan/node_40001/db/000078.sst /nvme/jinghuan/node_40001/db/000063.sst /nvme/jinghuan/node_40001/db/000047.sst /nvme/jinghuan/node_40001/db/000046.sst /nvme/jinghuan/node_40001/db/000033.sst
I20230706 10:18:40.487478 3023935 slot_migrate_level.cc:211] redis-cli -h 127.0.0.1 -p 40002 sst_ingest local metadata /nvme/jinghuan/node_40001/db/000133.sst,/nvme/jinghuan/node_40001/db/000117.sst,/nvme/jinghuan/node_40001/db/000100.sst kvrockskvrockskvrockskvrockskvrocksnode2 fast 0
I20230706 10:18:40.500422 3023937 cluster.cc:923] function: Migrate level-migration
I20230706 10:18:40.611093 3023935 slot_migrate_level.cc:211] redis-cli -h 127.0.0.1 -p 40002 sst_ingest local metadata /nvme/jinghuan/node_40001/db/000088.sst kvrockskvrockskvrockskvrockskvrocksnode2 fast 1
I20230706 10:18:40.720481 3023935 slot_migrate_level.cc:222] Level ingestion on column family [metadata] finished, Time taken(us)233004
I20230706 10:18:40.720543 3023935 slot_migrate_level.cc:211] redis-cli -h 127.0.0.1 -p 40002 sst_ingest local default /nvme/jinghuan/node_40001/db/000137.sst,/nvme/jinghuan/node_40001/db/000130.sst,/nvme/jinghuan/node_40001/db/000127.sst,/nvme/jinghuan/node_40001/db/000124.sst,/nvme/jinghuan/node_40001/db/000122.sst,/nvme/jinghuan/node_40001/db/000109.sst,/nvme/jinghuan/node_40001/db/000095.sst,/nvme/jinghuan/node_40001/db/000078.sst,/nvme/jinghuan/node_40001/db/000063.sst,/nvme/jinghuan/node_40001/db/000047.sst kvrockskvrockskvrockskvrockskvrocksnode2 fast 0
I20230706 10:18:42.868841 3023699 event_listener.cc:138] [event_listener/table_file_created] column family: default, file path: /nvme/jinghuan/node_40001/db/000141.sst, file size: 138795621, job id: 67, reason: compaction, status: OK
I20230706 10:18:42.888079 3023935 slot_migrate_level.cc:211] redis-cli -h 127.0.0.1 -p 40002 sst_ingest local default /nvme/jinghuan/node_40001/db/000046.sst kvrockskvrockskvrockskvrockskvrocksnode2 fast 1
I20230706 10:18:43.064042 3023935 slot_migrate_level.cc:211] redis-cli -h 127.0.0.1 -p 40002 sst_ingest local default /nvme/jinghuan/node_40001/db/000033.sst kvrockskvrockskvrockskvrockskvrocksnode2 fast 2
I20230706 10:18:43.234930 3023935 slot_migrate_level.cc:222] Level ingestion on column family [default] finished, Time taken(us)2514382
I20230706 10:18:43.235015 3023935 slot_migrate.cc:209] Finished sending snapshot, time taken(us): 2747777, seek time taken(us): 0, network response time taken(us): 0
I20230706 10:18:43.235031 3023935 slot_migrate.cc:225] [migrate] Succeed to sync from WAL for a slot 0
I20230706 10:18:43.238984 3023935 slot_migrate.cc:237] [migrate] Succeed to migrate slot 0
I20230706 10:18:43.239022 3023935 slot_migrate.cc:438] [migrate] Clean resources of migrating slot 0
I20230706 10:18:45.447717 3023699 event_listener.cc:138] [event_listener/table_file_created] column family: default, file path: /nvme/jinghuan/node_40001/db/000142.sst, file size: 138795384, job id: 67, reason: compaction, status: OK
I20230706 10:18:47.951408 3023699 event_listener.cc:138] [event_listener/table_file_created] column family: default, file path: /nvme/jinghuan/node_40001/db/000143.sst, file size: 138786615, job id: 67, reason: compaction, status: OK
I20230706 10:18:50.554270 3023699 event_listener.cc:138] [event_listener/table_file_created] column family: default, file path: /nvme/jinghuan/node_40001/db/000144.sst, file size: 138636297, job id: 67, reason: compaction, status: OK
I20230706 10:18:53.059587 3023699 event_listener.cc:138] [event_listener/table_file_created] column family: default, file path: /nvme/jinghuan/node_40001/db/000145.sst, file size: 138680915, job id: 67, reason: compaction, status: OK
I20230706 10:18:55.554724 3023699 event_listener.cc:138] [event_listener/table_file_created] column family: default, file path: /nvme/jinghuan/node_40001/db/000147.sst, file size: 138680989, job id: 67, reason: compaction, status: OK
I20230706 10:18:57.962942 3023699 event_listener.cc:138] [event_listener/table_file_created] column family: default, file path: /nvme/jinghuan/node_40001/db/000148.sst, file size: 138680914, job id: 67, reason: compaction, status: OK
I20230706 10:19:00.371680 3023699 event_listener.cc:138] [event_listener/table_file_created] column family: default, file path: /nvme/jinghuan/node_40001/db/000149.sst, file size: 138689371, job id: 67, reason: compaction, status: OK
I20230706 10:19:02.763746 3023699 event_listener.cc:138] [event_listener/table_file_created] column family: default, file path: /nvme/jinghuan/node_40001/db/000150.sst, file size: 138730946, job id: 67, reason: compaction, status: OK
I20230706 10:19:05.076931 3023699 event_listener.cc:138] [event_listener/table_file_created] column family: default, file path: /nvme/jinghuan/node_40001/db/000151.sst, file size: 138730934, job id: 67, reason: compaction, status: OK
I20230706 10:19:07.471246 3023699 event_listener.cc:138] [event_listener/table_file_created] column family: default, file path: /nvme/jinghuan/node_40001/db/000152.sst, file size: 138730963, job id: 67, reason: compaction, status: OK
I20230706 10:19:09.569681 3023699 event_listener.cc:138] [event_listener/table_file_created] column family: default, file path: /nvme/jinghuan/node_40001/db/000153.sst, file size: 129459185, job id: 67, reason: compaction, status: OK
I20230706 10:19:09.655045 3023699 event_listener.cc:71] [event_listener/compaction_completed] column family: default, compaction reason: 1, output compression type: no, base input level(files): 0(11), output level(files): 1(17), input bytes: 2350646419, output bytes:2348927998, is_manual_compaction:no, elapsed(micro): 44505758
I20230706 10:19:09.661489 3023699 event_listener.cc:71] [event_listener/compaction_completed] column family: default, compaction reason: 2, output compression type: no, base input level(files): 1(1), output level(files): 2(1), input bytes: 0, output bytes:0, is_manual_compaction:no, elapsed(micro): 0
I20230706 10:19:09.661860 3023943 event_listener.cc:127] [event_listener/table_file_deleted] db: /nvme/jinghuan/node_40001/db, sst file: /nvme/jinghuan/node_40001/db/000130.sst, status: OK
I20230706 10:19:09.667996 3023699 event_listener.cc:71] [event_listener/compaction_completed] column family: default, compaction reason: 2, output compression type: no, base input level(files): 1(1), output level(files): 2(1), input bytes: 0, output bytes:0, is_manual_compaction:no, elapsed(micro): 0
I20230706 10:19:09.668334 3023943 event_listener.cc:127] [event_listener/table_file_deleted] db: /nvme/jinghuan/node_40001/db, sst file: /nvme/jinghuan/node_40001/db/000127.sst, status: OK
I20230706 10:19:09.674520 3023699 event_listener.cc:71] [event_listener/compaction_completed] column family: default, compaction reason: 2, output compression type: no, base input level(files): 1(1), output level(files): 2(1), input bytes: 0, output bytes:0, is_manual_compaction:no, elapsed(micro): 0
I20230706 10:19:09.674639 3023943 event_listener.cc:127] [event_listener/table_file_deleted] db: /nvme/jinghuan/node_40001/db, sst file: /nvme/jinghuan/node_40001/db/000124.sst, status: OK
I20230706 10:19:09.680965 3023699 event_listener.cc:71] [event_listener/compaction_completed] column family: default, compaction reason: 2, output compression type: no, base input level(files): 1(1), output level(files): 2(1), input bytes: 0, output bytes:0, is_manual_compaction:no, elapsed(micro): 0
I20230706 10:19:09.687259 3023699 event_listener.cc:71] [event_listener/compaction_completed] column family: default, compaction reason: 2, output compression type: no, base input level(files): 1(1), output level(files): 2(1), input bytes: 0, output bytes:0, is_manual_compaction:no, elapsed(micro): 0
I20230706 10:19:09.693663 3023699 event_listener.cc:71] [event_listener/compaction_completed] column family: default, compaction reason: 2, output compression type: no, base input level(files): 1(1), output level(files): 2(1), input bytes: 0, output bytes:0, is_manual_compaction:no, elapsed(micro): 0
I20230706 10:19:09.700069 3023699 event_listener.cc:71] [event_listener/compaction_completed] column family: default, compaction reason: 2, output compression type: no, base input level(files): 1(1), output level(files): 2(1), input bytes: 0, output bytes:0, is_manual_compaction:no, elapsed(micro): 0
I20230706 10:19:09.700356 3023943 event_listener.cc:127] [event_listener/table_file_deleted] db: /nvme/jinghuan/node_40001/db, sst file: /nvme/jinghuan/node_40001/db/000122.sst, status: OK
I20230706 10:19:09.706471 3023699 event_listener.cc:71] [event_listener/compaction_completed] column family: default, compaction reason: 2, output compression type: no, base input level(files): 1(1), output level(files): 2(1), input bytes: 0, output bytes:0, is_manual_compaction:no, elapsed(micro): 0
I20230706 10:19:09.712996 3023699 event_listener.cc:71] [event_listener/compaction_completed] column family: default, compaction reason: 2, output compression type: no, base input level(files): 1(1), output level(files): 2(1), input bytes: 0, output bytes:0, is_manual_compaction:no, elapsed(micro): 0
I20230706 10:19:09.725661 3023943 event_listener.cc:127] [event_listener/table_file_deleted] db: /nvme/jinghuan/node_40001/db, sst file: /nvme/jinghuan/node_40001/db/000109.sst, status: OK
I20230706 10:19:09.750697 3023943 event_listener.cc:127] [event_listener/table_file_deleted] db: /nvme/jinghuan/node_40001/db, sst file: /nvme/jinghuan/node_40001/db/000095.sst, status: OK
I20230706 10:19:09.775179 3023943 event_listener.cc:127] [event_listener/table_file_deleted] db: /nvme/jinghuan/node_40001/db, sst file: /nvme/jinghuan/node_40001/db/000078.sst, status: OK
I20230706 10:19:09.809528 3023943 event_listener.cc:127] [event_listener/table_file_deleted] db: /nvme/jinghuan/node_40001/db, sst file: /nvme/jinghuan/node_40001/db/000063.sst, status: OK
I20230706 10:19:09.811825 3023943 event_listener.cc:127] [event_listener/table_file_deleted] db: /nvme/jinghuan/node_40001/db, sst file: /nvme/jinghuan/node_40001/db/000056.sst, status: OK
I20230706 10:19:09.834210 3023943 event_listener.cc:127] [event_listener/table_file_deleted] db: /nvme/jinghuan/node_40001/db, sst file: /nvme/jinghuan/node_40001/db/000047.sst, status: OK
I20230706 10:19:09.843345 3023943 event_listener.cc:127] [event_listener/table_file_deleted] db: /nvme/jinghuan/node_40001/db, sst file: /nvme/jinghuan/node_40001/db/000046.sst, status: OK
I20230706 10:19:11.978423 3023699 event_listener.cc:138] [event_listener/table_file_created] column family: default, file path: /nvme/jinghuan/node_40001/db/000154.sst, file size: 138656023, job id: 78, reason: compaction, status: OK
I20230706 10:19:14.277597 3023699 event_listener.cc:138] [event_listener/table_file_created] column family: default, file path: /nvme/jinghuan/node_40001/db/000155.sst, file size: 138702205, job id: 78, reason: compaction, status: OK
I20230706 10:19:16.484637 3023699 event_listener.cc:138] [event_listener/table_file_created] column family: default, file path: /nvme/jinghuan/node_40001/db/000156.sst, file size: 138702061, job id: 78, reason: compaction, status: OK
I20230706 10:19:18.685326 3023699 event_listener.cc:138] [event_listener/table_file_created] column family: default, file path: /nvme/jinghuan/node_40001/db/000157.sst, file size: 138702008, job id: 78, reason: compaction, status: OK
I20230706 10:19:19.259927 3023700 event_listener.cc:84] [event_listener/flush_begin] column family: default, thread_id: 3023700, job_id: 79, reason: 6
I20230706 10:19:20.797420 3023700 event_listener.cc:138] [event_listener/table_file_created] column family: default, file path: /nvme/jinghuan/node_40001/db/000160.sst, file size: 63638229, job id: 79, reason: flush, status: OK
I20230706 10:19:20.804790 3023700 event_listener.cc:91] [event_listener/flush_completed] column family: default, thread_id: 3023700, job_id: 79, file: /nvme/jinghuan/node_40001/db/000160.sst, reason: 6, is_write_slowdown: no, is_write_stall: no, largest seqno: 22738086, smallest seqno: 22123717
I20230706 10:19:21.889864 3023699 event_listener.cc:138] [event_listener/table_file_created] column family: default, file path: /nvme/jinghuan/node_40001/db/000158.sst, file size: 138715301, job id: 78, reason: compaction, status: OK
I20230706 10:19:23.996302 3023699 event_listener.cc:138] [event_listener/table_file_created] column family: default, file path: /nvme/jinghuan/node_40001/db/000161.sst, file size: 138798270, job id: 78, reason: compaction, status: OK
I20230706 10:19:26.119418 3023699 event_listener.cc:138] [event_listener/table_file_created] column family: default, file path: /nvme/jinghuan/node_40001/db/000162.sst, file size: 138798173, job id: 78, reason: compaction, status: OK
I20230706 10:19:28.216493 3023699 event_listener.cc:138] [event_listener/table_file_created] column family: default, file path: /nvme/jinghuan/node_40001/db/000163.sst, file size: 138798236, job id: 78, reason: compaction, status: OK
I20230706 10:19:30.319418 3023699 event_listener.cc:138] [event_listener/table_file_created] column family: default, file path: /nvme/jinghuan/node_40001/db/000164.sst, file size: 138634770, job id: 78, reason: compaction, status: OK
I20230706 10:19:30.371587 3023699 event_listener.cc:71] [event_listener/compaction_completed] column family: default, compaction reason: 2, output compression type: no, base input level(files): 1(9), output level(files): 2(9), input bytes: 1248636844, output bytes:1248507047, is_manual_compaction:no, elapsed(micro): 20606275
I20230706 10:19:30.380780 3023699 event_listener.cc:127] [event_listener/table_file_deleted] db: /nvme/jinghuan/node_40001/db, sst file: /nvme/jinghuan/node_40001/db/000143.sst, status: OK
I20230706 10:19:30.388952 3023699 event_listener.cc:127] [event_listener/table_file_deleted] db: /nvme/jinghuan/node_40001/db, sst file: /nvme/jinghuan/node_40001/db/000142.sst, status: OK
I20230706 10:19:30.396848 3023699 event_listener.cc:127] [event_listener/table_file_deleted] db: /nvme/jinghuan/node_40001/db, sst file: /nvme/jinghuan/node_40001/db/000141.sst, status: OK
I20230706 10:19:30.404655 3023699 event_listener.cc:127] [event_listener/table_file_deleted] db: /nvme/jinghuan/node_40001/db, sst file: /nvme/jinghuan/node_40001/db/000140.sst, status: OK
I20230706 10:19:30.412650 3023699 event_listener.cc:127] [event_listener/table_file_deleted] db: /nvme/jinghuan/node_40001/db, sst file: /nvme/jinghuan/node_40001/db/000139.sst, status: OK
I20230706 10:19:30.420644 3023699 event_listener.cc:127] [event_listener/table_file_deleted] db: /nvme/jinghuan/node_40001/db, sst file: /nvme/jinghuan/node_40001/db/000138.sst, status: OK
I20230706 10:19:30.429275 3023699 event_listener.cc:127] [event_listener/table_file_deleted] db: /nvme/jinghuan/node_40001/db, sst file: /nvme/jinghuan/node_40001/db/000135.sst, status: OK
I20230706 10:19:30.438561 3023699 event_listener.cc:127] [event_listener/table_file_deleted] db: /nvme/jinghuan/node_40001/db, sst file: /nvme/jinghuan/node_40001/db/000134.sst, status: OK
I20230706 10:19:30.448256 3023699 event_listener.cc:127] [event_listener/table_file_deleted] db: /nvme/jinghuan/node_40001/db, sst file: /nvme/jinghuan/node_40001/db/000033.sst, status: OK
I20230706 10:19:32.507427 3023698 event_listener.cc:138] [event_listener/table_file_created] column family: default, file path: /nvme/jinghuan/node_40001/db/000165.sst, file size: 138636297, job id: 80, reason: compaction, status: OK
I20230706 10:19:32.518990 3023698 event_listener.cc:71] [event_listener/compaction_completed] column family: default, compaction reason: 11, output compression type: no, base input level(files): 2(1), output level(files): 2(1), input bytes: 138636297, output bytes:138636297, is_manual_compaction:no, elapsed(micro): 2058979
I20230706 10:19:32.535219 3023698 event_listener.cc:127] [event_listener/table_file_deleted] db: /nvme/jinghuan/node_40001/db, sst file: /nvme/jinghuan/node_40001/db/000144.sst, status: OK
I20230706 10:19:34.545492 3023698 event_listener.cc:138] [event_listener/table_file_created] column family: default, file path: /nvme/jinghuan/node_40001/db/000166.sst, file size: 138680915, job id: 81, reason: compaction, status: OK
I20230706 10:19:34.566134 3023698 event_listener.cc:71] [event_listener/compaction_completed] column family: default, compaction reason: 11, output compression type: no, base input level(files): 2(1), output level(files): 2(1), input bytes: 138680915, output bytes:138680915, is_manual_compaction:no, elapsed(micro): 2010238
I20230706 10:19:34.579530 3023698 event_listener.cc:127] [event_listener/table_file_deleted] db: /nvme/jinghuan/node_40001/db, sst file: /nvme/jinghuan/node_40001/db/000145.sst, status: OK
I20230706 10:19:36.534035 3023698 event_listener.cc:138] [event_listener/table_file_created] column family: default, file path: /nvme/jinghuan/node_40001/db/000167.sst, file size: 138680989, job id: 82, reason: compaction, status: OK
I20230706 10:19:36.551121 3023698 event_listener.cc:71] [event_listener/compaction_completed] column family: default, compaction reason: 11, output compression type: no, base input level(files): 2(1), output level(files): 2(1), input bytes: 138680989, output bytes:138680989, is_manual_compaction:no, elapsed(micro): 1954473
I20230706 10:19:36.566013 3023698 event_listener.cc:127] [event_listener/table_file_deleted] db: /nvme/jinghuan/node_40001/db, sst file: /nvme/jinghuan/node_40001/db/000147.sst, status: OK
I20230706 10:19:38.533310 3023698 event_listener.cc:138] [event_listener/table_file_created] column family: default, file path: /nvme/jinghuan/node_40001/db/000168.sst, file size: 138680914, job id: 83, reason: compaction, status: OK
I20230706 10:19:38.550204 3023698 event_listener.cc:71] [event_listener/compaction_completed] column family: default, compaction reason: 11, output compression type: no, base input level(files): 2(1), output level(files): 2(1), input bytes: 138680914, output bytes:138680914, is_manual_compaction:no, elapsed(micro): 1967261
I20230706 10:19:38.566565 3023698 event_listener.cc:127] [event_listener/table_file_deleted] db: /nvme/jinghuan/node_40001/db, sst file: /nvme/jinghuan/node_40001/db/000148.sst, status: OK
I20230706 10:19:40.533962 3023698 event_listener.cc:138] [event_listener/table_file_created] column family: default, file path: /nvme/jinghuan/node_40001/db/000169.sst, file size: 138689371, job id: 84, reason: compaction, status: OK
I20230706 10:19:40.553129 3023698 event_listener.cc:71] [event_listener/compaction_completed] column family: default, compaction reason: 11, output compression type: no, base input level(files): 2(1), output level(files): 2(1), input bytes: 138689371, output bytes:138689371, is_manual_compaction:no, elapsed(micro): 1967368
I20230706 10:19:40.569067 3023698 event_listener.cc:127] [event_listener/table_file_deleted] db: /nvme/jinghuan/node_40001/db, sst file: /nvme/jinghuan/node_40001/db/000149.sst, status: OK
I20230706 10:19:42.548779 3023698 event_listener.cc:138] [event_listener/table_file_created] column family: default, file path: /nvme/jinghuan/node_40001/db/000170.sst, file size: 138730946, job id: 85, reason: compaction, status: OK
I20230706 10:19:42.561618 3023698 event_listener.cc:71] [event_listener/compaction_completed] column family: default, compaction reason: 11, output compression type: no, base input level(files): 2(1), output level(files): 2(1), input bytes: 138730946, output bytes:138730946, is_manual_compaction:no, elapsed(micro): 1979692
I20230706 10:19:42.576251 3023698 event_listener.cc:127] [event_listener/table_file_deleted] db: /nvme/jinghuan/node_40001/db, sst file: /nvme/jinghuan/node_40001/db/000150.sst, status: OK
I20230706 10:19:44.530092 3023698 event_listener.cc:138] [event_listener/table_file_created] column family: default, file path: /nvme/jinghuan/node_40001/db/000171.sst, file size: 138730934, job id: 86, reason: compaction, status: OK
I20230706 10:19:44.548427 3023698 event_listener.cc:71] [event_listener/compaction_completed] column family: default, compaction reason: 11, output compression type: no, base input level(files): 2(1), output level(files): 2(1), input bytes: 138730934, output bytes:138730934, is_manual_compaction:no, elapsed(micro): 1953776
I20230706 10:19:44.558574 3023698 event_listener.cc:127] [event_listener/table_file_deleted] db: /nvme/jinghuan/node_40001/db, sst file: /nvme/jinghuan/node_40001/db/000151.sst, status: OK
I20230706 10:19:46.439287 3023698 event_listener.cc:138] [event_listener/table_file_created] column family: default, file path: /nvme/jinghuan/node_40001/db/000173.sst, file size: 138730963, job id: 87, reason: compaction, status: OK
I20230706 10:19:46.461231 3023698 event_listener.cc:71] [event_listener/compaction_completed] column family: default, compaction reason: 11, output compression type: no, base input level(files): 2(1), output level(files): 2(1), input bytes: 138730963, output bytes:138730963, is_manual_compaction:no, elapsed(micro): 1880706
I20230706 10:19:46.477646 3023698 event_listener.cc:127] [event_listener/table_file_deleted] db: /nvme/jinghuan/node_40001/db, sst file: /nvme/jinghuan/node_40001/db/000152.sst, status: OK
I20230706 10:19:48.219647 3023698 event_listener.cc:138] [event_listener/table_file_created] column family: default, file path: /nvme/jinghuan/node_40001/db/000174.sst, file size: 129459185, job id: 88, reason: compaction, status: OK
I20230706 10:19:48.229887 3023698 event_listener.cc:71] [event_listener/compaction_completed] column family: default, compaction reason: 11, output compression type: no, base input level(files): 2(1), output level(files): 2(1), input bytes: 129459185, output bytes:129459185, is_manual_compaction:no, elapsed(micro): 1741957
I20230706 10:19:48.244012 3023698 event_listener.cc:127] [event_listener/table_file_deleted] db: /nvme/jinghuan/node_40001/db, sst file: /nvme/jinghuan/node_40001/db/000153.sst, status: OK
I20230706 10:20:10.873545 3023701 event_listener.cc:84] [event_listener/flush_begin] column family: default, thread_id: 3023701, job_id: 89, reason: 6
I20230706 10:20:11.749891 3023701 event_listener.cc:138] [event_listener/table_file_created] column family: default, file path: /nvme/jinghuan/node_40001/db/000176.sst, file size: 62438572, job id: 89, reason: flush, status: OK
I20230706 10:20:11.760668 3023701 event_listener.cc:91] [event_listener/flush_completed] column family: default, thread_id: 3023701, job_id: 89, file: /nvme/jinghuan/node_40001/db/000176.sst, reason: 6, is_write_slowdown: no, is_write_stall: no, largest seqno: 23366967, smallest seqno: 22738087
I20230706 10:21:07.197584 3023700 event_listener.cc:84] [event_listener/flush_begin] column family: default, thread_id: 3023700, job_id: 90, reason: 6
I20230706 10:21:08.075209 3023700 event_listener.cc:138] [event_listener/table_file_created] column family: default, file path: /nvme/jinghuan/node_40001/db/000179.sst, file size: 62857833, job id: 90, reason: flush, status: OK
I20230706 10:21:08.081655 3023700 event_listener.cc:91] [event_listener/flush_completed] column family: default, thread_id: 3023700, job_id: 90, file: /nvme/jinghuan/node_40001/db/000179.sst, reason: 6, is_write_slowdown: no, is_write_stall: no, largest seqno: 24000742, smallest seqno: 23366968
I20230706 10:21:11.175755 3023699 event_listener.cc:138] [event_listener/table_file_created] column family: default, file path: /nvme/jinghuan/node_40001/db/000180.sst, file size: 137749802, job id: 91, reason: compaction, status: OK
I20230706 10:21:13.296578 3023699 event_listener.cc:138] [event_listener/table_file_created] column family: default, file path: /nvme/jinghuan/node_40001/db/000181.sst, file size: 91615132, job id: 91, reason: compaction, status: OK
I20230706 10:21:13.315534 3023699 event_listener.cc:71] [event_listener/compaction_completed] column family: default, compaction reason: 1, output compression type: no, base input level(files): 0(4), output level(files): 1(2), input bytes: 262836240, output bytes:229364934, is_manual_compaction:no, elapsed(micro): 5214421
I20230706 10:21:13.320783 3023699 event_listener.cc:127] [event_listener/table_file_deleted] db: /nvme/jinghuan/node_40001/db, sst file: /nvme/jinghuan/node_40001/db/000179.sst, status: OK
I20230706 10:21:13.327715 3023699 event_listener.cc:127] [event_listener/table_file_deleted] db: /nvme/jinghuan/node_40001/db, sst file: /nvme/jinghuan/node_40001/db/000176.sst, status: OK
I20230706 10:21:13.332240 3023699 event_listener.cc:127] [event_listener/table_file_deleted] db: /nvme/jinghuan/node_40001/db, sst file: /nvme/jinghuan/node_40001/db/000160.sst, status: OK
I20230706 10:21:13.337786 3023699 event_listener.cc:127] [event_listener/table_file_deleted] db: /nvme/jinghuan/node_40001/db, sst file: /nvme/jinghuan/node_40001/db/000137.sst, status: OK
I20230706 10:22:03.338884 3023701 event_listener.cc:84] [event_listener/flush_begin] column family: default, thread_id: 3023701, job_id: 92, reason: 6
I20230706 10:22:04.301436 3023701 event_listener.cc:138] [event_listener/table_file_created] column family: default, file path: /nvme/jinghuan/node_40001/db/000184.sst, file size: 62919615, job id: 92, reason: flush, status: OK
I20230706 10:22:04.314162 3023701 event_listener.cc:91] [event_listener/flush_completed] column family: default, thread_id: 3023701, job_id: 92, file: /nvme/jinghuan/node_40001/db/000184.sst, reason: 6, is_write_slowdown: no, is_write_stall: no, largest seqno: 24635112, smallest seqno: 24000744
I20230706 10:22:19.472398 3023700 event_listener.cc:84] [event_listener/flush_begin] column family: metadata, thread_id: 3023700, job_id: 93, reason: 13
I20230706 10:22:19.482712 3023700 event_listener.cc:138] [event_listener/table_file_created] column family: metadata, file path: /nvme/jinghuan/node_40001/db/000186.sst, file size: 5223, job id: 93, reason: flush, status: OK
I20230706 10:22:19.495901 3023700 event_listener.cc:91] [event_listener/flush_completed] column family: metadata, thread_id: 3023700, job_id: 93, file: /nvme/jinghuan/node_40001/db/000186.sst, reason: 13, is_write_slowdown: no, is_write_stall: no, largest seqno: 24779475, smallest seqno: 22031219
I20230706 10:22:19.505744 3023701 event_listener.cc:84] [event_listener/flush_begin] column family: default, thread_id: 3023701, job_id: 95, reason: 13
I20230706 10:22:19.939004 3023701 event_listener.cc:138] [event_listener/table_file_created] column family: default, file path: /nvme/jinghuan/node_40001/db/000189.sst, file size: 20399270, job id: 95, reason: flush, status: OK
I20230706 10:22:19.945160 3023701 event_listener.cc:91] [event_listener/flush_completed] column family: default, thread_id: 3023701, job_id: 95, file: /nvme/jinghuan/node_40001/db/000189.sst, reason: 13, is_write_slowdown: no, is_write_stall: no, largest seqno: 24817193, smallest seqno: 24635114
I20230706 10:22:22.037257 3023698 event_listener.cc:138] [event_listener/table_file_created] column family: metadata, file path: /nvme/jinghuan/node_40001/db/000188.sst, file size: 132936068, job id: 94, reason: compaction, status: OK
I20230706 10:22:22.059314 3023698 event_listener.cc:71] [event_listener/compaction_completed] column family: metadata, compaction reason: 1, output compression type: no, base input level(files): 0(5), output level(files): 1(1), input bytes: 133791364, output bytes:132936068, is_manual_compaction:no, elapsed(micro): 2541160
I20230706 10:22:22.059605 3023698 event_listener.cc:127] [event_listener/table_file_deleted] db: /nvme/jinghuan/node_40001/db, sst file: /nvme/jinghuan/node_40001/db/000186.sst, status: OK
I20230706 10:22:22.063521 3023698 event_listener.cc:127] [event_listener/table_file_deleted] db: /nvme/jinghuan/node_40001/db, sst file: /nvme/jinghuan/node_40001/db/000133.sst, status: OK
I20230706 10:22:22.065307 3023698 event_listener.cc:127] [event_listener/table_file_deleted] db: /nvme/jinghuan/node_40001/db, sst file: /nvme/jinghuan/node_40001/db/000117.sst, status: OK
I20230706 10:22:22.067078 3023698 event_listener.cc:127] [event_listener/table_file_deleted] db: /nvme/jinghuan/node_40001/db, sst file: /nvme/jinghuan/node_40001/db/000100.sst, status: OK
I20230706 10:22:22.073096 3023698 event_listener.cc:127] [event_listener/table_file_deleted] db: /nvme/jinghuan/node_40001/db, sst file: /nvme/jinghuan/node_40001/db/000088.sst, status: OK
I20230706 10:23:18.591142 3023700 event_listener.cc:84] [event_listener/flush_begin] column family: default, thread_id: 3023700, job_id: 96, reason: 6
I20230706 10:23:19.581446 3023700 event_listener.cc:138] [event_listener/table_file_created] column family: default, file path: /nvme/jinghuan/node_40001/db/000192.sst, file size: 62886394, job id: 96, reason: flush, status: OK
I20230706 10:23:19.595921 3023700 event_listener.cc:91] [event_listener/flush_completed] column family: default, thread_id: 3023700, job_id: 96, file: /nvme/jinghuan/node_40001/db/000192.sst, reason: 6, is_write_slowdown: no, is_write_stall: no, largest seqno: 25450044, smallest seqno: 24817194
I20230706 10:24:21.745882 3023701 event_listener.cc:84] [event_listener/flush_begin] column family: default, thread_id: 3023701, job_id: 97, reason: 6
I20230706 10:24:22.884989 3023701 event_listener.cc:138] [event_listener/table_file_created] column family: default, file path: /nvme/jinghuan/node_40001/db/000195.sst, file size: 62879518, job id: 97, reason: flush, status: OK
I20230706 10:24:22.891614 3023701 event_listener.cc:91] [event_listener/flush_completed] column family: default, thread_id: 3023701, job_id: 97, file: /nvme/jinghuan/node_40001/db/000195.sst, reason: 6, is_write_slowdown: no, is_write_stall: no, largest seqno: 26082978, smallest seqno: 25450047
