Log file created at: 2023/07/07 12:28:59
Running on machine: en4217754l
Running duration (h:mm:ss): 0:00:00
Log line format: [IWEF]yyyymmdd hh:mm:ss.uuuuuu threadid file:line] msg
I20230707 12:28:59.708485 73782 main.cc:328] kvrocks unstable (commit 4a10c89)
I20230707 12:29:00.129662 73782 storage.cc:322] [storage] Success to load the data from disk: 91 ms
I20230707 12:29:00.130270 73782 worker.cc:72] [worker] Listening on: 10.218.109.65:40001
I20230707 12:29:00.130298 73782 worker.cc:72] [worker] Listening on: 127.0.0.1:40001
I20230707 12:29:00.130555 73782 worker.cc:72] [worker] Listening on: 10.218.109.65:40001
I20230707 12:29:00.130578 73782 worker.cc:72] [worker] Listening on: 127.0.0.1:40001
I20230707 12:29:00.130753 73782 worker.cc:72] [worker] Listening on: 10.218.109.65:40001
I20230707 12:29:00.130772 73782 worker.cc:72] [worker] Listening on: 127.0.0.1:40001
I20230707 12:29:00.130934 73782 worker.cc:72] [worker] Listening on: 10.218.109.65:40001
I20230707 12:29:00.130954 73782 worker.cc:72] [worker] Listening on: 127.0.0.1:40001
I20230707 12:29:00.131114 73782 worker.cc:72] [worker] Listening on: 10.218.109.65:40001
I20230707 12:29:00.131134 73782 worker.cc:72] [worker] Listening on: 127.0.0.1:40001
I20230707 12:29:00.131289 73782 worker.cc:72] [worker] Listening on: 10.218.109.65:40001
I20230707 12:29:00.131307 73782 worker.cc:72] [worker] Listening on: 127.0.0.1:40001
I20230707 12:29:00.131466 73782 worker.cc:72] [worker] Listening on: 10.218.109.65:40001
I20230707 12:29:00.131513 73782 worker.cc:72] [worker] Listening on: 127.0.0.1:40001
I20230707 12:29:00.131680 73782 worker.cc:72] [worker] Listening on: 10.218.109.65:40001
I20230707 12:29:00.131701 73782 worker.cc:72] [worker] Listening on: 127.0.0.1:40001
W20230707 12:29:00.131840 73782 server.cc:1650] [server] Increased maximum number of open files to 14224 (it's originally set to 1024)
I20230707 12:29:00.132074 73782 cluster.cc:643] The cluster nodes file /nvme/jinghuan/node_40001/nodes.conf is not found. Use CLUSTERX subcommands to specify it.
I20230707 12:29:00.132099 73782 cluster.cc:643] The cluster nodes file /nvme/jinghuan/node_40001/nodes.conf is not found. Use CLUSTERX subcommands to specify it.
I20230707 12:29:00.135986 73782 worker.cc:519] [worker] Thread #140395971311360 started
I20230707 12:29:00.136036 73782 worker.cc:519] [worker] Thread #140395979704064 started
I20230707 12:29:00.136103 73782 worker.cc:519] [worker] Thread #140396402059008 started
I20230707 12:29:00.136165 73782 worker.cc:519] [worker] Thread #140396393666304 started
I20230707 12:29:00.136227 73782 worker.cc:519] [worker] Thread #140396385273600 started
I20230707 12:29:00.136287 73782 worker.cc:519] [worker] Thread #140396038452992 started
I20230707 12:29:00.136346 73782 worker.cc:519] [worker] Thread #140396030060288 started
I20230707 12:29:00.136408 73782 worker.cc:519] [worker] Thread #140396021667584 started
I20230707 12:29:00.136605 73782 server.cc:211] [server] Ready to accept connections
I20230707 12:29:00.744032 74026 cluster.cc:286] MASTER MODE enabled by cluster topology setting
I20230707 12:29:03.335289 73795 event_listener.cc:84] [event_listener/flush_begin] column family: default, thread_id: 73795, job_id: 3, reason: 6
I20230707 12:29:03.754573 73795 event_listener.cc:138] [event_listener/table_file_created] column family: default, file path: /nvme/jinghuan/node_40001/db/000016.sst, file size: 83032673, job id: 3, reason: flush, status: OK
I20230707 12:29:03.770412 73795 event_listener.cc:91] [event_listener/flush_completed] column family: default, thread_id: 73795, job_id: 3, file: /nvme/jinghuan/node_40001/db/000016.sst, reason: 6, is_write_slowdown: no, is_write_stall: no, largest seqno: 716385, smallest seqno: 1
I20230707 12:29:04.474159 73793 event_listener.cc:138] [event_listener/table_file_created] column family: default, file path: /nvme/jinghuan/node_40001/db/000017.sst, file size: 83032669, job id: 4, reason: compaction, status: OK
I20230707 12:29:04.493418 73793 event_listener.cc:71] [event_listener/compaction_completed] column family: default, compaction reason: 11, output compression type: no, base input level(files): 0(1), output level(files): 0(1), input bytes: 83032673, output bytes:83032669, is_manual_compaction:no, elapsed(micro): 703852
I20230707 12:29:04.506304 73793 event_listener.cc:127] [event_listener/table_file_deleted] db: /nvme/jinghuan/node_40001/db, sst file: /nvme/jinghuan/node_40001/db/000016.sst, status: OK
I20230707 12:29:05.932592 73796 event_listener.cc:84] [event_listener/flush_begin] column family: default, thread_id: 73796, job_id: 5, reason: 6
I20230707 12:29:06.382019 73796 event_listener.cc:138] [event_listener/table_file_created] column family: default, file path: /nvme/jinghuan/node_40001/db/000020.sst, file size: 83040196, job id: 5, reason: flush, status: OK
I20230707 12:29:06.398100 73796 event_listener.cc:91] [event_listener/flush_completed] column family: default, thread_id: 73796, job_id: 5, file: /nvme/jinghuan/node_40001/db/000020.sst, reason: 6, is_write_slowdown: no, is_write_stall: no, largest seqno: 1432837, smallest seqno: 716387
I20230707 12:29:08.469501 73795 event_listener.cc:84] [event_listener/flush_begin] column family: default, thread_id: 73795, job_id: 6, reason: 6
I20230707 12:29:08.918061 73795 event_listener.cc:138] [event_listener/table_file_created] column family: default, file path: /nvme/jinghuan/node_40001/db/000023.sst, file size: 83054062, job id: 6, reason: flush, status: OK
I20230707 12:29:08.933703 73795 event_listener.cc:91] [event_listener/flush_completed] column family: default, thread_id: 73795, job_id: 6, file: /nvme/jinghuan/node_40001/db/000023.sst, reason: 6, is_write_slowdown: no, is_write_stall: no, largest seqno: 2149333, smallest seqno: 1432839
I20230707 12:29:10.982895 73796 event_listener.cc:84] [event_listener/flush_begin] column family: default, thread_id: 73796, job_id: 7, reason: 6
I20230707 12:29:11.926431 73795 event_listener.cc:84] [event_listener/flush_begin] column family: metadata, thread_id: 73795, job_id: 8, reason: 13
W20230707 12:29:12.176462 74023 event_listener.cc:132] [event_listener/stall_cond_changed] column family: default write stall condition was changed, from normal to delay
I20230707 12:29:13.656162 73795 event_listener.cc:138] [event_listener/table_file_created] column family: metadata, file path: /nvme/jinghuan/node_40001/db/000028.sst, file size: 19243637, job id: 8, reason: flush, status: OK
I20230707 12:29:13.664758 73795 event_listener.cc:91] [event_listener/flush_completed] column family: metadata, thread_id: 73795, job_id: 8, file: /nvme/jinghuan/node_40001/db/000028.sst, reason: 13, is_write_slowdown: no, is_write_stall: no, largest seqno: 3147551, smallest seqno: 11
I20230707 12:29:13.715245 73795 event_listener.cc:84] [event_listener/flush_begin] column family: default, thread_id: 73795, job_id: 9, reason: 6
I20230707 12:29:15.650303 73794 event_listener.cc:138] [event_listener/table_file_created] column family: metadata, file path: /nvme/jinghuan/node_40001/db/000032.sst, file size: 19243633, job id: 10, reason: compaction, status: OK
I20230707 12:29:15.664750 73794 event_listener.cc:71] [event_listener/compaction_completed] column family: metadata, compaction reason: 11, output compression type: no, base input level(files): 0(1), output level(files): 0(1), input bytes: 19243637, output bytes:19243633, is_manual_compaction:no, elapsed(micro): 1881567
I20230707 12:29:16.557842 73796 event_listener.cc:138] [event_listener/table_file_created] column family: default, file path: /nvme/jinghuan/node_40001/db/000026.sst, file size: 83048211, job id: 7, reason: flush, status: OK
I20230707 12:29:16.568073 73796 event_listener.cc:91] [event_listener/flush_completed] column family: default, thread_id: 73796, job_id: 7, file: /nvme/jinghuan/node_40001/db/000026.sst, reason: 6, is_write_slowdown: no, is_write_stall: no, largest seqno: 2865774, smallest seqno: 2149335
I20230707 12:29:16.570035 73796 event_listener.cc:127] [event_listener/table_file_deleted] db: /nvme/jinghuan/node_40001/db, sst file: /nvme/jinghuan/node_40001/db/000028.sst, status: OK
W20230707 12:29:16.570101 73796 event_listener.cc:132] [event_listener/stall_cond_changed] column family: default write stall condition was changed, from stop to normal
W20230707 12:29:16.570297 74023 event_listener.cc:132] [event_listener/stall_cond_changed] column family: default write stall condition was changed, from delay to stop
W20230707 12:29:17.730768 74020 event_listener.cc:132] [event_listener/stall_cond_changed] column family: default write stall condition was changed, from normal to delay
I20230707 12:29:18.898358 73796 event_listener.cc:84] [event_listener/flush_begin] column family: default, thread_id: 73796, job_id: 12, reason: 6
I20230707 12:29:20.754201 73795 event_listener.cc:138] [event_listener/table_file_created] column family: default, file path: /nvme/jinghuan/node_40001/db/000031.sst, file size: 83039699, job id: 9, reason: flush, status: OK
I20230707 12:29:20.760578 73795 event_listener.cc:91] [event_listener/flush_completed] column family: default, thread_id: 73795, job_id: 9, file: /nvme/jinghuan/node_40001/db/000031.sst, reason: 6, is_write_slowdown: no, is_write_stall: no, largest seqno: 3582204, smallest seqno: 2865776
W20230707 12:29:20.760802 73795 event_listener.cc:132] [event_listener/stall_cond_changed] column family: default write stall condition was changed, from stop to normal
W20230707 12:29:20.762240 74026 event_listener.cc:132] [event_listener/stall_cond_changed] column family: default write stall condition was changed, from delay to stop
W20230707 12:29:21.957664 74024 event_listener.cc:132] [event_listener/stall_cond_changed] column family: default write stall condition was changed, from normal to delay
I20230707 12:29:23.182884 73795 event_listener.cc:84] [event_listener/flush_begin] column family: default, thread_id: 73795, job_id: 13, reason: 6
I20230707 12:29:24.866500 73796 event_listener.cc:138] [event_listener/table_file_created] column family: default, file path: /nvme/jinghuan/node_40001/db/000036.sst, file size: 76647378, job id: 12, reason: flush, status: OK
I20230707 12:29:24.878248 73796 event_listener.cc:91] [event_listener/flush_completed] column family: default, thread_id: 73796, job_id: 12, file: /nvme/jinghuan/node_40001/db/000036.sst, reason: 6, is_write_slowdown: no, is_write_stall: no, largest seqno: 4243469, smallest seqno: 3582206
W20230707 12:29:24.878302 73796 event_listener.cc:132] [event_listener/stall_cond_changed] column family: default write stall condition was changed, from stop to normal
W20230707 12:29:24.878743 74026 event_listener.cc:132] [event_listener/stall_cond_changed] column family: default write stall condition was changed, from delay to stop
W20230707 12:29:26.170665 74026 event_listener.cc:132] [event_listener/stall_cond_changed] column family: default write stall condition was changed, from normal to delay
I20230707 12:29:27.482033 73796 event_listener.cc:84] [event_listener/flush_begin] column family: default, thread_id: 73796, job_id: 14, reason: 6
I20230707 12:29:29.067134 73795 event_listener.cc:138] [event_listener/table_file_created] column family: default, file path: /nvme/jinghuan/node_40001/db/000039.sst, file size: 78436365, job id: 13, reason: flush, status: OK
I20230707 12:29:29.082643 73795 event_listener.cc:91] [event_listener/flush_completed] column family: default, thread_id: 73795, job_id: 13, file: /nvme/jinghuan/node_40001/db/000039.sst, reason: 6, is_write_slowdown: no, is_write_stall: no, largest seqno: 4920156, smallest seqno: 4243471
W20230707 12:29:29.082787 73795 event_listener.cc:132] [event_listener/stall_cond_changed] column family: default write stall condition was changed, from stop to normal
W20230707 12:29:29.083976 74025 event_listener.cc:132] [event_listener/stall_cond_changed] column family: default write stall condition was changed, from delay to stop
W20230707 12:29:30.330533 74026 event_listener.cc:132] [event_listener/stall_cond_changed] column family: default write stall condition was changed, from normal to delay
I20230707 12:29:30.965019 73793 event_listener.cc:138] [event_listener/table_file_created] column family: default, file path: /nvme/jinghuan/node_40001/db/000033.sst, file size: 138724889, job id: 11, reason: compaction, status: OK
I20230707 12:29:31.559350 73795 event_listener.cc:84] [event_listener/flush_begin] column family: default, thread_id: 73795, job_id: 15, reason: 6
I20230707 12:29:33.365993 73796 event_listener.cc:138] [event_listener/table_file_created] column family: default, file path: /nvme/jinghuan/node_40001/db/000042.sst, file size: 76735006, job id: 14, reason: flush, status: OK
I20230707 12:29:33.381430 73796 event_listener.cc:91] [event_listener/flush_completed] column family: default, thread_id: 73796, job_id: 14, file: /nvme/jinghuan/node_40001/db/000042.sst, reason: 6, is_write_slowdown: no, is_write_stall: no, largest seqno: 5582158, smallest seqno: 4920158
W20230707 12:29:33.381546 73796 event_listener.cc:132] [event_listener/stall_cond_changed] column family: default write stall condition was changed, from stop to normal
W20230707 12:29:33.382036 74025 event_listener.cc:132] [event_listener/stall_cond_changed] column family: default write stall condition was changed, from delay to stop
I20230707 12:29:33.532977 73796 event_listener.cc:84] [event_listener/flush_begin] column family: metadata, thread_id: 73796, job_id: 17, reason: 13
W20230707 12:29:34.562680 74027 event_listener.cc:132] [event_listener/stall_cond_changed] column family: default write stall condition was changed, from normal to delay
I20230707 12:29:36.868716 73796 event_listener.cc:138] [event_listener/table_file_created] column family: metadata, file path: /nvme/jinghuan/node_40001/db/000049.sst, file size: 19238045, job id: 17, reason: flush, status: OK
I20230707 12:29:36.874965 73796 event_listener.cc:91] [event_listener/flush_completed] column family: metadata, thread_id: 73796, job_id: 17, file: /nvme/jinghuan/node_40001/db/000049.sst, reason: 13, is_write_slowdown: no, is_write_stall: no, largest seqno: 6295113, smallest seqno: 3147562
I20230707 12:29:36.931720 73796 event_listener.cc:84] [event_listener/flush_begin] column family: default, thread_id: 73796, job_id: 18, reason: 6
I20230707 12:29:39.374405 73795 event_listener.cc:138] [event_listener/table_file_created] column family: default, file path: /nvme/jinghuan/node_40001/db/000046.sst, file size: 78480028, job id: 15, reason: flush, status: OK
I20230707 12:29:39.386940 73795 event_listener.cc:91] [event_listener/flush_completed] column family: default, thread_id: 73795, job_id: 15, file: /nvme/jinghuan/node_40001/db/000046.sst, reason: 6, is_write_slowdown: no, is_write_stall: no, largest seqno: 6259241, smallest seqno: 5582160
W20230707 12:29:39.387231 73795 event_listener.cc:132] [event_listener/stall_cond_changed] column family: default write stall condition was changed, from stop to normal
W20230707 12:29:39.387351 74027 event_listener.cc:132] [event_listener/stall_cond_changed] column family: default write stall condition was changed, from delay to stop
W20230707 12:29:40.581143 74022 event_listener.cc:132] [event_listener/stall_cond_changed] column family: default write stall condition was changed, from normal to delay
I20230707 12:29:41.824010 73795 event_listener.cc:84] [event_listener/flush_begin] column family: default, thread_id: 73795, job_id: 19, reason: 6
I20230707 12:29:44.380394 73796 event_listener.cc:138] [event_listener/table_file_created] column family: default, file path: /nvme/jinghuan/node_40001/db/000052.sst, file size: 76340186, job id: 18, reason: flush, status: OK
I20230707 12:29:44.396773 73796 event_listener.cc:91] [event_listener/flush_completed] column family: default, thread_id: 73796, job_id: 18, file: /nvme/jinghuan/node_40001/db/000052.sst, reason: 6, is_write_slowdown: no, is_write_stall: no, largest seqno: 6917844, smallest seqno: 6259243
W20230707 12:29:44.397186 73796 event_listener.cc:132] [event_listener/stall_cond_changed] column family: default write stall condition was changed, from stop to normal
W20230707 12:29:44.397329 74022 event_listener.cc:132] [event_listener/stall_cond_changed] column family: default write stall condition was changed, from delay to stop
W20230707 12:29:45.575986 74022 event_listener.cc:132] [event_listener/stall_cond_changed] column family: default write stall condition was changed, from normal to delay
I20230707 12:29:46.375460 73793 event_listener.cc:138] [event_listener/table_file_created] column family: default, file path: /nvme/jinghuan/node_40001/db/000044.sst, file size: 138701318, job id: 11, reason: compaction, status: OK
I20230707 12:29:46.795194 73796 event_listener.cc:84] [event_listener/flush_begin] column family: default, thread_id: 73796, job_id: 20, reason: 6
I20230707 12:29:49.281169 73795 event_listener.cc:138] [event_listener/table_file_created] column family: default, file path: /nvme/jinghuan/node_40001/db/000055.sst, file size: 77202621, job id: 19, reason: flush, status: OK
I20230707 12:29:49.297499 73795 event_listener.cc:91] [event_listener/flush_completed] column family: default, thread_id: 73795, job_id: 19, file: /nvme/jinghuan/node_40001/db/000055.sst, reason: 6, is_write_slowdown: no, is_write_stall: no, largest seqno: 7583905, smallest seqno: 6917846
W20230707 12:29:49.297605 73795 event_listener.cc:132] [event_listener/stall_cond_changed] column family: default write stall condition was changed, from stop to normal
W20230707 12:29:49.298238 74026 event_listener.cc:132] [event_listener/stall_cond_changed] column family: default write stall condition was changed, from delay to stop
W20230707 12:29:50.598942 74022 event_listener.cc:132] [event_listener/stall_cond_changed] column family: default write stall condition was changed, from normal to delay
I20230707 12:29:51.896931 73795 event_listener.cc:84] [event_listener/flush_begin] column family: default, thread_id: 73795, job_id: 21, reason: 6
I20230707 12:29:52.573029 73793 event_listener.cc:138] [event_listener/table_file_created] column family: default, file path: /nvme/jinghuan/node_40001/db/000057.sst, file size: 54586421, job id: 11, reason: compaction, status: OK
I20230707 12:29:52.602458 73793 event_listener.cc:71] [event_listener/compaction_completed] column family: default, compaction reason: 1, output compression type: no, base input level(files): 0(4), output level(files): 1(3), input bytes: 332175138, output bytes:332012628, is_manual_compaction:no, elapsed(micro): 36004894
I20230707 12:29:52.608888 73793 event_listener.cc:71] [event_listener/compaction_completed] column family: default, compaction reason: 2, output compression type: no, base input level(files): 1(1), output level(files): 2(1), input bytes: 0, output bytes:0, is_manual_compaction:no, elapsed(micro): 0
I20230707 12:29:54.082429 73796 event_listener.cc:138] [event_listener/table_file_created] column family: default, file path: /nvme/jinghuan/node_40001/db/000059.sst, file size: 75708099, job id: 20, reason: flush, status: OK
I20230707 12:29:54.088954 73796 event_listener.cc:91] [event_listener/flush_completed] column family: default, thread_id: 73796, job_id: 20, file: /nvme/jinghuan/node_40001/db/000059.sst, reason: 6, is_write_slowdown: no, is_write_stall: no, largest seqno: 8237074, smallest seqno: 7583907
W20230707 12:29:54.089004 73796 event_listener.cc:132] [event_listener/stall_cond_changed] column family: default write stall condition was changed, from stop to normal
W20230707 12:29:54.089241 74022 event_listener.cc:132] [event_listener/stall_cond_changed] column family: default write stall condition was changed, from delay to stop
W20230707 12:29:55.259274 74024 event_listener.cc:132] [event_listener/stall_cond_changed] column family: default write stall condition was changed, from normal to delay
I20230707 12:29:55.888092 73796 event_listener.cc:84] [event_listener/flush_begin] column family: metadata, thread_id: 73796, job_id: 24, reason: 13
I20230707 12:29:57.782658 73796 event_listener.cc:138] [event_listener/table_file_created] column family: metadata, file path: /nvme/jinghuan/node_40001/db/000066.sst, file size: 19219165, job id: 24, reason: flush, status: OK
I20230707 12:29:57.788923 73796 event_listener.cc:91] [event_listener/flush_completed] column family: metadata, thread_id: 73796, job_id: 24, file: /nvme/jinghuan/node_40001/db/000066.sst, reason: 13, is_write_slowdown: no, is_write_stall: no, largest seqno: 9442642, smallest seqno: 6295124
I20230707 12:29:57.808187 73796 event_listener.cc:84] [event_listener/flush_begin] column family: default, thread_id: 73796, job_id: 25, reason: 6
I20230707 12:29:59.695462 73795 event_listener.cc:138] [event_listener/table_file_created] column family: default, file path: /nvme/jinghuan/node_40001/db/000062.sst, file size: 82432869, job id: 21, reason: flush, status: OK
I20230707 12:29:59.712255 73795 event_listener.cc:91] [event_listener/flush_completed] column family: default, thread_id: 73795, job_id: 21, file: /nvme/jinghuan/node_40001/db/000062.sst, reason: 6, is_write_slowdown: no, is_write_stall: no, largest seqno: 8948268, smallest seqno: 8237076
W20230707 12:29:59.712566 73795 event_listener.cc:132] [event_listener/stall_cond_changed] column family: default write stall condition was changed, from stop to normal
W20230707 12:29:59.712755 74024 event_listener.cc:132] [event_listener/stall_cond_changed] column family: default write stall condition was changed, from delay to stop
W20230707 12:30:00.840411 74020 event_listener.cc:132] [event_listener/stall_cond_changed] column family: default write stall condition was changed, from normal to delay
I20230707 12:30:02.074201 73795 event_listener.cc:84] [event_listener/flush_begin] column family: default, thread_id: 73795, job_id: 26, reason: 6
I20230707 12:30:04.892761 73796 event_listener.cc:138] [event_listener/table_file_created] column family: default, file path: /nvme/jinghuan/node_40001/db/000068.sst, file size: 76461435, job id: 25, reason: flush, status: OK
I20230707 12:30:04.908202 73796 event_listener.cc:91] [event_listener/flush_completed] column family: default, thread_id: 73796, job_id: 25, file: /nvme/jinghuan/node_40001/db/000068.sst, reason: 6, is_write_slowdown: no, is_write_stall: no, largest seqno: 9607905, smallest seqno: 8948270
W20230707 12:30:04.908555 73796 event_listener.cc:132] [event_listener/stall_cond_changed] column family: default write stall condition was changed, from stop to normal
W20230707 12:30:04.908740 74020 event_listener.cc:132] [event_listener/stall_cond_changed] column family: default write stall condition was changed, from delay to stop
W20230707 12:30:06.292171 74024 event_listener.cc:132] [event_listener/stall_cond_changed] column family: default write stall condition was changed, from normal to delay
I20230707 12:30:07.717715 73796 event_listener.cc:84] [event_listener/flush_begin] column family: default, thread_id: 73796, job_id: 27, reason: 6
I20230707 12:30:08.886325 73795 event_listener.cc:138] [event_listener/table_file_created] column family: default, file path: /nvme/jinghuan/node_40001/db/000071.sst, file size: 76825580, job id: 26, reason: flush, status: OK
I20230707 12:30:08.899168 73795 event_listener.cc:91] [event_listener/flush_completed] column family: default, thread_id: 73795, job_id: 26, file: /nvme/jinghuan/node_40001/db/000071.sst, reason: 6, is_write_slowdown: no, is_write_stall: no, largest seqno: 10270721, smallest seqno: 9607907
W20230707 12:30:08.899226 73795 event_listener.cc:132] [event_listener/stall_cond_changed] column family: default write stall condition was changed, from stop to normal
W20230707 12:30:08.899670 74026 event_listener.cc:132] [event_listener/stall_cond_changed] column family: default write stall condition was changed, from delay to stop
W20230707 12:30:10.317656 74023 event_listener.cc:132] [event_listener/stall_cond_changed] column family: default write stall condition was changed, from normal to delay
I20230707 12:30:11.825383 73795 event_listener.cc:84] [event_listener/flush_begin] column family: default, thread_id: 73795, job_id: 28, reason: 6
I20230707 12:30:15.691576 73796 event_listener.cc:138] [event_listener/table_file_created] column family: default, file path: /nvme/jinghuan/node_40001/db/000074.sst, file size: 84880845, job id: 27, reason: flush, status: OK
I20230707 12:30:15.707374 73796 event_listener.cc:91] [event_listener/flush_completed] column family: default, thread_id: 73796, job_id: 27, file: /nvme/jinghuan/node_40001/db/000074.sst, reason: 6, is_write_slowdown: no, is_write_stall: no, largest seqno: 11003035, smallest seqno: 10270723
W20230707 12:30:15.707473 73796 event_listener.cc:132] [event_listener/stall_cond_changed] column family: default write stall condition was changed, from stop to normal
W20230707 12:30:15.708379 74023 event_listener.cc:132] [event_listener/stall_cond_changed] column family: default write stall condition was changed, from delay to stop
W20230707 12:30:17.007156 74024 event_listener.cc:132] [event_listener/stall_cond_changed] column family: default write stall condition was changed, from normal to delay
I20230707 12:30:17.089397 73794 event_listener.cc:138] [event_listener/table_file_created] column family: default, file path: /nvme/jinghuan/node_40001/db/000047.sst, file size: 314734080, job id: 16, reason: compaction, status: OK
I20230707 12:30:17.109782 73794 event_listener.cc:71] [event_listener/compaction_completed] column family: default, compaction reason: 1, output compression type: no, base input level(files): 0(4), output level(files): 0(1), input bytes: 314858448, output bytes:314734080, is_manual_compaction:no, elapsed(micro): 43707978
I20230707 12:30:17.118149 73794 event_listener.cc:127] [event_listener/table_file_deleted] db: /nvme/jinghuan/node_40001/db, sst file: /nvme/jinghuan/node_40001/db/000026.sst, status: OK
I20230707 12:30:17.124925 73794 event_listener.cc:127] [event_listener/table_file_deleted] db: /nvme/jinghuan/node_40001/db, sst file: /nvme/jinghuan/node_40001/db/000023.sst, status: OK
I20230707 12:30:17.131228 73794 event_listener.cc:127] [event_listener/table_file_deleted] db: /nvme/jinghuan/node_40001/db, sst file: /nvme/jinghuan/node_40001/db/000020.sst, status: OK
I20230707 12:30:17.137993 73794 event_listener.cc:127] [event_listener/table_file_deleted] db: /nvme/jinghuan/node_40001/db, sst file: /nvme/jinghuan/node_40001/db/000017.sst, status: OK
I20230707 12:30:18.355237 73796 event_listener.cc:84] [event_listener/flush_begin] column family: default, thread_id: 73796, job_id: 30, reason: 6
I20230707 12:30:19.494607 73795 event_listener.cc:138] [event_listener/table_file_created] column family: default, file path: /nvme/jinghuan/node_40001/db/000077.sst, file size: 85047931, job id: 28, reason: flush, status: OK
I20230707 12:30:19.501097 73795 event_listener.cc:91] [event_listener/flush_completed] column family: default, thread_id: 73795, job_id: 28, file: /nvme/jinghuan/node_40001/db/000077.sst, reason: 6, is_write_slowdown: no, is_write_stall: no, largest seqno: 11736790, smallest seqno: 11003037
W20230707 12:30:19.501157 73795 event_listener.cc:132] [event_listener/stall_cond_changed] column family: default write stall condition was changed, from stop to normal
W20230707 12:30:19.501591 74026 event_listener.cc:132] [event_listener/stall_cond_changed] column family: default write stall condition was changed, from delay to stop
I20230707 12:30:19.958988 73795 event_listener.cc:84] [event_listener/flush_begin] column family: metadata, thread_id: 73795, job_id: 31, reason: 13
W20230707 12:30:20.793419 74026 event_listener.cc:132] [event_listener/stall_cond_changed] column family: default write stall condition was changed, from normal to delay
I20230707 12:30:22.098631 73795 event_listener.cc:138] [event_listener/table_file_created] column family: metadata, file path: /nvme/jinghuan/node_40001/db/000083.sst, file size: 19220489, job id: 31, reason: flush, status: OK
I20230707 12:30:22.107589 73795 event_listener.cc:91] [event_listener/flush_completed] column family: metadata, thread_id: 73795, job_id: 31, file: /nvme/jinghuan/node_40001/db/000083.sst, reason: 13, is_write_slowdown: no, is_write_stall: no, largest seqno: 12590215, smallest seqno: 9442653
I20230707 12:30:22.156160 73795 event_listener.cc:84] [event_listener/flush_begin] column family: default, thread_id: 73795, job_id: 32, reason: 6
I20230707 12:30:26.398818 73796 event_listener.cc:138] [event_listener/table_file_created] column family: default, file path: /nvme/jinghuan/node_40001/db/000081.sst, file size: 84819081, job id: 30, reason: flush, status: OK
I20230707 12:30:26.410859 73796 event_listener.cc:91] [event_listener/flush_completed] column family: default, thread_id: 73796, job_id: 30, file: /nvme/jinghuan/node_40001/db/000081.sst, reason: 6, is_write_slowdown: no, is_write_stall: no, largest seqno: 12468620, smallest seqno: 11736792
W20230707 12:30:26.411084 73796 event_listener.cc:132] [event_listener/stall_cond_changed] column family: default write stall condition was changed, from stop to normal
W20230707 12:30:26.411331 74026 event_listener.cc:132] [event_listener/stall_cond_changed] column family: default write stall condition was changed, from delay to stop
W20230707 12:30:27.719040 74021 event_listener.cc:132] [event_listener/stall_cond_changed] column family: default write stall condition was changed, from normal to delay
I20230707 12:30:29.070444 73796 event_listener.cc:84] [event_listener/flush_begin] column family: default, thread_id: 73796, job_id: 33, reason: 6
I20230707 12:30:29.804018 73795 event_listener.cc:138] [event_listener/table_file_created] column family: default, file path: /nvme/jinghuan/node_40001/db/000086.sst, file size: 84801249, job id: 32, reason: flush, status: OK
I20230707 12:30:29.810992 73795 event_listener.cc:91] [event_listener/flush_completed] column family: default, thread_id: 73795, job_id: 32, file: /nvme/jinghuan/node_40001/db/000086.sst, reason: 6, is_write_slowdown: no, is_write_stall: no, largest seqno: 13200285, smallest seqno: 12468622
W20230707 12:30:29.811148 73795 event_listener.cc:132] [event_listener/stall_cond_changed] column family: default write stall condition was changed, from stop to normal
W20230707 12:30:29.811321 74021 event_listener.cc:132] [event_listener/stall_cond_changed] column family: default write stall condition was changed, from delay to stop
I20230707 12:30:30.597352 73793 event_listener.cc:138] [event_listener/table_file_created] column family: default, file path: /nvme/jinghuan/node_40001/db/000063.sst, file size: 307604188, job id: 23, reason: compaction, status: OK
I20230707 12:30:30.617014 73793 event_listener.cc:71] [event_listener/compaction_completed] column family: default, compaction reason: 1, output compression type: no, base input level(files): 0(4), output level(files): 0(1), input bytes: 307730934, output bytes:307604188, is_manual_compaction:no, elapsed(micro): 36508335
I20230707 12:30:30.625845 73793 event_listener.cc:127] [event_listener/table_file_deleted] db: /nvme/jinghuan/node_40001/db, sst file: /nvme/jinghuan/node_40001/db/000042.sst, status: OK
I20230707 12:30:30.634546 73793 event_listener.cc:127] [event_listener/table_file_deleted] db: /nvme/jinghuan/node_40001/db, sst file: /nvme/jinghuan/node_40001/db/000039.sst, status: OK
I20230707 12:30:30.643206 73793 event_listener.cc:127] [event_listener/table_file_deleted] db: /nvme/jinghuan/node_40001/db, sst file: /nvme/jinghuan/node_40001/db/000036.sst, status: OK
I20230707 12:30:30.652601 73793 event_listener.cc:127] [event_listener/table_file_deleted] db: /nvme/jinghuan/node_40001/db, sst file: /nvme/jinghuan/node_40001/db/000031.sst, status: OK
W20230707 12:30:31.032166 74025 event_listener.cc:132] [event_listener/stall_cond_changed] column family: default write stall condition was changed, from normal to delay
I20230707 12:30:32.303539 73795 event_listener.cc:84] [event_listener/flush_begin] column family: default, thread_id: 73795, job_id: 36, reason: 6
I20230707 12:30:35.916165 73796 event_listener.cc:138] [event_listener/table_file_created] column family: default, file path: /nvme/jinghuan/node_40001/db/000089.sst, file size: 84842267, job id: 33, reason: flush, status: OK
I20230707 12:30:35.932229 73796 event_listener.cc:91] [event_listener/flush_completed] column family: default, thread_id: 73796, job_id: 33, file: /nvme/jinghuan/node_40001/db/000089.sst, reason: 6, is_write_slowdown: no, is_write_stall: no, largest seqno: 13932269, smallest seqno: 13200287
W20230707 12:30:35.932344 73796 event_listener.cc:132] [event_listener/stall_cond_changed] column family: default write stall condition was changed, from stop to normal
W20230707 12:30:35.934406 74025 event_listener.cc:132] [event_listener/stall_cond_changed] column family: default write stall condition was changed, from delay to stop
W20230707 12:30:37.114941 74025 event_listener.cc:132] [event_listener/stall_cond_changed] column family: default write stall condition was changed, from normal to delay
I20230707 12:30:38.110942 73795 event_listener.cc:138] [event_listener/table_file_created] column family: default, file path: /nvme/jinghuan/node_40001/db/000093.sst, file size: 77133694, job id: 36, reason: flush, status: OK
I20230707 12:30:38.117539 73795 event_listener.cc:91] [event_listener/flush_completed] column family: default, thread_id: 73795, job_id: 36, file: /nvme/jinghuan/node_40001/db/000093.sst, reason: 6, is_write_slowdown: no, is_write_stall: no, largest seqno: 14597714, smallest seqno: 13932271
W20230707 12:30:38.117584 73795 event_listener.cc:132] [event_listener/stall_cond_changed] column family: default write stall condition was changed, from delay to normal
I20230707 12:30:38.349277 73796 event_listener.cc:84] [event_listener/flush_begin] column family: default, thread_id: 73796, job_id: 37, reason: 6
I20230707 12:30:38.806604 73793 event_listener.cc:138] [event_listener/table_file_created] column family: metadata, file path: /nvme/jinghuan/node_40001/db/000090.sst, file size: 76273822, job id: 35, reason: compaction, status: OK
I20230707 12:30:38.827049 73793 event_listener.cc:71] [event_listener/compaction_completed] column family: metadata, compaction reason: 1, output compression type: no, base input level(files): 0(4), output level(files): 1(1), input bytes: 76921332, output bytes:76273822, is_manual_compaction:no, elapsed(micro): 8154025
I20230707 12:30:38.830243 73793 event_listener.cc:127] [event_listener/table_file_deleted] db: /nvme/jinghuan/node_40001/db, sst file: /nvme/jinghuan/node_40001/db/000066.sst, status: OK
I20230707 12:30:38.833122 73793 event_listener.cc:127] [event_listener/table_file_deleted] db: /nvme/jinghuan/node_40001/db, sst file: /nvme/jinghuan/node_40001/db/000049.sst, status: OK
I20230707 12:30:38.836006 73793 event_listener.cc:127] [event_listener/table_file_deleted] db: /nvme/jinghuan/node_40001/db, sst file: /nvme/jinghuan/node_40001/db/000032.sst, status: OK
W20230707 12:30:39.472023 74025 event_listener.cc:132] [event_listener/stall_cond_changed] column family: default write stall condition was changed, from normal to delay
I20230707 12:30:40.073052 73795 event_listener.cc:84] [event_listener/flush_begin] column family: metadata, thread_id: 73795, job_id: 39, reason: 13
I20230707 12:30:41.813216 73795 event_listener.cc:138] [event_listener/table_file_created] column family: metadata, file path: /nvme/jinghuan/node_40001/db/000100.sst, file size: 19250521, job id: 39, reason: flush, status: OK
I20230707 12:30:41.822207 73795 event_listener.cc:91] [event_listener/flush_completed] column family: metadata, thread_id: 73795, job_id: 39, file: /nvme/jinghuan/node_40001/db/000100.sst, reason: 13, is_write_slowdown: no, is_write_stall: no, largest seqno: 15737799, smallest seqno: 12590226
I20230707 12:30:41.847651 73795 event_listener.cc:84] [event_listener/flush_begin] column family: default, thread_id: 73795, job_id: 40, reason: 6
I20230707 12:30:44.714360 73796 event_listener.cc:138] [event_listener/table_file_created] column family: default, file path: /nvme/jinghuan/node_40001/db/000096.sst, file size: 75911261, job id: 37, reason: flush, status: OK
I20230707 12:30:44.723181 73796 event_listener.cc:91] [event_listener/flush_completed] column family: default, thread_id: 73796, job_id: 37, file: /nvme/jinghuan/node_40001/db/000096.sst, reason: 6, is_write_slowdown: no, is_write_stall: no, largest seqno: 15252654, smallest seqno: 14597716
W20230707 12:30:44.723420 73796 event_listener.cc:132] [event_listener/stall_cond_changed] column family: default write stall condition was changed, from stop to normal
W20230707 12:30:44.723610 74020 event_listener.cc:132] [event_listener/stall_cond_changed] column family: default write stall condition was changed, from delay to stop
W20230707 12:30:46.027274 74023 event_listener.cc:132] [event_listener/stall_cond_changed] column family: default write stall condition was changed, from normal to delay
I20230707 12:30:46.318370 73794 event_listener.cc:138] [event_listener/table_file_created] column family: default, file path: /nvme/jinghuan/node_40001/db/000079.sst, file size: 320436620, job id: 29, reason: compaction, status: OK
I20230707 12:30:46.341681 73794 event_listener.cc:71] [event_listener/compaction_completed] column family: default, compaction reason: 1, output compression type: no, base input level(files): 0(4), output level(files): 0(1), input bytes: 320600729, output bytes:320436620, is_manual_compaction:no, elapsed(micro): 29180430
I20230707 12:30:46.343581 73794 event_listener.cc:127] [event_listener/table_file_deleted] db: /nvme/jinghuan/node_40001/db, sst file: /nvme/jinghuan/node_40001/db/000083.sst, status: OK
I20230707 12:30:46.349856 73794 event_listener.cc:127] [event_listener/table_file_deleted] db: /nvme/jinghuan/node_40001/db, sst file: /nvme/jinghuan/node_40001/db/000059.sst, status: OK
I20230707 12:30:46.356093 73794 event_listener.cc:127] [event_listener/table_file_deleted] db: /nvme/jinghuan/node_40001/db, sst file: /nvme/jinghuan/node_40001/db/000055.sst, status: OK
I20230707 12:30:46.361941 73794 event_listener.cc:127] [event_listener/table_file_deleted] db: /nvme/jinghuan/node_40001/db, sst file: /nvme/jinghuan/node_40001/db/000052.sst, status: OK
I20230707 12:30:46.367290 73794 event_listener.cc:127] [event_listener/table_file_deleted] db: /nvme/jinghuan/node_40001/db, sst file: /nvme/jinghuan/node_40001/db/000046.sst, status: OK
I20230707 12:30:47.113451 73795 event_listener.cc:138] [event_listener/table_file_created] column family: default, file path: /nvme/jinghuan/node_40001/db/000102.sst, file size: 75464673, job id: 40, reason: flush, status: OK
I20230707 12:30:47.120074 73795 event_listener.cc:91] [event_listener/flush_completed] column family: default, thread_id: 73795, job_id: 40, file: /nvme/jinghuan/node_40001/db/000102.sst, reason: 6, is_write_slowdown: no, is_write_stall: no, largest seqno: 15903722, smallest seqno: 15252656
W20230707 12:30:47.120143 73795 event_listener.cc:132] [event_listener/stall_cond_changed] column family: default write stall condition was changed, from delay to normal
I20230707 12:30:47.403721 73796 event_listener.cc:84] [event_listener/flush_begin] column family: default, thread_id: 73796, job_id: 44, reason: 6
W20230707 12:30:48.655754 74023 event_listener.cc:132] [event_listener/stall_cond_changed] column family: default write stall condition was changed, from normal to delay
I20230707 12:30:50.023840 73795 event_listener.cc:84] [event_listener/flush_begin] column family: default, thread_id: 73795, job_id: 47, reason: 6
I20230707 12:30:50.527088 73796 event_listener.cc:138] [event_listener/table_file_created] column family: default, file path: /nvme/jinghuan/node_40001/db/000105.sst, file size: 84933797, job id: 44, reason: flush, status: OK
I20230707 12:30:50.543329 73796 event_listener.cc:91] [event_listener/flush_completed] column family: default, thread_id: 73796, job_id: 44, file: /nvme/jinghuan/node_40001/db/000105.sst, reason: 6, is_write_slowdown: no, is_write_stall: no, largest seqno: 16636487, smallest seqno: 15903724
W20230707 12:30:50.543448 73796 event_listener.cc:132] [event_listener/stall_cond_changed] column family: default write stall condition was changed, from stop to normal
W20230707 12:30:50.543730 74021 event_listener.cc:132] [event_listener/stall_cond_changed] column family: default write stall condition was changed, from delay to stop
W20230707 12:30:51.867815 74026 event_listener.cc:132] [event_listener/stall_cond_changed] column family: default write stall condition was changed, from normal to delay
I20230707 12:30:53.258423 73796 event_listener.cc:84] [event_listener/flush_begin] column family: default, thread_id: 73796, job_id: 51, reason: 6
I20230707 12:30:53.720583 73795 event_listener.cc:138] [event_listener/table_file_created] column family: default, file path: /nvme/jinghuan/node_40001/db/000108.sst, file size: 85044124, job id: 47, reason: flush, status: OK
I20230707 12:30:53.726966 73795 event_listener.cc:91] [event_listener/flush_completed] column family: default, thread_id: 73795, job_id: 47, file: /nvme/jinghuan/node_40001/db/000108.sst, reason: 6, is_write_slowdown: no, is_write_stall: no, largest seqno: 17370198, smallest seqno: 16636489
W20230707 12:30:53.727066 73795 event_listener.cc:132] [event_listener/stall_cond_changed] column family: default write stall condition was changed, from stop to normal
W20230707 12:30:53.727360 74022 event_listener.cc:132] [event_listener/stall_cond_changed] column family: default write stall condition was changed, from delay to stop
W20230707 12:30:55.032528 74020 event_listener.cc:132] [event_listener/stall_cond_changed] column family: default write stall condition was changed, from normal to delay
I20230707 12:30:56.411252 73795 event_listener.cc:84] [event_listener/flush_begin] column family: default, thread_id: 73795, job_id: 53, reason: 6
I20230707 12:30:58.221071 73796 event_listener.cc:138] [event_listener/table_file_created] column family: default, file path: /nvme/jinghuan/node_40001/db/000111.sst, file size: 84912546, job id: 51, reason: flush, status: OK
I20230707 12:30:58.227506 73796 event_listener.cc:91] [event_listener/flush_completed] column family: default, thread_id: 73796, job_id: 51, file: /nvme/jinghuan/node_40001/db/000111.sst, reason: 6, is_write_slowdown: no, is_write_stall: no, largest seqno: 18102787, smallest seqno: 17370200
W20230707 12:30:58.227557 73796 event_listener.cc:132] [event_listener/stall_cond_changed] column family: default write stall condition was changed, from stop to normal
W20230707 12:30:58.227870 74021 event_listener.cc:132] [event_listener/stall_cond_changed] column family: default write stall condition was changed, from delay to stop
I20230707 12:30:58.424260 73796 event_listener.cc:84] [event_listener/flush_begin] column family: metadata, thread_id: 73796, job_id: 54, reason: 13
W20230707 12:30:59.391625 74025 event_listener.cc:132] [event_listener/stall_cond_changed] column family: default write stall condition was changed, from normal to delay
I20230707 12:31:00.118947 73796 event_listener.cc:138] [event_listener/table_file_created] column family: metadata, file path: /nvme/jinghuan/node_40001/db/000117.sst, file size: 19249953, job id: 54, reason: flush, status: OK
I20230707 12:31:00.125402 73796 event_listener.cc:91] [event_listener/flush_completed] column family: metadata, thread_id: 73796, job_id: 54, file: /nvme/jinghuan/node_40001/db/000117.sst, reason: 13, is_write_slowdown: no, is_write_stall: no, largest seqno: 18885383, smallest seqno: 15737810
I20230707 12:31:00.164590 73796 event_listener.cc:84] [event_listener/flush_begin] column family: default, thread_id: 73796, job_id: 55, reason: 13
I20230707 12:31:03.823189 73795 event_listener.cc:138] [event_listener/table_file_created] column family: default, file path: /nvme/jinghuan/node_40001/db/000115.sst, file size: 84750881, job id: 53, reason: flush, status: OK
I20230707 12:31:03.838320 73795 event_listener.cc:91] [event_listener/flush_completed] column family: default, thread_id: 73795, job_id: 53, file: /nvme/jinghuan/node_40001/db/000115.sst, reason: 13, is_write_slowdown: no, is_write_stall: no, largest seqno: 18833990, smallest seqno: 18102789
W20230707 12:31:03.838848 73795 event_listener.cc:132] [event_listener/stall_cond_changed] column family: default write stall condition was changed, from stop to normal
W20230707 12:31:03.839174 74027 event_listener.cc:132] [event_listener/stall_cond_changed] column family: default write stall condition was changed, from delay to stop
I20230707 12:31:04.629578 73796 event_listener.cc:138] [event_listener/table_file_created] column family: default, file path: /nvme/jinghuan/node_40001/db/000120.sst, file size: 61123698, job id: 55, reason: flush, status: OK
I20230707 12:31:04.642352 73796 event_listener.cc:91] [event_listener/flush_completed] column family: default, thread_id: 73796, job_id: 55, file: /nvme/jinghuan/node_40001/db/000120.sst, reason: 13, is_write_slowdown: no, is_write_stall: no, largest seqno: 19361275, smallest seqno: 18833992
I20230707 12:31:06.557037 73795 event_listener.cc:84] [event_listener/flush_begin] column family: default, thread_id: 73795, job_id: 56, reason: 6
W20230707 12:31:07.845121 74024 event_listener.cc:132] [event_listener/stall_cond_changed] column family: default write stall condition was changed, from normal to delay
I20230707 12:31:09.244318 73796 event_listener.cc:84] [event_listener/flush_begin] column family: default, thread_id: 73796, job_id: 57, reason: 6
I20230707 12:31:11.235350 73795 event_listener.cc:138] [event_listener/table_file_created] column family: default, file path: /nvme/jinghuan/node_40001/db/000123.sst, file size: 85005805, job id: 56, reason: flush, status: OK
I20230707 12:31:11.250931 73795 event_listener.cc:91] [event_listener/flush_completed] column family: default, thread_id: 73795, job_id: 56, file: /nvme/jinghuan/node_40001/db/000123.sst, reason: 6, is_write_slowdown: no, is_write_stall: no, largest seqno: 20094656, smallest seqno: 19361277
W20230707 12:31:11.251057 73795 event_listener.cc:132] [event_listener/stall_cond_changed] column family: default write stall condition was changed, from stop to normal
W20230707 12:31:11.251796 74026 event_listener.cc:132] [event_listener/stall_cond_changed] column family: default write stall condition was changed, from delay to stop
W20230707 12:31:12.450788 74026 event_listener.cc:132] [event_listener/stall_cond_changed] column family: default write stall condition was changed, from normal to delay
I20230707 12:31:12.925954 73793 event_listener.cc:138] [event_listener/table_file_created] column family: default, file path: /nvme/jinghuan/node_40001/db/000097.sst, file size: 416487124, job id: 38, reason: compaction, status: OK
I20230707 12:31:12.949771 73793 event_listener.cc:71] [event_listener/compaction_completed] column family: default, compaction reason: 1, output compression type: no, base input level(files): 0(5), output level(files): 0(1), input bytes: 416644222, output bytes:416487124, is_manual_compaction:no, elapsed(micro): 34089927
I20230707 12:31:12.957828 73793 event_listener.cc:127] [event_listener/table_file_deleted] db: /nvme/jinghuan/node_40001/db, sst file: /nvme/jinghuan/node_40001/db/000074.sst, status: OK
I20230707 12:31:12.963717 73793 event_listener.cc:127] [event_listener/table_file_deleted] db: /nvme/jinghuan/node_40001/db, sst file: /nvme/jinghuan/node_40001/db/000071.sst, status: OK
I20230707 12:31:12.968830 73793 event_listener.cc:127] [event_listener/table_file_deleted] db: /nvme/jinghuan/node_40001/db, sst file: /nvme/jinghuan/node_40001/db/000068.sst, status: OK
I20230707 12:31:12.974539 73793 event_listener.cc:127] [event_listener/table_file_deleted] db: /nvme/jinghuan/node_40001/db, sst file: /nvme/jinghuan/node_40001/db/000062.sst, status: OK
I20230707 12:31:13.693830 73795 event_listener.cc:84] [event_listener/flush_begin] column family: default, thread_id: 73795, job_id: 59, reason: 6
I20230707 12:31:14.334535 73796 event_listener.cc:138] [event_listener/table_file_created] column family: default, file path: /nvme/jinghuan/node_40001/db/000126.sst, file size: 85050361, job id: 57, reason: flush, status: OK
I20230707 12:31:14.341149 73796 event_listener.cc:91] [event_listener/flush_completed] column family: default, thread_id: 73796, job_id: 57, file: /nvme/jinghuan/node_40001/db/000126.sst, reason: 6, is_write_slowdown: no, is_write_stall: no, largest seqno: 20828433, smallest seqno: 20094658
W20230707 12:31:14.341187 73796 event_listener.cc:132] [event_listener/stall_cond_changed] column family: default write stall condition was changed, from stop to normal
W20230707 12:31:14.341511 74025 event_listener.cc:132] [event_listener/stall_cond_changed] column family: default write stall condition was changed, from delay to stop
W20230707 12:31:15.671293 74021 event_listener.cc:132] [event_listener/stall_cond_changed] column family: default write stall condition was changed, from normal to delay
I20230707 12:31:16.316515 74024 cluster.cc:923] function: Migrate level-migration
I20230707 12:31:16.316545 74024 slot_migrate_parallel.cc:32] [migrate] Start migrating slots, from slot: 0 to slot: 7910. Slots are moving to 0.0.0.0:40002
I20230707 12:31:16.316555 74024 cluster.cc:935] [cluster migration] Finished slot migration cmds sending, start to set nodes
I20230707 12:31:16.316597 74019 slot_migrate.cc:165] [migrate] Migrating slot: -1, dst_ip: 0.0.0.0, dst_port: 40002, max_speed: 0, max_pipeline_size: 16
