Log file created at: 2023/07/07 09:10:43
Running on machine: en4217754l
Running duration (h:mm:ss): 0:00:00
Log line format: [IWEF]yyyymmdd hh:mm:ss.uuuuuu threadid file:line] msg
I20230707 09:10:43.550127 51467 main.cc:328] kvrocks unstable (commit 4a10c89)
I20230707 09:10:43.934119 51467 storage.cc:322] [storage] Success to load the data from disk: 76 ms
I20230707 09:10:43.934821 51467 worker.cc:72] [worker] Listening on: 10.218.109.65:40001
I20230707 09:10:43.934850 51467 worker.cc:72] [worker] Listening on: 127.0.0.1:40001
I20230707 09:10:43.935110 51467 worker.cc:72] [worker] Listening on: 10.218.109.65:40001
I20230707 09:10:43.935134 51467 worker.cc:72] [worker] Listening on: 127.0.0.1:40001
I20230707 09:10:43.935315 51467 worker.cc:72] [worker] Listening on: 10.218.109.65:40001
I20230707 09:10:43.935338 51467 worker.cc:72] [worker] Listening on: 127.0.0.1:40001
I20230707 09:10:43.935520 51467 worker.cc:72] [worker] Listening on: 10.218.109.65:40001
I20230707 09:10:43.935547 51467 worker.cc:72] [worker] Listening on: 127.0.0.1:40001
I20230707 09:10:43.935725 51467 worker.cc:72] [worker] Listening on: 10.218.109.65:40001
I20230707 09:10:43.935747 51467 worker.cc:72] [worker] Listening on: 127.0.0.1:40001
I20230707 09:10:43.935915 51467 worker.cc:72] [worker] Listening on: 10.218.109.65:40001
I20230707 09:10:43.935935 51467 worker.cc:72] [worker] Listening on: 127.0.0.1:40001
I20230707 09:10:43.936100 51467 worker.cc:72] [worker] Listening on: 10.218.109.65:40001
I20230707 09:10:43.936120 51467 worker.cc:72] [worker] Listening on: 127.0.0.1:40001
I20230707 09:10:43.936286 51467 worker.cc:72] [worker] Listening on: 10.218.109.65:40001
I20230707 09:10:43.936307 51467 worker.cc:72] [worker] Listening on: 127.0.0.1:40001
W20230707 09:10:43.936441 51467 server.cc:1650] [server] Increased maximum number of open files to 14224 (it's originally set to 1024)
I20230707 09:10:43.936689 51467 cluster.cc:643] The cluster nodes file /nvme/jinghuan/node_40001/nodes.conf is not found. Use CLUSTERX subcommands to specify it.
I20230707 09:10:43.936713 51467 cluster.cc:643] The cluster nodes file /nvme/jinghuan/node_40001/nodes.conf is not found. Use CLUSTERX subcommands to specify it.
I20230707 09:10:43.940583 51467 worker.cc:519] [worker] Thread #140355286587136 started
I20230707 09:10:43.940629 51467 worker.cc:519] [worker] Thread #140355294979840 started
I20230707 09:10:43.940696 51467 worker.cc:519] [worker] Thread #140355667728128 started
I20230707 09:10:43.940757 51467 worker.cc:519] [worker] Thread #140355659335424 started
I20230707 09:10:43.940814 51467 worker.cc:519] [worker] Thread #140355650942720 started
I20230707 09:10:43.940873 51467 worker.cc:519] [worker] Thread #140355563415296 started
I20230707 09:10:43.940937 51467 worker.cc:519] [worker] Thread #140355555022592 started
I20230707 09:10:43.940995 51467 worker.cc:519] [worker] Thread #140355546629888 started
I20230707 09:10:43.941187 51467 server.cc:211] [server] Ready to accept connections
I20230707 09:10:44.590533 51709 cluster.cc:286] MASTER MODE enabled by cluster topology setting
I20230707 09:10:47.056615 51480 event_listener.cc:84] [event_listener/flush_begin] column family: default, thread_id: 51480, job_id: 3, reason: 6
I20230707 09:10:47.494241 51480 event_listener.cc:138] [event_listener/table_file_created] column family: default, file path: /nvme/jinghuan/node_40001/db/000016.sst, file size: 83086011, job id: 3, reason: flush, status: OK
I20230707 09:10:47.510627 51480 event_listener.cc:91] [event_listener/flush_completed] column family: default, thread_id: 51480, job_id: 3, file: /nvme/jinghuan/node_40001/db/000016.sst, reason: 6, is_write_slowdown: no, is_write_stall: no, largest seqno: 716847, smallest seqno: 1
I20230707 09:10:48.217093 51478 event_listener.cc:138] [event_listener/table_file_created] column family: default, file path: /nvme/jinghuan/node_40001/db/000017.sst, file size: 83086007, job id: 4, reason: compaction, status: OK
I20230707 09:10:48.235947 51478 event_listener.cc:71] [event_listener/compaction_completed] column family: default, compaction reason: 11, output compression type: no, base input level(files): 0(1), output level(files): 0(1), input bytes: 83086011, output bytes:83086007, is_manual_compaction:no, elapsed(micro): 706801
I20230707 09:10:48.249596 51478 event_listener.cc:127] [event_listener/table_file_deleted] db: /nvme/jinghuan/node_40001/db, sst file: /nvme/jinghuan/node_40001/db/000016.sst, status: OK
I20230707 09:10:49.511154 51481 event_listener.cc:84] [event_listener/flush_begin] column family: default, thread_id: 51481, job_id: 5, reason: 6
I20230707 09:10:49.964082 51481 event_listener.cc:138] [event_listener/table_file_created] column family: default, file path: /nvme/jinghuan/node_40001/db/000020.sst, file size: 83089868, job id: 5, reason: flush, status: OK
I20230707 09:10:49.980926 51481 event_listener.cc:91] [event_listener/flush_completed] column family: default, thread_id: 51481, job_id: 5, file: /nvme/jinghuan/node_40001/db/000020.sst, reason: 6, is_write_slowdown: no, is_write_stall: no, largest seqno: 1433728, smallest seqno: 716849
I20230707 09:10:51.727829 51480 event_listener.cc:84] [event_listener/flush_begin] column family: default, thread_id: 51480, job_id: 6, reason: 6
I20230707 09:10:52.128813 51480 event_listener.cc:138] [event_listener/table_file_created] column family: default, file path: /nvme/jinghuan/node_40001/db/000023.sst, file size: 77196006, job id: 6, reason: flush, status: OK
I20230707 09:10:52.145449 51480 event_listener.cc:91] [event_listener/flush_completed] column family: default, thread_id: 51480, job_id: 6, file: /nvme/jinghuan/node_40001/db/000023.sst, reason: 6, is_write_slowdown: no, is_write_stall: no, largest seqno: 2099668, smallest seqno: 1433730
I20230707 09:10:53.959061 51481 event_listener.cc:84] [event_listener/flush_begin] column family: default, thread_id: 51481, job_id: 7, reason: 6
W20230707 09:10:55.154625 51711 event_listener.cc:132] [event_listener/stall_cond_changed] column family: default write stall condition was changed, from normal to delay
I20230707 09:10:55.347319 51480 event_listener.cc:84] [event_listener/flush_begin] column family: metadata, thread_id: 51480, job_id: 8, reason: 13
I20230707 09:10:57.072757 51481 event_listener.cc:138] [event_listener/table_file_created] column family: default, file path: /nvme/jinghuan/node_40001/db/000026.sst, file size: 76397729, job id: 7, reason: flush, status: OK
I20230707 09:10:57.084600 51481 event_listener.cc:91] [event_listener/flush_completed] column family: default, thread_id: 51481, job_id: 7, file: /nvme/jinghuan/node_40001/db/000026.sst, reason: 6, is_write_slowdown: no, is_write_stall: no, largest seqno: 2758733, smallest seqno: 2099670
W20230707 09:10:57.084820 51481 event_listener.cc:132] [event_listener/stall_cond_changed] column family: default write stall condition was changed, from stop to normal
W20230707 09:10:57.085391 51711 event_listener.cc:132] [event_listener/stall_cond_changed] column family: default write stall condition was changed, from delay to stop
I20230707 09:10:57.108800 51481 event_listener.cc:84] [event_listener/flush_begin] column family: default, thread_id: 51481, job_id: 10, reason: 6
I20230707 09:10:57.156524 51480 event_listener.cc:138] [event_listener/table_file_created] column family: metadata, file path: /nvme/jinghuan/node_40001/db/000029.sst, file size: 19243701, job id: 8, reason: flush, status: OK
I20230707 09:10:57.169169 51480 event_listener.cc:91] [event_listener/flush_completed] column family: metadata, thread_id: 51480, job_id: 8, file: /nvme/jinghuan/node_40001/db/000029.sst, reason: 13, is_write_slowdown: no, is_write_stall: no, largest seqno: 3147562, smallest seqno: 11
W20230707 09:10:58.268644 51709 event_listener.cc:132] [event_listener/stall_cond_changed] column family: default write stall condition was changed, from normal to delay
I20230707 09:10:59.457602 51480 event_listener.cc:84] [event_listener/flush_begin] column family: default, thread_id: 51480, job_id: 12, reason: 6
I20230707 09:11:00.162946 51478 event_listener.cc:138] [event_listener/table_file_created] column family: metadata, file path: /nvme/jinghuan/node_40001/db/000034.sst, file size: 19243697, job id: 11, reason: compaction, status: OK
I20230707 09:11:00.171134 51478 event_listener.cc:71] [event_listener/compaction_completed] column family: metadata, compaction reason: 11, output compression type: no, base input level(files): 0(1), output level(files): 0(1), input bytes: 19243701, output bytes:19243697, is_manual_compaction:no, elapsed(micro): 1894274
I20230707 09:11:00.173924 51478 event_listener.cc:127] [event_listener/table_file_deleted] db: /nvme/jinghuan/node_40001/db, sst file: /nvme/jinghuan/node_40001/db/000029.sst, status: OK
I20230707 09:11:04.862136 51481 event_listener.cc:138] [event_listener/table_file_created] column family: default, file path: /nvme/jinghuan/node_40001/db/000032.sst, file size: 78912369, job id: 10, reason: flush, status: OK
I20230707 09:11:04.869007 51481 event_listener.cc:91] [event_listener/flush_completed] column family: default, thread_id: 51481, job_id: 10, file: /nvme/jinghuan/node_40001/db/000032.sst, reason: 6, is_write_slowdown: no, is_write_stall: no, largest seqno: 3439534, smallest seqno: 2758735
W20230707 09:11:04.869165 51481 event_listener.cc:132] [event_listener/stall_cond_changed] column family: default write stall condition was changed, from stop to normal
W20230707 09:11:04.869419 51709 event_listener.cc:132] [event_listener/stall_cond_changed] column family: default write stall condition was changed, from delay to stop
E20230707 09:11:04.872201 51711 redis_connection.cc:103] [connection] Going to remove the client: , while encounter error: Broken pipe
W20230707 09:11:06.021555 51708 event_listener.cc:132] [event_listener/stall_cond_changed] column family: default write stall condition was changed, from normal to delay
I20230707 09:11:06.170617 51480 event_listener.cc:138] [event_listener/table_file_created] column family: default, file path: /nvme/jinghuan/node_40001/db/000036.sst, file size: 78799124, job id: 12, reason: flush, status: OK
I20230707 09:11:06.183208 51480 event_listener.cc:91] [event_listener/flush_completed] column family: default, thread_id: 51480, job_id: 12, file: /nvme/jinghuan/node_40001/db/000036.sst, reason: 6, is_write_slowdown: no, is_write_stall: no, largest seqno: 4119378, smallest seqno: 3439536
W20230707 09:11:06.183324 51480 event_listener.cc:132] [event_listener/stall_cond_changed] column family: default write stall condition was changed, from delay to normal
I20230707 09:11:07.179183 51481 event_listener.cc:84] [event_listener/flush_begin] column family: default, thread_id: 51481, job_id: 13, reason: 6
W20230707 09:11:08.247659 51710 event_listener.cc:132] [event_listener/stall_cond_changed] column family: default write stall condition was changed, from normal to delay
I20230707 09:11:09.446019 51480 event_listener.cc:84] [event_listener/flush_begin] column family: default, thread_id: 51480, job_id: 14, reason: 6
I20230707 09:11:12.070984 51479 event_listener.cc:138] [event_listener/table_file_created] column family: default, file path: /nvme/jinghuan/node_40001/db/000031.sst, file size: 138727389, job id: 9, reason: compaction, status: OK
I20230707 09:11:14.575824 51481 event_listener.cc:138] [event_listener/table_file_created] column family: default, file path: /nvme/jinghuan/node_40001/db/000039.sst, file size: 76697682, job id: 13, reason: flush, status: OK
I20230707 09:11:14.587267 51481 event_listener.cc:91] [event_listener/flush_completed] column family: default, thread_id: 51481, job_id: 13, file: /nvme/jinghuan/node_40001/db/000039.sst, reason: 6, is_write_slowdown: no, is_write_stall: no, largest seqno: 4781094, smallest seqno: 4119380
W20230707 09:11:14.587363 51481 event_listener.cc:132] [event_listener/stall_cond_changed] column family: default write stall condition was changed, from stop to normal
W20230707 09:11:14.588482 51708 event_listener.cc:132] [event_listener/stall_cond_changed] column family: default write stall condition was changed, from delay to stop
W20230707 09:11:15.754802 51712 event_listener.cc:132] [event_listener/stall_cond_changed] column family: default write stall condition was changed, from normal to delay
I20230707 09:11:15.781678 51480 event_listener.cc:138] [event_listener/table_file_created] column family: default, file path: /nvme/jinghuan/node_40001/db/000042.sst, file size: 76712736, job id: 14, reason: flush, status: OK
I20230707 09:11:15.798527 51480 event_listener.cc:91] [event_listener/flush_completed] column family: default, thread_id: 51480, job_id: 14, file: /nvme/jinghuan/node_40001/db/000042.sst, reason: 6, is_write_slowdown: no, is_write_stall: no, largest seqno: 5442920, smallest seqno: 4781096
W20230707 09:11:15.798671 51480 event_listener.cc:132] [event_listener/stall_cond_changed] column family: default write stall condition was changed, from delay to normal
I20230707 09:11:16.950943 51481 event_listener.cc:84] [event_listener/flush_begin] column family: default, thread_id: 51481, job_id: 16, reason: 6
I20230707 09:11:17.595311 51480 event_listener.cc:84] [event_listener/flush_begin] column family: metadata, thread_id: 51480, job_id: 17, reason: 13
W20230707 09:11:18.026640 51706 event_listener.cc:132] [event_listener/stall_cond_changed] column family: default write stall condition was changed, from normal to delay
I20230707 09:11:21.078238 51480 event_listener.cc:138] [event_listener/table_file_created] column family: metadata, file path: /nvme/jinghuan/node_40001/db/000049.sst, file size: 19238064, job id: 17, reason: flush, status: OK
I20230707 09:11:21.086675 51480 event_listener.cc:91] [event_listener/flush_completed] column family: metadata, thread_id: 51480, job_id: 17, file: /nvme/jinghuan/node_40001/db/000049.sst, reason: 13, is_write_slowdown: no, is_write_stall: no, largest seqno: 6295124, smallest seqno: 3147573
I20230707 09:11:21.146425 51480 event_listener.cc:84] [event_listener/flush_begin] column family: default, thread_id: 51480, job_id: 18, reason: 6
I20230707 09:11:25.279884 51479 event_listener.cc:138] [event_listener/table_file_created] column family: default, file path: /nvme/jinghuan/node_40001/db/000043.sst, file size: 138701185, job id: 9, reason: compaction, status: OK
I20230707 09:11:27.186494 51481 event_listener.cc:138] [event_listener/table_file_created] column family: default, file path: /nvme/jinghuan/node_40001/db/000047.sst, file size: 76373341, job id: 16, reason: flush, status: OK
I20230707 09:11:27.202020 51481 event_listener.cc:91] [event_listener/flush_completed] column family: default, thread_id: 51481, job_id: 16, file: /nvme/jinghuan/node_40001/db/000047.sst, reason: 6, is_write_slowdown: no, is_write_stall: no, largest seqno: 6101820, smallest seqno: 5442922
W20230707 09:11:27.202396 51481 event_listener.cc:132] [event_listener/stall_cond_changed] column family: default write stall condition was changed, from stop to normal
W20230707 09:11:27.202582 51706 event_listener.cc:132] [event_listener/stall_cond_changed] column family: default write stall condition was changed, from delay to stop
I20230707 09:11:28.481034 51480 event_listener.cc:138] [event_listener/table_file_created] column family: default, file path: /nvme/jinghuan/node_40001/db/000052.sst, file size: 76752269, job id: 18, reason: flush, status: OK
W20230707 09:11:28.483250 51709 event_listener.cc:132] [event_listener/stall_cond_changed] column family: default write stall condition was changed, from normal to delay
I20230707 09:11:28.496709 51480 event_listener.cc:91] [event_listener/flush_completed] column family: default, thread_id: 51480, job_id: 18, file: /nvme/jinghuan/node_40001/db/000052.sst, reason: 6, is_write_slowdown: no, is_write_stall: no, largest seqno: 6763965, smallest seqno: 6101822
W20230707 09:11:28.496935 51480 event_listener.cc:132] [event_listener/stall_cond_changed] column family: default write stall condition was changed, from delay to normal
I20230707 09:11:29.182471 51479 event_listener.cc:138] [event_listener/table_file_created] column family: default, file path: /nvme/jinghuan/node_40001/db/000053.sst, file size: 42187197, job id: 9, reason: compaction, status: OK
I20230707 09:11:29.206447 51479 event_listener.cc:71] [event_listener/compaction_completed] column family: default, compaction reason: 1, output compression type: no, base input level(files): 0(4), output level(files): 1(3), input bytes: 319769610, output bytes:319615771, is_manual_compaction:no, elapsed(micro): 32097843
I20230707 09:11:29.795101 51481 event_listener.cc:84] [event_listener/flush_begin] column family: default, thread_id: 51481, job_id: 19, reason: 6
W20230707 09:11:31.007256 51709 event_listener.cc:132] [event_listener/stall_cond_changed] column family: default write stall condition was changed, from normal to delay
I20230707 09:11:31.023734 51479 event_listener.cc:71] [event_listener/compaction_completed] column family: default, compaction reason: 2, output compression type: no, base input level(files): 1(1), output level(files): 2(1), input bytes: 0, output bytes:0, is_manual_compaction:no, elapsed(micro): 0
I20230707 09:11:32.364007 51480 event_listener.cc:84] [event_listener/flush_begin] column family: default, thread_id: 51480, job_id: 21, reason: 6
I20230707 09:11:36.991600 51481 event_listener.cc:138] [event_listener/table_file_created] column family: default, file path: /nvme/jinghuan/node_40001/db/000056.sst, file size: 85039651, job id: 19, reason: flush, status: OK
I20230707 09:11:37.007331 51481 event_listener.cc:91] [event_listener/flush_completed] column family: default, thread_id: 51481, job_id: 19, file: /nvme/jinghuan/node_40001/db/000056.sst, reason: 6, is_write_slowdown: no, is_write_stall: no, largest seqno: 7497654, smallest seqno: 6763967
W20230707 09:11:37.007647 51481 event_listener.cc:132] [event_listener/stall_cond_changed] column family: default write stall condition was changed, from stop to normal
W20230707 09:11:37.007884 51707 event_listener.cc:132] [event_listener/stall_cond_changed] column family: default write stall condition was changed, from delay to stop
W20230707 09:11:38.273828 51706 event_listener.cc:132] [event_listener/stall_cond_changed] column family: default write stall condition was changed, from normal to delay
I20230707 09:11:38.693773 51480 event_listener.cc:138] [event_listener/table_file_created] column family: default, file path: /nvme/jinghuan/node_40001/db/000059.sst, file size: 85048702, job id: 21, reason: flush, status: OK
I20230707 09:11:38.700302 51480 event_listener.cc:91] [event_listener/flush_completed] column family: default, thread_id: 51480, job_id: 21, file: /nvme/jinghuan/node_40001/db/000059.sst, reason: 6, is_write_slowdown: no, is_write_stall: no, largest seqno: 8231431, smallest seqno: 7497656
W20230707 09:11:38.700371 51480 event_listener.cc:132] [event_listener/stall_cond_changed] column family: default write stall condition was changed, from delay to normal
I20230707 09:11:39.597285 51481 event_listener.cc:84] [event_listener/flush_begin] column family: default, thread_id: 51481, job_id: 23, reason: 6
W20230707 09:11:40.801934 51709 event_listener.cc:132] [event_listener/stall_cond_changed] column family: default write stall condition was changed, from normal to delay
I20230707 09:11:41.234676 51480 event_listener.cc:84] [event_listener/flush_begin] column family: metadata, thread_id: 51480, job_id: 24, reason: 13
I20230707 09:11:43.088078 51480 event_listener.cc:138] [event_listener/table_file_created] column family: metadata, file path: /nvme/jinghuan/node_40001/db/000066.sst, file size: 19218759, job id: 24, reason: flush, status: OK
I20230707 09:11:43.101408 51480 event_listener.cc:91] [event_listener/flush_completed] column family: metadata, thread_id: 51480, job_id: 24, file: /nvme/jinghuan/node_40001/db/000066.sst, reason: 13, is_write_slowdown: no, is_write_stall: no, largest seqno: 9442642, smallest seqno: 6295135
I20230707 09:11:43.129436 51480 event_listener.cc:84] [event_listener/flush_begin] column family: default, thread_id: 51480, job_id: 25, reason: 6
I20230707 09:11:47.995164 51481 event_listener.cc:138] [event_listener/table_file_created] column family: default, file path: /nvme/jinghuan/node_40001/db/000063.sst, file size: 84904126, job id: 23, reason: flush, status: OK
I20230707 09:11:48.009409 51481 event_listener.cc:91] [event_listener/flush_completed] column family: default, thread_id: 51481, job_id: 23, file: /nvme/jinghuan/node_40001/db/000063.sst, reason: 6, is_write_slowdown: no, is_write_stall: no, largest seqno: 8963954, smallest seqno: 8231433
W20230707 09:11:48.009586 51481 event_listener.cc:132] [event_listener/stall_cond_changed] column family: default write stall condition was changed, from stop to normal
W20230707 09:11:48.009918 51706 event_listener.cc:132] [event_listener/stall_cond_changed] column family: default write stall condition was changed, from delay to stop
W20230707 09:11:49.258359 51708 event_listener.cc:132] [event_listener/stall_cond_changed] column family: default write stall condition was changed, from normal to delay
I20230707 09:11:50.290748 51478 event_listener.cc:138] [event_listener/table_file_created] column family: default, file path: /nvme/jinghuan/node_40001/db/000045.sst, file size: 311005784, job id: 15, reason: compaction, status: OK
I20230707 09:11:50.312140 51478 event_listener.cc:71] [event_listener/compaction_completed] column family: default, compaction reason: 1, output compression type: no, base input level(files): 0(4), output level(files): 0(1), input bytes: 311121911, output bytes:311005784, is_manual_compaction:no, elapsed(micro): 34492261
I20230707 09:11:50.323338 51478 event_listener.cc:127] [event_listener/table_file_deleted] db: /nvme/jinghuan/node_40001/db, sst file: /nvme/jinghuan/node_40001/db/000026.sst, status: OK
I20230707 09:11:50.329666 51478 event_listener.cc:127] [event_listener/table_file_deleted] db: /nvme/jinghuan/node_40001/db, sst file: /nvme/jinghuan/node_40001/db/000023.sst, status: OK
I20230707 09:11:50.337477 51478 event_listener.cc:127] [event_listener/table_file_deleted] db: /nvme/jinghuan/node_40001/db, sst file: /nvme/jinghuan/node_40001/db/000020.sst, status: OK
I20230707 09:11:50.344461 51478 event_listener.cc:127] [event_listener/table_file_deleted] db: /nvme/jinghuan/node_40001/db, sst file: /nvme/jinghuan/node_40001/db/000017.sst, status: OK
I20230707 09:11:50.471954 51481 event_listener.cc:84] [event_listener/flush_begin] column family: default, thread_id: 51481, job_id: 28, reason: 6
I20230707 09:11:51.096669 51480 event_listener.cc:138] [event_listener/table_file_created] column family: default, file path: /nvme/jinghuan/node_40001/db/000068.sst, file size: 85045397, job id: 25, reason: flush, status: OK
I20230707 09:11:51.103289 51480 event_listener.cc:91] [event_listener/flush_completed] column family: default, thread_id: 51480, job_id: 25, file: /nvme/jinghuan/node_40001/db/000068.sst, reason: 6, is_write_slowdown: no, is_write_stall: no, largest seqno: 9697676, smallest seqno: 8963956
W20230707 09:11:51.103497 51480 event_listener.cc:132] [event_listener/stall_cond_changed] column family: default write stall condition was changed, from stop to normal
W20230707 09:11:51.103686 51708 event_listener.cc:132] [event_listener/stall_cond_changed] column family: default write stall condition was changed, from delay to stop
W20230707 09:11:52.261754 51709 event_listener.cc:132] [event_listener/stall_cond_changed] column family: default write stall condition was changed, from normal to delay
I20230707 09:11:53.466809 51480 event_listener.cc:84] [event_listener/flush_begin] column family: default, thread_id: 51480, job_id: 31, reason: 6
I20230707 09:11:54.697189 51481 event_listener.cc:138] [event_listener/table_file_created] column family: default, file path: /nvme/jinghuan/node_40001/db/000071.sst, file size: 77069018, job id: 28, reason: flush, status: OK
I20230707 09:11:54.703812 51481 event_listener.cc:91] [event_listener/flush_completed] column family: default, thread_id: 51481, job_id: 28, file: /nvme/jinghuan/node_40001/db/000071.sst, reason: 6, is_write_slowdown: no, is_write_stall: no, largest seqno: 10362604, smallest seqno: 9697678
W20230707 09:11:54.703903 51481 event_listener.cc:132] [event_listener/stall_cond_changed] column family: default write stall condition was changed, from stop to normal
W20230707 09:11:54.704397 51709 event_listener.cc:132] [event_listener/stall_cond_changed] column family: default write stall condition was changed, from delay to stop
W20230707 09:11:55.978140 51709 event_listener.cc:132] [event_listener/stall_cond_changed] column family: default write stall condition was changed, from normal to delay
I20230707 09:11:57.314924 51481 event_listener.cc:84] [event_listener/flush_begin] column family: default, thread_id: 51481, job_id: 35, reason: 6
I20230707 09:11:57.912063 51480 event_listener.cc:138] [event_listener/table_file_created] column family: default, file path: /nvme/jinghuan/node_40001/db/000074.sst, file size: 76701513, job id: 31, reason: flush, status: OK
I20230707 09:11:57.924994 51480 event_listener.cc:91] [event_listener/flush_completed] column family: default, thread_id: 51480, job_id: 31, file: /nvme/jinghuan/node_40001/db/000074.sst, reason: 6, is_write_slowdown: no, is_write_stall: no, largest seqno: 11024331, smallest seqno: 10362606
W20230707 09:11:57.925318 51480 event_listener.cc:132] [event_listener/stall_cond_changed] column family: default write stall condition was changed, from stop to normal
W20230707 09:11:57.925599 51709 event_listener.cc:132] [event_listener/stall_cond_changed] column family: default write stall condition was changed, from delay to stop
W20230707 09:11:59.077322 51711 event_listener.cc:132] [event_listener/stall_cond_changed] column family: default write stall condition was changed, from normal to delay
I20230707 09:12:00.309633 51480 event_listener.cc:84] [event_listener/flush_begin] column family: default, thread_id: 51480, job_id: 37, reason: 6
I20230707 09:12:04.509636 51481 event_listener.cc:138] [event_listener/table_file_created] column family: default, file path: /nvme/jinghuan/node_40001/db/000077.sst, file size: 85020156, job id: 35, reason: flush, status: OK
I20230707 09:12:04.516146 51481 event_listener.cc:91] [event_listener/flush_completed] column family: default, thread_id: 51481, job_id: 35, file: /nvme/jinghuan/node_40001/db/000077.sst, reason: 6, is_write_slowdown: no, is_write_stall: no, largest seqno: 11757844, smallest seqno: 11024333
W20230707 09:12:04.516191 51481 event_listener.cc:132] [event_listener/stall_cond_changed] column family: default write stall condition was changed, from stop to normal
W20230707 09:12:04.516631 51705 event_listener.cc:132] [event_listener/stall_cond_changed] column family: default write stall condition was changed, from delay to stop
I20230707 09:12:05.138645 51481 event_listener.cc:84] [event_listener/flush_begin] column family: metadata, thread_id: 51481, job_id: 38, reason: 13
W20230707 09:12:05.659777 51708 event_listener.cc:132] [event_listener/stall_cond_changed] column family: default write stall condition was changed, from normal to delay
I20230707 09:12:07.001034 51481 event_listener.cc:138] [event_listener/table_file_created] column family: metadata, file path: /nvme/jinghuan/node_40001/db/000083.sst, file size: 19220576, job id: 38, reason: flush, status: OK
I20230707 09:12:07.013264 51481 event_listener.cc:91] [event_listener/flush_completed] column family: metadata, thread_id: 51481, job_id: 38, file: /nvme/jinghuan/node_40001/db/000083.sst, reason: 13, is_write_slowdown: no, is_write_stall: no, largest seqno: 12590204, smallest seqno: 9442653
I20230707 09:12:07.062208 51481 event_listener.cc:84] [event_listener/flush_begin] column family: default, thread_id: 51481, job_id: 39, reason: 6
I20230707 09:12:07.508374 51480 event_listener.cc:138] [event_listener/table_file_created] column family: default, file path: /nvme/jinghuan/node_40001/db/000081.sst, file size: 76772868, job id: 37, reason: flush, status: OK
I20230707 09:12:07.518349 51480 event_listener.cc:91] [event_listener/flush_completed] column family: default, thread_id: 51480, job_id: 37, file: /nvme/jinghuan/node_40001/db/000081.sst, reason: 6, is_write_slowdown: no, is_write_stall: no, largest seqno: 12420231, smallest seqno: 11757846
W20230707 09:12:07.518543 51480 event_listener.cc:132] [event_listener/stall_cond_changed] column family: default write stall condition was changed, from stop to normal
W20230707 09:12:07.518746 51706 event_listener.cc:132] [event_listener/stall_cond_changed] column family: default write stall condition was changed, from delay to stop
W20230707 09:12:08.948407 51706 event_listener.cc:132] [event_listener/stall_cond_changed] column family: default write stall condition was changed, from normal to delay
I20230707 09:12:10.455467 51480 event_listener.cc:84] [event_listener/flush_begin] column family: default, thread_id: 51480, job_id: 40, reason: 6
I20230707 09:12:13.209888 51481 event_listener.cc:138] [event_listener/table_file_created] column family: default, file path: /nvme/jinghuan/node_40001/db/000086.sst, file size: 76344421, job id: 39, reason: flush, status: OK
I20230707 09:12:13.216465 51481 event_listener.cc:91] [event_listener/flush_completed] column family: default, thread_id: 51481, job_id: 39, file: /nvme/jinghuan/node_40001/db/000086.sst, reason: 6, is_write_slowdown: no, is_write_stall: no, largest seqno: 13078922, smallest seqno: 12420233
W20230707 09:12:13.216667 51481 event_listener.cc:132] [event_listener/stall_cond_changed] column family: default write stall condition was changed, from stop to normal
W20230707 09:12:13.216821 51706 event_listener.cc:132] [event_listener/stall_cond_changed] column family: default write stall condition was changed, from delay to stop
I20230707 09:12:13.904516 51479 event_listener.cc:138] [event_listener/table_file_created] column family: default, file path: /nvme/jinghuan/node_40001/db/000061.sst, file size: 323083069, job id: 22, reason: compaction, status: OK
I20230707 09:12:13.931077 51479 event_listener.cc:71] [event_listener/compaction_completed] column family: default, compaction reason: 1, output compression type: no, base input level(files): 0(4), output level(files): 0(1), input bytes: 323213963, output bytes:323083069, is_manual_compaction:no, elapsed(micro): 35203882
I20230707 09:12:13.938180 51479 event_listener.cc:127] [event_listener/table_file_deleted] db: /nvme/jinghuan/node_40001/db, sst file: /nvme/jinghuan/node_40001/db/000042.sst, status: OK
I20230707 09:12:13.946349 51479 event_listener.cc:127] [event_listener/table_file_deleted] db: /nvme/jinghuan/node_40001/db, sst file: /nvme/jinghuan/node_40001/db/000039.sst, status: OK
I20230707 09:12:13.953069 51479 event_listener.cc:127] [event_listener/table_file_deleted] db: /nvme/jinghuan/node_40001/db, sst file: /nvme/jinghuan/node_40001/db/000036.sst, status: OK
I20230707 09:12:13.961243 51479 event_listener.cc:127] [event_listener/table_file_deleted] db: /nvme/jinghuan/node_40001/db, sst file: /nvme/jinghuan/node_40001/db/000032.sst, status: OK
W20230707 09:12:14.409390 51709 event_listener.cc:132] [event_listener/stall_cond_changed] column family: default write stall condition was changed, from normal to delay
I20230707 09:12:15.616291 51481 event_listener.cc:84] [event_listener/flush_begin] column family: default, thread_id: 51481, job_id: 43, reason: 6
I20230707 09:12:17.323813 51480 event_listener.cc:138] [event_listener/table_file_created] column family: default, file path: /nvme/jinghuan/node_40001/db/000089.sst, file size: 85043670, job id: 40, reason: flush, status: OK
I20230707 09:12:17.330807 51480 event_listener.cc:91] [event_listener/flush_completed] column family: default, thread_id: 51480, job_id: 40, file: /nvme/jinghuan/node_40001/db/000089.sst, reason: 6, is_write_slowdown: no, is_write_stall: no, largest seqno: 13812622, smallest seqno: 13078924
W20230707 09:12:17.330879 51480 event_listener.cc:132] [event_listener/stall_cond_changed] column family: default write stall condition was changed, from stop to normal
W20230707 09:12:17.331240 51709 event_listener.cc:132] [event_listener/stall_cond_changed] column family: default write stall condition was changed, from delay to stop
W20230707 09:12:18.653890 51705 event_listener.cc:132] [event_listener/stall_cond_changed] column family: default write stall condition was changed, from normal to delay
I20230707 09:12:20.030262 51480 event_listener.cc:84] [event_listener/flush_begin] column family: default, thread_id: 51480, job_id: 44, reason: 6
I20230707 09:12:21.413509 51481 event_listener.cc:138] [event_listener/table_file_created] column family: default, file path: /nvme/jinghuan/node_40001/db/000093.sst, file size: 75873187, job id: 43, reason: flush, status: OK
I20230707 09:12:21.420039 51481 event_listener.cc:91] [event_listener/flush_completed] column family: default, thread_id: 51481, job_id: 43, file: /nvme/jinghuan/node_40001/db/000093.sst, reason: 6, is_write_slowdown: no, is_write_stall: no, largest seqno: 14467177, smallest seqno: 13812624
W20230707 09:12:21.420158 51481 event_listener.cc:132] [event_listener/stall_cond_changed] column family: default write stall condition was changed, from stop to normal
W20230707 09:12:21.421239 51707 event_listener.cc:132] [event_listener/stall_cond_changed] column family: default write stall condition was changed, from delay to stop
I20230707 09:12:21.816072 51479 event_listener.cc:138] [event_listener/table_file_created] column family: metadata, file path: /nvme/jinghuan/node_40001/db/000090.sst, file size: 76273495, job id: 42, reason: compaction, status: OK
I20230707 09:12:21.835129 51479 event_listener.cc:71] [event_listener/compaction_completed] column family: metadata, compaction reason: 1, output compression type: no, base input level(files): 0(4), output level(files): 1(1), input bytes: 76921096, output bytes:76273495, is_manual_compaction:no, elapsed(micro): 7854858
I20230707 09:12:21.839227 51479 event_listener.cc:127] [event_listener/table_file_deleted] db: /nvme/jinghuan/node_40001/db, sst file: /nvme/jinghuan/node_40001/db/000066.sst, status: OK
I20230707 09:12:21.842878 51479 event_listener.cc:127] [event_listener/table_file_deleted] db: /nvme/jinghuan/node_40001/db, sst file: /nvme/jinghuan/node_40001/db/000049.sst, status: OK
I20230707 09:12:21.845269 51479 event_listener.cc:127] [event_listener/table_file_deleted] db: /nvme/jinghuan/node_40001/db, sst file: /nvme/jinghuan/node_40001/db/000034.sst, status: OK
W20230707 09:12:22.681550 51711 event_listener.cc:132] [event_listener/stall_cond_changed] column family: default write stall condition was changed, from normal to delay
I20230707 09:12:23.418624 51481 event_listener.cc:84] [event_listener/flush_begin] column family: metadata, thread_id: 51481, job_id: 46, reason: 13
I20230707 09:12:25.313287 51481 event_listener.cc:138] [event_listener/table_file_created] column family: metadata, file path: /nvme/jinghuan/node_40001/db/000100.sst, file size: 19250534, job id: 46, reason: flush, status: OK
I20230707 09:12:25.319736 51481 event_listener.cc:91] [event_listener/flush_completed] column family: metadata, thread_id: 51481, job_id: 46, file: /nvme/jinghuan/node_40001/db/000100.sst, reason: 13, is_write_slowdown: no, is_write_stall: no, largest seqno: 15737788, smallest seqno: 12590215
I20230707 09:12:25.333232 51481 event_listener.cc:84] [event_listener/flush_begin] column family: default, thread_id: 51481, job_id: 47, reason: 6
I20230707 09:12:26.924147 51480 event_listener.cc:138] [event_listener/table_file_created] column family: default, file path: /nvme/jinghuan/node_40001/db/000096.sst, file size: 84957048, job id: 44, reason: flush, status: OK
I20230707 09:12:26.937897 51480 event_listener.cc:91] [event_listener/flush_completed] column family: default, thread_id: 51480, job_id: 44, file: /nvme/jinghuan/node_40001/db/000096.sst, reason: 6, is_write_slowdown: no, is_write_stall: no, largest seqno: 15200173, smallest seqno: 14467179
W20230707 09:12:26.938169 51480 event_listener.cc:132] [event_listener/stall_cond_changed] column family: default write stall condition was changed, from stop to normal
W20230707 09:12:26.938364 51708 event_listener.cc:132] [event_listener/stall_cond_changed] column family: default write stall condition was changed, from delay to stop
W20230707 09:12:28.224731 51706 event_listener.cc:132] [event_listener/stall_cond_changed] column family: default write stall condition was changed, from normal to delay
I20230707 09:12:29.418635 51478 event_listener.cc:138] [event_listener/table_file_created] column family: default, file path: /nvme/jinghuan/node_40001/db/000078.sst, file size: 323557750, job id: 36, reason: compaction, status: OK
I20230707 09:12:29.443149 51478 event_listener.cc:71] [event_listener/compaction_completed] column family: default, compaction reason: 1, output compression type: no, base input level(files): 0(4), output level(files): 0(1), input bytes: 323720054, output bytes:323557750, is_manual_compaction:no, elapsed(micro): 31493440
I20230707 09:12:29.445335 51478 event_listener.cc:127] [event_listener/table_file_deleted] db: /nvme/jinghuan/node_40001/db, sst file: /nvme/jinghuan/node_40001/db/000083.sst, status: OK
I20230707 09:12:29.453224 51478 event_listener.cc:127] [event_listener/table_file_deleted] db: /nvme/jinghuan/node_40001/db, sst file: /nvme/jinghuan/node_40001/db/000059.sst, status: OK
I20230707 09:12:29.462086 51478 event_listener.cc:127] [event_listener/table_file_deleted] db: /nvme/jinghuan/node_40001/db, sst file: /nvme/jinghuan/node_40001/db/000056.sst, status: OK
I20230707 09:12:29.467983 51478 event_listener.cc:127] [event_listener/table_file_deleted] db: /nvme/jinghuan/node_40001/db, sst file: /nvme/jinghuan/node_40001/db/000052.sst, status: OK
I20230707 09:12:29.475224 51478 event_listener.cc:127] [event_listener/table_file_deleted] db: /nvme/jinghuan/node_40001/db, sst file: /nvme/jinghuan/node_40001/db/000047.sst, status: OK
I20230707 09:12:29.578907 51480 event_listener.cc:84] [event_listener/flush_begin] column family: default, thread_id: 51480, job_id: 50, reason: 6
I20230707 09:12:30.317746 51481 event_listener.cc:138] [event_listener/table_file_created] column family: default, file path: /nvme/jinghuan/node_40001/db/000102.sst, file size: 79396702, job id: 47, reason: flush, status: OK
I20230707 09:12:30.324102 51481 event_listener.cc:91] [event_listener/flush_completed] column family: default, thread_id: 51481, job_id: 47, file: /nvme/jinghuan/node_40001/db/000102.sst, reason: 6, is_write_slowdown: no, is_write_stall: no, largest seqno: 15885176, smallest seqno: 15200175
W20230707 09:12:30.324293 51710 event_listener.cc:132] [event_listener/stall_cond_changed] column family: default write stall condition was changed, from delay to stop
W20230707 09:12:30.324471 51481 event_listener.cc:132] [event_listener/stall_cond_changed] column family: default write stall condition was changed, from stop to normal
W20230707 09:12:31.674226 51705 event_listener.cc:132] [event_listener/stall_cond_changed] column family: default write stall condition was changed, from normal to delay
I20230707 09:12:33.068572 51481 event_listener.cc:84] [event_listener/flush_begin] column family: default, thread_id: 51481, job_id: 54, reason: 6
I20230707 09:12:33.131253 51480 event_listener.cc:138] [event_listener/table_file_created] column family: default, file path: /nvme/jinghuan/node_40001/db/000105.sst, file size: 84767536, job id: 50, reason: flush, status: OK
I20230707 09:12:33.147117 51480 event_listener.cc:91] [event_listener/flush_completed] column family: default, thread_id: 51480, job_id: 50, file: /nvme/jinghuan/node_40001/db/000105.sst, reason: 6, is_write_slowdown: no, is_write_stall: no, largest seqno: 16616500, smallest seqno: 15885178
W20230707 09:12:33.147234 51480 event_listener.cc:132] [event_listener/stall_cond_changed] column family: default write stall condition was changed, from stop to normal
W20230707 09:12:33.147447 51712 event_listener.cc:132] [event_listener/stall_cond_changed] column family: default write stall condition was changed, from delay to stop
W20230707 09:12:34.488242 51710 event_listener.cc:132] [event_listener/stall_cond_changed] column family: default write stall condition was changed, from normal to delay
I20230707 09:12:35.905045 51480 event_listener.cc:84] [event_listener/flush_begin] column family: default, thread_id: 51480, job_id: 58, reason: 6
I20230707 09:12:36.932292 51481 event_listener.cc:138] [event_listener/table_file_created] column family: default, file path: /nvme/jinghuan/node_40001/db/000108.sst, file size: 84864883, job id: 54, reason: flush, status: OK
I20230707 09:12:36.941468 51481 event_listener.cc:91] [event_listener/flush_completed] column family: default, thread_id: 51481, job_id: 54, file: /nvme/jinghuan/node_40001/db/000108.sst, reason: 6, is_write_slowdown: no, is_write_stall: no, largest seqno: 17348660, smallest seqno: 16616502
W20230707 09:12:36.941717 51481 event_listener.cc:132] [event_listener/stall_cond_changed] column family: default write stall condition was changed, from stop to normal
W20230707 09:12:36.942096 51705 event_listener.cc:132] [event_listener/stall_cond_changed] column family: default write stall condition was changed, from delay to stop
W20230707 09:12:38.096741 51706 event_listener.cc:132] [event_listener/stall_cond_changed] column family: default write stall condition was changed, from normal to delay
I20230707 09:12:39.313539 51481 event_listener.cc:84] [event_listener/flush_begin] column family: default, thread_id: 51481, job_id: 60, reason: 6
I20230707 09:12:41.530928 51480 event_listener.cc:138] [event_listener/table_file_created] column family: default, file path: /nvme/jinghuan/node_40001/db/000111.sst, file size: 85048654, job id: 58, reason: flush, status: OK
I20230707 09:12:41.541468 51480 event_listener.cc:91] [event_listener/flush_completed] column family: default, thread_id: 51480, job_id: 58, file: /nvme/jinghuan/node_40001/db/000111.sst, reason: 6, is_write_slowdown: no, is_write_stall: no, largest seqno: 18082426, smallest seqno: 17348662
W20230707 09:12:41.541589 51480 event_listener.cc:132] [event_listener/stall_cond_changed] column family: default write stall condition was changed, from stop to normal
W20230707 09:12:41.542115 51706 event_listener.cc:132] [event_listener/stall_cond_changed] column family: default write stall condition was changed, from delay to stop
I20230707 09:12:42.104967 51480 event_listener.cc:84] [event_listener/flush_begin] column family: metadata, thread_id: 51480, job_id: 61, reason: 13
W20230707 09:12:42.706765 51711 event_listener.cc:132] [event_listener/stall_cond_changed] column family: default write stall condition was changed, from normal to delay
I20230707 09:12:43.824966 51480 event_listener.cc:138] [event_listener/table_file_created] column family: metadata, file path: /nvme/jinghuan/node_40001/db/000117.sst, file size: 19249828, job id: 61, reason: flush, status: OK
I20230707 09:12:43.831319 51480 event_listener.cc:91] [event_listener/flush_completed] column family: metadata, thread_id: 51480, job_id: 61, file: /nvme/jinghuan/node_40001/db/000117.sst, reason: 13, is_write_slowdown: no, is_write_stall: no, largest seqno: 18885372, smallest seqno: 15737799
I20230707 09:12:43.933557 51480 event_listener.cc:84] [event_listener/flush_begin] column family: default, thread_id: 51480, job_id: 62, reason: 6
I20230707 09:12:46.029898 51481 event_listener.cc:138] [event_listener/table_file_created] column family: default, file path: /nvme/jinghuan/node_40001/db/000115.sst, file size: 75511268, job id: 60, reason: flush, status: OK
I20230707 09:12:46.036273 51481 event_listener.cc:91] [event_listener/flush_completed] column family: default, thread_id: 51481, job_id: 60, file: /nvme/jinghuan/node_40001/db/000115.sst, reason: 6, is_write_slowdown: no, is_write_stall: no, largest seqno: 18733890, smallest seqno: 18082428
W20230707 09:12:46.036571 51481 event_listener.cc:132] [event_listener/stall_cond_changed] column family: default write stall condition was changed, from stop to normal
W20230707 09:12:46.036751 51709 event_listener.cc:132] [event_listener/stall_cond_changed] column family: default write stall condition was changed, from delay to stop
W20230707 09:12:47.345186 51705 event_listener.cc:132] [event_listener/stall_cond_changed] column family: default write stall condition was changed, from normal to delay
I20230707 09:12:48.630983 51480 event_listener.cc:138] [event_listener/table_file_created] column family: default, file path: /nvme/jinghuan/node_40001/db/000120.sst, file size: 78448455, job id: 62, reason: flush, status: OK
I20230707 09:12:48.644769 51480 event_listener.cc:91] [event_listener/flush_completed] column family: default, thread_id: 51480, job_id: 62, file: /nvme/jinghuan/node_40001/db/000120.sst, reason: 6, is_write_slowdown: no, is_write_stall: no, largest seqno: 19410676, smallest seqno: 18733892
W20230707 09:12:48.644894 51480 event_listener.cc:132] [event_listener/stall_cond_changed] column family: default write stall condition was changed, from delay to normal
I20230707 09:12:48.732618 51481 event_listener.cc:84] [event_listener/flush_begin] column family: default, thread_id: 51481, job_id: 63, reason: 6
W20230707 09:12:50.013036 51705 event_listener.cc:132] [event_listener/stall_cond_changed] column family: default write stall condition was changed, from normal to delay
I20230707 09:12:51.410382 51480 event_listener.cc:84] [event_listener/flush_begin] column family: default, thread_id: 51480, job_id: 64, reason: 6
I20230707 09:12:54.340189 51481 event_listener.cc:138] [event_listener/table_file_created] column family: default, file path: /nvme/jinghuan/node_40001/db/000123.sst, file size: 84748779, job id: 63, reason: flush, status: OK
I20230707 09:12:54.346720 51481 event_listener.cc:91] [event_listener/flush_completed] column family: default, thread_id: 51481, job_id: 63, file: /nvme/jinghuan/node_40001/db/000123.sst, reason: 6, is_write_slowdown: no, is_write_stall: no, largest seqno: 20141835, smallest seqno: 19410678
W20230707 09:12:54.346758 51481 event_listener.cc:132] [event_listener/stall_cond_changed] column family: default write stall condition was changed, from stop to normal
W20230707 09:12:54.347182 51708 event_listener.cc:132] [event_listener/stall_cond_changed] column family: default write stall condition was changed, from delay to stop
W20230707 09:12:55.651274 51707 event_listener.cc:132] [event_listener/stall_cond_changed] column family: default write stall condition was changed, from normal to delay
I20230707 09:12:56.337313 51480 event_listener.cc:138] [event_listener/table_file_created] column family: default, file path: /nvme/jinghuan/node_40001/db/000126.sst, file size: 85050866, job id: 64, reason: flush, status: OK
I20230707 09:12:56.350281 51480 event_listener.cc:91] [event_listener/flush_completed] column family: default, thread_id: 51480, job_id: 64, file: /nvme/jinghuan/node_40001/db/000126.sst, reason: 6, is_write_slowdown: no, is_write_stall: no, largest seqno: 20875612, smallest seqno: 20141837
W20230707 09:12:56.350351 51480 event_listener.cc:132] [event_listener/stall_cond_changed] column family: default write stall condition was changed, from delay to normal
I20230707 09:12:56.935060 51479 event_listener.cc:138] [event_listener/table_file_created] column family: default, file path: /nvme/jinghuan/node_40001/db/000097.sst, file size: 398898009, job id: 45, reason: compaction, status: OK
I20230707 09:12:56.961474 51479 event_listener.cc:71] [event_listener/compaction_completed] column family: default, compaction reason: 1, output compression type: no, base input level(files): 0(5), output level(files): 0(1), input bytes: 399054302, output bytes:398898009, is_manual_compaction:no, elapsed(micro): 35089873
I20230707 09:12:56.972254 51479 event_listener.cc:127] [event_listener/table_file_deleted] db: /nvme/jinghuan/node_40001/db, sst file: /nvme/jinghuan/node_40001/db/000074.sst, status: OK
I20230707 09:12:56.977988 51479 event_listener.cc:127] [event_listener/table_file_deleted] db: /nvme/jinghuan/node_40001/db, sst file: /nvme/jinghuan/node_40001/db/000071.sst, status: OK
I20230707 09:12:56.985199 51479 event_listener.cc:127] [event_listener/table_file_deleted] db: /nvme/jinghuan/node_40001/db, sst file: /nvme/jinghuan/node_40001/db/000068.sst, status: OK
I20230707 09:12:56.991186 51479 event_listener.cc:127] [event_listener/table_file_deleted] db: /nvme/jinghuan/node_40001/db, sst file: /nvme/jinghuan/node_40001/db/000063.sst, status: OK
I20230707 09:12:57.030560 51481 event_listener.cc:84] [event_listener/flush_begin] column family: default, thread_id: 51481, job_id: 65, reason: 6
W20230707 09:12:58.276775 51707 event_listener.cc:132] [event_listener/stall_cond_changed] column family: default write stall condition was changed, from normal to delay
I20230707 09:12:58.507891 51708 cluster.cc:923] function: Migrate parallel seek-and-insert
I20230707 09:12:58.507917 51708 slot_migrate_parallel.cc:32] [migrate] Start migrating slots, from slot: 0 to slot: 0. Slots are moving to 0.0.0.0:40002
I20230707 09:12:58.507925 51708 cluster.cc:935] [cluster migration] Finished slot migration cmds sending, start to set nodes
I20230707 09:12:58.507957 51704 slot_migrate.cc:165] [migrate] Migrating slot: -1, dst_ip: 0.0.0.0, dst_port: 40002, max_speed: 0, max_pipeline_size: 16
