Log file created at: 2023/07/07 09:01:25
Running on machine: en4217754l
Running duration (h:mm:ss): 0:00:00
Log line format: [IWEF]yyyymmdd hh:mm:ss.uuuuuu threadid file:line] msg
I20230707 09:01:25.892992 50164 main.cc:328] kvrocks unstable (commit 4a10c89)
I20230707 09:01:26.313005 50164 storage.cc:322] [storage] Success to load the data from disk: 103 ms
I20230707 09:01:26.313709 50164 worker.cc:72] [worker] Listening on: 10.218.109.65:40001
I20230707 09:01:26.313741 50164 worker.cc:72] [worker] Listening on: 127.0.0.1:40001
I20230707 09:01:26.314015 50164 worker.cc:72] [worker] Listening on: 10.218.109.65:40001
I20230707 09:01:26.314040 50164 worker.cc:72] [worker] Listening on: 127.0.0.1:40001
I20230707 09:01:26.314244 50164 worker.cc:72] [worker] Listening on: 10.218.109.65:40001
I20230707 09:01:26.314266 50164 worker.cc:72] [worker] Listening on: 127.0.0.1:40001
I20230707 09:01:26.314453 50164 worker.cc:72] [worker] Listening on: 10.218.109.65:40001
I20230707 09:01:26.314476 50164 worker.cc:72] [worker] Listening on: 127.0.0.1:40001
I20230707 09:01:26.314664 50164 worker.cc:72] [worker] Listening on: 10.218.109.65:40001
I20230707 09:01:26.314688 50164 worker.cc:72] [worker] Listening on: 127.0.0.1:40001
I20230707 09:01:26.314864 50164 worker.cc:72] [worker] Listening on: 10.218.109.65:40001
I20230707 09:01:26.314886 50164 worker.cc:72] [worker] Listening on: 127.0.0.1:40001
I20230707 09:01:26.315064 50164 worker.cc:72] [worker] Listening on: 10.218.109.65:40001
I20230707 09:01:26.315086 50164 worker.cc:72] [worker] Listening on: 127.0.0.1:40001
I20230707 09:01:26.315259 50164 worker.cc:72] [worker] Listening on: 10.218.109.65:40001
I20230707 09:01:26.315281 50164 worker.cc:72] [worker] Listening on: 127.0.0.1:40001
W20230707 09:01:26.315429 50164 server.cc:1650] [server] Increased maximum number of open files to 14224 (it's originally set to 1024)
I20230707 09:01:26.315728 50164 cluster.cc:643] The cluster nodes file /nvme/jinghuan/node_40001/nodes.conf is not found. Use CLUSTERX subcommands to specify it.
I20230707 09:01:26.315757 50164 cluster.cc:643] The cluster nodes file /nvme/jinghuan/node_40001/nodes.conf is not found. Use CLUSTERX subcommands to specify it.
I20230707 09:01:26.319567 50164 worker.cc:519] [worker] Thread #140200692909824 started
I20230707 09:01:26.319612 50164 worker.cc:519] [worker] Thread #140200701302528 started
I20230707 09:01:26.319674 50164 worker.cc:519] [worker] Thread #140201124886272 started
I20230707 09:01:26.319741 50164 worker.cc:519] [worker] Thread #140201116493568 started
I20230707 09:01:26.319797 50164 worker.cc:519] [worker] Thread #140201108100864 started
I20230707 09:01:26.319854 50164 worker.cc:519] [worker] Thread #140201099708160 started
I20230707 09:01:26.319913 50164 worker.cc:519] [worker] Thread #140200751658752 started
I20230707 09:01:26.319969 50164 worker.cc:519] [worker] Thread #140200743266048 started
I20230707 09:01:26.320147 50164 server.cc:211] [server] Ready to accept connections
I20230707 09:01:26.927888 50406 cluster.cc:286] MASTER MODE enabled by cluster topology setting
I20230707 09:01:29.436450 50177 event_listener.cc:84] [event_listener/flush_begin] column family: default, thread_id: 50177, job_id: 3, reason: 6
I20230707 09:01:29.869055 50177 event_listener.cc:138] [event_listener/table_file_created] column family: default, file path: /nvme/jinghuan/node_40001/db/000016.sst, file size: 83063265, job id: 3, reason: flush, status: OK
I20230707 09:01:29.875399 50177 event_listener.cc:91] [event_listener/flush_completed] column family: default, thread_id: 50177, job_id: 3, file: /nvme/jinghuan/node_40001/db/000016.sst, reason: 6, is_write_slowdown: no, is_write_stall: no, largest seqno: 716649, smallest seqno: 1
I20230707 09:01:30.625500 50175 event_listener.cc:138] [event_listener/table_file_created] column family: default, file path: /nvme/jinghuan/node_40001/db/000017.sst, file size: 83063261, job id: 4, reason: compaction, status: OK
I20230707 09:01:30.635699 50175 event_listener.cc:71] [event_listener/compaction_completed] column family: default, compaction reason: 11, output compression type: no, base input level(files): 0(1), output level(files): 0(1), input bytes: 83063265, output bytes:83063261, is_manual_compaction:no, elapsed(micro): 750103
I20230707 09:01:30.647836 50175 event_listener.cc:127] [event_listener/table_file_deleted] db: /nvme/jinghuan/node_40001/db, sst file: /nvme/jinghuan/node_40001/db/000016.sst, status: OK
I20230707 09:01:31.897361 50179 event_listener.cc:84] [event_listener/flush_begin] column family: default, thread_id: 50179, job_id: 5, reason: 6
I20230707 09:01:32.314415 50179 event_listener.cc:138] [event_listener/table_file_created] column family: default, file path: /nvme/jinghuan/node_40001/db/000020.sst, file size: 83265700, job id: 5, reason: flush, status: OK
I20230707 09:01:32.329933 50179 event_listener.cc:91] [event_listener/flush_completed] column family: default, thread_id: 50179, job_id: 5, file: /nvme/jinghuan/node_40001/db/000020.sst, reason: 6, is_write_slowdown: no, is_write_stall: no, largest seqno: 1435048, smallest seqno: 716651
I20230707 09:01:34.093211 50177 event_listener.cc:84] [event_listener/flush_begin] column family: default, thread_id: 50177, job_id: 6, reason: 6
I20230707 09:01:34.472865 50177 event_listener.cc:138] [event_listener/table_file_created] column family: default, file path: /nvme/jinghuan/node_40001/db/000023.sst, file size: 76075632, job id: 6, reason: flush, status: OK
I20230707 09:01:34.484088 50177 event_listener.cc:91] [event_listener/flush_completed] column family: default, thread_id: 50177, job_id: 6, file: /nvme/jinghuan/node_40001/db/000023.sst, reason: 6, is_write_slowdown: no, is_write_stall: no, largest seqno: 2091319, smallest seqno: 1435050
I20230707 09:01:36.318997 50179 event_listener.cc:84] [event_listener/flush_begin] column family: default, thread_id: 50179, job_id: 7, reason: 6
W20230707 09:01:37.388702 50410 event_listener.cc:132] [event_listener/stall_cond_changed] column family: default write stall condition was changed, from normal to delay
I20230707 09:01:37.646705 50177 event_listener.cc:84] [event_listener/flush_begin] column family: metadata, thread_id: 50177, job_id: 8, reason: 13
I20230707 09:01:39.049474 50177 event_listener.cc:138] [event_listener/table_file_created] column family: metadata, file path: /nvme/jinghuan/node_40001/db/000029.sst, file size: 19243637, job id: 8, reason: flush, status: OK
I20230707 09:01:39.062904 50177 event_listener.cc:91] [event_listener/flush_completed] column family: metadata, thread_id: 50177, job_id: 8, file: /nvme/jinghuan/node_40001/db/000029.sst, reason: 13, is_write_slowdown: no, is_write_stall: no, largest seqno: 3147551, smallest seqno: 11
I20230707 09:01:39.091768 50177 event_listener.cc:84] [event_listener/flush_begin] column family: default, thread_id: 50177, job_id: 9, reason: 6
I20230707 09:01:40.540467 50179 event_listener.cc:138] [event_listener/table_file_created] column family: default, file path: /nvme/jinghuan/node_40001/db/000026.sst, file size: 76625619, job id: 7, reason: flush, status: OK
I20230707 09:01:40.554030 50179 event_listener.cc:91] [event_listener/flush_completed] column family: default, thread_id: 50179, job_id: 7, file: /nvme/jinghuan/node_40001/db/000026.sst, reason: 6, is_write_slowdown: no, is_write_stall: no, largest seqno: 2752353, smallest seqno: 2091321
W20230707 09:01:40.554378 50179 event_listener.cc:132] [event_listener/stall_cond_changed] column family: default write stall condition was changed, from stop to normal
W20230707 09:01:40.554560 50410 event_listener.cc:132] [event_listener/stall_cond_changed] column family: default write stall condition was changed, from delay to stop
I20230707 09:01:41.150025 50176 event_listener.cc:138] [event_listener/table_file_created] column family: metadata, file path: /nvme/jinghuan/node_40001/db/000032.sst, file size: 19243633, job id: 10, reason: compaction, status: OK
I20230707 09:01:41.164499 50176 event_listener.cc:71] [event_listener/compaction_completed] column family: metadata, compaction reason: 11, output compression type: no, base input level(files): 0(1), output level(files): 0(1), input bytes: 19243637, output bytes:19243633, is_manual_compaction:no, elapsed(micro): 1817751
I20230707 09:01:41.167058 50176 event_listener.cc:127] [event_listener/table_file_deleted] db: /nvme/jinghuan/node_40001/db, sst file: /nvme/jinghuan/node_40001/db/000029.sst, status: OK
W20230707 09:01:41.803133 50411 event_listener.cc:132] [event_listener/stall_cond_changed] column family: default write stall condition was changed, from normal to delay
I20230707 09:01:42.986419 50179 event_listener.cc:84] [event_listener/flush_begin] column family: default, thread_id: 50179, job_id: 12, reason: 6
I20230707 09:01:45.246397 50177 event_listener.cc:138] [event_listener/table_file_created] column family: default, file path: /nvme/jinghuan/node_40001/db/000031.sst, file size: 76594160, job id: 9, reason: flush, status: OK
I20230707 09:01:45.262389 50177 event_listener.cc:91] [event_listener/flush_completed] column family: default, thread_id: 50177, job_id: 9, file: /nvme/jinghuan/node_40001/db/000031.sst, reason: 6, is_write_slowdown: no, is_write_stall: no, largest seqno: 3413145, smallest seqno: 2752355
W20230707 09:01:45.262579 50177 event_listener.cc:132] [event_listener/stall_cond_changed] column family: default write stall condition was changed, from stop to normal
W20230707 09:01:45.266685 50411 event_listener.cc:132] [event_listener/stall_cond_changed] column family: default write stall condition was changed, from delay to stop
W20230707 09:01:46.616230 50409 event_listener.cc:132] [event_listener/stall_cond_changed] column family: default write stall condition was changed, from normal to delay
I20230707 09:01:48.021136 50177 event_listener.cc:84] [event_listener/flush_begin] column family: default, thread_id: 50177, job_id: 13, reason: 6
I20230707 09:01:48.951445 50179 event_listener.cc:138] [event_listener/table_file_created] column family: default, file path: /nvme/jinghuan/node_40001/db/000036.sst, file size: 79943540, job id: 12, reason: flush, status: OK
I20230707 09:01:48.963908 50179 event_listener.cc:91] [event_listener/flush_completed] column family: default, thread_id: 50179, job_id: 12, file: /nvme/jinghuan/node_40001/db/000036.sst, reason: 6, is_write_slowdown: no, is_write_stall: no, largest seqno: 4102867, smallest seqno: 3413147
W20230707 09:01:48.963963 50179 event_listener.cc:132] [event_listener/stall_cond_changed] column family: default write stall condition was changed, from stop to normal
W20230707 09:01:48.964262 50409 event_listener.cc:132] [event_listener/stall_cond_changed] column family: default write stall condition was changed, from delay to stop
W20230707 09:01:50.207489 50407 event_listener.cc:132] [event_listener/stall_cond_changed] column family: default write stall condition was changed, from normal to delay
I20230707 09:01:51.507393 50179 event_listener.cc:84] [event_listener/flush_begin] column family: default, thread_id: 50179, job_id: 14, reason: 6
I20230707 09:01:54.750097 50177 event_listener.cc:138] [event_listener/table_file_created] column family: default, file path: /nvme/jinghuan/node_40001/db/000039.sst, file size: 83068183, job id: 13, reason: flush, status: OK
I20230707 09:01:54.761787 50177 event_listener.cc:91] [event_listener/flush_completed] column family: default, thread_id: 50177, job_id: 13, file: /nvme/jinghuan/node_40001/db/000039.sst, reason: 6, is_write_slowdown: no, is_write_stall: no, largest seqno: 4819561, smallest seqno: 4102869
W20230707 09:01:54.761843 50177 event_listener.cc:132] [event_listener/stall_cond_changed] column family: default write stall condition was changed, from stop to normal
W20230707 09:01:54.762252 50407 event_listener.cc:132] [event_listener/stall_cond_changed] column family: default write stall condition was changed, from delay to stop
W20230707 09:01:56.171761 50411 event_listener.cc:132] [event_listener/stall_cond_changed] column family: default write stall condition was changed, from normal to delay
I20230707 09:01:56.549675 50176 event_listener.cc:138] [event_listener/table_file_created] column family: default, file path: /nvme/jinghuan/node_40001/db/000033.sst, file size: 138728100, job id: 11, reason: compaction, status: OK
I20230707 09:01:57.549147 50179 event_listener.cc:138] [event_listener/table_file_created] column family: default, file path: /nvme/jinghuan/node_40001/db/000042.sst, file size: 83213758, job id: 14, reason: flush, status: OK
I20230707 09:01:57.563642 50179 event_listener.cc:91] [event_listener/flush_completed] column family: default, thread_id: 50179, job_id: 14, file: /nvme/jinghuan/node_40001/db/000042.sst, reason: 6, is_write_slowdown: no, is_write_stall: no, largest seqno: 5537487, smallest seqno: 4819563
W20230707 09:01:57.563679 50179 event_listener.cc:132] [event_listener/stall_cond_changed] column family: default write stall condition was changed, from delay to normal
I20230707 09:01:57.635673 50177 event_listener.cc:84] [event_listener/flush_begin] column family: default, thread_id: 50177, job_id: 16, reason: 6
I20230707 09:01:57.681031 50179 event_listener.cc:84] [event_listener/flush_begin] column family: metadata, thread_id: 50179, job_id: 17, reason: 13
W20230707 09:01:58.964205 50411 event_listener.cc:132] [event_listener/stall_cond_changed] column family: default write stall condition was changed, from normal to delay
I20230707 09:02:00.353368 50179 event_listener.cc:138] [event_listener/table_file_created] column family: metadata, file path: /nvme/jinghuan/node_40001/db/000049.sst, file size: 19237942, job id: 17, reason: flush, status: OK
I20230707 09:02:00.361793 50179 event_listener.cc:91] [event_listener/flush_completed] column family: metadata, thread_id: 50179, job_id: 17, file: /nvme/jinghuan/node_40001/db/000049.sst, reason: 13, is_write_slowdown: no, is_write_stall: no, largest seqno: 6295113, smallest seqno: 3147562
I20230707 09:02:00.422381 50179 event_listener.cc:84] [event_listener/flush_begin] column family: default, thread_id: 50179, job_id: 18, reason: 6
I20230707 09:02:08.571486 50179 event_listener.cc:138] [event_listener/table_file_created] column family: default, file path: /nvme/jinghuan/node_40001/db/000052.sst, file size: 85045599, job id: 18, reason: flush, status: OK
I20230707 09:02:09.853835 50176 event_listener.cc:138] [event_listener/table_file_created] column family: default, file path: /nvme/jinghuan/node_40001/db/000044.sst, file size: 138701152, job id: 11, reason: compaction, status: OK
I20230707 09:02:10.063709 50177 event_listener.cc:138] [event_listener/table_file_created] column family: default, file path: /nvme/jinghuan/node_40001/db/000047.sst, file size: 85048538, job id: 16, reason: flush, status: OK
I20230707 09:02:10.079980 50177 event_listener.cc:91] [event_listener/flush_completed] column family: default, thread_id: 50177, job_id: 16, file: /nvme/jinghuan/node_40001/db/000047.sst, reason: 6, is_write_slowdown: no, is_write_stall: no, largest seqno: 6271264, smallest seqno: 5537489
I20230707 09:02:10.080013 50177 event_listener.cc:91] [event_listener/flush_completed] column family: default, thread_id: 50179, job_id: 18, file: /nvme/jinghuan/node_40001/db/000052.sst, reason: 6, is_write_slowdown: no, is_write_stall: no, largest seqno: 7004997, smallest seqno: 6271266
W20230707 09:02:10.080308 50177 event_listener.cc:132] [event_listener/stall_cond_changed] column family: default write stall condition was changed, from stop to normal
W20230707 09:02:10.080581 50411 event_listener.cc:132] [event_listener/stall_cond_changed] column family: default write stall condition was changed, from delay to stop
I20230707 09:02:12.516669 50179 event_listener.cc:84] [event_listener/flush_begin] column family: default, thread_id: 50179, job_id: 19, reason: 6
I20230707 09:02:13.159688 50176 event_listener.cc:138] [event_listener/table_file_created] column family: default, file path: /nvme/jinghuan/node_40001/db/000053.sst, file size: 41447233, job id: 11, reason: compaction, status: OK
I20230707 09:02:13.184216 50176 event_listener.cc:71] [event_listener/compaction_completed] column family: default, compaction reason: 1, output compression type: no, base input level(files): 0(4), output level(files): 1(3), input bytes: 319030212, output bytes:318876485, is_manual_compaction:no, elapsed(micro): 31992644
W20230707 09:02:13.628530 50410 event_listener.cc:132] [event_listener/stall_cond_changed] column family: default write stall condition was changed, from normal to delay
I20230707 09:02:13.641777 50176 event_listener.cc:71] [event_listener/compaction_completed] column family: default, compaction reason: 2, output compression type: no, base input level(files): 1(1), output level(files): 2(1), input bytes: 0, output bytes:0, is_manual_compaction:no, elapsed(micro): 0
I20230707 09:02:14.808069 50177 event_listener.cc:84] [event_listener/flush_begin] column family: default, thread_id: 50177, job_id: 21, reason: 6
I20230707 09:02:19.467650 50179 event_listener.cc:138] [event_listener/table_file_created] column family: default, file path: /nvme/jinghuan/node_40001/db/000056.sst, file size: 78791444, job id: 19, reason: flush, status: OK
I20230707 09:02:19.480373 50179 event_listener.cc:91] [event_listener/flush_completed] column family: default, thread_id: 50179, job_id: 19, file: /nvme/jinghuan/node_40001/db/000056.sst, reason: 6, is_write_slowdown: no, is_write_stall: no, largest seqno: 7684775, smallest seqno: 7004999
W20230707 09:02:19.480481 50179 event_listener.cc:132] [event_listener/stall_cond_changed] column family: default write stall condition was changed, from stop to normal
W20230707 09:02:19.480939 50406 event_listener.cc:132] [event_listener/stall_cond_changed] column family: default write stall condition was changed, from delay to stop
W20230707 09:02:20.773419 50407 event_listener.cc:132] [event_listener/stall_cond_changed] column family: default write stall condition was changed, from normal to delay
I20230707 09:02:21.068544 50177 event_listener.cc:138] [event_listener/table_file_created] column family: default, file path: /nvme/jinghuan/node_40001/db/000059.sst, file size: 76096399, job id: 21, reason: flush, status: OK
I20230707 09:02:21.081099 50177 event_listener.cc:91] [event_listener/flush_completed] column family: default, thread_id: 50177, job_id: 21, file: /nvme/jinghuan/node_40001/db/000059.sst, reason: 6, is_write_slowdown: no, is_write_stall: no, largest seqno: 8341299, smallest seqno: 7684777
W20230707 09:02:21.081220 50177 event_listener.cc:132] [event_listener/stall_cond_changed] column family: default write stall condition was changed, from delay to normal
I20230707 09:02:22.074967 50179 event_listener.cc:84] [event_listener/flush_begin] column family: default, thread_id: 50179, job_id: 23, reason: 6
W20230707 09:02:23.234679 50407 event_listener.cc:132] [event_listener/stall_cond_changed] column family: default write stall condition was changed, from normal to delay
I20230707 09:02:23.630872 50177 event_listener.cc:84] [event_listener/flush_begin] column family: metadata, thread_id: 50177, job_id: 24, reason: 13
I20230707 09:02:25.468736 50177 event_listener.cc:138] [event_listener/table_file_created] column family: metadata, file path: /nvme/jinghuan/node_40001/db/000066.sst, file size: 19219210, job id: 24, reason: flush, status: OK
I20230707 09:02:25.477313 50177 event_listener.cc:91] [event_listener/flush_completed] column family: metadata, thread_id: 50177, job_id: 24, file: /nvme/jinghuan/node_40001/db/000066.sst, reason: 13, is_write_slowdown: no, is_write_stall: no, largest seqno: 9442664, smallest seqno: 6295124
I20230707 09:02:25.511449 50177 event_listener.cc:84] [event_listener/flush_begin] column family: default, thread_id: 50177, job_id: 25, reason: 6
I20230707 09:02:29.672504 50179 event_listener.cc:138] [event_listener/table_file_created] column family: default, file path: /nvme/jinghuan/node_40001/db/000063.sst, file size: 76796571, job id: 23, reason: flush, status: OK
I20230707 09:02:29.689239 50179 event_listener.cc:91] [event_listener/flush_completed] column family: default, thread_id: 50179, job_id: 23, file: /nvme/jinghuan/node_40001/db/000063.sst, reason: 6, is_write_slowdown: no, is_write_stall: no, largest seqno: 9003851, smallest seqno: 8341301
W20230707 09:02:29.689467 50179 event_listener.cc:132] [event_listener/stall_cond_changed] column family: default write stall condition was changed, from stop to normal
W20230707 09:02:29.689693 50407 event_listener.cc:132] [event_listener/stall_cond_changed] column family: default write stall condition was changed, from delay to stop
W20230707 09:02:31.120540 50409 event_listener.cc:132] [event_listener/stall_cond_changed] column family: default write stall condition was changed, from normal to delay
I20230707 09:02:32.375321 50177 event_listener.cc:138] [event_listener/table_file_created] column family: default, file path: /nvme/jinghuan/node_40001/db/000068.sst, file size: 78281280, job id: 25, reason: flush, status: OK
I20230707 09:02:32.381733 50177 event_listener.cc:91] [event_listener/flush_completed] column family: default, thread_id: 50177, job_id: 25, file: /nvme/jinghuan/node_40001/db/000068.sst, reason: 6, is_write_slowdown: no, is_write_stall: no, largest seqno: 9679196, smallest seqno: 9003853
W20230707 09:02:32.381866 50177 event_listener.cc:132] [event_listener/stall_cond_changed] column family: default write stall condition was changed, from delay to normal
I20230707 09:02:32.607251 50179 event_listener.cc:84] [event_listener/flush_begin] column family: default, thread_id: 50179, job_id: 26, reason: 6
W20230707 09:02:33.990985 50409 event_listener.cc:132] [event_listener/stall_cond_changed] column family: default write stall condition was changed, from normal to delay
I20230707 09:02:35.270684 50175 event_listener.cc:138] [event_listener/table_file_created] column family: default, file path: /nvme/jinghuan/node_40001/db/000045.sst, file size: 322702390, job id: 15, reason: compaction, status: OK
I20230707 09:02:35.297538 50175 event_listener.cc:71] [event_listener/compaction_completed] column family: default, compaction reason: 1, output compression type: no, base input level(files): 0(4), output level(files): 0(1), input bytes: 322819641, output bytes:322702390, is_manual_compaction:no, elapsed(micro): 37706924
I20230707 09:02:35.306625 50175 event_listener.cc:127] [event_listener/table_file_deleted] db: /nvme/jinghuan/node_40001/db, sst file: /nvme/jinghuan/node_40001/db/000026.sst, status: OK
I20230707 09:02:35.314400 50175 event_listener.cc:127] [event_listener/table_file_deleted] db: /nvme/jinghuan/node_40001/db, sst file: /nvme/jinghuan/node_40001/db/000023.sst, status: OK
I20230707 09:02:35.320752 50175 event_listener.cc:127] [event_listener/table_file_deleted] db: /nvme/jinghuan/node_40001/db, sst file: /nvme/jinghuan/node_40001/db/000020.sst, status: OK
I20230707 09:02:35.327652 50175 event_listener.cc:127] [event_listener/table_file_deleted] db: /nvme/jinghuan/node_40001/db, sst file: /nvme/jinghuan/node_40001/db/000017.sst, status: OK
I20230707 09:02:35.484582 50177 event_listener.cc:84] [event_listener/flush_begin] column family: default, thread_id: 50177, job_id: 29, reason: 6
I20230707 09:02:39.676010 50179 event_listener.cc:138] [event_listener/table_file_created] column family: default, file path: /nvme/jinghuan/node_40001/db/000071.sst, file size: 84963620, job id: 26, reason: flush, status: OK
I20230707 09:02:39.682543 50179 event_listener.cc:91] [event_listener/flush_completed] column family: default, thread_id: 50179, job_id: 26, file: /nvme/jinghuan/node_40001/db/000071.sst, reason: 6, is_write_slowdown: no, is_write_stall: no, largest seqno: 10412269, smallest seqno: 9679198
W20230707 09:02:39.682587 50179 event_listener.cc:132] [event_listener/stall_cond_changed] column family: default write stall condition was changed, from stop to normal
W20230707 09:02:39.682788 50409 event_listener.cc:132] [event_listener/stall_cond_changed] column family: default write stall condition was changed, from delay to stop
W20230707 09:02:41.117141 50404 event_listener.cc:132] [event_listener/stall_cond_changed] column family: default write stall condition was changed, from normal to delay
I20230707 09:02:41.279215 50177 event_listener.cc:138] [event_listener/table_file_created] column family: default, file path: /nvme/jinghuan/node_40001/db/000074.sst, file size: 85048300, job id: 29, reason: flush, status: OK
I20230707 09:02:41.291164 50177 event_listener.cc:91] [event_listener/flush_completed] column family: default, thread_id: 50177, job_id: 29, file: /nvme/jinghuan/node_40001/db/000074.sst, reason: 6, is_write_slowdown: no, is_write_stall: no, largest seqno: 11146046, smallest seqno: 10412271
W20230707 09:02:41.291440 50177 event_listener.cc:132] [event_listener/stall_cond_changed] column family: default write stall condition was changed, from delay to normal
I20230707 09:02:42.605041 50179 event_listener.cc:84] [event_listener/flush_begin] column family: default, thread_id: 50179, job_id: 33, reason: 6
W20230707 09:02:43.987476 50404 event_listener.cc:132] [event_listener/stall_cond_changed] column family: default write stall condition was changed, from normal to delay
I20230707 09:02:45.380172 50177 event_listener.cc:84] [event_listener/flush_begin] column family: metadata, thread_id: 50177, job_id: 34, reason: 13
I20230707 09:02:47.275092 50177 event_listener.cc:138] [event_listener/table_file_created] column family: metadata, file path: /nvme/jinghuan/node_40001/db/000081.sst, file size: 19220761, job id: 34, reason: flush, status: OK
I20230707 09:02:47.281271 50177 event_listener.cc:91] [event_listener/flush_completed] column family: metadata, thread_id: 50177, job_id: 34, file: /nvme/jinghuan/node_40001/db/000081.sst, reason: 13, is_write_slowdown: no, is_write_stall: no, largest seqno: 12590226, smallest seqno: 9442675
I20230707 09:02:47.291134 50177 event_listener.cc:84] [event_listener/flush_begin] column family: default, thread_id: 50177, job_id: 35, reason: 6
I20230707 09:02:50.787827 50179 event_listener.cc:138] [event_listener/table_file_created] column family: default, file path: /nvme/jinghuan/node_40001/db/000078.sst, file size: 85038519, job id: 33, reason: flush, status: OK
I20230707 09:02:50.798473 50179 event_listener.cc:91] [event_listener/flush_completed] column family: default, thread_id: 50179, job_id: 33, file: /nvme/jinghuan/node_40001/db/000078.sst, reason: 6, is_write_slowdown: no, is_write_stall: no, largest seqno: 11879724, smallest seqno: 11146048
W20230707 09:02:50.798763 50179 event_listener.cc:132] [event_listener/stall_cond_changed] column family: default write stall condition was changed, from stop to normal
W20230707 09:02:50.798913 50404 event_listener.cc:132] [event_listener/stall_cond_changed] column family: default write stall condition was changed, from delay to stop
W20230707 09:02:52.097272 50404 event_listener.cc:132] [event_listener/stall_cond_changed] column family: default write stall condition was changed, from normal to delay
I20230707 09:02:52.577993 50176 event_listener.cc:138] [event_listener/table_file_created] column family: default, file path: /nvme/jinghuan/node_40001/db/000061.sst, file size: 324855654, job id: 22, reason: compaction, status: OK
I20230707 09:02:52.598713 50176 event_listener.cc:71] [event_listener/compaction_completed] column family: default, compaction reason: 1, output compression type: no, base input level(files): 0(4), output level(files): 0(1), input bytes: 324981980, output bytes:324855654, is_manual_compaction:no, elapsed(micro): 31496887
I20230707 09:02:52.607472 50176 event_listener.cc:127] [event_listener/table_file_deleted] db: /nvme/jinghuan/node_40001/db, sst file: /nvme/jinghuan/node_40001/db/000042.sst, status: OK
I20230707 09:02:52.614969 50176 event_listener.cc:127] [event_listener/table_file_deleted] db: /nvme/jinghuan/node_40001/db, sst file: /nvme/jinghuan/node_40001/db/000039.sst, status: OK
I20230707 09:02:52.620784 50176 event_listener.cc:127] [event_listener/table_file_deleted] db: /nvme/jinghuan/node_40001/db, sst file: /nvme/jinghuan/node_40001/db/000036.sst, status: OK
I20230707 09:02:52.626260 50176 event_listener.cc:127] [event_listener/table_file_deleted] db: /nvme/jinghuan/node_40001/db, sst file: /nvme/jinghuan/node_40001/db/000031.sst, status: OK
I20230707 09:02:53.460426 50179 event_listener.cc:84] [event_listener/flush_begin] column family: default, thread_id: 50179, job_id: 38, reason: 6
I20230707 09:02:54.487272 50177 event_listener.cc:138] [event_listener/table_file_created] column family: default, file path: /nvme/jinghuan/node_40001/db/000083.sst, file size: 85040942, job id: 35, reason: flush, status: OK
I20230707 09:02:54.500579 50177 event_listener.cc:91] [event_listener/flush_completed] column family: default, thread_id: 50177, job_id: 35, file: /nvme/jinghuan/node_40001/db/000083.sst, reason: 6, is_write_slowdown: no, is_write_stall: no, largest seqno: 12613479, smallest seqno: 11879726
W20230707 09:02:54.500741 50177 event_listener.cc:132] [event_listener/stall_cond_changed] column family: default write stall condition was changed, from stop to normal
W20230707 09:02:54.500860 50406 event_listener.cc:132] [event_listener/stall_cond_changed] column family: default write stall condition was changed, from delay to stop
W20230707 09:02:55.796818 50404 event_listener.cc:132] [event_listener/stall_cond_changed] column family: default write stall condition was changed, from normal to delay
I20230707 09:02:57.137893 50177 event_listener.cc:84] [event_listener/flush_begin] column family: default, thread_id: 50177, job_id: 39, reason: 6
I20230707 09:02:59.889827 50176 event_listener.cc:138] [event_listener/table_file_created] column family: metadata, file path: /nvme/jinghuan/node_40001/db/000085.sst, file size: 76274035, job id: 37, reason: compaction, status: OK
I20230707 09:02:59.900658 50176 event_listener.cc:71] [event_listener/compaction_completed] column family: metadata, compaction reason: 1, output compression type: no, base input level(files): 0(4), output level(files): 1(1), input bytes: 76921546, output bytes:76274035, is_manual_compaction:no, elapsed(micro): 7263598
I20230707 09:02:59.902545 50176 event_listener.cc:127] [event_listener/table_file_deleted] db: /nvme/jinghuan/node_40001/db, sst file: /nvme/jinghuan/node_40001/db/000066.sst, status: OK
I20230707 09:02:59.904290 50176 event_listener.cc:127] [event_listener/table_file_deleted] db: /nvme/jinghuan/node_40001/db, sst file: /nvme/jinghuan/node_40001/db/000049.sst, status: OK
I20230707 09:02:59.906020 50176 event_listener.cc:127] [event_listener/table_file_deleted] db: /nvme/jinghuan/node_40001/db, sst file: /nvme/jinghuan/node_40001/db/000032.sst, status: OK
I20230707 09:02:59.993579 50179 event_listener.cc:138] [event_listener/table_file_created] column family: default, file path: /nvme/jinghuan/node_40001/db/000087.sst, file size: 84890845, job id: 38, reason: flush, status: OK
I20230707 09:03:00.004312 50179 event_listener.cc:91] [event_listener/flush_completed] column family: default, thread_id: 50179, job_id: 38, file: /nvme/jinghuan/node_40001/db/000087.sst, reason: 6, is_write_slowdown: no, is_write_stall: no, largest seqno: 13345914, smallest seqno: 12613481
W20230707 09:03:00.004462 50179 event_listener.cc:132] [event_listener/stall_cond_changed] column family: default write stall condition was changed, from stop to normal
W20230707 09:03:00.004645 50406 event_listener.cc:132] [event_listener/stall_cond_changed] column family: default write stall condition was changed, from delay to stop
W20230707 09:03:01.214465 50410 event_listener.cc:132] [event_listener/stall_cond_changed] column family: default write stall condition was changed, from normal to delay
I20230707 09:03:01.995699 50177 event_listener.cc:138] [event_listener/table_file_created] column family: default, file path: /nvme/jinghuan/node_40001/db/000090.sst, file size: 85035573, job id: 39, reason: flush, status: OK
I20230707 09:03:02.010097 50177 event_listener.cc:91] [event_listener/flush_completed] column family: default, thread_id: 50177, job_id: 39, file: /nvme/jinghuan/node_40001/db/000090.sst, reason: 6, is_write_slowdown: no, is_write_stall: no, largest seqno: 14079570, smallest seqno: 13345916
W20230707 09:03:02.010273 50177 event_listener.cc:132] [event_listener/stall_cond_changed] column family: default write stall condition was changed, from delay to normal
I20230707 09:03:02.450542 50179 event_listener.cc:84] [event_listener/flush_begin] column family: default, thread_id: 50179, job_id: 44, reason: 6
W20230707 09:03:03.536958 50410 event_listener.cc:132] [event_listener/stall_cond_changed] column family: default write stall condition was changed, from normal to delay
I20230707 09:03:04.814105 50177 event_listener.cc:84] [event_listener/flush_begin] column family: default, thread_id: 50177, job_id: 45, reason: 6
I20230707 09:03:08.292743 50179 event_listener.cc:138] [event_listener/table_file_created] column family: default, file path: /nvme/jinghuan/node_40001/db/000094.sst, file size: 78259214, job id: 44, reason: flush, status: OK
I20230707 09:03:08.305512 50179 event_listener.cc:91] [event_listener/flush_completed] column family: default, thread_id: 50179, job_id: 44, file: /nvme/jinghuan/node_40001/db/000094.sst, reason: 6, is_write_slowdown: no, is_write_stall: no, largest seqno: 14754739, smallest seqno: 14079572
W20230707 09:03:08.305573 50179 event_listener.cc:132] [event_listener/stall_cond_changed] column family: default write stall condition was changed, from stop to normal
W20230707 09:03:08.306041 50410 event_listener.cc:132] [event_listener/stall_cond_changed] column family: default write stall condition was changed, from delay to stop
I20230707 09:03:09.602945 50179 event_listener.cc:84] [event_listener/flush_begin] column family: metadata, thread_id: 50179, job_id: 46, reason: 13
W20230707 09:03:09.756565 50409 event_listener.cc:132] [event_listener/stall_cond_changed] column family: default write stall condition was changed, from normal to delay
I20230707 09:03:11.399706 50177 event_listener.cc:138] [event_listener/table_file_created] column family: default, file path: /nvme/jinghuan/node_40001/db/000097.sst, file size: 77029353, job id: 45, reason: flush, status: OK
I20230707 09:03:11.407796 50177 event_listener.cc:91] [event_listener/flush_completed] column family: default, thread_id: 50177, job_id: 45, file: /nvme/jinghuan/node_40001/db/000097.sst, reason: 6, is_write_slowdown: no, is_write_stall: no, largest seqno: 15419326, smallest seqno: 14754741
W20230707 09:03:11.407837 50177 event_listener.cc:132] [event_listener/stall_cond_changed] column family: default write stall condition was changed, from stop to normal
W20230707 09:03:11.408082 50409 event_listener.cc:132] [event_listener/stall_cond_changed] column family: default write stall condition was changed, from delay to stop
I20230707 09:03:11.453032 50177 event_listener.cc:84] [event_listener/flush_begin] column family: default, thread_id: 50177, job_id: 47, reason: 6
I20230707 09:03:11.503589 50179 event_listener.cc:138] [event_listener/table_file_created] column family: metadata, file path: /nvme/jinghuan/node_40001/db/000099.sst, file size: 19250834, job id: 46, reason: flush, status: OK
I20230707 09:03:11.510706 50179 event_listener.cc:91] [event_listener/flush_completed] column family: metadata, thread_id: 50179, job_id: 46, file: /nvme/jinghuan/node_40001/db/000099.sst, reason: 13, is_write_slowdown: no, is_write_stall: no, largest seqno: 15737854, smallest seqno: 12590237
W20230707 09:03:12.717566 50409 event_listener.cc:132] [event_listener/stall_cond_changed] column family: default write stall condition was changed, from normal to delay
I20230707 09:03:12.796692 50175 event_listener.cc:138] [event_listener/table_file_created] column family: default, file path: /nvme/jinghuan/node_40001/db/000076.sst, file size: 324930050, job id: 32, reason: compaction, status: OK
I20230707 09:03:12.817622 50175 event_listener.cc:71] [event_listener/compaction_completed] column family: default, compaction reason: 1, output compression type: no, base input level(files): 0(4), output level(files): 0(1), input bytes: 325089771, output bytes:324930050, is_manual_compaction:no, elapsed(micro): 31505263
I20230707 09:03:12.819977 50175 event_listener.cc:127] [event_listener/table_file_deleted] db: /nvme/jinghuan/node_40001/db, sst file: /nvme/jinghuan/node_40001/db/000081.sst, status: OK
I20230707 09:03:12.828446 50175 event_listener.cc:127] [event_listener/table_file_deleted] db: /nvme/jinghuan/node_40001/db, sst file: /nvme/jinghuan/node_40001/db/000059.sst, status: OK
I20230707 09:03:12.836400 50175 event_listener.cc:127] [event_listener/table_file_deleted] db: /nvme/jinghuan/node_40001/db, sst file: /nvme/jinghuan/node_40001/db/000056.sst, status: OK
I20230707 09:03:12.845918 50175 event_listener.cc:127] [event_listener/table_file_deleted] db: /nvme/jinghuan/node_40001/db, sst file: /nvme/jinghuan/node_40001/db/000052.sst, status: OK
I20230707 09:03:12.855181 50175 event_listener.cc:127] [event_listener/table_file_deleted] db: /nvme/jinghuan/node_40001/db, sst file: /nvme/jinghuan/node_40001/db/000047.sst, status: OK
I20230707 09:03:14.088367 50179 event_listener.cc:84] [event_listener/flush_begin] column family: default, thread_id: 50179, job_id: 50, reason: 6
I20230707 09:03:15.814733 50177 event_listener.cc:138] [event_listener/table_file_created] column family: default, file path: /nvme/jinghuan/node_40001/db/000102.sst, file size: 84969006, job id: 47, reason: flush, status: OK
I20230707 09:03:15.823314 50177 event_listener.cc:91] [event_listener/flush_completed] column family: default, thread_id: 50177, job_id: 47, file: /nvme/jinghuan/node_40001/db/000102.sst, reason: 6, is_write_slowdown: no, is_write_stall: no, largest seqno: 16152432, smallest seqno: 15419328
W20230707 09:03:15.823504 50177 event_listener.cc:132] [event_listener/stall_cond_changed] column family: default write stall condition was changed, from stop to normal
W20230707 09:03:15.823603 50406 event_listener.cc:132] [event_listener/stall_cond_changed] column family: default write stall condition was changed, from delay to stop
W20230707 09:03:17.119083 50405 event_listener.cc:132] [event_listener/stall_cond_changed] column family: default write stall condition was changed, from normal to delay
I20230707 09:03:18.476639 50177 event_listener.cc:84] [event_listener/flush_begin] column family: default, thread_id: 50177, job_id: 54, reason: 6
I20230707 09:03:18.503943 50179 event_listener.cc:138] [event_listener/table_file_created] column family: default, file path: /nvme/jinghuan/node_40001/db/000105.sst, file size: 85046288, job id: 50, reason: flush, status: OK
I20230707 09:03:18.511961 50179 event_listener.cc:91] [event_listener/flush_completed] column family: default, thread_id: 50179, job_id: 50, file: /nvme/jinghuan/node_40001/db/000105.sst, reason: 6, is_write_slowdown: no, is_write_stall: no, largest seqno: 16886198, smallest seqno: 16152434
W20230707 09:03:18.512059 50179 event_listener.cc:132] [event_listener/stall_cond_changed] column family: default write stall condition was changed, from stop to normal
W20230707 09:03:18.512300 50408 event_listener.cc:132] [event_listener/stall_cond_changed] column family: default write stall condition was changed, from delay to stop
W20230707 09:03:19.817832 50405 event_listener.cc:132] [event_listener/stall_cond_changed] column family: default write stall condition was changed, from normal to delay
I20230707 09:03:21.170542 50179 event_listener.cc:84] [event_listener/flush_begin] column family: default, thread_id: 50179, job_id: 56, reason: 6
I20230707 09:03:23.704885 50177 event_listener.cc:138] [event_listener/table_file_created] column family: default, file path: /nvme/jinghuan/node_40001/db/000108.sst, file size: 84795995, job id: 54, reason: flush, status: OK
I20230707 09:03:23.711717 50177 event_listener.cc:91] [event_listener/flush_completed] column family: default, thread_id: 50177, job_id: 54, file: /nvme/jinghuan/node_40001/db/000108.sst, reason: 6, is_write_slowdown: no, is_write_stall: no, largest seqno: 17617775, smallest seqno: 16886200
W20230707 09:03:23.711766 50177 event_listener.cc:132] [event_listener/stall_cond_changed] column family: default write stall condition was changed, from stop to normal
W20230707 09:03:23.712112 50405 event_listener.cc:132] [event_listener/stall_cond_changed] column family: default write stall condition was changed, from delay to stop
W20230707 09:03:24.998505 50405 event_listener.cc:132] [event_listener/stall_cond_changed] column family: default write stall condition was changed, from normal to delay
I20230707 09:03:25.637172 50177 event_listener.cc:84] [event_listener/flush_begin] column family: metadata, thread_id: 50177, job_id: 57, reason: 13
I20230707 09:03:27.409828 50177 event_listener.cc:138] [event_listener/table_file_created] column family: metadata, file path: /nvme/jinghuan/node_40001/db/000115.sst, file size: 19250022, job id: 57, reason: flush, status: OK
I20230707 09:03:27.416292 50177 event_listener.cc:91] [event_listener/flush_completed] column family: metadata, thread_id: 50177, job_id: 57, file: /nvme/jinghuan/node_40001/db/000115.sst, reason: 13, is_write_slowdown: no, is_write_stall: no, largest seqno: 18885427, smallest seqno: 15737865
I20230707 09:03:27.442662 50177 event_listener.cc:84] [event_listener/flush_begin] column family: default, thread_id: 50177, job_id: 58, reason: 6
I20230707 09:03:28.113536 50179 event_listener.cc:138] [event_listener/table_file_created] column family: default, file path: /nvme/jinghuan/node_40001/db/000112.sst, file size: 85051015, job id: 56, reason: flush, status: OK
I20230707 09:03:28.126191 50179 event_listener.cc:91] [event_listener/flush_completed] column family: default, thread_id: 50179, job_id: 56, file: /nvme/jinghuan/node_40001/db/000112.sst, reason: 6, is_write_slowdown: no, is_write_stall: no, largest seqno: 18351552, smallest seqno: 17617777
W20230707 09:03:28.126514 50179 event_listener.cc:132] [event_listener/stall_cond_changed] column family: default write stall condition was changed, from stop to normal
W20230707 09:03:28.126683 50405 event_listener.cc:132] [event_listener/stall_cond_changed] column family: default write stall condition was changed, from delay to stop
W20230707 09:03:29.447124 50408 event_listener.cc:132] [event_listener/stall_cond_changed] column family: default write stall condition was changed, from normal to delay
I20230707 09:03:30.612275 50176 event_listener.cc:138] [event_listener/table_file_created] column family: default, file path: /nvme/jinghuan/node_40001/db/000092.sst, file size: 339893147, job id: 43, reason: compaction, status: OK
I20230707 09:03:30.636001 50176 event_listener.cc:71] [event_listener/compaction_completed] column family: default, compaction reason: 1, output compression type: no, base input level(files): 0(4), output level(files): 0(1), input bytes: 340005879, output bytes:339893147, is_manual_compaction:no, elapsed(micro): 28602098
I20230707 09:03:30.644302 50176 event_listener.cc:127] [event_listener/table_file_deleted] db: /nvme/jinghuan/node_40001/db, sst file: /nvme/jinghuan/node_40001/db/000074.sst, status: OK
I20230707 09:03:30.652056 50176 event_listener.cc:127] [event_listener/table_file_deleted] db: /nvme/jinghuan/node_40001/db, sst file: /nvme/jinghuan/node_40001/db/000071.sst, status: OK
I20230707 09:03:30.657456 50176 event_listener.cc:127] [event_listener/table_file_deleted] db: /nvme/jinghuan/node_40001/db, sst file: /nvme/jinghuan/node_40001/db/000068.sst, status: OK
I20230707 09:03:30.662676 50176 event_listener.cc:127] [event_listener/table_file_deleted] db: /nvme/jinghuan/node_40001/db, sst file: /nvme/jinghuan/node_40001/db/000063.sst, status: OK
I20230707 09:03:30.851071 50179 event_listener.cc:84] [event_listener/flush_begin] column family: default, thread_id: 50179, job_id: 61, reason: 6
I20230707 09:03:32.312706 50177 event_listener.cc:138] [event_listener/table_file_created] column family: default, file path: /nvme/jinghuan/node_40001/db/000117.sst, file size: 84831508, job id: 58, reason: flush, status: OK
I20230707 09:03:32.322814 50177 event_listener.cc:91] [event_listener/flush_completed] column family: default, thread_id: 50177, job_id: 58, file: /nvme/jinghuan/node_40001/db/000117.sst, reason: 6, is_write_slowdown: no, is_write_stall: no, largest seqno: 19083459, smallest seqno: 18351554
W20230707 09:03:32.322978 50177 event_listener.cc:132] [event_listener/stall_cond_changed] column family: default write stall condition was changed, from stop to normal
W20230707 09:03:32.323098 50411 event_listener.cc:132] [event_listener/stall_cond_changed] column family: default write stall condition was changed, from delay to stop
W20230707 09:03:33.509744 50404 event_listener.cc:132] [event_listener/stall_cond_changed] column family: default write stall condition was changed, from normal to delay
I20230707 09:03:34.020677 50179 event_listener.cc:138] [event_listener/table_file_created] column family: default, file path: /nvme/jinghuan/node_40001/db/000120.sst, file size: 84912145, job id: 61, reason: flush, status: OK
I20230707 09:03:34.036358 50179 event_listener.cc:91] [event_listener/flush_completed] column family: default, thread_id: 50179, job_id: 61, file: /nvme/jinghuan/node_40001/db/000120.sst, reason: 6, is_write_slowdown: no, is_write_stall: no, largest seqno: 19816070, smallest seqno: 19083461
W20230707 09:03:34.036525 50179 event_listener.cc:132] [event_listener/stall_cond_changed] column family: default write stall condition was changed, from delay to normal
I20230707 09:03:34.742413 50177 event_listener.cc:84] [event_listener/flush_begin] column family: default, thread_id: 50177, job_id: 65, reason: 6
W20230707 09:03:35.877406 50404 event_listener.cc:132] [event_listener/stall_cond_changed] column family: default write stall condition was changed, from normal to delay
I20230707 09:03:37.123265 50179 event_listener.cc:84] [event_listener/flush_begin] column family: default, thread_id: 50179, job_id: 66, reason: 6
I20230707 09:03:39.024022 50177 event_listener.cc:138] [event_listener/table_file_created] column family: default, file path: /nvme/jinghuan/node_40001/db/000124.sst, file size: 76460454, job id: 65, reason: flush, status: OK
I20230707 09:03:39.040407 50177 event_listener.cc:91] [event_listener/flush_completed] column family: default, thread_id: 50177, job_id: 65, file: /nvme/jinghuan/node_40001/db/000124.sst, reason: 6, is_write_slowdown: no, is_write_stall: no, largest seqno: 20475718, smallest seqno: 19816072
W20230707 09:03:39.040522 50177 event_listener.cc:132] [event_listener/stall_cond_changed] column family: default write stall condition was changed, from stop to normal
W20230707 09:03:39.041249 50404 event_listener.cc:132] [event_listener/stall_cond_changed] column family: default write stall condition was changed, from delay to stop
W20230707 09:03:40.350128 50405 event_listener.cc:132] [event_listener/stall_cond_changed] column family: default write stall condition was changed, from normal to delay
I20230707 09:03:41.729748 50177 event_listener.cc:84] [event_listener/flush_begin] column family: default, thread_id: 50177, job_id: 67, reason: 6
I20230707 09:03:41.921821 50179 event_listener.cc:138] [event_listener/table_file_created] column family: default, file path: /nvme/jinghuan/node_40001/db/000127.sst, file size: 76779731, job id: 66, reason: flush, status: OK
I20230707 09:03:41.931682 50179 event_listener.cc:91] [event_listener/flush_completed] column family: default, thread_id: 50179, job_id: 66, file: /nvme/jinghuan/node_40001/db/000127.sst, reason: 6, is_write_slowdown: no, is_write_stall: no, largest seqno: 21138138, smallest seqno: 20475720
W20230707 09:03:41.931730 50179 event_listener.cc:132] [event_listener/stall_cond_changed] column family: default write stall condition was changed, from stop to normal
W20230707 09:03:41.932004 50405 event_listener.cc:132] [event_listener/stall_cond_changed] column family: default write stall condition was changed, from delay to stop
I20230707 09:03:42.551195 50407 cluster.cc:923] function: Migrate parallel seek-and-insert
I20230707 09:03:42.551224 50407 slot_migrate_parallel.cc:32] [migrate] Start migrating slots, from slot: 0 to slot: 7910. Slots are moving to 0.0.0.0:40002
I20230707 09:03:42.551234 50407 cluster.cc:935] [cluster migration] Finished slot migration cmds sending, start to set nodes
I20230707 09:03:42.551287 50401 slot_migrate.cc:165] [migrate] Migrating slot: -1, dst_ip: 0.0.0.0, dst_port: 40002, max_speed: 0, max_pipeline_size: 16
I20230707 09:03:42.553328 50401 slot_migrate.cc:305] [migrate] Start migrating slot 7910, connect destination fd 93
I20230707 09:03:42.553369 50401 slot_migrate.cc:195] [migrate] Succeed to start migrating slot 7910
I20230707 09:03:42.553386 50401 slot_migrate.cc:316] [migrate] Start migrating snapshot of slot 0
I20230707 09:03:42.553442 50401 slot_migrate.cc:327] [migrate] Iterate keys of slot, key's prefix: __namespace  
I20230707 09:03:42.554065 50401 slot_migrate.cc:354] [migrate] 0 keys has been migrated, current key is:{06S}0000002823100000028231
I20230707 09:03:42.693253 50401 slot_migrate.cc:354] [migrate] 1000 keys has been migrated, current key is:{06S}1001626701270594855410016267012705948554
