Log file created at: 2023/06/30 05:14:30
Running on machine: en4217754l
Running duration (h:mm:ss): 0:00:00
Log line format: [IWEF]yyyymmdd hh:mm:ss.uuuuuu threadid file:line] msg
I20230630 05:14:30.117920 1237236 main.cc:328] kvrocks unstable (commit 4a10c89)
I20230630 05:14:30.431056 1237236 storage.cc:322] [storage] Success to load the data from disk: 74 ms
I20230630 05:14:30.431516 1237236 worker.cc:72] [worker] Listening on: 10.218.109.65:40001
I20230630 05:14:30.431540 1237236 worker.cc:72] [worker] Listening on: 127.0.0.1:40001
I20230630 05:14:30.431728 1237236 worker.cc:72] [worker] Listening on: 10.218.109.65:40001
I20230630 05:14:30.431743 1237236 worker.cc:72] [worker] Listening on: 127.0.0.1:40001
I20230630 05:14:30.431857 1237236 worker.cc:72] [worker] Listening on: 10.218.109.65:40001
I20230630 05:14:30.431870 1237236 worker.cc:72] [worker] Listening on: 127.0.0.1:40001
I20230630 05:14:30.431978 1237236 worker.cc:72] [worker] Listening on: 10.218.109.65:40001
I20230630 05:14:30.431993 1237236 worker.cc:72] [worker] Listening on: 127.0.0.1:40001
I20230630 05:14:30.432099 1237236 worker.cc:72] [worker] Listening on: 10.218.109.65:40001
I20230630 05:14:30.432112 1237236 worker.cc:72] [worker] Listening on: 127.0.0.1:40001
I20230630 05:14:30.432216 1237236 worker.cc:72] [worker] Listening on: 10.218.109.65:40001
I20230630 05:14:30.432229 1237236 worker.cc:72] [worker] Listening on: 127.0.0.1:40001
I20230630 05:14:30.432339 1237236 worker.cc:72] [worker] Listening on: 10.218.109.65:40001
I20230630 05:14:30.432353 1237236 worker.cc:72] [worker] Listening on: 127.0.0.1:40001
I20230630 05:14:30.432454 1237236 worker.cc:72] [worker] Listening on: 10.218.109.65:40001
I20230630 05:14:30.432468 1237236 worker.cc:72] [worker] Listening on: 127.0.0.1:40001
W20230630 05:14:30.432551 1237236 server.cc:1650] [server] Increased maximum number of open files to 14224 (it's originally set to 1024)
I20230630 05:14:30.432711 1237236 cluster.cc:643] The cluster nodes file /nvme/jinghuan/node_40001/nodes.conf is not found. Use CLUSTERX subcommands to specify it.
I20230630 05:14:30.432723 1237236 cluster.cc:643] The cluster nodes file /nvme/jinghuan/node_40001/nodes.conf is not found. Use CLUSTERX subcommands to specify it.
I20230630 05:14:30.435114 1237236 worker.cc:519] [worker] Thread #140397791643392 started
I20230630 05:14:30.435146 1237236 worker.cc:519] [worker] Thread #140397800036096 started
I20230630 05:14:30.435197 1237236 worker.cc:519] [worker] Thread #140398224140032 started
I20230630 05:14:30.435240 1237236 worker.cc:519] [worker] Thread #140398215747328 started
I20230630 05:14:30.435281 1237236 worker.cc:519] [worker] Thread #140398207354624 started
I20230630 05:14:30.435323 1237236 worker.cc:519] [worker] Thread #140398198961920 started
I20230630 05:14:30.435366 1237236 worker.cc:519] [worker] Thread #140397850392320 started
I20230630 05:14:30.435411 1237236 worker.cc:519] [worker] Thread #140397841999616 started
I20230630 05:14:30.435577 1237236 server.cc:211] [server] Ready to accept connections
I20230630 05:14:31.159410 1237479 cluster.cc:286] MASTER MODE enabled by cluster topology setting
I20230630 05:14:33.632405 1237247 event_listener.cc:84] [event_listener/flush_begin] column family: default, thread_id: 1237247, job_id: 3, reason: 6
I20230630 05:14:34.036697 1237247 event_listener.cc:138] [event_listener/table_file_created] column family: default, file path: /nvme/jinghuan/node_40001/db/000016.sst, file size: 76173052, job id: 3, reason: flush, status: OK
I20230630 05:14:34.050467 1237247 event_listener.cc:91] [event_listener/flush_completed] column family: default, thread_id: 1237247, job_id: 3, file: /nvme/jinghuan/node_40001/db/000016.sst, reason: 6, is_write_slowdown: no, is_write_stall: no, largest seqno: 657183, smallest seqno: 1
I20230630 05:14:34.713860 1237244 event_listener.cc:138] [event_listener/table_file_created] column family: default, file path: /nvme/jinghuan/node_40001/db/000017.sst, file size: 76173048, job id: 4, reason: compaction, status: OK
I20230630 05:14:34.733361 1237244 event_listener.cc:71] [event_listener/compaction_completed] column family: default, compaction reason: 11, output compression type: no, base input level(files): 0(1), output level(files): 0(1), input bytes: 76173052, output bytes:76173048, is_manual_compaction:no, elapsed(micro): 663395
I20230630 05:14:34.743395 1237244 event_listener.cc:127] [event_listener/table_file_deleted] db: /nvme/jinghuan/node_40001/db, sst file: /nvme/jinghuan/node_40001/db/000016.sst, status: OK
I20230630 05:14:36.090163 1237248 event_listener.cc:84] [event_listener/flush_begin] column family: default, thread_id: 1237248, job_id: 5, reason: 6
I20230630 05:14:36.488556 1237248 event_listener.cc:138] [event_listener/table_file_created] column family: default, file path: /nvme/jinghuan/node_40001/db/000020.sst, file size: 78123244, job id: 5, reason: flush, status: OK
I20230630 05:14:36.497574 1237248 event_listener.cc:91] [event_listener/flush_completed] column family: default, thread_id: 1237248, job_id: 5, file: /nvme/jinghuan/node_40001/db/000020.sst, reason: 6, is_write_slowdown: no, is_write_stall: no, largest seqno: 1331208, smallest seqno: 657185
I20230630 05:14:38.426270 1237247 event_listener.cc:84] [event_listener/flush_begin] column family: default, thread_id: 1237247, job_id: 6, reason: 6
I20230630 05:14:38.832015 1237247 event_listener.cc:138] [event_listener/table_file_created] column family: default, file path: /nvme/jinghuan/node_40001/db/000023.sst, file size: 76486649, job id: 6, reason: flush, status: OK
I20230630 05:14:38.847556 1237247 event_listener.cc:91] [event_listener/flush_completed] column family: default, thread_id: 1237247, job_id: 6, file: /nvme/jinghuan/node_40001/db/000023.sst, reason: 6, is_write_slowdown: no, is_write_stall: no, largest seqno: 1991054, smallest seqno: 1331210
I20230630 05:14:40.771400 1237248 event_listener.cc:84] [event_listener/flush_begin] column family: default, thread_id: 1237248, job_id: 7, reason: 6
W20230630 05:14:41.834040 1237481 event_listener.cc:132] [event_listener/stall_cond_changed] column family: default write stall condition was changed, from normal to delay
I20230630 05:14:42.469058 1237247 event_listener.cc:84] [event_listener/flush_begin] column family: metadata, thread_id: 1237247, job_id: 8, reason: 13
I20230630 05:14:44.034394 1237247 event_listener.cc:138] [event_listener/table_file_created] column family: metadata, file path: /nvme/jinghuan/node_40001/db/000029.sst, file size: 19243701, job id: 8, reason: flush, status: OK
I20230630 05:14:44.050624 1237247 event_listener.cc:91] [event_listener/flush_completed] column family: metadata, thread_id: 1237247, job_id: 8, file: /nvme/jinghuan/node_40001/db/000029.sst, reason: 13, is_write_slowdown: no, is_write_stall: no, largest seqno: 3147562, smallest seqno: 11
I20230630 05:14:44.076493 1237247 event_listener.cc:84] [event_listener/flush_begin] column family: default, thread_id: 1237247, job_id: 9, reason: 6
I20230630 05:14:44.237448 1237248 event_listener.cc:138] [event_listener/table_file_created] column family: default, file path: /nvme/jinghuan/node_40001/db/000026.sst, file size: 76933639, job id: 7, reason: flush, status: OK
I20230630 05:14:44.249559 1237248 event_listener.cc:91] [event_listener/flush_completed] column family: default, thread_id: 1237248, job_id: 7, file: /nvme/jinghuan/node_40001/db/000026.sst, reason: 6, is_write_slowdown: no, is_write_stall: no, largest seqno: 2654783, smallest seqno: 1991056
W20230630 05:14:44.249703 1237248 event_listener.cc:132] [event_listener/stall_cond_changed] column family: default write stall condition was changed, from stop to normal
W20230630 05:14:44.249912 1237481 event_listener.cc:132] [event_listener/stall_cond_changed] column family: default write stall condition was changed, from delay to stop
W20230630 05:14:45.430328 1237477 event_listener.cc:132] [event_listener/stall_cond_changed] column family: default write stall condition was changed, from normal to delay
I20230630 05:14:46.688325 1237248 event_listener.cc:84] [event_listener/flush_begin] column family: default, thread_id: 1237248, job_id: 12, reason: 6
I20230630 05:14:47.733460 1237244 event_listener.cc:138] [event_listener/table_file_created] column family: metadata, file path: /nvme/jinghuan/node_40001/db/000034.sst, file size: 19243697, job id: 11, reason: compaction, status: OK
I20230630 05:14:47.751591 1237244 event_listener.cc:71] [event_listener/compaction_completed] column family: metadata, compaction reason: 11, output compression type: no, base input level(files): 0(1), output level(files): 0(1), input bytes: 19243701, output bytes:19243697, is_manual_compaction:no, elapsed(micro): 2303127
I20230630 05:14:47.755944 1237244 event_listener.cc:127] [event_listener/table_file_deleted] db: /nvme/jinghuan/node_40001/db, sst file: /nvme/jinghuan/node_40001/db/000029.sst, status: OK
I20230630 05:14:51.033011 1237247 event_listener.cc:138] [event_listener/table_file_created] column family: default, file path: /nvme/jinghuan/node_40001/db/000031.sst, file size: 76795791, job id: 9, reason: flush, status: OK
I20230630 05:14:51.039263 1237247 event_listener.cc:91] [event_listener/flush_completed] column family: default, thread_id: 1237247, job_id: 9, file: /nvme/jinghuan/node_40001/db/000031.sst, reason: 6, is_write_slowdown: no, is_write_stall: no, largest seqno: 3317313, smallest seqno: 2654785
W20230630 05:14:51.039355 1237247 event_listener.cc:132] [event_listener/stall_cond_changed] column family: default write stall condition was changed, from stop to normal
W20230630 05:14:51.041211 1237475 event_listener.cc:132] [event_listener/stall_cond_changed] column family: default write stall condition was changed, from delay to stop
W20230630 05:14:52.263870 1237474 event_listener.cc:132] [event_listener/stall_cond_changed] column family: default write stall condition was changed, from normal to delay
I20230630 05:14:53.036164 1237248 event_listener.cc:138] [event_listener/table_file_created] column family: default, file path: /nvme/jinghuan/node_40001/db/000036.sst, file size: 76367844, job id: 12, reason: flush, status: OK
I20230630 05:14:53.042722 1237248 event_listener.cc:91] [event_listener/flush_completed] column family: default, thread_id: 1237248, job_id: 12, file: /nvme/jinghuan/node_40001/db/000036.sst, reason: 6, is_write_slowdown: no, is_write_stall: no, largest seqno: 3976169, smallest seqno: 3317315
W20230630 05:14:53.042771 1237248 event_listener.cc:132] [event_listener/stall_cond_changed] column family: default write stall condition was changed, from delay to normal
I20230630 05:14:53.515619 1237247 event_listener.cc:84] [event_listener/flush_begin] column family: default, thread_id: 1237247, job_id: 13, reason: 6
W20230630 05:14:54.620345 1237479 event_listener.cc:132] [event_listener/stall_cond_changed] column family: default write stall condition was changed, from normal to delay
I20230630 05:14:55.868337 1237248 event_listener.cc:84] [event_listener/flush_begin] column family: default, thread_id: 1237248, job_id: 14, reason: 6
I20230630 05:15:00.038771 1237247 event_listener.cc:138] [event_listener/table_file_created] column family: default, file path: /nvme/jinghuan/node_40001/db/000039.sst, file size: 79966760, job id: 13, reason: flush, status: OK
I20230630 05:15:00.046106 1237247 event_listener.cc:91] [event_listener/flush_completed] column family: default, thread_id: 1237247, job_id: 13, file: /nvme/jinghuan/node_40001/db/000039.sst, reason: 6, is_write_slowdown: no, is_write_stall: no, largest seqno: 4666111, smallest seqno: 3976171
W20230630 05:15:00.046150 1237247 event_listener.cc:132] [event_listener/stall_cond_changed] column family: default write stall condition was changed, from stop to normal
W20230630 05:15:00.046625 1237479 event_listener.cc:132] [event_listener/stall_cond_changed] column family: default write stall condition was changed, from delay to stop
I20230630 05:15:00.437983 1237246 event_listener.cc:138] [event_listener/table_file_created] column family: default, file path: /nvme/jinghuan/node_40001/db/000032.sst, file size: 138729903, job id: 10, reason: compaction, status: OK
W20230630 05:15:01.212502 1237480 event_listener.cc:132] [event_listener/stall_cond_changed] column family: default write stall condition was changed, from normal to delay
I20230630 05:15:02.043460 1237248 event_listener.cc:138] [event_listener/table_file_created] column family: default, file path: /nvme/jinghuan/node_40001/db/000042.sst, file size: 77853362, job id: 14, reason: flush, status: OK
I20230630 05:15:02.049834 1237248 event_listener.cc:91] [event_listener/flush_completed] column family: default, thread_id: 1237248, job_id: 14, file: /nvme/jinghuan/node_40001/db/000042.sst, reason: 6, is_write_slowdown: no, is_write_stall: no, largest seqno: 5337782, smallest seqno: 4666113
W20230630 05:15:02.049886 1237248 event_listener.cc:132] [event_listener/stall_cond_changed] column family: default write stall condition was changed, from delay to normal
I20230630 05:15:02.567889 1237247 event_listener.cc:84] [event_listener/flush_begin] column family: default, thread_id: 1237247, job_id: 16, reason: 6
I20230630 05:15:03.336809 1237248 event_listener.cc:84] [event_listener/flush_begin] column family: metadata, thread_id: 1237248, job_id: 17, reason: 13
W20230630 05:15:03.831089 1237480 event_listener.cc:132] [event_listener/stall_cond_changed] column family: default write stall condition was changed, from normal to delay
I20230630 05:15:05.242862 1237248 event_listener.cc:138] [event_listener/table_file_created] column family: metadata, file path: /nvme/jinghuan/node_40001/db/000049.sst, file size: 19238620, job id: 17, reason: flush, status: OK
I20230630 05:15:05.249405 1237248 event_listener.cc:91] [event_listener/flush_completed] column family: metadata, thread_id: 1237248, job_id: 17, file: /nvme/jinghuan/node_40001/db/000049.sst, reason: 13, is_write_slowdown: no, is_write_stall: no, largest seqno: 6295212, smallest seqno: 3147573
I20230630 05:15:05.292351 1237248 event_listener.cc:84] [event_listener/flush_begin] column family: default, thread_id: 1237248, job_id: 18, reason: 6
I20230630 05:15:11.254525 1237247 event_listener.cc:138] [event_listener/table_file_created] column family: default, file path: /nvme/jinghuan/node_40001/db/000047.sst, file size: 84932216, job id: 16, reason: flush, status: OK
I20230630 05:15:11.266561 1237247 event_listener.cc:91] [event_listener/flush_completed] column family: default, thread_id: 1237247, job_id: 16, file: /nvme/jinghuan/node_40001/db/000047.sst, reason: 6, is_write_slowdown: no, is_write_stall: no, largest seqno: 6070536, smallest seqno: 5337784
W20230630 05:15:11.266886 1237247 event_listener.cc:132] [event_listener/stall_cond_changed] column family: default write stall condition was changed, from stop to normal
W20230630 05:15:11.267086 1237480 event_listener.cc:132] [event_listener/stall_cond_changed] column family: default write stall condition was changed, from delay to stop
W20230630 05:15:12.584882 1237476 event_listener.cc:132] [event_listener/stall_cond_changed] column family: default write stall condition was changed, from normal to delay
I20230630 05:15:13.352703 1237248 event_listener.cc:138] [event_listener/table_file_created] column family: default, file path: /nvme/jinghuan/node_40001/db/000052.sst, file size: 85046015, job id: 18, reason: flush, status: OK
I20230630 05:15:13.369529 1237248 event_listener.cc:91] [event_listener/flush_completed] column family: default, thread_id: 1237248, job_id: 18, file: /nvme/jinghuan/node_40001/db/000052.sst, reason: 6, is_write_slowdown: no, is_write_stall: no, largest seqno: 6804258, smallest seqno: 6070538
W20230630 05:15:13.369616 1237248 event_listener.cc:132] [event_listener/stall_cond_changed] column family: default write stall condition was changed, from delay to normal
I20230630 05:15:13.978405 1237247 event_listener.cc:84] [event_listener/flush_begin] column family: default, thread_id: 1237247, job_id: 19, reason: 6
W20230630 05:15:15.231446 1237476 event_listener.cc:132] [event_listener/stall_cond_changed] column family: default write stall condition was changed, from normal to delay
I20230630 05:15:16.594167 1237248 event_listener.cc:84] [event_listener/flush_begin] column family: default, thread_id: 1237248, job_id: 20, reason: 6
I20230630 05:15:20.252117 1237246 event_listener.cc:138] [event_listener/table_file_created] column family: default, file path: /nvme/jinghuan/node_40001/db/000043.sst, file size: 138696952, job id: 10, reason: compaction, status: OK
I20230630 05:15:23.057034 1237247 event_listener.cc:138] [event_listener/table_file_created] column family: default, file path: /nvme/jinghuan/node_40001/db/000055.sst, file size: 84947429, job id: 19, reason: flush, status: OK
I20230630 05:15:23.065405 1237247 event_listener.cc:91] [event_listener/flush_completed] column family: default, thread_id: 1237247, job_id: 19, file: /nvme/jinghuan/node_40001/db/000055.sst, reason: 6, is_write_slowdown: no, is_write_stall: no, largest seqno: 7537155, smallest seqno: 6804260
W20230630 05:15:23.065465 1237247 event_listener.cc:132] [event_listener/stall_cond_changed] column family: default write stall condition was changed, from stop to normal
W20230630 05:15:23.065964 1237476 event_listener.cc:132] [event_listener/stall_cond_changed] column family: default write stall condition was changed, from delay to stop
I20230630 05:15:23.154768 1237246 event_listener.cc:138] [event_listener/table_file_created] column family: default, file path: /nvme/jinghuan/node_40001/db/000059.sst, file size: 30149810, job id: 10, reason: compaction, status: OK
I20230630 05:15:23.179646 1237246 event_listener.cc:71] [event_listener/compaction_completed] column family: default, compaction reason: 1, output compression type: no, base input level(files): 0(4), output level(files): 1(3), input bytes: 307716580, output bytes:307576665, is_manual_compaction:no, elapsed(micro): 38905065
I20230630 05:15:23.860342 1237248 event_listener.cc:138] [event_listener/table_file_created] column family: default, file path: /nvme/jinghuan/node_40001/db/000058.sst, file size: 85043838, job id: 20, reason: flush, status: OK
I20230630 05:15:23.866679 1237248 event_listener.cc:91] [event_listener/flush_completed] column family: default, thread_id: 1237248, job_id: 20, file: /nvme/jinghuan/node_40001/db/000058.sst, reason: 6, is_write_slowdown: no, is_write_stall: no, largest seqno: 8270899, smallest seqno: 7537157
I20230630 05:15:25.894240 1237247 event_listener.cc:84] [event_listener/flush_begin] column family: default, thread_id: 1237247, job_id: 22, reason: 6
W20230630 05:15:27.212312 1237478 event_listener.cc:132] [event_listener/stall_cond_changed] column family: default write stall condition was changed, from normal to delay
I20230630 05:15:27.629221 1237248 event_listener.cc:84] [event_listener/flush_begin] column family: metadata, thread_id: 1237248, job_id: 23, reason: 13
I20230630 05:15:29.456168 1237248 event_listener.cc:138] [event_listener/table_file_created] column family: metadata, file path: /nvme/jinghuan/node_40001/db/000066.sst, file size: 19219377, job id: 23, reason: flush, status: OK
I20230630 05:15:29.465196 1237248 event_listener.cc:91] [event_listener/flush_completed] column family: metadata, thread_id: 1237248, job_id: 23, file: /nvme/jinghuan/node_40001/db/000066.sst, reason: 13, is_write_slowdown: no, is_write_stall: no, largest seqno: 9442774, smallest seqno: 6295223
I20230630 05:15:29.491658 1237248 event_listener.cc:84] [event_listener/flush_begin] column family: default, thread_id: 1237248, job_id: 24, reason: 6
I20230630 05:15:34.776633 1237247 event_listener.cc:138] [event_listener/table_file_created] column family: default, file path: /nvme/jinghuan/node_40001/db/000063.sst, file size: 82883707, job id: 22, reason: flush, status: OK
I20230630 05:15:34.792439 1237247 event_listener.cc:91] [event_listener/flush_completed] column family: default, thread_id: 1237247, job_id: 22, file: /nvme/jinghuan/node_40001/db/000063.sst, reason: 6, is_write_slowdown: no, is_write_stall: no, largest seqno: 8985987, smallest seqno: 8270901
W20230630 05:15:34.792793 1237247 event_listener.cc:132] [event_listener/stall_cond_changed] column family: default write stall condition was changed, from stop to normal
W20230630 05:15:34.792977 1237478 event_listener.cc:132] [event_listener/stall_cond_changed] column family: default write stall condition was changed, from delay to stop
W20230630 05:15:36.030900 1237481 event_listener.cc:132] [event_listener/stall_cond_changed] column family: default write stall condition was changed, from normal to delay
I20230630 05:15:37.170078 1237248 event_listener.cc:138] [event_listener/table_file_created] column family: default, file path: /nvme/jinghuan/node_40001/db/000068.sst, file size: 83049425, job id: 24, reason: flush, status: OK
I20230630 05:15:37.178807 1237248 event_listener.cc:91] [event_listener/flush_completed] column family: default, thread_id: 1237248, job_id: 24, file: /nvme/jinghuan/node_40001/db/000068.sst, reason: 6, is_write_slowdown: no, is_write_stall: no, largest seqno: 9702483, smallest seqno: 8985989
W20230630 05:15:37.178910 1237248 event_listener.cc:132] [event_listener/stall_cond_changed] column family: default write stall condition was changed, from delay to normal
I20230630 05:15:37.264348 1237247 event_listener.cc:84] [event_listener/flush_begin] column family: default, thread_id: 1237247, job_id: 25, reason: 6
W20230630 05:15:38.475193 1237478 event_listener.cc:132] [event_listener/stall_cond_changed] column family: default write stall condition was changed, from normal to delay
I20230630 05:15:39.734191 1237248 event_listener.cc:84] [event_listener/flush_begin] column family: default, thread_id: 1237248, job_id: 26, reason: 6
I20230630 05:15:43.173308 1237244 event_listener.cc:138] [event_listener/table_file_created] column family: default, file path: /nvme/jinghuan/node_40001/db/000045.sst, file size: 310868102, job id: 15, reason: compaction, status: OK
I20230630 05:15:43.203867 1237244 event_listener.cc:71] [event_listener/compaction_completed] column family: default, compaction reason: 1, output compression type: no, base input level(files): 0(4), output level(files): 0(1), input bytes: 310983757, output bytes:310868102, is_manual_compaction:no, elapsed(micro): 41123416
I20230630 05:15:43.212745 1237244 event_listener.cc:127] [event_listener/table_file_deleted] db: /nvme/jinghuan/node_40001/db, sst file: /nvme/jinghuan/node_40001/db/000026.sst, status: OK
I20230630 05:15:43.221129 1237244 event_listener.cc:127] [event_listener/table_file_deleted] db: /nvme/jinghuan/node_40001/db, sst file: /nvme/jinghuan/node_40001/db/000023.sst, status: OK
I20230630 05:15:43.227341 1237244 event_listener.cc:127] [event_listener/table_file_deleted] db: /nvme/jinghuan/node_40001/db, sst file: /nvme/jinghuan/node_40001/db/000020.sst, status: OK
I20230630 05:15:43.233409 1237244 event_listener.cc:127] [event_listener/table_file_deleted] db: /nvme/jinghuan/node_40001/db, sst file: /nvme/jinghuan/node_40001/db/000017.sst, status: OK
I20230630 05:15:44.575695 1237247 event_listener.cc:138] [event_listener/table_file_created] column family: default, file path: /nvme/jinghuan/node_40001/db/000071.sst, file size: 78361147, job id: 25, reason: flush, status: OK
I20230630 05:15:44.586365 1237247 event_listener.cc:91] [event_listener/flush_completed] column family: default, thread_id: 1237247, job_id: 25, file: /nvme/jinghuan/node_40001/db/000071.sst, reason: 6, is_write_slowdown: no, is_write_stall: no, largest seqno: 10378565, smallest seqno: 9702485
W20230630 05:15:44.586480 1237247 event_listener.cc:132] [event_listener/stall_cond_changed] column family: default write stall condition was changed, from stop to normal
W20230630 05:15:44.586647 1237481 event_listener.cc:132] [event_listener/stall_cond_changed] column family: default write stall condition was changed, from delay to stop
I20230630 05:15:45.576887 1237248 event_listener.cc:138] [event_listener/table_file_created] column family: default, file path: /nvme/jinghuan/node_40001/db/000074.sst, file size: 79815157, job id: 26, reason: flush, status: OK
I20230630 05:15:45.588449 1237248 event_listener.cc:91] [event_listener/flush_completed] column family: default, thread_id: 1237248, job_id: 26, file: /nvme/jinghuan/node_40001/db/000074.sst, reason: 6, is_write_slowdown: no, is_write_stall: no, largest seqno: 11067165, smallest seqno: 10378567
I20230630 05:15:47.539646 1237247 event_listener.cc:84] [event_listener/flush_begin] column family: default, thread_id: 1237247, job_id: 30, reason: 6
W20230630 05:15:48.937654 1237480 event_listener.cc:132] [event_listener/stall_cond_changed] column family: default write stall condition was changed, from normal to delay
I20230630 05:15:50.460597 1237248 event_listener.cc:84] [event_listener/flush_begin] column family: default, thread_id: 1237248, job_id: 31, reason: 6
I20230630 05:15:55.580749 1237247 event_listener.cc:138] [event_listener/table_file_created] column family: default, file path: /nvme/jinghuan/node_40001/db/000078.sst, file size: 84886430, job id: 30, reason: flush, status: OK
I20230630 05:15:55.588353 1237247 event_listener.cc:91] [event_listener/flush_completed] column family: default, thread_id: 1237247, job_id: 30, file: /nvme/jinghuan/node_40001/db/000078.sst, reason: 6, is_write_slowdown: no, is_write_stall: no, largest seqno: 11799523, smallest seqno: 11067167
W20230630 05:15:55.588402 1237247 event_listener.cc:132] [event_listener/stall_cond_changed] column family: default write stall condition was changed, from stop to normal
W20230630 05:15:55.588829 1237480 event_listener.cc:132] [event_listener/stall_cond_changed] column family: default write stall condition was changed, from delay to stop
I20230630 05:15:55.811559 1237247 event_listener.cc:84] [event_listener/flush_begin] column family: metadata, thread_id: 1237247, job_id: 32, reason: 13
W20230630 05:15:56.788277 1237474 event_listener.cc:132] [event_listener/stall_cond_changed] column family: default write stall condition was changed, from normal to delay
I20230630 05:15:57.776634 1237247 event_listener.cc:138] [event_listener/table_file_created] column family: metadata, file path: /nvme/jinghuan/node_40001/db/000083.sst, file size: 19220904, job id: 32, reason: flush, status: OK
I20230630 05:15:57.783092 1237247 event_listener.cc:91] [event_listener/flush_completed] column family: metadata, thread_id: 1237247, job_id: 32, file: /nvme/jinghuan/node_40001/db/000083.sst, reason: 13, is_write_slowdown: no, is_write_stall: no, largest seqno: 12590369, smallest seqno: 9442785
I20230630 05:15:57.877231 1237246 event_listener.cc:138] [event_listener/table_file_created] column family: default, file path: /nvme/jinghuan/node_40001/db/000060.sst, file size: 339838714, job id: 21, reason: compaction, status: OK
I20230630 05:15:57.894191 1237246 event_listener.cc:71] [event_listener/compaction_completed] column family: default, compaction reason: 1, output compression type: no, base input level(files): 0(4), output level(files): 0(1), input bytes: 339969498, output bytes:339838714, is_manual_compaction:no, elapsed(micro): 34010476
I20230630 05:15:57.902993 1237246 event_listener.cc:127] [event_listener/table_file_deleted] db: /nvme/jinghuan/node_40001/db, sst file: /nvme/jinghuan/node_40001/db/000042.sst, status: OK
I20230630 05:15:57.910990 1237246 event_listener.cc:127] [event_listener/table_file_deleted] db: /nvme/jinghuan/node_40001/db, sst file: /nvme/jinghuan/node_40001/db/000039.sst, status: OK
I20230630 05:15:57.917191 1237246 event_listener.cc:127] [event_listener/table_file_deleted] db: /nvme/jinghuan/node_40001/db, sst file: /nvme/jinghuan/node_40001/db/000036.sst, status: OK
I20230630 05:15:57.923290 1237246 event_listener.cc:127] [event_listener/table_file_deleted] db: /nvme/jinghuan/node_40001/db, sst file: /nvme/jinghuan/node_40001/db/000031.sst, status: OK
I20230630 05:15:58.068608 1237247 event_listener.cc:84] [event_listener/flush_begin] column family: default, thread_id: 1237247, job_id: 35, reason: 6
I20230630 05:15:58.487092 1237248 event_listener.cc:138] [event_listener/table_file_created] column family: default, file path: /nvme/jinghuan/node_40001/db/000081.sst, file size: 85039252, job id: 31, reason: flush, status: OK
I20230630 05:15:58.503233 1237248 event_listener.cc:91] [event_listener/flush_completed] column family: default, thread_id: 1237248, job_id: 31, file: /nvme/jinghuan/node_40001/db/000081.sst, reason: 6, is_write_slowdown: no, is_write_stall: no, largest seqno: 12533256, smallest seqno: 11799525
W20230630 05:15:58.503782 1237248 event_listener.cc:132] [event_listener/stall_cond_changed] column family: default write stall condition was changed, from stop to normal
W20230630 05:15:58.503903 1237474 event_listener.cc:132] [event_listener/stall_cond_changed] column family: default write stall condition was changed, from delay to stop
W20230630 05:15:59.724439 1237474 event_listener.cc:132] [event_listener/stall_cond_changed] column family: default write stall condition was changed, from normal to delay
I20230630 05:16:00.903664 1237248 event_listener.cc:84] [event_listener/flush_begin] column family: default, thread_id: 1237248, job_id: 36, reason: 6
I20230630 05:16:04.787374 1237247 event_listener.cc:138] [event_listener/table_file_created] column family: default, file path: /nvme/jinghuan/node_40001/db/000087.sst, file size: 78330451, job id: 35, reason: flush, status: OK
I20230630 05:16:04.800977 1237247 event_listener.cc:91] [event_listener/flush_completed] column family: default, thread_id: 1237247, job_id: 35, file: /nvme/jinghuan/node_40001/db/000087.sst, reason: 6, is_write_slowdown: no, is_write_stall: no, largest seqno: 13209074, smallest seqno: 12533258
W20230630 05:16:04.801344 1237247 event_listener.cc:132] [event_listener/stall_cond_changed] column family: default write stall condition was changed, from stop to normal
W20230630 05:16:04.801515 1237474 event_listener.cc:132] [event_listener/stall_cond_changed] column family: default write stall condition was changed, from delay to stop
I20230630 05:16:05.083364 1237246 event_listener.cc:138] [event_listener/table_file_created] column family: metadata, file path: /nvme/jinghuan/node_40001/db/000085.sst, file size: 76274717, job id: 34, reason: compaction, status: OK
I20230630 05:16:05.101594 1237246 event_listener.cc:71] [event_listener/compaction_completed] column family: metadata, compaction reason: 1, output compression type: no, base input level(files): 0(4), output level(files): 1(1), input bytes: 76922598, output bytes:76274717, is_manual_compaction:no, elapsed(micro): 7160169
I20230630 05:16:05.105706 1237246 event_listener.cc:127] [event_listener/table_file_deleted] db: /nvme/jinghuan/node_40001/db, sst file: /nvme/jinghuan/node_40001/db/000066.sst, status: OK
I20230630 05:16:05.109666 1237246 event_listener.cc:127] [event_listener/table_file_deleted] db: /nvme/jinghuan/node_40001/db, sst file: /nvme/jinghuan/node_40001/db/000049.sst, status: OK
I20230630 05:16:05.112535 1237246 event_listener.cc:127] [event_listener/table_file_deleted] db: /nvme/jinghuan/node_40001/db, sst file: /nvme/jinghuan/node_40001/db/000034.sst, status: OK
W20230630 05:16:06.254349 1237481 event_listener.cc:132] [event_listener/stall_cond_changed] column family: default write stall condition was changed, from normal to delay
I20230630 05:16:06.289358 1237248 event_listener.cc:138] [event_listener/table_file_created] column family: default, file path: /nvme/jinghuan/node_40001/db/000090.sst, file size: 77471343, job id: 36, reason: flush, status: OK
I20230630 05:16:06.301306 1237248 event_listener.cc:91] [event_listener/flush_completed] column family: default, thread_id: 1237248, job_id: 36, file: /nvme/jinghuan/node_40001/db/000090.sst, reason: 6, is_write_slowdown: no, is_write_stall: no, largest seqno: 13877445, smallest seqno: 13209076
W20230630 05:16:06.301468 1237248 event_listener.cc:132] [event_listener/stall_cond_changed] column family: default write stall condition was changed, from delay to normal
I20230630 05:16:07.754972 1237247 event_listener.cc:84] [event_listener/flush_begin] column family: default, thread_id: 1237247, job_id: 40, reason: 6
W20230630 05:16:09.145905 1237481 event_listener.cc:132] [event_listener/stall_cond_changed] column family: default write stall condition was changed, from normal to delay
I20230630 05:16:10.655308 1237248 event_listener.cc:84] [event_listener/flush_begin] column family: default, thread_id: 1237248, job_id: 41, reason: 6
I20230630 05:16:14.088209 1237247 event_listener.cc:138] [event_listener/table_file_created] column family: default, file path: /nvme/jinghuan/node_40001/db/000094.sst, file size: 85054666, job id: 40, reason: flush, status: OK
I20230630 05:16:14.094924 1237247 event_listener.cc:91] [event_listener/flush_completed] column family: default, thread_id: 1237247, job_id: 40, file: /nvme/jinghuan/node_40001/db/000094.sst, reason: 6, is_write_slowdown: no, is_write_stall: no, largest seqno: 14611244, smallest seqno: 13877447
W20230630 05:16:14.094972 1237247 event_listener.cc:132] [event_listener/stall_cond_changed] column family: default write stall condition was changed, from stop to normal
W20230630 05:16:14.095247 1237481 event_listener.cc:132] [event_listener/stall_cond_changed] column family: default write stall condition was changed, from delay to stop
W20230630 05:16:15.365280 1237479 event_listener.cc:132] [event_listener/stall_cond_changed] column family: default write stall condition was changed, from normal to delay
I20230630 05:16:15.495712 1237247 event_listener.cc:84] [event_listener/flush_begin] column family: metadata, thread_id: 1237247, job_id: 42, reason: 13
I20230630 05:16:15.500492 1237244 event_listener.cc:138] [event_listener/table_file_created] column family: default, file path: /nvme/jinghuan/node_40001/db/000075.sst, file size: 323947193, job id: 29, reason: compaction, status: OK
I20230630 05:16:15.542876 1237244 event_listener.cc:71] [event_listener/compaction_completed] column family: default, compaction reason: 1, output compression type: no, base input level(files): 0(4), output level(files): 0(1), input bytes: 324109436, output bytes:323947193, is_manual_compaction:no, elapsed(micro): 29911879
I20230630 05:16:15.544497 1237244 event_listener.cc:127] [event_listener/table_file_deleted] db: /nvme/jinghuan/node_40001/db, sst file: /nvme/jinghuan/node_40001/db/000083.sst, status: OK
I20230630 05:16:15.551018 1237244 event_listener.cc:127] [event_listener/table_file_deleted] db: /nvme/jinghuan/node_40001/db, sst file: /nvme/jinghuan/node_40001/db/000058.sst, status: OK
I20230630 05:16:15.557703 1237244 event_listener.cc:127] [event_listener/table_file_deleted] db: /nvme/jinghuan/node_40001/db, sst file: /nvme/jinghuan/node_40001/db/000055.sst, status: OK
I20230630 05:16:15.564374 1237244 event_listener.cc:127] [event_listener/table_file_deleted] db: /nvme/jinghuan/node_40001/db, sst file: /nvme/jinghuan/node_40001/db/000052.sst, status: OK
I20230630 05:16:15.571014 1237244 event_listener.cc:127] [event_listener/table_file_deleted] db: /nvme/jinghuan/node_40001/db, sst file: /nvme/jinghuan/node_40001/db/000047.sst, status: OK
I20230630 05:16:16.801081 1237248 event_listener.cc:138] [event_listener/table_file_created] column family: default, file path: /nvme/jinghuan/node_40001/db/000097.sst, file size: 85049180, job id: 41, reason: flush, status: OK
I20230630 05:16:16.816994 1237248 event_listener.cc:91] [event_listener/flush_completed] column family: default, thread_id: 1237248, job_id: 41, file: /nvme/jinghuan/node_40001/db/000097.sst, reason: 6, is_write_slowdown: no, is_write_stall: no, largest seqno: 15345043, smallest seqno: 14611246
W20230630 05:16:16.817070 1237248 event_listener.cc:132] [event_listener/stall_cond_changed] column family: default write stall condition was changed, from stop to normal
W20230630 05:16:16.817214 1237479 event_listener.cc:132] [event_listener/stall_cond_changed] column family: default write stall condition was changed, from delay to stop
I20230630 05:16:16.842514 1237248 event_listener.cc:84] [event_listener/flush_begin] column family: default, thread_id: 1237248, job_id: 46, reason: 6
I20230630 05:16:17.195031 1237247 event_listener.cc:138] [event_listener/table_file_created] column family: metadata, file path: /nvme/jinghuan/node_40001/db/000100.sst, file size: 19250970, job id: 42, reason: flush, status: OK
I20230630 05:16:17.204258 1237247 event_listener.cc:91] [event_listener/flush_completed] column family: metadata, thread_id: 1237247, job_id: 42, file: /nvme/jinghuan/node_40001/db/000100.sst, reason: 13, is_write_slowdown: no, is_write_stall: no, largest seqno: 15738019, smallest seqno: 12590380
W20230630 05:16:17.204517 1237479 event_listener.cc:132] [event_listener/stall_cond_changed] column family: default write stall condition was changed, from normal to delay
I20230630 05:16:17.219487 1237247 event_listener.cc:84] [event_listener/flush_begin] column family: default, thread_id: 1237247, job_id: 48, reason: 13
I20230630 05:16:17.995502 1237247 event_listener.cc:138] [event_listener/table_file_created] column family: default, file path: /nvme/jinghuan/node_40001/db/000104.sst, file size: 12484626, job id: 48, reason: flush, status: OK
I20230630 05:16:20.499238 1237248 event_listener.cc:138] [event_listener/table_file_created] column family: default, file path: /nvme/jinghuan/node_40001/db/000102.sst, file size: 85023235, job id: 46, reason: flush, status: OK
I20230630 05:16:20.509325 1237248 event_listener.cc:91] [event_listener/flush_completed] column family: default, thread_id: 1237248, job_id: 46, file: /nvme/jinghuan/node_40001/db/000102.sst, reason: 13, is_write_slowdown: no, is_write_stall: no, largest seqno: 16078611, smallest seqno: 15345045
I20230630 05:16:20.509341 1237248 event_listener.cc:91] [event_listener/flush_completed] column family: default, thread_id: 1237247, job_id: 48, file: /nvme/jinghuan/node_40001/db/000104.sst, reason: 13, is_write_slowdown: no, is_write_stall: no, largest seqno: 16186246, smallest seqno: 16078613
W20230630 05:16:20.509554 1237248 event_listener.cc:132] [event_listener/stall_cond_changed] column family: default write stall condition was changed, from stop to normal
W20230630 05:16:20.509747 1237479 event_listener.cc:132] [event_listener/stall_cond_changed] column family: default write stall condition was changed, from delay to stop
I20230630 05:16:21.800921 1237247 event_listener.cc:84] [event_listener/flush_begin] column family: default, thread_id: 1237247, job_id: 52, reason: 6
W20230630 05:16:22.949800 1237479 event_listener.cc:132] [event_listener/stall_cond_changed] column family: default write stall condition was changed, from normal to delay
I20230630 05:16:24.189523 1237248 event_listener.cc:84] [event_listener/flush_begin] column family: default, thread_id: 1237248, job_id: 53, reason: 6
I20230630 05:16:27.203119 1237247 event_listener.cc:138] [event_listener/table_file_created] column family: default, file path: /nvme/jinghuan/node_40001/db/000108.sst, file size: 82508159, job id: 52, reason: flush, status: OK
I20230630 05:16:27.214896 1237247 event_listener.cc:91] [event_listener/flush_completed] column family: default, thread_id: 1237247, job_id: 52, file: /nvme/jinghuan/node_40001/db/000108.sst, reason: 6, is_write_slowdown: no, is_write_stall: no, largest seqno: 16898111, smallest seqno: 16186248
W20230630 05:16:27.214941 1237247 event_listener.cc:132] [event_listener/stall_cond_changed] column family: default write stall condition was changed, from stop to normal
W20230630 05:16:27.215384 1237479 event_listener.cc:132] [event_listener/stall_cond_changed] column family: default write stall condition was changed, from delay to stop
W20230630 05:16:28.461395 1237475 event_listener.cc:132] [event_listener/stall_cond_changed] column family: default write stall condition was changed, from normal to delay
I20230630 05:16:29.302845 1237248 event_listener.cc:138] [event_listener/table_file_created] column family: default, file path: /nvme/jinghuan/node_40001/db/000111.sst, file size: 78239341, job id: 53, reason: flush, status: OK
I20230630 05:16:29.314661 1237248 event_listener.cc:91] [event_listener/flush_completed] column family: default, thread_id: 1237248, job_id: 53, file: /nvme/jinghuan/node_40001/db/000111.sst, reason: 6, is_write_slowdown: no, is_write_stall: no, largest seqno: 17573104, smallest seqno: 16898113
W20230630 05:16:29.314741 1237248 event_listener.cc:132] [event_listener/stall_cond_changed] column family: default write stall condition was changed, from delay to normal
I20230630 05:16:29.723835 1237247 event_listener.cc:84] [event_listener/flush_begin] column family: default, thread_id: 1237247, job_id: 54, reason: 6
W20230630 05:16:30.881557 1237475 event_listener.cc:132] [event_listener/stall_cond_changed] column family: default write stall condition was changed, from normal to delay
I20230630 05:16:32.096426 1237248 event_listener.cc:84] [event_listener/flush_begin] column family: metadata, thread_id: 1237248, job_id: 55, reason: 13
I20230630 05:16:32.998512 1237246 event_listener.cc:138] [event_listener/table_file_created] column family: default, file path: /nvme/jinghuan/node_40001/db/000092.sst, file size: 325612553, job id: 39, reason: compaction, status: OK
I20230630 05:16:33.014922 1237246 event_listener.cc:71] [event_listener/compaction_completed] column family: default, compaction reason: 1, output compression type: no, base input level(files): 0(4), output level(files): 0(1), input bytes: 325727476, output bytes:325612553, is_manual_compaction:no, elapsed(micro): 26697100
I20230630 05:16:33.021397 1237246 event_listener.cc:127] [event_listener/table_file_deleted] db: /nvme/jinghuan/node_40001/db, sst file: /nvme/jinghuan/node_40001/db/000074.sst, status: OK
I20230630 05:16:33.027207 1237246 event_listener.cc:127] [event_listener/table_file_deleted] db: /nvme/jinghuan/node_40001/db, sst file: /nvme/jinghuan/node_40001/db/000071.sst, status: OK
I20230630 05:16:33.033262 1237246 event_listener.cc:127] [event_listener/table_file_deleted] db: /nvme/jinghuan/node_40001/db, sst file: /nvme/jinghuan/node_40001/db/000068.sst, status: OK
I20230630 05:16:33.039254 1237246 event_listener.cc:127] [event_listener/table_file_deleted] db: /nvme/jinghuan/node_40001/db, sst file: /nvme/jinghuan/node_40001/db/000063.sst, status: OK
I20230630 05:16:33.498768 1237248 event_listener.cc:138] [event_listener/table_file_created] column family: metadata, file path: /nvme/jinghuan/node_40001/db/000117.sst, file size: 19250156, job id: 55, reason: flush, status: OK
I20230630 05:16:33.507615 1237248 event_listener.cc:91] [event_listener/flush_completed] column family: metadata, thread_id: 1237248, job_id: 55, file: /nvme/jinghuan/node_40001/db/000117.sst, reason: 13, is_write_slowdown: no, is_write_stall: no, largest seqno: 18885658, smallest seqno: 15738030
I20230630 05:16:33.515591 1237248 event_listener.cc:84] [event_listener/flush_begin] column family: default, thread_id: 1237248, job_id: 57, reason: 6
I20230630 05:16:34.104864 1237247 event_listener.cc:138] [event_listener/table_file_created] column family: default, file path: /nvme/jinghuan/node_40001/db/000114.sst, file size: 76746142, job id: 54, reason: flush, status: OK
I20230630 05:16:34.113656 1237247 event_listener.cc:91] [event_listener/flush_completed] column family: default, thread_id: 1237247, job_id: 54, file: /nvme/jinghuan/node_40001/db/000114.sst, reason: 6, is_write_slowdown: no, is_write_stall: no, largest seqno: 18235205, smallest seqno: 17573106
W20230630 05:16:34.113754 1237247 event_listener.cc:132] [event_listener/stall_cond_changed] column family: default write stall condition was changed, from stop to normal
W20230630 05:16:34.114053 1237475 event_listener.cc:132] [event_listener/stall_cond_changed] column family: default write stall condition was changed, from delay to stop
W20230630 05:16:35.591220 1237476 event_listener.cc:132] [event_listener/stall_cond_changed] column family: default write stall condition was changed, from normal to delay
I20230630 05:16:36.506116 1237248 event_listener.cc:138] [event_listener/table_file_created] column family: default, file path: /nvme/jinghuan/node_40001/db/000119.sst, file size: 77428866, job id: 57, reason: flush, status: OK
I20230630 05:16:36.512720 1237248 event_listener.cc:91] [event_listener/flush_completed] column family: default, thread_id: 1237248, job_id: 57, file: /nvme/jinghuan/node_40001/db/000119.sst, reason: 6, is_write_slowdown: no, is_write_stall: no, largest seqno: 18903224, smallest seqno: 18235207
W20230630 05:16:36.512997 1237248 event_listener.cc:132] [event_listener/stall_cond_changed] column family: default write stall condition was changed, from delay to normal
I20230630 05:16:37.118599 1237247 event_listener.cc:84] [event_listener/flush_begin] column family: default, thread_id: 1237247, job_id: 61, reason: 6
W20230630 05:16:38.554329 1237476 event_listener.cc:132] [event_listener/stall_cond_changed] column family: default write stall condition was changed, from normal to delay
I20230630 05:16:40.090956 1237248 event_listener.cc:84] [event_listener/flush_begin] column family: default, thread_id: 1237248, job_id: 62, reason: 6
I20230630 05:16:41.109531 1237244 event_listener.cc:138] [event_listener/table_file_created] column family: default, file path: /nvme/jinghuan/node_40001/db/000106.sst, file size: 267509216, job id: 51, reason: compaction, status: OK
I20230630 05:16:41.132215 1237244 event_listener.cc:71] [event_listener/compaction_completed] column family: default, compaction reason: 1, output compression type: no, base input level(files): 0(4), output level(files): 0(1), input bytes: 267611707, output bytes:267509216, is_manual_compaction:no, elapsed(micro): 20600078
I20230630 05:16:41.142719 1237244 event_listener.cc:127] [event_listener/table_file_deleted] db: /nvme/jinghuan/node_40001/db, sst file: /nvme/jinghuan/node_40001/db/000090.sst, status: OK
I20230630 05:16:41.148736 1237244 event_listener.cc:127] [event_listener/table_file_deleted] db: /nvme/jinghuan/node_40001/db, sst file: /nvme/jinghuan/node_40001/db/000087.sst, status: OK
I20230630 05:16:41.154990 1237244 event_listener.cc:127] [event_listener/table_file_deleted] db: /nvme/jinghuan/node_40001/db, sst file: /nvme/jinghuan/node_40001/db/000081.sst, status: OK
I20230630 05:16:41.161095 1237244 event_listener.cc:127] [event_listener/table_file_deleted] db: /nvme/jinghuan/node_40001/db, sst file: /nvme/jinghuan/node_40001/db/000078.sst, status: OK
I20230630 05:16:42.711230 1237247 event_listener.cc:138] [event_listener/table_file_created] column family: default, file path: /nvme/jinghuan/node_40001/db/000123.sst, file size: 84881266, job id: 61, reason: flush, status: OK
I20230630 05:16:42.720396 1237247 event_listener.cc:91] [event_listener/flush_completed] column family: default, thread_id: 1237247, job_id: 61, file: /nvme/jinghuan/node_40001/db/000123.sst, reason: 6, is_write_slowdown: no, is_write_stall: no, largest seqno: 19635560, smallest seqno: 18903226
W20230630 05:16:42.720438 1237247 event_listener.cc:132] [event_listener/stall_cond_changed] column family: default write stall condition was changed, from stop to normal
W20230630 05:16:42.720690 1237476 event_listener.cc:132] [event_listener/stall_cond_changed] column family: default write stall condition was changed, from delay to stop
I20230630 05:16:43.811774 1237248 event_listener.cc:138] [event_listener/table_file_created] column family: default, file path: /nvme/jinghuan/node_40001/db/000126.sst, file size: 85052933, job id: 62, reason: flush, status: OK
I20230630 05:16:43.821386 1237248 event_listener.cc:91] [event_listener/flush_completed] column family: default, thread_id: 1237248, job_id: 62, file: /nvme/jinghuan/node_40001/db/000126.sst, reason: 6, is_write_slowdown: no, is_write_stall: no, largest seqno: 20369359, smallest seqno: 19635562
I20230630 05:16:45.289220 1237247 event_listener.cc:84] [event_listener/flush_begin] column family: default, thread_id: 1237247, job_id: 67, reason: 6
W20230630 05:16:46.514457 1237478 event_listener.cc:132] [event_listener/stall_cond_changed] column family: default write stall condition was changed, from normal to delay
I20230630 05:16:47.811295 1237248 event_listener.cc:84] [event_listener/flush_begin] column family: default, thread_id: 1237248, job_id: 71, reason: 6
I20230630 05:16:48.017186 1237247 event_listener.cc:138] [event_listener/table_file_created] column family: default, file path: /nvme/jinghuan/node_40001/db/000129.sst, file size: 78113086, job id: 67, reason: flush, status: OK
I20230630 05:16:48.029971 1237247 event_listener.cc:91] [event_listener/flush_completed] column family: default, thread_id: 1237247, job_id: 67, file: /nvme/jinghuan/node_40001/db/000129.sst, reason: 6, is_write_slowdown: no, is_write_stall: no, largest seqno: 21043285, smallest seqno: 20369361
W20230630 05:16:48.030093 1237247 event_listener.cc:132] [event_listener/stall_cond_changed] column family: default write stall condition was changed, from stop to normal
W20230630 05:16:48.030423 1237478 event_listener.cc:132] [event_listener/stall_cond_changed] column family: default write stall condition was changed, from delay to stop
