Log file created at: 2023/07/07 07:52:40
Running on machine: en4217754l
Running duration (h:mm:ss): 0:00:00
Log line format: [IWEF]yyyymmdd hh:mm:ss.uuuuuu threadid file:line] msg
I20230707 07:52:40.902772 46138 main.cc:328] kvrocks unstable (commit 4a10c89)
I20230707 07:52:41.299454 46138 storage.cc:322] [storage] Success to load the data from disk: 86 ms
I20230707 07:52:41.300050 46138 worker.cc:72] [worker] Listening on: 10.218.109.65:40001
I20230707 07:52:41.300079 46138 worker.cc:72] [worker] Listening on: 127.0.0.1:40001
I20230707 07:52:41.300310 46138 worker.cc:72] [worker] Listening on: 10.218.109.65:40001
I20230707 07:52:41.300331 46138 worker.cc:72] [worker] Listening on: 127.0.0.1:40001
I20230707 07:52:41.300494 46138 worker.cc:72] [worker] Listening on: 10.218.109.65:40001
I20230707 07:52:41.300513 46138 worker.cc:72] [worker] Listening on: 127.0.0.1:40001
I20230707 07:52:41.300662 46138 worker.cc:72] [worker] Listening on: 10.218.109.65:40001
I20230707 07:52:41.300679 46138 worker.cc:72] [worker] Listening on: 127.0.0.1:40001
I20230707 07:52:41.300822 46138 worker.cc:72] [worker] Listening on: 10.218.109.65:40001
I20230707 07:52:41.300838 46138 worker.cc:72] [worker] Listening on: 127.0.0.1:40001
I20230707 07:52:41.300976 46138 worker.cc:72] [worker] Listening on: 10.218.109.65:40001
I20230707 07:52:41.300993 46138 worker.cc:72] [worker] Listening on: 127.0.0.1:40001
I20230707 07:52:41.301124 46138 worker.cc:72] [worker] Listening on: 10.218.109.65:40001
I20230707 07:52:41.301141 46138 worker.cc:72] [worker] Listening on: 127.0.0.1:40001
I20230707 07:52:41.301282 46138 worker.cc:72] [worker] Listening on: 10.218.109.65:40001
I20230707 07:52:41.301299 46138 worker.cc:72] [worker] Listening on: 127.0.0.1:40001
W20230707 07:52:41.301412 46138 server.cc:1650] [server] Increased maximum number of open files to 14224 (it's originally set to 1024)
I20230707 07:52:41.301614 46138 cluster.cc:643] The cluster nodes file /nvme/jinghuan/node_40001/nodes.conf is not found. Use CLUSTERX subcommands to specify it.
I20230707 07:52:41.301630 46138 cluster.cc:643] The cluster nodes file /nvme/jinghuan/node_40001/nodes.conf is not found. Use CLUSTERX subcommands to specify it.
I20230707 07:52:41.304761 46138 worker.cc:519] [worker] Thread #140189938738944 started
I20230707 07:52:41.304811 46138 worker.cc:519] [worker] Thread #140189947131648 started
I20230707 07:52:41.304865 46138 worker.cc:519] [worker] Thread #140190317893376 started
I20230707 07:52:41.304924 46138 worker.cc:519] [worker] Thread #140190309500672 started
I20230707 07:52:41.304971 46138 worker.cc:519] [worker] Thread #140190301107968 started
I20230707 07:52:41.305019 46138 worker.cc:519] [worker] Thread #140190292715264 started
I20230707 07:52:41.305068 46138 worker.cc:519] [worker] Thread #140190081349376 started
I20230707 07:52:41.305119 46138 worker.cc:519] [worker] Thread #140190072956672 started
I20230707 07:52:41.305295 46138 server.cc:211] [server] Ready to accept connections
I20230707 07:52:41.940322 46379 cluster.cc:286] MASTER MODE enabled by cluster topology setting
I20230707 07:52:44.589605 46152 event_listener.cc:84] [event_listener/flush_begin] column family: default, thread_id: 46152, job_id: 3, reason: 6
I20230707 07:52:45.061996 46152 event_listener.cc:138] [event_listener/table_file_created] column family: default, file path: /nvme/jinghuan/node_40001/db/000016.sst, file size: 83040347, job id: 3, reason: flush, status: OK
I20230707 07:52:45.076980 46152 event_listener.cc:91] [event_listener/flush_completed] column family: default, thread_id: 46152, job_id: 3, file: /nvme/jinghuan/node_40001/db/000016.sst, reason: 6, is_write_slowdown: no, is_write_stall: no, largest seqno: 716451, smallest seqno: 1
I20230707 07:52:45.824730 46150 event_listener.cc:138] [event_listener/table_file_created] column family: default, file path: /nvme/jinghuan/node_40001/db/000017.sst, file size: 83040343, job id: 4, reason: compaction, status: OK
I20230707 07:52:45.837615 46150 event_listener.cc:71] [event_listener/compaction_completed] column family: default, compaction reason: 11, output compression type: no, base input level(files): 0(1), output level(files): 0(1), input bytes: 83040347, output bytes:83040343, is_manual_compaction:no, elapsed(micro): 747993
I20230707 07:52:45.844045 46150 event_listener.cc:127] [event_listener/table_file_deleted] db: /nvme/jinghuan/node_40001/db, sst file: /nvme/jinghuan/node_40001/db/000016.sst, status: OK
I20230707 07:52:47.195570 46153 event_listener.cc:84] [event_listener/flush_begin] column family: default, thread_id: 46153, job_id: 5, reason: 6
I20230707 07:52:47.655025 46153 event_listener.cc:138] [event_listener/table_file_created] column family: default, file path: /nvme/jinghuan/node_40001/db/000020.sst, file size: 83041286, job id: 5, reason: flush, status: OK
I20230707 07:52:47.661394 46153 event_listener.cc:91] [event_listener/flush_completed] column family: default, thread_id: 46153, job_id: 5, file: /nvme/jinghuan/node_40001/db/000020.sst, reason: 6, is_write_slowdown: no, is_write_stall: no, largest seqno: 1432914, smallest seqno: 716453
I20230707 07:52:49.740257 46152 event_listener.cc:84] [event_listener/flush_begin] column family: default, thread_id: 46152, job_id: 6, reason: 6
I20230707 07:52:50.201611 46152 event_listener.cc:138] [event_listener/table_file_created] column family: default, file path: /nvme/jinghuan/node_40001/db/000023.sst, file size: 83054068, job id: 6, reason: flush, status: OK
I20230707 07:52:50.216938 46152 event_listener.cc:91] [event_listener/flush_completed] column family: default, thread_id: 46152, job_id: 6, file: /nvme/jinghuan/node_40001/db/000023.sst, reason: 6, is_write_slowdown: no, is_write_stall: no, largest seqno: 2149410, smallest seqno: 1432916
I20230707 07:52:52.458781 46153 event_listener.cc:84] [event_listener/flush_begin] column family: default, thread_id: 46153, job_id: 7, reason: 6
I20230707 07:52:53.470527 46152 event_listener.cc:84] [event_listener/flush_begin] column family: metadata, thread_id: 46152, job_id: 8, reason: 13
W20230707 07:52:53.725397 46382 event_listener.cc:132] [event_listener/stall_cond_changed] column family: default write stall condition was changed, from normal to delay
I20230707 07:52:54.739733 46152 event_listener.cc:138] [event_listener/table_file_created] column family: metadata, file path: /nvme/jinghuan/node_40001/db/000028.sst, file size: 19243637, job id: 8, reason: flush, status: OK
I20230707 07:52:54.750479 46152 event_listener.cc:91] [event_listener/flush_completed] column family: metadata, thread_id: 46152, job_id: 8, file: /nvme/jinghuan/node_40001/db/000028.sst, reason: 13, is_write_slowdown: no, is_write_stall: no, largest seqno: 3147551, smallest seqno: 11
I20230707 07:52:55.091822 46152 event_listener.cc:84] [event_listener/flush_begin] column family: default, thread_id: 46152, job_id: 10, reason: 6
I20230707 07:52:56.631825 46151 event_listener.cc:138] [event_listener/table_file_created] column family: metadata, file path: /nvme/jinghuan/node_40001/db/000030.sst, file size: 19243633, job id: 9, reason: compaction, status: OK
I20230707 07:52:56.639358 46151 event_listener.cc:71] [event_listener/compaction_completed] column family: metadata, compaction reason: 11, output compression type: no, base input level(files): 0(1), output level(files): 0(1), input bytes: 19243637, output bytes:19243633, is_manual_compaction:no, elapsed(micro): 1881190
I20230707 07:52:58.438742 46153 event_listener.cc:138] [event_listener/table_file_created] column family: default, file path: /nvme/jinghuan/node_40001/db/000026.sst, file size: 83045609, job id: 7, reason: flush, status: OK
I20230707 07:52:58.445230 46153 event_listener.cc:91] [event_listener/flush_completed] column family: default, thread_id: 46153, job_id: 7, file: /nvme/jinghuan/node_40001/db/000026.sst, reason: 6, is_write_slowdown: no, is_write_stall: no, largest seqno: 2865829, smallest seqno: 2149412
I20230707 07:52:58.447329 46153 event_listener.cc:127] [event_listener/table_file_deleted] db: /nvme/jinghuan/node_40001/db, sst file: /nvme/jinghuan/node_40001/db/000028.sst, status: OK
W20230707 07:52:58.447397 46153 event_listener.cc:132] [event_listener/stall_cond_changed] column family: default write stall condition was changed, from stop to normal
W20230707 07:52:58.447472 46382 event_listener.cc:132] [event_listener/stall_cond_changed] column family: default write stall condition was changed, from delay to stop
W20230707 07:52:59.719156 46378 event_listener.cc:132] [event_listener/stall_cond_changed] column family: default write stall condition was changed, from normal to delay
I20230707 07:53:00.951612 46153 event_listener.cc:84] [event_listener/flush_begin] column family: default, thread_id: 46153, job_id: 12, reason: 6
I20230707 07:53:01.040681 46152 event_listener.cc:138] [event_listener/table_file_created] column family: default, file path: /nvme/jinghuan/node_40001/db/000032.sst, file size: 83043562, job id: 10, reason: flush, status: OK
I20230707 07:53:01.047089 46152 event_listener.cc:91] [event_listener/flush_completed] column family: default, thread_id: 46152, job_id: 10, file: /nvme/jinghuan/node_40001/db/000032.sst, reason: 6, is_write_slowdown: no, is_write_stall: no, largest seqno: 3582292, smallest seqno: 2865831
W20230707 07:53:01.047472 46152 event_listener.cc:132] [event_listener/stall_cond_changed] column family: default write stall condition was changed, from stop to normal
W20230707 07:53:01.047646 46378 event_listener.cc:132] [event_listener/stall_cond_changed] column family: default write stall condition was changed, from delay to stop
W20230707 07:53:02.229476 46378 event_listener.cc:132] [event_listener/stall_cond_changed] column family: default write stall condition was changed, from normal to delay
I20230707 07:53:03.463886 46152 event_listener.cc:84] [event_listener/flush_begin] column family: default, thread_id: 46152, job_id: 13, reason: 6
I20230707 07:53:06.947273 46153 event_listener.cc:138] [event_listener/table_file_created] column family: default, file path: /nvme/jinghuan/node_40001/db/000036.sst, file size: 76945540, job id: 12, reason: flush, status: OK
I20230707 07:53:06.962090 46153 event_listener.cc:91] [event_listener/flush_completed] column family: default, thread_id: 46153, job_id: 12, file: /nvme/jinghuan/node_40001/db/000036.sst, reason: 6, is_write_slowdown: no, is_write_stall: no, largest seqno: 4246131, smallest seqno: 3582294
W20230707 07:53:06.962235 46153 event_listener.cc:132] [event_listener/stall_cond_changed] column family: default write stall condition was changed, from stop to normal
W20230707 07:53:06.963032 46378 event_listener.cc:132] [event_listener/stall_cond_changed] column family: default write stall condition was changed, from delay to stop
W20230707 07:53:08.347388 46383 event_listener.cc:132] [event_listener/stall_cond_changed] column family: default write stall condition was changed, from normal to delay
I20230707 07:53:09.355001 46152 event_listener.cc:138] [event_listener/table_file_created] column family: default, file path: /nvme/jinghuan/node_40001/db/000039.sst, file size: 77080275, job id: 13, reason: flush, status: OK
I20230707 07:53:09.367520 46152 event_listener.cc:91] [event_listener/flush_completed] column family: default, thread_id: 46152, job_id: 13, file: /nvme/jinghuan/node_40001/db/000039.sst, reason: 6, is_write_slowdown: no, is_write_stall: no, largest seqno: 4911114, smallest seqno: 4246133
W20230707 07:53:09.367570 46152 event_listener.cc:132] [event_listener/stall_cond_changed] column family: default write stall condition was changed, from delay to normal
I20230707 07:53:09.802673 46153 event_listener.cc:84] [event_listener/flush_begin] column family: default, thread_id: 46153, job_id: 14, reason: 6
W20230707 07:53:11.125355 46383 event_listener.cc:132] [event_listener/stall_cond_changed] column family: default write stall condition was changed, from normal to delay
I20230707 07:53:11.944551 46150 event_listener.cc:138] [event_listener/table_file_created] column family: default, file path: /nvme/jinghuan/node_40001/db/000033.sst, file size: 138724881, job id: 11, reason: compaction, status: OK
I20230707 07:53:12.270949 46152 event_listener.cc:84] [event_listener/flush_begin] column family: metadata, thread_id: 46152, job_id: 15, reason: 13
I20230707 07:53:14.046051 46152 event_listener.cc:138] [event_listener/table_file_created] column family: metadata, file path: /nvme/jinghuan/node_40001/db/000046.sst, file size: 19238169, job id: 15, reason: flush, status: OK
I20230707 07:53:14.055001 46152 event_listener.cc:91] [event_listener/flush_completed] column family: metadata, thread_id: 46152, job_id: 15, file: /nvme/jinghuan/node_40001/db/000046.sst, reason: 13, is_write_slowdown: no, is_write_stall: no, largest seqno: 6295113, smallest seqno: 3147562
I20230707 07:53:14.071070 46152 event_listener.cc:84] [event_listener/flush_begin] column family: default, thread_id: 46152, job_id: 16, reason: 6
I20230707 07:53:18.055445 46153 event_listener.cc:138] [event_listener/table_file_created] column family: default, file path: /nvme/jinghuan/node_40001/db/000042.sst, file size: 85050172, job id: 14, reason: flush, status: OK
I20230707 07:53:18.068055 46153 event_listener.cc:91] [event_listener/flush_completed] column family: default, thread_id: 46153, job_id: 14, file: /nvme/jinghuan/node_40001/db/000042.sst, reason: 6, is_write_slowdown: no, is_write_stall: no, largest seqno: 5644880, smallest seqno: 4911116
W20230707 07:53:18.068392 46153 event_listener.cc:132] [event_listener/stall_cond_changed] column family: default write stall condition was changed, from stop to normal
W20230707 07:53:18.068547 46383 event_listener.cc:132] [event_listener/stall_cond_changed] column family: default write stall condition was changed, from delay to stop
W20230707 07:53:19.340770 46379 event_listener.cc:132] [event_listener/stall_cond_changed] column family: default write stall condition was changed, from normal to delay
I20230707 07:53:20.672262 46153 event_listener.cc:84] [event_listener/flush_begin] column family: default, thread_id: 46153, job_id: 18, reason: 6
I20230707 07:53:22.261996 46152 event_listener.cc:138] [event_listener/table_file_created] column family: default, file path: /nvme/jinghuan/node_40001/db/000048.sst, file size: 85047576, job id: 16, reason: flush, status: OK
I20230707 07:53:22.274168 46152 event_listener.cc:91] [event_listener/flush_completed] column family: default, thread_id: 46152, job_id: 16, file: /nvme/jinghuan/node_40001/db/000048.sst, reason: 6, is_write_slowdown: no, is_write_stall: no, largest seqno: 6378646, smallest seqno: 5644882
W20230707 07:53:22.274580 46152 event_listener.cc:132] [event_listener/stall_cond_changed] column family: default write stall condition was changed, from stop to normal
W20230707 07:53:22.274755 46378 event_listener.cc:132] [event_listener/stall_cond_changed] column family: default write stall condition was changed, from delay to stop
W20230707 07:53:23.578645 46385 event_listener.cc:132] [event_listener/stall_cond_changed] column family: default write stall condition was changed, from normal to delay
I20230707 07:53:24.967664 46152 event_listener.cc:84] [event_listener/flush_begin] column family: default, thread_id: 46152, job_id: 19, reason: 6
I20230707 07:53:26.057207 46150 event_listener.cc:138] [event_listener/table_file_created] column family: default, file path: /nvme/jinghuan/node_40001/db/000044.sst, file size: 138701499, job id: 11, reason: compaction, status: OK
I20230707 07:53:28.965256 46153 event_listener.cc:138] [event_listener/table_file_created] column family: default, file path: /nvme/jinghuan/node_40001/db/000052.sst, file size: 84761969, job id: 18, reason: flush, status: OK
I20230707 07:53:28.981283 46153 event_listener.cc:91] [event_listener/flush_completed] column family: default, thread_id: 46153, job_id: 18, file: /nvme/jinghuan/node_40001/db/000052.sst, reason: 6, is_write_slowdown: no, is_write_stall: no, largest seqno: 7109926, smallest seqno: 6378648
W20230707 07:53:28.981398 46153 event_listener.cc:132] [event_listener/stall_cond_changed] column family: default write stall condition was changed, from stop to normal
W20230707 07:53:28.982085 46383 event_listener.cc:132] [event_listener/stall_cond_changed] column family: default write stall condition was changed, from delay to stop
W20230707 07:53:30.155820 46380 event_listener.cc:132] [event_listener/stall_cond_changed] column family: default write stall condition was changed, from normal to delay
I20230707 07:53:31.418459 46153 event_listener.cc:84] [event_listener/flush_begin] column family: default, thread_id: 46153, job_id: 20, reason: 6
I20230707 07:53:32.557590 46150 event_listener.cc:138] [event_listener/table_file_created] column family: default, file path: /nvme/jinghuan/node_40001/db/000056.sst, file size: 54592601, job id: 11, reason: compaction, status: OK
I20230707 07:53:32.583117 46150 event_listener.cc:71] [event_listener/compaction_completed] column family: default, compaction reason: 1, output compression type: no, base input level(files): 0(4), output level(files): 1(3), input bytes: 332181306, output bytes:332018981, is_manual_compaction:no, elapsed(micro): 34112253
I20230707 07:53:32.589577 46150 event_listener.cc:71] [event_listener/compaction_completed] column family: default, compaction reason: 2, output compression type: no, base input level(files): 1(1), output level(files): 2(1), input bytes: 0, output bytes:0, is_manual_compaction:no, elapsed(micro): 0
I20230707 07:53:33.269366 46152 event_listener.cc:138] [event_listener/table_file_created] column family: default, file path: /nvme/jinghuan/node_40001/db/000055.sst, file size: 84850047, job id: 19, reason: flush, status: OK
I20230707 07:53:33.284956 46152 event_listener.cc:91] [event_listener/flush_completed] column family: default, thread_id: 46152, job_id: 19, file: /nvme/jinghuan/node_40001/db/000055.sst, reason: 6, is_write_slowdown: no, is_write_stall: no, largest seqno: 7841987, smallest seqno: 7109928
W20230707 07:53:33.285045 46152 event_listener.cc:132] [event_listener/stall_cond_changed] column family: default write stall condition was changed, from stop to normal
W20230707 07:53:33.285547 46380 event_listener.cc:132] [event_listener/stall_cond_changed] column family: default write stall condition was changed, from delay to stop
W20230707 07:53:34.583976 46384 event_listener.cc:132] [event_listener/stall_cond_changed] column family: default write stall condition was changed, from normal to delay
I20230707 07:53:35.918469 46152 event_listener.cc:84] [event_listener/flush_begin] column family: default, thread_id: 46152, job_id: 22, reason: 6
I20230707 07:53:36.671694 46153 event_listener.cc:138] [event_listener/table_file_created] column family: default, file path: /nvme/jinghuan/node_40001/db/000059.sst, file size: 78315681, job id: 20, reason: flush, status: OK
I20230707 07:53:36.687332 46153 event_listener.cc:91] [event_listener/flush_completed] column family: default, thread_id: 46153, job_id: 20, file: /nvme/jinghuan/node_40001/db/000059.sst, reason: 6, is_write_slowdown: no, is_write_stall: no, largest seqno: 8517662, smallest seqno: 7841989
W20230707 07:53:36.687486 46153 event_listener.cc:132] [event_listener/stall_cond_changed] column family: default write stall condition was changed, from stop to normal
W20230707 07:53:36.687899 46384 event_listener.cc:132] [event_listener/stall_cond_changed] column family: default write stall condition was changed, from delay to stop
I20230707 07:53:37.419500 46153 event_listener.cc:84] [event_listener/flush_begin] column family: metadata, thread_id: 46153, job_id: 24, reason: 13
W20230707 07:53:37.915459 46379 event_listener.cc:132] [event_listener/stall_cond_changed] column family: default write stall condition was changed, from normal to delay
I20230707 07:53:39.369910 46153 event_listener.cc:138] [event_listener/table_file_created] column family: metadata, file path: /nvme/jinghuan/node_40001/db/000065.sst, file size: 19219584, job id: 24, reason: flush, status: OK
I20230707 07:53:39.378122 46153 event_listener.cc:91] [event_listener/flush_completed] column family: metadata, thread_id: 46153, job_id: 24, file: /nvme/jinghuan/node_40001/db/000065.sst, reason: 13, is_write_slowdown: no, is_write_stall: no, largest seqno: 9442708, smallest seqno: 6295124
I20230707 07:53:39.416587 46153 event_listener.cc:84] [event_listener/flush_begin] column family: default, thread_id: 46153, job_id: 25, reason: 6
I20230707 07:53:44.078980 46152 event_listener.cc:138] [event_listener/table_file_created] column family: default, file path: /nvme/jinghuan/node_40001/db/000062.sst, file size: 84899094, job id: 22, reason: flush, status: OK
I20230707 07:53:44.094682 46152 event_listener.cc:91] [event_listener/flush_completed] column family: default, thread_id: 46152, job_id: 22, file: /nvme/jinghuan/node_40001/db/000062.sst, reason: 6, is_write_slowdown: no, is_write_stall: no, largest seqno: 9250130, smallest seqno: 8517664
W20230707 07:53:44.095091 46152 event_listener.cc:132] [event_listener/stall_cond_changed] column family: default write stall condition was changed, from stop to normal
W20230707 07:53:44.095292 46379 event_listener.cc:132] [event_listener/stall_cond_changed] column family: default write stall condition was changed, from delay to stop
W20230707 07:53:45.404680 46379 event_listener.cc:132] [event_listener/stall_cond_changed] column family: default write stall condition was changed, from normal to delay
I20230707 07:53:46.369590 46153 event_listener.cc:138] [event_listener/table_file_created] column family: default, file path: /nvme/jinghuan/node_40001/db/000068.sst, file size: 77745594, job id: 25, reason: flush, status: OK
I20230707 07:53:46.383147 46153 event_listener.cc:91] [event_listener/flush_completed] column family: default, thread_id: 46153, job_id: 25, file: /nvme/jinghuan/node_40001/db/000068.sst, reason: 6, is_write_slowdown: no, is_write_stall: no, largest seqno: 9920855, smallest seqno: 9250132
W20230707 07:53:46.383272 46153 event_listener.cc:132] [event_listener/stall_cond_changed] column family: default write stall condition was changed, from delay to normal
I20230707 07:53:46.788977 46152 event_listener.cc:84] [event_listener/flush_begin] column family: default, thread_id: 46152, job_id: 26, reason: 6
W20230707 07:53:48.012513 46379 event_listener.cc:132] [event_listener/stall_cond_changed] column family: default write stall condition was changed, from normal to delay
I20230707 07:53:49.421839 46153 event_listener.cc:84] [event_listener/flush_begin] column family: default, thread_id: 46153, job_id: 27, reason: 6
I20230707 07:53:54.876718 46152 event_listener.cc:138] [event_listener/table_file_created] column family: default, file path: /nvme/jinghuan/node_40001/db/000071.sst, file size: 85003151, job id: 26, reason: flush, status: OK
I20230707 07:53:54.891356 46152 event_listener.cc:91] [event_listener/flush_completed] column family: default, thread_id: 46152, job_id: 26, file: /nvme/jinghuan/node_40001/db/000071.sst, reason: 6, is_write_slowdown: no, is_write_stall: no, largest seqno: 10654280, smallest seqno: 9920857
W20230707 07:53:54.891499 46152 event_listener.cc:132] [event_listener/stall_cond_changed] column family: default write stall condition was changed, from stop to normal
W20230707 07:53:54.892159 46379 event_listener.cc:132] [event_listener/stall_cond_changed] column family: default write stall condition was changed, from delay to stop
W20230707 07:53:56.189079 46378 event_listener.cc:132] [event_listener/stall_cond_changed] column family: default write stall condition was changed, from normal to delay
I20230707 07:53:56.884912 46153 event_listener.cc:138] [event_listener/table_file_created] column family: default, file path: /nvme/jinghuan/node_40001/db/000074.sst, file size: 85043399, job id: 27, reason: flush, status: OK
I20230707 07:53:56.900465 46153 event_listener.cc:91] [event_listener/flush_completed] column family: default, thread_id: 46153, job_id: 27, file: /nvme/jinghuan/node_40001/db/000074.sst, reason: 6, is_write_slowdown: no, is_write_stall: no, largest seqno: 11388035, smallest seqno: 10654282
W20230707 07:53:56.900569 46153 event_listener.cc:132] [event_listener/stall_cond_changed] column family: default write stall condition was changed, from delay to normal
I20230707 07:53:57.573305 46152 event_listener.cc:84] [event_listener/flush_begin] column family: default, thread_id: 46152, job_id: 28, reason: 6
I20230707 07:53:57.676117 46151 event_listener.cc:138] [event_listener/table_file_created] column family: default, file path: /nvme/jinghuan/node_40001/db/000049.sst, file size: 321995542, job id: 17, reason: compaction, status: OK
I20230707 07:53:57.697393 46151 event_listener.cc:71] [event_listener/compaction_completed] column family: default, compaction reason: 1, output compression type: no, base input level(files): 0(4), output level(files): 0(1), input bytes: 322119549, output bytes:321995542, is_manual_compaction:no, elapsed(micro): 39607935
I20230707 07:53:57.706916 46151 event_listener.cc:127] [event_listener/table_file_deleted] db: /nvme/jinghuan/node_40001/db, sst file: /nvme/jinghuan/node_40001/db/000026.sst, status: OK
I20230707 07:53:57.713642 46151 event_listener.cc:127] [event_listener/table_file_deleted] db: /nvme/jinghuan/node_40001/db, sst file: /nvme/jinghuan/node_40001/db/000023.sst, status: OK
I20230707 07:53:57.719998 46151 event_listener.cc:127] [event_listener/table_file_deleted] db: /nvme/jinghuan/node_40001/db, sst file: /nvme/jinghuan/node_40001/db/000020.sst, status: OK
I20230707 07:53:57.726507 46151 event_listener.cc:127] [event_listener/table_file_deleted] db: /nvme/jinghuan/node_40001/db, sst file: /nvme/jinghuan/node_40001/db/000017.sst, status: OK
W20230707 07:53:58.849824 46379 event_listener.cc:132] [event_listener/stall_cond_changed] column family: default write stall condition was changed, from normal to delay
I20230707 07:53:59.275298 46153 event_listener.cc:84] [event_listener/flush_begin] column family: metadata, thread_id: 46153, job_id: 30, reason: 13
I20230707 07:54:01.182890 46153 event_listener.cc:138] [event_listener/table_file_created] column family: metadata, file path: /nvme/jinghuan/node_40001/db/000081.sst, file size: 19220876, job id: 30, reason: flush, status: OK
I20230707 07:54:01.190163 46153 event_listener.cc:91] [event_listener/flush_completed] column family: metadata, thread_id: 46153, job_id: 30, file: /nvme/jinghuan/node_40001/db/000081.sst, reason: 13, is_write_slowdown: no, is_write_stall: no, largest seqno: 12590336, smallest seqno: 9442719
I20230707 07:54:01.212885 46153 event_listener.cc:84] [event_listener/flush_begin] column family: default, thread_id: 46153, job_id: 31, reason: 6
I20230707 07:54:05.889684 46152 event_listener.cc:138] [event_listener/table_file_created] column family: default, file path: /nvme/jinghuan/node_40001/db/000077.sst, file size: 84731060, job id: 28, reason: flush, status: OK
I20230707 07:54:05.902199 46152 event_listener.cc:91] [event_listener/flush_completed] column family: default, thread_id: 46152, job_id: 28, file: /nvme/jinghuan/node_40001/db/000077.sst, reason: 6, is_write_slowdown: no, is_write_stall: no, largest seqno: 12119073, smallest seqno: 11388037
W20230707 07:54:05.902442 46152 event_listener.cc:132] [event_listener/stall_cond_changed] column family: default write stall condition was changed, from stop to normal
W20230707 07:54:05.902642 46379 event_listener.cc:132] [event_listener/stall_cond_changed] column family: default write stall condition was changed, from delay to stop
W20230707 07:54:07.181303 46381 event_listener.cc:132] [event_listener/stall_cond_changed] column family: default write stall condition was changed, from normal to delay
I20230707 07:54:08.189039 46153 event_listener.cc:138] [event_listener/table_file_created] column family: default, file path: /nvme/jinghuan/node_40001/db/000083.sst, file size: 85040546, job id: 31, reason: flush, status: OK
I20230707 07:54:08.205958 46153 event_listener.cc:91] [event_listener/flush_completed] column family: default, thread_id: 46153, job_id: 31, file: /nvme/jinghuan/node_40001/db/000083.sst, reason: 6, is_write_slowdown: no, is_write_stall: no, largest seqno: 12852806, smallest seqno: 12119075
W20230707 07:54:08.206207 46153 event_listener.cc:132] [event_listener/stall_cond_changed] column family: default write stall condition was changed, from delay to normal
I20230707 07:54:08.541245 46152 event_listener.cc:84] [event_listener/flush_begin] column family: default, thread_id: 46152, job_id: 32, reason: 6
W20230707 07:54:09.783193 46379 event_listener.cc:132] [event_listener/stall_cond_changed] column family: default write stall condition was changed, from normal to delay
I20230707 07:54:11.164688 46153 event_listener.cc:84] [event_listener/flush_begin] column family: default, thread_id: 46153, job_id: 33, reason: 6
I20230707 07:54:16.096192 46152 event_listener.cc:138] [event_listener/table_file_created] column family: default, file path: /nvme/jinghuan/node_40001/db/000086.sst, file size: 84798312, job id: 32, reason: flush, status: OK
I20230707 07:54:16.108695 46152 event_listener.cc:91] [event_listener/flush_completed] column family: default, thread_id: 46152, job_id: 32, file: /nvme/jinghuan/node_40001/db/000086.sst, reason: 6, is_write_slowdown: no, is_write_stall: no, largest seqno: 13584383, smallest seqno: 12852808
W20230707 07:54:16.108779 46152 event_listener.cc:132] [event_listener/stall_cond_changed] column family: default write stall condition was changed, from stop to normal
W20230707 07:54:16.109328 46381 event_listener.cc:132] [event_listener/stall_cond_changed] column family: default write stall condition was changed, from delay to stop
I20230707 07:54:16.292807 46150 event_listener.cc:138] [event_listener/table_file_created] column family: default, file path: /nvme/jinghuan/node_40001/db/000063.sst, file size: 332846415, job id: 23, reason: compaction, status: OK
I20230707 07:54:16.320237 46150 event_listener.cc:71] [event_listener/compaction_completed] column family: default, compaction reason: 1, output compression type: no, base input level(files): 0(4), output level(files): 0(1), input bytes: 332975273, output bytes:332846415, is_manual_compaction:no, elapsed(micro): 39605385
I20230707 07:54:16.330513 46150 event_listener.cc:127] [event_listener/table_file_deleted] db: /nvme/jinghuan/node_40001/db, sst file: /nvme/jinghuan/node_40001/db/000042.sst, status: OK
I20230707 07:54:16.336048 46150 event_listener.cc:127] [event_listener/table_file_deleted] db: /nvme/jinghuan/node_40001/db, sst file: /nvme/jinghuan/node_40001/db/000039.sst, status: OK
I20230707 07:54:16.341564 46150 event_listener.cc:127] [event_listener/table_file_deleted] db: /nvme/jinghuan/node_40001/db, sst file: /nvme/jinghuan/node_40001/db/000036.sst, status: OK
I20230707 07:54:16.347779 46150 event_listener.cc:127] [event_listener/table_file_deleted] db: /nvme/jinghuan/node_40001/db, sst file: /nvme/jinghuan/node_40001/db/000032.sst, status: OK
W20230707 07:54:17.473829 46379 event_listener.cc:132] [event_listener/stall_cond_changed] column family: default write stall condition was changed, from normal to delay
I20230707 07:54:18.097124 46153 event_listener.cc:138] [event_listener/table_file_created] column family: default, file path: /nvme/jinghuan/node_40001/db/000089.sst, file size: 85057254, job id: 33, reason: flush, status: OK
I20230707 07:54:18.112612 46153 event_listener.cc:91] [event_listener/flush_completed] column family: default, thread_id: 46153, job_id: 33, file: /nvme/jinghuan/node_40001/db/000089.sst, reason: 6, is_write_slowdown: no, is_write_stall: no, largest seqno: 14318193, smallest seqno: 13584385
W20230707 07:54:18.112690 46153 event_listener.cc:132] [event_listener/stall_cond_changed] column family: default write stall condition was changed, from delay to normal
I20230707 07:54:18.879062 46152 event_listener.cc:84] [event_listener/flush_begin] column family: default, thread_id: 46152, job_id: 36, reason: 6
W20230707 07:54:20.185425 46379 event_listener.cc:132] [event_listener/stall_cond_changed] column family: default write stall condition was changed, from normal to delay
I20230707 07:54:21.441906 46153 event_listener.cc:84] [event_listener/flush_begin] column family: metadata, thread_id: 46153, job_id: 37, reason: 13
I20230707 07:54:23.290829 46153 event_listener.cc:138] [event_listener/table_file_created] column family: metadata, file path: /nvme/jinghuan/node_40001/db/000096.sst, file size: 19250632, job id: 37, reason: flush, status: OK
I20230707 07:54:23.297430 46153 event_listener.cc:91] [event_listener/flush_completed] column family: metadata, thread_id: 46153, job_id: 37, file: /nvme/jinghuan/node_40001/db/000096.sst, reason: 13, is_write_slowdown: no, is_write_stall: no, largest seqno: 15737920, smallest seqno: 12590347
I20230707 07:54:23.312126 46153 event_listener.cc:84] [event_listener/flush_begin] column family: default, thread_id: 46153, job_id: 38, reason: 6
I20230707 07:54:23.492758 46150 event_listener.cc:138] [event_listener/table_file_created] column family: metadata, file path: /nvme/jinghuan/node_40001/db/000090.sst, file size: 76274658, job id: 35, reason: compaction, status: OK
I20230707 07:54:23.501881 46150 event_listener.cc:71] [event_listener/compaction_completed] column family: metadata, compaction reason: 1, output compression type: no, base input level(files): 0(4), output level(files): 1(1), input bytes: 76922262, output bytes:76274658, is_manual_compaction:no, elapsed(micro): 7144990
I20230707 07:54:23.504140 46150 event_listener.cc:127] [event_listener/table_file_deleted] db: /nvme/jinghuan/node_40001/db, sst file: /nvme/jinghuan/node_40001/db/000065.sst, status: OK
I20230707 07:54:23.506302 46150 event_listener.cc:127] [event_listener/table_file_deleted] db: /nvme/jinghuan/node_40001/db, sst file: /nvme/jinghuan/node_40001/db/000046.sst, status: OK
I20230707 07:54:23.508633 46150 event_listener.cc:127] [event_listener/table_file_deleted] db: /nvme/jinghuan/node_40001/db, sst file: /nvme/jinghuan/node_40001/db/000030.sst, status: OK
I20230707 07:54:25.608572 46152 event_listener.cc:138] [event_listener/table_file_created] column family: default, file path: /nvme/jinghuan/node_40001/db/000093.sst, file size: 84853441, job id: 36, reason: flush, status: OK
I20230707 07:54:25.624301 46152 event_listener.cc:91] [event_listener/flush_completed] column family: default, thread_id: 46152, job_id: 36, file: /nvme/jinghuan/node_40001/db/000093.sst, reason: 6, is_write_slowdown: no, is_write_stall: no, largest seqno: 15050276, smallest seqno: 14318195
W20230707 07:54:25.624488 46152 event_listener.cc:132] [event_listener/stall_cond_changed] column family: default write stall condition was changed, from stop to normal
W20230707 07:54:25.624716 46382 event_listener.cc:132] [event_listener/stall_cond_changed] column family: default write stall condition was changed, from delay to stop
W20230707 07:54:26.921931 46384 event_listener.cc:132] [event_listener/stall_cond_changed] column family: default write stall condition was changed, from normal to delay
I20230707 07:54:27.900642 46151 event_listener.cc:138] [event_listener/table_file_created] column family: default, file path: /nvme/jinghuan/node_40001/db/000078.sst, file size: 332528727, job id: 29, reason: compaction, status: OK
I20230707 07:54:27.928565 46151 event_listener.cc:71] [event_listener/compaction_completed] column family: default, compaction reason: 1, output compression type: no, base input level(files): 0(4), output level(files): 0(1), input bytes: 332691238, output bytes:332528727, is_manual_compaction:no, elapsed(micro): 30174143
I20230707 07:54:27.931751 46151 event_listener.cc:127] [event_listener/table_file_deleted] db: /nvme/jinghuan/node_40001/db, sst file: /nvme/jinghuan/node_40001/db/000081.sst, status: OK
I20230707 07:54:27.939359 46151 event_listener.cc:127] [event_listener/table_file_deleted] db: /nvme/jinghuan/node_40001/db, sst file: /nvme/jinghuan/node_40001/db/000059.sst, status: OK
I20230707 07:54:27.946579 46151 event_listener.cc:127] [event_listener/table_file_deleted] db: /nvme/jinghuan/node_40001/db, sst file: /nvme/jinghuan/node_40001/db/000055.sst, status: OK
I20230707 07:54:27.952351 46151 event_listener.cc:127] [event_listener/table_file_deleted] db: /nvme/jinghuan/node_40001/db, sst file: /nvme/jinghuan/node_40001/db/000052.sst, status: OK
I20230707 07:54:27.958235 46151 event_listener.cc:127] [event_listener/table_file_deleted] db: /nvme/jinghuan/node_40001/db, sst file: /nvme/jinghuan/node_40001/db/000048.sst, status: OK
I20230707 07:54:28.310775 46152 event_listener.cc:84] [event_listener/flush_begin] column family: default, thread_id: 46152, job_id: 42, reason: 6
I20230707 07:54:29.006443 46153 event_listener.cc:138] [event_listener/table_file_created] column family: default, file path: /nvme/jinghuan/node_40001/db/000098.sst, file size: 85048916, job id: 38, reason: flush, status: OK
I20230707 07:54:29.022416 46153 event_listener.cc:91] [event_listener/flush_completed] column family: default, thread_id: 46153, job_id: 38, file: /nvme/jinghuan/node_40001/db/000098.sst, reason: 6, is_write_slowdown: no, is_write_stall: no, largest seqno: 15784064, smallest seqno: 15050278
W20230707 07:54:29.022528 46153 event_listener.cc:132] [event_listener/stall_cond_changed] column family: default write stall condition was changed, from stop to normal
W20230707 07:54:29.022819 46384 event_listener.cc:132] [event_listener/stall_cond_changed] column family: default write stall condition was changed, from delay to stop
W20230707 07:54:30.343533 46384 event_listener.cc:132] [event_listener/stall_cond_changed] column family: default write stall condition was changed, from normal to delay
I20230707 07:54:31.730165 46153 event_listener.cc:84] [event_listener/flush_begin] column family: default, thread_id: 46153, job_id: 46, reason: 6
I20230707 07:54:32.600176 46152 event_listener.cc:138] [event_listener/table_file_created] column family: default, file path: /nvme/jinghuan/node_40001/db/000102.sst, file size: 84813487, job id: 42, reason: flush, status: OK
I20230707 07:54:32.606504 46152 event_listener.cc:91] [event_listener/flush_completed] column family: default, thread_id: 46152, job_id: 42, file: /nvme/jinghuan/node_40001/db/000102.sst, reason: 6, is_write_slowdown: no, is_write_stall: no, largest seqno: 16515784, smallest seqno: 15784066
W20230707 07:54:32.606559 46152 event_listener.cc:132] [event_listener/stall_cond_changed] column family: default write stall condition was changed, from stop to normal
W20230707 07:54:32.606781 46384 event_listener.cc:132] [event_listener/stall_cond_changed] column family: default write stall condition was changed, from delay to stop
W20230707 07:54:34.065486 46385 event_listener.cc:132] [event_listener/stall_cond_changed] column family: default write stall condition was changed, from normal to delay
I20230707 07:54:35.403230 46153 event_listener.cc:138] [event_listener/table_file_created] column family: default, file path: /nvme/jinghuan/node_40001/db/000105.sst, file size: 84883019, job id: 46, reason: flush, status: OK
I20230707 07:54:35.410315 46153 event_listener.cc:91] [event_listener/flush_completed] column family: default, thread_id: 46153, job_id: 46, file: /nvme/jinghuan/node_40001/db/000105.sst, reason: 6, is_write_slowdown: no, is_write_stall: no, largest seqno: 17248098, smallest seqno: 16515786
W20230707 07:54:35.410462 46153 event_listener.cc:132] [event_listener/stall_cond_changed] column family: default write stall condition was changed, from delay to normal
I20230707 07:54:35.574245 46152 event_listener.cc:84] [event_listener/flush_begin] column family: default, thread_id: 46152, job_id: 50, reason: 6
W20230707 07:54:36.996148 46385 event_listener.cc:132] [event_listener/stall_cond_changed] column family: default write stall condition was changed, from normal to delay
I20230707 07:54:38.514292 46153 event_listener.cc:84] [event_listener/flush_begin] column family: default, thread_id: 46153, job_id: 51, reason: 6
I20230707 07:54:41.908010 46152 event_listener.cc:138] [event_listener/table_file_created] column family: default, file path: /nvme/jinghuan/node_40001/db/000109.sst, file size: 84974527, job id: 50, reason: flush, status: OK
I20230707 07:54:41.917826 46152 event_listener.cc:91] [event_listener/flush_completed] column family: default, thread_id: 46152, job_id: 50, file: /nvme/jinghuan/node_40001/db/000109.sst, reason: 6, is_write_slowdown: no, is_write_stall: no, largest seqno: 17981226, smallest seqno: 17248100
W20230707 07:54:41.917873 46152 event_listener.cc:132] [event_listener/stall_cond_changed] column family: default write stall condition was changed, from stop to normal
W20230707 07:54:41.918242 46385 event_listener.cc:132] [event_listener/stall_cond_changed] column family: default write stall condition was changed, from delay to stop
I20230707 07:54:42.545331 46152 event_listener.cc:84] [event_listener/flush_begin] column family: metadata, thread_id: 46152, job_id: 52, reason: 13
W20230707 07:54:43.205190 46378 event_listener.cc:132] [event_listener/stall_cond_changed] column family: default write stall condition was changed, from normal to delay
I20230707 07:54:44.004282 46152 event_listener.cc:138] [event_listener/table_file_created] column family: metadata, file path: /nvme/jinghuan/node_40001/db/000114.sst, file size: 19249829, job id: 52, reason: flush, status: OK
I20230707 07:54:44.016857 46152 event_listener.cc:91] [event_listener/flush_completed] column family: metadata, thread_id: 46152, job_id: 52, file: /nvme/jinghuan/node_40001/db/000114.sst, reason: 13, is_write_slowdown: no, is_write_stall: no, largest seqno: 18885515, smallest seqno: 15737931
I20230707 07:54:44.066823 46152 event_listener.cc:84] [event_listener/flush_begin] column family: default, thread_id: 46152, job_id: 53, reason: 13
I20230707 07:54:45.614114 46153 event_listener.cc:138] [event_listener/table_file_created] column family: default, file path: /nvme/jinghuan/node_40001/db/000112.sst, file size: 85054273, job id: 51, reason: flush, status: OK
I20230707 07:54:45.631307 46153 event_listener.cc:91] [event_listener/flush_completed] column family: default, thread_id: 46153, job_id: 51, file: /nvme/jinghuan/node_40001/db/000112.sst, reason: 13, is_write_slowdown: no, is_write_stall: no, largest seqno: 18715036, smallest seqno: 17981228
W20230707 07:54:45.631824 46153 event_listener.cc:132] [event_listener/stall_cond_changed] column family: default write stall condition was changed, from stop to normal
W20230707 07:54:45.632007 46383 event_listener.cc:132] [event_listener/stall_cond_changed] column family: default write stall condition was changed, from delay to stop
W20230707 07:54:46.958847 46380 event_listener.cc:132] [event_listener/stall_cond_changed] column family: default write stall condition was changed, from normal to delay
I20230707 07:54:47.913231 46152 event_listener.cc:138] [event_listener/table_file_created] column family: default, file path: /nvme/jinghuan/node_40001/db/000117.sst, file size: 68724717, job id: 53, reason: flush, status: OK
I20230707 07:54:47.924496 46152 event_listener.cc:91] [event_listener/flush_completed] column family: default, thread_id: 46152, job_id: 53, file: /nvme/jinghuan/node_40001/db/000117.sst, reason: 13, is_write_slowdown: no, is_write_stall: no, largest seqno: 19307903, smallest seqno: 18715038
W20230707 07:54:47.924638 46152 event_listener.cc:132] [event_listener/stall_cond_changed] column family: default write stall condition was changed, from delay to normal
I20230707 07:54:48.335469 46153 event_listener.cc:84] [event_listener/flush_begin] column family: default, thread_id: 46153, job_id: 54, reason: 6
W20230707 07:54:49.608165 46383 event_listener.cc:132] [event_listener/stall_cond_changed] column family: default write stall condition was changed, from normal to delay
I20230707 07:54:50.615913 46150 event_listener.cc:138] [event_listener/table_file_created] column family: default, file path: /nvme/jinghuan/node_40001/db/000099.sst, file size: 339502460, job id: 39, reason: compaction, status: OK
I20230707 07:54:50.639917 46150 event_listener.cc:71] [event_listener/compaction_completed] column family: default, compaction reason: 1, output compression type: no, base input level(files): 0(4), output level(files): 0(1), input bytes: 339627172, output bytes:339502460, is_manual_compaction:no, elapsed(micro): 27107218
I20230707 07:54:50.649085 46150 event_listener.cc:127] [event_listener/table_file_deleted] db: /nvme/jinghuan/node_40001/db, sst file: /nvme/jinghuan/node_40001/db/000074.sst, status: OK
I20230707 07:54:50.656190 46150 event_listener.cc:127] [event_listener/table_file_deleted] db: /nvme/jinghuan/node_40001/db, sst file: /nvme/jinghuan/node_40001/db/000071.sst, status: OK
I20230707 07:54:50.661257 46150 event_listener.cc:127] [event_listener/table_file_deleted] db: /nvme/jinghuan/node_40001/db, sst file: /nvme/jinghuan/node_40001/db/000068.sst, status: OK
I20230707 07:54:50.666891 46150 event_listener.cc:127] [event_listener/table_file_deleted] db: /nvme/jinghuan/node_40001/db, sst file: /nvme/jinghuan/node_40001/db/000062.sst, status: OK
I20230707 07:54:51.001696 46152 event_listener.cc:84] [event_listener/flush_begin] column family: default, thread_id: 46152, job_id: 57, reason: 6
I20230707 07:54:52.215360 46153 event_listener.cc:138] [event_listener/table_file_created] column family: default, file path: /nvme/jinghuan/node_40001/db/000120.sst, file size: 84868952, job id: 54, reason: flush, status: OK
I20230707 07:54:52.223268 46153 event_listener.cc:91] [event_listener/flush_completed] column family: default, thread_id: 46153, job_id: 54, file: /nvme/jinghuan/node_40001/db/000120.sst, reason: 6, is_write_slowdown: no, is_write_stall: no, largest seqno: 20040107, smallest seqno: 19307905
W20230707 07:54:52.223371 46153 event_listener.cc:132] [event_listener/stall_cond_changed] column family: default write stall condition was changed, from stop to normal
W20230707 07:54:52.223753 46380 event_listener.cc:132] [event_listener/stall_cond_changed] column family: default write stall condition was changed, from delay to stop
W20230707 07:54:53.556213 46385 event_listener.cc:132] [event_listener/stall_cond_changed] column family: default write stall condition was changed, from normal to delay
I20230707 07:54:54.933794 46153 event_listener.cc:84] [event_listener/flush_begin] column family: default, thread_id: 46153, job_id: 59, reason: 6
I20230707 07:54:56.015514 46152 event_listener.cc:138] [event_listener/table_file_created] column family: default, file path: /nvme/jinghuan/node_40001/db/000123.sst, file size: 85050190, job id: 57, reason: flush, status: OK
I20230707 07:54:56.030732 46152 event_listener.cc:91] [event_listener/flush_completed] column family: default, thread_id: 46152, job_id: 57, file: /nvme/jinghuan/node_40001/db/000123.sst, reason: 6, is_write_slowdown: no, is_write_stall: no, largest seqno: 20773884, smallest seqno: 20040109
W20230707 07:54:56.030826 46152 event_listener.cc:132] [event_listener/stall_cond_changed] column family: default write stall condition was changed, from stop to normal
W20230707 07:54:56.033951 46381 event_listener.cc:132] [event_listener/stall_cond_changed] column family: default write stall condition was changed, from delay to stop
W20230707 07:54:57.373661 46378 event_listener.cc:132] [event_listener/stall_cond_changed] column family: default write stall condition was changed, from normal to delay
I20230707 07:54:57.995800 46382 cluster.cc:923] function: Migrate parallel seek-and-insert
I20230707 07:54:57.995841 46382 slot_migrate_parallel.cc:32] [migrate] Start migrating slots, from slot: 0 to slot: 7910. Slots are moving to 0.0.0.0:40002
I20230707 07:54:57.995859 46382 cluster.cc:935] [cluster migration] Finished slot migration cmds sending, start to set nodes
I20230707 07:54:57.995877 46376 slot_migrate.cc:165] [migrate] Migrating slot: -1, dst_ip: 0.0.0.0, dst_port: 40002, max_speed: 0, max_pipeline_size: 16
I20230707 07:54:57.997951 46376 slot_migrate.cc:305] [migrate] Start migrating slot 7910, connect destination fd 96
I20230707 07:54:57.997969 46376 slot_migrate.cc:195] [migrate] Succeed to start migrating slot 7910
I20230707 07:54:57.997978 46376 slot_migrate.cc:316] [migrate] Start migrating snapshot of slot 0
I20230707 07:54:57.998008 46376 slot_migrate.cc:327] [migrate] Iterate keys of slot, key's prefix: __namespace  
I20230707 07:54:57.998373 46376 slot_migrate.cc:354] [migrate] 0 keys has been migrated, current key is:{06S}0000000858200000008582
I20230707 07:54:58.134316 46376 slot_migrate.cc:354] [migrate] 1000 keys has been migrated, current key is:{06S}1001625962974797589410016259629747975894
I20230707 07:54:58.265691 46376 slot_migrate.cc:354] [migrate] 2000 keys has been migrated, current key is:{06S}1003271320288684491810032713202886844918
I20230707 07:54:58.397558 46376 slot_migrate.cc:354] [migrate] 3000 keys has been migrated, current key is:{06S}1004944370098189178410049443700981891784
I20230707 07:54:58.401403 46152 event_listener.cc:84] [event_listener/flush_begin] column family: metadata, thread_id: 46152, job_id: 60, reason: 13
I20230707 07:54:58.511971 46376 slot_migrate.cc:354] [migrate] 4000 keys has been migrated, current key is:{06S}1006601630599034255210066016305990342552
I20230707 07:54:58.654177 46376 slot_migrate.cc:354] [migrate] 5000 keys has been migrated, current key is:{06S}1008252466169988424810082524661699884248
