Log file created at: 2023/07/06 10:09:18
Running on machine: en4217754l
Running duration (h:mm:ss): 0:00:00
Log line format: [IWEF]yyyymmdd hh:mm:ss.uuuuuu threadid file:line] msg
I20230706 10:09:18.547288 3016607 main.cc:328] kvrocks unstable (commit 4a10c89)
I20230706 10:09:18.928467 3016607 storage.cc:322] [storage] Success to load the data from disk: 91 ms
I20230706 10:09:18.929569 3016607 worker.cc:72] [worker] Listening on: 10.218.109.65:40001
I20230706 10:09:18.929620 3016607 worker.cc:72] [worker] Listening on: 127.0.0.1:40001
I20230706 10:09:18.930061 3016607 worker.cc:72] [worker] Listening on: 10.218.109.65:40001
I20230706 10:09:18.930101 3016607 worker.cc:72] [worker] Listening on: 127.0.0.1:40001
I20230706 10:09:18.930428 3016607 worker.cc:72] [worker] Listening on: 10.218.109.65:40001
I20230706 10:09:18.930469 3016607 worker.cc:72] [worker] Listening on: 127.0.0.1:40001
I20230706 10:09:18.930778 3016607 worker.cc:72] [worker] Listening on: 10.218.109.65:40001
I20230706 10:09:18.930815 3016607 worker.cc:72] [worker] Listening on: 127.0.0.1:40001
I20230706 10:09:18.931119 3016607 worker.cc:72] [worker] Listening on: 10.218.109.65:40001
I20230706 10:09:18.931156 3016607 worker.cc:72] [worker] Listening on: 127.0.0.1:40001
I20230706 10:09:18.931438 3016607 worker.cc:72] [worker] Listening on: 10.218.109.65:40001
I20230706 10:09:18.931474 3016607 worker.cc:72] [worker] Listening on: 127.0.0.1:40001
I20230706 10:09:18.931800 3016607 worker.cc:72] [worker] Listening on: 10.218.109.65:40001
I20230706 10:09:18.931838 3016607 worker.cc:72] [worker] Listening on: 127.0.0.1:40001
I20230706 10:09:18.932118 3016607 worker.cc:72] [worker] Listening on: 10.218.109.65:40001
I20230706 10:09:18.932154 3016607 worker.cc:72] [worker] Listening on: 127.0.0.1:40001
W20230706 10:09:18.932390 3016607 server.cc:1650] [server] Increased maximum number of open files to 14224 (it's originally set to 1024)
I20230706 10:09:18.932785 3016607 cluster.cc:643] The cluster nodes file /nvme/jinghuan/node_40001/nodes.conf is not found. Use CLUSTERX subcommands to specify it.
I20230706 10:09:18.932816 3016607 cluster.cc:643] The cluster nodes file /nvme/jinghuan/node_40001/nodes.conf is not found. Use CLUSTERX subcommands to specify it.
I20230706 10:09:18.940126 3016607 worker.cc:519] [worker] Thread #139900489815808 started
I20230706 10:09:18.940204 3016607 worker.cc:519] [worker] Thread #139900498208512 started
I20230706 10:09:18.940312 3016607 worker.cc:519] [worker] Thread #139901002962688 started
I20230706 10:09:18.940410 3016607 worker.cc:519] [worker] Thread #139900994569984 started
I20230706 10:09:18.940508 3016607 worker.cc:519] [worker] Thread #139900986177280 started
I20230706 10:09:18.940605 3016607 worker.cc:519] [worker] Thread #139900909254400 started
I20230706 10:09:18.940696 3016607 worker.cc:519] [worker] Thread #139900884637440 started
I20230706 10:09:18.940793 3016607 worker.cc:519] [worker] Thread #139900876244736 started
I20230706 10:09:18.941100 3016607 server.cc:211] [server] Ready to accept connections
I20230706 10:09:19.583840 3016847 cluster.cc:286] MASTER MODE enabled by cluster topology setting
I20230706 10:09:21.888342 3016622 event_listener.cc:84] [event_listener/flush_begin] column family: default, thread_id: 3016622, job_id: 3, reason: 6
I20230706 10:09:22.293830 3016622 event_listener.cc:138] [event_listener/table_file_created] column family: default, file path: /nvme/jinghuan/node_40001/db/000016.sst, file size: 78595837, job id: 3, reason: flush, status: OK
I20230706 10:09:22.300379 3016622 event_listener.cc:91] [event_listener/flush_completed] column family: default, thread_id: 3016622, job_id: 3, file: /nvme/jinghuan/node_40001/db/000016.sst, reason: 6, is_write_slowdown: no, is_write_stall: no, largest seqno: 678094, smallest seqno: 1
I20230706 10:09:23.031056 3016620 event_listener.cc:138] [event_listener/table_file_created] column family: default, file path: /nvme/jinghuan/node_40001/db/000017.sst, file size: 78595833, job id: 4, reason: compaction, status: OK
I20230706 10:09:23.043670 3016620 event_listener.cc:71] [event_listener/compaction_completed] column family: default, compaction reason: 11, output compression type: no, base input level(files): 0(1), output level(files): 0(1), input bytes: 78595837, output bytes:78595833, is_manual_compaction:no, elapsed(micro): 730722
I20230706 10:09:23.049384 3016620 event_listener.cc:127] [event_listener/table_file_deleted] db: /nvme/jinghuan/node_40001/db, sst file: /nvme/jinghuan/node_40001/db/000016.sst, status: OK
I20230706 10:09:24.196823 3016623 event_listener.cc:84] [event_listener/flush_begin] column family: default, thread_id: 3016623, job_id: 5, reason: 6
I20230706 10:09:24.603646 3016623 event_listener.cc:138] [event_listener/table_file_created] column family: default, file path: /nvme/jinghuan/node_40001/db/000020.sst, file size: 77129389, job id: 5, reason: flush, status: OK
I20230706 10:09:24.613409 3016623 event_listener.cc:91] [event_listener/flush_completed] column family: default, thread_id: 3016623, job_id: 5, file: /nvme/jinghuan/node_40001/db/000020.sst, reason: 6, is_write_slowdown: no, is_write_stall: no, largest seqno: 1343539, smallest seqno: 678096
I20230706 10:09:26.418599 3016622 event_listener.cc:84] [event_listener/flush_begin] column family: default, thread_id: 3016622, job_id: 6, reason: 6
I20230706 10:09:26.807287 3016622 event_listener.cc:138] [event_listener/table_file_created] column family: default, file path: /nvme/jinghuan/node_40001/db/000023.sst, file size: 76895113, job id: 6, reason: flush, status: OK
I20230706 10:09:26.813841 3016622 event_listener.cc:91] [event_listener/flush_completed] column family: default, thread_id: 3016622, job_id: 6, file: /nvme/jinghuan/node_40001/db/000023.sst, reason: 6, is_write_slowdown: no, is_write_stall: no, largest seqno: 2006905, smallest seqno: 1343541
I20230706 10:09:28.628782 3016623 event_listener.cc:84] [event_listener/flush_begin] column family: default, thread_id: 3016623, job_id: 7, reason: 6
W20230706 10:09:29.713057 3016847 event_listener.cc:132] [event_listener/stall_cond_changed] column family: default write stall condition was changed, from normal to delay
I20230706 10:09:30.264487 3016622 event_listener.cc:84] [event_listener/flush_begin] column family: metadata, thread_id: 3016622, job_id: 8, reason: 13
I20230706 10:09:31.974844 3016622 event_listener.cc:138] [event_listener/table_file_created] column family: metadata, file path: /nvme/jinghuan/node_40001/db/000029.sst, file size: 19243637, job id: 8, reason: flush, status: OK
I20230706 10:09:31.990502 3016622 event_listener.cc:91] [event_listener/flush_completed] column family: metadata, thread_id: 3016622, job_id: 8, file: /nvme/jinghuan/node_40001/db/000029.sst, reason: 13, is_write_slowdown: no, is_write_stall: no, largest seqno: 3147551, smallest seqno: 11
I20230706 10:09:32.014619 3016622 event_listener.cc:84] [event_listener/flush_begin] column family: default, thread_id: 3016622, job_id: 9, reason: 6
I20230706 10:09:32.581252 3016623 event_listener.cc:138] [event_listener/table_file_created] column family: default, file path: /nvme/jinghuan/node_40001/db/000026.sst, file size: 76155442, job id: 7, reason: flush, status: OK
I20230706 10:09:32.594033 3016623 event_listener.cc:91] [event_listener/flush_completed] column family: default, thread_id: 3016623, job_id: 7, file: /nvme/jinghuan/node_40001/db/000026.sst, reason: 6, is_write_slowdown: no, is_write_stall: no, largest seqno: 2663913, smallest seqno: 2006907
W20230706 10:09:32.594206 3016623 event_listener.cc:132] [event_listener/stall_cond_changed] column family: default write stall condition was changed, from stop to normal
W20230706 10:09:32.594391 3016847 event_listener.cc:132] [event_listener/stall_cond_changed] column family: default write stall condition was changed, from delay to stop
I20230706 10:09:33.781921 3016621 event_listener.cc:138] [event_listener/table_file_created] column family: metadata, file path: /nvme/jinghuan/node_40001/db/000031.sst, file size: 19243633, job id: 10, reason: compaction, status: OK
W20230706 10:09:33.785784 3016846 event_listener.cc:132] [event_listener/stall_cond_changed] column family: default write stall condition was changed, from normal to delay
I20230706 10:09:33.795037 3016621 event_listener.cc:71] [event_listener/compaction_completed] column family: metadata, compaction reason: 11, output compression type: no, base input level(files): 0(1), output level(files): 0(1), input bytes: 19243637, output bytes:19243633, is_manual_compaction:no, elapsed(micro): 1785366
I20230706 10:09:33.797924 3016621 event_listener.cc:127] [event_listener/table_file_deleted] db: /nvme/jinghuan/node_40001/db, sst file: /nvme/jinghuan/node_40001/db/000029.sst, status: OK
I20230706 10:09:34.980077 3016623 event_listener.cc:84] [event_listener/flush_begin] column family: default, thread_id: 3016623, job_id: 12, reason: 6
I20230706 10:09:38.387094 3016622 event_listener.cc:138] [event_listener/table_file_created] column family: default, file path: /nvme/jinghuan/node_40001/db/000032.sst, file size: 77830348, job id: 9, reason: flush, status: OK
I20230706 10:09:38.396118 3016622 event_listener.cc:91] [event_listener/flush_completed] column family: default, thread_id: 3016622, job_id: 9, file: /nvme/jinghuan/node_40001/db/000032.sst, reason: 6, is_write_slowdown: no, is_write_stall: no, largest seqno: 3335375, smallest seqno: 2663915
W20230706 10:09:38.396517 3016622 event_listener.cc:132] [event_listener/stall_cond_changed] column family: default write stall condition was changed, from stop to normal
W20230706 10:09:38.398753 3016848 event_listener.cc:132] [event_listener/stall_cond_changed] column family: default write stall condition was changed, from delay to stop
W20230706 10:09:39.602223 3016850 event_listener.cc:132] [event_listener/stall_cond_changed] column family: default write stall condition was changed, from normal to delay
I20230706 10:09:40.780135 3016622 event_listener.cc:84] [event_listener/flush_begin] column family: default, thread_id: 3016622, job_id: 13, reason: 6
I20230706 10:09:41.882247 3016623 event_listener.cc:138] [event_listener/table_file_created] column family: default, file path: /nvme/jinghuan/node_40001/db/000036.sst, file size: 78758304, job id: 12, reason: flush, status: OK
I20230706 10:09:41.888653 3016623 event_listener.cc:91] [event_listener/flush_completed] column family: default, thread_id: 3016623, job_id: 12, file: /nvme/jinghuan/node_40001/db/000036.sst, reason: 6, is_write_slowdown: no, is_write_stall: no, largest seqno: 4014867, smallest seqno: 3335377
W20230706 10:09:41.888698 3016623 event_listener.cc:132] [event_listener/stall_cond_changed] column family: default write stall condition was changed, from stop to normal
W20230706 10:09:41.889077 3016850 event_listener.cc:132] [event_listener/stall_cond_changed] column family: default write stall condition was changed, from delay to stop
W20230706 10:09:43.113519 3016846 event_listener.cc:132] [event_listener/stall_cond_changed] column family: default write stall condition was changed, from normal to delay
I20230706 10:09:44.361268 3016623 event_listener.cc:84] [event_listener/flush_begin] column family: default, thread_id: 3016623, job_id: 14, reason: 6
I20230706 10:09:48.089599 3016622 event_listener.cc:138] [event_listener/table_file_created] column family: default, file path: /nvme/jinghuan/node_40001/db/000039.sst, file size: 79116765, job id: 13, reason: flush, status: OK
I20230706 10:09:48.105224 3016622 event_listener.cc:91] [event_listener/flush_completed] column family: default, thread_id: 3016622, job_id: 13, file: /nvme/jinghuan/node_40001/db/000039.sst, reason: 6, is_write_slowdown: no, is_write_stall: no, largest seqno: 4697472, smallest seqno: 4014869
W20230706 10:09:48.105358 3016622 event_listener.cc:132] [event_listener/stall_cond_changed] column family: default write stall condition was changed, from stop to normal
W20230706 10:09:48.106040 3016847 event_listener.cc:132] [event_listener/stall_cond_changed] column family: default write stall condition was changed, from delay to stop
I20230706 10:09:48.191365 3016620 event_listener.cc:138] [event_listener/table_file_created] column family: default, file path: /nvme/jinghuan/node_40001/db/000034.sst, file size: 138728910, job id: 11, reason: compaction, status: OK
W20230706 10:09:49.370433 3016848 event_listener.cc:132] [event_listener/stall_cond_changed] column family: default write stall condition was changed, from normal to delay
I20230706 10:09:50.712225 3016622 event_listener.cc:84] [event_listener/flush_begin] column family: default, thread_id: 3016622, job_id: 15, reason: 6
I20230706 10:09:51.498071 3016623 event_listener.cc:138] [event_listener/table_file_created] column family: default, file path: /nvme/jinghuan/node_40001/db/000042.sst, file size: 81440153, job id: 14, reason: flush, status: OK
I20230706 10:09:51.511092 3016623 event_listener.cc:91] [event_listener/flush_completed] column family: default, thread_id: 3016623, job_id: 14, file: /nvme/jinghuan/node_40001/db/000042.sst, reason: 6, is_write_slowdown: no, is_write_stall: no, largest seqno: 5400097, smallest seqno: 4697474
W20230706 10:09:51.511296 3016623 event_listener.cc:132] [event_listener/stall_cond_changed] column family: default write stall condition was changed, from stop to normal
W20230706 10:09:51.512292 3016845 event_listener.cc:132] [event_listener/stall_cond_changed] column family: default write stall condition was changed, from delay to stop
I20230706 10:09:52.092757 3016623 event_listener.cc:84] [event_listener/flush_begin] column family: metadata, thread_id: 3016623, job_id: 17, reason: 13
W20230706 10:09:52.666517 3016852 event_listener.cc:132] [event_listener/stall_cond_changed] column family: default write stall condition was changed, from normal to delay
I20230706 10:09:54.086663 3016623 event_listener.cc:138] [event_listener/table_file_created] column family: metadata, file path: /nvme/jinghuan/node_40001/db/000049.sst, file size: 19237873, job id: 17, reason: flush, status: OK
I20230706 10:09:54.094961 3016623 event_listener.cc:91] [event_listener/flush_completed] column family: metadata, thread_id: 3016623, job_id: 17, file: /nvme/jinghuan/node_40001/db/000049.sst, reason: 13, is_write_slowdown: no, is_write_stall: no, largest seqno: 6295135, smallest seqno: 3147562
I20230706 10:09:54.152189 3016623 event_listener.cc:84] [event_listener/flush_begin] column family: default, thread_id: 3016623, job_id: 18, reason: 6
I20230706 10:09:58.899698 3016622 event_listener.cc:138] [event_listener/table_file_created] column family: default, file path: /nvme/jinghuan/node_40001/db/000046.sst, file size: 85007019, job id: 15, reason: flush, status: OK
I20230706 10:09:58.911278 3016622 event_listener.cc:91] [event_listener/flush_completed] column family: default, thread_id: 3016622, job_id: 15, file: /nvme/jinghuan/node_40001/db/000046.sst, reason: 6, is_write_slowdown: no, is_write_stall: no, largest seqno: 6133511, smallest seqno: 5400099
W20230706 10:09:58.911562 3016622 event_listener.cc:132] [event_listener/stall_cond_changed] column family: default write stall condition was changed, from stop to normal
W20230706 10:09:58.911825 3016852 event_listener.cc:132] [event_listener/stall_cond_changed] column family: default write stall condition was changed, from delay to stop
W20230706 10:10:00.390254 3016845 event_listener.cc:132] [event_listener/stall_cond_changed] column family: default write stall condition was changed, from normal to delay
I20230706 10:10:01.402652 3016623 event_listener.cc:138] [event_listener/table_file_created] column family: default, file path: /nvme/jinghuan/node_40001/db/000052.sst, file size: 76127701, job id: 18, reason: flush, status: OK
I20230706 10:10:01.418881 3016623 event_listener.cc:91] [event_listener/flush_completed] column family: default, thread_id: 3016623, job_id: 18, file: /nvme/jinghuan/node_40001/db/000052.sst, reason: 6, is_write_slowdown: no, is_write_stall: no, largest seqno: 6790266, smallest seqno: 6133513
W20230706 10:10:01.419062 3016623 event_listener.cc:132] [event_listener/stall_cond_changed] column family: default write stall condition was changed, from delay to normal
I20230706 10:10:01.824224 3016622 event_listener.cc:84] [event_listener/flush_begin] column family: default, thread_id: 3016622, job_id: 19, reason: 6
W20230706 10:10:03.181896 3016845 event_listener.cc:132] [event_listener/stall_cond_changed] column family: default write stall condition was changed, from normal to delay
I20230706 10:10:04.616168 3016623 event_listener.cc:84] [event_listener/flush_begin] column family: default, thread_id: 3016623, job_id: 20, reason: 6
I20230706 10:10:04.891264 3016620 event_listener.cc:138] [event_listener/table_file_created] column family: default, file path: /nvme/jinghuan/node_40001/db/000043.sst, file size: 138696560, job id: 11, reason: compaction, status: OK
I20230706 10:10:07.894203 3016620 event_listener.cc:138] [event_listener/table_file_created] column family: default, file path: /nvme/jinghuan/node_40001/db/000059.sst, file size: 31208712, job id: 11, reason: compaction, status: OK
I20230706 10:10:07.913309 3016620 event_listener.cc:71] [event_listener/compaction_completed] column family: default, compaction reason: 1, output compression type: no, base input level(files): 0(4), output level(files): 1(3), input bytes: 308775777, output bytes:308634182, is_manual_compaction:no, elapsed(micro): 34108419
I20230706 10:10:07.919759 3016620 event_listener.cc:71] [event_listener/compaction_completed] column family: default, compaction reason: 2, output compression type: no, base input level(files): 1(1), output level(files): 2(1), input bytes: 0, output bytes:0, is_manual_compaction:no, elapsed(micro): 0
I20230706 10:10:11.006565 3016622 event_listener.cc:138] [event_listener/table_file_created] column family: default, file path: /nvme/jinghuan/node_40001/db/000055.sst, file size: 84961588, job id: 19, reason: flush, status: OK
I20230706 10:10:11.019196 3016622 event_listener.cc:91] [event_listener/flush_completed] column family: default, thread_id: 3016622, job_id: 19, file: /nvme/jinghuan/node_40001/db/000055.sst, reason: 6, is_write_slowdown: no, is_write_stall: no, largest seqno: 7523284, smallest seqno: 6790268
W20230706 10:10:11.019316 3016622 event_listener.cc:132] [event_listener/stall_cond_changed] column family: default write stall condition was changed, from stop to normal
W20230706 10:10:11.020020 3016845 event_listener.cc:132] [event_listener/stall_cond_changed] column family: default write stall condition was changed, from delay to stop
W20230706 10:10:12.186754 3016852 event_listener.cc:132] [event_listener/stall_cond_changed] column family: default write stall condition was changed, from normal to delay
I20230706 10:10:12.408046 3016623 event_listener.cc:138] [event_listener/table_file_created] column family: default, file path: /nvme/jinghuan/node_40001/db/000058.sst, file size: 85044107, job id: 20, reason: flush, status: OK
I20230706 10:10:12.420861 3016623 event_listener.cc:91] [event_listener/flush_completed] column family: default, thread_id: 3016623, job_id: 20, file: /nvme/jinghuan/node_40001/db/000058.sst, reason: 6, is_write_slowdown: no, is_write_stall: no, largest seqno: 8257028, smallest seqno: 7523286
W20230706 10:10:12.421017 3016623 event_listener.cc:132] [event_listener/stall_cond_changed] column family: default write stall condition was changed, from delay to normal
I20230706 10:10:13.371913 3016622 event_listener.cc:84] [event_listener/flush_begin] column family: default, thread_id: 3016622, job_id: 23, reason: 6
W20230706 10:10:14.464202 3016852 event_listener.cc:132] [event_listener/stall_cond_changed] column family: default write stall condition was changed, from normal to delay
I20230706 10:10:15.200932 3016623 event_listener.cc:84] [event_listener/flush_begin] column family: metadata, thread_id: 3016623, job_id: 24, reason: 13
I20230706 10:10:17.100935 3016623 event_listener.cc:138] [event_listener/table_file_created] column family: metadata, file path: /nvme/jinghuan/node_40001/db/000066.sst, file size: 19219216, job id: 24, reason: flush, status: OK
I20230706 10:10:17.116513 3016623 event_listener.cc:91] [event_listener/flush_completed] column family: metadata, thread_id: 3016623, job_id: 24, file: /nvme/jinghuan/node_40001/db/000066.sst, reason: 13, is_write_slowdown: no, is_write_stall: no, largest seqno: 9442653, smallest seqno: 6295146
I20230706 10:10:17.140949 3016623 event_listener.cc:84] [event_listener/flush_begin] column family: default, thread_id: 3016623, job_id: 25, reason: 6
I20230706 10:10:21.116497 3016622 event_listener.cc:138] [event_listener/table_file_created] column family: default, file path: /nvme/jinghuan/node_40001/db/000063.sst, file size: 76851401, job id: 23, reason: flush, status: OK
I20230706 10:10:21.131875 3016622 event_listener.cc:91] [event_listener/flush_completed] column family: default, thread_id: 3016622, job_id: 23, file: /nvme/jinghuan/node_40001/db/000063.sst, reason: 6, is_write_slowdown: no, is_write_stall: no, largest seqno: 8920053, smallest seqno: 8257030
W20230706 10:10:21.132215 3016622 event_listener.cc:132] [event_listener/stall_cond_changed] column family: default write stall condition was changed, from stop to normal
W20230706 10:10:21.132421 3016852 event_listener.cc:132] [event_listener/stall_cond_changed] column family: default write stall condition was changed, from delay to stop
W20230706 10:10:22.327965 3016846 event_listener.cc:132] [event_listener/stall_cond_changed] column family: default write stall condition was changed, from normal to delay
I20230706 10:10:23.558944 3016622 event_listener.cc:84] [event_listener/flush_begin] column family: default, thread_id: 3016622, job_id: 26, reason: 6
I20230706 10:10:23.915669 3016623 event_listener.cc:138] [event_listener/table_file_created] column family: default, file path: /nvme/jinghuan/node_40001/db/000068.sst, file size: 76143993, job id: 25, reason: flush, status: OK
I20230706 10:10:23.928227 3016623 event_listener.cc:91] [event_listener/flush_completed] column family: default, thread_id: 3016623, job_id: 25, file: /nvme/jinghuan/node_40001/db/000068.sst, reason: 6, is_write_slowdown: no, is_write_stall: no, largest seqno: 9576951, smallest seqno: 8920055
W20230706 10:10:23.928620 3016623 event_listener.cc:132] [event_listener/stall_cond_changed] column family: default write stall condition was changed, from stop to normal
W20230706 10:10:23.928771 3016849 event_listener.cc:132] [event_listener/stall_cond_changed] column family: default write stall condition was changed, from delay to stop
W20230706 10:10:25.086508 3016846 event_listener.cc:132] [event_listener/stall_cond_changed] column family: default write stall condition was changed, from normal to delay
I20230706 10:10:26.346693 3016623 event_listener.cc:84] [event_listener/flush_begin] column family: default, thread_id: 3016623, job_id: 27, reason: 6
I20230706 10:10:30.722797 3016622 event_listener.cc:138] [event_listener/table_file_created] column family: default, file path: /nvme/jinghuan/node_40001/db/000071.sst, file size: 77880564, job id: 26, reason: flush, status: OK
I20230706 10:10:30.738063 3016622 event_listener.cc:91] [event_listener/flush_completed] column family: default, thread_id: 3016622, job_id: 26, file: /nvme/jinghuan/node_40001/db/000071.sst, reason: 6, is_write_slowdown: no, is_write_stall: no, largest seqno: 10248875, smallest seqno: 9576953
W20230706 10:10:30.738178 3016622 event_listener.cc:132] [event_listener/stall_cond_changed] column family: default write stall condition was changed, from stop to normal
W20230706 10:10:30.738734 3016846 event_listener.cc:132] [event_listener/stall_cond_changed] column family: default write stall condition was changed, from delay to stop
I20230706 10:10:30.916312 3016621 event_listener.cc:138] [event_listener/table_file_created] column family: default, file path: /nvme/jinghuan/node_40001/db/000047.sst, file size: 317031987, job id: 16, reason: compaction, status: OK
I20230706 10:10:30.939604 3016621 event_listener.cc:71] [event_listener/compaction_completed] column family: default, compaction reason: 1, output compression type: no, base input level(files): 0(4), output level(files): 0(1), input bytes: 317145570, output bytes:317031987, is_manual_compaction:no, elapsed(micro): 39405078
I20230706 10:10:30.951673 3016621 event_listener.cc:127] [event_listener/table_file_deleted] db: /nvme/jinghuan/node_40001/db, sst file: /nvme/jinghuan/node_40001/db/000026.sst, status: OK
I20230706 10:10:30.957731 3016621 event_listener.cc:127] [event_listener/table_file_deleted] db: /nvme/jinghuan/node_40001/db, sst file: /nvme/jinghuan/node_40001/db/000023.sst, status: OK
I20230706 10:10:30.963774 3016621 event_listener.cc:127] [event_listener/table_file_deleted] db: /nvme/jinghuan/node_40001/db, sst file: /nvme/jinghuan/node_40001/db/000020.sst, status: OK
I20230706 10:10:30.969696 3016621 event_listener.cc:127] [event_listener/table_file_deleted] db: /nvme/jinghuan/node_40001/db, sst file: /nvme/jinghuan/node_40001/db/000017.sst, status: OK
W20230706 10:10:31.945355 3016851 event_listener.cc:132] [event_listener/stall_cond_changed] column family: default write stall condition was changed, from normal to delay
I20230706 10:10:32.320833 3016623 event_listener.cc:138] [event_listener/table_file_created] column family: default, file path: /nvme/jinghuan/node_40001/db/000074.sst, file size: 78691221, job id: 27, reason: flush, status: OK
I20230706 10:10:32.333278 3016623 event_listener.cc:91] [event_listener/flush_completed] column family: default, thread_id: 3016623, job_id: 27, file: /nvme/jinghuan/node_40001/db/000074.sst, reason: 6, is_write_slowdown: no, is_write_stall: no, largest seqno: 10927773, smallest seqno: 10248877
W20230706 10:10:32.333405 3016623 event_listener.cc:132] [event_listener/stall_cond_changed] column family: default write stall condition was changed, from delay to normal
I20230706 10:10:33.192286 3016622 event_listener.cc:84] [event_listener/flush_begin] column family: default, thread_id: 3016622, job_id: 31, reason: 6
W20230706 10:10:34.307708 3016851 event_listener.cc:132] [event_listener/stall_cond_changed] column family: default write stall condition was changed, from normal to delay
I20230706 10:10:35.551882 3016623 event_listener.cc:84] [event_listener/flush_begin] column family: default, thread_id: 3016623, job_id: 32, reason: 6
I20230706 10:10:40.823887 3016622 event_listener.cc:138] [event_listener/table_file_created] column family: default, file path: /nvme/jinghuan/node_40001/db/000078.sst, file size: 78421097, job id: 31, reason: flush, status: OK
I20230706 10:10:40.832542 3016622 event_listener.cc:91] [event_listener/flush_completed] column family: default, thread_id: 3016622, job_id: 31, file: /nvme/jinghuan/node_40001/db/000078.sst, reason: 6, is_write_slowdown: no, is_write_stall: no, largest seqno: 11604339, smallest seqno: 10927775
W20230706 10:10:40.832588 3016622 event_listener.cc:132] [event_listener/stall_cond_changed] column family: default write stall condition was changed, from stop to normal
W20230706 10:10:40.833144 3016846 event_listener.cc:132] [event_listener/stall_cond_changed] column family: default write stall condition was changed, from delay to stop
I20230706 10:10:42.036177 3016622 event_listener.cc:84] [event_listener/flush_begin] column family: metadata, thread_id: 3016622, job_id: 33, reason: 13
W20230706 10:10:42.040978 3016845 event_listener.cc:132] [event_listener/stall_cond_changed] column family: default write stall condition was changed, from normal to delay
I20230706 10:10:42.223688 3016623 event_listener.cc:138] [event_listener/table_file_created] column family: default, file path: /nvme/jinghuan/node_40001/db/000081.sst, file size: 76650410, job id: 32, reason: flush, status: OK
I20230706 10:10:42.230523 3016623 event_listener.cc:91] [event_listener/flush_completed] column family: default, thread_id: 3016623, job_id: 32, file: /nvme/jinghuan/node_40001/db/000081.sst, reason: 6, is_write_slowdown: no, is_write_stall: no, largest seqno: 12265659, smallest seqno: 11604341
W20230706 10:10:42.230598 3016623 event_listener.cc:132] [event_listener/stall_cond_changed] column family: default write stall condition was changed, from delay to normal
I20230706 10:10:43.236897 3016623 event_listener.cc:84] [event_listener/flush_begin] column family: default, thread_id: 3016623, job_id: 34, reason: 6
I20230706 10:10:43.317387 3016622 event_listener.cc:138] [event_listener/table_file_created] column family: metadata, file path: /nvme/jinghuan/node_40001/db/000083.sst, file size: 19220987, job id: 33, reason: flush, status: OK
I20230706 10:10:43.332652 3016622 event_listener.cc:91] [event_listener/flush_completed] column family: metadata, thread_id: 3016622, job_id: 33, file: /nvme/jinghuan/node_40001/db/000083.sst, reason: 13, is_write_slowdown: no, is_write_stall: no, largest seqno: 12590270, smallest seqno: 9442664
W20230706 10:10:44.390340 3016846 event_listener.cc:132] [event_listener/stall_cond_changed] column family: default write stall condition was changed, from normal to delay
I20230706 10:10:45.615864 3016622 event_listener.cc:84] [event_listener/flush_begin] column family: default, thread_id: 3016622, job_id: 35, reason: 6
I20230706 10:10:49.321408 3016620 event_listener.cc:138] [event_listener/table_file_created] column family: default, file path: /nvme/jinghuan/node_40001/db/000061.sst, file size: 331010631, job id: 22, reason: compaction, status: OK
I20230706 10:10:49.344736 3016620 event_listener.cc:71] [event_listener/compaction_completed] column family: default, compaction reason: 1, output compression type: no, base input level(files): 0(4), output level(files): 0(1), input bytes: 331140415, output bytes:331010631, is_manual_compaction:no, elapsed(micro): 36900622
I20230706 10:10:49.353742 3016620 event_listener.cc:127] [event_listener/table_file_deleted] db: /nvme/jinghuan/node_40001/db, sst file: /nvme/jinghuan/node_40001/db/000042.sst, status: OK
I20230706 10:10:49.359066 3016620 event_listener.cc:127] [event_listener/table_file_deleted] db: /nvme/jinghuan/node_40001/db, sst file: /nvme/jinghuan/node_40001/db/000039.sst, status: OK
I20230706 10:10:49.366158 3016620 event_listener.cc:127] [event_listener/table_file_deleted] db: /nvme/jinghuan/node_40001/db, sst file: /nvme/jinghuan/node_40001/db/000036.sst, status: OK
I20230706 10:10:49.371471 3016620 event_listener.cc:127] [event_listener/table_file_deleted] db: /nvme/jinghuan/node_40001/db, sst file: /nvme/jinghuan/node_40001/db/000032.sst, status: OK
I20230706 10:10:50.335011 3016623 event_listener.cc:138] [event_listener/table_file_created] column family: default, file path: /nvme/jinghuan/node_40001/db/000086.sst, file size: 76628484, job id: 34, reason: flush, status: OK
I20230706 10:10:50.349524 3016623 event_listener.cc:91] [event_listener/flush_completed] column family: default, thread_id: 3016623, job_id: 34, file: /nvme/jinghuan/node_40001/db/000086.sst, reason: 6, is_write_slowdown: no, is_write_stall: no, largest seqno: 12926781, smallest seqno: 12265661
W20230706 10:10:50.349673 3016623 event_listener.cc:132] [event_listener/stall_cond_changed] column family: default write stall condition was changed, from stop to normal
W20230706 10:10:50.349889 3016846 event_listener.cc:132] [event_listener/stall_cond_changed] column family: default write stall condition was changed, from delay to stop
W20230706 10:10:51.722199 3016845 event_listener.cc:132] [event_listener/stall_cond_changed] column family: default write stall condition was changed, from normal to delay
I20230706 10:10:51.931416 3016622 event_listener.cc:138] [event_listener/table_file_created] column family: default, file path: /nvme/jinghuan/node_40001/db/000089.sst, file size: 77378929, job id: 35, reason: flush, status: OK
I20230706 10:10:51.943104 3016622 event_listener.cc:91] [event_listener/flush_completed] column family: default, thread_id: 3016622, job_id: 35, file: /nvme/jinghuan/node_40001/db/000089.sst, reason: 6, is_write_slowdown: no, is_write_stall: no, largest seqno: 13594316, smallest seqno: 12926783
W20230706 10:10:51.943188 3016622 event_listener.cc:132] [event_listener/stall_cond_changed] column family: default write stall condition was changed, from delay to normal
I20230706 10:10:53.207775 3016623 event_listener.cc:84] [event_listener/flush_begin] column family: default, thread_id: 3016623, job_id: 38, reason: 6
W20230706 10:10:54.471185 3016845 event_listener.cc:132] [event_listener/stall_cond_changed] column family: default write stall condition was changed, from normal to delay
I20230706 10:10:55.627403 3016620 event_listener.cc:138] [event_listener/table_file_created] column family: metadata, file path: /nvme/jinghuan/node_40001/db/000090.sst, file size: 76274211, job id: 37, reason: compaction, status: OK
I20230706 10:10:55.641788 3016620 event_listener.cc:71] [event_listener/compaction_completed] column family: metadata, compaction reason: 1, output compression type: no, base input level(files): 0(4), output level(files): 1(1), input bytes: 76921709, output bytes:76274211, is_manual_compaction:no, elapsed(micro): 6255872
I20230706 10:10:55.645912 3016620 event_listener.cc:127] [event_listener/table_file_deleted] db: /nvme/jinghuan/node_40001/db, sst file: /nvme/jinghuan/node_40001/db/000066.sst, status: OK
I20230706 10:10:55.648978 3016620 event_listener.cc:127] [event_listener/table_file_deleted] db: /nvme/jinghuan/node_40001/db, sst file: /nvme/jinghuan/node_40001/db/000049.sst, status: OK
I20230706 10:10:55.650488 3016620 event_listener.cc:127] [event_listener/table_file_deleted] db: /nvme/jinghuan/node_40001/db, sst file: /nvme/jinghuan/node_40001/db/000031.sst, status: OK
I20230706 10:10:55.863121 3016622 event_listener.cc:84] [event_listener/flush_begin] column family: default, thread_id: 3016622, job_id: 40, reason: 6
I20230706 10:10:59.939872 3016623 event_listener.cc:138] [event_listener/table_file_created] column family: default, file path: /nvme/jinghuan/node_40001/db/000093.sst, file size: 85057408, job id: 38, reason: flush, status: OK
I20230706 10:10:59.955565 3016623 event_listener.cc:91] [event_listener/flush_completed] column family: default, thread_id: 3016623, job_id: 38, file: /nvme/jinghuan/node_40001/db/000093.sst, reason: 6, is_write_slowdown: no, is_write_stall: no, largest seqno: 14328126, smallest seqno: 13594318
W20230706 10:10:59.955690 3016623 event_listener.cc:132] [event_listener/stall_cond_changed] column family: default write stall condition was changed, from stop to normal
W20230706 10:10:59.956419 3016849 event_listener.cc:132] [event_listener/stall_cond_changed] column family: default write stall condition was changed, from delay to stop
I20230706 10:11:00.437203 3016621 event_listener.cc:138] [event_listener/table_file_created] column family: default, file path: /nvme/jinghuan/node_40001/db/000076.sst, file size: 309405137, job id: 30, reason: compaction, status: OK
I20230706 10:11:00.463201 3016621 event_listener.cc:71] [event_listener/compaction_completed] column family: default, compaction reason: 1, output compression type: no, base input level(files): 0(4), output level(files): 0(1), input bytes: 309567179, output bytes:309405137, is_manual_compaction:no, elapsed(micro): 28103899
I20230706 10:11:00.465217 3016621 event_listener.cc:127] [event_listener/table_file_deleted] db: /nvme/jinghuan/node_40001/db, sst file: /nvme/jinghuan/node_40001/db/000083.sst, status: OK
I20230706 10:11:00.472821 3016621 event_listener.cc:127] [event_listener/table_file_deleted] db: /nvme/jinghuan/node_40001/db, sst file: /nvme/jinghuan/node_40001/db/000058.sst, status: OK
I20230706 10:11:00.479080 3016621 event_listener.cc:127] [event_listener/table_file_deleted] db: /nvme/jinghuan/node_40001/db, sst file: /nvme/jinghuan/node_40001/db/000055.sst, status: OK
I20230706 10:11:00.485754 3016621 event_listener.cc:127] [event_listener/table_file_deleted] db: /nvme/jinghuan/node_40001/db, sst file: /nvme/jinghuan/node_40001/db/000052.sst, status: OK
I20230706 10:11:00.491990 3016621 event_listener.cc:127] [event_listener/table_file_deleted] db: /nvme/jinghuan/node_40001/db, sst file: /nvme/jinghuan/node_40001/db/000046.sst, status: OK
W20230706 10:11:01.111245 3016846 event_listener.cc:132] [event_listener/stall_cond_changed] column family: default write stall condition was changed, from normal to delay
I20230706 10:11:02.044565 3016622 event_listener.cc:138] [event_listener/table_file_created] column family: default, file path: /nvme/jinghuan/node_40001/db/000097.sst, file size: 85051068, job id: 40, reason: flush, status: OK
I20230706 10:11:02.058925 3016622 event_listener.cc:91] [event_listener/flush_completed] column family: default, thread_id: 3016622, job_id: 40, file: /nvme/jinghuan/node_40001/db/000097.sst, reason: 6, is_write_slowdown: no, is_write_stall: no, largest seqno: 15061914, smallest seqno: 14328128
W20230706 10:11:02.059031 3016622 event_listener.cc:132] [event_listener/stall_cond_changed] column family: default write stall condition was changed, from delay to normal
I20230706 10:11:02.343945 3016623 event_listener.cc:84] [event_listener/flush_begin] column family: default, thread_id: 3016623, job_id: 45, reason: 6
I20230706 10:11:02.360793 3016622 event_listener.cc:84] [event_listener/flush_begin] column family: metadata, thread_id: 3016622, job_id: 46, reason: 13
W20230706 10:11:03.427935 3016845 event_listener.cc:132] [event_listener/stall_cond_changed] column family: default write stall condition was changed, from normal to delay
I20230706 10:11:03.639068 3016622 event_listener.cc:138] [event_listener/table_file_created] column family: metadata, file path: /nvme/jinghuan/node_40001/db/000102.sst, file size: 19250654, job id: 46, reason: flush, status: OK
I20230706 10:11:03.647627 3016622 event_listener.cc:91] [event_listener/flush_completed] column family: metadata, thread_id: 3016622, job_id: 46, file: /nvme/jinghuan/node_40001/db/000102.sst, reason: 13, is_write_slowdown: no, is_write_stall: no, largest seqno: 15737876, smallest seqno: 12590281
I20230706 10:11:03.685006 3016622 event_listener.cc:84] [event_listener/flush_begin] column family: default, thread_id: 3016622, job_id: 49, reason: 13
I20230706 10:11:06.742820 3016622 event_listener.cc:138] [event_listener/table_file_created] column family: default, file path: /nvme/jinghuan/node_40001/db/000105.sst, file size: 46073377, job id: 49, reason: flush, status: OK
I20230706 10:11:07.144492 3016623 event_listener.cc:138] [event_listener/table_file_created] column family: default, file path: /nvme/jinghuan/node_40001/db/000101.sst, file size: 76815437, job id: 45, reason: flush, status: OK
I20230706 10:11:07.159898 3016623 event_listener.cc:91] [event_listener/flush_completed] column family: default, thread_id: 3016623, job_id: 45, file: /nvme/jinghuan/node_40001/db/000101.sst, reason: 13, is_write_slowdown: no, is_write_stall: no, largest seqno: 15724642, smallest seqno: 15061916
I20230706 10:11:07.159929 3016623 event_listener.cc:91] [event_listener/flush_completed] column family: default, thread_id: 3016622, job_id: 49, file: /nvme/jinghuan/node_40001/db/000105.sst, reason: 13, is_write_slowdown: no, is_write_stall: no, largest seqno: 16122072, smallest seqno: 15724644
W20230706 10:11:07.160226 3016623 event_listener.cc:132] [event_listener/stall_cond_changed] column family: default write stall condition was changed, from stop to normal
W20230706 10:11:07.160454 3016845 event_listener.cc:132] [event_listener/stall_cond_changed] column family: default write stall condition was changed, from delay to stop
I20230706 10:11:09.833344 3016622 event_listener.cc:84] [event_listener/flush_begin] column family: default, thread_id: 3016622, job_id: 52, reason: 6
W20230706 10:11:11.079219 3016845 event_listener.cc:132] [event_listener/stall_cond_changed] column family: default write stall condition was changed, from normal to delay
I20230706 10:11:12.447127 3016623 event_listener.cc:84] [event_listener/flush_begin] column family: default, thread_id: 3016623, job_id: 53, reason: 6
I20230706 10:11:16.649633 3016622 event_listener.cc:138] [event_listener/table_file_created] column family: default, file path: /nvme/jinghuan/node_40001/db/000109.sst, file size: 85045404, job id: 52, reason: flush, status: OK
I20230706 10:11:16.657411 3016622 event_listener.cc:91] [event_listener/flush_completed] column family: default, thread_id: 3016622, job_id: 52, file: /nvme/jinghuan/node_40001/db/000109.sst, reason: 6, is_write_slowdown: no, is_write_stall: no, largest seqno: 16855827, smallest seqno: 16122074
W20230706 10:11:16.657477 3016622 event_listener.cc:132] [event_listener/stall_cond_changed] column family: default write stall condition was changed, from stop to normal
W20230706 10:11:16.657898 3016851 event_listener.cc:132] [event_listener/stall_cond_changed] column family: default write stall condition was changed, from delay to stop
W20230706 10:11:18.021261 3016847 event_listener.cc:132] [event_listener/stall_cond_changed] column family: default write stall condition was changed, from normal to delay
I20230706 10:11:18.545325 3016623 event_listener.cc:138] [event_listener/table_file_created] column family: default, file path: /nvme/jinghuan/node_40001/db/000112.sst, file size: 85051304, job id: 53, reason: flush, status: OK
I20230706 10:11:18.551556 3016623 event_listener.cc:91] [event_listener/flush_completed] column family: default, thread_id: 3016623, job_id: 53, file: /nvme/jinghuan/node_40001/db/000112.sst, reason: 6, is_write_slowdown: no, is_write_stall: no, largest seqno: 17589604, smallest seqno: 16855829
W20230706 10:11:18.551611 3016623 event_listener.cc:132] [event_listener/stall_cond_changed] column family: default write stall condition was changed, from delay to normal
I20230706 10:11:19.346473 3016620 event_listener.cc:138] [event_listener/table_file_created] column family: default, file path: /nvme/jinghuan/node_40001/db/000095.sst, file size: 308956830, job id: 39, reason: compaction, status: OK
I20230706 10:11:19.397907 3016620 event_listener.cc:71] [event_listener/compaction_completed] column family: default, compaction reason: 1, output compression type: no, base input level(files): 0(4), output level(files): 0(1), input bytes: 309078920, output bytes:308956830, is_manual_compaction:no, elapsed(micro): 23696110
I20230706 10:11:19.410665 3016620 event_listener.cc:127] [event_listener/table_file_deleted] db: /nvme/jinghuan/node_40001/db, sst file: /nvme/jinghuan/node_40001/db/000074.sst, status: OK
I20230706 10:11:19.413771 3016622 event_listener.cc:84] [event_listener/flush_begin] column family: default, thread_id: 3016622, job_id: 54, reason: 6
I20230706 10:11:19.415941 3016620 event_listener.cc:127] [event_listener/table_file_deleted] db: /nvme/jinghuan/node_40001/db, sst file: /nvme/jinghuan/node_40001/db/000071.sst, status: OK
I20230706 10:11:19.421331 3016620 event_listener.cc:127] [event_listener/table_file_deleted] db: /nvme/jinghuan/node_40001/db, sst file: /nvme/jinghuan/node_40001/db/000068.sst, status: OK
I20230706 10:11:19.426688 3016620 event_listener.cc:127] [event_listener/table_file_deleted] db: /nvme/jinghuan/node_40001/db, sst file: /nvme/jinghuan/node_40001/db/000063.sst, status: OK
W20230706 10:11:20.628966 3016845 event_listener.cc:132] [event_listener/stall_cond_changed] column family: default write stall condition was changed, from normal to delay
I20230706 10:11:21.367190 3016623 event_listener.cc:84] [event_listener/flush_begin] column family: metadata, thread_id: 3016623, job_id: 57, reason: 13
I20230706 10:11:23.051146 3016622 event_listener.cc:138] [event_listener/table_file_created] column family: default, file path: /nvme/jinghuan/node_40001/db/000115.sst, file size: 84971061, job id: 54, reason: flush, status: OK
I20230706 10:11:23.057440 3016622 event_listener.cc:91] [event_listener/flush_completed] column family: default, thread_id: 3016622, job_id: 54, file: /nvme/jinghuan/node_40001/db/000115.sst, reason: 6, is_write_slowdown: no, is_write_stall: no, largest seqno: 18322688, smallest seqno: 17589606
W20230706 10:11:23.057564 3016622 event_listener.cc:132] [event_listener/stall_cond_changed] column family: default write stall condition was changed, from stop to normal
W20230706 10:11:23.057731 3016845 event_listener.cc:132] [event_listener/stall_cond_changed] column family: default write stall condition was changed, from delay to stop
I20230706 10:11:23.074959 3016622 event_listener.cc:84] [event_listener/flush_begin] column family: default, thread_id: 3016622, job_id: 60, reason: 6
I20230706 10:11:23.151870 3016623 event_listener.cc:138] [event_listener/table_file_created] column family: metadata, file path: /nvme/jinghuan/node_40001/db/000118.sst, file size: 19249842, job id: 57, reason: flush, status: OK
I20230706 10:11:23.160789 3016623 event_listener.cc:91] [event_listener/flush_completed] column family: metadata, thread_id: 3016623, job_id: 57, file: /nvme/jinghuan/node_40001/db/000118.sst, reason: 13, is_write_slowdown: no, is_write_stall: no, largest seqno: 18885460, smallest seqno: 15737887
W20230706 10:11:23.161036 3016848 event_listener.cc:132] [event_listener/stall_cond_changed] column family: default write stall condition was changed, from normal to delay
I20230706 10:11:23.175657 3016623 event_listener.cc:84] [event_listener/flush_begin] column family: default, thread_id: 3016623, job_id: 62, reason: 13
I20230706 10:11:23.444412 3016623 event_listener.cc:138] [event_listener/table_file_created] column family: default, file path: /nvme/jinghuan/node_40001/db/000122.sst, file size: 3222540, job id: 62, reason: flush, status: OK
I20230706 10:11:25.949898 3016621 event_listener.cc:138] [event_listener/table_file_created] column family: default, file path: /nvme/jinghuan/node_40001/db/000106.sst, file size: 292882065, job id: 51, reason: compaction, status: OK
I20230706 10:11:25.972826 3016621 event_listener.cc:71] [event_listener/compaction_completed] column family: default, compaction reason: 1, output compression type: no, base input level(files): 0(4), output level(files): 0(1), input bytes: 292997290, output bytes:292882065, is_manual_compaction:no, elapsed(micro): 18789986
I20230706 10:11:25.978803 3016621 event_listener.cc:127] [event_listener/table_file_deleted] db: /nvme/jinghuan/node_40001/db, sst file: /nvme/jinghuan/node_40001/db/000089.sst, status: OK
I20230706 10:11:25.985177 3016621 event_listener.cc:127] [event_listener/table_file_deleted] db: /nvme/jinghuan/node_40001/db, sst file: /nvme/jinghuan/node_40001/db/000086.sst, status: OK
I20230706 10:11:25.991183 3016621 event_listener.cc:127] [event_listener/table_file_deleted] db: /nvme/jinghuan/node_40001/db, sst file: /nvme/jinghuan/node_40001/db/000081.sst, status: OK
I20230706 10:11:25.996316 3016621 event_listener.cc:127] [event_listener/table_file_deleted] db: /nvme/jinghuan/node_40001/db, sst file: /nvme/jinghuan/node_40001/db/000078.sst, status: OK
I20230706 10:11:26.152094 3016622 event_listener.cc:138] [event_listener/table_file_created] column family: default, file path: /nvme/jinghuan/node_40001/db/000120.sst, file size: 85052054, job id: 60, reason: flush, status: OK
I20230706 10:11:26.158761 3016622 event_listener.cc:91] [event_listener/flush_completed] column family: default, thread_id: 3016622, job_id: 60, file: /nvme/jinghuan/node_40001/db/000120.sst, reason: 13, is_write_slowdown: no, is_write_stall: no, largest seqno: 19056498, smallest seqno: 18322690
I20230706 10:11:26.158773 3016622 event_listener.cc:91] [event_listener/flush_completed] column family: default, thread_id: 3016623, job_id: 62, file: /nvme/jinghuan/node_40001/db/000122.sst, reason: 13, is_write_slowdown: no, is_write_stall: no, largest seqno: 19084262, smallest seqno: 19056500
I20230706 10:11:26.161803 3016622 event_listener.cc:127] [event_listener/table_file_deleted] db: /nvme/jinghuan/node_40001/db, sst file: /nvme/jinghuan/node_40001/db/000105.sst, status: OK
I20230706 10:11:26.167438 3016622 event_listener.cc:127] [event_listener/table_file_deleted] db: /nvme/jinghuan/node_40001/db, sst file: /nvme/jinghuan/node_40001/db/000101.sst, status: OK
I20230706 10:11:26.174094 3016622 event_listener.cc:127] [event_listener/table_file_deleted] db: /nvme/jinghuan/node_40001/db, sst file: /nvme/jinghuan/node_40001/db/000097.sst, status: OK
I20230706 10:11:26.179517 3016622 event_listener.cc:127] [event_listener/table_file_deleted] db: /nvme/jinghuan/node_40001/db, sst file: /nvme/jinghuan/node_40001/db/000093.sst, status: OK
W20230706 10:11:26.179540 3016622 event_listener.cc:132] [event_listener/stall_cond_changed] column family: default write stall condition was changed, from stop to normal
W20230706 10:11:26.179831 3016848 event_listener.cc:132] [event_listener/stall_cond_changed] column family: default write stall condition was changed, from delay to stop
I20230706 10:11:27.388010 3016623 event_listener.cc:84] [event_listener/flush_begin] column family: default, thread_id: 3016623, job_id: 66, reason: 6
W20230706 10:11:28.542189 3016846 event_listener.cc:132] [event_listener/stall_cond_changed] column family: default write stall condition was changed, from normal to delay
I20230706 10:11:29.774076 3016622 event_listener.cc:84] [event_listener/flush_begin] column family: default, thread_id: 3016622, job_id: 67, reason: 6
