I20230706 10:11:30.057824 3016623 event_listener.cc:138] [event_listener/table_file_created] column family: default, file path: /nvme/jinghuan/node_40001/db/000126.sst, file size: 80297960, job id: 66, reason: flush, status: OK
I20230706 10:11:30.066551 3016623 event_listener.cc:91] [event_listener/flush_completed] column family: default, thread_id: 3016623, job_id: 66, file: /nvme/jinghuan/node_40001/db/000126.sst, reason: 6, is_write_slowdown: no, is_write_stall: no, largest seqno: 19777053, smallest seqno: 19084264
W20230706 10:11:30.066640 3016623 event_listener.cc:132] [event_listener/stall_cond_changed] column family: default write stall condition was changed, from stop to normal
W20230706 10:11:30.068238 3016846 event_listener.cc:132] [event_listener/stall_cond_changed] column family: default write stall condition was changed, from delay to stop
W20230706 10:11:31.400041 3016852 event_listener.cc:132] [event_listener/stall_cond_changed] column family: default write stall condition was changed, from normal to delay
I20230706 10:11:32.353981 3016622 event_listener.cc:138] [event_listener/table_file_created] column family: default, file path: /nvme/jinghuan/node_40001/db/000129.sst, file size: 76436585, job id: 67, reason: flush, status: OK
I20230706 10:11:32.368150 3016622 event_listener.cc:91] [event_listener/flush_completed] column family: default, thread_id: 3016622, job_id: 67, file: /nvme/jinghuan/node_40001/db/000129.sst, reason: 6, is_write_slowdown: no, is_write_stall: no, largest seqno: 20436492, smallest seqno: 19777055
W20230706 10:11:32.368225 3016622 event_listener.cc:132] [event_listener/stall_cond_changed] column family: default write stall condition was changed, from delay to normal
I20230706 10:11:32.556267 3016620 event_listener.cc:138] [event_listener/table_file_created] column family: default, file path: /nvme/jinghuan/node_40001/db/000124.sst, file size: 138668155, job id: 65, reason: compaction, status: OK
I20230706 10:11:32.807875 3016623 event_listener.cc:84] [event_listener/flush_begin] column family: default, thread_id: 3016623, job_id: 70, reason: 6
W20230706 10:11:34.091328 3016852 event_listener.cc:132] [event_listener/stall_cond_changed] column family: default write stall condition was changed, from normal to delay
I20230706 10:11:35.463683 3016623 event_listener.cc:138] [event_listener/table_file_created] column family: default, file path: /nvme/jinghuan/node_40001/db/000133.sst, file size: 85041786, job id: 70, reason: flush, status: OK
I20230706 10:11:35.475251 3016623 event_listener.cc:91] [event_listener/flush_completed] column family: default, thread_id: 3016623, job_id: 70, file: /nvme/jinghuan/node_40001/db/000133.sst, reason: 6, is_write_slowdown: no, is_write_stall: no, largest seqno: 21170214, smallest seqno: 20436494
W20230706 10:11:35.475468 3016623 event_listener.cc:132] [event_listener/stall_cond_changed] column family: default write stall condition was changed, from stop to normal
I20230706 10:11:35.475603 3016622 event_listener.cc:84] [event_listener/flush_begin] column family: default, thread_id: 3016622, job_id: 73, reason: 6
W20230706 10:11:35.475939 3016851 event_listener.cc:132] [event_listener/stall_cond_changed] column family: default write stall condition was changed, from delay to stop
I20230706 10:11:36.242590 3016623 event_listener.cc:84] [event_listener/flush_begin] column family: metadata, thread_id: 3016623, job_id: 75, reason: 13
I20230706 10:11:37.761685 3016623 event_listener.cc:138] [event_listener/table_file_created] column family: metadata, file path: /nvme/jinghuan/node_40001/db/000139.sst, file size: 19219262, job id: 75, reason: flush, status: OK
I20230706 10:11:37.770728 3016623 event_listener.cc:91] [event_listener/flush_completed] column family: metadata, thread_id: 3016623, job_id: 75, file: /nvme/jinghuan/node_40001/db/000139.sst, reason: 13, is_write_slowdown: no, is_write_stall: no, largest seqno: 22033087, smallest seqno: 18885471
W20230706 10:11:38.455358 3016852 event_listener.cc:132] [event_listener/stall_cond_changed] column family: default write stall condition was changed, from normal to delay
I20230706 10:11:39.760200 3016622 event_listener.cc:138] [event_listener/table_file_created] column family: default, file path: /nvme/jinghuan/node_40001/db/000136.sst, file size: 85039548, job id: 73, reason: flush, status: OK
I20230706 10:11:39.774989 3016622 event_listener.cc:91] [event_listener/flush_completed] column family: default, thread_id: 3016622, job_id: 73, file: /nvme/jinghuan/node_40001/db/000136.sst, reason: 6, is_write_slowdown: no, is_write_stall: no, largest seqno: 21903925, smallest seqno: 21170216
W20230706 10:11:39.775097 3016622 event_listener.cc:132] [event_listener/stall_cond_changed] column family: default write stall condition was changed, from delay to normal
I20230706 10:11:41.464870 3016620 event_listener.cc:138] [event_listener/table_file_created] column family: default, file path: /nvme/jinghuan/node_40001/db/000131.sst, file size: 138700653, job id: 65, reason: compaction, status: OK
I20230706 10:11:41.975368 3016623 event_listener.cc:84] [event_listener/flush_begin] column family: default, thread_id: 3016623, job_id: 76, reason: 6
I20230706 10:11:45.280342 3016623 event_listener.cc:138] [event_listener/table_file_created] column family: default, file path: /nvme/jinghuan/node_40001/db/000143.sst, file size: 78212608, job id: 76, reason: flush, status: OK
I20230706 10:11:45.296416 3016623 event_listener.cc:91] [event_listener/flush_completed] column family: default, thread_id: 3016623, job_id: 76, file: /nvme/jinghuan/node_40001/db/000143.sst, reason: 6, is_write_slowdown: no, is_write_stall: no, largest seqno: 22578741, smallest seqno: 21903927
I20230706 10:11:48.270576 3016621 event_listener.cc:138] [event_listener/table_file_created] column family: default, file path: /nvme/jinghuan/node_40001/db/000137.sst, file size: 244899183, job id: 74, reason: compaction, status: OK
I20230706 10:11:48.295662 3016621 event_listener.cc:71] [event_listener/compaction_completed] column family: default, compaction reason: 1, output compression type: no, base input level(files): 0(4), output level(files): 0(1), input bytes: 244998871, output bytes:244899183, is_manual_compaction:no, elapsed(micro): 12795296
I20230706 10:11:48.296576 3016621 event_listener.cc:127] [event_listener/table_file_deleted] db: /nvme/jinghuan/node_40001/db, sst file: /nvme/jinghuan/node_40001/db/000122.sst, status: OK
I20230706 10:11:48.774402 3016620 event_listener.cc:138] [event_listener/table_file_created] column family: default, file path: /nvme/jinghuan/node_40001/db/000141.sst, file size: 138700938, job id: 65, reason: compaction, status: OK
I20230706 10:11:48.946079 3016622 event_listener.cc:84] [event_listener/flush_begin] column family: default, thread_id: 3016622, job_id: 79, reason: 6
I20230706 10:11:51.364689 3016622 event_listener.cc:138] [event_listener/table_file_created] column family: default, file path: /nvme/jinghuan/node_40001/db/000147.sst, file size: 76442473, job id: 79, reason: flush, status: OK
I20230706 10:11:51.372890 3016622 event_listener.cc:91] [event_listener/flush_completed] column family: default, thread_id: 3016622, job_id: 79, file: /nvme/jinghuan/node_40001/db/000147.sst, reason: 6, is_write_slowdown: no, is_write_stall: no, largest seqno: 23238235, smallest seqno: 22578743
I20230706 10:11:52.969154 3016620 event_listener.cc:138] [event_listener/table_file_created] column family: default, file path: /nvme/jinghuan/node_40001/db/000145.sst, file size: 138743207, job id: 65, reason: compaction, status: OK
I20230706 10:11:55.682086 3016620 event_listener.cc:138] [event_listener/table_file_created] column family: default, file path: /nvme/jinghuan/node_40001/db/000149.sst, file size: 138797143, job id: 65, reason: compaction, status: OK
I20230706 10:11:55.692649 3016623 event_listener.cc:84] [event_listener/flush_begin] column family: default, thread_id: 3016623, job_id: 83, reason: 6
I20230706 10:11:55.991497 3016852 cluster.cc:286] MASTER MODE enabled by cluster topology setting
I20230706 10:11:56.111917 3016847 cluster.cc:923] function: Migrate level-migration
I20230706 10:11:56.111943 3016847 slot_migrate_parallel.cc:32] [migrate] Start migrating slots, from slot: 6052 to slot: 6052. Slots are moving to 127.0.0.1:40002
I20230706 10:11:56.111951 3016847 cluster.cc:935] [cluster migration] Finished slot migration cmds sending, start to set nodes
I20230706 10:11:56.111982 3016844 slot_migrate.cc:165] [migrate] Migrating slot: -1, dst_ip: 127.0.0.1, dst_port: 40002, max_speed: 0, max_pipeline_size: 16
I20230706 10:11:56.112295 3016844 slot_migrate.cc:305] [migrate] Start migrating slot 6052, connect destination fd 96
I20230706 10:11:56.112313 3016844 slot_migrate.cc:195] [migrate] Succeed to start migrating slot 6052
E20230706 10:11:56.112418 3016844 slot_migrate_level.cc:86] No SSTs are found
I20230706 10:11:56.112541 3016844 slot_migrate.cc:209] Finished sending snapshot, time taken(us): 220, seek time taken(us): 0, network response time taken(us): 0
E20230706 10:11:56.112552 3016844 slot_migrate.cc:216] [migrate] Failed to send snapshot of slot 6052. Error: No SSTs can be found.
I20230706 10:11:56.112663 3016844 slot_migrate.cc:255] [migrate] Failed to migrate a slot6052
I20230706 10:11:56.112675 3016844 slot_migrate.cc:438] [migrate] Clean resources of migrating slot 6052
I20230706 10:11:56.148119 3016852 cluster.cc:387] [import] Start importing slot 6052
I20230706 10:11:56.148588 3016852 cluster.cc:407] [import] Failed to import slot 6052
I20230706 10:11:57.969388 3016623 event_listener.cc:138] [event_listener/table_file_created] column family: default, file path: /nvme/jinghuan/node_40001/db/000152.sst, file size: 75465307, job id: 83, reason: flush, status: OK
I20230706 10:11:57.976940 3016623 event_listener.cc:91] [event_listener/flush_completed] column family: default, thread_id: 3016623, job_id: 83, file: /nvme/jinghuan/node_40001/db/000152.sst, reason: 6, is_write_slowdown: no, is_write_stall: no, largest seqno: 23889292, smallest seqno: 23238237
I20230706 10:12:01.670483 3016620 event_listener.cc:138] [event_listener/table_file_created] column family: default, file path: /nvme/jinghuan/node_40001/db/000151.sst, file size: 138796309, job id: 65, reason: compaction, status: OK
I20230706 10:12:03.029832 3016622 event_listener.cc:84] [event_listener/flush_begin] column family: default, thread_id: 3016622, job_id: 85, reason: 6
I20230706 10:12:06.174397 3016622 event_listener.cc:138] [event_listener/table_file_created] column family: default, file path: /nvme/jinghuan/node_40001/db/000157.sst, file size: 79449704, job id: 85, reason: flush, status: OK
I20230706 10:12:06.188006 3016622 event_listener.cc:91] [event_listener/flush_completed] column family: default, thread_id: 3016622, job_id: 85, file: /nvme/jinghuan/node_40001/db/000157.sst, reason: 6, is_write_slowdown: no, is_write_stall: no, largest seqno: 24574728, smallest seqno: 23889294
I20230706 10:12:09.073999 3016620 event_listener.cc:138] [event_listener/table_file_created] column family: default, file path: /nvme/jinghuan/node_40001/db/000155.sst, file size: 138717324, job id: 65, reason: compaction, status: OK
I20230706 10:12:09.420804 3016623 event_listener.cc:84] [event_listener/flush_begin] column family: metadata, thread_id: 3016623, job_id: 86, reason: 13
I20230706 10:12:09.776863 3016621 event_listener.cc:138] [event_listener/table_file_created] column family: default, file path: /nvme/jinghuan/node_40001/db/000153.sst, file size: 315035717, job id: 84, reason: compaction, status: OK
I20230706 10:12:09.799058 3016621 event_listener.cc:71] [event_listener/compaction_completed] column family: default, compaction reason: 1, output compression type: no, base input level(files): 0(4), output level(files): 0(1), input bytes: 315159936, output bytes:315035717, is_manual_compaction:no, elapsed(micro): 11799867
I20230706 10:12:09.854547 3016622 event_listener.cc:84] [event_listener/flush_begin] column family: default, thread_id: 3016622, job_id: 88, reason: 6
I20230706 10:12:10.773036 3016623 event_listener.cc:138] [event_listener/table_file_created] column family: metadata, file path: /nvme/jinghuan/node_40001/db/000161.sst, file size: 19240135, job id: 86, reason: flush, status: OK
I20230706 10:12:10.782492 3016623 event_listener.cc:91] [event_listener/flush_completed] column family: metadata, thread_id: 3016623, job_id: 86, file: /nvme/jinghuan/node_40001/db/000161.sst, reason: 13, is_write_slowdown: no, is_write_stall: no, largest seqno: 25180873, smallest seqno: 22033098
I20230706 10:12:12.775430 3016622 event_listener.cc:138] [event_listener/table_file_created] column family: default, file path: /nvme/jinghuan/node_40001/db/000164.sst, file size: 75373758, job id: 88, reason: flush, status: OK
I20230706 10:12:12.781814 3016622 event_listener.cc:91] [event_listener/flush_completed] column family: default, thread_id: 3016622, job_id: 88, file: /nvme/jinghuan/node_40001/db/000164.sst, reason: 6, is_write_slowdown: no, is_write_stall: no, largest seqno: 25224971, smallest seqno: 24574730
I20230706 10:12:15.478890 3016620 event_listener.cc:138] [event_listener/table_file_created] column family: default, file path: /nvme/jinghuan/node_40001/db/000159.sst, file size: 138677070, job id: 65, reason: compaction, status: OK
I20230706 10:12:17.572409 3016623 event_listener.cc:84] [event_listener/flush_begin] column family: default, thread_id: 3016623, job_id: 89, reason: 6
I20230706 10:12:20.096120 3016623 event_listener.cc:138] [event_listener/table_file_created] column family: default, file path: /nvme/jinghuan/node_40001/db/000168.sst, file size: 78426402, job id: 89, reason: flush, status: OK
I20230706 10:12:20.113041 3016623 event_listener.cc:91] [event_listener/flush_completed] column family: default, thread_id: 3016623, job_id: 89, file: /nvme/jinghuan/node_40001/db/000168.sst, reason: 6, is_write_slowdown: no, is_write_stall: no, largest seqno: 25901548, smallest seqno: 25224973
I20230706 10:12:21.488965 3016620 event_listener.cc:138] [event_listener/table_file_created] column family: default, file path: /nvme/jinghuan/node_40001/db/000166.sst, file size: 138681757, job id: 65, reason: compaction, status: OK
I20230706 10:12:25.155419 3016622 event_listener.cc:84] [event_listener/flush_begin] column family: default, thread_id: 3016622, job_id: 90, reason: 6
I20230706 10:12:27.382439 3016620 event_listener.cc:138] [event_listener/table_file_created] column family: default, file path: /nvme/jinghuan/node_40001/db/000170.sst, file size: 138681884, job id: 65, reason: compaction, status: OK
I20230706 10:12:27.685142 3016622 event_listener.cc:138] [event_listener/table_file_created] column family: default, file path: /nvme/jinghuan/node_40001/db/000172.sst, file size: 77202940, job id: 90, reason: flush, status: OK
I20230706 10:12:27.691582 3016622 event_listener.cc:91] [event_listener/flush_completed] column family: default, thread_id: 3016622, job_id: 90, file: /nvme/jinghuan/node_40001/db/000172.sst, reason: 6, is_write_slowdown: no, is_write_stall: no, largest seqno: 26567587, smallest seqno: 25901550
I20230706 10:12:31.892274 3016620 event_listener.cc:138] [event_listener/table_file_created] column family: default, file path: /nvme/jinghuan/node_40001/db/000173.sst, file size: 138692357, job id: 65, reason: compaction, status: OK
I20230706 10:12:32.747169 3016623 event_listener.cc:84] [event_listener/flush_begin] column family: default, thread_id: 3016623, job_id: 91, reason: 6
I20230706 10:12:35.196233 3016623 event_listener.cc:138] [event_listener/table_file_created] column family: default, file path: /nvme/jinghuan/node_40001/db/000177.sst, file size: 76370000, job id: 91, reason: flush, status: OK
I20230706 10:12:35.201889 3016623 event_listener.cc:91] [event_listener/flush_completed] column family: default, thread_id: 3016623, job_id: 91, file: /nvme/jinghuan/node_40001/db/000177.sst, reason: 6, is_write_slowdown: no, is_write_stall: no, largest seqno: 27226443, smallest seqno: 26567589
I20230706 10:12:37.292853 3016620 event_listener.cc:138] [event_listener/table_file_created] column family: default, file path: /nvme/jinghuan/node_40001/db/000175.sst, file size: 138731845, job id: 65, reason: compaction, status: OK
I20230706 10:12:39.390350 3016621 event_listener.cc:138] [event_listener/table_file_created] column family: default, file path: /nvme/jinghuan/node_40001/db/000162.sst, file size: 724235583, job id: 87, reason: compaction, status: OK
I20230706 10:12:39.427047 3016621 event_listener.cc:71] [event_listener/compaction_completed] column family: default, compaction reason: 1, output compression type: no, base input level(files): 0(4), output level(files): 0(1), input bytes: 724436658, output bytes:724235583, is_manual_compaction:no, elapsed(micro): 29590936
I20230706 10:12:39.436195 3016621 event_listener.cc:127] [event_listener/table_file_deleted] db: /nvme/jinghuan/node_40001/db, sst file: /nvme/jinghuan/node_40001/db/000120.sst, status: OK
I20230706 10:12:40.455758 3016622 event_listener.cc:84] [event_listener/flush_begin] column family: default, thread_id: 3016622, job_id: 93, reason: 6
I20230706 10:12:42.304049 3016620 event_listener.cc:138] [event_listener/table_file_created] column family: default, file path: /nvme/jinghuan/node_40001/db/000179.sst, file size: 138732002, job id: 65, reason: compaction, status: OK
I20230706 10:12:42.904269 3016622 event_listener.cc:138] [event_listener/table_file_created] column family: default, file path: /nvme/jinghuan/node_40001/db/000182.sst, file size: 78428522, job id: 93, reason: flush, status: OK
I20230706 10:12:42.909828 3016622 event_listener.cc:91] [event_listener/flush_completed] column family: default, thread_id: 3016622, job_id: 93, file: /nvme/jinghuan/node_40001/db/000182.sst, reason: 6, is_write_slowdown: no, is_write_stall: no, largest seqno: 27903053, smallest seqno: 27226445
I20230706 10:12:45.295840 3016621 event_listener.cc:138] [event_listener/table_file_created] column family: metadata, file path: /nvme/jinghuan/node_40001/db/000180.sst, file size: 138145742, job id: 92, reason: compaction, status: OK
I20230706 10:12:45.416957 3016623 event_listener.cc:84] [event_listener/flush_begin] column family: metadata, thread_id: 3016623, job_id: 94, reason: 13
I20230706 10:12:46.102317 3016623 event_listener.cc:138] [event_listener/table_file_created] column family: metadata, file path: /nvme/jinghuan/node_40001/db/000187.sst, file size: 19245827, job id: 94, reason: flush, status: OK
I20230706 10:12:46.107283 3016621 event_listener.cc:138] [event_listener/table_file_created] column family: metadata, file path: /nvme/jinghuan/node_40001/db/000185.sst, file size: 13900683, job id: 92, reason: compaction, status: OK
I20230706 10:12:46.123700 3016623 event_listener.cc:91] [event_listener/flush_completed] column family: metadata, thread_id: 3016623, job_id: 94, file: /nvme/jinghuan/node_40001/db/000187.sst, reason: 13, is_write_slowdown: no, is_write_stall: no, largest seqno: 28328611, smallest seqno: 25180884
I20230706 10:12:46.130074 3016621 event_listener.cc:71] [event_listener/compaction_completed] column family: metadata, compaction reason: 1, output compression type: no, base input level(files): 0(5), output level(files): 1(2), input bytes: 153234104, output bytes:152046425, is_manual_compaction:no, elapsed(micro): 6670999
I20230706 10:12:46.132565 3016621 event_listener.cc:127] [event_listener/table_file_deleted] db: /nvme/jinghuan/node_40001/db, sst file: /nvme/jinghuan/node_40001/db/000118.sst, status: OK
I20230706 10:12:46.135025 3016621 event_listener.cc:127] [event_listener/table_file_deleted] db: /nvme/jinghuan/node_40001/db, sst file: /nvme/jinghuan/node_40001/db/000102.sst, status: OK
I20230706 10:12:46.143162 3016621 event_listener.cc:127] [event_listener/table_file_deleted] db: /nvme/jinghuan/node_40001/db, sst file: /nvme/jinghuan/node_40001/db/000090.sst, status: OK
I20230706 10:12:46.605263 3016620 event_listener.cc:138] [event_listener/table_file_created] column family: default, file path: /nvme/jinghuan/node_40001/db/000183.sst, file size: 138731725, job id: 65, reason: compaction, status: OK
I20230706 10:12:48.004971 3016620 event_listener.cc:138] [event_listener/table_file_created] column family: default, file path: /nvme/jinghuan/node_40001/db/000189.sst, file size: 40830299, job id: 65, reason: compaction, status: OK
I20230706 10:12:48.054925 3016622 event_listener.cc:84] [event_listener/flush_begin] column family: default, thread_id: 3016622, job_id: 96, reason: 6
I20230706 10:12:48.072969 3016620 event_listener.cc:71] [event_listener/compaction_completed] column family: default, compaction reason: 1, output compression type: no, base input level(files): 0(10), output level(files): 1(15), input bytes: 1984259691, output bytes:1982882668, is_manual_compaction:no, elapsed(micro): 82032024
I20230706 10:12:48.075274 3016620 event_listener.cc:127] [event_listener/table_file_deleted] db: /nvme/jinghuan/node_40001/db, sst file: /nvme/jinghuan/node_40001/db/000161.sst, status: OK
I20230706 10:12:48.084403 3016620 event_listener.cc:127] [event_listener/table_file_deleted] db: /nvme/jinghuan/node_40001/db, sst file: /nvme/jinghuan/node_40001/db/000157.sst, status: OK
I20230706 10:12:48.102547 3016620 event_listener.cc:127] [event_listener/table_file_deleted] db: /nvme/jinghuan/node_40001/db, sst file: /nvme/jinghuan/node_40001/db/000153.sst, status: OK
I20230706 10:12:48.107218 3016620 event_listener.cc:127] [event_listener/table_file_deleted] db: /nvme/jinghuan/node_40001/db, sst file: /nvme/jinghuan/node_40001/db/000152.sst, status: OK
I20230706 10:12:48.111902 3016620 event_listener.cc:127] [event_listener/table_file_deleted] db: /nvme/jinghuan/node_40001/db, sst file: /nvme/jinghuan/node_40001/db/000147.sst, status: OK
I20230706 10:12:48.118914 3016620 event_listener.cc:127] [event_listener/table_file_deleted] db: /nvme/jinghuan/node_40001/db, sst file: /nvme/jinghuan/node_40001/db/000143.sst, status: OK
I20230706 10:12:48.120954 3016620 event_listener.cc:127] [event_listener/table_file_deleted] db: /nvme/jinghuan/node_40001/db, sst file: /nvme/jinghuan/node_40001/db/000139.sst, status: OK
I20230706 10:12:48.141646 3016620 event_listener.cc:127] [event_listener/table_file_deleted] db: /nvme/jinghuan/node_40001/db, sst file: /nvme/jinghuan/node_40001/db/000137.sst, status: OK
I20230706 10:12:48.147038 3016620 event_listener.cc:127] [event_listener/table_file_deleted] db: /nvme/jinghuan/node_40001/db, sst file: /nvme/jinghuan/node_40001/db/000136.sst, status: OK
I20230706 10:12:48.155198 3016620 event_listener.cc:127] [event_listener/table_file_deleted] db: /nvme/jinghuan/node_40001/db, sst file: /nvme/jinghuan/node_40001/db/000133.sst, status: OK
I20230706 10:12:48.160323 3016620 event_listener.cc:127] [event_listener/table_file_deleted] db: /nvme/jinghuan/node_40001/db, sst file: /nvme/jinghuan/node_40001/db/000129.sst, status: OK
I20230706 10:12:48.167544 3016620 event_listener.cc:127] [event_listener/table_file_deleted] db: /nvme/jinghuan/node_40001/db, sst file: /nvme/jinghuan/node_40001/db/000126.sst, status: OK
I20230706 10:12:49.724934 3016622 event_listener.cc:138] [event_listener/table_file_created] column family: default, file path: /nvme/jinghuan/node_40001/db/000191.sst, file size: 76933967, job id: 96, reason: flush, status: OK
I20230706 10:12:49.741083 3016622 event_listener.cc:91] [event_listener/flush_completed] column family: default, thread_id: 3016622, job_id: 96, file: /nvme/jinghuan/node_40001/db/000191.sst, reason: 6, is_write_slowdown: no, is_write_stall: no, largest seqno: 28566771, smallest seqno: 27903055
I20230706 10:12:53.808466 3016621 event_listener.cc:138] [event_listener/table_file_created] column family: default, file path: /nvme/jinghuan/node_40001/db/000188.sst, file size: 385632486, job id: 95, reason: compaction, status: OK
I20230706 10:12:53.831826 3016621 event_listener.cc:71] [event_listener/compaction_completed] column family: default, compaction reason: 1, output compression type: no, base input level(files): 0(5), output level(files): 0(1), input bytes: 385801622, output bytes:385632486, is_manual_compaction:no, elapsed(micro): 7665275
I20230706 10:12:53.844347 3016621 event_listener.cc:127] [event_listener/table_file_deleted] db: /nvme/jinghuan/node_40001/db, sst file: /nvme/jinghuan/node_40001/db/000182.sst, status: OK
I20230706 10:12:53.849498 3016621 event_listener.cc:127] [event_listener/table_file_deleted] db: /nvme/jinghuan/node_40001/db, sst file: /nvme/jinghuan/node_40001/db/000177.sst, status: OK
I20230706 10:12:53.854056 3016621 event_listener.cc:127] [event_listener/table_file_deleted] db: /nvme/jinghuan/node_40001/db, sst file: /nvme/jinghuan/node_40001/db/000172.sst, status: OK
I20230706 10:12:53.858755 3016621 event_listener.cc:127] [event_listener/table_file_deleted] db: /nvme/jinghuan/node_40001/db, sst file: /nvme/jinghuan/node_40001/db/000168.sst, status: OK
I20230706 10:12:53.864100 3016621 event_listener.cc:127] [event_listener/table_file_deleted] db: /nvme/jinghuan/node_40001/db, sst file: /nvme/jinghuan/node_40001/db/000164.sst, status: OK
I20230706 10:12:53.869628 3016621 event_listener.cc:127] [event_listener/table_file_deleted] db: /nvme/jinghuan/node_40001/db, sst file: /nvme/jinghuan/node_40001/db/000115.sst, status: OK
I20230706 10:12:53.874843 3016621 event_listener.cc:127] [event_listener/table_file_deleted] db: /nvme/jinghuan/node_40001/db, sst file: /nvme/jinghuan/node_40001/db/000112.sst, status: OK
I20230706 10:12:53.880213 3016621 event_listener.cc:127] [event_listener/table_file_deleted] db: /nvme/jinghuan/node_40001/db, sst file: /nvme/jinghuan/node_40001/db/000109.sst, status: OK
I20230706 10:12:53.900430 3016621 event_listener.cc:127] [event_listener/table_file_deleted] db: /nvme/jinghuan/node_40001/db, sst file: /nvme/jinghuan/node_40001/db/000106.sst, status: OK
I20230706 10:12:53.920356 3016621 event_listener.cc:127] [event_listener/table_file_deleted] db: /nvme/jinghuan/node_40001/db, sst file: /nvme/jinghuan/node_40001/db/000095.sst, status: OK
I20230706 10:12:53.939169 3016621 event_listener.cc:127] [event_listener/table_file_deleted] db: /nvme/jinghuan/node_40001/db, sst file: /nvme/jinghuan/node_40001/db/000076.sst, status: OK
I20230706 10:12:53.960502 3016621 event_listener.cc:127] [event_listener/table_file_deleted] db: /nvme/jinghuan/node_40001/db, sst file: /nvme/jinghuan/node_40001/db/000061.sst, status: OK
I20230706 10:12:53.962427 3016621 event_listener.cc:127] [event_listener/table_file_deleted] db: /nvme/jinghuan/node_40001/db, sst file: /nvme/jinghuan/node_40001/db/000059.sst, status: OK
I20230706 10:12:53.984839 3016621 event_listener.cc:127] [event_listener/table_file_deleted] db: /nvme/jinghuan/node_40001/db, sst file: /nvme/jinghuan/node_40001/db/000047.sst, status: OK
I20230706 10:12:53.993624 3016621 event_listener.cc:127] [event_listener/table_file_deleted] db: /nvme/jinghuan/node_40001/db, sst file: /nvme/jinghuan/node_40001/db/000043.sst, status: OK
I20230706 10:12:54.007907 3016621 event_listener.cc:71] [event_listener/compaction_completed] column family: default, compaction reason: 2, output compression type: no, base input level(files): 1(1), output level(files): 2(1), input bytes: 0, output bytes:0, is_manual_compaction:no, elapsed(micro): 0
I20230706 10:12:54.020891 3016621 event_listener.cc:71] [event_listener/compaction_completed] column family: default, compaction reason: 2, output compression type: no, base input level(files): 1(1), output level(files): 2(1), input bytes: 0, output bytes:0, is_manual_compaction:no, elapsed(micro): 0
I20230706 10:12:54.029600 3016621 event_listener.cc:71] [event_listener/compaction_completed] column family: default, compaction reason: 2, output compression type: no, base input level(files): 1(1), output level(files): 2(1), input bytes: 0, output bytes:0, is_manual_compaction:no, elapsed(micro): 0
I20230706 10:12:54.042860 3016621 event_listener.cc:71] [event_listener/compaction_completed] column family: default, compaction reason: 2, output compression type: no, base input level(files): 1(1), output level(files): 2(1), input bytes: 0, output bytes:0, is_manual_compaction:no, elapsed(micro): 0
I20230706 10:12:54.051679 3016621 event_listener.cc:71] [event_listener/compaction_completed] column family: default, compaction reason: 2, output compression type: no, base input level(files): 1(1), output level(files): 2(1), input bytes: 0, output bytes:0, is_manual_compaction:no, elapsed(micro): 0
I20230706 10:12:54.065037 3016621 event_listener.cc:71] [event_listener/compaction_completed] column family: default, compaction reason: 2, output compression type: no, base input level(files): 1(1), output level(files): 2(1), input bytes: 0, output bytes:0, is_manual_compaction:no, elapsed(micro): 0
I20230706 10:12:55.083539 3016623 event_listener.cc:84] [event_listener/flush_begin] column family: default, thread_id: 3016623, job_id: 104, reason: 6
I20230706 10:12:56.812912 3016623 event_listener.cc:138] [event_listener/table_file_created] column family: default, file path: /nvme/jinghuan/node_40001/db/000195.sst, file size: 77575143, job id: 104, reason: flush, status: OK
I20230706 10:12:56.819342 3016623 event_listener.cc:91] [event_listener/flush_completed] column family: default, thread_id: 3016623, job_id: 104, file: /nvme/jinghuan/node_40001/db/000195.sst, reason: 6, is_write_slowdown: no, is_write_stall: no, largest seqno: 29236011, smallest seqno: 28566773
I20230706 10:12:57.124804 3016621 event_listener.cc:138] [event_listener/table_file_created] column family: default, file path: /nvme/jinghuan/node_40001/db/000193.sst, file size: 138649120, job id: 103, reason: compaction, status: OK
I20230706 10:12:59.115537 3016621 event_listener.cc:138] [event_listener/table_file_created] column family: default, file path: /nvme/jinghuan/node_40001/db/000196.sst, file size: 138701362, job id: 103, reason: compaction, status: OK
I20230706 10:13:01.075388 3016621 event_listener.cc:138] [event_listener/table_file_created] column family: default, file path: /nvme/jinghuan/node_40001/db/000198.sst, file size: 138701321, job id: 103, reason: compaction, status: OK
I20230706 10:13:02.030077 3016622 event_listener.cc:84] [event_listener/flush_begin] column family: default, thread_id: 3016622, job_id: 105, reason: 6
I20230706 10:13:03.401832 3016622 event_listener.cc:138] [event_listener/table_file_created] column family: default, file path: /nvme/jinghuan/node_40001/db/000201.sst, file size: 75536960, job id: 105, reason: flush, status: OK
I20230706 10:13:03.414906 3016622 event_listener.cc:91] [event_listener/flush_completed] column family: default, thread_id: 3016622, job_id: 105, file: /nvme/jinghuan/node_40001/db/000201.sst, reason: 6, is_write_slowdown: no, is_write_stall: no, largest seqno: 29887651, smallest seqno: 29236013
I20230706 10:13:04.020395 3016621 event_listener.cc:138] [event_listener/table_file_created] column family: default, file path: /nvme/jinghuan/node_40001/db/000199.sst, file size: 138701355, job id: 103, reason: compaction, status: OK
I20230706 10:13:05.918224 3016621 event_listener.cc:138] [event_listener/table_file_created] column family: default, file path: /nvme/jinghuan/node_40001/db/000202.sst, file size: 138701339, job id: 103, reason: compaction, status: OK
I20230706 10:13:07.835651 3016621 event_listener.cc:138] [event_listener/table_file_created] column family: default, file path: /nvme/jinghuan/node_40001/db/000204.sst, file size: 138715016, job id: 103, reason: compaction, status: OK
I20230706 10:13:08.989948 3016623 event_listener.cc:84] [event_listener/flush_begin] column family: default, thread_id: 3016623, job_id: 106, reason: 6
I20230706 10:13:10.407739 3016623 event_listener.cc:138] [event_listener/table_file_created] column family: default, file path: /nvme/jinghuan/node_40001/db/000207.sst, file size: 77463955, job id: 106, reason: flush, status: OK
I20230706 10:13:10.414060 3016623 event_listener.cc:91] [event_listener/flush_completed] column family: default, thread_id: 3016623, job_id: 106, file: /nvme/jinghuan/node_40001/db/000207.sst, reason: 6, is_write_slowdown: no, is_write_stall: no, largest seqno: 30555956, smallest seqno: 29887653
I20230706 10:13:10.713475 3016621 event_listener.cc:138] [event_listener/table_file_created] column family: default, file path: /nvme/jinghuan/node_40001/db/000205.sst, file size: 138797433, job id: 103, reason: compaction, status: OK
