Log file created at: 2023/04/17 18:19:51
Running on machine: en4217754l
Running duration (h:mm:ss): 0:00:00
Log line format: [IWEF]yyyymmdd hh:mm:ss.uuuuuu threadid file:line] msg
I20230417 18:19:51.388108 534558 main.cc:327] kvrocks unstable (commit 66d8ac8)
I20230417 18:19:51.420708 534558 storage.cc:324] [storage] Success to load the data from disk: 10 ms
I20230417 18:19:51.421094 534558 worker.cc:71] [worker] Listening on: 127.0.0.1:40001
I20230417 18:19:51.421254 534558 worker.cc:71] [worker] Listening on: 127.0.0.1:40001
I20230417 18:19:51.421361 534558 worker.cc:71] [worker] Listening on: 127.0.0.1:40001
I20230417 18:19:51.421468 534558 worker.cc:71] [worker] Listening on: 127.0.0.1:40001
I20230417 18:19:51.421564 534558 worker.cc:71] [worker] Listening on: 127.0.0.1:40001
I20230417 18:19:51.421656 534558 worker.cc:71] [worker] Listening on: 127.0.0.1:40001
I20230417 18:19:51.421751 534558 worker.cc:71] [worker] Listening on: 127.0.0.1:40001
I20230417 18:19:51.421839 534558 worker.cc:71] [worker] Listening on: 127.0.0.1:40001
W20230417 18:19:51.421924 534558 server.cc:1606] [server] Increased maximum number of open files to 14224 (it's originally set to 1024)
I20230417 18:19:51.422108 534558 cluster.cc:597] The cluster nodes file node_40001/nodes.conf is not found. Use CLUSTERX subcommands to specify it.
I20230417 18:19:51.422174 534558 worker.cc:534] [worker] Thread #139922025436928 started
I20230417 18:19:51.422199 534558 worker.cc:534] [worker] Thread #139922033829632 started
I20230417 18:19:51.422240 534558 worker.cc:534] [worker] Thread #139922109363968 started
I20230417 18:19:51.422286 534558 worker.cc:534] [worker] Thread #139922100971264 started
I20230417 18:19:51.422324 534558 worker.cc:534] [worker] Thread #139922092578560 started
I20230417 18:19:51.422369 534558 worker.cc:534] [worker] Thread #139922084185856 started
I20230417 18:19:51.422410 534558 worker.cc:534] [worker] Thread #139922075793152 started
I20230417 18:19:51.422449 534558 worker.cc:534] [worker] Thread #139922067400448 started
I20230417 18:19:51.422570 534558 server.cc:197] [server] Ready to accept connections
I20230417 18:19:52.420504 534708 cluster.cc:260] MASTER MODE enabled by cluster topology setting
I20230417 18:19:53.744261 534574 event_listener.cc:84] [event_listener/flush_begin] column family: default, thread_id: 534574, job_id: 3, reason: 6
W20230417 18:19:54.061251 534709 event_listener.cc:132] [event_listener/stall_cond_changed] column family: default write stall condition was changed, from normal to delay
I20230417 18:19:54.261088 534574 event_listener.cc:138] [event_listener/table_file_created] column family: default, file path: node_40001/db/000016.sst, file size: 93206611, job id: 3, reason: flush, status: OK
I20230417 18:19:54.261370 534574 event_listener.cc:91] [event_listener/flush_completed] column family: default, thread_id: 534574, job_id: 3, file: node_40001/db/000016.sst, reason: 6, is_write_slowdown: no, is_write_stall: no, largest seqno: 817002, smallest seqno: 1
W20230417 18:19:54.261410 534574 event_listener.cc:132] [event_listener/stall_cond_changed] column family: default write stall condition was changed, from delay to normal
I20230417 18:19:54.809399 534575 event_listener.cc:84] [event_listener/flush_begin] column family: default, thread_id: 534575, job_id: 5, reason: 6
I20230417 18:19:55.151401 534572 event_listener.cc:138] [event_listener/table_file_created] column family: default, file path: node_40001/db/000018.sst, file size: 93204559, job id: 4, reason: compaction, status: OK
I20230417 18:19:55.154049 534572 event_listener.cc:71] [event_listener/compaction_completed] column family: default, compaction reason: 11, output compression type: no, base input level(files): 0(1), output level(files): 0(1), input bytes: 93206611, output bytes:93204559, is_manual_compaction:no, elapsed(micro): 889873
W20230417 18:19:55.165102 534711 event_listener.cc:132] [event_listener/stall_cond_changed] column family: default write stall condition was changed, from normal to delay
I20230417 18:19:55.240739 534575 event_listener.cc:138] [event_listener/table_file_created] column family: default, file path: node_40001/db/000020.sst, file size: 90582988, job id: 5, reason: flush, status: OK
I20230417 18:19:55.241024 534575 event_listener.cc:91] [event_listener/flush_completed] column family: default, thread_id: 534575, job_id: 5, file: node_40001/db/000020.sst, reason: 6, is_write_slowdown: no, is_write_stall: no, largest seqno: 1610960, smallest seqno: 817004
I20230417 18:19:55.248692 534575 event_listener.cc:127] [event_listener/table_file_deleted] db: node_40001/db, sst file: node_40001/db/000016.sst, status: OK
W20230417 18:19:55.248716 534575 event_listener.cc:132] [event_listener/stall_cond_changed] column family: default write stall condition was changed, from delay to normal
I20230417 18:19:55.916929 534574 event_listener.cc:84] [event_listener/flush_begin] column family: default, thread_id: 534574, job_id: 6, reason: 6
W20230417 18:19:56.284854 534710 event_listener.cc:132] [event_listener/stall_cond_changed] column family: default write stall condition was changed, from normal to delay
I20230417 18:19:56.348145 534574 event_listener.cc:138] [event_listener/table_file_created] column family: default, file path: node_40001/db/000023.sst, file size: 91430930, job id: 6, reason: flush, status: OK
I20230417 18:19:56.348423 534574 event_listener.cc:91] [event_listener/flush_completed] column family: default, thread_id: 534574, job_id: 6, file: node_40001/db/000023.sst, reason: 6, is_write_slowdown: no, is_write_stall: no, largest seqno: 2412376, smallest seqno: 1610962
W20230417 18:19:56.348461 534574 event_listener.cc:132] [event_listener/stall_cond_changed] column family: default write stall condition was changed, from delay to normal
I20230417 18:19:57.062650 534575 event_listener.cc:84] [event_listener/flush_begin] column family: default, thread_id: 534575, job_id: 8, reason: 6
W20230417 18:19:57.405174 534710 event_listener.cc:132] [event_listener/stall_cond_changed] column family: default write stall condition was changed, from normal to delay
I20230417 18:19:57.441943 534574 event_listener.cc:84] [event_listener/flush_begin] column family: metadata, thread_id: 534574, job_id: 9, reason: 13
I20230417 18:19:57.537011 534575 event_listener.cc:138] [event_listener/table_file_created] column family: default, file path: node_40001/db/000027.sst, file size: 92331932, job id: 8, reason: flush, status: OK
I20230417 18:19:57.537283 534575 event_listener.cc:91] [event_listener/flush_completed] column family: default, thread_id: 534575, job_id: 8, file: node_40001/db/000027.sst, reason: 6, is_write_slowdown: no, is_write_stall: no, largest seqno: 3221657, smallest seqno: 2412378
W20230417 18:19:57.537321 534575 event_listener.cc:132] [event_listener/stall_cond_changed] column family: default write stall condition was changed, from delay to normal
I20230417 18:19:57.620882 534574 event_listener.cc:138] [event_listener/table_file_created] column family: metadata, file path: node_40001/db/000030.sst, file size: 16720945, job id: 9, reason: flush, status: OK
I20230417 18:19:57.621140 534574 event_listener.cc:91] [event_listener/flush_completed] column family: metadata, thread_id: 534574, job_id: 9, file: node_40001/db/000030.sst, reason: 13, is_write_slowdown: no, is_write_stall: no, largest seqno: 3568334, smallest seqno: 11
I20230417 18:19:57.646422 534573 event_listener.cc:138] [event_listener/table_file_created] column family: default, file path: node_40001/db/000025.sst, file size: 137846851, job id: 7, reason: compaction, status: OK
I20230417 18:19:57.686201 534575 event_listener.cc:84] [event_listener/flush_begin] column family: default, thread_id: 534575, job_id: 10, reason: 13
I20230417 18:19:57.997879 534575 event_listener.cc:138] [event_listener/table_file_created] column family: default, file path: node_40001/db/000033.sst, file size: 65232494, job id: 10, reason: flush, status: OK
I20230417 18:19:57.998883 534575 event_listener.cc:91] [event_listener/flush_completed] column family: default, thread_id: 534575, job_id: 10, file: node_40001/db/000033.sst, reason: 13, is_write_slowdown: no, is_write_stall: no, largest seqno: 3793085, smallest seqno: 3221659
I20230417 18:19:58.884722 534574 event_listener.cc:84] [event_listener/flush_begin] column family: default, thread_id: 534574, job_id: 11, reason: 6
I20230417 18:19:59.097254 534573 event_listener.cc:138] [event_listener/table_file_created] column family: default, file path: node_40001/db/000032.sst, file size: 136946541, job id: 7, reason: compaction, status: OK
I20230417 18:19:59.104756 534573 event_listener.cc:71] [event_listener/compaction_completed] column family: default, compaction reason: 1, output compression type: no, base input level(files): 0(3), output level(files): 1(2), input bytes: 275218477, output bytes:274793392, is_manual_compaction:no, elapsed(micro): 2748665
W20230417 18:19:59.205116 534710 event_listener.cc:132] [event_listener/stall_cond_changed] column family: default write stall condition was changed, from normal to delay
I20230417 18:19:59.206158 534572 event_listener.cc:71] [event_listener/compaction_completed] column family: default, compaction reason: 2, output compression type: no, base input level(files): 1(1), output level(files): 2(1), input bytes: 0, output bytes:0, is_manual_compaction:no, elapsed(micro): 0
I20230417 18:19:59.313644 534573 event_listener.cc:138] [event_listener/table_file_created] column family: metadata, file path: node_40001/db/000037.sst, file size: 16720429, job id: 12, reason: compaction, status: OK
I20230417 18:19:59.314666 534573 event_listener.cc:71] [event_listener/compaction_completed] column family: metadata, compaction reason: 11, output compression type: no, base input level(files): 0(1), output level(files): 0(1), input bytes: 16720945, output bytes:16720429, is_manual_compaction:no, elapsed(micro): 208743
I20230417 18:19:59.316144 534573 event_listener.cc:127] [event_listener/table_file_deleted] db: node_40001/db, sst file: node_40001/db/000030.sst, status: OK
I20230417 18:19:59.330699 534574 event_listener.cc:138] [event_listener/table_file_created] column family: default, file path: node_40001/db/000036.sst, file size: 91514825, job id: 11, reason: flush, status: OK
I20230417 18:19:59.330940 534574 event_listener.cc:91] [event_listener/flush_completed] column family: default, thread_id: 534574, job_id: 11, file: node_40001/db/000036.sst, reason: 6, is_write_slowdown: no, is_write_stall: no, largest seqno: 4595249, smallest seqno: 3793087
I20230417 18:19:59.338152 534574 event_listener.cc:127] [event_listener/table_file_deleted] db: node_40001/db, sst file: node_40001/db/000023.sst, status: OK
I20230417 18:19:59.345441 534574 event_listener.cc:127] [event_listener/table_file_deleted] db: node_40001/db, sst file: node_40001/db/000020.sst, status: OK
I20230417 18:19:59.353915 534574 event_listener.cc:127] [event_listener/table_file_deleted] db: node_40001/db, sst file: node_40001/db/000018.sst, status: OK
W20230417 18:19:59.353937 534574 event_listener.cc:132] [event_listener/stall_cond_changed] column family: default write stall condition was changed, from delay to normal
I20230417 18:19:59.951193 534575 event_listener.cc:84] [event_listener/flush_begin] column family: default, thread_id: 534575, job_id: 14, reason: 6
W20230417 18:20:00.301146 534709 event_listener.cc:132] [event_listener/stall_cond_changed] column family: default write stall condition was changed, from normal to delay
I20230417 18:20:00.394124 534575 event_listener.cc:138] [event_listener/table_file_created] column family: default, file path: node_40001/db/000040.sst, file size: 90621347, job id: 14, reason: flush, status: OK
I20230417 18:20:00.394408 534575 event_listener.cc:91] [event_listener/flush_completed] column family: default, thread_id: 534575, job_id: 14, file: node_40001/db/000040.sst, reason: 6, is_write_slowdown: no, is_write_stall: no, largest seqno: 5389570, smallest seqno: 4595251
W20230417 18:20:00.394559 534575 event_listener.cc:132] [event_listener/stall_cond_changed] column family: default write stall condition was changed, from delay to normal
I20230417 18:20:01.047561 534574 event_listener.cc:84] [event_listener/flush_begin] column family: default, thread_id: 534574, job_id: 16, reason: 6
W20230417 18:20:01.405495 534710 event_listener.cc:132] [event_listener/stall_cond_changed] column family: default write stall condition was changed, from normal to delay
I20230417 18:20:01.480749 534574 event_listener.cc:138] [event_listener/table_file_created] column family: default, file path: node_40001/db/000044.sst, file size: 91909817, job id: 16, reason: flush, status: OK
I20230417 18:20:01.481073 534574 event_listener.cc:91] [event_listener/flush_completed] column family: default, thread_id: 534574, job_id: 16, file: node_40001/db/000044.sst, reason: 6, is_write_slowdown: no, is_write_stall: no, largest seqno: 6195177, smallest seqno: 5389572
W20230417 18:20:01.481135 534574 event_listener.cc:132] [event_listener/stall_cond_changed] column family: default write stall condition was changed, from delay to normal
I20230417 18:20:01.752339 534572 event_listener.cc:138] [event_listener/table_file_created] column family: default, file path: node_40001/db/000042.sst, file size: 137850280, job id: 15, reason: compaction, status: OK
I20230417 18:20:02.140718 534575 event_listener.cc:84] [event_listener/flush_begin] column family: default, thread_id: 534575, job_id: 17, reason: 6
I20230417 18:20:02.176689 534574 event_listener.cc:84] [event_listener/flush_begin] column family: metadata, thread_id: 534574, job_id: 18, reason: 13
I20230417 18:20:02.355216 534574 event_listener.cc:138] [event_listener/table_file_created] column family: metadata, file path: node_40001/db/000050.sst, file size: 16717263, job id: 18, reason: flush, status: OK
I20230417 18:20:02.355638 534574 event_listener.cc:91] [event_listener/flush_completed] column family: metadata, thread_id: 534574, job_id: 18, file: node_40001/db/000050.sst, reason: 13, is_write_slowdown: no, is_write_stall: no, largest seqno: 7135832, smallest seqno: 3568345
W20230417 18:20:02.491721 534707 event_listener.cc:132] [event_listener/stall_cond_changed] column family: default write stall condition was changed, from normal to delay
I20230417 18:20:02.575134 534575 event_listener.cc:138] [event_listener/table_file_created] column family: default, file path: node_40001/db/000049.sst, file size: 92070683, job id: 17, reason: flush, status: OK
I20230417 18:20:02.576021 534575 event_listener.cc:91] [event_listener/flush_completed] column family: default, thread_id: 534575, job_id: 17, file: node_40001/db/000049.sst, reason: 6, is_write_slowdown: no, is_write_stall: no, largest seqno: 7002247, smallest seqno: 6195179
W20230417 18:20:02.576117 534575 event_listener.cc:132] [event_listener/stall_cond_changed] column family: default write stall condition was changed, from delay to normal
I20230417 18:20:03.193979 534574 event_listener.cc:84] [event_listener/flush_begin] column family: default, thread_id: 534574, job_id: 19, reason: 6
I20230417 18:20:03.227931 534572 event_listener.cc:138] [event_listener/table_file_created] column family: default, file path: node_40001/db/000046.sst, file size: 137860172, job id: 15, reason: compaction, status: OK
I20230417 18:20:03.631481 534574 event_listener.cc:138] [event_listener/table_file_created] column family: default, file path: node_40001/db/000053.sst, file size: 91222857, job id: 19, reason: flush, status: OK
I20230417 18:20:03.633968 534574 event_listener.cc:91] [event_listener/flush_completed] column family: default, thread_id: 534574, job_id: 19, file: node_40001/db/000053.sst, reason: 6, is_write_slowdown: no, is_write_stall: no, largest seqno: 7801870, smallest seqno: 7002249
I20230417 18:20:04.481338 534575 event_listener.cc:84] [event_listener/flush_begin] column family: default, thread_id: 534575, job_id: 20, reason: 6
I20230417 18:20:04.736323 534572 event_listener.cc:138] [event_listener/table_file_created] column family: default, file path: node_40001/db/000054.sst, file size: 137855948, job id: 15, reason: compaction, status: OK
W20230417 18:20:04.916132 534709 event_listener.cc:132] [event_listener/stall_cond_changed] column family: default write stall condition was changed, from normal to delay
I20230417 18:20:04.960839 534575 event_listener.cc:138] [event_listener/table_file_created] column family: default, file path: node_40001/db/000057.sst, file size: 93106034, job id: 20, reason: flush, status: OK
I20230417 18:20:04.961127 534575 event_listener.cc:91] [event_listener/flush_completed] column family: default, thread_id: 534575, job_id: 20, file: node_40001/db/000057.sst, reason: 6, is_write_slowdown: no, is_write_stall: no, largest seqno: 8617982, smallest seqno: 7801872
W20230417 18:20:04.961275 534575 event_listener.cc:132] [event_listener/stall_cond_changed] column family: default write stall condition was changed, from delay to normal
I20230417 18:20:05.387363 534572 event_listener.cc:138] [event_listener/table_file_created] column family: default, file path: node_40001/db/000058.sst, file size: 62284389, job id: 15, reason: compaction, status: OK
I20230417 18:20:05.398092 534572 event_listener.cc:71] [event_listener/compaction_completed] column family: default, compaction reason: 1, output compression type: no, base input level(files): 0(5), output level(files): 1(4), input bytes: 476647139, output bytes:475850789, is_manual_compaction:no, elapsed(micro): 4992757
I20230417 18:20:05.716322 534574 event_listener.cc:84] [event_listener/flush_begin] column family: default, thread_id: 534574, job_id: 23, reason: 6
W20230417 18:20:06.138381 534707 event_listener.cc:132] [event_listener/stall_cond_changed] column family: default write stall condition was changed, from normal to delay
I20230417 18:20:06.139406 534572 event_listener.cc:71] [event_listener/compaction_completed] column family: default, compaction reason: 2, output compression type: no, base input level(files): 1(1), output level(files): 2(1), input bytes: 0, output bytes:0, is_manual_compaction:no, elapsed(micro): 0
I20230417 18:20:06.140300 534572 event_listener.cc:71] [event_listener/compaction_completed] column family: default, compaction reason: 2, output compression type: no, base input level(files): 1(1), output level(files): 2(1), input bytes: 0, output bytes:0, is_manual_compaction:no, elapsed(micro): 0
I20230417 18:20:06.151352 534574 event_listener.cc:138] [event_listener/table_file_created] column family: default, file path: node_40001/db/000062.sst, file size: 92524784, job id: 23, reason: flush, status: OK
I20230417 18:20:06.151599 534574 event_listener.cc:91] [event_listener/flush_completed] column family: default, thread_id: 534574, job_id: 23, file: node_40001/db/000062.sst, reason: 6, is_write_slowdown: no, is_write_stall: no, largest seqno: 9429067, smallest seqno: 8617984
W20230417 18:20:06.151640 534574 event_listener.cc:132] [event_listener/stall_cond_changed] column family: default write stall condition was changed, from delay to normal
I20230417 18:20:06.958011 534575 event_listener.cc:84] [event_listener/flush_begin] column family: default, thread_id: 534575, job_id: 27, reason: 6
W20230417 18:20:07.419889 534710 event_listener.cc:132] [event_listener/stall_cond_changed] column family: default write stall condition was changed, from normal to delay
I20230417 18:20:07.452433 534575 event_listener.cc:138] [event_listener/table_file_created] column family: default, file path: node_40001/db/000066.sst, file size: 91716287, job id: 27, reason: flush, status: OK
I20230417 18:20:07.452723 534575 event_listener.cc:91] [event_listener/flush_completed] column family: default, thread_id: 534575, job_id: 27, file: node_40001/db/000066.sst, reason: 6, is_write_slowdown: no, is_write_stall: no, largest seqno: 10233057, smallest seqno: 9429069
W20230417 18:20:07.452762 534575 event_listener.cc:132] [event_listener/stall_cond_changed] column family: default write stall condition was changed, from delay to normal
I20230417 18:20:07.645705 534574 event_listener.cc:84] [event_listener/flush_begin] column family: metadata, thread_id: 534574, job_id: 28, reason: 13
I20230417 18:20:07.695468 534572 event_listener.cc:138] [event_listener/table_file_created] column family: default, file path: node_40001/db/000064.sst, file size: 137864601, job id: 26, reason: compaction, status: OK
I20230417 18:20:07.824486 534574 event_listener.cc:138] [event_listener/table_file_created] column family: metadata, file path: node_40001/db/000069.sst, file size: 16719780, job id: 28, reason: flush, status: OK
I20230417 18:20:07.824921 534574 event_listener.cc:91] [event_listener/flush_completed] column family: metadata, thread_id: 534574, job_id: 28, file: node_40001/db/000069.sst, reason: 13, is_write_slowdown: no, is_write_stall: no, largest seqno: 10703858, smallest seqno: 7135843
I20230417 18:20:08.121438 534575 event_listener.cc:84] [event_listener/flush_begin] column family: default, thread_id: 534575, job_id: 29, reason: 6
I20230417 18:20:08.565596 534575 event_listener.cc:138] [event_listener/table_file_created] column family: default, file path: node_40001/db/000072.sst, file size: 92727054, job id: 29, reason: flush, status: OK
I20230417 18:20:08.566212 534575 event_listener.cc:91] [event_listener/flush_completed] column family: default, thread_id: 534575, job_id: 29, file: node_40001/db/000072.sst, reason: 6, is_write_slowdown: no, is_write_stall: no, largest seqno: 11046001, smallest seqno: 10233059
I20230417 18:20:08.822593 534573 event_listener.cc:138] [event_listener/table_file_created] column family: default, file path: node_40001/db/000060.sst, file size: 367693495, job id: 22, reason: compaction, status: OK
I20230417 18:20:08.837915 534573 event_listener.cc:71] [event_listener/compaction_completed] column family: default, compaction reason: 1, output compression type: no, base input level(files): 0(4), output level(files): 0(1), input bytes: 368309391, output bytes:367693495, is_manual_compaction:no, elapsed(micro): 3861330
I20230417 18:20:08.849170 534573 event_listener.cc:127] [event_listener/table_file_deleted] db: node_40001/db, sst file: node_40001/db/000040.sst, status: OK
I20230417 18:20:08.860051 534573 event_listener.cc:127] [event_listener/table_file_deleted] db: node_40001/db, sst file: node_40001/db/000036.sst, status: OK
I20230417 18:20:08.868263 534573 event_listener.cc:127] [event_listener/table_file_deleted] db: node_40001/db, sst file: node_40001/db/000033.sst, status: OK
I20230417 18:20:08.884945 534573 event_listener.cc:127] [event_listener/table_file_deleted] db: node_40001/db, sst file: node_40001/db/000032.sst, status: OK
I20230417 18:20:08.896556 534573 event_listener.cc:127] [event_listener/table_file_deleted] db: node_40001/db, sst file: node_40001/db/000027.sst, status: OK
I20230417 18:20:09.209976 534572 event_listener.cc:138] [event_listener/table_file_created] column family: default, file path: node_40001/db/000070.sst, file size: 137843630, job id: 26, reason: compaction, status: OK
I20230417 18:20:09.438417 534574 event_listener.cc:84] [event_listener/flush_begin] column family: default, thread_id: 534574, job_id: 30, reason: 6
W20230417 18:20:09.844959 534709 event_listener.cc:132] [event_listener/stall_cond_changed] column family: default write stall condition was changed, from normal to delay
I20230417 18:20:09.872643 534574 event_listener.cc:138] [event_listener/table_file_created] column family: default, file path: node_40001/db/000076.sst, file size: 91345682, job id: 30, reason: flush, status: OK
I20230417 18:20:09.873150 534574 event_listener.cc:91] [event_listener/flush_completed] column family: default, thread_id: 534574, job_id: 30, file: node_40001/db/000076.sst, reason: 6, is_write_slowdown: no, is_write_stall: no, largest seqno: 11846702, smallest seqno: 11046003
W20230417 18:20:09.873199 534574 event_listener.cc:132] [event_listener/stall_cond_changed] column family: default write stall condition was changed, from delay to normal
I20230417 18:20:10.590749 534575 event_listener.cc:84] [event_listener/flush_begin] column family: default, thread_id: 534575, job_id: 32, reason: 6
I20230417 18:20:10.843696 534572 event_listener.cc:138] [event_listener/table_file_created] column family: default, file path: node_40001/db/000074.sst, file size: 137686727, job id: 26, reason: compaction, status: OK
I20230417 18:20:10.852957 534572 event_listener.cc:71] [event_listener/compaction_completed] column family: default, compaction reason: 2, output compression type: no, base input level(files): 1(3), output level(files): 2(3), input bytes: 413557303, output bytes:413394958, is_manual_compaction:no, elapsed(micro): 4703324
I20230417 18:20:10.861639 534572 event_listener.cc:127] [event_listener/table_file_deleted] db: node_40001/db, sst file: node_40001/db/000057.sst, status: OK
I20230417 18:20:10.870030 534572 event_listener.cc:127] [event_listener/table_file_deleted] db: node_40001/db, sst file: node_40001/db/000053.sst, status: OK
I20230417 18:20:10.878305 534572 event_listener.cc:127] [event_listener/table_file_deleted] db: node_40001/db, sst file: node_40001/db/000049.sst, status: OK
I20230417 18:20:10.886716 534572 event_listener.cc:127] [event_listener/table_file_deleted] db: node_40001/db, sst file: node_40001/db/000044.sst, status: OK
W20230417 18:20:10.957062 534709 event_listener.cc:132] [event_listener/stall_cond_changed] column family: default write stall condition was changed, from normal to delay
I20230417 18:20:11.018487 534575 event_listener.cc:138] [event_listener/table_file_created] column family: default, file path: node_40001/db/000080.sst, file size: 92143741, job id: 32, reason: flush, status: OK
I20230417 18:20:11.018755 534575 event_listener.cc:91] [event_listener/flush_completed] column family: default, thread_id: 534575, job_id: 32, file: node_40001/db/000080.sst, reason: 6, is_write_slowdown: no, is_write_stall: no, largest seqno: 12654399, smallest seqno: 11846704
W20230417 18:20:11.018795 534575 event_listener.cc:132] [event_listener/stall_cond_changed] column family: default write stall condition was changed, from delay to normal
I20230417 18:20:11.370049 534573 event_listener.cc:138] [event_listener/table_file_created] column family: default, file path: node_40001/db/000078.sst, file size: 137853964, job id: 31, reason: compaction, status: OK
I20230417 18:20:11.374064 534573 event_listener.cc:71] [event_listener/compaction_completed] column family: default, compaction reason: 11, output compression type: no, base input level(files): 2(1), output level(files): 2(1), input bytes: 137855948, output bytes:137853964, is_manual_compaction:no, elapsed(micro): 1525045
I20230417 18:20:11.384346 534573 event_listener.cc:127] [event_listener/table_file_deleted] db: node_40001/db, sst file: node_40001/db/000046.sst, status: OK
I20230417 18:20:11.394342 534573 event_listener.cc:127] [event_listener/table_file_deleted] db: node_40001/db, sst file: node_40001/db/000042.sst, status: OK
I20230417 18:20:11.405138 534573 event_listener.cc:127] [event_listener/table_file_deleted] db: node_40001/db, sst file: node_40001/db/000025.sst, status: OK
I20230417 18:20:11.700453 534574 event_listener.cc:84] [event_listener/flush_begin] column family: default, thread_id: 534574, job_id: 34, reason: 6
W20230417 18:20:12.087539 534709 event_listener.cc:132] [event_listener/stall_cond_changed] column family: default write stall condition was changed, from normal to delay
I20230417 18:20:12.124598 534574 event_listener.cc:138] [event_listener/table_file_created] column family: default, file path: node_40001/db/000084.sst, file size: 90678683, job id: 34, reason: flush, status: OK
I20230417 18:20:12.124863 534574 event_listener.cc:91] [event_listener/flush_completed] column family: default, thread_id: 534574, job_id: 34, file: node_40001/db/000084.sst, reason: 6, is_write_slowdown: no, is_write_stall: no, largest seqno: 13449281, smallest seqno: 12654401
W20230417 18:20:12.124902 534574 event_listener.cc:132] [event_listener/stall_cond_changed] column family: default write stall condition was changed, from delay to normal
I20230417 18:20:12.448688 534572 event_listener.cc:138] [event_listener/table_file_created] column family: default, file path: node_40001/db/000082.sst, file size: 137860335, job id: 33, reason: compaction, status: OK
I20230417 18:20:12.782348 534573 event_listener.cc:138] [event_listener/table_file_created] column family: default, file path: node_40001/db/000086.sst, file size: 62281829, job id: 35, reason: compaction, status: OK
I20230417 18:20:12.862105 534573 event_listener.cc:71] [event_listener/compaction_completed] column family: default, compaction reason: 11, output compression type: no, base input level(files): 2(1), output level(files): 2(1), input bytes: 62284389, output bytes:62281829, is_manual_compaction:no, elapsed(micro): 694826
I20230417 18:20:12.875905 534575 event_listener.cc:84] [event_listener/flush_begin] column family: default, thread_id: 534575, job_id: 36, reason: 6
I20230417 18:20:12.876610 534574 event_listener.cc:84] [event_listener/flush_begin] column family: metadata, thread_id: 534574, job_id: 37, reason: 13
I20230417 18:20:13.062420 534574 event_listener.cc:138] [event_listener/table_file_created] column family: metadata, file path: node_40001/db/000091.sst, file size: 16719245, job id: 37, reason: flush, status: OK
I20230417 18:20:13.063017 534574 event_listener.cc:91] [event_listener/flush_completed] column family: metadata, thread_id: 534574, job_id: 37, file: node_40001/db/000091.sst, reason: 13, is_write_slowdown: no, is_write_stall: no, largest seqno: 14271565, smallest seqno: 10703869
W20230417 18:20:13.215054 534710 event_listener.cc:132] [event_listener/stall_cond_changed] column family: default write stall condition was changed, from normal to delay
I20230417 18:20:13.316653 534575 event_listener.cc:138] [event_listener/table_file_created] column family: default, file path: node_40001/db/000090.sst, file size: 93485949, job id: 36, reason: flush, status: OK
I20230417 18:20:13.316942 534575 event_listener.cc:91] [event_listener/flush_completed] column family: default, thread_id: 534575, job_id: 36, file: node_40001/db/000090.sst, reason: 6, is_write_slowdown: no, is_write_stall: no, largest seqno: 14268792, smallest seqno: 13449283
W20230417 18:20:13.317035 534575 event_listener.cc:132] [event_listener/stall_cond_changed] column family: default write stall condition was changed, from delay to normal
I20230417 18:20:13.965320 534574 event_listener.cc:84] [event_listener/flush_begin] column family: default, thread_id: 534574, job_id: 39, reason: 6
I20230417 18:20:14.018566 534572 event_listener.cc:138] [event_listener/table_file_created] column family: default, file path: node_40001/db/000087.sst, file size: 137864277, job id: 33, reason: compaction, status: OK
I20230417 18:20:14.263689 534573 event_listener.cc:138] [event_listener/table_file_created] column family: metadata, file path: node_40001/db/000093.sst, file size: 65925258, job id: 38, reason: compaction, status: OK
I20230417 18:20:14.265996 534573 event_listener.cc:71] [event_listener/compaction_completed] column family: metadata, compaction reason: 1, output compression type: no, base input level(files): 0(4), output level(files): 1(1), input bytes: 66876717, output bytes:65925258, is_manual_compaction:no, elapsed(micro): 1048593
I20230417 18:20:14.267619 534573 event_listener.cc:127] [event_listener/table_file_deleted] db: node_40001/db, sst file: node_40001/db/000069.sst, status: OK
I20230417 18:20:14.269114 534573 event_listener.cc:127] [event_listener/table_file_deleted] db: node_40001/db, sst file: node_40001/db/000050.sst, status: OK
I20230417 18:20:14.270530 534573 event_listener.cc:127] [event_listener/table_file_deleted] db: node_40001/db, sst file: node_40001/db/000037.sst, status: OK
W20230417 18:20:14.323319 534711 event_listener.cc:132] [event_listener/stall_cond_changed] column family: default write stall condition was changed, from normal to delay
I20230417 18:20:14.390440 534574 event_listener.cc:138] [event_listener/table_file_created] column family: default, file path: node_40001/db/000095.sst, file size: 91063061, job id: 39, reason: flush, status: OK
I20230417 18:20:14.390746 534574 event_listener.cc:91] [event_listener/flush_completed] column family: default, thread_id: 534574, job_id: 39, file: node_40001/db/000095.sst, reason: 6, is_write_slowdown: no, is_write_stall: no, largest seqno: 15067007, smallest seqno: 14268794
W20230417 18:20:14.390864 534574 event_listener.cc:132] [event_listener/stall_cond_changed] column family: default write stall condition was changed, from delay to normal
I20230417 18:20:15.066720 534575 event_listener.cc:84] [event_listener/flush_begin] column family: default, thread_id: 534575, job_id: 43, reason: 6
W20230417 18:20:15.417392 534710 event_listener.cc:132] [event_listener/stall_cond_changed] column family: default write stall condition was changed, from normal to delay
I20230417 18:20:15.487388 534575 event_listener.cc:138] [event_listener/table_file_created] column family: default, file path: node_40001/db/000100.sst, file size: 91758154, job id: 43, reason: flush, status: OK
I20230417 18:20:15.487663 534575 event_listener.cc:91] [event_listener/flush_completed] column family: default, thread_id: 534575, job_id: 43, file: node_40001/db/000100.sst, reason: 6, is_write_slowdown: no, is_write_stall: no, largest seqno: 15871360, smallest seqno: 15067009
W20230417 18:20:15.487699 534575 event_listener.cc:132] [event_listener/stall_cond_changed] column family: default write stall condition was changed, from delay to normal
I20230417 18:20:15.599658 534572 event_listener.cc:138] [event_listener/table_file_created] column family: default, file path: node_40001/db/000096.sst, file size: 137857516, job id: 33, reason: compaction, status: OK
I20230417 18:20:16.178623 534574 event_listener.cc:84] [event_listener/flush_begin] column family: default, thread_id: 534574, job_id: 44, reason: 6
W20230417 18:20:16.535068 534710 event_listener.cc:132] [event_listener/stall_cond_changed] column family: default write stall condition was changed, from normal to delay
I20230417 18:20:16.591825 534574 event_listener.cc:138] [event_listener/table_file_created] column family: default, file path: node_40001/db/000104.sst, file size: 91039201, job id: 44, reason: flush, status: OK
I20230417 18:20:16.594358 534574 event_listener.cc:91] [event_listener/flush_completed] column family: default, thread_id: 534574, job_id: 44, file: node_40001/db/000104.sst, reason: 6, is_write_slowdown: no, is_write_stall: no, largest seqno: 16669388, smallest seqno: 15871362
W20230417 18:20:16.594398 534574 event_listener.cc:132] [event_listener/stall_cond_changed] column family: default write stall condition was changed, from delay to normal
I20230417 18:20:17.301975 534575 event_listener.cc:84] [event_listener/flush_begin] column family: default, thread_id: 534575, job_id: 45, reason: 6
I20230417 18:20:17.302251 534572 event_listener.cc:138] [event_listener/table_file_created] column family: default, file path: node_40001/db/000102.sst, file size: 137861130, job id: 33, reason: compaction, status: OK
W20230417 18:20:17.671838 534711 event_listener.cc:132] [event_listener/stall_cond_changed] column family: default write stall condition was changed, from normal to delay
I20230417 18:20:17.710088 534574 event_listener.cc:84] [event_listener/flush_begin] column family: metadata, thread_id: 534574, job_id: 46, reason: 13
I20230417 18:20:17.767037 534575 event_listener.cc:138] [event_listener/table_file_created] column family: default, file path: node_40001/db/000107.sst, file size: 92586285, job id: 45, reason: flush, status: OK
I20230417 18:20:17.767349 534575 event_listener.cc:91] [event_listener/flush_completed] column family: default, thread_id: 534575, job_id: 45, file: node_40001/db/000107.sst, reason: 6, is_write_slowdown: no, is_write_stall: no, largest seqno: 17481089, smallest seqno: 16669390
W20230417 18:20:17.767386 534575 event_listener.cc:132] [event_listener/stall_cond_changed] column family: default write stall condition was changed, from delay to normal
I20230417 18:20:17.881536 534574 event_listener.cc:138] [event_listener/table_file_created] column family: metadata, file path: node_40001/db/000111.sst, file size: 16715477, job id: 46, reason: flush, status: OK
I20230417 18:20:17.881780 534574 event_listener.cc:91] [event_listener/flush_completed] column family: metadata, thread_id: 534574, job_id: 46, file: node_40001/db/000111.sst, reason: 13, is_write_slowdown: no, is_write_stall: no, largest seqno: 17838744, smallest seqno: 14271576
I20230417 18:20:18.322624 534575 event_listener.cc:84] [event_listener/flush_begin] column family: default, thread_id: 534575, job_id: 47, reason: 6
I20230417 18:20:18.569553 534573 event_listener.cc:138] [event_listener/table_file_created] column family: default, file path: node_40001/db/000098.sst, file size: 366779846, job id: 42, reason: compaction, status: OK
I20230417 18:20:18.582661 534573 event_listener.cc:71] [event_listener/compaction_completed] column family: default, compaction reason: 1, output compression type: no, base input level(files): 0(4), output level(files): 0(1), input bytes: 367371434, output bytes:366779846, is_manual_compaction:no, elapsed(micro): 4178719
I20230417 18:20:18.776831 534575 event_listener.cc:138] [event_listener/table_file_created] column family: default, file path: node_40001/db/000113.sst, file size: 91400742, job id: 47, reason: flush, status: OK
I20230417 18:20:18.777109 534575 event_listener.cc:91] [event_listener/flush_completed] column family: default, thread_id: 534575, job_id: 47, file: node_40001/db/000113.sst, reason: 6, is_write_slowdown: no, is_write_stall: no, largest seqno: 18282340, smallest seqno: 17481091
I20230417 18:20:18.784497 534575 event_listener.cc:127] [event_listener/table_file_deleted] db: node_40001/db, sst file: node_40001/db/000080.sst, status: OK
I20230417 18:20:18.914548 534572 event_listener.cc:138] [event_listener/table_file_created] column family: default, file path: node_40001/db/000108.sst, file size: 137846664, job id: 33, reason: compaction, status: OK
I20230417 18:20:19.547356 534572 event_listener.cc:138] [event_listener/table_file_created] column family: default, file path: node_40001/db/000116.sst, file size: 45694927, job id: 33, reason: compaction, status: OK
I20230417 18:20:19.551113 534574 event_listener.cc:84] [event_listener/flush_begin] column family: default, thread_id: 534574, job_id: 50, reason: 6
I20230417 18:20:19.573299 534572 event_listener.cc:71] [event_listener/compaction_completed] column family: default, compaction reason: 1, output compression type: no, base input level(files): 0(5), output level(files): 1(6), input bytes: 736007302, output bytes:734984849, is_manual_compaction:no, elapsed(micro): 8590805
I20230417 18:20:19.581107 534572 event_listener.cc:127] [event_listener/table_file_deleted] db: node_40001/db, sst file: node_40001/db/000095.sst, status: OK
I20230417 18:20:19.582659 534572 event_listener.cc:127] [event_listener/table_file_deleted] db: node_40001/db, sst file: node_40001/db/000091.sst, status: OK
I20230417 18:20:19.590220 534572 event_listener.cc:127] [event_listener/table_file_deleted] db: node_40001/db, sst file: node_40001/db/000090.sst, status: OK
I20230417 18:20:19.598373 534572 event_listener.cc:127] [event_listener/table_file_deleted] db: node_40001/db, sst file: node_40001/db/000084.sst, status: OK
I20230417 18:20:19.602403 534572 event_listener.cc:127] [event_listener/table_file_deleted] db: node_40001/db, sst file: node_40001/db/000058.sst, status: OK
I20230417 18:20:19.611713 534572 event_listener.cc:127] [event_listener/table_file_deleted] db: node_40001/db, sst file: node_40001/db/000054.sst, status: OK
W20230417 18:20:19.912732 534710 event_listener.cc:132] [event_listener/stall_cond_changed] column family: default write stall condition was changed, from normal to delay
I20230417 18:20:19.975857 534574 event_listener.cc:138] [event_listener/table_file_created] column family: default, file path: node_40001/db/000118.sst, file size: 92641177, job id: 50, reason: flush, status: OK
I20230417 18:20:19.976119 534574 event_listener.cc:91] [event_listener/flush_completed] column family: default, thread_id: 534574, job_id: 50, file: node_40001/db/000118.sst, reason: 6, is_write_slowdown: no, is_write_stall: no, largest seqno: 19094349, smallest seqno: 18282342
W20230417 18:20:19.976156 534574 event_listener.cc:132] [event_listener/stall_cond_changed] column family: default write stall condition was changed, from delay to normal
I20230417 18:20:20.674239 534575 event_listener.cc:84] [event_listener/flush_begin] column family: default, thread_id: 534575, job_id: 52, reason: 6
W20230417 18:20:21.032498 534710 event_listener.cc:132] [event_listener/stall_cond_changed] column family: default write stall condition was changed, from normal to delay
I20230417 18:20:21.102433 534575 event_listener.cc:138] [event_listener/table_file_created] column family: default, file path: node_40001/db/000122.sst, file size: 92676060, job id: 52, reason: flush, status: OK
I20230417 18:20:21.102715 534575 event_listener.cc:91] [event_listener/flush_completed] column family: default, thread_id: 534575, job_id: 52, file: node_40001/db/000122.sst, reason: 6, is_write_slowdown: no, is_write_stall: no, largest seqno: 19906776, smallest seqno: 19094351
W20230417 18:20:21.102754 534575 event_listener.cc:132] [event_listener/stall_cond_changed] column family: default write stall condition was changed, from delay to normal
I20230417 18:20:21.541662 534572 event_listener.cc:138] [event_listener/table_file_created] column family: default, file path: node_40001/db/000120.sst, file size: 137862897, job id: 51, reason: compaction, status: OK
I20230417 18:20:21.784374 534574 event_listener.cc:84] [event_listener/flush_begin] column family: default, thread_id: 534574, job_id: 53, reason: 6
W20230417 18:20:22.157569 534707 event_listener.cc:132] [event_listener/stall_cond_changed] column family: default write stall condition was changed, from normal to delay
I20230417 18:20:22.204756 534574 event_listener.cc:138] [event_listener/table_file_created] column family: default, file path: node_40001/db/000126.sst, file size: 91658551, job id: 53, reason: flush, status: OK
I20230417 18:20:22.205037 534574 event_listener.cc:91] [event_listener/flush_completed] column family: default, thread_id: 534574, job_id: 53, file: node_40001/db/000126.sst, reason: 6, is_write_slowdown: no, is_write_stall: no, largest seqno: 20710282, smallest seqno: 19906778
W20230417 18:20:22.205072 534574 event_listener.cc:132] [event_listener/stall_cond_changed] column family: default write stall condition was changed, from delay to normal
I20230417 18:20:22.680449 534573 event_listener.cc:138] [event_listener/table_file_created] column family: default, file path: node_40001/db/000114.sst, file size: 366196867, job id: 49, reason: compaction, status: OK
I20230417 18:20:22.744827 534573 event_listener.cc:71] [event_listener/compaction_completed] column family: default, compaction reason: 1, output compression type: no, base input level(files): 0(4), output level(files): 0(1), input bytes: 366784382, output bytes:366196867, is_manual_compaction:no, elapsed(micro): 3903245
I20230417 18:20:22.747483 534575 event_listener.cc:84] [event_listener/flush_begin] column family: metadata, thread_id: 534575, job_id: 54, reason: 13
I20230417 18:20:22.752553 534573 event_listener.cc:127] [event_listener/table_file_deleted] db: node_40001/db, sst file: node_40001/db/000076.sst, status: OK
I20230417 18:20:22.760597 534573 event_listener.cc:127] [event_listener/table_file_deleted] db: node_40001/db, sst file: node_40001/db/000072.sst, status: OK
I20230417 18:20:22.768056 534573 event_listener.cc:127] [event_listener/table_file_deleted] db: node_40001/db, sst file: node_40001/db/000066.sst, status: OK
I20230417 18:20:22.770897 534574 event_listener.cc:84] [event_listener/flush_begin] column family: default, thread_id: 534574, job_id: 55, reason: 6
I20230417 18:20:22.774482 534573 event_listener.cc:127] [event_listener/table_file_deleted] db: node_40001/db, sst file: node_40001/db/000062.sst, status: OK
I20230417 18:20:22.802258 534573 event_listener.cc:127] [event_listener/table_file_deleted] db: node_40001/db, sst file: node_40001/db/000060.sst, status: OK
I20230417 18:20:22.912763 534575 event_listener.cc:138] [event_listener/table_file_created] column family: metadata, file path: node_40001/db/000130.sst, file size: 16714872, job id: 54, reason: flush, status: OK
I20230417 18:20:22.913007 534575 event_listener.cc:91] [event_listener/flush_completed] column family: metadata, thread_id: 534575, job_id: 54, file: node_40001/db/000130.sst, reason: 13, is_write_slowdown: no, is_write_stall: no, largest seqno: 21405670, smallest seqno: 17838755
I20230417 18:20:23.215305 534574 event_listener.cc:138] [event_listener/table_file_created] column family: default, file path: node_40001/db/000131.sst, file size: 91315518, job id: 55, reason: flush, status: OK
I20230417 18:20:23.215580 534574 event_listener.cc:91] [event_listener/flush_completed] column family: default, thread_id: 534574, job_id: 55, file: node_40001/db/000131.sst, reason: 6, is_write_slowdown: no, is_write_stall: no, largest seqno: 21510708, smallest seqno: 20710284
I20230417 18:20:23.227902 534572 event_listener.cc:138] [event_listener/table_file_created] column family: default, file path: node_40001/db/000124.sst, file size: 137743873, job id: 51, reason: compaction, status: OK
I20230417 18:20:23.233873 534572 event_listener.cc:71] [event_listener/compaction_completed] column family: default, compaction reason: 2, output compression type: no, base input level(files): 1(2), output level(files): 2(2), input bytes: 275724936, output bytes:275606770, is_manual_compaction:no, elapsed(micro): 3315123
I20230417 18:20:23.240885 534572 event_listener.cc:127] [event_listener/table_file_deleted] db: node_40001/db, sst file: node_40001/db/000113.sst, status: OK
I20230417 18:20:23.248229 534572 event_listener.cc:127] [event_listener/table_file_deleted] db: node_40001/db, sst file: node_40001/db/000107.sst, status: OK
I20230417 18:20:23.255818 534572 event_listener.cc:127] [event_listener/table_file_deleted] db: node_40001/db, sst file: node_40001/db/000104.sst, status: OK
I20230417 18:20:23.263106 534572 event_listener.cc:127] [event_listener/table_file_deleted] db: node_40001/db, sst file: node_40001/db/000100.sst, status: OK
I20230417 18:20:23.272785 534572 event_listener.cc:127] [event_listener/table_file_deleted] db: node_40001/db, sst file: node_40001/db/000082.sst, status: OK
I20230417 18:20:23.281708 534572 event_listener.cc:127] [event_listener/table_file_deleted] db: node_40001/db, sst file: node_40001/db/000064.sst, status: OK
I20230417 18:20:23.988940 534575 event_listener.cc:84] [event_listener/flush_begin] column family: default, thread_id: 534575, job_id: 57, reason: 6
W20230417 18:20:24.385975 534710 event_listener.cc:132] [event_listener/stall_cond_changed] column family: default write stall condition was changed, from normal to delay
I20230417 18:20:24.405529 534575 event_listener.cc:138] [event_listener/table_file_created] column family: default, file path: node_40001/db/000135.sst, file size: 91204229, job id: 57, reason: flush, status: OK
I20230417 18:20:24.405812 534575 event_listener.cc:91] [event_listener/flush_completed] column family: default, thread_id: 534575, job_id: 57, file: node_40001/db/000135.sst, reason: 6, is_write_slowdown: no, is_write_stall: no, largest seqno: 22310177, smallest seqno: 21510710
W20230417 18:20:24.405854 534575 event_listener.cc:132] [event_listener/stall_cond_changed] column family: default write stall condition was changed, from delay to normal
I20230417 18:20:24.842501 534572 event_listener.cc:138] [event_listener/table_file_created] column family: default, file path: node_40001/db/000133.sst, file size: 137863232, job id: 56, reason: compaction, status: OK
I20230417 18:20:25.181150 534574 event_listener.cc:84] [event_listener/flush_begin] column family: default, thread_id: 534574, job_id: 58, reason: 6
W20230417 18:20:25.550307 534710 event_listener.cc:132] [event_listener/stall_cond_changed] column family: default write stall condition was changed, from normal to delay
I20230417 18:20:25.604887 534574 event_listener.cc:138] [event_listener/table_file_created] column family: default, file path: node_40001/db/000139.sst, file size: 93079688, job id: 58, reason: flush, status: OK
I20230417 18:20:25.605170 534574 event_listener.cc:91] [event_listener/flush_completed] column family: default, thread_id: 534574, job_id: 58, file: node_40001/db/000139.sst, reason: 6, is_write_slowdown: no, is_write_stall: no, largest seqno: 23126080, smallest seqno: 22310179
W20230417 18:20:25.605208 534574 event_listener.cc:132] [event_listener/stall_cond_changed] column family: default write stall condition was changed, from delay to normal
I20230417 18:20:26.308952 534575 event_listener.cc:84] [event_listener/flush_begin] column family: default, thread_id: 534575, job_id: 59, reason: 6
I20230417 18:20:26.479641 534572 event_listener.cc:138] [event_listener/table_file_created] column family: default, file path: node_40001/db/000137.sst, file size: 137859972, job id: 56, reason: compaction, status: OK
