Log file created at: 2023/04/17 22:48:04
Running on machine: en4217754l
Running duration (h:mm:ss): 0:00:00
Log line format: [IWEF]yyyymmdd hh:mm:ss.uuuuuu threadid file:line] msg
I20230417 22:48:04.460916 573380 main.cc:327] kvrocks unstable (commit 66d8ac8)
I20230417 22:48:04.490748 573380 storage.cc:324] [storage] Success to load the data from disk: 11 ms
I20230417 22:48:04.491173 573380 worker.cc:71] [worker] Listening on: 127.0.0.1:40001
I20230417 22:48:04.491338 573380 worker.cc:71] [worker] Listening on: 127.0.0.1:40001
I20230417 22:48:04.491449 573380 worker.cc:71] [worker] Listening on: 127.0.0.1:40001
I20230417 22:48:04.491549 573380 worker.cc:71] [worker] Listening on: 127.0.0.1:40001
I20230417 22:48:04.491650 573380 worker.cc:71] [worker] Listening on: 127.0.0.1:40001
I20230417 22:48:04.491742 573380 worker.cc:71] [worker] Listening on: 127.0.0.1:40001
I20230417 22:48:04.491833 573380 worker.cc:71] [worker] Listening on: 127.0.0.1:40001
I20230417 22:48:04.491921 573380 worker.cc:71] [worker] Listening on: 127.0.0.1:40001
W20230417 22:48:04.491998 573380 server.cc:1606] [server] Increased maximum number of open files to 14224 (it's originally set to 1024)
I20230417 22:48:04.492184 573380 cluster.cc:597] The cluster nodes file node_40001/nodes.conf is not found. Use CLUSTERX subcommands to specify it.
I20230417 22:48:04.492249 573380 worker.cc:534] [worker] Thread #140719400376064 started
I20230417 22:48:04.492277 573380 worker.cc:534] [worker] Thread #140719408768768 started
I20230417 22:48:04.492318 573380 worker.cc:534] [worker] Thread #140719484303104 started
I20230417 22:48:04.492355 573380 worker.cc:534] [worker] Thread #140719475910400 started
I20230417 22:48:04.492393 573380 worker.cc:534] [worker] Thread #140719467517696 started
I20230417 22:48:04.492435 573380 worker.cc:534] [worker] Thread #140719459124992 started
I20230417 22:48:04.492473 573380 worker.cc:534] [worker] Thread #140719450732288 started
I20230417 22:48:04.492516 573380 worker.cc:534] [worker] Thread #140719442339584 started
I20230417 22:48:04.492647 573380 server.cc:197] [server] Ready to accept connections
I20230417 22:48:05.494715 573529 cluster.cc:260] MASTER MODE enabled by cluster topology setting
I20230417 22:48:06.712342 573395 event_listener.cc:84] [event_listener/flush_begin] column family: default, thread_id: 573395, job_id: 3, reason: 6
W20230417 22:48:07.064823 573530 event_listener.cc:132] [event_listener/stall_cond_changed] column family: default write stall condition was changed, from normal to delay
I20230417 22:48:07.248737 573395 event_listener.cc:138] [event_listener/table_file_created] column family: default, file path: node_40001/db/000016.sst, file size: 90582989, job id: 3, reason: flush, status: OK
I20230417 22:48:07.249017 573395 event_listener.cc:91] [event_listener/flush_completed] column family: default, thread_id: 573395, job_id: 3, file: node_40001/db/000016.sst, reason: 6, is_write_slowdown: no, is_write_stall: no, largest seqno: 793968, smallest seqno: 1
W20230417 22:48:07.249063 573395 event_listener.cc:132] [event_listener/stall_cond_changed] column family: default write stall condition was changed, from delay to normal
I20230417 22:48:07.770756 573396 event_listener.cc:84] [event_listener/flush_begin] column family: default, thread_id: 573396, job_id: 5, reason: 6
I20230417 22:48:08.058763 573393 event_listener.cc:138] [event_listener/table_file_created] column family: default, file path: node_40001/db/000018.sst, file size: 90585289, job id: 4, reason: compaction, status: OK
I20230417 22:48:08.061492 573393 event_listener.cc:71] [event_listener/compaction_completed] column family: default, compaction reason: 11, output compression type: no, base input level(files): 0(1), output level(files): 0(1), input bytes: 90582989, output bytes:90585289, is_manual_compaction:no, elapsed(micro): 809660
W20230417 22:48:08.129460 573534 event_listener.cc:132] [event_listener/stall_cond_changed] column family: default write stall condition was changed, from normal to delay
I20230417 22:48:08.203630 573396 event_listener.cc:138] [event_listener/table_file_created] column family: default, file path: node_40001/db/000020.sst, file size: 91094077, job id: 5, reason: flush, status: OK
I20230417 22:48:08.203927 573396 event_listener.cc:91] [event_listener/flush_completed] column family: default, thread_id: 573396, job_id: 5, file: node_40001/db/000020.sst, reason: 6, is_write_slowdown: no, is_write_stall: no, largest seqno: 1592447, smallest seqno: 793970
I20230417 22:48:08.211477 573396 event_listener.cc:127] [event_listener/table_file_deleted] db: node_40001/db, sst file: node_40001/db/000016.sst, status: OK
W20230417 22:48:08.211503 573396 event_listener.cc:132] [event_listener/stall_cond_changed] column family: default write stall condition was changed, from delay to normal
I20230417 22:48:08.828992 573395 event_listener.cc:84] [event_listener/flush_begin] column family: default, thread_id: 573395, job_id: 6, reason: 6
W20230417 22:48:09.158854 573535 event_listener.cc:132] [event_listener/stall_cond_changed] column family: default write stall condition was changed, from normal to delay
I20230417 22:48:09.254877 573395 event_listener.cc:138] [event_listener/table_file_created] column family: default, file path: node_40001/db/000023.sst, file size: 90764632, job id: 6, reason: flush, status: OK
I20230417 22:48:09.255151 573395 event_listener.cc:91] [event_listener/flush_completed] column family: default, thread_id: 573395, job_id: 6, file: node_40001/db/000023.sst, reason: 6, is_write_slowdown: no, is_write_stall: no, largest seqno: 2388011, smallest seqno: 1592449
W20230417 22:48:09.255190 573395 event_listener.cc:132] [event_listener/stall_cond_changed] column family: default write stall condition was changed, from delay to normal
I20230417 22:48:09.873059 573396 event_listener.cc:84] [event_listener/flush_begin] column family: default, thread_id: 573396, job_id: 8, reason: 6
W20230417 22:48:10.219374 573535 event_listener.cc:132] [event_listener/stall_cond_changed] column family: default write stall condition was changed, from normal to delay
I20230417 22:48:10.285106 573395 event_listener.cc:84] [event_listener/flush_begin] column family: metadata, thread_id: 573395, job_id: 9, reason: 13
I20230417 22:48:10.354598 573396 event_listener.cc:138] [event_listener/table_file_created] column family: default, file path: node_40001/db/000027.sst, file size: 91213141, job id: 8, reason: flush, status: OK
I20230417 22:48:10.354902 573396 event_listener.cc:91] [event_listener/flush_completed] column family: default, thread_id: 573396, job_id: 8, file: node_40001/db/000027.sst, reason: 6, is_write_slowdown: no, is_write_stall: no, largest seqno: 3187557, smallest seqno: 2388013
W20230417 22:48:10.354948 573396 event_listener.cc:132] [event_listener/stall_cond_changed] column family: default write stall condition was changed, from delay to normal
I20230417 22:48:10.462067 573395 event_listener.cc:138] [event_listener/table_file_created] column family: metadata, file path: node_40001/db/000030.sst, file size: 16718195, job id: 9, reason: flush, status: OK
I20230417 22:48:10.462333 573395 event_listener.cc:91] [event_listener/flush_completed] column family: metadata, thread_id: 573395, job_id: 9, file: node_40001/db/000030.sst, reason: 13, is_write_slowdown: no, is_write_stall: no, largest seqno: 3567619, smallest seqno: 11
I20230417 22:48:10.562646 573394 event_listener.cc:138] [event_listener/table_file_created] column family: default, file path: node_40001/db/000025.sst, file size: 137852524, job id: 7, reason: compaction, status: OK
I20230417 22:48:10.834875 573396 event_listener.cc:84] [event_listener/flush_begin] column family: default, thread_id: 573396, job_id: 10, reason: 6
I20230417 22:48:11.269870 573396 event_listener.cc:138] [event_listener/table_file_created] column family: default, file path: node_40001/db/000033.sst, file size: 92108846, job id: 10, reason: flush, status: OK
I20230417 22:48:11.270138 573396 event_listener.cc:91] [event_listener/flush_completed] column family: default, thread_id: 573396, job_id: 10, file: node_40001/db/000033.sst, reason: 6, is_write_slowdown: no, is_write_stall: no, largest seqno: 3994935, smallest seqno: 3187559
I20230417 22:48:12.026993 573395 event_listener.cc:84] [event_listener/flush_begin] column family: default, thread_id: 573395, job_id: 11, reason: 6
I20230417 22:48:12.027226 573394 event_listener.cc:138] [event_listener/table_file_created] column family: default, file path: node_40001/db/000031.sst, file size: 134174776, job id: 7, reason: compaction, status: OK
I20230417 22:48:12.034229 573394 event_listener.cc:71] [event_listener/compaction_completed] column family: default, compaction reason: 1, output compression type: no, base input level(files): 0(3), output level(files): 1(2), input bytes: 272443998, output bytes:272027300, is_manual_compaction:no, elapsed(micro): 2771723
I20230417 22:48:12.245348 573394 event_listener.cc:138] [event_listener/table_file_created] column family: metadata, file path: node_40001/db/000037.sst, file size: 16717679, job id: 12, reason: compaction, status: OK
I20230417 22:48:12.246178 573394 event_listener.cc:71] [event_listener/compaction_completed] column family: metadata, compaction reason: 11, output compression type: no, base input level(files): 0(1), output level(files): 0(1), input bytes: 16718195, output bytes:16717679, is_manual_compaction:no, elapsed(micro): 210982
I20230417 22:48:12.247778 573394 event_listener.cc:127] [event_listener/table_file_deleted] db: node_40001/db, sst file: node_40001/db/000030.sst, status: OK
I20230417 22:48:12.247993 573394 event_listener.cc:71] [event_listener/compaction_completed] column family: default, compaction reason: 2, output compression type: no, base input level(files): 1(1), output level(files): 2(1), input bytes: 0, output bytes:0, is_manual_compaction:no, elapsed(micro): 0
W20230417 22:48:12.377393 573534 event_listener.cc:132] [event_listener/stall_cond_changed] column family: default write stall condition was changed, from normal to delay
I20230417 22:48:12.546092 573395 event_listener.cc:138] [event_listener/table_file_created] column family: default, file path: node_40001/db/000036.sst, file size: 93669242, job id: 11, reason: flush, status: OK
I20230417 22:48:12.546386 573395 event_listener.cc:91] [event_listener/flush_completed] column family: default, thread_id: 573395, job_id: 11, file: node_40001/db/000036.sst, reason: 6, is_write_slowdown: no, is_write_stall: no, largest seqno: 4816008, smallest seqno: 3994937
I20230417 22:48:12.553617 573395 event_listener.cc:127] [event_listener/table_file_deleted] db: node_40001/db, sst file: node_40001/db/000023.sst, status: OK
I20230417 22:48:12.561573 573395 event_listener.cc:127] [event_listener/table_file_deleted] db: node_40001/db, sst file: node_40001/db/000020.sst, status: OK
I20230417 22:48:12.570086 573395 event_listener.cc:127] [event_listener/table_file_deleted] db: node_40001/db, sst file: node_40001/db/000018.sst, status: OK
W20230417 22:48:12.570108 573395 event_listener.cc:132] [event_listener/stall_cond_changed] column family: default write stall condition was changed, from delay to normal
I20230417 22:48:13.119740 573396 event_listener.cc:84] [event_listener/flush_begin] column family: default, thread_id: 573396, job_id: 15, reason: 6
W20230417 22:48:13.483373 573531 event_listener.cc:132] [event_listener/stall_cond_changed] column family: default write stall condition was changed, from normal to delay
I20230417 22:48:13.555371 573396 event_listener.cc:138] [event_listener/table_file_created] column family: default, file path: node_40001/db/000041.sst, file size: 92060517, job id: 15, reason: flush, status: OK
I20230417 22:48:13.555687 573396 event_listener.cc:91] [event_listener/flush_completed] column family: default, thread_id: 573396, job_id: 15, file: node_40001/db/000041.sst, reason: 6, is_write_slowdown: no, is_write_stall: no, largest seqno: 5622946, smallest seqno: 4816010
W20230417 22:48:13.555756 573396 event_listener.cc:132] [event_listener/stall_cond_changed] column family: default write stall condition was changed, from delay to normal
I20230417 22:48:13.932747 573393 event_listener.cc:138] [event_listener/table_file_created] column family: default, file path: node_40001/db/000039.sst, file size: 137850332, job id: 14, reason: compaction, status: OK
I20230417 22:48:14.204392 573395 event_listener.cc:84] [event_listener/flush_begin] column family: default, thread_id: 573395, job_id: 16, reason: 6
W20230417 22:48:14.565898 573530 event_listener.cc:132] [event_listener/stall_cond_changed] column family: default write stall condition was changed, from normal to delay
I20230417 22:48:14.630371 573395 event_listener.cc:138] [event_listener/table_file_created] column family: default, file path: node_40001/db/000045.sst, file size: 91725834, job id: 16, reason: flush, status: OK
I20230417 22:48:14.630651 573395 event_listener.cc:91] [event_listener/flush_completed] column family: default, thread_id: 573395, job_id: 16, file: node_40001/db/000045.sst, reason: 6, is_write_slowdown: no, is_write_stall: no, largest seqno: 6426947, smallest seqno: 5622948
W20230417 22:48:14.630690 573395 event_listener.cc:132] [event_listener/stall_cond_changed] column family: default write stall condition was changed, from delay to normal
I20230417 22:48:15.136793 573396 event_listener.cc:84] [event_listener/flush_begin] column family: metadata, thread_id: 573396, job_id: 17, reason: 13
I20230417 22:48:15.159049 573395 event_listener.cc:84] [event_listener/flush_begin] column family: default, thread_id: 573395, job_id: 18, reason: 6
I20230417 22:48:15.313475 573396 event_listener.cc:138] [event_listener/table_file_created] column family: metadata, file path: node_40001/db/000049.sst, file size: 16716281, job id: 17, reason: flush, status: OK
I20230417 22:48:15.313745 573396 event_listener.cc:91] [event_listener/flush_completed] column family: metadata, thread_id: 573396, job_id: 17, file: node_40001/db/000049.sst, reason: 13, is_write_slowdown: no, is_write_stall: no, largest seqno: 7134985, smallest seqno: 3567630
W20230417 22:48:15.314005 573530 event_listener.cc:132] [event_listener/stall_cond_changed] column family: default write stall condition was changed, from normal to delay
I20230417 22:48:15.364269 573396 event_listener.cc:84] [event_listener/flush_begin] column family: default, thread_id: 573396, job_id: 19, reason: 13
I20230417 22:48:15.414049 573393 event_listener.cc:138] [event_listener/table_file_created] column family: default, file path: node_40001/db/000043.sst, file size: 137859382, job id: 14, reason: compaction, status: OK
I20230417 22:48:15.454550 573396 event_listener.cc:138] [event_listener/table_file_created] column family: default, file path: node_40001/db/000052.sst, file size: 19414748, job id: 19, reason: flush, status: OK
I20230417 22:48:15.597803 573395 event_listener.cc:138] [event_listener/table_file_created] column family: default, file path: node_40001/db/000050.sst, file size: 91554407, job id: 18, reason: flush, status: OK
I20230417 22:48:15.598373 573395 event_listener.cc:91] [event_listener/flush_completed] column family: default, thread_id: 573395, job_id: 18, file: node_40001/db/000050.sst, reason: 13, is_write_slowdown: no, is_write_stall: no, largest seqno: 7229463, smallest seqno: 6426949
I20230417 22:48:15.598387 573395 event_listener.cc:91] [event_listener/flush_completed] column family: default, thread_id: 573396, job_id: 19, file: node_40001/db/000052.sst, reason: 13, is_write_slowdown: no, is_write_stall: no, largest seqno: 7399182, smallest seqno: 7229465
W20230417 22:48:15.598482 573395 event_listener.cc:132] [event_listener/stall_cond_changed] column family: default write stall condition was changed, from delay to normal
I20230417 22:48:16.654505 573396 event_listener.cc:84] [event_listener/flush_begin] column family: default, thread_id: 573396, job_id: 20, reason: 6
I20230417 22:48:16.902988 573393 event_listener.cc:138] [event_listener/table_file_created] column family: default, file path: node_40001/db/000053.sst, file size: 134879778, job id: 14, reason: compaction, status: OK
I20230417 22:48:16.912892 573393 event_listener.cc:71] [event_listener/compaction_completed] column family: default, compaction reason: 1, output compression type: no, base input level(files): 0(4), output level(files): 1(3), input bytes: 411166005, output bytes:410589492, is_manual_compaction:no, elapsed(micro): 4356438
I20230417 22:48:16.913230 573393 event_listener.cc:71] [event_listener/compaction_completed] column family: default, compaction reason: 2, output compression type: no, base input level(files): 1(1), output level(files): 2(1), input bytes: 0, output bytes:0, is_manual_compaction:no, elapsed(micro): 0
W20230417 22:48:17.071743 573530 event_listener.cc:132] [event_listener/stall_cond_changed] column family: default write stall condition was changed, from normal to delay
I20230417 22:48:17.114439 573396 event_listener.cc:138] [event_listener/table_file_created] column family: default, file path: node_40001/db/000056.sst, file size: 93171671, job id: 20, reason: flush, status: OK
I20230417 22:48:17.114755 573396 event_listener.cc:91] [event_listener/flush_completed] column family: default, thread_id: 573396, job_id: 20, file: node_40001/db/000056.sst, reason: 6, is_write_slowdown: no, is_write_stall: no, largest seqno: 8215866, smallest seqno: 7399184
I20230417 22:48:17.122920 573396 event_listener.cc:127] [event_listener/table_file_deleted] db: node_40001/db, sst file: node_40001/db/000036.sst, status: OK
I20230417 22:48:17.130638 573396 event_listener.cc:127] [event_listener/table_file_deleted] db: node_40001/db, sst file: node_40001/db/000033.sst, status: OK
I20230417 22:48:17.141628 573396 event_listener.cc:127] [event_listener/table_file_deleted] db: node_40001/db, sst file: node_40001/db/000031.sst, status: OK
I20230417 22:48:17.149539 573396 event_listener.cc:127] [event_listener/table_file_deleted] db: node_40001/db, sst file: node_40001/db/000027.sst, status: OK
W20230417 22:48:17.149562 573396 event_listener.cc:132] [event_listener/stall_cond_changed] column family: default write stall condition was changed, from delay to normal
I20230417 22:48:17.910727 573395 event_listener.cc:84] [event_listener/flush_begin] column family: default, thread_id: 573395, job_id: 24, reason: 6
W20230417 22:48:18.349064 573530 event_listener.cc:132] [event_listener/stall_cond_changed] column family: default write stall condition was changed, from normal to delay
I20230417 22:48:18.386075 573395 event_listener.cc:138] [event_listener/table_file_created] column family: default, file path: node_40001/db/000061.sst, file size: 91515092, job id: 24, reason: flush, status: OK
I20230417 22:48:18.386376 573395 event_listener.cc:91] [event_listener/flush_completed] column family: default, thread_id: 573395, job_id: 24, file: node_40001/db/000061.sst, reason: 6, is_write_slowdown: no, is_write_stall: no, largest seqno: 9018107, smallest seqno: 8215868
W20230417 22:48:18.386427 573395 event_listener.cc:132] [event_listener/stall_cond_changed] column family: default write stall condition was changed, from delay to normal
I20230417 22:48:18.441352 573393 event_listener.cc:138] [event_listener/table_file_created] column family: default, file path: node_40001/db/000057.sst, file size: 137862748, job id: 22, reason: compaction, status: OK
I20230417 22:48:18.549055 573394 event_listener.cc:138] [event_listener/table_file_created] column family: default, file path: node_40001/db/000059.sst, file size: 134885154, job id: 23, reason: compaction, status: OK
I20230417 22:48:18.553354 573394 event_listener.cc:71] [event_listener/compaction_completed] column family: default, compaction reason: 11, output compression type: no, base input level(files): 2(1), output level(files): 2(1), input bytes: 134879778, output bytes:134885154, is_manual_compaction:no, elapsed(micro): 1477130
I20230417 22:48:19.160621 573396 event_listener.cc:84] [event_listener/flush_begin] column family: default, thread_id: 573396, job_id: 25, reason: 6
W20230417 22:48:19.594692 573534 event_listener.cc:132] [event_listener/stall_cond_changed] column family: default write stall condition was changed, from normal to delay
I20230417 22:48:19.659163 573396 event_listener.cc:138] [event_listener/table_file_created] column family: default, file path: node_40001/db/000065.sst, file size: 92053901, job id: 25, reason: flush, status: OK
I20230417 22:48:19.659534 573396 event_listener.cc:91] [event_listener/flush_completed] column family: default, thread_id: 573396, job_id: 25, file: node_40001/db/000065.sst, reason: 6, is_write_slowdown: no, is_write_stall: no, largest seqno: 9825012, smallest seqno: 9018109
W20230417 22:48:19.659587 573396 event_listener.cc:132] [event_listener/stall_cond_changed] column family: default write stall condition was changed, from delay to normal
I20230417 22:48:19.941316 573393 event_listener.cc:138] [event_listener/table_file_created] column family: default, file path: node_40001/db/000063.sst, file size: 137857218, job id: 22, reason: compaction, status: OK
I20230417 22:48:20.400290 573395 event_listener.cc:84] [event_listener/flush_begin] column family: default, thread_id: 573395, job_id: 26, reason: 6
I20230417 22:48:20.420940 573396 event_listener.cc:84] [event_listener/flush_begin] column family: metadata, thread_id: 573396, job_id: 27, reason: 13
I20230417 22:48:20.596535 573396 event_listener.cc:138] [event_listener/table_file_created] column family: metadata, file path: node_40001/db/000071.sst, file size: 16719813, job id: 27, reason: flush, status: OK
I20230417 22:48:20.597460 573396 event_listener.cc:91] [event_listener/flush_completed] column family: metadata, thread_id: 573396, job_id: 27, file: node_40001/db/000071.sst, reason: 13, is_write_slowdown: no, is_write_stall: no, largest seqno: 10703033, smallest seqno: 7134996
I20230417 22:48:20.825991 573395 event_listener.cc:138] [event_listener/table_file_created] column family: default, file path: node_40001/db/000070.sst, file size: 90826861, job id: 26, reason: flush, status: OK
I20230417 22:48:20.826274 573395 event_listener.cc:91] [event_listener/flush_completed] column family: default, thread_id: 573395, job_id: 26, file: node_40001/db/000070.sst, reason: 6, is_write_slowdown: no, is_write_stall: no, largest seqno: 10621148, smallest seqno: 9825014
I20230417 22:48:21.617337 573393 event_listener.cc:138] [event_listener/table_file_created] column family: default, file path: node_40001/db/000067.sst, file size: 137862580, job id: 22, reason: compaction, status: OK
I20230417 22:48:21.637538 573396 event_listener.cc:84] [event_listener/flush_begin] column family: default, thread_id: 573396, job_id: 29, reason: 6
W20230417 22:48:22.062176 573530 event_listener.cc:132] [event_listener/stall_cond_changed] column family: default write stall condition was changed, from normal to delay
I20230417 22:48:22.080495 573396 event_listener.cc:138] [event_listener/table_file_created] column family: default, file path: node_40001/db/000076.sst, file size: 92306369, job id: 29, reason: flush, status: OK
I20230417 22:48:22.080773 573396 event_listener.cc:91] [event_listener/flush_completed] column family: default, thread_id: 573396, job_id: 29, file: node_40001/db/000076.sst, reason: 6, is_write_slowdown: no, is_write_stall: no, largest seqno: 11430319, smallest seqno: 10621150
W20230417 22:48:22.080937 573396 event_listener.cc:132] [event_listener/stall_cond_changed] column family: default write stall condition was changed, from delay to normal
I20230417 22:48:22.857848 573395 event_listener.cc:84] [event_listener/flush_begin] column family: default, thread_id: 573395, job_id: 30, reason: 6
I20230417 22:48:23.178792 573393 event_listener.cc:138] [event_listener/table_file_created] column family: default, file path: node_40001/db/000075.sst, file size: 137857666, job id: 22, reason: compaction, status: OK
I20230417 22:48:23.280592 573395 event_listener.cc:138] [event_listener/table_file_created] column family: default, file path: node_40001/db/000079.sst, file size: 90336472, job id: 30, reason: flush, status: OK
W20230417 22:48:23.281720 573530 event_listener.cc:132] [event_listener/stall_cond_changed] column family: default write stall condition was changed, from normal to delay
I20230417 22:48:23.281973 573395 event_listener.cc:91] [event_listener/flush_completed] column family: default, thread_id: 573395, job_id: 30, file: node_40001/db/000079.sst, reason: 6, is_write_slowdown: no, is_write_stall: no, largest seqno: 12222165, smallest seqno: 11430321
W20230417 22:48:23.282011 573395 event_listener.cc:132] [event_listener/stall_cond_changed] column family: default write stall condition was changed, from delay to normal
I20230417 22:48:23.374835 573393 event_listener.cc:138] [event_listener/table_file_created] column family: default, file path: node_40001/db/000080.sst, file size: 18259899, job id: 22, reason: compaction, status: OK
I20230417 22:48:23.389092 573393 event_listener.cc:71] [event_listener/compaction_completed] column family: default, compaction reason: 1, output compression type: no, base input level(files): 0(6), output level(files): 1(5), input bytes: 570465220, output bytes:569700111, is_manual_compaction:no, elapsed(micro): 6461588
I20230417 22:48:23.399461 573393 event_listener.cc:127] [event_listener/table_file_deleted] db: node_40001/db, sst file: node_40001/db/000053.sst, status: OK
I20230417 22:48:24.104293 573396 event_listener.cc:84] [event_listener/flush_begin] column family: default, thread_id: 573396, job_id: 31, reason: 6
W20230417 22:48:24.555181 573530 event_listener.cc:132] [event_listener/stall_cond_changed] column family: default write stall condition was changed, from normal to delay
I20230417 22:48:24.558892 573396 event_listener.cc:138] [event_listener/table_file_created] column family: default, file path: node_40001/db/000083.sst, file size: 91414796, job id: 31, reason: flush, status: OK
I20230417 22:48:24.559214 573396 event_listener.cc:91] [event_listener/flush_completed] column family: default, thread_id: 573396, job_id: 31, file: node_40001/db/000083.sst, reason: 6, is_write_slowdown: no, is_write_stall: no, largest seqno: 13023614, smallest seqno: 12222167
W20230417 22:48:24.559260 573396 event_listener.cc:132] [event_listener/stall_cond_changed] column family: default write stall condition was changed, from delay to normal
I20230417 22:48:24.774153 573394 event_listener.cc:138] [event_listener/table_file_created] column family: default, file path: node_40001/db/000073.sst, file size: 366958750, job id: 28, reason: compaction, status: OK
I20230417 22:48:24.784111 573394 event_listener.cc:71] [event_listener/compaction_completed] column family: default, compaction reason: 1, output compression type: no, base input level(files): 0(4), output level(files): 0(1), input bytes: 367567525, output bytes:366958750, is_manual_compaction:no, elapsed(micro): 3947828
I20230417 22:48:24.785764 573394 event_listener.cc:127] [event_listener/table_file_deleted] db: node_40001/db, sst file: node_40001/db/000052.sst, status: OK
I20230417 22:48:24.792912 573394 event_listener.cc:127] [event_listener/table_file_deleted] db: node_40001/db, sst file: node_40001/db/000050.sst, status: OK
I20230417 22:48:24.800194 573394 event_listener.cc:127] [event_listener/table_file_deleted] db: node_40001/db, sst file: node_40001/db/000045.sst, status: OK
I20230417 22:48:24.810359 573394 event_listener.cc:127] [event_listener/table_file_deleted] db: node_40001/db, sst file: node_40001/db/000043.sst, status: OK
I20230417 22:48:24.817879 573394 event_listener.cc:127] [event_listener/table_file_deleted] db: node_40001/db, sst file: node_40001/db/000041.sst, status: OK
I20230417 22:48:24.831064 573394 event_listener.cc:127] [event_listener/table_file_deleted] db: node_40001/db, sst file: node_40001/db/000039.sst, status: OK
I20230417 22:48:25.357650 573395 event_listener.cc:84] [event_listener/flush_begin] column family: default, thread_id: 573395, job_id: 33, reason: 6
W20230417 22:48:25.772351 573530 event_listener.cc:132] [event_listener/stall_cond_changed] column family: default write stall condition was changed, from normal to delay
I20230417 22:48:25.792133 573395 event_listener.cc:138] [event_listener/table_file_created] column family: default, file path: node_40001/db/000087.sst, file size: 92967219, job id: 33, reason: flush, status: OK
I20230417 22:48:25.792403 573395 event_listener.cc:91] [event_listener/flush_completed] column family: default, thread_id: 573395, job_id: 33, file: node_40001/db/000087.sst, reason: 6, is_write_slowdown: no, is_write_stall: no, largest seqno: 13838538, smallest seqno: 13023616
W20230417 22:48:25.792438 573395 event_listener.cc:132] [event_listener/stall_cond_changed] column family: default write stall condition was changed, from delay to normal
I20230417 22:48:25.924028 573396 event_listener.cc:84] [event_listener/flush_begin] column family: metadata, thread_id: 573396, job_id: 35, reason: 13
I20230417 22:48:26.092303 573396 event_listener.cc:138] [event_listener/table_file_created] column family: metadata, file path: node_40001/db/000090.sst, file size: 16719309, job id: 35, reason: flush, status: OK
I20230417 22:48:26.092563 573396 event_listener.cc:91] [event_listener/flush_completed] column family: metadata, thread_id: 573396, job_id: 35, file: node_40001/db/000090.sst, reason: 13, is_write_slowdown: no, is_write_stall: no, largest seqno: 14270872, smallest seqno: 10703044
I20230417 22:48:26.128856 573393 event_listener.cc:138] [event_listener/table_file_created] column family: default, file path: node_40001/db/000085.sst, file size: 137856715, job id: 32, reason: compaction, status: OK
I20230417 22:48:26.470726 573395 event_listener.cc:84] [event_listener/flush_begin] column family: default, thread_id: 573395, job_id: 36, reason: 6
I20230417 22:48:26.896716 573395 event_listener.cc:138] [event_listener/table_file_created] column family: default, file path: node_40001/db/000093.sst, file size: 92479610, job id: 36, reason: flush, status: OK
I20230417 22:48:26.896988 573395 event_listener.cc:91] [event_listener/flush_completed] column family: default, thread_id: 573395, job_id: 36, file: node_40001/db/000093.sst, reason: 6, is_write_slowdown: no, is_write_stall: no, largest seqno: 14649172, smallest seqno: 13838540
I20230417 22:48:27.779341 573396 event_listener.cc:84] [event_listener/flush_begin] column family: default, thread_id: 573396, job_id: 37, reason: 6
I20230417 22:48:27.780419 573393 event_listener.cc:138] [event_listener/table_file_created] column family: default, file path: node_40001/db/000091.sst, file size: 137855456, job id: 32, reason: compaction, status: OK
I20230417 22:48:27.951359 573393 event_listener.cc:138] [event_listener/table_file_created] column family: default, file path: node_40001/db/000097.sst, file size: 15193370, job id: 32, reason: compaction, status: OK
I20230417 22:48:27.958187 573393 event_listener.cc:71] [event_listener/compaction_completed] column family: default, compaction reason: 2, output compression type: no, base input level(files): 1(3), output level(files): 2(3), input bytes: 291002719, output bytes:290905541, is_manual_compaction:no, elapsed(micro): 3395986
I20230417 22:48:27.965435 573393 event_listener.cc:127] [event_listener/table_file_deleted] db: node_40001/db, sst file: node_40001/db/000070.sst, status: OK
I20230417 22:48:27.972790 573393 event_listener.cc:127] [event_listener/table_file_deleted] db: node_40001/db, sst file: node_40001/db/000065.sst, status: OK
I20230417 22:48:27.980026 573393 event_listener.cc:127] [event_listener/table_file_deleted] db: node_40001/db, sst file: node_40001/db/000061.sst, status: OK
I20230417 22:48:27.987427 573393 event_listener.cc:127] [event_listener/table_file_deleted] db: node_40001/db, sst file: node_40001/db/000056.sst, status: OK
I20230417 22:48:28.207739 573396 event_listener.cc:138] [event_listener/table_file_created] column family: default, file path: node_40001/db/000096.sst, file size: 91273199, job id: 37, reason: flush, status: OK
I20230417 22:48:28.208015 573396 event_listener.cc:91] [event_listener/flush_completed] column family: default, thread_id: 573396, job_id: 37, file: node_40001/db/000096.sst, reason: 6, is_write_slowdown: no, is_write_stall: no, largest seqno: 15449202, smallest seqno: 14649174
I20230417 22:48:28.209461 573396 event_listener.cc:127] [event_listener/table_file_deleted] db: node_40001/db, sst file: node_40001/db/000080.sst, status: OK
I20230417 22:48:28.220161 573396 event_listener.cc:127] [event_listener/table_file_deleted] db: node_40001/db, sst file: node_40001/db/000075.sst, status: OK
I20230417 22:48:28.230656 573396 event_listener.cc:127] [event_listener/table_file_deleted] db: node_40001/db, sst file: node_40001/db/000059.sst, status: OK
I20230417 22:48:29.013010 573395 event_listener.cc:84] [event_listener/flush_begin] column family: default, thread_id: 573395, job_id: 39, reason: 6
W20230417 22:48:29.451097 573530 event_listener.cc:132] [event_listener/stall_cond_changed] column family: default write stall condition was changed, from normal to delay
I20230417 22:48:29.459482 573395 event_listener.cc:138] [event_listener/table_file_created] column family: default, file path: node_40001/db/000101.sst, file size: 92099275, job id: 39, reason: flush, status: OK
I20230417 22:48:29.459743 573395 event_listener.cc:91] [event_listener/flush_completed] column family: default, thread_id: 573395, job_id: 39, file: node_40001/db/000101.sst, reason: 6, is_write_slowdown: no, is_write_stall: no, largest seqno: 16256514, smallest seqno: 15449204
W20230417 22:48:29.459777 573395 event_listener.cc:132] [event_listener/stall_cond_changed] column family: default write stall condition was changed, from delay to normal
I20230417 22:48:29.548782 573393 event_listener.cc:138] [event_listener/table_file_created] column family: default, file path: node_40001/db/000098.sst, file size: 137860998, job id: 38, reason: compaction, status: OK
I20230417 22:48:30.282699 573396 event_listener.cc:84] [event_listener/flush_begin] column family: default, thread_id: 573396, job_id: 41, reason: 6
I20230417 22:48:30.424402 573394 event_listener.cc:138] [event_listener/table_file_created] column family: metadata, file path: node_40001/db/000103.sst, file size: 65921887, job id: 40, reason: compaction, status: OK
I20230417 22:48:30.426858 573394 event_listener.cc:71] [event_listener/compaction_completed] column family: metadata, compaction reason: 1, output compression type: no, base input level(files): 0(4), output level(files): 1(1), input bytes: 66873082, output bytes:65921887, is_manual_compaction:no, elapsed(micro): 973344
I20230417 22:48:30.428397 573394 event_listener.cc:127] [event_listener/table_file_deleted] db: node_40001/db, sst file: node_40001/db/000090.sst, status: OK
I20230417 22:48:30.429805 573394 event_listener.cc:127] [event_listener/table_file_deleted] db: node_40001/db, sst file: node_40001/db/000071.sst, status: OK
I20230417 22:48:30.431270 573394 event_listener.cc:127] [event_listener/table_file_deleted] db: node_40001/db, sst file: node_40001/db/000049.sst, status: OK
I20230417 22:48:30.432711 573394 event_listener.cc:127] [event_listener/table_file_deleted] db: node_40001/db, sst file: node_40001/db/000037.sst, status: OK
I20230417 22:48:30.724005 573396 event_listener.cc:138] [event_listener/table_file_created] column family: default, file path: node_40001/db/000106.sst, file size: 91193067, job id: 41, reason: flush, status: OK
I20230417 22:48:30.724298 573396 event_listener.cc:91] [event_listener/flush_completed] column family: default, thread_id: 573396, job_id: 41, file: node_40001/db/000106.sst, reason: 6, is_write_slowdown: no, is_write_stall: no, largest seqno: 17055895, smallest seqno: 16256516
I20230417 22:48:31.093289 573393 event_listener.cc:138] [event_listener/table_file_created] column family: default, file path: node_40001/db/000104.sst, file size: 137863932, job id: 38, reason: compaction, status: OK
I20230417 22:48:31.482844 573395 event_listener.cc:84] [event_listener/flush_begin] column family: metadata, thread_id: 573395, job_id: 44, reason: 13
I20230417 22:48:31.488986 573396 event_listener.cc:84] [event_listener/flush_begin] column family: default, thread_id: 573396, job_id: 46, reason: 6
I20230417 22:48:31.653563 573395 event_listener.cc:138] [event_listener/table_file_created] column family: metadata, file path: node_40001/db/000111.sst, file size: 16717433, job id: 44, reason: flush, status: OK
I20230417 22:48:31.654250 573395 event_listener.cc:91] [event_listener/flush_completed] column family: metadata, thread_id: 573395, job_id: 44, file: node_40001/db/000111.sst, reason: 13, is_write_slowdown: no, is_write_stall: no, largest seqno: 17838579, smallest seqno: 14270883
I20230417 22:48:31.926729 573396 event_listener.cc:138] [event_listener/table_file_created] column family: default, file path: node_40001/db/000112.sst, file size: 92553981, job id: 46, reason: flush, status: OK
I20230417 22:48:31.927368 573396 event_listener.cc:91] [event_listener/flush_completed] column family: default, thread_id: 573396, job_id: 46, file: node_40001/db/000112.sst, reason: 6, is_write_slowdown: no, is_write_stall: no, largest seqno: 17867167, smallest seqno: 17055897
I20230417 22:48:32.788568 573395 event_listener.cc:84] [event_listener/flush_begin] column family: default, thread_id: 573395, job_id: 48, reason: 6
I20230417 22:48:32.788679 573393 event_listener.cc:138] [event_listener/table_file_created] column family: default, file path: node_40001/db/000108.sst, file size: 137859448, job id: 38, reason: compaction, status: OK
W20230417 22:48:33.181063 573534 event_listener.cc:132] [event_listener/stall_cond_changed] column family: default write stall condition was changed, from normal to delay
I20230417 22:48:33.255964 573395 event_listener.cc:138] [event_listener/table_file_created] column family: default, file path: node_40001/db/000116.sst, file size: 92825046, job id: 48, reason: flush, status: OK
I20230417 22:48:33.257572 573395 event_listener.cc:91] [event_listener/flush_completed] column family: default, thread_id: 573395, job_id: 48, file: node_40001/db/000116.sst, reason: 6, is_write_slowdown: no, is_write_stall: no, largest seqno: 18680870, smallest seqno: 17867169
W20230417 22:48:33.257665 573395 event_listener.cc:132] [event_listener/stall_cond_changed] column family: default write stall condition was changed, from delay to normal
I20230417 22:48:33.978760 573396 event_listener.cc:84] [event_listener/flush_begin] column family: default, thread_id: 573396, job_id: 49, reason: 6
I20230417 22:48:34.403465 573393 event_listener.cc:138] [event_listener/table_file_created] column family: default, file path: node_40001/db/000117.sst, file size: 137863598, job id: 38, reason: compaction, status: OK
I20230417 22:48:34.405933 573396 event_listener.cc:138] [event_listener/table_file_created] column family: default, file path: node_40001/db/000120.sst, file size: 90595911, job id: 49, reason: flush, status: OK
I20230417 22:48:34.406590 573396 event_listener.cc:91] [event_listener/flush_completed] column family: default, thread_id: 573396, job_id: 49, file: node_40001/db/000120.sst, reason: 6, is_write_slowdown: no, is_write_stall: no, largest seqno: 19475004, smallest seqno: 18680872
I20230417 22:48:35.245944 573395 event_listener.cc:84] [event_listener/flush_begin] column family: default, thread_id: 573395, job_id: 50, reason: 6
W20230417 22:48:35.665979 573535 event_listener.cc:132] [event_listener/stall_cond_changed] column family: default write stall condition was changed, from normal to delay
I20230417 22:48:35.681478 573395 event_listener.cc:138] [event_listener/table_file_created] column family: default, file path: node_40001/db/000124.sst, file size: 93098248, job id: 50, reason: flush, status: OK
I20230417 22:48:35.682610 573395 event_listener.cc:91] [event_listener/flush_completed] column family: default, thread_id: 573395, job_id: 50, file: node_40001/db/000124.sst, reason: 6, is_write_slowdown: no, is_write_stall: no, largest seqno: 20291259, smallest seqno: 19475006
W20230417 22:48:35.682647 573395 event_listener.cc:132] [event_listener/stall_cond_changed] column family: default write stall condition was changed, from delay to normal
I20230417 22:48:35.827977 573394 event_listener.cc:138] [event_listener/table_file_created] column family: default, file path: node_40001/db/000113.sst, file size: 366511993, job id: 47, reason: compaction, status: OK
I20230417 22:48:35.838407 573394 event_listener.cc:71] [event_listener/compaction_completed] column family: default, compaction reason: 1, output compression type: no, base input level(files): 0(4), output level(files): 0(1), input bytes: 367119522, output bytes:366511993, is_manual_compaction:no, elapsed(micro): 3900521
I20230417 22:48:35.845556 573394 event_listener.cc:127] [event_listener/table_file_deleted] db: node_40001/db, sst file: node_40001/db/000096.sst, status: OK
I20230417 22:48:36.030439 573393 event_listener.cc:138] [event_listener/table_file_created] column family: default, file path: node_40001/db/000121.sst, file size: 137851295, job id: 38, reason: compaction, status: OK
I20230417 22:48:36.451493 573396 event_listener.cc:84] [event_listener/flush_begin] column family: default, thread_id: 573396, job_id: 53, reason: 6
I20230417 22:48:36.851845 573395 event_listener.cc:84] [event_listener/flush_begin] column family: metadata, thread_id: 573395, job_id: 54, reason: 13
W20230417 22:48:36.892534 573530 event_listener.cc:132] [event_listener/stall_cond_changed] column family: default write stall condition was changed, from normal to delay
I20230417 22:48:36.905838 573396 event_listener.cc:138] [event_listener/table_file_created] column family: default, file path: node_40001/db/000128.sst, file size: 90268311, job id: 53, reason: flush, status: OK
I20230417 22:48:36.906096 573396 event_listener.cc:91] [event_listener/flush_completed] column family: default, thread_id: 573396, job_id: 53, file: node_40001/db/000128.sst, reason: 6, is_write_slowdown: no, is_write_stall: no, largest seqno: 21082511, smallest seqno: 20291261
W20230417 22:48:36.906188 573396 event_listener.cc:132] [event_listener/stall_cond_changed] column family: default write stall condition was changed, from delay to normal
I20230417 22:48:37.026142 573395 event_listener.cc:138] [event_listener/table_file_created] column family: metadata, file path: node_40001/db/000130.sst, file size: 16721234, job id: 54, reason: flush, status: OK
I20230417 22:48:37.026381 573395 event_listener.cc:91] [event_listener/flush_completed] column family: metadata, thread_id: 573395, job_id: 54, file: node_40001/db/000130.sst, reason: 13, is_write_slowdown: no, is_write_stall: no, largest seqno: 21406913, smallest seqno: 17838590
I20230417 22:48:37.073123 573396 event_listener.cc:84] [event_listener/flush_begin] column family: default, thread_id: 573396, job_id: 57, reason: 13
I20230417 22:48:37.340648 573396 event_listener.cc:138] [event_listener/table_file_created] column family: default, file path: node_40001/db/000134.sst, file size: 56886828, job id: 57, reason: flush, status: OK
I20230417 22:48:37.340929 573396 event_listener.cc:91] [event_listener/flush_completed] column family: default, thread_id: 573396, job_id: 57, file: node_40001/db/000134.sst, reason: 13, is_write_slowdown: no, is_write_stall: no, largest seqno: 21580778, smallest seqno: 21082513
I20230417 22:48:37.700888 573393 event_listener.cc:138] [event_listener/table_file_created] column family: default, file path: node_40001/db/000126.sst, file size: 137869779, job id: 38, reason: compaction, status: OK
I20230417 22:48:38.442934 573395 event_listener.cc:84] [event_listener/flush_begin] column family: default, thread_id: 573395, job_id: 58, reason: 6
I20230417 22:48:38.875298 573395 event_listener.cc:138] [event_listener/table_file_created] column family: default, file path: node_40001/db/000138.sst, file size: 92300690, job id: 58, reason: flush, status: OK
I20230417 22:48:38.875579 573395 event_listener.cc:91] [event_listener/flush_completed] column family: default, thread_id: 573395, job_id: 58, file: node_40001/db/000138.sst, reason: 6, is_write_slowdown: no, is_write_stall: no, largest seqno: 22389894, smallest seqno: 21580780
I20230417 22:48:39.370296 573393 event_listener.cc:138] [event_listener/table_file_created] column family: default, file path: node_40001/db/000136.sst, file size: 137863858, job id: 38, reason: compaction, status: OK
I20230417 22:48:39.679657 573396 event_listener.cc:84] [event_listener/flush_begin] column family: default, thread_id: 573396, job_id: 59, reason: 6
W20230417 22:48:40.100060 573534 event_listener.cc:132] [event_listener/stall_cond_changed] column family: default write stall condition was changed, from normal to delay
I20230417 22:48:40.107298 573396 event_listener.cc:138] [event_listener/table_file_created] column family: default, file path: node_40001/db/000142.sst, file size: 91313647, job id: 59, reason: flush, status: OK
I20230417 22:48:40.108021 573396 event_listener.cc:91] [event_listener/flush_completed] column family: default, thread_id: 573396, job_id: 59, file: node_40001/db/000142.sst, reason: 6, is_write_slowdown: no, is_write_stall: no, largest seqno: 23190408, smallest seqno: 22389896
W20230417 22:48:40.108057 573396 event_listener.cc:132] [event_listener/stall_cond_changed] column family: default write stall condition was changed, from delay to normal
I20230417 22:48:40.687005 573394 event_listener.cc:138] [event_listener/table_file_created] column family: default, file path: node_40001/db/000132.sst, file size: 366209849, job id: 56, reason: compaction, status: OK
I20230417 22:48:40.697810 573394 event_listener.cc:71] [event_listener/compaction_completed] column family: default, compaction reason: 1, output compression type: no, base input level(files): 0(4), output level(files): 0(1), input bytes: 366787516, output bytes:366209849, is_manual_compaction:no, elapsed(micro): 3780887
I20230417 22:48:40.892061 573395 event_listener.cc:84] [event_listener/flush_begin] column family: default, thread_id: 573395, job_id: 62, reason: 6
I20230417 22:48:41.111430 573393 event_listener.cc:138] [event_listener/table_file_created] column family: default, file path: node_40001/db/000140.sst, file size: 137839258, job id: 38, reason: compaction, status: OK
I20230417 22:48:41.311277 573395 event_listener.cc:138] [event_listener/table_file_created] column family: default, file path: node_40001/db/000145.sst, file size: 90191511, job id: 62, reason: flush, status: OK
I20230417 22:48:41.311560 573395 event_listener.cc:91] [event_listener/flush_completed] column family: default, thread_id: 573395, job_id: 62, file: node_40001/db/000145.sst, reason: 6, is_write_slowdown: no, is_write_stall: no, largest seqno: 23980934, smallest seqno: 23190410
I20230417 22:48:42.134917 573396 event_listener.cc:84] [event_listener/flush_begin] column family: default, thread_id: 573396, job_id: 64, reason: 6
I20230417 22:48:42.309743 573395 event_listener.cc:84] [event_listener/flush_begin] column family: metadata, thread_id: 573395, job_id: 65, reason: 13
I20230417 22:48:42.495136 573395 event_listener.cc:138] [event_listener/table_file_created] column family: metadata, file path: node_40001/db/000152.sst, file size: 16715640, job id: 65, reason: flush, status: OK
I20230417 22:48:42.496125 573395 event_listener.cc:91] [event_listener/flush_completed] column family: metadata, thread_id: 573395, job_id: 65, file: node_40001/db/000152.sst, reason: 13, is_write_slowdown: no, is_write_stall: no, largest seqno: 24974213, smallest seqno: 21406924
W20230417 22:48:42.496403 573534 event_listener.cc:132] [event_listener/stall_cond_changed] column family: default write stall condition was changed, from normal to delay
I20230417 22:48:42.550241 573395 event_listener.cc:84] [event_listener/flush_begin] column family: default, thread_id: 573395, job_id: 66, reason: 13
I20230417 22:48:42.572307 573396 event_listener.cc:138] [event_listener/table_file_created] column family: default, file path: node_40001/db/000150.sst, file size: 91206669, job id: 64, reason: flush, status: OK
I20230417 22:48:42.573390 573396 event_listener.cc:91] [event_listener/flush_completed] column family: default, thread_id: 573396, job_id: 64, file: node_40001/db/000150.sst, reason: 13, is_write_slowdown: no, is_write_stall: no, largest seqno: 24780436, smallest seqno: 23980936
W20230417 22:48:42.573530 573396 event_listener.cc:132] [event_listener/stall_cond_changed] column family: default write stall condition was changed, from delay to normal
I20230417 22:48:42.737501 573395 event_listener.cc:138] [event_listener/table_file_created] column family: default, file path: node_40001/db/000154.sst, file size: 40782980, job id: 66, reason: flush, status: OK
I20230417 22:48:42.737777 573395 event_listener.cc:91] [event_listener/flush_completed] column family: default, thread_id: 573395, job_id: 66, file: node_40001/db/000154.sst, reason: 13, is_write_slowdown: no, is_write_stall: no, largest seqno: 25137375, smallest seqno: 24780438
I20230417 22:48:42.833015 573393 event_listener.cc:138] [event_listener/table_file_created] column family: default, file path: node_40001/db/000146.sst, file size: 135512003, job id: 38, reason: compaction, status: OK
