Log file created at: 2023/07/06 09:55:27
Running on machine: en4217754l
Running duration (h:mm:ss): 0:00:00
Log line format: [IWEF]yyyymmdd hh:mm:ss.uuuuuu threadid file:line] msg
I20230706 09:55:27.224561 3002020 main.cc:328] kvrocks unstable (commit 4a10c89)
I20230706 09:55:27.634387 3002020 storage.cc:322] [storage] Success to load the data from disk: 93 ms
I20230706 09:55:27.634814 3002020 worker.cc:72] [worker] Listening on: 10.218.109.65:40001
I20230706 09:55:27.634833 3002020 worker.cc:72] [worker] Listening on: 127.0.0.1:40001
I20230706 09:55:27.635010 3002020 worker.cc:72] [worker] Listening on: 10.218.109.65:40001
I20230706 09:55:27.635023 3002020 worker.cc:72] [worker] Listening on: 127.0.0.1:40001
I20230706 09:55:27.635135 3002020 worker.cc:72] [worker] Listening on: 10.218.109.65:40001
I20230706 09:55:27.635149 3002020 worker.cc:72] [worker] Listening on: 127.0.0.1:40001
I20230706 09:55:27.635255 3002020 worker.cc:72] [worker] Listening on: 10.218.109.65:40001
I20230706 09:55:27.635268 3002020 worker.cc:72] [worker] Listening on: 127.0.0.1:40001
I20230706 09:55:27.635376 3002020 worker.cc:72] [worker] Listening on: 10.218.109.65:40001
I20230706 09:55:27.635389 3002020 worker.cc:72] [worker] Listening on: 127.0.0.1:40001
I20230706 09:55:27.635501 3002020 worker.cc:72] [worker] Listening on: 10.218.109.65:40001
I20230706 09:55:27.635519 3002020 worker.cc:72] [worker] Listening on: 127.0.0.1:40001
I20230706 09:55:27.635622 3002020 worker.cc:72] [worker] Listening on: 10.218.109.65:40001
I20230706 09:55:27.635634 3002020 worker.cc:72] [worker] Listening on: 127.0.0.1:40001
I20230706 09:55:27.635732 3002020 worker.cc:72] [worker] Listening on: 10.218.109.65:40001
I20230706 09:55:27.635746 3002020 worker.cc:72] [worker] Listening on: 127.0.0.1:40001
W20230706 09:55:27.635828 3002020 server.cc:1650] [server] Increased maximum number of open files to 14224 (it's originally set to 1024)
I20230706 09:55:27.635985 3002020 cluster.cc:643] The cluster nodes file /nvme/jinghuan/node_40001/nodes.conf is not found. Use CLUSTERX subcommands to specify it.
I20230706 09:55:27.636003 3002020 cluster.cc:643] The cluster nodes file /nvme/jinghuan/node_40001/nodes.conf is not found. Use CLUSTERX subcommands to specify it.
I20230706 09:55:27.638286 3002020 worker.cc:519] [worker] Thread #140484496295680 started
I20230706 09:55:27.638320 3002020 worker.cc:519] [worker] Thread #140484504688384 started
I20230706 09:55:27.638361 3002020 worker.cc:519] [worker] Thread #140484931344128 started
I20230706 09:55:27.638401 3002020 worker.cc:519] [worker] Thread #140484922951424 started
I20230706 09:55:27.638438 3002020 worker.cc:519] [worker] Thread #140484914558720 started
I20230706 09:55:27.638478 3002020 worker.cc:519] [worker] Thread #140484906166016 started
I20230706 09:55:27.638520 3002020 worker.cc:519] [worker] Thread #140484555044608 started
I20230706 09:55:27.638558 3002020 worker.cc:519] [worker] Thread #140484546651904 started
I20230706 09:55:27.638686 3002020 server.cc:211] [server] Ready to accept connections
I20230706 09:55:28.263852 3002265 cluster.cc:286] MASTER MODE enabled by cluster topology setting
I20230706 09:55:30.757568 3002032 event_listener.cc:84] [event_listener/flush_begin] column family: default, thread_id: 3002032, job_id: 3, reason: 6
I20230706 09:55:31.192905 3002032 event_listener.cc:138] [event_listener/table_file_created] column family: default, file path: /nvme/jinghuan/node_40001/db/000016.sst, file size: 83044147, job id: 3, reason: flush, status: OK
I20230706 09:55:31.203850 3002032 event_listener.cc:91] [event_listener/flush_completed] column family: default, thread_id: 3002032, job_id: 3, file: /nvme/jinghuan/node_40001/db/000016.sst, reason: 6, is_write_slowdown: no, is_write_stall: no, largest seqno: 716484, smallest seqno: 1
I20230706 09:55:31.897732 3002030 event_listener.cc:138] [event_listener/table_file_created] column family: default, file path: /nvme/jinghuan/node_40001/db/000017.sst, file size: 83044143, job id: 4, reason: compaction, status: OK
I20230706 09:55:31.912184 3002030 event_listener.cc:71] [event_listener/compaction_completed] column family: default, compaction reason: 11, output compression type: no, base input level(files): 0(1), output level(files): 0(1), input bytes: 83044147, output bytes:83044143, is_manual_compaction:no, elapsed(micro): 694116
I20230706 09:55:31.923584 3002030 event_listener.cc:127] [event_listener/table_file_deleted] db: /nvme/jinghuan/node_40001/db, sst file: /nvme/jinghuan/node_40001/db/000016.sst, status: OK
I20230706 09:55:33.015102 3002033 event_listener.cc:84] [event_listener/flush_begin] column family: default, thread_id: 3002033, job_id: 5, reason: 6
I20230706 09:55:33.397215 3002033 event_listener.cc:138] [event_listener/table_file_created] column family: default, file path: /nvme/jinghuan/node_40001/db/000020.sst, file size: 76849727, job id: 5, reason: flush, status: OK
I20230706 09:55:33.406730 3002033 event_listener.cc:91] [event_listener/flush_completed] column family: default, thread_id: 3002033, job_id: 5, file: /nvme/jinghuan/node_40001/db/000020.sst, reason: 6, is_write_slowdown: no, is_write_stall: no, largest seqno: 1379509, smallest seqno: 716486
I20230706 09:55:35.213996 3002032 event_listener.cc:84] [event_listener/flush_begin] column family: default, thread_id: 3002032, job_id: 6, reason: 6
I20230706 09:55:35.596872 3002032 event_listener.cc:138] [event_listener/table_file_created] column family: default, file path: /nvme/jinghuan/node_40001/db/000023.sst, file size: 76795591, job id: 6, reason: flush, status: OK
I20230706 09:55:35.611038 3002032 event_listener.cc:91] [event_listener/flush_completed] column family: default, thread_id: 3002032, job_id: 6, file: /nvme/jinghuan/node_40001/db/000023.sst, reason: 6, is_write_slowdown: no, is_write_stall: no, largest seqno: 2042006, smallest seqno: 1379511
I20230706 09:55:37.466905 3002033 event_listener.cc:84] [event_listener/flush_begin] column family: default, thread_id: 3002033, job_id: 7, reason: 6
W20230706 09:55:38.515210 3002265 event_listener.cc:132] [event_listener/stall_cond_changed] column family: default write stall condition was changed, from normal to delay
I20230706 09:55:38.898051 3002032 event_listener.cc:84] [event_listener/flush_begin] column family: metadata, thread_id: 3002032, job_id: 8, reason: 13
I20230706 09:55:40.199091 3002032 event_listener.cc:138] [event_listener/table_file_created] column family: metadata, file path: /nvme/jinghuan/node_40001/db/000029.sst, file size: 19243637, job id: 8, reason: flush, status: OK
I20230706 09:55:40.207700 3002032 event_listener.cc:91] [event_listener/flush_completed] column family: metadata, thread_id: 3002032, job_id: 8, file: /nvme/jinghuan/node_40001/db/000029.sst, reason: 13, is_write_slowdown: no, is_write_stall: no, largest seqno: 3147551, smallest seqno: 11
I20230706 09:55:40.227770 3002032 event_listener.cc:84] [event_listener/flush_begin] column family: default, thread_id: 3002032, job_id: 9, reason: 6
I20230706 09:55:41.102882 3002033 event_listener.cc:138] [event_listener/table_file_created] column family: default, file path: /nvme/jinghuan/node_40001/db/000026.sst, file size: 78343279, job id: 7, reason: flush, status: OK
I20230706 09:55:41.110152 3002033 event_listener.cc:91] [event_listener/flush_completed] column family: default, thread_id: 3002033, job_id: 7, file: /nvme/jinghuan/node_40001/db/000026.sst, reason: 6, is_write_slowdown: no, is_write_stall: no, largest seqno: 2717879, smallest seqno: 2042008
W20230706 09:55:41.110355 3002033 event_listener.cc:132] [event_listener/stall_cond_changed] column family: default write stall condition was changed, from stop to normal
W20230706 09:55:41.110555 3002265 event_listener.cc:132] [event_listener/stall_cond_changed] column family: default write stall condition was changed, from delay to stop
I20230706 09:55:41.998502 3002031 event_listener.cc:138] [event_listener/table_file_created] column family: metadata, file path: /nvme/jinghuan/node_40001/db/000032.sst, file size: 19243633, job id: 10, reason: compaction, status: OK
I20230706 09:55:42.008071 3002031 event_listener.cc:71] [event_listener/compaction_completed] column family: metadata, compaction reason: 11, output compression type: no, base input level(files): 0(1), output level(files): 0(1), input bytes: 19243637, output bytes:19243633, is_manual_compaction:no, elapsed(micro): 1738183
I20230706 09:55:42.010502 3002031 event_listener.cc:127] [event_listener/table_file_deleted] db: /nvme/jinghuan/node_40001/db, sst file: /nvme/jinghuan/node_40001/db/000029.sst, status: OK
W20230706 09:55:42.248466 3002265 event_listener.cc:132] [event_listener/stall_cond_changed] column family: default write stall condition was changed, from normal to delay
I20230706 09:55:43.455801 3002033 event_listener.cc:84] [event_listener/flush_begin] column family: default, thread_id: 3002033, job_id: 12, reason: 6
I20230706 09:55:46.698421 3002032 event_listener.cc:138] [event_listener/table_file_created] column family: default, file path: /nvme/jinghuan/node_40001/db/000031.sst, file size: 77093431, job id: 9, reason: flush, status: OK
I20230706 09:55:46.704854 3002032 event_listener.cc:91] [event_listener/flush_completed] column family: default, thread_id: 3002032, job_id: 9, file: /nvme/jinghuan/node_40001/db/000031.sst, reason: 6, is_write_slowdown: no, is_write_stall: no, largest seqno: 3382983, smallest seqno: 2717881
W20230706 09:55:46.705097 3002032 event_listener.cc:132] [event_listener/stall_cond_changed] column family: default write stall condition was changed, from stop to normal
W20230706 09:55:46.705281 3002265 event_listener.cc:132] [event_listener/stall_cond_changed] column family: default write stall condition was changed, from delay to stop
W20230706 09:55:47.924902 3002259 event_listener.cc:132] [event_listener/stall_cond_changed] column family: default write stall condition was changed, from normal to delay
I20230706 09:55:49.152555 3002032 event_listener.cc:84] [event_listener/flush_begin] column family: default, thread_id: 3002032, job_id: 13, reason: 6
I20230706 09:55:49.608958 3002033 event_listener.cc:138] [event_listener/table_file_created] column family: default, file path: /nvme/jinghuan/node_40001/db/000036.sst, file size: 76786733, job id: 12, reason: flush, status: OK
I20230706 09:55:49.621420 3002033 event_listener.cc:91] [event_listener/flush_completed] column family: default, thread_id: 3002033, job_id: 12, file: /nvme/jinghuan/node_40001/db/000036.sst, reason: 6, is_write_slowdown: no, is_write_stall: no, largest seqno: 4045458, smallest seqno: 3382985
W20230706 09:55:49.621490 3002033 event_listener.cc:132] [event_listener/stall_cond_changed] column family: default write stall condition was changed, from stop to normal
W20230706 09:55:49.621878 3002259 event_listener.cc:132] [event_listener/stall_cond_changed] column family: default write stall condition was changed, from delay to stop
W20230706 09:55:50.803745 3002259 event_listener.cc:132] [event_listener/stall_cond_changed] column family: default write stall condition was changed, from normal to delay
I20230706 09:55:52.031911 3002033 event_listener.cc:84] [event_listener/flush_begin] column family: default, thread_id: 3002033, job_id: 14, reason: 6
I20230706 09:55:55.207455 3002032 event_listener.cc:138] [event_listener/table_file_created] column family: default, file path: /nvme/jinghuan/node_40001/db/000039.sst, file size: 79521095, job id: 13, reason: flush, status: OK
I20230706 09:55:55.222884 3002032 event_listener.cc:91] [event_listener/flush_completed] column family: default, thread_id: 3002032, job_id: 13, file: /nvme/jinghuan/node_40001/db/000039.sst, reason: 6, is_write_slowdown: no, is_write_stall: no, largest seqno: 4731550, smallest seqno: 4045460
W20230706 09:55:55.222967 3002032 event_listener.cc:132] [event_listener/stall_cond_changed] column family: default write stall condition was changed, from stop to normal
W20230706 09:55:55.223603 3002262 event_listener.cc:132] [event_listener/stall_cond_changed] column family: default write stall condition was changed, from delay to stop
W20230706 09:55:56.389963 3002265 event_listener.cc:132] [event_listener/stall_cond_changed] column family: default write stall condition was changed, from normal to delay
I20230706 09:55:57.406881 3002031 event_listener.cc:138] [event_listener/table_file_created] column family: default, file path: /nvme/jinghuan/node_40001/db/000033.sst, file size: 138727370, job id: 11, reason: compaction, status: OK
I20230706 09:55:57.588152 3002032 event_listener.cc:84] [event_listener/flush_begin] column family: default, thread_id: 3002032, job_id: 15, reason: 6
I20230706 09:55:58.618402 3002033 event_listener.cc:138] [event_listener/table_file_created] column family: default, file path: /nvme/jinghuan/node_40001/db/000042.sst, file size: 77240294, job id: 14, reason: flush, status: OK
I20230706 09:55:58.634917 3002033 event_listener.cc:91] [event_listener/flush_completed] column family: default, thread_id: 3002033, job_id: 14, file: /nvme/jinghuan/node_40001/db/000042.sst, reason: 6, is_write_slowdown: no, is_write_stall: no, largest seqno: 5397930, smallest seqno: 4731552
W20230706 09:55:58.635043 3002033 event_listener.cc:132] [event_listener/stall_cond_changed] column family: default write stall condition was changed, from stop to normal
W20230706 09:55:58.635882 3002265 event_listener.cc:132] [event_listener/stall_cond_changed] column family: default write stall condition was changed, from delay to stop
I20230706 09:55:59.439685 3002033 event_listener.cc:84] [event_listener/flush_begin] column family: metadata, thread_id: 3002033, job_id: 17, reason: 13
W20230706 09:55:59.760532 3002258 event_listener.cc:132] [event_listener/stall_cond_changed] column family: default write stall condition was changed, from normal to delay
I20230706 09:56:03.214459 3002033 event_listener.cc:138] [event_listener/table_file_created] column family: metadata, file path: /nvme/jinghuan/node_40001/db/000049.sst, file size: 19237715, job id: 17, reason: flush, status: OK
I20230706 09:56:03.223234 3002033 event_listener.cc:91] [event_listener/flush_completed] column family: metadata, thread_id: 3002033, job_id: 17, file: /nvme/jinghuan/node_40001/db/000049.sst, reason: 13, is_write_slowdown: no, is_write_stall: no, largest seqno: 6295113, smallest seqno: 3147562
I20230706 09:56:03.261435 3002033 event_listener.cc:84] [event_listener/flush_begin] column family: default, thread_id: 3002033, job_id: 18, reason: 6
I20230706 09:56:05.020334 3002032 event_listener.cc:138] [event_listener/table_file_created] column family: default, file path: /nvme/jinghuan/node_40001/db/000046.sst, file size: 77686616, job id: 15, reason: flush, status: OK
I20230706 09:56:05.036746 3002032 event_listener.cc:91] [event_listener/flush_completed] column family: default, thread_id: 3002032, job_id: 15, file: /nvme/jinghuan/node_40001/db/000046.sst, reason: 6, is_write_slowdown: no, is_write_stall: no, largest seqno: 6068160, smallest seqno: 5397932
W20230706 09:56:05.037236 3002032 event_listener.cc:132] [event_listener/stall_cond_changed] column family: default write stall condition was changed, from stop to normal
W20230706 09:56:05.037425 3002263 event_listener.cc:132] [event_listener/stall_cond_changed] column family: default write stall condition was changed, from delay to stop
W20230706 09:56:06.167811 3002258 event_listener.cc:132] [event_listener/stall_cond_changed] column family: default write stall condition was changed, from normal to delay
I20230706 09:56:07.360494 3002032 event_listener.cc:84] [event_listener/flush_begin] column family: default, thread_id: 3002032, job_id: 19, reason: 6
I20230706 09:56:10.836985 3002033 event_listener.cc:138] [event_listener/table_file_created] column family: default, file path: /nvme/jinghuan/node_40001/db/000052.sst, file size: 75536138, job id: 18, reason: flush, status: OK
I20230706 09:56:10.851342 3002033 event_listener.cc:91] [event_listener/flush_completed] column family: default, thread_id: 3002033, job_id: 18, file: /nvme/jinghuan/node_40001/db/000052.sst, reason: 6, is_write_slowdown: no, is_write_stall: no, largest seqno: 6719811, smallest seqno: 6068162
W20230706 09:56:10.851768 3002033 event_listener.cc:132] [event_listener/stall_cond_changed] column family: default write stall condition was changed, from stop to normal
W20230706 09:56:10.851979 3002265 event_listener.cc:132] [event_listener/stall_cond_changed] column family: default write stall condition was changed, from delay to stop
W20230706 09:56:12.019975 3002265 event_listener.cc:132] [event_listener/stall_cond_changed] column family: default write stall condition was changed, from normal to delay
I20230706 09:56:12.619952 3002031 event_listener.cc:138] [event_listener/table_file_created] column family: default, file path: /nvme/jinghuan/node_40001/db/000044.sst, file size: 138698576, job id: 11, reason: compaction, status: OK
I20230706 09:56:13.205961 3002033 event_listener.cc:84] [event_listener/flush_begin] column family: default, thread_id: 3002033, job_id: 20, reason: 6
I20230706 09:56:14.630578 3002032 event_listener.cc:138] [event_listener/table_file_created] column family: default, file path: /nvme/jinghuan/node_40001/db/000055.sst, file size: 76259132, job id: 19, reason: flush, status: OK
I20230706 09:56:14.647125 3002032 event_listener.cc:91] [event_listener/flush_completed] column family: default, thread_id: 3002032, job_id: 19, file: /nvme/jinghuan/node_40001/db/000055.sst, reason: 6, is_write_slowdown: no, is_write_stall: no, largest seqno: 7377721, smallest seqno: 6719813
W20230706 09:56:14.647245 3002032 event_listener.cc:132] [event_listener/stall_cond_changed] column family: default write stall condition was changed, from stop to normal
W20230706 09:56:14.648095 3002265 event_listener.cc:132] [event_listener/stall_cond_changed] column family: default write stall condition was changed, from delay to stop
W20230706 09:56:15.932839 3002264 event_listener.cc:132] [event_listener/stall_cond_changed] column family: default write stall condition was changed, from normal to delay
I20230706 09:56:16.519418 3002031 event_listener.cc:138] [event_listener/table_file_created] column family: default, file path: /nvme/jinghuan/node_40001/db/000057.sst, file size: 37458317, job id: 11, reason: compaction, status: OK
I20230706 09:56:16.539470 3002031 event_listener.cc:71] [event_listener/compaction_completed] column family: default, compaction reason: 1, output compression type: no, base input level(files): 0(4), output level(files): 1(3), input bytes: 315032740, output bytes:314884263, is_manual_compaction:no, elapsed(micro): 34508957
I20230706 09:56:16.547641 3002031 event_listener.cc:71] [event_listener/compaction_completed] column family: default, compaction reason: 2, output compression type: no, base input level(files): 1(1), output level(files): 2(1), input bytes: 0, output bytes:0, is_manual_compaction:no, elapsed(micro): 0
I20230706 09:56:17.270648 3002032 event_listener.cc:84] [event_listener/flush_begin] column family: default, thread_id: 3002032, job_id: 22, reason: 6
I20230706 09:56:19.922243 3002033 event_listener.cc:138] [event_listener/table_file_created] column family: default, file path: /nvme/jinghuan/node_40001/db/000059.sst, file size: 76172777, job id: 20, reason: flush, status: OK
I20230706 09:56:19.928630 3002033 event_listener.cc:91] [event_listener/flush_completed] column family: default, thread_id: 3002033, job_id: 20, file: /nvme/jinghuan/node_40001/db/000059.sst, reason: 6, is_write_slowdown: no, is_write_stall: no, largest seqno: 8034894, smallest seqno: 7377723
W20230706 09:56:19.928740 3002033 event_listener.cc:132] [event_listener/stall_cond_changed] column family: default write stall condition was changed, from stop to normal
W20230706 09:56:19.929064 3002264 event_listener.cc:132] [event_listener/stall_cond_changed] column family: default write stall condition was changed, from delay to stop
W20230706 09:56:21.214879 3002260 event_listener.cc:132] [event_listener/stall_cond_changed] column family: default write stall condition was changed, from normal to delay
I20230706 09:56:22.343701 3002033 event_listener.cc:84] [event_listener/flush_begin] column family: metadata, thread_id: 3002033, job_id: 24, reason: 13
I20230706 09:56:24.225715 3002033 event_listener.cc:138] [event_listener/table_file_created] column family: metadata, file path: /nvme/jinghuan/node_40001/db/000066.sst, file size: 19219093, job id: 24, reason: flush, status: OK
I20230706 09:56:24.235003 3002033 event_listener.cc:91] [event_listener/flush_completed] column family: metadata, thread_id: 3002033, job_id: 24, file: /nvme/jinghuan/node_40001/db/000066.sst, reason: 13, is_write_slowdown: no, is_write_stall: no, largest seqno: 9442642, smallest seqno: 6295124
I20230706 09:56:24.249943 3002033 event_listener.cc:84] [event_listener/flush_begin] column family: default, thread_id: 3002033, job_id: 25, reason: 6
I20230706 09:56:25.227608 3002032 event_listener.cc:138] [event_listener/table_file_created] column family: default, file path: /nvme/jinghuan/node_40001/db/000062.sst, file size: 85033222, job id: 22, reason: flush, status: OK
I20230706 09:56:25.234674 3002032 event_listener.cc:91] [event_listener/flush_completed] column family: default, thread_id: 3002032, job_id: 22, file: /nvme/jinghuan/node_40001/db/000062.sst, reason: 6, is_write_slowdown: no, is_write_stall: no, largest seqno: 8768550, smallest seqno: 8034896
W20230706 09:56:25.234850 3002032 event_listener.cc:132] [event_listener/stall_cond_changed] column family: default write stall condition was changed, from stop to normal
W20230706 09:56:25.235026 3002260 event_listener.cc:132] [event_listener/stall_cond_changed] column family: default write stall condition was changed, from delay to stop
W20230706 09:56:26.500414 3002260 event_listener.cc:132] [event_listener/stall_cond_changed] column family: default write stall condition was changed, from normal to delay
I20230706 09:56:27.835220 3002032 event_listener.cc:84] [event_listener/flush_begin] column family: default, thread_id: 3002032, job_id: 26, reason: 6
I20230706 09:56:32.236339 3002033 event_listener.cc:138] [event_listener/table_file_created] column family: default, file path: /nvme/jinghuan/node_40001/db/000068.sst, file size: 84926974, job id: 25, reason: flush, status: OK
I20230706 09:56:32.247650 3002033 event_listener.cc:91] [event_listener/flush_completed] column family: default, thread_id: 3002033, job_id: 25, file: /nvme/jinghuan/node_40001/db/000068.sst, reason: 6, is_write_slowdown: no, is_write_stall: no, largest seqno: 9501260, smallest seqno: 8768552
W20230706 09:56:32.247988 3002033 event_listener.cc:132] [event_listener/stall_cond_changed] column family: default write stall condition was changed, from stop to normal
W20230706 09:56:32.248189 3002259 event_listener.cc:132] [event_listener/stall_cond_changed] column family: default write stall condition was changed, from delay to stop
W20230706 09:56:33.538151 3002259 event_listener.cc:132] [event_listener/stall_cond_changed] column family: default write stall condition was changed, from normal to delay
I20230706 09:56:34.883407 3002033 event_listener.cc:84] [event_listener/flush_begin] column family: default, thread_id: 3002033, job_id: 27, reason: 6
I20230706 09:56:35.636955 3002032 event_listener.cc:138] [event_listener/table_file_created] column family: default, file path: /nvme/jinghuan/node_40001/db/000071.sst, file size: 84924632, job id: 26, reason: flush, status: OK
I20230706 09:56:35.648834 3002032 event_listener.cc:91] [event_listener/flush_completed] column family: default, thread_id: 3002032, job_id: 26, file: /nvme/jinghuan/node_40001/db/000071.sst, reason: 6, is_write_slowdown: no, is_write_stall: no, largest seqno: 10233981, smallest seqno: 9501262
W20230706 09:56:35.648942 3002032 event_listener.cc:132] [event_listener/stall_cond_changed] column family: default write stall condition was changed, from stop to normal
W20230706 09:56:35.649407 3002259 event_listener.cc:132] [event_listener/stall_cond_changed] column family: default write stall condition was changed, from delay to stop
W20230706 09:56:37.011734 3002263 event_listener.cc:132] [event_listener/stall_cond_changed] column family: default write stall condition was changed, from normal to delay
I20230706 09:56:38.402520 3002032 event_listener.cc:84] [event_listener/flush_begin] column family: default, thread_id: 3002032, job_id: 28, reason: 6
I20230706 09:56:40.931453 3002030 event_listener.cc:138] [event_listener/table_file_created] column family: default, file path: /nvme/jinghuan/node_40001/db/000047.sst, file size: 310526818, job id: 16, reason: compaction, status: OK
I20230706 09:56:40.952057 3002030 event_listener.cc:71] [event_listener/compaction_completed] column family: default, compaction reason: 1, output compression type: no, base input level(files): 0(4), output level(files): 0(1), input bytes: 310641553, output bytes:310526818, is_manual_compaction:no, elapsed(micro): 42296368
I20230706 09:56:40.960206 3002030 event_listener.cc:127] [event_listener/table_file_deleted] db: /nvme/jinghuan/node_40001/db, sst file: /nvme/jinghuan/node_40001/db/000026.sst, status: OK
I20230706 09:56:40.964987 3002030 event_listener.cc:127] [event_listener/table_file_deleted] db: /nvme/jinghuan/node_40001/db, sst file: /nvme/jinghuan/node_40001/db/000023.sst, status: OK
I20230706 09:56:40.970031 3002030 event_listener.cc:127] [event_listener/table_file_deleted] db: /nvme/jinghuan/node_40001/db, sst file: /nvme/jinghuan/node_40001/db/000020.sst, status: OK
I20230706 09:56:40.976065 3002030 event_listener.cc:127] [event_listener/table_file_deleted] db: /nvme/jinghuan/node_40001/db, sst file: /nvme/jinghuan/node_40001/db/000017.sst, status: OK
I20230706 09:56:42.247753 3002033 event_listener.cc:138] [event_listener/table_file_created] column family: default, file path: /nvme/jinghuan/node_40001/db/000074.sst, file size: 84808806, job id: 27, reason: flush, status: OK
I20230706 09:56:42.260951 3002033 event_listener.cc:91] [event_listener/flush_completed] column family: default, thread_id: 3002033, job_id: 27, file: /nvme/jinghuan/node_40001/db/000074.sst, reason: 6, is_write_slowdown: no, is_write_stall: no, largest seqno: 10965679, smallest seqno: 10233983
W20230706 09:56:42.261276 3002033 event_listener.cc:132] [event_listener/stall_cond_changed] column family: default write stall condition was changed, from stop to normal
W20230706 09:56:42.261723 3002262 event_listener.cc:132] [event_listener/stall_cond_changed] column family: default write stall condition was changed, from delay to stop
W20230706 09:56:43.703941 3002261 event_listener.cc:132] [event_listener/stall_cond_changed] column family: default write stall condition was changed, from normal to delay
I20230706 09:56:45.189083 3002033 event_listener.cc:84] [event_listener/flush_begin] column family: default, thread_id: 3002033, job_id: 31, reason: 6
I20230706 09:56:46.043690 3002032 event_listener.cc:138] [event_listener/table_file_created] column family: default, file path: /nvme/jinghuan/node_40001/db/000077.sst, file size: 84904783, job id: 28, reason: flush, status: OK
I20230706 09:56:46.057976 3002032 event_listener.cc:91] [event_listener/flush_completed] column family: default, thread_id: 3002032, job_id: 28, file: /nvme/jinghuan/node_40001/db/000077.sst, reason: 6, is_write_slowdown: no, is_write_stall: no, largest seqno: 11698202, smallest seqno: 10965681
W20230706 09:56:46.058077 3002032 event_listener.cc:132] [event_listener/stall_cond_changed] column family: default write stall condition was changed, from stop to normal
W20230706 09:56:46.058521 3002261 event_listener.cc:132] [event_listener/stall_cond_changed] column family: default write stall condition was changed, from delay to stop
I20230706 09:56:46.647270 3002032 event_listener.cc:84] [event_listener/flush_begin] column family: metadata, thread_id: 3002032, job_id: 32, reason: 13
W20230706 09:56:47.189828 3002265 event_listener.cc:132] [event_listener/stall_cond_changed] column family: default write stall condition was changed, from normal to delay
I20230706 09:56:48.536772 3002032 event_listener.cc:138] [event_listener/table_file_created] column family: metadata, file path: /nvme/jinghuan/node_40001/db/000083.sst, file size: 19220589, job id: 32, reason: flush, status: OK
I20230706 09:56:48.547523 3002032 event_listener.cc:91] [event_listener/flush_completed] column family: metadata, thread_id: 3002032, job_id: 32, file: /nvme/jinghuan/node_40001/db/000083.sst, reason: 13, is_write_slowdown: no, is_write_stall: no, largest seqno: 12590204, smallest seqno: 9442653
I20230706 09:56:48.587113 3002032 event_listener.cc:84] [event_listener/flush_begin] column family: default, thread_id: 3002032, job_id: 33, reason: 6
I20230706 09:56:52.951278 3002033 event_listener.cc:138] [event_listener/table_file_created] column family: default, file path: /nvme/jinghuan/node_40001/db/000081.sst, file size: 84878944, job id: 31, reason: flush, status: OK
I20230706 09:56:52.963913 3002033 event_listener.cc:91] [event_listener/flush_completed] column family: default, thread_id: 3002033, job_id: 31, file: /nvme/jinghuan/node_40001/db/000081.sst, reason: 6, is_write_slowdown: no, is_write_stall: no, largest seqno: 12430549, smallest seqno: 11698204
W20230706 09:56:52.964347 3002033 event_listener.cc:132] [event_listener/stall_cond_changed] column family: default write stall condition was changed, from stop to normal
W20230706 09:56:52.964545 3002265 event_listener.cc:132] [event_listener/stall_cond_changed] column family: default write stall condition was changed, from delay to stop
W20230706 09:56:54.137919 3002265 event_listener.cc:132] [event_listener/stall_cond_changed] column family: default write stall condition was changed, from normal to delay
I20230706 09:56:55.343142 3002033 event_listener.cc:84] [event_listener/flush_begin] column family: default, thread_id: 3002033, job_id: 34, reason: 6
I20230706 09:56:55.352989 3002032 event_listener.cc:138] [event_listener/table_file_created] column family: default, file path: /nvme/jinghuan/node_40001/db/000086.sst, file size: 76317841, job id: 33, reason: flush, status: OK
I20230706 09:56:55.368292 3002032 event_listener.cc:91] [event_listener/flush_completed] column family: default, thread_id: 3002032, job_id: 33, file: /nvme/jinghuan/node_40001/db/000086.sst, reason: 6, is_write_slowdown: no, is_write_stall: no, largest seqno: 13089009, smallest seqno: 12430551
W20230706 09:56:55.368587 3002032 event_listener.cc:132] [event_listener/stall_cond_changed] column family: default write stall condition was changed, from stop to normal
W20230706 09:56:55.368726 3002258 event_listener.cc:132] [event_listener/stall_cond_changed] column family: default write stall condition was changed, from delay to stop
I20230706 09:56:56.242509 3002031 event_listener.cc:138] [event_listener/table_file_created] column family: default, file path: /nvme/jinghuan/node_40001/db/000063.sst, file size: 305523550, job id: 23, reason: compaction, status: OK
I20230706 09:56:56.264744 3002031 event_listener.cc:71] [event_listener/compaction_completed] column family: default, compaction reason: 1, output compression type: no, base input level(files): 0(4), output level(files): 0(1), input bytes: 305654663, output bytes:305523550, is_manual_compaction:no, elapsed(micro): 36313855
I20230706 09:56:56.271153 3002031 event_listener.cc:127] [event_listener/table_file_deleted] db: /nvme/jinghuan/node_40001/db, sst file: /nvme/jinghuan/node_40001/db/000042.sst, status: OK
I20230706 09:56:56.276947 3002031 event_listener.cc:127] [event_listener/table_file_deleted] db: /nvme/jinghuan/node_40001/db, sst file: /nvme/jinghuan/node_40001/db/000039.sst, status: OK
I20230706 09:56:56.282091 3002031 event_listener.cc:127] [event_listener/table_file_deleted] db: /nvme/jinghuan/node_40001/db, sst file: /nvme/jinghuan/node_40001/db/000036.sst, status: OK
I20230706 09:56:56.287014 3002031 event_listener.cc:127] [event_listener/table_file_deleted] db: /nvme/jinghuan/node_40001/db, sst file: /nvme/jinghuan/node_40001/db/000031.sst, status: OK
W20230706 09:56:56.544661 3002265 event_listener.cc:132] [event_listener/stall_cond_changed] column family: default write stall condition was changed, from normal to delay
I20230706 09:56:57.753885 3002032 event_listener.cc:84] [event_listener/flush_begin] column family: default, thread_id: 3002032, job_id: 37, reason: 6
I20230706 09:57:01.755436 3002033 event_listener.cc:138] [event_listener/table_file_created] column family: default, file path: /nvme/jinghuan/node_40001/db/000089.sst, file size: 75653441, job id: 34, reason: flush, status: OK
I20230706 09:57:01.768369 3002033 event_listener.cc:91] [event_listener/flush_completed] column family: default, thread_id: 3002033, job_id: 34, file: /nvme/jinghuan/node_40001/db/000089.sst, reason: 6, is_write_slowdown: no, is_write_stall: no, largest seqno: 13741661, smallest seqno: 13089011
W20230706 09:57:01.768465 3002033 event_listener.cc:132] [event_listener/stall_cond_changed] column family: default write stall condition was changed, from stop to normal
W20230706 09:57:01.768999 3002265 event_listener.cc:132] [event_listener/stall_cond_changed] column family: default write stall condition was changed, from delay to stop
W20230706 09:57:03.074407 3002263 event_listener.cc:132] [event_listener/stall_cond_changed] column family: default write stall condition was changed, from normal to delay
I20230706 09:57:03.757524 3002032 event_listener.cc:138] [event_listener/table_file_created] column family: default, file path: /nvme/jinghuan/node_40001/db/000093.sst, file size: 76184499, job id: 37, reason: flush, status: OK
I20230706 09:57:03.773005 3002032 event_listener.cc:91] [event_listener/flush_completed] column family: default, thread_id: 3002032, job_id: 37, file: /nvme/jinghuan/node_40001/db/000093.sst, reason: 6, is_write_slowdown: no, is_write_stall: no, largest seqno: 14398889, smallest seqno: 13741663
W20230706 09:57:03.773077 3002032 event_listener.cc:132] [event_listener/stall_cond_changed] column family: default write stall condition was changed, from delay to normal
I20230706 09:57:04.257189 3002031 event_listener.cc:138] [event_listener/table_file_created] column family: metadata, file path: /nvme/jinghuan/node_40001/db/000090.sst, file size: 76274418, job id: 36, reason: compaction, status: OK
I20230706 09:57:04.271754 3002031 event_listener.cc:71] [event_listener/compaction_completed] column family: metadata, compaction reason: 1, output compression type: no, base input level(files): 0(4), output level(files): 1(1), input bytes: 76921030, output bytes:76274418, is_manual_compaction:no, elapsed(micro): 7970144
I20230706 09:57:04.275691 3002031 event_listener.cc:127] [event_listener/table_file_deleted] db: /nvme/jinghuan/node_40001/db, sst file: /nvme/jinghuan/node_40001/db/000066.sst, status: OK
I20230706 09:57:04.279402 3002031 event_listener.cc:127] [event_listener/table_file_deleted] db: /nvme/jinghuan/node_40001/db, sst file: /nvme/jinghuan/node_40001/db/000049.sst, status: OK
I20230706 09:57:04.280951 3002031 event_listener.cc:127] [event_listener/table_file_deleted] db: /nvme/jinghuan/node_40001/db, sst file: /nvme/jinghuan/node_40001/db/000032.sst, status: OK
I20230706 09:57:04.437515 3002033 event_listener.cc:84] [event_listener/flush_begin] column family: default, thread_id: 3002033, job_id: 39, reason: 6
W20230706 09:57:05.777065 3002263 event_listener.cc:132] [event_listener/stall_cond_changed] column family: default write stall condition was changed, from normal to delay
I20230706 09:57:06.699322 3002032 event_listener.cc:84] [event_listener/flush_begin] column family: metadata, thread_id: 3002032, job_id: 40, reason: 13
I20230706 09:57:08.549820 3002032 event_listener.cc:138] [event_listener/table_file_created] column family: metadata, file path: /nvme/jinghuan/node_40001/db/000100.sst, file size: 19250474, job id: 40, reason: flush, status: OK
I20230706 09:57:08.557865 3002032 event_listener.cc:91] [event_listener/flush_completed] column family: metadata, thread_id: 3002032, job_id: 40, file: /nvme/jinghuan/node_40001/db/000100.sst, reason: 13, is_write_slowdown: no, is_write_stall: no, largest seqno: 15737810, smallest seqno: 12590215
I20230706 09:57:08.572358 3002032 event_listener.cc:84] [event_listener/flush_begin] column family: default, thread_id: 3002032, job_id: 41, reason: 6
I20230706 09:57:11.364466 3002033 event_listener.cc:138] [event_listener/table_file_created] column family: default, file path: /nvme/jinghuan/node_40001/db/000097.sst, file size: 84912239, job id: 39, reason: flush, status: OK
I20230706 09:57:11.377326 3002033 event_listener.cc:91] [event_listener/flush_completed] column family: default, thread_id: 3002033, job_id: 39, file: /nvme/jinghuan/node_40001/db/000097.sst, reason: 6, is_write_slowdown: no, is_write_stall: no, largest seqno: 15131489, smallest seqno: 14398891
W20230706 09:57:11.377719 3002033 event_listener.cc:132] [event_listener/stall_cond_changed] column family: default write stall condition was changed, from stop to normal
W20230706 09:57:11.377909 3002262 event_listener.cc:132] [event_listener/stall_cond_changed] column family: default write stall condition was changed, from delay to stop
I20230706 09:57:12.156498 3002030 event_listener.cc:138] [event_listener/table_file_created] column family: default, file path: /nvme/jinghuan/node_40001/db/000078.sst, file size: 339533151, job id: 30, reason: compaction, status: OK
I20230706 09:57:12.176828 3002030 event_listener.cc:71] [event_listener/compaction_completed] column family: default, compaction reason: 1, output compression type: no, base input level(files): 0(4), output level(files): 0(1), input bytes: 339693634, output bytes:339533151, is_manual_compaction:no, elapsed(micro): 29895298
I20230706 09:57:12.178776 3002030 event_listener.cc:127] [event_listener/table_file_deleted] db: /nvme/jinghuan/node_40001/db, sst file: /nvme/jinghuan/node_40001/db/000083.sst, status: OK
I20230706 09:57:12.185685 3002030 event_listener.cc:127] [event_listener/table_file_deleted] db: /nvme/jinghuan/node_40001/db, sst file: /nvme/jinghuan/node_40001/db/000059.sst, status: OK
I20230706 09:57:12.191061 3002030 event_listener.cc:127] [event_listener/table_file_deleted] db: /nvme/jinghuan/node_40001/db, sst file: /nvme/jinghuan/node_40001/db/000055.sst, status: OK
I20230706 09:57:12.195746 3002030 event_listener.cc:127] [event_listener/table_file_deleted] db: /nvme/jinghuan/node_40001/db, sst file: /nvme/jinghuan/node_40001/db/000052.sst, status: OK
I20230706 09:57:12.200568 3002030 event_listener.cc:127] [event_listener/table_file_deleted] db: /nvme/jinghuan/node_40001/db, sst file: /nvme/jinghuan/node_40001/db/000046.sst, status: OK
W20230706 09:57:12.549942 3002265 event_listener.cc:132] [event_listener/stall_cond_changed] column family: default write stall condition was changed, from normal to delay
I20230706 09:57:13.761613 3002032 event_listener.cc:138] [event_listener/table_file_created] column family: default, file path: /nvme/jinghuan/node_40001/db/000102.sst, file size: 85045866, job id: 41, reason: flush, status: OK
I20230706 09:57:13.797396 3002032 event_listener.cc:91] [event_listener/flush_completed] column family: default, thread_id: 3002032, job_id: 41, file: /nvme/jinghuan/node_40001/db/000102.sst, reason: 6, is_write_slowdown: no, is_write_stall: no, largest seqno: 15865244, smallest seqno: 15131491
W20230706 09:57:13.797511 3002032 event_listener.cc:132] [event_listener/stall_cond_changed] column family: default write stall condition was changed, from stop to normal
W20230706 09:57:13.797600 3002265 event_listener.cc:132] [event_listener/stall_cond_changed] column family: default write stall condition was changed, from delay to stop
I20230706 09:57:13.815173 3002033 event_listener.cc:84] [event_listener/flush_begin] column family: default, thread_id: 3002033, job_id: 45, reason: 6
W20230706 09:57:15.043823 3002265 event_listener.cc:132] [event_listener/stall_cond_changed] column family: default write stall condition was changed, from normal to delay
I20230706 09:57:16.262457 3002032 event_listener.cc:84] [event_listener/flush_begin] column family: default, thread_id: 3002032, job_id: 49, reason: 6
I20230706 09:57:16.458415 3002033 event_listener.cc:138] [event_listener/table_file_created] column family: default, file path: /nvme/jinghuan/node_40001/db/000105.sst, file size: 75919058, job id: 45, reason: flush, status: OK
I20230706 09:57:16.464998 3002033 event_listener.cc:91] [event_listener/flush_completed] column family: default, thread_id: 3002033, job_id: 45, file: /nvme/jinghuan/node_40001/db/000105.sst, reason: 6, is_write_slowdown: no, is_write_stall: no, largest seqno: 16520195, smallest seqno: 15865246
W20230706 09:57:16.465075 3002033 event_listener.cc:132] [event_listener/stall_cond_changed] column family: default write stall condition was changed, from stop to normal
W20230706 09:57:16.465359 3002265 event_listener.cc:132] [event_listener/stall_cond_changed] column family: default write stall condition was changed, from delay to stop
W20230706 09:57:17.653750 3002261 event_listener.cc:132] [event_listener/stall_cond_changed] column family: default write stall condition was changed, from normal to delay
I20230706 09:57:18.901975 3002033 event_listener.cc:84] [event_listener/flush_begin] column family: default, thread_id: 3002033, job_id: 53, reason: 6
I20230706 09:57:19.165606 3002032 event_listener.cc:138] [event_listener/table_file_created] column family: default, file path: /nvme/jinghuan/node_40001/db/000108.sst, file size: 77092299, job id: 49, reason: flush, status: OK
I20230706 09:57:19.175289 3002032 event_listener.cc:91] [event_listener/flush_completed] column family: default, thread_id: 3002032, job_id: 49, file: /nvme/jinghuan/node_40001/db/000108.sst, reason: 6, is_write_slowdown: no, is_write_stall: no, largest seqno: 17185277, smallest seqno: 16520197
W20230706 09:57:19.175416 3002032 event_listener.cc:132] [event_listener/stall_cond_changed] column family: default write stall condition was changed, from stop to normal
W20230706 09:57:19.176424 3002261 event_listener.cc:132] [event_listener/stall_cond_changed] column family: default write stall condition was changed, from delay to stop
W20230706 09:57:20.380580 3002265 event_listener.cc:132] [event_listener/stall_cond_changed] column family: default write stall condition was changed, from normal to delay
I20230706 09:57:21.626283 3002032 event_listener.cc:84] [event_listener/flush_begin] column family: default, thread_id: 3002032, job_id: 55, reason: 6
I20230706 09:57:23.866361 3002033 event_listener.cc:138] [event_listener/table_file_created] column family: default, file path: /nvme/jinghuan/node_40001/db/000111.sst, file size: 77382096, job id: 53, reason: flush, status: OK
I20230706 09:57:23.880623 3002033 event_listener.cc:91] [event_listener/flush_completed] column family: default, thread_id: 3002033, job_id: 53, file: /nvme/jinghuan/node_40001/db/000111.sst, reason: 6, is_write_slowdown: no, is_write_stall: no, largest seqno: 17852878, smallest seqno: 17185279
W20230706 09:57:23.880703 3002033 event_listener.cc:132] [event_listener/stall_cond_changed] column family: default write stall condition was changed, from stop to normal
W20230706 09:57:23.881129 3002259 event_listener.cc:132] [event_listener/stall_cond_changed] column family: default write stall condition was changed, from delay to stop
W20230706 09:57:25.193926 3002262 event_listener.cc:132] [event_listener/stall_cond_changed] column family: default write stall condition was changed, from normal to delay
I20230706 09:57:25.232223 3002033 event_listener.cc:84] [event_listener/flush_begin] column family: metadata, thread_id: 3002033, job_id: 56, reason: 13
I20230706 09:57:26.966779 3002033 event_listener.cc:138] [event_listener/table_file_created] column family: metadata, file path: /nvme/jinghuan/node_40001/db/000118.sst, file size: 19250041, job id: 56, reason: flush, status: OK
I20230706 09:57:26.980152 3002033 event_listener.cc:91] [event_listener/flush_completed] column family: metadata, thread_id: 3002033, job_id: 56, file: /nvme/jinghuan/node_40001/db/000118.sst, reason: 13, is_write_slowdown: no, is_write_stall: no, largest seqno: 18885405, smallest seqno: 15737821
I20230706 09:57:27.010769 3002033 event_listener.cc:84] [event_listener/flush_begin] column family: default, thread_id: 3002033, job_id: 57, reason: 6
I20230706 09:57:27.569715 3002032 event_listener.cc:138] [event_listener/table_file_created] column family: default, file path: /nvme/jinghuan/node_40001/db/000115.sst, file size: 77181337, job id: 55, reason: flush, status: OK
I20230706 09:57:27.578434 3002032 event_listener.cc:91] [event_listener/flush_completed] column family: default, thread_id: 3002032, job_id: 55, file: /nvme/jinghuan/node_40001/db/000115.sst, reason: 6, is_write_slowdown: no, is_write_stall: no, largest seqno: 18518741, smallest seqno: 17852880
W20230706 09:57:27.578596 3002032 event_listener.cc:132] [event_listener/stall_cond_changed] column family: default write stall condition was changed, from stop to normal
W20230706 09:57:27.578781 3002262 event_listener.cc:132] [event_listener/stall_cond_changed] column family: default write stall condition was changed, from delay to stop
W20230706 09:57:28.904120 3002259 event_listener.cc:132] [event_listener/stall_cond_changed] column family: default write stall condition was changed, from normal to delay
I20230706 09:57:30.300518 3002032 event_listener.cc:84] [event_listener/flush_begin] column family: default, thread_id: 3002032, job_id: 58, reason: 6
I20230706 09:57:31.569417 3002033 event_listener.cc:138] [event_listener/table_file_created] column family: default, file path: /nvme/jinghuan/node_40001/db/000120.sst, file size: 84856676, job id: 57, reason: flush, status: OK
I20230706 09:57:31.583684 3002033 event_listener.cc:91] [event_listener/flush_completed] column family: default, thread_id: 3002033, job_id: 57, file: /nvme/jinghuan/node_40001/db/000120.sst, reason: 6, is_write_slowdown: no, is_write_stall: no, largest seqno: 19250846, smallest seqno: 18518743
W20230706 09:57:31.583992 3002033 event_listener.cc:132] [event_listener/stall_cond_changed] column family: default write stall condition was changed, from stop to normal
W20230706 09:57:31.584141 3002260 event_listener.cc:132] [event_listener/stall_cond_changed] column family: default write stall condition was changed, from delay to stop
W20230706 09:57:33.067492 3002264 event_listener.cc:132] [event_listener/stall_cond_changed] column family: default write stall condition was changed, from normal to delay
I20230706 09:57:34.610673 3002033 event_listener.cc:84] [event_listener/flush_begin] column family: default, thread_id: 3002033, job_id: 59, reason: 6
I20230706 09:57:34.772643 3002032 event_listener.cc:138] [event_listener/table_file_created] column family: default, file path: /nvme/jinghuan/node_40001/db/000123.sst, file size: 84911623, job id: 58, reason: flush, status: OK
I20230706 09:57:34.785079 3002032 event_listener.cc:91] [event_listener/flush_completed] column family: default, thread_id: 3002032, job_id: 58, file: /nvme/jinghuan/node_40001/db/000123.sst, reason: 6, is_write_slowdown: no, is_write_stall: no, largest seqno: 19983424, smallest seqno: 19250848
W20230706 09:57:34.785187 3002032 event_listener.cc:132] [event_listener/stall_cond_changed] column family: default write stall condition was changed, from stop to normal
W20230706 09:57:34.785816 3002264 event_listener.cc:132] [event_listener/stall_cond_changed] column family: default write stall condition was changed, from delay to stop
W20230706 09:57:36.228066 3002259 event_listener.cc:132] [event_listener/stall_cond_changed] column family: default write stall condition was changed, from normal to delay
I20230706 09:57:37.777006 3002032 event_listener.cc:84] [event_listener/flush_begin] column family: default, thread_id: 3002032, job_id: 60, reason: 6
I20230706 09:57:40.070449 3002031 event_listener.cc:138] [event_listener/table_file_created] column family: default, file path: /nvme/jinghuan/node_40001/db/000095.sst, file size: 397781753, job id: 38, reason: compaction, status: OK
I20230706 09:57:40.092537 3002031 event_listener.cc:71] [event_listener/compaction_completed] column family: default, compaction reason: 1, output compression type: no, base input level(files): 0(5), output level(files): 0(1), input bytes: 397939508, output bytes:397781753, is_manual_compaction:no, elapsed(micro): 35789584
I20230706 09:57:40.098177 3002031 event_listener.cc:127] [event_listener/table_file_deleted] db: /nvme/jinghuan/node_40001/db, sst file: /nvme/jinghuan/node_40001/db/000074.sst, status: OK
I20230706 09:57:40.104030 3002031 event_listener.cc:127] [event_listener/table_file_deleted] db: /nvme/jinghuan/node_40001/db, sst file: /nvme/jinghuan/node_40001/db/000071.sst, status: OK
I20230706 09:57:40.110069 3002031 event_listener.cc:127] [event_listener/table_file_deleted] db: /nvme/jinghuan/node_40001/db, sst file: /nvme/jinghuan/node_40001/db/000068.sst, status: OK
I20230706 09:57:40.115468 3002031 event_listener.cc:127] [event_listener/table_file_deleted] db: /nvme/jinghuan/node_40001/db, sst file: /nvme/jinghuan/node_40001/db/000062.sst, status: OK
