Log file created at: 2023/07/07 10:23:23
Running on machine: en4217754l
Running duration (h:mm:ss): 0:00:00
Log line format: [IWEF]yyyymmdd hh:mm:ss.uuuuuu threadid file:line] msg
I20230707 10:23:23.092314 61192 main.cc:328] kvrocks unstable (commit 4a10c89)
I20230707 10:23:23.508074 61192 storage.cc:322] [storage] Success to load the data from disk: 91 ms
I20230707 10:23:23.508716 61192 worker.cc:72] [worker] Listening on: 10.218.109.65:40001
I20230707 10:23:23.508745 61192 worker.cc:72] [worker] Listening on: 127.0.0.1:40001
I20230707 10:23:23.508973 61192 worker.cc:72] [worker] Listening on: 10.218.109.65:40001
I20230707 10:23:23.508996 61192 worker.cc:72] [worker] Listening on: 127.0.0.1:40001
I20230707 10:23:23.509155 61192 worker.cc:72] [worker] Listening on: 10.218.109.65:40001
I20230707 10:23:23.509176 61192 worker.cc:72] [worker] Listening on: 127.0.0.1:40001
I20230707 10:23:23.509328 61192 worker.cc:72] [worker] Listening on: 10.218.109.65:40001
I20230707 10:23:23.509347 61192 worker.cc:72] [worker] Listening on: 127.0.0.1:40001
I20230707 10:23:23.509502 61192 worker.cc:72] [worker] Listening on: 10.218.109.65:40001
I20230707 10:23:23.509521 61192 worker.cc:72] [worker] Listening on: 127.0.0.1:40001
I20230707 10:23:23.509665 61192 worker.cc:72] [worker] Listening on: 10.218.109.65:40001
I20230707 10:23:23.509683 61192 worker.cc:72] [worker] Listening on: 127.0.0.1:40001
I20230707 10:23:23.509824 61192 worker.cc:72] [worker] Listening on: 10.218.109.65:40001
I20230707 10:23:23.509841 61192 worker.cc:72] [worker] Listening on: 127.0.0.1:40001
I20230707 10:23:23.509984 61192 worker.cc:72] [worker] Listening on: 10.218.109.65:40001
I20230707 10:23:23.510002 61192 worker.cc:72] [worker] Listening on: 127.0.0.1:40001
W20230707 10:23:23.510126 61192 server.cc:1650] [server] Increased maximum number of open files to 14224 (it's originally set to 1024)
I20230707 10:23:23.510340 61192 cluster.cc:643] The cluster nodes file /nvme/jinghuan/node_40001/nodes.conf is not found. Use CLUSTERX subcommands to specify it.
I20230707 10:23:23.510361 61192 cluster.cc:643] The cluster nodes file /nvme/jinghuan/node_40001/nodes.conf is not found. Use CLUSTERX subcommands to specify it.
I20230707 10:23:23.513706 61192 worker.cc:519] [worker] Thread #140072816985856 started
I20230707 10:23:23.513746 61192 worker.cc:519] [worker] Thread #140072825378560 started
I20230707 10:23:23.513808 61192 worker.cc:519] [worker] Thread #140073195661056 started
I20230707 10:23:23.513859 61192 worker.cc:519] [worker] Thread #140073187268352 started
I20230707 10:23:23.513906 61192 worker.cc:519] [worker] Thread #140073110599424 started
I20230707 10:23:23.513957 61192 worker.cc:519] [worker] Thread #140073102206720 started
I20230707 10:23:23.514010 61192 worker.cc:519] [worker] Thread #140073077335808 started
I20230707 10:23:23.514058 61192 worker.cc:519] [worker] Thread #140073068943104 started
I20230707 10:23:23.514215 61192 server.cc:211] [server] Ready to accept connections
I20230707 10:23:24.127396 61436 cluster.cc:286] MASTER MODE enabled by cluster topology setting
I20230707 10:23:26.441432 61207 event_listener.cc:84] [event_listener/flush_begin] column family: default, thread_id: 61207, job_id: 3, reason: 6
I20230707 10:23:26.855792 61207 event_listener.cc:138] [event_listener/table_file_created] column family: default, file path: /nvme/jinghuan/node_40001/db/000016.sst, file size: 77374968, job id: 3, reason: flush, status: OK
I20230707 10:23:26.871114 61207 event_listener.cc:91] [event_listener/flush_completed] column family: default, thread_id: 61207, job_id: 3, file: /nvme/jinghuan/node_40001/db/000016.sst, reason: 6, is_write_slowdown: no, is_write_stall: no, largest seqno: 667556, smallest seqno: 1
I20230707 10:23:27.533294 61205 event_listener.cc:138] [event_listener/table_file_created] column family: default, file path: /nvme/jinghuan/node_40001/db/000017.sst, file size: 77374964, job id: 4, reason: compaction, status: OK
I20230707 10:23:27.545569 61205 event_listener.cc:71] [event_listener/compaction_completed] column family: default, compaction reason: 11, output compression type: no, base input level(files): 0(1), output level(files): 0(1), input bytes: 77374968, output bytes:77374964, is_manual_compaction:no, elapsed(micro): 662317
I20230707 10:23:27.551879 61205 event_listener.cc:127] [event_listener/table_file_deleted] db: /nvme/jinghuan/node_40001/db, sst file: /nvme/jinghuan/node_40001/db/000016.sst, status: OK
I20230707 10:23:28.656055 61208 event_listener.cc:84] [event_listener/flush_begin] column family: default, thread_id: 61208, job_id: 5, reason: 6
I20230707 10:23:29.045433 61208 event_listener.cc:138] [event_listener/table_file_created] column family: default, file path: /nvme/jinghuan/node_40001/db/000020.sst, file size: 76728875, job id: 5, reason: flush, status: OK
I20230707 10:23:29.054711 61208 event_listener.cc:91] [event_listener/flush_completed] column family: default, thread_id: 61208, job_id: 5, file: /nvme/jinghuan/node_40001/db/000020.sst, reason: 6, is_write_slowdown: no, is_write_stall: no, largest seqno: 1329547, smallest seqno: 667558
I20230707 10:23:30.917362 61207 event_listener.cc:84] [event_listener/flush_begin] column family: default, thread_id: 61207, job_id: 6, reason: 6
I20230707 10:23:31.310165 61207 event_listener.cc:138] [event_listener/table_file_created] column family: default, file path: /nvme/jinghuan/node_40001/db/000023.sst, file size: 78243199, job id: 6, reason: flush, status: OK
I20230707 10:23:31.319581 61207 event_listener.cc:91] [event_listener/flush_completed] column family: default, thread_id: 61207, job_id: 6, file: /nvme/jinghuan/node_40001/db/000023.sst, reason: 6, is_write_slowdown: no, is_write_stall: no, largest seqno: 2004551, smallest seqno: 1329549
I20230707 10:23:33.168967 61208 event_listener.cc:84] [event_listener/flush_begin] column family: default, thread_id: 61208, job_id: 7, reason: 6
W20230707 10:23:34.239171 61434 event_listener.cc:132] [event_listener/stall_cond_changed] column family: default write stall condition was changed, from normal to delay
I20230707 10:23:34.753002 61207 event_listener.cc:84] [event_listener/flush_begin] column family: metadata, thread_id: 61207, job_id: 8, reason: 13
I20230707 10:23:36.419677 61207 event_listener.cc:138] [event_listener/table_file_created] column family: metadata, file path: /nvme/jinghuan/node_40001/db/000029.sst, file size: 19243637, job id: 8, reason: flush, status: OK
I20230707 10:23:36.428035 61207 event_listener.cc:91] [event_listener/flush_completed] column family: metadata, thread_id: 61207, job_id: 8, file: /nvme/jinghuan/node_40001/db/000029.sst, reason: 13, is_write_slowdown: no, is_write_stall: no, largest seqno: 3147551, smallest seqno: 11
I20230707 10:23:36.445444 61207 event_listener.cc:84] [event_listener/flush_begin] column family: default, thread_id: 61207, job_id: 9, reason: 6
I20230707 10:23:36.826032 61208 event_listener.cc:138] [event_listener/table_file_created] column family: default, file path: /nvme/jinghuan/node_40001/db/000026.sst, file size: 77230019, job id: 7, reason: flush, status: OK
I20230707 10:23:36.840539 61208 event_listener.cc:91] [event_listener/flush_completed] column family: default, thread_id: 61208, job_id: 7, file: /nvme/jinghuan/node_40001/db/000026.sst, reason: 6, is_write_slowdown: no, is_write_stall: no, largest seqno: 2670832, smallest seqno: 2004553
W20230707 10:23:36.840977 61208 event_listener.cc:132] [event_listener/stall_cond_changed] column family: default write stall condition was changed, from stop to normal
W20230707 10:23:36.841198 61430 event_listener.cc:132] [event_listener/stall_cond_changed] column family: default write stall condition was changed, from delay to stop
W20230707 10:23:37.953670 61433 event_listener.cc:132] [event_listener/stall_cond_changed] column family: default write stall condition was changed, from normal to delay
I20230707 10:23:39.206902 61208 event_listener.cc:84] [event_listener/flush_begin] column family: default, thread_id: 61208, job_id: 12, reason: 6
I20230707 10:23:40.115183 61205 event_listener.cc:138] [event_listener/table_file_created] column family: metadata, file path: /nvme/jinghuan/node_40001/db/000034.sst, file size: 19243633, job id: 11, reason: compaction, status: OK
I20230707 10:23:40.126698 61205 event_listener.cc:71] [event_listener/compaction_completed] column family: metadata, compaction reason: 11, output compression type: no, base input level(files): 0(1), output level(files): 0(1), input bytes: 19243637, output bytes:19243633, is_manual_compaction:no, elapsed(micro): 2161598
I20230707 10:23:40.129390 61205 event_listener.cc:127] [event_listener/table_file_deleted] db: /nvme/jinghuan/node_40001/db, sst file: /nvme/jinghuan/node_40001/db/000029.sst, status: OK
I20230707 10:23:43.423308 61207 event_listener.cc:138] [event_listener/table_file_created] column family: default, file path: /nvme/jinghuan/node_40001/db/000031.sst, file size: 78319874, job id: 9, reason: flush, status: OK
I20230707 10:23:43.429838 61207 event_listener.cc:91] [event_listener/flush_completed] column family: default, thread_id: 61207, job_id: 9, file: /nvme/jinghuan/node_40001/db/000031.sst, reason: 6, is_write_slowdown: no, is_write_stall: no, largest seqno: 3346518, smallest seqno: 2670834
W20230707 10:23:43.429937 61207 event_listener.cc:132] [event_listener/stall_cond_changed] column family: default write stall condition was changed, from stop to normal
W20230707 10:23:43.431736 61436 event_listener.cc:132] [event_listener/stall_cond_changed] column family: default write stall condition was changed, from delay to stop
W20230707 10:23:44.577446 61433 event_listener.cc:132] [event_listener/stall_cond_changed] column family: default write stall condition was changed, from normal to delay
I20230707 10:23:45.422441 61208 event_listener.cc:138] [event_listener/table_file_created] column family: default, file path: /nvme/jinghuan/node_40001/db/000036.sst, file size: 78143896, job id: 12, reason: flush, status: OK
I20230707 10:23:45.428869 61208 event_listener.cc:91] [event_listener/flush_completed] column family: default, thread_id: 61208, job_id: 12, file: /nvme/jinghuan/node_40001/db/000036.sst, reason: 6, is_write_slowdown: no, is_write_stall: no, largest seqno: 4020708, smallest seqno: 3346520
W20230707 10:23:45.428930 61208 event_listener.cc:132] [event_listener/stall_cond_changed] column family: default write stall condition was changed, from delay to normal
I20230707 10:23:45.750407 61207 event_listener.cc:84] [event_listener/flush_begin] column family: default, thread_id: 61207, job_id: 13, reason: 6
W20230707 10:23:46.856279 61431 event_listener.cc:132] [event_listener/stall_cond_changed] column family: default write stall condition was changed, from normal to delay
I20230707 10:23:48.033972 61208 event_listener.cc:84] [event_listener/flush_begin] column family: default, thread_id: 61208, job_id: 14, reason: 6
I20230707 10:23:51.834754 61207 event_listener.cc:138] [event_listener/table_file_created] column family: default, file path: /nvme/jinghuan/node_40001/db/000039.sst, file size: 75917417, job id: 13, reason: flush, status: OK
I20230707 10:23:51.849900 61207 event_listener.cc:91] [event_listener/flush_completed] column family: default, thread_id: 61207, job_id: 13, file: /nvme/jinghuan/node_40001/db/000039.sst, reason: 6, is_write_slowdown: no, is_write_stall: no, largest seqno: 4675703, smallest seqno: 4020710
W20230707 10:23:51.850020 61207 event_listener.cc:132] [event_listener/stall_cond_changed] column family: default write stall condition was changed, from stop to normal
W20230707 10:23:51.850582 61431 event_listener.cc:132] [event_listener/stall_cond_changed] column family: default write stall condition was changed, from delay to stop
W20230707 10:23:53.003405 61432 event_listener.cc:132] [event_listener/stall_cond_changed] column family: default write stall condition was changed, from normal to delay
I20230707 10:23:53.622499 61206 event_listener.cc:138] [event_listener/table_file_created] column family: default, file path: /nvme/jinghuan/node_40001/db/000032.sst, file size: 138728182, job id: 10, reason: compaction, status: OK
I20230707 10:23:54.126127 61208 event_listener.cc:138] [event_listener/table_file_created] column family: default, file path: /nvme/jinghuan/node_40001/db/000042.sst, file size: 77173970, job id: 14, reason: flush, status: OK
I20230707 10:23:54.137230 61208 event_listener.cc:91] [event_listener/flush_completed] column family: default, thread_id: 61208, job_id: 14, file: /nvme/jinghuan/node_40001/db/000042.sst, reason: 6, is_write_slowdown: no, is_write_stall: no, largest seqno: 5341511, smallest seqno: 4675705
W20230707 10:23:54.137303 61208 event_listener.cc:132] [event_listener/stall_cond_changed] column family: default write stall condition was changed, from delay to normal
I20230707 10:23:54.233067 61207 event_listener.cc:84] [event_listener/flush_begin] column family: default, thread_id: 61207, job_id: 16, reason: 6
I20230707 10:23:55.188491 61208 event_listener.cc:84] [event_listener/flush_begin] column family: metadata, thread_id: 61208, job_id: 17, reason: 13
W20230707 10:23:55.333439 61433 event_listener.cc:132] [event_listener/stall_cond_changed] column family: default write stall condition was changed, from normal to delay
I20230707 10:23:58.137087 61208 event_listener.cc:138] [event_listener/table_file_created] column family: metadata, file path: /nvme/jinghuan/node_40001/db/000049.sst, file size: 19238174, job id: 17, reason: flush, status: OK
I20230707 10:23:58.154035 61208 event_listener.cc:91] [event_listener/flush_completed] column family: metadata, thread_id: 61208, job_id: 17, file: /nvme/jinghuan/node_40001/db/000049.sst, reason: 13, is_write_slowdown: no, is_write_stall: no, largest seqno: 6295124, smallest seqno: 3147562
I20230707 10:23:58.201874 61208 event_listener.cc:84] [event_listener/flush_begin] column family: default, thread_id: 61208, job_id: 18, reason: 6
I20230707 10:24:05.343869 61207 event_listener.cc:138] [event_listener/table_file_created] column family: default, file path: /nvme/jinghuan/node_40001/db/000047.sst, file size: 77558779, job id: 16, reason: flush, status: OK
I20230707 10:24:05.350219 61207 event_listener.cc:91] [event_listener/flush_completed] column family: default, thread_id: 61207, job_id: 16, file: /nvme/jinghuan/node_40001/db/000047.sst, reason: 6, is_write_slowdown: no, is_write_stall: no, largest seqno: 6010630, smallest seqno: 5341513
W20230707 10:24:05.350498 61207 event_listener.cc:132] [event_listener/stall_cond_changed] column family: default write stall condition was changed, from stop to normal
W20230707 10:24:05.350725 61433 event_listener.cc:132] [event_listener/stall_cond_changed] column family: default write stall condition was changed, from delay to stop
I20230707 10:24:05.437459 61208 event_listener.cc:138] [event_listener/table_file_created] column family: default, file path: /nvme/jinghuan/node_40001/db/000052.sst, file size: 76687941, job id: 18, reason: flush, status: OK
I20230707 10:24:05.445531 61208 event_listener.cc:91] [event_listener/flush_completed] column family: default, thread_id: 61208, job_id: 18, file: /nvme/jinghuan/node_40001/db/000052.sst, reason: 6, is_write_slowdown: no, is_write_stall: no, largest seqno: 6672225, smallest seqno: 6010632
I20230707 10:24:06.233218 61206 event_listener.cc:138] [event_listener/table_file_created] column family: default, file path: /nvme/jinghuan/node_40001/db/000044.sst, file size: 138700372, job id: 10, reason: compaction, status: OK
I20230707 10:24:08.032605 61207 event_listener.cc:84] [event_listener/flush_begin] column family: default, thread_id: 61207, job_id: 19, reason: 6
I20230707 10:24:08.433077 61206 event_listener.cc:138] [event_listener/table_file_created] column family: default, file path: /nvme/jinghuan/node_40001/db/000053.sst, file size: 32006871, job id: 10, reason: compaction, status: OK
I20230707 10:24:08.455349 61206 event_listener.cc:71] [event_listener/compaction_completed] column family: default, compaction reason: 1, output compression type: no, base input level(files): 0(4), output level(files): 1(3), input bytes: 309577057, output bytes:309435425, is_manual_compaction:no, elapsed(micro): 31592422
W20230707 10:24:09.231030 61435 event_listener.cc:132] [event_listener/stall_cond_changed] column family: default write stall condition was changed, from normal to delay
I20230707 10:24:09.241777 61206 event_listener.cc:71] [event_listener/compaction_completed] column family: default, compaction reason: 2, output compression type: no, base input level(files): 1(1), output level(files): 2(1), input bytes: 0, output bytes:0, is_manual_compaction:no, elapsed(micro): 0
I20230707 10:24:10.628616 61208 event_listener.cc:84] [event_listener/flush_begin] column family: default, thread_id: 61208, job_id: 21, reason: 6
I20230707 10:24:14.543862 61207 event_listener.cc:138] [event_listener/table_file_created] column family: default, file path: /nvme/jinghuan/node_40001/db/000056.sst, file size: 84879663, job id: 19, reason: flush, status: OK
I20230707 10:24:14.554534 61207 event_listener.cc:91] [event_listener/flush_completed] column family: default, thread_id: 61207, job_id: 19, file: /nvme/jinghuan/node_40001/db/000056.sst, reason: 6, is_write_slowdown: no, is_write_stall: no, largest seqno: 7404528, smallest seqno: 6672227
W20230707 10:24:14.554592 61207 event_listener.cc:132] [event_listener/stall_cond_changed] column family: default write stall condition was changed, from stop to normal
W20230707 10:24:14.554939 61435 event_listener.cc:132] [event_listener/stall_cond_changed] column family: default write stall condition was changed, from delay to stop
W20230707 10:24:15.744242 61430 event_listener.cc:132] [event_listener/stall_cond_changed] column family: default write stall condition was changed, from normal to delay
I20230707 10:24:16.647887 61208 event_listener.cc:138] [event_listener/table_file_created] column family: default, file path: /nvme/jinghuan/node_40001/db/000059.sst, file size: 85048383, job id: 21, reason: flush, status: OK
I20230707 10:24:16.654428 61208 event_listener.cc:91] [event_listener/flush_completed] column family: default, thread_id: 61208, job_id: 21, file: /nvme/jinghuan/node_40001/db/000059.sst, reason: 6, is_write_slowdown: no, is_write_stall: no, largest seqno: 8138294, smallest seqno: 7404530
W20230707 10:24:16.654469 61208 event_listener.cc:132] [event_listener/stall_cond_changed] column family: default write stall condition was changed, from delay to normal
I20230707 10:24:17.023748 61207 event_listener.cc:84] [event_listener/flush_begin] column family: default, thread_id: 61207, job_id: 23, reason: 6
W20230707 10:24:18.124598 61432 event_listener.cc:132] [event_listener/stall_cond_changed] column family: default write stall condition was changed, from normal to delay
I20230707 10:24:19.274760 61208 event_listener.cc:84] [event_listener/flush_begin] column family: metadata, thread_id: 61208, job_id: 24, reason: 13
I20230707 10:24:21.148864 61208 event_listener.cc:138] [event_listener/table_file_created] column family: metadata, file path: /nvme/jinghuan/node_40001/db/000066.sst, file size: 19219376, job id: 24, reason: flush, status: OK
I20230707 10:24:21.157420 61208 event_listener.cc:91] [event_listener/flush_completed] column family: metadata, thread_id: 61208, job_id: 24, file: /nvme/jinghuan/node_40001/db/000066.sst, reason: 13, is_write_slowdown: no, is_write_stall: no, largest seqno: 9442686, smallest seqno: 6295135
I20230707 10:24:21.172176 61208 event_listener.cc:84] [event_listener/flush_begin] column family: default, thread_id: 61208, job_id: 25, reason: 6
I20230707 10:24:24.655855 61207 event_listener.cc:138] [event_listener/table_file_created] column family: default, file path: /nvme/jinghuan/node_40001/db/000063.sst, file size: 77968480, job id: 23, reason: flush, status: OK
I20230707 10:24:24.662395 61207 event_listener.cc:91] [event_listener/flush_completed] column family: default, thread_id: 61207, job_id: 23, file: /nvme/jinghuan/node_40001/db/000063.sst, reason: 6, is_write_slowdown: no, is_write_stall: no, largest seqno: 8810966, smallest seqno: 8138296
W20230707 10:24:24.662606 61207 event_listener.cc:132] [event_listener/stall_cond_changed] column family: default write stall condition was changed, from stop to normal
W20230707 10:24:24.662851 61432 event_listener.cc:132] [event_listener/stall_cond_changed] column family: default write stall condition was changed, from delay to stop
W20230707 10:24:25.944686 61435 event_listener.cc:132] [event_listener/stall_cond_changed] column family: default write stall condition was changed, from normal to delay
I20230707 10:24:27.294659 61207 event_listener.cc:84] [event_listener/flush_begin] column family: default, thread_id: 61207, job_id: 26, reason: 6
I20230707 10:24:28.050474 61208 event_listener.cc:138] [event_listener/table_file_created] column family: default, file path: /nvme/jinghuan/node_40001/db/000068.sst, file size: 76984134, job id: 25, reason: flush, status: OK
I20230707 10:24:28.062294 61208 event_listener.cc:91] [event_listener/flush_completed] column family: default, thread_id: 61208, job_id: 25, file: /nvme/jinghuan/node_40001/db/000068.sst, reason: 6, is_write_slowdown: no, is_write_stall: no, largest seqno: 9475124, smallest seqno: 8810968
W20230707 10:24:28.062469 61208 event_listener.cc:132] [event_listener/stall_cond_changed] column family: default write stall condition was changed, from stop to normal
W20230707 10:24:28.062623 61436 event_listener.cc:132] [event_listener/stall_cond_changed] column family: default write stall condition was changed, from delay to stop
W20230707 10:24:29.315232 61437 event_listener.cc:132] [event_listener/stall_cond_changed] column family: default write stall condition was changed, from normal to delay
I20230707 10:24:30.581115 61208 event_listener.cc:84] [event_listener/flush_begin] column family: default, thread_id: 61208, job_id: 27, reason: 6
I20230707 10:24:34.354331 61205 event_listener.cc:138] [event_listener/table_file_created] column family: default, file path: /nvme/jinghuan/node_40001/db/000045.sst, file size: 309440605, job id: 15, reason: compaction, status: OK
I20230707 10:24:34.376417 61205 event_listener.cc:71] [event_listener/compaction_completed] column family: default, compaction reason: 1, output compression type: no, base input level(files): 0(4), output level(files): 0(1), input bytes: 309555157, output bytes:309440605, is_manual_compaction:no, elapsed(micro): 40216989
I20230707 10:24:34.389281 61205 event_listener.cc:127] [event_listener/table_file_deleted] db: /nvme/jinghuan/node_40001/db, sst file: /nvme/jinghuan/node_40001/db/000026.sst, status: OK
I20230707 10:24:34.395320 61205 event_listener.cc:127] [event_listener/table_file_deleted] db: /nvme/jinghuan/node_40001/db, sst file: /nvme/jinghuan/node_40001/db/000023.sst, status: OK
I20230707 10:24:34.401425 61205 event_listener.cc:127] [event_listener/table_file_deleted] db: /nvme/jinghuan/node_40001/db, sst file: /nvme/jinghuan/node_40001/db/000020.sst, status: OK
I20230707 10:24:34.407775 61205 event_listener.cc:127] [event_listener/table_file_deleted] db: /nvme/jinghuan/node_40001/db, sst file: /nvme/jinghuan/node_40001/db/000017.sst, status: OK
I20230707 10:24:34.759469 61207 event_listener.cc:138] [event_listener/table_file_created] column family: default, file path: /nvme/jinghuan/node_40001/db/000071.sst, file size: 85048463, job id: 26, reason: flush, status: OK
I20230707 10:24:34.770048 61207 event_listener.cc:91] [event_listener/flush_completed] column family: default, thread_id: 61207, job_id: 26, file: /nvme/jinghuan/node_40001/db/000071.sst, reason: 6, is_write_slowdown: no, is_write_stall: no, largest seqno: 10208912, smallest seqno: 9475126
W20230707 10:24:34.770186 61207 event_listener.cc:132] [event_listener/stall_cond_changed] column family: default write stall condition was changed, from stop to normal
W20230707 10:24:34.770356 61430 event_listener.cc:132] [event_listener/stall_cond_changed] column family: default write stall condition was changed, from delay to stop
W20230707 10:24:36.113636 61431 event_listener.cc:132] [event_listener/stall_cond_changed] column family: default write stall condition was changed, from normal to delay
I20230707 10:24:36.355893 61208 event_listener.cc:138] [event_listener/table_file_created] column family: default, file path: /nvme/jinghuan/node_40001/db/000074.sst, file size: 78193869, job id: 27, reason: flush, status: OK
I20230707 10:24:36.367530 61208 event_listener.cc:91] [event_listener/flush_completed] column family: default, thread_id: 61208, job_id: 27, file: /nvme/jinghuan/node_40001/db/000074.sst, reason: 6, is_write_slowdown: no, is_write_stall: no, largest seqno: 10883520, smallest seqno: 10208914
W20230707 10:24:36.367831 61208 event_listener.cc:132] [event_listener/stall_cond_changed] column family: default write stall condition was changed, from delay to normal
I20230707 10:24:37.314303 61207 event_listener.cc:84] [event_listener/flush_begin] column family: default, thread_id: 61207, job_id: 32, reason: 6
W20230707 10:24:38.483618 61432 event_listener.cc:132] [event_listener/stall_cond_changed] column family: default write stall condition was changed, from normal to delay
I20230707 10:24:39.772483 61208 event_listener.cc:84] [event_listener/flush_begin] column family: default, thread_id: 61208, job_id: 33, reason: 6
I20230707 10:24:44.961169 61207 event_listener.cc:138] [event_listener/table_file_created] column family: default, file path: /nvme/jinghuan/node_40001/db/000078.sst, file size: 80158496, job id: 32, reason: flush, status: OK
I20230707 10:24:44.967667 61207 event_listener.cc:91] [event_listener/flush_completed] column family: default, thread_id: 61207, job_id: 32, file: /nvme/jinghuan/node_40001/db/000078.sst, reason: 6, is_write_slowdown: no, is_write_stall: no, largest seqno: 11575079, smallest seqno: 10883522
W20230707 10:24:44.967797 61207 event_listener.cc:132] [event_listener/stall_cond_changed] column family: default write stall condition was changed, from stop to normal
W20230707 10:24:44.968428 61431 event_listener.cc:132] [event_listener/stall_cond_changed] column family: default write stall condition was changed, from delay to stop
I20230707 10:24:46.179677 61207 event_listener.cc:84] [event_listener/flush_begin] column family: metadata, thread_id: 61207, job_id: 34, reason: 13
W20230707 10:24:46.257788 61434 event_listener.cc:132] [event_listener/stall_cond_changed] column family: default write stall condition was changed, from normal to delay
I20230707 10:24:47.165207 61208 event_listener.cc:138] [event_listener/table_file_created] column family: default, file path: /nvme/jinghuan/node_40001/db/000081.sst, file size: 78850676, job id: 33, reason: flush, status: OK
I20230707 10:24:47.177917 61208 event_listener.cc:91] [event_listener/flush_completed] column family: default, thread_id: 61208, job_id: 33, file: /nvme/jinghuan/node_40001/db/000081.sst, reason: 6, is_write_slowdown: no, is_write_stall: no, largest seqno: 12255385, smallest seqno: 11575081
W20230707 10:24:47.177958 61208 event_listener.cc:132] [event_listener/stall_cond_changed] column family: default write stall condition was changed, from delay to normal
I20230707 10:24:47.573647 61208 event_listener.cc:84] [event_listener/flush_begin] column family: default, thread_id: 61208, job_id: 35, reason: 6
I20230707 10:24:48.063053 61207 event_listener.cc:138] [event_listener/table_file_created] column family: metadata, file path: /nvme/jinghuan/node_40001/db/000083.sst, file size: 19221422, job id: 34, reason: flush, status: OK
I20230707 10:24:48.069394 61207 event_listener.cc:91] [event_listener/flush_completed] column family: metadata, thread_id: 61207, job_id: 34, file: /nvme/jinghuan/node_40001/db/000083.sst, reason: 13, is_write_slowdown: no, is_write_stall: no, largest seqno: 12590303, smallest seqno: 9442697
W20230707 10:24:48.839756 61434 event_listener.cc:132] [event_listener/stall_cond_changed] column family: default write stall condition was changed, from normal to delay
I20230707 10:24:49.764873 61206 event_listener.cc:138] [event_listener/table_file_created] column family: default, file path: /nvme/jinghuan/node_40001/db/000061.sst, file size: 324042281, job id: 22, reason: compaction, status: OK
I20230707 10:24:49.786868 61206 event_listener.cc:71] [event_listener/compaction_completed] column family: default, compaction reason: 1, output compression type: no, base input level(files): 0(4), output level(files): 0(1), input bytes: 324174766, output bytes:324042281, is_manual_compaction:no, elapsed(micro): 33110439
I20230707 10:24:49.795218 61206 event_listener.cc:127] [event_listener/table_file_deleted] db: /nvme/jinghuan/node_40001/db, sst file: /nvme/jinghuan/node_40001/db/000042.sst, status: OK
I20230707 10:24:49.800843 61206 event_listener.cc:127] [event_listener/table_file_deleted] db: /nvme/jinghuan/node_40001/db, sst file: /nvme/jinghuan/node_40001/db/000039.sst, status: OK
I20230707 10:24:49.806500 61206 event_listener.cc:127] [event_listener/table_file_deleted] db: /nvme/jinghuan/node_40001/db, sst file: /nvme/jinghuan/node_40001/db/000036.sst, status: OK
I20230707 10:24:49.812217 61206 event_listener.cc:127] [event_listener/table_file_deleted] db: /nvme/jinghuan/node_40001/db, sst file: /nvme/jinghuan/node_40001/db/000031.sst, status: OK
I20230707 10:24:50.221207 61207 event_listener.cc:84] [event_listener/flush_begin] column family: default, thread_id: 61207, job_id: 38, reason: 6
I20230707 10:24:55.476548 61208 event_listener.cc:138] [event_listener/table_file_created] column family: default, file path: /nvme/jinghuan/node_40001/db/000086.sst, file size: 84915306, job id: 35, reason: flush, status: OK
I20230707 10:24:55.483786 61208 event_listener.cc:91] [event_listener/flush_completed] column family: default, thread_id: 61208, job_id: 35, file: /nvme/jinghuan/node_40001/db/000086.sst, reason: 6, is_write_slowdown: no, is_write_stall: no, largest seqno: 12988029, smallest seqno: 12255387
W20230707 10:24:55.483947 61208 event_listener.cc:132] [event_listener/stall_cond_changed] column family: default write stall condition was changed, from stop to normal
W20230707 10:24:55.484164 61430 event_listener.cc:132] [event_listener/stall_cond_changed] column family: default write stall condition was changed, from delay to stop
W20230707 10:24:56.721010 61437 event_listener.cc:132] [event_listener/stall_cond_changed] column family: default write stall condition was changed, from normal to delay
I20230707 10:24:56.867015 61206 event_listener.cc:138] [event_listener/table_file_created] column family: metadata, file path: /nvme/jinghuan/node_40001/db/000088.sst, file size: 76274487, job id: 37, reason: compaction, status: OK
I20230707 10:24:56.880453 61206 event_listener.cc:71] [event_listener/compaction_completed] column family: metadata, compaction reason: 1, output compression type: no, base input level(files): 0(4), output level(files): 1(1), input bytes: 76922605, output bytes:76274487, is_manual_compaction:no, elapsed(micro): 7054761
I20230707 10:24:56.882826 61206 event_listener.cc:127] [event_listener/table_file_deleted] db: /nvme/jinghuan/node_40001/db, sst file: /nvme/jinghuan/node_40001/db/000066.sst, status: OK
I20230707 10:24:56.884981 61206 event_listener.cc:127] [event_listener/table_file_deleted] db: /nvme/jinghuan/node_40001/db, sst file: /nvme/jinghuan/node_40001/db/000049.sst, status: OK
I20230707 10:24:56.886953 61206 event_listener.cc:127] [event_listener/table_file_deleted] db: /nvme/jinghuan/node_40001/db, sst file: /nvme/jinghuan/node_40001/db/000034.sst, status: OK
I20230707 10:24:57.280462 61207 event_listener.cc:138] [event_listener/table_file_created] column family: default, file path: /nvme/jinghuan/node_40001/db/000090.sst, file size: 85055218, job id: 38, reason: flush, status: OK
I20230707 10:24:57.287997 61207 event_listener.cc:91] [event_listener/flush_completed] column family: default, thread_id: 61207, job_id: 38, file: /nvme/jinghuan/node_40001/db/000090.sst, reason: 6, is_write_slowdown: no, is_write_stall: no, largest seqno: 13721806, smallest seqno: 12988031
W20230707 10:24:57.288105 61207 event_listener.cc:132] [event_listener/stall_cond_changed] column family: default write stall condition was changed, from delay to normal
I20230707 10:24:58.005604 61208 event_listener.cc:84] [event_listener/flush_begin] column family: default, thread_id: 61208, job_id: 41, reason: 6
W20230707 10:24:59.194587 61435 event_listener.cc:132] [event_listener/stall_cond_changed] column family: default write stall condition was changed, from normal to delay
I20230707 10:25:00.518263 61207 event_listener.cc:84] [event_listener/flush_begin] column family: default, thread_id: 61207, job_id: 42, reason: 6
I20230707 10:25:04.779271 61208 event_listener.cc:138] [event_listener/table_file_created] column family: default, file path: /nvme/jinghuan/node_40001/db/000094.sst, file size: 78717638, job id: 41, reason: flush, status: OK
I20230707 10:25:04.793396 61208 event_listener.cc:91] [event_listener/flush_completed] column family: default, thread_id: 61208, job_id: 41, file: /nvme/jinghuan/node_40001/db/000094.sst, reason: 6, is_write_slowdown: no, is_write_stall: no, largest seqno: 14400891, smallest seqno: 13721808
W20230707 10:25:04.793506 61208 event_listener.cc:132] [event_listener/stall_cond_changed] column family: default write stall condition was changed, from stop to normal
W20230707 10:25:04.794122 61437 event_listener.cc:132] [event_listener/stall_cond_changed] column family: default write stall condition was changed, from delay to stop
W20230707 10:25:06.106438 61436 event_listener.cc:132] [event_listener/stall_cond_changed] column family: default write stall condition was changed, from normal to delay
I20230707 10:25:06.376621 61207 event_listener.cc:138] [event_listener/table_file_created] column family: default, file path: /nvme/jinghuan/node_40001/db/000097.sst, file size: 76975577, job id: 42, reason: flush, status: OK
I20230707 10:25:06.383144 61207 event_listener.cc:91] [event_listener/flush_completed] column family: default, thread_id: 61207, job_id: 42, file: /nvme/jinghuan/node_40001/db/000097.sst, reason: 6, is_write_slowdown: no, is_write_stall: no, largest seqno: 15064994, smallest seqno: 14400893
W20230707 10:25:06.383267 61207 event_listener.cc:132] [event_listener/stall_cond_changed] column family: default write stall condition was changed, from delay to normal
I20230707 10:25:07.240240 61208 event_listener.cc:84] [event_listener/flush_begin] column family: metadata, thread_id: 61208, job_id: 43, reason: 13
I20230707 10:25:07.421169 61207 event_listener.cc:84] [event_listener/flush_begin] column family: default, thread_id: 61207, job_id: 44, reason: 6
W20230707 10:25:08.680321 61432 event_listener.cc:132] [event_listener/stall_cond_changed] column family: default write stall condition was changed, from normal to delay
I20230707 10:25:08.976837 61205 event_listener.cc:138] [event_listener/table_file_created] column family: default, file path: /nvme/jinghuan/node_40001/db/000076.sst, file size: 318034947, job id: 31, reason: compaction, status: OK
I20230707 10:25:08.988394 61208 event_listener.cc:138] [event_listener/table_file_created] column family: metadata, file path: /nvme/jinghuan/node_40001/db/000100.sst, file size: 19250903, job id: 43, reason: flush, status: OK
I20230707 10:25:08.999007 61205 event_listener.cc:71] [event_listener/compaction_completed] column family: default, compaction reason: 1, output compression type: no, base input level(files): 0(4), output level(files): 0(1), input bytes: 318194946, output bytes:318034947, is_manual_compaction:no, elapsed(micro): 32609075
I20230707 10:25:09.002074 61205 event_listener.cc:127] [event_listener/table_file_deleted] db: /nvme/jinghuan/node_40001/db, sst file: /nvme/jinghuan/node_40001/db/000083.sst, status: OK
I20230707 10:25:09.012589 61208 event_listener.cc:91] [event_listener/flush_completed] column family: metadata, thread_id: 61208, job_id: 43, file: /nvme/jinghuan/node_40001/db/000100.sst, reason: 13, is_write_slowdown: no, is_write_stall: no, largest seqno: 15737909, smallest seqno: 12590314
I20230707 10:25:09.013356 61205 event_listener.cc:127] [event_listener/table_file_deleted] db: /nvme/jinghuan/node_40001/db, sst file: /nvme/jinghuan/node_40001/db/000059.sst, status: OK
I20230707 10:25:09.019098 61205 event_listener.cc:127] [event_listener/table_file_deleted] db: /nvme/jinghuan/node_40001/db, sst file: /nvme/jinghuan/node_40001/db/000056.sst, status: OK
I20230707 10:25:09.024638 61205 event_listener.cc:127] [event_listener/table_file_deleted] db: /nvme/jinghuan/node_40001/db, sst file: /nvme/jinghuan/node_40001/db/000052.sst, status: OK
I20230707 10:25:09.030050 61205 event_listener.cc:127] [event_listener/table_file_deleted] db: /nvme/jinghuan/node_40001/db, sst file: /nvme/jinghuan/node_40001/db/000047.sst, status: OK
I20230707 10:25:10.041409 61208 event_listener.cc:84] [event_listener/flush_begin] column family: default, thread_id: 61208, job_id: 47, reason: 6
I20230707 10:25:13.781420 61207 event_listener.cc:138] [event_listener/table_file_created] column family: default, file path: /nvme/jinghuan/node_40001/db/000102.sst, file size: 85052036, job id: 44, reason: flush, status: OK
I20230707 10:25:13.795068 61207 event_listener.cc:91] [event_listener/flush_completed] column family: default, thread_id: 61207, job_id: 44, file: /nvme/jinghuan/node_40001/db/000102.sst, reason: 6, is_write_slowdown: no, is_write_stall: no, largest seqno: 15798804, smallest seqno: 15064996
W20230707 10:25:13.795163 61207 event_listener.cc:132] [event_listener/stall_cond_changed] column family: default write stall condition was changed, from stop to normal
W20230707 10:25:13.795496 61436 event_listener.cc:132] [event_listener/stall_cond_changed] column family: default write stall condition was changed, from delay to stop
I20230707 10:25:14.285064 61208 event_listener.cc:138] [event_listener/table_file_created] column family: default, file path: /nvme/jinghuan/node_40001/db/000105.sst, file size: 85057075, job id: 47, reason: flush, status: OK
I20230707 10:25:14.298255 61208 event_listener.cc:91] [event_listener/flush_completed] column family: default, thread_id: 61208, job_id: 47, file: /nvme/jinghuan/node_40001/db/000105.sst, reason: 6, is_write_slowdown: no, is_write_stall: no, largest seqno: 16532625, smallest seqno: 15798806
I20230707 10:25:16.160420 61207 event_listener.cc:84] [event_listener/flush_begin] column family: default, thread_id: 61207, job_id: 50, reason: 6
W20230707 10:25:17.262277 61431 event_listener.cc:132] [event_listener/stall_cond_changed] column family: default write stall condition was changed, from normal to delay
I20230707 10:25:18.560079 61208 event_listener.cc:84] [event_listener/flush_begin] column family: default, thread_id: 61208, job_id: 51, reason: 6
I20230707 10:25:21.496412 61207 event_listener.cc:138] [event_listener/table_file_created] column family: default, file path: /nvme/jinghuan/node_40001/db/000109.sst, file size: 75388485, job id: 50, reason: flush, status: OK
I20230707 10:25:21.513250 61207 event_listener.cc:91] [event_listener/flush_completed] column family: default, thread_id: 61207, job_id: 50, file: /nvme/jinghuan/node_40001/db/000109.sst, reason: 6, is_write_slowdown: no, is_write_stall: no, largest seqno: 17183000, smallest seqno: 16532627
W20230707 10:25:21.513370 61207 event_listener.cc:132] [event_listener/stall_cond_changed] column family: default write stall condition was changed, from stop to normal
W20230707 10:25:21.518388 61430 event_listener.cc:132] [event_listener/stall_cond_changed] column family: default write stall condition was changed, from delay to stop
I20230707 10:25:22.586047 61206 event_listener.cc:138] [event_listener/table_file_created] column family: default, file path: /nvme/jinghuan/node_40001/db/000092.sst, file size: 328857952, job id: 40, reason: compaction, status: OK
I20230707 10:25:22.607753 61206 event_listener.cc:71] [event_listener/compaction_completed] column family: default, compaction reason: 1, output compression type: no, base input level(files): 0(4), output level(files): 0(1), input bytes: 328979696, output bytes:328857952, is_manual_compaction:no, elapsed(micro): 25298118
I20230707 10:25:22.615249 61206 event_listener.cc:127] [event_listener/table_file_deleted] db: /nvme/jinghuan/node_40001/db, sst file: /nvme/jinghuan/node_40001/db/000074.sst, status: OK
I20230707 10:25:22.622298 61206 event_listener.cc:127] [event_listener/table_file_deleted] db: /nvme/jinghuan/node_40001/db, sst file: /nvme/jinghuan/node_40001/db/000071.sst, status: OK
I20230707 10:25:22.627678 61206 event_listener.cc:127] [event_listener/table_file_deleted] db: /nvme/jinghuan/node_40001/db, sst file: /nvme/jinghuan/node_40001/db/000068.sst, status: OK
I20230707 10:25:22.633041 61206 event_listener.cc:127] [event_listener/table_file_deleted] db: /nvme/jinghuan/node_40001/db, sst file: /nvme/jinghuan/node_40001/db/000063.sst, status: OK
W20230707 10:25:22.915799 61435 event_listener.cc:132] [event_listener/stall_cond_changed] column family: default write stall condition was changed, from normal to delay
I20230707 10:25:23.803578 61208 event_listener.cc:138] [event_listener/table_file_created] column family: default, file path: /nvme/jinghuan/node_40001/db/000112.sst, file size: 76677229, job id: 51, reason: flush, status: OK
I20230707 10:25:23.817291 61208 event_listener.cc:91] [event_listener/flush_completed] column family: default, thread_id: 61208, job_id: 51, file: /nvme/jinghuan/node_40001/db/000112.sst, reason: 6, is_write_slowdown: no, is_write_stall: no, largest seqno: 17844518, smallest seqno: 17183002
W20230707 10:25:23.817418 61208 event_listener.cc:132] [event_listener/stall_cond_changed] column family: default write stall condition was changed, from delay to normal
I20230707 10:25:24.310916 61207 event_listener.cc:84] [event_listener/flush_begin] column family: default, thread_id: 61207, job_id: 56, reason: 6
I20230707 10:25:25.385073 61208 event_listener.cc:84] [event_listener/flush_begin] column family: metadata, thread_id: 61208, job_id: 57, reason: 13
W20230707 10:25:25.565680 61435 event_listener.cc:132] [event_listener/stall_cond_changed] column family: default write stall condition was changed, from normal to delay
I20230707 10:25:26.884516 61208 event_listener.cc:138] [event_listener/table_file_created] column family: metadata, file path: /nvme/jinghuan/node_40001/db/000117.sst, file size: 19249986, job id: 57, reason: flush, status: OK
I20230707 10:25:26.890803 61208 event_listener.cc:91] [event_listener/flush_completed] column family: metadata, thread_id: 61208, job_id: 57, file: /nvme/jinghuan/node_40001/db/000117.sst, reason: 13, is_write_slowdown: no, is_write_stall: no, largest seqno: 18885493, smallest seqno: 15737920
I20230707 10:25:26.928690 61208 event_listener.cc:84] [event_listener/flush_begin] column family: default, thread_id: 61208, job_id: 60, reason: 13
I20230707 10:25:28.192804 61207 event_listener.cc:138] [event_listener/table_file_created] column family: default, file path: /nvme/jinghuan/node_40001/db/000115.sst, file size: 84891259, job id: 56, reason: flush, status: OK
I20230707 10:25:28.199365 61207 event_listener.cc:91] [event_listener/flush_completed] column family: default, thread_id: 61207, job_id: 56, file: /nvme/jinghuan/node_40001/db/000115.sst, reason: 13, is_write_slowdown: no, is_write_stall: no, largest seqno: 18576920, smallest seqno: 17844520
W20230707 10:25:28.199539 61207 event_listener.cc:132] [event_listener/stall_cond_changed] column family: default write stall condition was changed, from stop to normal
W20230707 10:25:28.199651 61435 event_listener.cc:132] [event_listener/stall_cond_changed] column family: default write stall condition was changed, from delay to stop
W20230707 10:25:29.520167 61433 event_listener.cc:132] [event_listener/stall_cond_changed] column family: default write stall condition was changed, from normal to delay
I20230707 10:25:30.202386 61208 event_listener.cc:138] [event_listener/table_file_created] column family: default, file path: /nvme/jinghuan/node_40001/db/000120.sst, file size: 85033562, job id: 60, reason: flush, status: OK
I20230707 10:25:30.214921 61208 event_listener.cc:91] [event_listener/flush_completed] column family: default, thread_id: 61208, job_id: 60, file: /nvme/jinghuan/node_40001/db/000120.sst, reason: 13, is_write_slowdown: no, is_write_stall: no, largest seqno: 19310543, smallest seqno: 18576922
W20230707 10:25:30.215091 61208 event_listener.cc:132] [event_listener/stall_cond_changed] column family: default write stall condition was changed, from delay to normal
I20230707 10:25:30.894104 61207 event_listener.cc:84] [event_listener/flush_begin] column family: default, thread_id: 61207, job_id: 64, reason: 6
W20230707 10:25:32.149060 61434 event_listener.cc:132] [event_listener/stall_cond_changed] column family: default write stall condition was changed, from normal to delay
I20230707 10:25:33.519475 61208 event_listener.cc:84] [event_listener/flush_begin] column family: default, thread_id: 61208, job_id: 65, reason: 6
I20230707 10:25:35.597936 61207 event_listener.cc:138] [event_listener/table_file_created] column family: default, file path: /nvme/jinghuan/node_40001/db/000124.sst, file size: 84946745, job id: 64, reason: flush, status: OK
I20230707 10:25:35.614711 61207 event_listener.cc:91] [event_listener/flush_completed] column family: default, thread_id: 61207, job_id: 64, file: /nvme/jinghuan/node_40001/db/000124.sst, reason: 6, is_write_slowdown: no, is_write_stall: no, largest seqno: 20043418, smallest seqno: 19310545
W20230707 10:25:35.614853 61207 event_listener.cc:132] [event_listener/stall_cond_changed] column family: default write stall condition was changed, from stop to normal
W20230707 10:25:35.615584 61434 event_listener.cc:132] [event_listener/stall_cond_changed] column family: default write stall condition was changed, from delay to stop
W20230707 10:25:36.915217 61435 event_listener.cc:132] [event_listener/stall_cond_changed] column family: default write stall condition was changed, from normal to delay
I20230707 10:25:37.395943 61205 event_listener.cc:138] [event_listener/table_file_created] column family: default, file path: /nvme/jinghuan/node_40001/db/000106.sst, file size: 325682912, job id: 49, reason: compaction, status: OK
I20230707 10:25:37.424227 61205 event_listener.cc:71] [event_listener/compaction_completed] column family: default, compaction reason: 1, output compression type: no, base input level(files): 0(4), output level(files): 0(1), input bytes: 325802326, output bytes:325682912, is_manual_compaction:no, elapsed(micro): 23097774
I20230707 10:25:37.434182 61205 event_listener.cc:127] [event_listener/table_file_deleted] db: /nvme/jinghuan/node_40001/db, sst file: /nvme/jinghuan/node_40001/db/000090.sst, status: OK
I20230707 10:25:37.441772 61205 event_listener.cc:127] [event_listener/table_file_deleted] db: /nvme/jinghuan/node_40001/db, sst file: /nvme/jinghuan/node_40001/db/000086.sst, status: OK
I20230707 10:25:37.447078 61205 event_listener.cc:127] [event_listener/table_file_deleted] db: /nvme/jinghuan/node_40001/db, sst file: /nvme/jinghuan/node_40001/db/000081.sst, status: OK
I20230707 10:25:37.452541 61205 event_listener.cc:127] [event_listener/table_file_deleted] db: /nvme/jinghuan/node_40001/db, sst file: /nvme/jinghuan/node_40001/db/000078.sst, status: OK
I20230707 10:25:38.298251 61207 event_listener.cc:84] [event_listener/flush_begin] column family: default, thread_id: 61207, job_id: 68, reason: 6
I20230707 10:25:38.497972 61208 event_listener.cc:138] [event_listener/table_file_created] column family: default, file path: /nvme/jinghuan/node_40001/db/000127.sst, file size: 85048944, job id: 65, reason: flush, status: OK
I20230707 10:25:38.506474 61208 event_listener.cc:91] [event_listener/flush_completed] column family: default, thread_id: 61208, job_id: 65, file: /nvme/jinghuan/node_40001/db/000127.sst, reason: 6, is_write_slowdown: no, is_write_stall: no, largest seqno: 20777184, smallest seqno: 20043420
W20230707 10:25:38.506539 61208 event_listener.cc:132] [event_listener/stall_cond_changed] column family: default write stall condition was changed, from stop to normal
W20230707 10:25:38.506808 61435 event_listener.cc:132] [event_listener/stall_cond_changed] column family: default write stall condition was changed, from delay to stop
W20230707 10:25:39.690971 61436 event_listener.cc:132] [event_listener/stall_cond_changed] column family: default write stall condition was changed, from normal to delay
I20230707 10:25:40.441196 61432 cluster.cc:923] function: Migrate compact-and-merge
I20230707 10:25:40.441224 61432 slot_migrate_parallel.cc:32] [migrate] Start migrating slots, from slot: 1 to slot: 1. Slots are moving to 0.0.0.0:40002
I20230707 10:25:40.441233 61432 cluster.cc:935] [cluster migration] Finished slot migration cmds sending, start to set nodes
I20230707 10:25:40.441248 61429 slot_migrate.cc:165] [migrate] Migrating slot: -1, dst_ip: 0.0.0.0, dst_port: 40002, max_speed: 0, max_pipeline_size: 16
I20230707 10:25:40.441751 61429 slot_migrate.cc:305] [migrate] Start migrating slot 1, connect destination fd 93
I20230707 10:25:40.441764 61429 slot_migrate.cc:195] [migrate] Succeed to start migrating slot 1
I20230707 10:25:40.441771 61429 slot_migrate_compact_and_merge.cc:25] [compact-and-merge] Start migrating snapshot of slot 
