I20230707 10:25:40.990854 61208 event_listener.cc:84] [event_listener/flush_begin] column family: metadata, thread_id: 61208, job_id: 71, reason: 13
I20230707 10:25:41.603145 61207 event_listener.cc:138] [event_listener/table_file_created] column family: default, file path: /nvme/jinghuan/node_40001/db/000130.sst, file size: 84976261, job id: 68, reason: flush, status: OK
I20230707 10:25:41.618691 61207 event_listener.cc:91] [event_listener/flush_completed] column family: default, thread_id: 61207, job_id: 68, file: /nvme/jinghuan/node_40001/db/000130.sst, reason: 6, is_write_slowdown: no, is_write_stall: no, largest seqno: 21510334, smallest seqno: 20777186
W20230707 10:25:41.618810 61207 event_listener.cc:132] [event_listener/stall_cond_changed] column family: default write stall condition was changed, from delay to normal
I20230707 10:25:42.010668 61208 event_listener.cc:138] [event_listener/table_file_created] column family: metadata, file path: /nvme/jinghuan/node_40001/db/000133.sst, file size: 19218717, job id: 71, reason: flush, status: OK
I20230707 10:25:42.023375 61208 event_listener.cc:91] [event_listener/flush_completed] column family: metadata, thread_id: 61208, job_id: 71, file: /nvme/jinghuan/node_40001/db/000133.sst, reason: 13, is_write_slowdown: no, is_write_stall: no, largest seqno: 22032988, smallest seqno: 18885504
I20230707 10:25:43.947930 61207 event_listener.cc:84] [event_listener/flush_begin] column family: default, thread_id: 61207, job_id: 72, reason: 6
I20230707 10:25:46.304149 61206 event_listener.cc:138] [event_listener/table_file_created] column family: default, file path: /nvme/jinghuan/node_40001/db/000122.sst, file size: 321865416, job id: 63, reason: compaction, status: OK
I20230707 10:25:46.326282 61206 event_listener.cc:71] [event_listener/compaction_completed] column family: default, compaction reason: 1, output compression type: no, base input level(files): 0(4), output level(files): 0(1), input bytes: 321990535, output bytes:321865416, is_manual_compaction:no, elapsed(micro): 16089161
I20230707 10:25:46.333344 61206 event_listener.cc:127] [event_listener/table_file_deleted] db: /nvme/jinghuan/node_40001/db, sst file: /nvme/jinghuan/node_40001/db/000105.sst, status: OK
I20230707 10:25:46.341311 61206 event_listener.cc:127] [event_listener/table_file_deleted] db: /nvme/jinghuan/node_40001/db, sst file: /nvme/jinghuan/node_40001/db/000102.sst, status: OK
I20230707 10:25:46.346875 61206 event_listener.cc:127] [event_listener/table_file_deleted] db: /nvme/jinghuan/node_40001/db, sst file: /nvme/jinghuan/node_40001/db/000097.sst, status: OK
I20230707 10:25:46.351985 61206 event_listener.cc:127] [event_listener/table_file_deleted] db: /nvme/jinghuan/node_40001/db, sst file: /nvme/jinghuan/node_40001/db/000094.sst, status: OK
I20230707 10:25:46.506181 61207 event_listener.cc:138] [event_listener/table_file_created] column family: default, file path: /nvme/jinghuan/node_40001/db/000135.sst, file size: 75687308, job id: 72, reason: flush, status: OK
I20230707 10:25:46.517058 61207 event_listener.cc:91] [event_listener/flush_completed] column family: default, thread_id: 61207, job_id: 72, file: /nvme/jinghuan/node_40001/db/000135.sst, reason: 6, is_write_slowdown: no, is_write_stall: no, largest seqno: 22163249, smallest seqno: 21510336
I20230707 10:25:46.525518 61207 event_listener.cc:127] [event_listener/table_file_deleted] db: /nvme/jinghuan/node_40001/db, sst file: /nvme/jinghuan/node_40001/db/000120.sst, status: OK
I20230707 10:25:46.533536 61207 event_listener.cc:127] [event_listener/table_file_deleted] db: /nvme/jinghuan/node_40001/db, sst file: /nvme/jinghuan/node_40001/db/000115.sst, status: OK
I20230707 10:25:46.538879 61207 event_listener.cc:127] [event_listener/table_file_deleted] db: /nvme/jinghuan/node_40001/db, sst file: /nvme/jinghuan/node_40001/db/000112.sst, status: OK
I20230707 10:25:46.543651 61207 event_listener.cc:127] [event_listener/table_file_deleted] db: /nvme/jinghuan/node_40001/db, sst file: /nvme/jinghuan/node_40001/db/000109.sst, status: OK
I20230707 10:25:46.543896 61429 slot_migrate_compact_and_merge.cc:28] [compact-and-merge] db pause finished
I20230707 10:25:46.543954 61429 slot_migrate_compact_and_merge.cc:40] Prefix extracted, time taken (us): 3
I20230707 10:25:46.544152 61429 slot_migrate_compact_and_merge.cc:59] Meta file located, time taken(us): 7
I20230707 10:25:46.544178 61429 slot_migrate_compact_and_merge.cc:70] Subkey file located, time taken(us): 9
I20230707 10:25:46.544194 61429 slot_migrate_compact_and_merge.cc:81] Meta file list: [000133.sst,000117.sst,000100.sst,000088.sst]
I20230707 10:25:46.544210 61429 slot_migrate_compact_and_merge.cc:90] Subkey file list: [000135.sst,000130.sst,000127.sst,000124.sst,000122.sst,000106.sst,000092.sst,000076.sst,000061.sst,000045.sst,000044.sst,000053.sst]
I20230707 10:25:48.692540 61429 event_listener.cc:138] [event_listener/table_file_created] column family: metadata, file path: /nvme/jinghuan/node_40001/db/000136.sst, file size: 72801787, job id: 73, reason: compaction, status: OK
I20230707 10:25:48.709801 61429 event_listener.cc:127] [event_listener/table_file_deleted] db: /nvme/jinghuan/node_40001/db, sst file: /nvme/jinghuan/node_40001/db/000133.sst, status: OK
I20230707 10:25:48.711673 61429 event_listener.cc:127] [event_listener/table_file_deleted] db: /nvme/jinghuan/node_40001/db, sst file: /nvme/jinghuan/node_40001/db/000117.sst, status: OK
I20230707 10:25:48.713467 61429 event_listener.cc:127] [event_listener/table_file_deleted] db: /nvme/jinghuan/node_40001/db, sst file: /nvme/jinghuan/node_40001/db/000100.sst, status: OK
I20230707 10:25:48.720873 61429 event_listener.cc:127] [event_listener/table_file_deleted] db: /nvme/jinghuan/node_40001/db, sst file: /nvme/jinghuan/node_40001/db/000088.sst, status: OK
I20230707 10:25:48.720902 61429 slot_migrate_compact_and_merge.cc:97] Meta file compacted, time taken(us): 2176711
W20230707 10:26:06.776243 61431 event_listener.cc:132] [event_listener/stall_cond_changed] column family: default write stall condition was changed, from normal to delay
I20230707 10:26:36.455456 61429 event_listener.cc:138] [event_listener/table_file_created] column family: default, file path: /nvme/jinghuan/node_40001/db/000137.sst, file size: 2537838281, job id: 74, reason: compaction, status: OK
I20230707 10:26:36.608799 61429 event_listener.cc:127] [event_listener/table_file_deleted] db: /nvme/jinghuan/node_40001/db, sst file: /nvme/jinghuan/node_40001/db/000135.sst, status: OK
I20230707 10:26:36.616458 61429 event_listener.cc:127] [event_listener/table_file_deleted] db: /nvme/jinghuan/node_40001/db, sst file: /nvme/jinghuan/node_40001/db/000130.sst, status: OK
I20230707 10:26:36.622834 61429 event_listener.cc:127] [event_listener/table_file_deleted] db: /nvme/jinghuan/node_40001/db, sst file: /nvme/jinghuan/node_40001/db/000127.sst, status: OK
I20230707 10:26:36.628715 61429 event_listener.cc:127] [event_listener/table_file_deleted] db: /nvme/jinghuan/node_40001/db, sst file: /nvme/jinghuan/node_40001/db/000124.sst, status: OK
I20230707 10:26:36.649605 61429 event_listener.cc:127] [event_listener/table_file_deleted] db: /nvme/jinghuan/node_40001/db, sst file: /nvme/jinghuan/node_40001/db/000122.sst, status: OK
I20230707 10:26:36.671523 61429 event_listener.cc:127] [event_listener/table_file_deleted] db: /nvme/jinghuan/node_40001/db, sst file: /nvme/jinghuan/node_40001/db/000106.sst, status: OK
I20230707 10:26:36.693966 61429 event_listener.cc:127] [event_listener/table_file_deleted] db: /nvme/jinghuan/node_40001/db, sst file: /nvme/jinghuan/node_40001/db/000092.sst, status: OK
I20230707 10:26:36.717156 61429 event_listener.cc:127] [event_listener/table_file_deleted] db: /nvme/jinghuan/node_40001/db, sst file: /nvme/jinghuan/node_40001/db/000076.sst, status: OK
I20230707 10:26:36.741124 61429 event_listener.cc:127] [event_listener/table_file_deleted] db: /nvme/jinghuan/node_40001/db, sst file: /nvme/jinghuan/node_40001/db/000061.sst, status: OK
I20230707 10:26:36.743818 61429 event_listener.cc:127] [event_listener/table_file_deleted] db: /nvme/jinghuan/node_40001/db, sst file: /nvme/jinghuan/node_40001/db/000053.sst, status: OK
I20230707 10:26:36.766115 61429 event_listener.cc:127] [event_listener/table_file_deleted] db: /nvme/jinghuan/node_40001/db, sst file: /nvme/jinghuan/node_40001/db/000045.sst, status: OK
I20230707 10:26:36.776813 61429 event_listener.cc:127] [event_listener/table_file_deleted] db: /nvme/jinghuan/node_40001/db, sst file: /nvme/jinghuan/node_40001/db/000044.sst, status: OK
I20230707 10:26:36.788094 61429 event_listener.cc:127] [event_listener/table_file_deleted] db: /nvme/jinghuan/node_40001/db, sst file: /nvme/jinghuan/node_40001/db/000032.sst, status: OK
I20230707 10:26:36.788229 61429 slot_migrate_compact_and_merge.cc:108] Subkey file compacted, time taken(us): 48067320
I20230707 10:26:37.275420 61429 slot_migrate_compact_and_merge.cc:120] Meta file filtered, time taken(us): 487167
I20230707 10:26:43.692122 61429 slot_migrate_compact_and_merge.cc:130] Subkey file filtered, time taken(us): 6416662
I20230707 10:26:43.692166 61429 slot_migrate_compact_and_merge.cc:139] Meta filtered file list: [/nvme/jinghuan/node_40001/db/000136.sst.out]
I20230707 10:26:43.692175 61429 slot_migrate_compact_and_merge.cc:148] Subkey filtered file list: [/nvme/jinghuan/node_40001/db/000137.sst.out]
I20230707 10:26:43.692190 61429 slot_migrate_compact_and_merge.cc:290] CF metadata SST(s) waiting for ingestion: /nvme/jinghuan/node_40001/db/nvme/jinghuan/node_40001/db/000136.sst.out
I20230707 10:26:43.692206 61429 slot_migrate_compact_and_merge.cc:360] redis-cli -h 0.0.0.0 -p 40002 sst_ingest local metadata /nvme/jinghuan/node_40001/db/000136.sst.out kvrockskvrockskvrockskvrockskvrocksnode2 slow 0
I20230707 10:26:44.172304 61429 slot_migrate_compact_and_merge.cc:367] File ingestion on column family [metadata] finished, time taken(us): 480097
I20230707 10:26:44.172353 61429 slot_migrate_compact_and_merge.cc:333] File ingested into target server, time taken(us): 480154
I20230707 10:26:44.172366 61429 slot_migrate_compact_and_merge.cc:156] Meta file copy and ingested
I20230707 10:26:44.172386 61429 slot_migrate_compact_and_merge.cc:290] CF default SST(s) waiting for ingestion: /nvme/jinghuan/node_40001/db/nvme/jinghuan/node_40001/db/000137.sst.out
I20230707 10:26:44.172410 61429 slot_migrate_compact_and_merge.cc:360] redis-cli -h 0.0.0.0 -p 40002 sst_ingest local default /nvme/jinghuan/node_40001/db/000137.sst.out kvrockskvrockskvrockskvrockskvrocksnode2 slow 0
I20230707 10:26:45.700029 61429 slot_migrate_compact_and_merge.cc:367] File ingestion on column family [default] finished, time taken(us): 1527621
I20230707 10:26:45.700078 61429 slot_migrate_compact_and_merge.cc:333] File ingested into target server, time taken(us): 1527680
I20230707 10:26:45.700093 61429 slot_migrate_compact_and_merge.cc:163] Subkey file copy and ingested
I20230707 10:26:45.700158 61429 slot_migrate.cc:209] Finished sending snapshot, time taken(us): 65258388, seek time taken(us): 0, network response time taken(us): 0
I20230707 10:26:45.717885 61208 event_listener.cc:84] [event_listener/flush_begin] column family: default, thread_id: 61208, job_id: 76, reason: 6
I20230707 10:26:46.023653 61429 slot_migrate.cc:1022] [migrate] Migrate incremental data an epoch OK, seq from 22010361, to 23463560
I20230707 10:26:46.024310 61429 slot_migrate.cc:1050] [migrate] Incremental data sequence: 0, less than limit: 10000, go to set forbidden slot
I20230707 10:26:46.024384 61429 slot_migrate.cc:1074] [migrate] Succeed to migrate incremental data before setting forbidden slot, end epoch: 1
I20230707 10:26:46.024402 61429 slot_migrate.cc:932] [migrate] Setting forbidden slot 1
I20230707 10:26:48.271616 61208 event_listener.cc:138] [event_listener/table_file_created] column family: default, file path: /nvme/jinghuan/node_40001/db/000142.sst, file size: 150713727, job id: 76, reason: flush, status: OK
I20230707 10:26:48.277990 61208 event_listener.cc:91] [event_listener/flush_completed] column family: default, thread_id: 61208, job_id: 76, file: /nvme/jinghuan/node_40001/db/000142.sst, reason: 6, is_write_slowdown: no, is_write_stall: no, largest seqno: 23463559, smallest seqno: 22163251
W20230707 10:26:48.278038 61208 event_listener.cc:132] [event_listener/stall_cond_changed] column family: default write stall condition was changed, from stop to normal
W20230707 10:26:48.278993 61435 event_listener.cc:132] [event_listener/stall_cond_changed] column family: default write stall condition was changed, from delay to stop
I20230707 10:26:48.279454 61429 slot_migrate.cc:940] [migrate] To set forbidden slot, server was blocked for 2255037us
I20230707 10:26:48.311631 61429 slot_migrate.cc:1022] [migrate] Migrate incremental data an epoch OK, seq from 23463560, to 23463637
I20230707 10:26:48.311664 61429 slot_migrate.cc:903] [migrate] No commands to send
I20230707 10:26:48.311687 61429 slot_migrate.cc:225] [migrate] Succeed to sync from WAL for a slot 1
I20230707 10:26:48.312031 61429 slot_migrate.cc:237] [migrate] Succeed to migrate slot 1
I20230707 10:26:48.312084 61429 slot_migrate.cc:438] [migrate] Clean resources of migrating slot 1
E20230707 10:26:48.408895 61432 redis_connection.cc:103] [connection] Going to remove the client: 127.0.0.1:46948, while encounter error: Broken pipe
E20230707 10:26:48.412580 61430 redis_connection.cc:103] [connection] Going to remove the client: , while encounter error: Broken pipe
E20230707 10:26:48.412632 61430 redis_connection.cc:103] [connection] Going to remove the client: , while encounter error: Broken pipe
E20230707 10:26:48.412649 61430 redis_connection.cc:103] [connection] Going to remove the client: , while encounter error: Broken pipe
E20230707 10:26:48.412669 61430 redis_connection.cc:103] [connection] Going to remove the client: , while encounter error: Broken pipe
E20230707 10:26:48.412688 61430 redis_connection.cc:103] [connection] Going to remove the client: , while encounter error: Broken pipe
E20230707 10:26:48.412727 61430 redis_connection.cc:103] [connection] Going to remove the client: , while encounter error: Broken pipe
E20230707 10:26:48.414350 61436 redis_connection.cc:103] [connection] Going to remove the client: , while encounter error: Broken pipe
E20230707 10:26:48.414393 61436 redis_connection.cc:103] [connection] Going to remove the client: , while encounter error: Broken pipe
E20230707 10:26:48.414412 61436 redis_connection.cc:103] [connection] Going to remove the client: , while encounter error: Broken pipe
E20230707 10:26:48.414431 61436 redis_connection.cc:103] [connection] Going to remove the client: , while encounter error: Broken pipe
E20230707 10:26:48.414448 61436 redis_connection.cc:103] [connection] Going to remove the client: , while encounter error: Broken pipe
E20230707 10:26:48.414460 61436 redis_connection.cc:103] [connection] Going to remove the client: , while encounter error: Broken pipe
E20230707 10:26:48.414475 61436 redis_connection.cc:103] [connection] Going to remove the client: , while encounter error: Broken pipe
E20230707 10:26:48.415273 61437 redis_connection.cc:103] [connection] Going to remove the client: , while encounter error: Broken pipe
E20230707 10:26:48.415340 61437 redis_connection.cc:103] [connection] Going to remove the client: , while encounter error: Broken pipe
E20230707 10:26:48.415369 61437 redis_connection.cc:103] [connection] Going to remove the client: , while encounter error: Broken pipe
E20230707 10:26:48.415406 61437 redis_connection.cc:103] [connection] Going to remove the client: , while encounter error: Broken pipe
E20230707 10:26:48.415443 61437 redis_connection.cc:103] [connection] Going to remove the client: , while encounter error: Broken pipe
E20230707 10:26:48.415463 61437 redis_connection.cc:103] [connection] Going to remove the client: , while encounter error: Broken pipe
E20230707 10:26:48.415504 61437 redis_connection.cc:103] [connection] Going to remove the client: , while encounter error: Broken pipe
E20230707 10:26:48.415539 61437 redis_connection.cc:103] [connection] Going to remove the client: , while encounter error: Broken pipe
E20230707 10:26:48.415560 61437 redis_connection.cc:103] [connection] Going to remove the client: , while encounter error: Broken pipe
E20230707 10:26:48.415565 61430 redis_connection.cc:103] [connection] Going to remove the client: , while encounter error: Broken pipe
E20230707 10:26:48.415585 61437 redis_connection.cc:103] [connection] Going to remove the client: , while encounter error: Broken pipe
E20230707 10:26:48.415602 61432 redis_connection.cc:103] [connection] Going to remove the client: , while encounter error: Broken pipe
E20230707 10:26:48.415601 61430 redis_connection.cc:103] [connection] Going to remove the client: , while encounter error: Broken pipe
E20230707 10:26:48.415669 61432 redis_connection.cc:103] [connection] Going to remove the client: , while encounter error: Broken pipe
E20230707 10:26:48.415704 61432 redis_connection.cc:103] [connection] Going to remove the client: , while encounter error: Broken pipe
E20230707 10:26:48.415747 61432 redis_connection.cc:103] [connection] Going to remove the client: , while encounter error: Broken pipe
E20230707 10:26:48.415787 61432 redis_connection.cc:103] [connection] Going to remove the client: , while encounter error: Broken pipe
E20230707 10:26:48.415817 61432 redis_connection.cc:103] [connection] Going to remove the client: , while encounter error: Broken pipe
E20230707 10:26:48.415848 61432 redis_connection.cc:103] [connection] Going to remove the client: , while encounter error: Broken pipe
E20230707 10:26:48.415870 61432 redis_connection.cc:103] [connection] Going to remove the client: , while encounter error: Broken pipe
E20230707 10:26:48.415896 61432 redis_connection.cc:103] [connection] Going to remove the client: , while encounter error: Broken pipe
E20230707 10:26:48.415926 61432 redis_connection.cc:103] [connection] Going to remove the client: , while encounter error: Broken pipe
E20230707 10:26:48.415961 61432 redis_connection.cc:103] [connection] Going to remove the client: , while encounter error: Broken pipe
E20230707 10:26:48.415992 61432 redis_connection.cc:103] [connection] Going to remove the client: , while encounter error: Broken pipe
E20230707 10:26:48.416018 61432 redis_connection.cc:103] [connection] Going to remove the client: , while encounter error: Broken pipe
E20230707 10:26:48.416323 61434 redis_connection.cc:103] [connection] Going to remove the client: , while encounter error: Broken pipe
E20230707 10:26:48.416369 61434 redis_connection.cc:103] [connection] Going to remove the client: , while encounter error: Broken pipe
E20230707 10:26:48.416393 61434 redis_connection.cc:103] [connection] Going to remove the client: , while encounter error: Broken pipe
E20230707 10:26:48.416411 61434 redis_connection.cc:103] [connection] Going to remove the client: , while encounter error: Broken pipe
E20230707 10:26:48.416433 61434 redis_connection.cc:103] [connection] Going to remove the client: , while encounter error: Broken pipe
E20230707 10:26:48.416460 61434 redis_connection.cc:103] [connection] Going to remove the client: , while encounter error: Broken pipe
E20230707 10:26:48.416477 61434 redis_connection.cc:103] [connection] Going to remove the client: , while encounter error: Broken pipe
E20230707 10:26:48.416498 61434 redis_connection.cc:103] [connection] Going to remove the client: , while encounter error: Broken pipe
E20230707 10:26:48.416522 61434 redis_connection.cc:103] [connection] Going to remove the client: , while encounter error: Broken pipe
E20230707 10:26:48.416509 61433 redis_connection.cc:103] [connection] Going to remove the client: , while encounter error: Broken pipe
E20230707 10:26:48.416572 61434 redis_connection.cc:103] [connection] Going to remove the client: , while encounter error: Broken pipe
E20230707 10:26:48.416635 61434 redis_connection.cc:103] [connection] Going to remove the client: , while encounter error: Broken pipe
E20230707 10:26:48.416653 61434 redis_connection.cc:103] [connection] Going to remove the client: , while encounter error: Broken pipe
E20230707 10:26:48.416654 61433 redis_connection.cc:103] [connection] Going to remove the client: , while encounter error: Broken pipe
E20230707 10:26:48.416699 61434 redis_connection.cc:103] [connection] Going to remove the client: , while encounter error: Broken pipe
E20230707 10:26:48.416729 61433 redis_connection.cc:103] [connection] Going to remove the client: , while encounter error: Broken pipe
E20230707 10:26:48.416731 61434 redis_connection.cc:103] [connection] Going to remove the client: , while encounter error: Broken pipe
E20230707 10:26:48.416765 61433 redis_connection.cc:103] [connection] Going to remove the client: , while encounter error: Broken pipe
E20230707 10:26:48.416779 61434 redis_connection.cc:103] [connection] Going to remove the client: , while encounter error: Broken pipe
E20230707 10:26:48.416795 61433 redis_connection.cc:103] [connection] Going to remove the client: , while encounter error: Broken pipe
E20230707 10:26:48.416812 61431 redis_connection.cc:103] [connection] Going to remove the client: , while encounter error: Broken pipe
E20230707 10:26:48.416823 61433 redis_connection.cc:103] [connection] Going to remove the client: , while encounter error: Broken pipe
E20230707 10:26:48.416954 61433 redis_connection.cc:103] [connection] Going to remove the client: , while encounter error: Broken pipe
E20230707 10:26:48.416986 61433 redis_connection.cc:103] [connection] Going to remove the client: , while encounter error: Broken pipe
E20230707 10:26:48.416911 61431 redis_connection.cc:103] [connection] Going to remove the client: , while encounter error: Broken pipe
E20230707 10:26:48.417034 61433 redis_connection.cc:103] [connection] Going to remove the client: , while encounter error: Broken pipe
E20230707 10:26:48.417053 61431 redis_connection.cc:103] [connection] Going to remove the client: , while encounter error: Broken pipe
E20230707 10:26:48.417071 61433 redis_connection.cc:103] [connection] Going to remove the client: , while encounter error: Broken pipe
E20230707 10:26:48.417094 61431 redis_connection.cc:103] [connection] Going to remove the client: , while encounter error: Broken pipe
E20230707 10:26:48.417124 61431 redis_connection.cc:103] [connection] Going to remove the client: , while encounter error: Broken pipe
E20230707 10:26:48.417136 61431 redis_connection.cc:103] [connection] Going to remove the client: , while encounter error: Broken pipe
E20230707 10:26:48.417104 61433 redis_connection.cc:103] [connection] Going to remove the client: , while encounter error: Broken pipe
E20230707 10:26:48.417145 61431 redis_connection.cc:103] [connection] Going to remove the client: , while encounter error: Broken pipe
E20230707 10:26:48.417163 61433 redis_connection.cc:103] [connection] Going to remove the client: , while encounter error: Broken pipe
E20230707 10:26:48.417171 61431 redis_connection.cc:103] [connection] Going to remove the client: , while encounter error: Broken pipe
E20230707 10:26:48.417197 61433 redis_connection.cc:103] [connection] Going to remove the client: , while encounter error: Broken pipe
E20230707 10:26:48.417184 61436 redis_connection.cc:103] [connection] Going to remove the client: , while encounter error: Broken pipe
E20230707 10:26:48.417208 61431 redis_connection.cc:103] [connection] Going to remove the client: , while encounter error: Broken pipe
E20230707 10:26:48.417248 61436 redis_connection.cc:103] [connection] Going to remove the client: , while encounter error: Broken pipe
E20230707 10:26:48.417254 61431 redis_connection.cc:103] [connection] Going to remove the client: , while encounter error: Broken pipe
E20230707 10:26:48.417279 61431 redis_connection.cc:103] [connection] Going to remove the client: , while encounter error: Broken pipe
E20230707 10:26:48.417289 61431 redis_connection.cc:103] [connection] Going to remove the client: , while encounter error: Broken pipe
E20230707 10:26:48.417785 61437 redis_connection.cc:103] [connection] Going to remove the client: , while encounter error: Broken pipe
E20230707 10:26:48.417804 61437 redis_connection.cc:103] [connection] Going to remove the client: , while encounter error: Broken pipe
E20230707 10:26:48.417812 61437 redis_connection.cc:103] [connection] Going to remove the client: , while encounter error: Broken pipe
E20230707 10:26:48.417824 61437 redis_connection.cc:103] [connection] Going to remove the client: , while encounter error: Broken pipe
E20230707 10:26:48.417845 61437 redis_connection.cc:103] [connection] Going to remove the client: , while encounter error: Broken pipe
E20230707 10:26:48.419167 61431 redis_connection.cc:103] [connection] Going to remove the client: 127.0.0.1:37612, while encounter error: Broken pipe
E20230707 10:26:48.419198 61431 redis_connection.cc:103] [connection] Going to remove the client: , while encounter error: Broken pipe
E20230707 10:26:48.419207 61431 redis_connection.cc:103] [connection] Going to remove the client: , while encounter error: Broken pipe
E20230707 10:26:48.419219 61431 redis_connection.cc:103] [connection] Going to remove the client: , while encounter error: Broken pipe
E20230707 10:26:48.419232 61431 redis_connection.cc:103] [connection] Going to remove the client: , while encounter error: Broken pipe
E20230707 10:26:48.419245 61431 redis_connection.cc:103] [connection] Going to remove the client: , while encounter error: Broken pipe
E20230707 10:26:48.420127 61432 redis_connection.cc:103] [connection] Going to remove the client: , while encounter error: Broken pipe
E20230707 10:26:48.420161 61432 redis_connection.cc:103] [connection] Going to remove the client: , while encounter error: Broken pipe
E20230707 10:26:48.420168 61432 redis_connection.cc:103] [connection] Going to remove the client: , while encounter error: Broken pipe
E20230707 10:26:48.420178 61432 redis_connection.cc:103] [connection] Going to remove the client: , while encounter error: Broken pipe
E20230707 10:26:48.420186 61432 redis_connection.cc:103] [connection] Going to remove the client: , while encounter error: Broken pipe
E20230707 10:26:48.420209 61432 redis_connection.cc:103] [connection] Going to remove the client: , while encounter error: Broken pipe
E20230707 10:26:48.420218 61432 redis_connection.cc:103] [connection] Going to remove the client: , while encounter error: Broken pipe
E20230707 10:26:48.420226 61432 redis_connection.cc:103] [connection] Going to remove the client: , while encounter error: Broken pipe
E20230707 10:26:48.420243 61434 redis_connection.cc:103] [connection] Going to remove the client: , while encounter error: Broken pipe
E20230707 10:26:48.420271 61434 redis_connection.cc:103] [connection] Going to remove the client: , while encounter error: Broken pipe
E20230707 10:26:48.420289 61434 redis_connection.cc:103] [connection] Going to remove the client: , while encounter error: Broken pipe
E20230707 10:26:48.420301 61434 redis_connection.cc:103] [connection] Going to remove the client: , while encounter error: Broken pipe
E20230707 10:26:48.420315 61434 redis_connection.cc:103] [connection] Going to remove the client: , while encounter error: Broken pipe
E20230707 10:26:48.420329 61434 redis_connection.cc:103] [connection] Going to remove the client: , while encounter error: Broken pipe
E20230707 10:26:48.420349 61434 redis_connection.cc:103] [connection] Going to remove the client: , while encounter error: Broken pipe
E20230707 10:26:48.420367 61434 redis_connection.cc:103] [connection] Going to remove the client: , while encounter error: Broken pipe
E20230707 10:26:48.420418 61434 redis_connection.cc:103] [connection] Going to remove the client: , while encounter error: Broken pipe
E20230707 10:26:48.422672 61433 redis_connection.cc:103] [connection] Going to remove the client: , while encounter error: Broken pipe
E20230707 10:26:48.422725 61433 redis_connection.cc:103] [connection] Going to remove the client: , while encounter error: Broken pipe
E20230707 10:26:48.422751 61433 redis_connection.cc:103] [connection] Going to remove the client: , while encounter error: Broken pipe
E20230707 10:26:48.422785 61433 redis_connection.cc:103] [connection] Going to remove the client: , while encounter error: Broken pipe
E20230707 10:26:48.422814 61433 redis_connection.cc:103] [connection] Going to remove the client: , while encounter error: Broken pipe
E20230707 10:26:48.422845 61433 redis_connection.cc:103] [connection] Going to remove the client: , while encounter error: Broken pipe
E20230707 10:26:48.422873 61433 redis_connection.cc:103] [connection] Going to remove the client: , while encounter error: Broken pipe
E20230707 10:26:48.422904 61433 redis_connection.cc:103] [connection] Going to remove the client: , while encounter error: Broken pipe
E20230707 10:26:48.422936 61433 redis_connection.cc:103] [connection] Going to remove the client: , while encounter error: Broken pipe
E20230707 10:26:48.427321 61435 redis_connection.cc:103] [connection] Going to remove the client: , while encounter error: Broken pipe
E20230707 10:26:48.427362 61435 redis_connection.cc:103] [connection] Going to remove the client: , while encounter error: Broken pipe
E20230707 10:26:48.427378 61435 redis_connection.cc:103] [connection] Going to remove the client: , while encounter error: Broken pipe
E20230707 10:26:48.427397 61435 redis_connection.cc:103] [connection] Going to remove the client: , while encounter error: Broken pipe
E20230707 10:26:48.427420 61435 redis_connection.cc:103] [connection] Going to remove the client: , while encounter error: Broken pipe
E20230707 10:26:48.429570 61435 redis_connection.cc:103] [connection] Going to remove the client: , while encounter error: Broken pipe
E20230707 10:26:48.429607 61435 redis_connection.cc:103] [connection] Going to remove the client: , while encounter error: Broken pipe
E20230707 10:26:48.429625 61435 redis_connection.cc:103] [connection] Going to remove the client: , while encounter error: Broken pipe
E20230707 10:26:48.429651 61435 redis_connection.cc:103] [connection] Going to remove the client: , while encounter error: Broken pipe
E20230707 10:26:48.429666 61435 redis_connection.cc:103] [connection] Going to remove the client: , while encounter error: Broken pipe
I20230707 10:26:50.785598 61206 event_listener.cc:138] [event_listener/table_file_created] column family: default, file path: /nvme/jinghuan/node_40001/db/000143.sst, file size: 138653442, job id: 77, reason: compaction, status: OK
I20230707 10:26:53.204183 61206 event_listener.cc:138] [event_listener/table_file_created] column family: default, file path: /nvme/jinghuan/node_40001/db/000144.sst, file size: 138700916, job id: 77, reason: compaction, status: OK
I20230707 10:26:55.611680 61206 event_listener.cc:138] [event_listener/table_file_created] column family: default, file path: /nvme/jinghuan/node_40001/db/000145.sst, file size: 138700942, job id: 77, reason: compaction, status: OK
I20230707 10:26:57.904062 61206 event_listener.cc:138] [event_listener/table_file_created] column family: default, file path: /nvme/jinghuan/node_40001/db/000147.sst, file size: 138700851, job id: 77, reason: compaction, status: OK
I20230707 10:27:00.207018 61206 event_listener.cc:138] [event_listener/table_file_created] column family: default, file path: /nvme/jinghuan/node_40001/db/000148.sst, file size: 138700899, job id: 77, reason: compaction, status: OK
I20230707 10:27:01.112711 61207 event_listener.cc:84] [event_listener/flush_begin] column family: default, thread_id: 61207, job_id: 78, reason: 6
I20230707 10:27:03.120200 61207 event_listener.cc:138] [event_listener/table_file_created] column family: default, file path: /nvme/jinghuan/node_40001/db/000151.sst, file size: 73502965, job id: 78, reason: flush, status: OK
I20230707 10:27:03.134230 61207 event_listener.cc:91] [event_listener/flush_completed] column family: default, thread_id: 61207, job_id: 78, file: /nvme/jinghuan/node_40001/db/000151.sst, reason: 6, is_write_slowdown: no, is_write_stall: no, largest seqno: 24097588, smallest seqno: 23463561
I20230707 10:27:03.804904 61206 event_listener.cc:138] [event_listener/table_file_created] column family: default, file path: /nvme/jinghuan/node_40001/db/000149.sst, file size: 138794285, job id: 77, reason: compaction, status: OK
I20230707 10:27:06.115556 61206 event_listener.cc:138] [event_listener/table_file_created] column family: default, file path: /nvme/jinghuan/node_40001/db/000152.sst, file size: 138797100, job id: 77, reason: compaction, status: OK
I20230707 10:27:08.307332 61206 event_listener.cc:138] [event_listener/table_file_created] column family: default, file path: /nvme/jinghuan/node_40001/db/000153.sst, file size: 138796966, job id: 77, reason: compaction, status: OK
I20230707 10:27:10.511889 61206 event_listener.cc:138] [event_listener/table_file_created] column family: default, file path: /nvme/jinghuan/node_40001/db/000155.sst, file size: 138797058, job id: 77, reason: compaction, status: OK
I20230707 10:27:12.709569 61206 event_listener.cc:138] [event_listener/table_file_created] column family: default, file path: /nvme/jinghuan/node_40001/db/000156.sst, file size: 138664145, job id: 77, reason: compaction, status: OK
I20230707 10:27:14.012295 61208 event_listener.cc:84] [event_listener/flush_begin] column family: default, thread_id: 61208, job_id: 79, reason: 6
I20230707 10:27:15.724468 61208 event_listener.cc:138] [event_listener/table_file_created] column family: default, file path: /nvme/jinghuan/node_40001/db/000159.sst, file size: 73185454, job id: 79, reason: flush, status: OK
I20230707 10:27:15.737156 61208 event_listener.cc:91] [event_listener/flush_completed] column family: default, thread_id: 61208, job_id: 79, file: /nvme/jinghuan/node_40001/db/000159.sst, reason: 6, is_write_slowdown: no, is_write_stall: no, largest seqno: 24728867, smallest seqno: 24097590
I20230707 10:27:16.021916 61206 event_listener.cc:138] [event_listener/table_file_created] column family: default, file path: /nvme/jinghuan/node_40001/db/000157.sst, file size: 138680246, job id: 77, reason: compaction, status: OK
I20230707 10:27:18.122776 61206 event_listener.cc:138] [event_listener/table_file_created] column family: default, file path: /nvme/jinghuan/node_40001/db/000160.sst, file size: 138680144, job id: 77, reason: compaction, status: OK
I20230707 10:27:20.229830 61206 event_listener.cc:138] [event_listener/table_file_created] column family: default, file path: /nvme/jinghuan/node_40001/db/000161.sst, file size: 138680149, job id: 77, reason: compaction, status: OK
I20230707 10:27:22.332093 61206 event_listener.cc:138] [event_listener/table_file_created] column family: default, file path: /nvme/jinghuan/node_40001/db/000162.sst, file size: 138680198, job id: 77, reason: compaction, status: OK
I20230707 10:27:23.112339 61207 event_listener.cc:84] [event_listener/flush_begin] column family: metadata, thread_id: 61207, job_id: 80, reason: 13
I20230707 10:27:23.625393 61207 event_listener.cc:138] [event_listener/table_file_created] column family: metadata, file path: /nvme/jinghuan/node_40001/db/000166.sst, file size: 19108248, job id: 80, reason: flush, status: OK
I20230707 10:27:23.636865 61207 event_listener.cc:91] [event_listener/flush_completed] column family: metadata, thread_id: 61207, job_id: 80, file: /nvme/jinghuan/node_40001/db/000166.sst, reason: 13, is_write_slowdown: no, is_write_stall: no, largest seqno: 25171354, smallest seqno: 22032999
I20230707 10:27:24.722981 61206 event_listener.cc:138] [event_listener/table_file_created] column family: default, file path: /nvme/jinghuan/node_40001/db/000164.sst, file size: 138715658, job id: 77, reason: compaction, status: OK
I20230707 10:27:26.729970 61206 event_listener.cc:138] [event_listener/table_file_created] column family: default, file path: /nvme/jinghuan/node_40001/db/000167.sst, file size: 138730110, job id: 77, reason: compaction, status: OK
I20230707 10:27:26.887845 61208 event_listener.cc:84] [event_listener/flush_begin] column family: default, thread_id: 61208, job_id: 81, reason: 6
I20230707 10:27:28.427127 61208 event_listener.cc:138] [event_listener/table_file_created] column family: default, file path: /nvme/jinghuan/node_40001/db/000170.sst, file size: 73511071, job id: 81, reason: flush, status: OK
I20230707 10:27:28.433432 61208 event_listener.cc:91] [event_listener/flush_completed] column family: default, thread_id: 61208, job_id: 81, file: /nvme/jinghuan/node_40001/db/000170.sst, reason: 6, is_write_slowdown: no, is_write_stall: no, largest seqno: 25362951, smallest seqno: 24728869
I20230707 10:27:29.828261 61206 event_listener.cc:138] [event_listener/table_file_created] column family: default, file path: /nvme/jinghuan/node_40001/db/000168.sst, file size: 138730154, job id: 77, reason: compaction, status: OK
I20230707 10:27:31.829656 61206 event_listener.cc:138] [event_listener/table_file_created] column family: default, file path: /nvme/jinghuan/node_40001/db/000171.sst, file size: 138730097, job id: 77, reason: compaction, status: OK
I20230707 10:27:32.835247 61206 event_listener.cc:138] [event_listener/table_file_created] column family: default, file path: /nvme/jinghuan/node_40001/db/000172.sst, file size: 69129035, job id: 77, reason: compaction, status: OK
I20230707 10:27:32.937350 61206 event_listener.cc:71] [event_listener/compaction_completed] column family: default, compaction reason: 11, output compression type: no, base input level(files): 6(1), output level(files): 6(19), input bytes: 2537838281, output bytes:2566062395, is_manual_compaction:no, elapsed(micro): 44522395
I20230707 10:27:33.116796 61206 event_listener.cc:127] [event_listener/table_file_deleted] db: /nvme/jinghuan/node_40001/db, sst file: /nvme/jinghuan/node_40001/db/000137.sst, status: OK
I20230707 10:27:35.014729 61206 event_listener.cc:138] [event_listener/table_file_created] column family: metadata, file path: /nvme/jinghuan/node_40001/db/000174.sst, file size: 133139207, job id: 82, reason: compaction, status: OK
I20230707 10:27:35.033432 61206 event_listener.cc:71] [event_listener/compaction_completed] column family: metadata, compaction reason: 11, output compression type: no, base input level(files): 6(1), output level(files): 6(1), input bytes: 72801787, output bytes:133139207, is_manual_compaction:no, elapsed(micro): 1897950
I20230707 10:27:35.039758 61206 event_listener.cc:127] [event_listener/table_file_deleted] db: /nvme/jinghuan/node_40001/db, sst file: /nvme/jinghuan/node_40001/db/000136.sst, status: OK
I20230707 10:27:36.948411 61206 event_listener.cc:138] [event_listener/table_file_created] column family: default, file path: /nvme/jinghuan/node_40001/db/000175.sst, file size: 138684310, job id: 83, reason: compaction, status: OK
I20230707 10:27:38.856285 61206 event_listener.cc:138] [event_listener/table_file_created] column family: default, file path: /nvme/jinghuan/node_40001/db/000176.sst, file size: 138752274, job id: 83, reason: compaction, status: OK
I20230707 10:27:39.638478 61207 event_listener.cc:84] [event_listener/flush_begin] column family: default, thread_id: 61207, job_id: 84, reason: 6
I20230707 10:27:41.078809 61207 event_listener.cc:138] [event_listener/table_file_created] column family: default, file path: /nvme/jinghuan/node_40001/db/000179.sst, file size: 72681273, job id: 84, reason: flush, status: OK
I20230707 10:27:41.094502 61207 event_listener.cc:91] [event_listener/flush_completed] column family: default, thread_id: 61207, job_id: 84, file: /nvme/jinghuan/node_40001/db/000179.sst, reason: 6, is_write_slowdown: no, is_write_stall: no, largest seqno: 25989852, smallest seqno: 25362953
I20230707 10:27:41.158386 61206 event_listener.cc:138] [event_listener/table_file_created] column family: default, file path: /nvme/jinghuan/node_40001/db/000177.sst, file size: 93317950, job id: 83, reason: compaction, status: OK
I20230707 10:27:41.181753 61206 event_listener.cc:71] [event_listener/compaction_completed] column family: default, compaction reason: 1, output compression type: no, base input level(files): 0(4), output level(files): 1(3), input bytes: 370913217, output bytes:370754534, is_manual_compaction:no, elapsed(micro): 6118593
I20230707 10:27:41.193619 61206 event_listener.cc:127] [event_listener/table_file_deleted] db: /nvme/jinghuan/node_40001/db, sst file: /nvme/jinghuan/node_40001/db/000170.sst, status: OK
I20230707 10:27:41.198704 61206 event_listener.cc:127] [event_listener/table_file_deleted] db: /nvme/jinghuan/node_40001/db, sst file: /nvme/jinghuan/node_40001/db/000159.sst, status: OK
I20230707 10:27:41.204092 61206 event_listener.cc:127] [event_listener/table_file_deleted] db: /nvme/jinghuan/node_40001/db, sst file: /nvme/jinghuan/node_40001/db/000151.sst, status: OK
I20230707 10:27:41.217031 61206 event_listener.cc:127] [event_listener/table_file_deleted] db: /nvme/jinghuan/node_40001/db, sst file: /nvme/jinghuan/node_40001/db/000142.sst, status: OK
I20230707 10:27:41.223345 61206 event_listener.cc:71] [event_listener/compaction_completed] column family: default, compaction reason: 2, output compression type: no, base input level(files): 1(1), output level(files): 2(1), input bytes: 0, output bytes:0, is_manual_compaction:no, elapsed(micro): 0
