I20230707 12:58:22.085428 77290 cluster.cc:935] [cluster migration] Finished slot migration cmds sending, start to set nodes
I20230707 12:58:22.085470 77288 slot_migrate.cc:165] [migrate] Migrating slot: -1, dst_ip: 0.0.0.0, dst_port: 40002, max_speed: 0, max_pipeline_size: 16
I20230707 12:58:22.086103 77288 slot_migrate.cc:305] [migrate] Start migrating slot 0, connect destination fd 96
I20230707 12:58:22.086135 77288 slot_migrate.cc:195] [migrate] Succeed to start migrating slot 0
I20230707 12:58:22.086386 77288 slot_migrate_level.cc:110] Meta SSTs:[000117.sst,000101.sst,000086.sst]
I20230707 12:58:22.086405 77288 slot_migrate_level.cc:111] Subkey SSTs:[000129.sst,000126.sst,000122.sst,000119.sst,000114.sst,000111.sst,000108.sst,000105.sst,000093.sst,000075.sst,000060.sst,000044.sst,000042.sst,000031.sst]
I20230707 12:58:22.086421 77288 slot_migrate_level.cc:112] SST collected, Time taken(us): 42
I20230707 12:58:22.086443 77288 slot_migrate_level.cc:129] SST waiting for ingestion: /nvme/jinghuan/node_40001/db/000117.sst /nvme/jinghuan/node_40001/db/000101.sst /nvme/jinghuan/node_40001/db/000086.sst /nvme/jinghuan/node_40001/db/000129.sst /nvme/jinghuan/node_40001/db/000126.sst /nvme/jinghuan/node_40001/db/000122.sst /nvme/jinghuan/node_40001/db/000119.sst /nvme/jinghuan/node_40001/db/000114.sst /nvme/jinghuan/node_40001/db/000111.sst /nvme/jinghuan/node_40001/db/000108.sst /nvme/jinghuan/node_40001/db/000105.sst /nvme/jinghuan/node_40001/db/000093.sst /nvme/jinghuan/node_40001/db/000075.sst /nvme/jinghuan/node_40001/db/000060.sst /nvme/jinghuan/node_40001/db/000044.sst /nvme/jinghuan/node_40001/db/000042.sst /nvme/jinghuan/node_40001/db/000031.sst
I20230707 12:58:22.086469 77288 slot_migrate_level.cc:211] redis-cli -h 0.0.0.0 -p 40002 sst_ingest local metadata /nvme/jinghuan/node_40001/db/000117.sst,/nvme/jinghuan/node_40001/db/000101.sst kvrockskvrockskvrockskvrockskvrocksnode2 fast 0
I20230707 12:58:22.169783 77288 slot_migrate_level.cc:211] redis-cli -h 0.0.0.0 -p 40002 sst_ingest local metadata /nvme/jinghuan/node_40001/db/000086.sst kvrockskvrockskvrockskvrockskvrocksnode2 fast 1
I20230707 12:58:22.280485 77288 slot_migrate_level.cc:222] Level ingestion on column family [metadata] finished, Time taken(us)194019
I20230707 12:58:22.280537 77288 slot_migrate_level.cc:211] redis-cli -h 0.0.0.0 -p 40002 sst_ingest local default /nvme/jinghuan/node_40001/db/000129.sst,/nvme/jinghuan/node_40001/db/000126.sst,/nvme/jinghuan/node_40001/db/000122.sst,/nvme/jinghuan/node_40001/db/000119.sst,/nvme/jinghuan/node_40001/db/000114.sst,/nvme/jinghuan/node_40001/db/000111.sst,/nvme/jinghuan/node_40001/db/000108.sst,/nvme/jinghuan/node_40001/db/000105.sst,/nvme/jinghuan/node_40001/db/000093.sst,/nvme/jinghuan/node_40001/db/000075.sst,/nvme/jinghuan/node_40001/db/000060.sst,/nvme/jinghuan/node_40001/db/000044.sst kvrockskvrockskvrockskvrockskvrocksnode2 fast 0
I20230707 12:58:24.277681 77064 event_listener.cc:138] [event_listener/table_file_created] column family: default, file path: /nvme/jinghuan/node_40001/db/000132.sst, file size: 84932942, job id: 77, reason: flush, status: OK
I20230707 12:58:24.284243 77064 event_listener.cc:91] [event_listener/flush_completed] column family: default, thread_id: 77064, job_id: 77, file: /nvme/jinghuan/node_40001/db/000132.sst, reason: 6, is_write_slowdown: no, is_write_stall: no, largest seqno: 21889790, smallest seqno: 21157005
I20230707 12:58:24.384150 77288 slot_migrate_level.cc:211] redis-cli -h 0.0.0.0 -p 40002 sst_ingest local default /nvme/jinghuan/node_40001/db/000042.sst kvrockskvrockskvrockskvrockskvrocksnode2 fast 1
I20230707 12:58:24.556510 77288 slot_migrate_level.cc:211] redis-cli -h 0.0.0.0 -p 40002 sst_ingest local default /nvme/jinghuan/node_40001/db/000031.sst kvrockskvrockskvrockskvrockskvrocksnode2 fast 2
I20230707 12:58:24.727228 77288 slot_migrate_level.cc:222] Level ingestion on column family [default] finished, Time taken(us)2446693
I20230707 12:58:24.727298 77288 slot_migrate.cc:209] Finished sending snapshot, time taken(us): 2641145, seek time taken(us): 0, network response time taken(us): 0
I20230707 12:58:24.727313 77288 slot_migrate.cc:225] [migrate] Succeed to sync from WAL for a slot 0
I20230707 12:58:24.728825 77288 slot_migrate.cc:237] [migrate] Succeed to migrate slot 0
I20230707 12:58:24.728884 77288 slot_migrate.cc:438] [migrate] Clean resources of migrating slot 0
I20230707 12:58:25.600320 77063 event_listener.cc:84] [event_listener/flush_begin] column family: metadata, thread_id: 77063, job_id: 79, reason: 13
I20230707 12:58:26.692625 77063 event_listener.cc:138] [event_listener/table_file_created] column family: metadata, file path: /nvme/jinghuan/node_40001/db/000135.sst, file size: 19005226, job id: 79, reason: flush, status: OK
I20230707 12:58:26.702105 77063 event_listener.cc:91] [event_listener/flush_completed] column family: metadata, thread_id: 77063, job_id: 79, file: /nvme/jinghuan/node_40001/db/000135.sst, reason: 13, is_write_slowdown: no, is_write_stall: no, largest seqno: 22020530, smallest seqno: 18885361
I20230707 12:58:26.709314 77064 event_listener.cc:84] [event_listener/flush_begin] column family: default, thread_id: 77064, job_id: 80, reason: 13
I20230707 12:58:27.382824 77064 event_listener.cc:138] [event_listener/table_file_created] column family: default, file path: /nvme/jinghuan/node_40001/db/000137.sst, file size: 17517872, job id: 80, reason: flush, status: OK
I20230707 12:58:27.392302 77064 event_listener.cc:91] [event_listener/flush_completed] column family: default, thread_id: 77064, job_id: 80, file: /nvme/jinghuan/node_40001/db/000137.sst, reason: 13, is_write_slowdown: no, is_write_stall: no, largest seqno: 22038312, smallest seqno: 21889792
I20230707 12:58:31.882086 77062 event_listener.cc:138] [event_listener/table_file_created] column family: default, file path: /nvme/jinghuan/node_40001/db/000123.sst, file size: 324281818, job id: 67, reason: compaction, status: OK
I20230707 12:58:31.898063 77062 event_listener.cc:71] [event_listener/compaction_completed] column family: default, compaction reason: 1, output compression type: no, base input level(files): 0(4), output level(files): 0(1), input bytes: 324398521, output bytes:324281818, is_manual_compaction:no, elapsed(micro): 18590185
I20230707 12:58:31.904616 77062 event_listener.cc:127] [event_listener/table_file_deleted] db: /nvme/jinghuan/node_40001/db, sst file: /nvme/jinghuan/node_40001/db/000104.sst, status: OK
I20230707 12:58:31.910981 77062 event_listener.cc:127] [event_listener/table_file_deleted] db: /nvme/jinghuan/node_40001/db, sst file: /nvme/jinghuan/node_40001/db/000099.sst, status: OK
I20230707 12:58:31.916757 77062 event_listener.cc:127] [event_listener/table_file_deleted] db: /nvme/jinghuan/node_40001/db, sst file: /nvme/jinghuan/node_40001/db/000096.sst, status: OK
I20230707 12:58:31.922580 77062 event_listener.cc:127] [event_listener/table_file_deleted] db: /nvme/jinghuan/node_40001/db, sst file: /nvme/jinghuan/node_40001/db/000092.sst, status: OK
I20230707 12:58:34.798923 77061 event_listener.cc:138] [event_listener/table_file_created] column family: default, file path: /nvme/jinghuan/node_40001/db/000133.sst, file size: 319951945, job id: 78, reason: compaction, status: OK
I20230707 12:58:34.822105 77061 event_listener.cc:71] [event_listener/compaction_completed] column family: default, compaction reason: 1, output compression type: no, base input level(files): 0(4), output level(files): 0(1), input bytes: 320088143, output bytes:319951945, is_manual_compaction:no, elapsed(micro): 10514533
I20230707 12:58:34.829509 77293 event_listener.cc:127] [event_listener/table_file_deleted] db: /nvme/jinghuan/node_40001/db, sst file: /nvme/jinghuan/node_40001/db/000132.sst, status: OK
I20230707 12:58:34.833356 77061 event_listener.cc:127] [event_listener/table_file_deleted] db: /nvme/jinghuan/node_40001/db, sst file: /nvme/jinghuan/node_40001/db/000119.sst, status: OK
I20230707 12:58:34.835894 77293 event_listener.cc:127] [event_listener/table_file_deleted] db: /nvme/jinghuan/node_40001/db, sst file: /nvme/jinghuan/node_40001/db/000129.sst, status: OK
I20230707 12:58:34.839855 77061 event_listener.cc:127] [event_listener/table_file_deleted] db: /nvme/jinghuan/node_40001/db, sst file: /nvme/jinghuan/node_40001/db/000114.sst, status: OK
I20230707 12:58:34.842473 77293 event_listener.cc:127] [event_listener/table_file_deleted] db: /nvme/jinghuan/node_40001/db, sst file: /nvme/jinghuan/node_40001/db/000126.sst, status: OK
I20230707 12:58:34.847100 77061 event_listener.cc:127] [event_listener/table_file_deleted] db: /nvme/jinghuan/node_40001/db, sst file: /nvme/jinghuan/node_40001/db/000111.sst, status: OK
I20230707 12:58:34.848847 77293 event_listener.cc:127] [event_listener/table_file_deleted] db: /nvme/jinghuan/node_40001/db, sst file: /nvme/jinghuan/node_40001/db/000122.sst, status: OK
I20230707 12:58:34.853390 77061 event_listener.cc:127] [event_listener/table_file_deleted] db: /nvme/jinghuan/node_40001/db, sst file: /nvme/jinghuan/node_40001/db/000108.sst, status: OK
I20230707 12:58:37.582659 77062 event_listener.cc:138] [event_listener/table_file_created] column family: default, file path: /nvme/jinghuan/node_40001/db/000138.sst, file size: 138661938, job id: 82, reason: compaction, status: OK
I20230707 12:58:40.290983 77062 event_listener.cc:138] [event_listener/table_file_created] column family: default, file path: /nvme/jinghuan/node_40001/db/000139.sst, file size: 138699739, job id: 82, reason: compaction, status: OK
I20230707 12:58:42.892536 77062 event_listener.cc:138] [event_listener/table_file_created] column family: default, file path: /nvme/jinghuan/node_40001/db/000140.sst, file size: 138699699, job id: 82, reason: compaction, status: OK
I20230707 12:58:45.593884 77062 event_listener.cc:138] [event_listener/table_file_created] column family: default, file path: /nvme/jinghuan/node_40001/db/000141.sst, file size: 138699302, job id: 82, reason: compaction, status: OK
I20230707 12:58:48.189070 77062 event_listener.cc:138] [event_listener/table_file_created] column family: default, file path: /nvme/jinghuan/node_40001/db/000142.sst, file size: 138760178, job id: 82, reason: compaction, status: OK
I20230707 12:58:50.698590 77062 event_listener.cc:138] [event_listener/table_file_created] column family: default, file path: /nvme/jinghuan/node_40001/db/000143.sst, file size: 138795781, job id: 82, reason: compaction, status: OK
I20230707 12:58:53.300606 77062 event_listener.cc:138] [event_listener/table_file_created] column family: default, file path: /nvme/jinghuan/node_40001/db/000144.sst, file size: 138795877, job id: 82, reason: compaction, status: OK
I20230707 12:58:55.800199 77062 event_listener.cc:138] [event_listener/table_file_created] column family: default, file path: /nvme/jinghuan/node_40001/db/000145.sst, file size: 138798064, job id: 82, reason: compaction, status: OK
I20230707 12:58:58.295802 77062 event_listener.cc:138] [event_listener/table_file_created] column family: default, file path: /nvme/jinghuan/node_40001/db/000146.sst, file size: 138651758, job id: 82, reason: compaction, status: OK
I20230707 12:59:00.697957 77062 event_listener.cc:138] [event_listener/table_file_created] column family: default, file path: /nvme/jinghuan/node_40001/db/000147.sst, file size: 138680432, job id: 82, reason: compaction, status: OK
I20230707 12:59:03.108074 77062 event_listener.cc:138] [event_listener/table_file_created] column family: default, file path: /nvme/jinghuan/node_40001/db/000149.sst, file size: 138680231, job id: 82, reason: compaction, status: OK
I20230707 12:59:05.506297 77062 event_listener.cc:138] [event_listener/table_file_created] column family: default, file path: /nvme/jinghuan/node_40001/db/000150.sst, file size: 138680402, job id: 82, reason: compaction, status: OK
I20230707 12:59:07.909701 77062 event_listener.cc:138] [event_listener/table_file_created] column family: default, file path: /nvme/jinghuan/node_40001/db/000151.sst, file size: 138680288, job id: 82, reason: compaction, status: OK
I20230707 12:59:10.203876 77062 event_listener.cc:138] [event_listener/table_file_created] column family: default, file path: /nvme/jinghuan/node_40001/db/000152.sst, file size: 138723880, job id: 82, reason: compaction, status: OK
I20230707 12:59:12.505986 77062 event_listener.cc:138] [event_listener/table_file_created] column family: default, file path: /nvme/jinghuan/node_40001/db/000153.sst, file size: 138730201, job id: 82, reason: compaction, status: OK
I20230707 12:59:14.807405 77062 event_listener.cc:138] [event_listener/table_file_created] column family: default, file path: /nvme/jinghuan/node_40001/db/000154.sst, file size: 138730130, job id: 82, reason: compaction, status: OK
I20230707 12:59:17.107501 77062 event_listener.cc:138] [event_listener/table_file_created] column family: default, file path: /nvme/jinghuan/node_40001/db/000155.sst, file size: 138730156, job id: 82, reason: compaction, status: OK
I20230707 12:59:17.918174 77062 event_listener.cc:138] [event_listener/table_file_created] column family: default, file path: /nvme/jinghuan/node_40001/db/000156.sst, file size: 50088513, job id: 82, reason: compaction, status: OK
I20230707 12:59:18.001987 77062 event_listener.cc:71] [event_listener/compaction_completed] column family: default, compaction reason: 1, output compression type: no, base input level(files): 0(10), output level(files): 1(18), input bytes: 2414969096, output bytes:2408286569, is_manual_compaction:no, elapsed(micro): 43095935
I20230707 12:59:18.004333 77291 event_listener.cc:127] [event_listener/table_file_deleted] db: /nvme/jinghuan/node_40001/db, sst file: /nvme/jinghuan/node_40001/db/000137.sst, status: OK
I20230707 12:59:18.017515 77062 event_listener.cc:71] [event_listener/compaction_completed] column family: default, compaction reason: 2, output compression type: no, base input level(files): 1(1), output level(files): 2(1), input bytes: 0, output bytes:0, is_manual_compaction:no, elapsed(micro): 0
I20230707 12:59:18.024184 77062 event_listener.cc:71] [event_listener/compaction_completed] column family: default, compaction reason: 2, output compression type: no, base input level(files): 1(1), output level(files): 2(1), input bytes: 0, output bytes:0, is_manual_compaction:no, elapsed(micro): 0
I20230707 12:59:18.035163 77291 event_listener.cc:127] [event_listener/table_file_deleted] db: /nvme/jinghuan/node_40001/db, sst file: /nvme/jinghuan/node_40001/db/000133.sst, status: OK
I20230707 12:59:18.041275 77062 event_listener.cc:71] [event_listener/compaction_completed] column family: default, compaction reason: 2, output compression type: no, base input level(files): 1(1), output level(files): 2(1), input bytes: 0, output bytes:0, is_manual_compaction:no, elapsed(micro): 0
I20230707 12:59:18.047746 77062 event_listener.cc:71] [event_listener/compaction_completed] column family: default, compaction reason: 2, output compression type: no, base input level(files): 1(1), output level(files): 2(1), input bytes: 0, output bytes:0, is_manual_compaction:no, elapsed(micro): 0
I20230707 12:59:18.058167 77291 event_listener.cc:127] [event_listener/table_file_deleted] db: /nvme/jinghuan/node_40001/db, sst file: /nvme/jinghuan/node_40001/db/000123.sst, status: OK
I20230707 12:59:18.059674 77062 event_listener.cc:71] [event_listener/compaction_completed] column family: default, compaction reason: 2, output compression type: no, base input level(files): 1(1), output level(files): 2(1), input bytes: 0, output bytes:0, is_manual_compaction:no, elapsed(micro): 0
I20230707 12:59:18.066139 77062 event_listener.cc:71] [event_listener/compaction_completed] column family: default, compaction reason: 2, output compression type: no, base input level(files): 1(1), output level(files): 2(1), input bytes: 0, output bytes:0, is_manual_compaction:no, elapsed(micro): 0
I20230707 12:59:18.081619 77062 event_listener.cc:71] [event_listener/compaction_completed] column family: default, compaction reason: 2, output compression type: no, base input level(files): 1(1), output level(files): 2(1), input bytes: 0, output bytes:0, is_manual_compaction:no, elapsed(micro): 0
I20230707 12:59:18.085389 77291 event_listener.cc:127] [event_listener/table_file_deleted] db: /nvme/jinghuan/node_40001/db, sst file: /nvme/jinghuan/node_40001/db/000105.sst, status: OK
I20230707 12:59:18.088033 77062 event_listener.cc:71] [event_listener/compaction_completed] column family: default, compaction reason: 2, output compression type: no, base input level(files): 1(1), output level(files): 2(1), input bytes: 0, output bytes:0, is_manual_compaction:no, elapsed(micro): 0
I20230707 12:59:18.100644 77062 event_listener.cc:71] [event_listener/compaction_completed] column family: default, compaction reason: 2, output compression type: no, base input level(files): 1(1), output level(files): 2(1), input bytes: 0, output bytes:0, is_manual_compaction:no, elapsed(micro): 0
I20230707 12:59:18.109560 77062 event_listener.cc:71] [event_listener/compaction_completed] column family: default, compaction reason: 2, output compression type: no, base input level(files): 1(1), output level(files): 2(1), input bytes: 0, output bytes:0, is_manual_compaction:no, elapsed(micro): 0
I20230707 12:59:18.111686 77291 event_listener.cc:127] [event_listener/table_file_deleted] db: /nvme/jinghuan/node_40001/db, sst file: /nvme/jinghuan/node_40001/db/000093.sst, status: OK
I20230707 12:59:18.139115 77291 event_listener.cc:127] [event_listener/table_file_deleted] db: /nvme/jinghuan/node_40001/db, sst file: /nvme/jinghuan/node_40001/db/000075.sst, status: OK
I20230707 12:59:18.164260 77291 event_listener.cc:127] [event_listener/table_file_deleted] db: /nvme/jinghuan/node_40001/db, sst file: /nvme/jinghuan/node_40001/db/000060.sst, status: OK
I20230707 12:59:18.167404 77291 event_listener.cc:127] [event_listener/table_file_deleted] db: /nvme/jinghuan/node_40001/db, sst file: /nvme/jinghuan/node_40001/db/000052.sst, status: OK
I20230707 12:59:18.188458 77291 event_listener.cc:127] [event_listener/table_file_deleted] db: /nvme/jinghuan/node_40001/db, sst file: /nvme/jinghuan/node_40001/db/000044.sst, status: OK
I20230707 12:59:18.198674 77291 event_listener.cc:127] [event_listener/table_file_deleted] db: /nvme/jinghuan/node_40001/db, sst file: /nvme/jinghuan/node_40001/db/000042.sst, status: OK
I20230707 12:59:20.305994 77062 event_listener.cc:138] [event_listener/table_file_created] column family: default, file path: /nvme/jinghuan/node_40001/db/000157.sst, file size: 138656037, job id: 93, reason: compaction, status: OK
I20230707 12:59:22.509508 77062 event_listener.cc:138] [event_listener/table_file_created] column family: default, file path: /nvme/jinghuan/node_40001/db/000158.sst, file size: 138701420, job id: 93, reason: compaction, status: OK
I20230707 12:59:24.703388 77062 event_listener.cc:138] [event_listener/table_file_created] column family: default, file path: /nvme/jinghuan/node_40001/db/000159.sst, file size: 138701368, job id: 93, reason: compaction, status: OK
I20230707 12:59:26.904670 77062 event_listener.cc:138] [event_listener/table_file_created] column family: default, file path: /nvme/jinghuan/node_40001/db/000160.sst, file size: 138701299, job id: 93, reason: compaction, status: OK
I20230707 12:59:28.934015 77062 event_listener.cc:138] [event_listener/table_file_created] column family: default, file path: /nvme/jinghuan/node_40001/db/000161.sst, file size: 138702620, job id: 93, reason: compaction, status: OK
I20230707 12:59:30.349896 77063 event_listener.cc:84] [event_listener/flush_begin] column family: default, thread_id: 77063, job_id: 94, reason: 6
I20230707 12:59:31.723847 77063 event_listener.cc:138] [event_listener/table_file_created] column family: default, file path: /nvme/jinghuan/node_40001/db/000164.sst, file size: 61661594, job id: 94, reason: flush, status: OK
I20230707 12:59:31.730119 77063 event_listener.cc:91] [event_listener/flush_completed] column family: default, thread_id: 77063, job_id: 94, file: /nvme/jinghuan/node_40001/db/000164.sst, reason: 6, is_write_slowdown: no, is_write_stall: no, largest seqno: 22657158, smallest seqno: 22038313
I20230707 12:59:32.013890 77062 event_listener.cc:138] [event_listener/table_file_created] column family: default, file path: /nvme/jinghuan/node_40001/db/000162.sst, file size: 138797577, job id: 93, reason: compaction, status: OK
I20230707 12:59:34.118075 77062 event_listener.cc:138] [event_listener/table_file_created] column family: default, file path: /nvme/jinghuan/node_40001/db/000165.sst, file size: 138797458, job id: 93, reason: compaction, status: OK
I20230707 12:59:36.217126 77062 event_listener.cc:138] [event_listener/table_file_created] column family: default, file path: /nvme/jinghuan/node_40001/db/000166.sst, file size: 138797433, job id: 93, reason: compaction, status: OK
I20230707 12:59:38.217754 77062 event_listener.cc:138] [event_listener/table_file_created] column family: default, file path: /nvme/jinghuan/node_40001/db/000167.sst, file size: 138644374, job id: 93, reason: compaction, status: OK
I20230707 12:59:38.266533 77062 event_listener.cc:71] [event_listener/compaction_completed] column family: default, compaction reason: 2, output compression type: no, base input level(files): 1(9), output level(files): 2(9), input bytes: 1248638587, output bytes:1248499586, is_manual_compaction:no, elapsed(micro): 20108058
I20230707 12:59:38.275233 77062 event_listener.cc:127] [event_listener/table_file_deleted] db: /nvme/jinghuan/node_40001/db, sst file: /nvme/jinghuan/node_40001/db/000145.sst, status: OK
I20230707 12:59:38.286118 77062 event_listener.cc:127] [event_listener/table_file_deleted] db: /nvme/jinghuan/node_40001/db, sst file: /nvme/jinghuan/node_40001/db/000144.sst, status: OK
I20230707 12:59:38.294407 77062 event_listener.cc:127] [event_listener/table_file_deleted] db: /nvme/jinghuan/node_40001/db, sst file: /nvme/jinghuan/node_40001/db/000143.sst, status: OK
I20230707 12:59:38.302832 77062 event_listener.cc:127] [event_listener/table_file_deleted] db: /nvme/jinghuan/node_40001/db, sst file: /nvme/jinghuan/node_40001/db/000142.sst, status: OK
I20230707 12:59:38.311389 77062 event_listener.cc:127] [event_listener/table_file_deleted] db: /nvme/jinghuan/node_40001/db, sst file: /nvme/jinghuan/node_40001/db/000141.sst, status: OK
I20230707 12:59:38.320451 77062 event_listener.cc:127] [event_listener/table_file_deleted] db: /nvme/jinghuan/node_40001/db, sst file: /nvme/jinghuan/node_40001/db/000140.sst, status: OK
I20230707 12:59:38.329488 77062 event_listener.cc:127] [event_listener/table_file_deleted] db: /nvme/jinghuan/node_40001/db, sst file: /nvme/jinghuan/node_40001/db/000139.sst, status: OK
I20230707 12:59:38.339080 77062 event_listener.cc:127] [event_listener/table_file_deleted] db: /nvme/jinghuan/node_40001/db, sst file: /nvme/jinghuan/node_40001/db/000138.sst, status: OK
I20230707 12:59:38.351881 77062 event_listener.cc:127] [event_listener/table_file_deleted] db: /nvme/jinghuan/node_40001/db, sst file: /nvme/jinghuan/node_40001/db/000031.sst, status: OK
I20230707 12:59:40.350795 77061 event_listener.cc:138] [event_listener/table_file_created] column family: default, file path: /nvme/jinghuan/node_40001/db/000168.sst, file size: 138651758, job id: 95, reason: compaction, status: OK
I20230707 12:59:40.361982 77061 event_listener.cc:71] [event_listener/compaction_completed] column family: default, compaction reason: 11, output compression type: no, base input level(files): 2(1), output level(files): 2(1), input bytes: 138651758, output bytes:138651758, is_manual_compaction:no, elapsed(micro): 1998538
I20230707 12:59:40.371724 77061 event_listener.cc:127] [event_listener/table_file_deleted] db: /nvme/jinghuan/node_40001/db, sst file: /nvme/jinghuan/node_40001/db/000146.sst, status: OK
I20230707 12:59:42.385917 77061 event_listener.cc:138] [event_listener/table_file_created] column family: default, file path: /nvme/jinghuan/node_40001/db/000169.sst, file size: 138680432, job id: 96, reason: compaction, status: OK
I20230707 12:59:42.408020 77061 event_listener.cc:71] [event_listener/compaction_completed] column family: default, compaction reason: 11, output compression type: no, base input level(files): 2(1), output level(files): 2(1), input bytes: 138680432, output bytes:138680432, is_manual_compaction:no, elapsed(micro): 2014181
I20230707 12:59:42.424645 77061 event_listener.cc:127] [event_listener/table_file_deleted] db: /nvme/jinghuan/node_40001/db, sst file: /nvme/jinghuan/node_40001/db/000147.sst, status: OK
I20230707 12:59:44.346750 77061 event_listener.cc:138] [event_listener/table_file_created] column family: default, file path: /nvme/jinghuan/node_40001/db/000170.sst, file size: 138680231, job id: 97, reason: compaction, status: OK
I20230707 12:59:44.357965 77061 event_listener.cc:71] [event_listener/compaction_completed] column family: default, compaction reason: 11, output compression type: no, base input level(files): 2(1), output level(files): 2(1), input bytes: 138680231, output bytes:138680231, is_manual_compaction:no, elapsed(micro): 1922076
I20230707 12:59:44.369213 77061 event_listener.cc:127] [event_listener/table_file_deleted] db: /nvme/jinghuan/node_40001/db, sst file: /nvme/jinghuan/node_40001/db/000149.sst, status: OK
I20230707 12:59:46.351454 77061 event_listener.cc:138] [event_listener/table_file_created] column family: default, file path: /nvme/jinghuan/node_40001/db/000171.sst, file size: 138680402, job id: 98, reason: compaction, status: OK
I20230707 12:59:46.362295 77061 event_listener.cc:71] [event_listener/compaction_completed] column family: default, compaction reason: 11, output compression type: no, base input level(files): 2(1), output level(files): 2(1), input bytes: 138680402, output bytes:138680402, is_manual_compaction:no, elapsed(micro): 1982215
I20230707 12:59:46.372339 77061 event_listener.cc:127] [event_listener/table_file_deleted] db: /nvme/jinghuan/node_40001/db, sst file: /nvme/jinghuan/node_40001/db/000150.sst, status: OK
I20230707 12:59:48.245282 77061 event_listener.cc:138] [event_listener/table_file_created] column family: default, file path: /nvme/jinghuan/node_40001/db/000172.sst, file size: 138680288, job id: 99, reason: compaction, status: OK
I20230707 12:59:48.256999 77061 event_listener.cc:71] [event_listener/compaction_completed] column family: default, compaction reason: 11, output compression type: no, base input level(files): 2(1), output level(files): 2(1), input bytes: 138680288, output bytes:138680288, is_manual_compaction:no, elapsed(micro): 1872915
I20230707 12:59:48.267051 77061 event_listener.cc:127] [event_listener/table_file_deleted] db: /nvme/jinghuan/node_40001/db, sst file: /nvme/jinghuan/node_40001/db/000151.sst, status: OK
I20230707 12:59:50.151388 77061 event_listener.cc:138] [event_listener/table_file_created] column family: default, file path: /nvme/jinghuan/node_40001/db/000173.sst, file size: 138723880, job id: 100, reason: compaction, status: OK
I20230707 12:59:50.165215 77061 event_listener.cc:71] [event_listener/compaction_completed] column family: default, compaction reason: 11, output compression type: no, base input level(files): 2(1), output level(files): 2(1), input bytes: 138723880, output bytes:138723880, is_manual_compaction:no, elapsed(micro): 1884311
I20230707 12:59:50.179445 77061 event_listener.cc:127] [event_listener/table_file_deleted] db: /nvme/jinghuan/node_40001/db, sst file: /nvme/jinghuan/node_40001/db/000152.sst, status: OK
I20230707 12:59:52.063575 77061 event_listener.cc:138] [event_listener/table_file_created] column family: default, file path: /nvme/jinghuan/node_40001/db/000174.sst, file size: 138730201, job id: 101, reason: compaction, status: OK
I20230707 12:59:52.085598 77061 event_listener.cc:71] [event_listener/compaction_completed] column family: default, compaction reason: 11, output compression type: no, base input level(files): 2(1), output level(files): 2(1), input bytes: 138730201, output bytes:138730201, is_manual_compaction:no, elapsed(micro): 1884109
I20230707 12:59:52.099284 77061 event_listener.cc:127] [event_listener/table_file_deleted] db: /nvme/jinghuan/node_40001/db, sst file: /nvme/jinghuan/node_40001/db/000153.sst, status: OK
I20230707 12:59:53.955763 77061 event_listener.cc:138] [event_listener/table_file_created] column family: default, file path: /nvme/jinghuan/node_40001/db/000175.sst, file size: 138730130, job id: 102, reason: compaction, status: OK
I20230707 12:59:53.974151 77061 event_listener.cc:71] [event_listener/compaction_completed] column family: default, compaction reason: 11, output compression type: no, base input level(files): 2(1), output level(files): 2(1), input bytes: 138730130, output bytes:138730130, is_manual_compaction:no, elapsed(micro): 1856450
I20230707 12:59:53.986876 77061 event_listener.cc:127] [event_listener/table_file_deleted] db: /nvme/jinghuan/node_40001/db, sst file: /nvme/jinghuan/node_40001/db/000154.sst, status: OK
I20230707 12:59:55.864192 77061 event_listener.cc:138] [event_listener/table_file_created] column family: default, file path: /nvme/jinghuan/node_40001/db/000176.sst, file size: 138730156, job id: 103, reason: compaction, status: OK
I20230707 12:59:55.880457 77061 event_listener.cc:71] [event_listener/compaction_completed] column family: default, compaction reason: 11, output compression type: no, base input level(files): 2(1), output level(files): 2(1), input bytes: 138730156, output bytes:138730156, is_manual_compaction:no, elapsed(micro): 1877278
I20230707 12:59:55.893530 77061 event_listener.cc:127] [event_listener/table_file_deleted] db: /nvme/jinghuan/node_40001/db, sst file: /nvme/jinghuan/node_40001/db/000155.sst, status: OK
I20230707 12:59:56.562479 77061 event_listener.cc:138] [event_listener/table_file_created] column family: default, file path: /nvme/jinghuan/node_40001/db/000177.sst, file size: 50088513, job id: 104, reason: compaction, status: OK
I20230707 12:59:56.570398 77061 event_listener.cc:71] [event_listener/compaction_completed] column family: default, compaction reason: 11, output compression type: no, base input level(files): 2(1), output level(files): 2(1), input bytes: 50088513, output bytes:50088513, is_manual_compaction:no, elapsed(micro): 668893
I20230707 12:59:56.575523 77061 event_listener.cc:127] [event_listener/table_file_deleted] db: /nvme/jinghuan/node_40001/db, sst file: /nvme/jinghuan/node_40001/db/000156.sst, status: OK
I20230707 13:00:30.096899 77064 event_listener.cc:84] [event_listener/flush_begin] column family: default, thread_id: 77064, job_id: 105, reason: 6
I20230707 13:00:32.550632 77064 event_listener.cc:138] [event_listener/table_file_created] column family: default, file path: /nvme/jinghuan/node_40001/db/000180.sst, file size: 66430670, job id: 105, reason: flush, status: OK
I20230707 13:00:32.563503 77064 event_listener.cc:91] [event_listener/flush_completed] column family: default, thread_id: 77064, job_id: 105, file: /nvme/jinghuan/node_40001/db/000180.sst, reason: 6, is_write_slowdown: no, is_write_stall: no, largest seqno: 23331355, smallest seqno: 22657159
I20230707 13:01:33.846699 77063 event_listener.cc:84] [event_listener/flush_begin] column family: default, thread_id: 77063, job_id: 106, reason: 6
I20230707 13:01:36.290117 77063 event_listener.cc:138] [event_listener/table_file_created] column family: default, file path: /nvme/jinghuan/node_40001/db/000183.sst, file size: 66429709, job id: 106, reason: flush, status: OK
I20230707 13:01:36.302767 77063 event_listener.cc:91] [event_listener/flush_completed] column family: default, thread_id: 77063, job_id: 106, file: /nvme/jinghuan/node_40001/db/000183.sst, reason: 6, is_write_slowdown: no, is_write_stall: no, largest seqno: 24005461, smallest seqno: 23331357
I20230707 13:02:41.385262 77064 event_listener.cc:84] [event_listener/flush_begin] column family: default, thread_id: 77064, job_id: 107, reason: 6
I20230707 13:02:43.822224 77064 event_listener.cc:138] [event_listener/table_file_created] column family: default, file path: /nvme/jinghuan/node_40001/db/000186.sst, file size: 66350199, job id: 107, reason: flush, status: OK
I20230707 13:02:43.829051 77064 event_listener.cc:91] [event_listener/flush_completed] column family: default, thread_id: 77064, job_id: 107, file: /nvme/jinghuan/node_40001/db/000186.sst, reason: 6, is_write_slowdown: no, is_write_stall: no, largest seqno: 24679621, smallest seqno: 24005462
I20230707 13:02:49.123275 77062 event_listener.cc:138] [event_listener/table_file_created] column family: default, file path: /nvme/jinghuan/node_40001/db/000187.sst, file size: 137652367, job id: 108, reason: compaction, status: OK
I20230707 13:02:51.824425 77062 event_listener.cc:138] [event_listener/table_file_created] column family: default, file path: /nvme/jinghuan/node_40001/db/000188.sst, file size: 71473032, job id: 108, reason: compaction, status: OK
I20230707 13:02:51.845662 77062 event_listener.cc:71] [event_listener/compaction_completed] column family: default, compaction reason: 1, output compression type: no, base input level(files): 0(4), output level(files): 1(2), input bytes: 260872172, output bytes:209125399, is_manual_compaction:no, elapsed(micro): 7995017
I20230707 13:02:51.857651 77062 event_listener.cc:127] [event_listener/table_file_deleted] db: /nvme/jinghuan/node_40001/db, sst file: /nvme/jinghuan/node_40001/db/000186.sst, status: OK
I20230707 13:02:51.863246 77062 event_listener.cc:127] [event_listener/table_file_deleted] db: /nvme/jinghuan/node_40001/db, sst file: /nvme/jinghuan/node_40001/db/000183.sst, status: OK
I20230707 13:02:51.869285 77062 event_listener.cc:127] [event_listener/table_file_deleted] db: /nvme/jinghuan/node_40001/db, sst file: /nvme/jinghuan/node_40001/db/000180.sst, status: OK
I20230707 13:02:51.875198 77062 event_listener.cc:127] [event_listener/table_file_deleted] db: /nvme/jinghuan/node_40001/db, sst file: /nvme/jinghuan/node_40001/db/000164.sst, status: OK
I20230707 13:02:55.250627 77063 event_listener.cc:84] [event_listener/flush_begin] column family: metadata, thread_id: 77063, job_id: 109, reason: 13
I20230707 13:02:55.257485 77063 event_listener.cc:138] [event_listener/table_file_created] column family: metadata, file path: /nvme/jinghuan/node_40001/db/000190.sst, file size: 7427, job id: 109, reason: flush, status: OK
I20230707 13:02:55.273870 77063 event_listener.cc:91] [event_listener/flush_completed] column family: metadata, thread_id: 77063, job_id: 109, file: /nvme/jinghuan/node_40001/db/000190.sst, reason: 13, is_write_slowdown: no, is_write_stall: no, largest seqno: 24786957, smallest seqno: 22108705
I20230707 13:03:00.025372 77061 event_listener.cc:138] [event_listener/table_file_created] column family: metadata, file path: /nvme/jinghuan/node_40001/db/000191.sst, file size: 132931832, job id: 110, reason: compaction, status: OK
I20230707 13:03:00.035918 77061 event_listener.cc:71] [event_listener/compaction_completed] column family: metadata, compaction reason: 1, output compression type: no, base input level(files): 0(5), output level(files): 1(1), input bytes: 133786583, output bytes:132931832, is_manual_compaction:no, elapsed(micro): 4751296
I20230707 13:03:00.036054 77061 event_listener.cc:127] [event_listener/table_file_deleted] db: /nvme/jinghuan/node_40001/db, sst file: /nvme/jinghuan/node_40001/db/000190.sst, status: OK
I20230707 13:03:00.037743 77061 event_listener.cc:127] [event_listener/table_file_deleted] db: /nvme/jinghuan/node_40001/db, sst file: /nvme/jinghuan/node_40001/db/000135.sst, status: OK
I20230707 13:03:00.039417 77061 event_listener.cc:127] [event_listener/table_file_deleted] db: /nvme/jinghuan/node_40001/db, sst file: /nvme/jinghuan/node_40001/db/000117.sst, status: OK
I20230707 13:03:00.041371 77061 event_listener.cc:127] [event_listener/table_file_deleted] db: /nvme/jinghuan/node_40001/db, sst file: /nvme/jinghuan/node_40001/db/000101.sst, status: OK
I20230707 13:03:00.048853 77061 event_listener.cc:127] [event_listener/table_file_deleted] db: /nvme/jinghuan/node_40001/db, sst file: /nvme/jinghuan/node_40001/db/000086.sst, status: OK
I20230707 13:03:45.198213 77064 event_listener.cc:84] [event_listener/flush_begin] column family: default, thread_id: 77064, job_id: 111, reason: 6
I20230707 13:03:47.739738 77064 event_listener.cc:138] [event_listener/table_file_created] column family: default, file path: /nvme/jinghuan/node_40001/db/000194.sst, file size: 66389705, job id: 111, reason: flush, status: OK
I20230707 13:03:47.752866 77064 event_listener.cc:91] [event_listener/flush_completed] column family: default, thread_id: 77064, job_id: 111, file: /nvme/jinghuan/node_40001/db/000194.sst, reason: 6, is_write_slowdown: no, is_write_stall: no, largest seqno: 25353711, smallest seqno: 24679623
