Log file created at: 2023/07/07 12:56:05
Running on machine: en4217754l
Running duration (h:mm:ss): 0:00:00
Log line format: [IWEF]yyyymmdd hh:mm:ss.uuuuuu threadid file:line] msg
I20230707 12:56:05.121070 77051 main.cc:328] kvrocks unstable (commit 4a10c89)
I20230707 12:56:05.478530 77051 storage.cc:322] [storage] Success to load the data from disk: 84 ms
I20230707 12:56:05.479139 77051 worker.cc:72] [worker] Listening on: 10.218.109.65:40001
I20230707 12:56:05.479178 77051 worker.cc:72] [worker] Listening on: 127.0.0.1:40001
I20230707 12:56:05.479547 77051 worker.cc:72] [worker] Listening on: 10.218.109.65:40001
I20230707 12:56:05.479585 77051 worker.cc:72] [worker] Listening on: 127.0.0.1:40001
I20230707 12:56:05.479938 77051 worker.cc:72] [worker] Listening on: 10.218.109.65:40001
I20230707 12:56:05.479971 77051 worker.cc:72] [worker] Listening on: 127.0.0.1:40001
I20230707 12:56:05.480213 77051 worker.cc:72] [worker] Listening on: 10.218.109.65:40001
I20230707 12:56:05.480242 77051 worker.cc:72] [worker] Listening on: 127.0.0.1:40001
I20230707 12:56:05.480490 77051 worker.cc:72] [worker] Listening on: 10.218.109.65:40001
I20230707 12:56:05.480520 77051 worker.cc:72] [worker] Listening on: 127.0.0.1:40001
I20230707 12:56:05.480751 77051 worker.cc:72] [worker] Listening on: 10.218.109.65:40001
I20230707 12:56:05.480782 77051 worker.cc:72] [worker] Listening on: 127.0.0.1:40001
I20230707 12:56:05.481002 77051 worker.cc:72] [worker] Listening on: 10.218.109.65:40001
I20230707 12:56:05.481030 77051 worker.cc:72] [worker] Listening on: 127.0.0.1:40001
I20230707 12:56:05.481252 77051 worker.cc:72] [worker] Listening on: 10.218.109.65:40001
I20230707 12:56:05.481281 77051 worker.cc:72] [worker] Listening on: 127.0.0.1:40001
W20230707 12:56:05.481467 77051 server.cc:1650] [server] Increased maximum number of open files to 14224 (it's originally set to 1024)
I20230707 12:56:05.481793 77051 cluster.cc:643] The cluster nodes file /nvme/jinghuan/node_40001/nodes.conf is not found. Use CLUSTERX subcommands to specify it.
I20230707 12:56:05.481827 77051 cluster.cc:643] The cluster nodes file /nvme/jinghuan/node_40001/nodes.conf is not found. Use CLUSTERX subcommands to specify it.
I20230707 12:56:05.487191 77051 worker.cc:519] [worker] Thread #139807988623104 started
I20230707 12:56:05.487254 77051 worker.cc:519] [worker] Thread #139807997015808 started
I20230707 12:56:05.487341 77051 worker.cc:519] [worker] Thread #139808224937728 started
I20230707 12:56:05.487419 77051 worker.cc:519] [worker] Thread #139808216545024 started
I20230707 12:56:05.487529 77051 worker.cc:519] [worker] Thread #139808208152320 started
I20230707 12:56:05.487617 77051 worker.cc:519] [worker] Thread #139808199759616 started
I20230707 12:56:05.487702 77051 worker.cc:519] [worker] Thread #139808191366912 started
I20230707 12:56:05.487792 77051 worker.cc:519] [worker] Thread #139808182974208 started
I20230707 12:56:05.488051 77051 server.cc:211] [server] Ready to accept connections
I20230707 12:56:06.156607 77294 cluster.cc:286] MASTER MODE enabled by cluster topology setting
I20230707 12:56:08.700330 77063 event_listener.cc:84] [event_listener/flush_begin] column family: default, thread_id: 77063, job_id: 3, reason: 6
I20230707 12:56:09.135619 77063 event_listener.cc:138] [event_listener/table_file_created] column family: default, file path: /nvme/jinghuan/node_40001/db/000016.sst, file size: 83072156, job id: 3, reason: flush, status: OK
I20230707 12:56:09.141958 77063 event_listener.cc:91] [event_listener/flush_completed] column family: default, thread_id: 77063, job_id: 3, file: /nvme/jinghuan/node_40001/db/000016.sst, reason: 6, is_write_slowdown: no, is_write_stall: no, largest seqno: 716726, smallest seqno: 1
I20230707 12:56:09.840847 77061 event_listener.cc:138] [event_listener/table_file_created] column family: default, file path: /nvme/jinghuan/node_40001/db/000017.sst, file size: 83072152, job id: 4, reason: compaction, status: OK
I20230707 12:56:09.852070 77061 event_listener.cc:71] [event_listener/compaction_completed] column family: default, compaction reason: 11, output compression type: no, base input level(files): 0(1), output level(files): 0(1), input bytes: 83072156, output bytes:83072152, is_manual_compaction:no, elapsed(micro): 699021
I20230707 12:56:09.861995 77061 event_listener.cc:127] [event_listener/table_file_deleted] db: /nvme/jinghuan/node_40001/db, sst file: /nvme/jinghuan/node_40001/db/000016.sst, status: OK
I20230707 12:56:11.203645 77064 event_listener.cc:84] [event_listener/flush_begin] column family: default, thread_id: 77064, job_id: 5, reason: 6
I20230707 12:56:11.603801 77064 event_listener.cc:138] [event_listener/table_file_created] column family: default, file path: /nvme/jinghuan/node_40001/db/000020.sst, file size: 77438552, job id: 5, reason: flush, status: OK
I20230707 12:56:11.610083 77064 event_listener.cc:91] [event_listener/flush_completed] column family: default, thread_id: 77064, job_id: 5, file: /nvme/jinghuan/node_40001/db/000020.sst, reason: 6, is_write_slowdown: no, is_write_stall: no, largest seqno: 1384833, smallest seqno: 716728
I20230707 12:56:13.701493 77063 event_listener.cc:84] [event_listener/flush_begin] column family: default, thread_id: 77063, job_id: 6, reason: 6
I20230707 12:56:14.146088 77063 event_listener.cc:138] [event_listener/table_file_created] column family: default, file path: /nvme/jinghuan/node_40001/db/000023.sst, file size: 77202224, job id: 6, reason: flush, status: OK
I20230707 12:56:14.152629 77063 event_listener.cc:91] [event_listener/flush_completed] column family: default, thread_id: 77063, job_id: 6, file: /nvme/jinghuan/node_40001/db/000023.sst, reason: 6, is_write_slowdown: no, is_write_stall: no, largest seqno: 2050839, smallest seqno: 1384835
I20230707 12:56:16.172426 77064 event_listener.cc:84] [event_listener/flush_begin] column family: default, thread_id: 77064, job_id: 7, reason: 6
W20230707 12:56:17.358816 77292 event_listener.cc:132] [event_listener/stall_cond_changed] column family: default write stall condition was changed, from normal to delay
I20230707 12:56:17.792446 77063 event_listener.cc:84] [event_listener/flush_begin] column family: metadata, thread_id: 77063, job_id: 8, reason: 13
I20230707 12:56:18.801867 77064 event_listener.cc:138] [event_listener/table_file_created] column family: default, file path: /nvme/jinghuan/node_40001/db/000026.sst, file size: 76610040, job id: 7, reason: flush, status: OK
I20230707 12:56:18.814287 77064 event_listener.cc:91] [event_listener/flush_completed] column family: default, thread_id: 77064, job_id: 7, file: /nvme/jinghuan/node_40001/db/000026.sst, reason: 6, is_write_slowdown: no, is_write_stall: no, largest seqno: 2711752, smallest seqno: 2050841
W20230707 12:56:18.814357 77064 event_listener.cc:132] [event_listener/stall_cond_changed] column family: default write stall condition was changed, from stop to normal
W20230707 12:56:18.814996 77292 event_listener.cc:132] [event_listener/stall_cond_changed] column family: default write stall condition was changed, from delay to stop
I20230707 12:56:18.842341 77064 event_listener.cc:84] [event_listener/flush_begin] column family: default, thread_id: 77064, job_id: 10, reason: 6
I20230707 12:56:19.596933 77063 event_listener.cc:138] [event_listener/table_file_created] column family: metadata, file path: /nvme/jinghuan/node_40001/db/000029.sst, file size: 19243637, job id: 8, reason: flush, status: OK
I20230707 12:56:19.606057 77063 event_listener.cc:91] [event_listener/flush_completed] column family: metadata, thread_id: 77063, job_id: 8, file: /nvme/jinghuan/node_40001/db/000029.sst, reason: 13, is_write_slowdown: no, is_write_stall: no, largest seqno: 3147551, smallest seqno: 11
W20230707 12:56:19.606336 77289 event_listener.cc:132] [event_listener/stall_cond_changed] column family: default write stall condition was changed, from normal to delay
I20230707 12:56:19.628625 77063 event_listener.cc:84] [event_listener/flush_begin] column family: default, thread_id: 77063, job_id: 12, reason: 13
I20230707 12:56:21.498718 77061 event_listener.cc:138] [event_listener/table_file_created] column family: metadata, file path: /nvme/jinghuan/node_40001/db/000034.sst, file size: 19243633, job id: 11, reason: compaction, status: OK
I20230707 12:56:21.505546 77061 event_listener.cc:71] [event_listener/compaction_completed] column family: metadata, compaction reason: 11, output compression type: no, base input level(files): 0(1), output level(files): 0(1), input bytes: 19243637, output bytes:19243633, is_manual_compaction:no, elapsed(micro): 1892295
I20230707 12:56:21.508301 77061 event_listener.cc:127] [event_listener/table_file_deleted] db: /nvme/jinghuan/node_40001/db, sst file: /nvme/jinghuan/node_40001/db/000029.sst, status: OK
I20230707 12:56:22.201333 77063 event_listener.cc:138] [event_listener/table_file_created] column family: default, file path: /nvme/jinghuan/node_40001/db/000035.sst, file size: 26573068, job id: 12, reason: flush, status: OK
I20230707 12:56:25.910037 77064 event_listener.cc:138] [event_listener/table_file_created] column family: default, file path: /nvme/jinghuan/node_40001/db/000032.sst, file size: 78093025, job id: 10, reason: flush, status: OK
I20230707 12:56:25.916473 77064 event_listener.cc:91] [event_listener/flush_completed] column family: default, thread_id: 77064, job_id: 10, file: /nvme/jinghuan/node_40001/db/000032.sst, reason: 13, is_write_slowdown: no, is_write_stall: no, largest seqno: 3385480, smallest seqno: 2711754
I20230707 12:56:25.916489 77064 event_listener.cc:91] [event_listener/flush_completed] column family: default, thread_id: 77063, job_id: 12, file: /nvme/jinghuan/node_40001/db/000035.sst, reason: 13, is_write_slowdown: no, is_write_stall: no, largest seqno: 3614665, smallest seqno: 3385482
W20230707 12:56:25.916579 77064 event_listener.cc:132] [event_listener/stall_cond_changed] column family: default write stall condition was changed, from stop to normal
W20230707 12:56:25.916806 77289 event_listener.cc:132] [event_listener/stall_cond_changed] column family: default write stall condition was changed, from delay to stop
I20230707 12:56:27.198366 77063 event_listener.cc:84] [event_listener/flush_begin] column family: default, thread_id: 77063, job_id: 13, reason: 6
W20230707 12:56:28.400636 77295 event_listener.cc:132] [event_listener/stall_cond_changed] column family: default write stall condition was changed, from normal to delay
I20230707 12:56:29.721369 77064 event_listener.cc:84] [event_listener/flush_begin] column family: default, thread_id: 77064, job_id: 14, reason: 6
I20230707 12:56:32.699400 77062 event_listener.cc:138] [event_listener/table_file_created] column family: default, file path: /nvme/jinghuan/node_40001/db/000031.sst, file size: 138728009, job id: 9, reason: compaction, status: OK
I20230707 12:56:34.610520 77063 event_listener.cc:138] [event_listener/table_file_created] column family: default, file path: /nvme/jinghuan/node_40001/db/000038.sst, file size: 83135118, job id: 13, reason: flush, status: OK
I20230707 12:56:34.626212 77063 event_listener.cc:91] [event_listener/flush_completed] column family: default, thread_id: 77063, job_id: 13, file: /nvme/jinghuan/node_40001/db/000038.sst, reason: 6, is_write_slowdown: no, is_write_stall: no, largest seqno: 4331920, smallest seqno: 3614667
W20230707 12:56:34.626336 77063 event_listener.cc:132] [event_listener/stall_cond_changed] column family: default write stall condition was changed, from stop to normal
W20230707 12:56:34.627465 77290 event_listener.cc:132] [event_listener/stall_cond_changed] column family: default write stall condition was changed, from delay to stop
W20230707 12:56:35.850436 77289 event_listener.cc:132] [event_listener/stall_cond_changed] column family: default write stall condition was changed, from normal to delay
I20230707 12:56:36.511449 77064 event_listener.cc:138] [event_listener/table_file_created] column family: default, file path: /nvme/jinghuan/node_40001/db/000041.sst, file size: 83209210, job id: 14, reason: flush, status: OK
I20230707 12:56:36.519341 77064 event_listener.cc:91] [event_listener/flush_completed] column family: default, thread_id: 77064, job_id: 14, file: /nvme/jinghuan/node_40001/db/000041.sst, reason: 6, is_write_slowdown: no, is_write_stall: no, largest seqno: 5049769, smallest seqno: 4331922
W20230707 12:56:36.519438 77064 event_listener.cc:132] [event_listener/stall_cond_changed] column family: default write stall condition was changed, from delay to normal
I20230707 12:56:37.050127 77063 event_listener.cc:84] [event_listener/flush_begin] column family: default, thread_id: 77063, job_id: 16, reason: 6
W20230707 12:56:38.193328 77289 event_listener.cc:132] [event_listener/stall_cond_changed] column family: default write stall condition was changed, from normal to delay
I20230707 12:56:39.106994 77064 event_listener.cc:84] [event_listener/flush_begin] column family: metadata, thread_id: 77064, job_id: 17, reason: 13
I20230707 12:56:41.006245 77064 event_listener.cc:138] [event_listener/table_file_created] column family: metadata, file path: /nvme/jinghuan/node_40001/db/000049.sst, file size: 19238131, job id: 17, reason: flush, status: OK
I20230707 12:56:41.012674 77064 event_listener.cc:91] [event_listener/flush_completed] column family: metadata, thread_id: 77064, job_id: 17, file: /nvme/jinghuan/node_40001/db/000049.sst, reason: 13, is_write_slowdown: no, is_write_stall: no, largest seqno: 6295113, smallest seqno: 3147562
I20230707 12:56:41.026789 77064 event_listener.cc:84] [event_listener/flush_begin] column family: default, thread_id: 77064, job_id: 18, reason: 6
I20230707 12:56:45.815541 77062 event_listener.cc:138] [event_listener/table_file_created] column family: default, file path: /nvme/jinghuan/node_40001/db/000042.sst, file size: 138698844, job id: 9, reason: compaction, status: OK
I20230707 12:56:48.524679 77064 event_listener.cc:138] [event_listener/table_file_created] column family: default, file path: /nvme/jinghuan/node_40001/db/000051.sst, file size: 78406305, job id: 18, reason: flush, status: OK
I20230707 12:56:48.525151 77063 event_listener.cc:138] [event_listener/table_file_created] column family: default, file path: /nvme/jinghuan/node_40001/db/000046.sst, file size: 76277067, job id: 16, reason: flush, status: OK
I20230707 12:56:48.540486 77063 event_listener.cc:91] [event_listener/flush_completed] column family: default, thread_id: 77063, job_id: 16, file: /nvme/jinghuan/node_40001/db/000046.sst, reason: 6, is_write_slowdown: no, is_write_stall: no, largest seqno: 5707800, smallest seqno: 5049771
I20230707 12:56:48.540520 77063 event_listener.cc:91] [event_listener/flush_completed] column family: default, thread_id: 77064, job_id: 18, file: /nvme/jinghuan/node_40001/db/000051.sst, reason: 6, is_write_slowdown: no, is_write_stall: no, largest seqno: 6384245, smallest seqno: 5707802
W20230707 12:56:48.540796 77063 event_listener.cc:132] [event_listener/stall_cond_changed] column family: default write stall condition was changed, from stop to normal
W20230707 12:56:48.543190 77289 event_listener.cc:132] [event_listener/stall_cond_changed] column family: default write stall condition was changed, from delay to stop
I20230707 12:56:49.118523 77062 event_listener.cc:138] [event_listener/table_file_created] column family: default, file path: /nvme/jinghuan/node_40001/db/000052.sst, file size: 36747821, job id: 9, reason: compaction, status: OK
I20230707 12:56:49.136230 77062 event_listener.cc:71] [event_listener/compaction_completed] column family: default, compaction reason: 1, output compression type: no, base input level(files): 0(4), output level(files): 1(3), input bytes: 314322968, output bytes:314174674, is_manual_compaction:no, elapsed(micro): 30304132
I20230707 12:56:50.917169 77064 event_listener.cc:84] [event_listener/flush_begin] column family: default, thread_id: 77064, job_id: 19, reason: 6
W20230707 12:56:52.014179 77296 event_listener.cc:132] [event_listener/stall_cond_changed] column family: default write stall condition was changed, from normal to delay
I20230707 12:56:52.022783 77062 event_listener.cc:71] [event_listener/compaction_completed] column family: default, compaction reason: 2, output compression type: no, base input level(files): 1(1), output level(files): 2(1), input bytes: 0, output bytes:0, is_manual_compaction:no, elapsed(micro): 0
I20230707 12:56:53.200433 77063 event_listener.cc:84] [event_listener/flush_begin] column family: default, thread_id: 77063, job_id: 21, reason: 6
I20230707 12:56:57.429363 77064 event_listener.cc:138] [event_listener/table_file_created] column family: default, file path: /nvme/jinghuan/node_40001/db/000055.sst, file size: 77220181, job id: 19, reason: flush, status: OK
I20230707 12:56:57.445916 77064 event_listener.cc:91] [event_listener/flush_completed] column family: default, thread_id: 77064, job_id: 19, file: /nvme/jinghuan/node_40001/db/000055.sst, reason: 6, is_write_slowdown: no, is_write_stall: no, largest seqno: 7050438, smallest seqno: 6384247
W20230707 12:56:57.446058 77064 event_listener.cc:132] [event_listener/stall_cond_changed] column family: default write stall condition was changed, from stop to normal
W20230707 12:56:57.446197 77293 event_listener.cc:132] [event_listener/stall_cond_changed] column family: default write stall condition was changed, from delay to stop
W20230707 12:56:58.727375 77296 event_listener.cc:132] [event_listener/stall_cond_changed] column family: default write stall condition was changed, from normal to delay
I20230707 12:56:58.929637 77063 event_listener.cc:138] [event_listener/table_file_created] column family: default, file path: /nvme/jinghuan/node_40001/db/000058.sst, file size: 76459301, job id: 21, reason: flush, status: OK
I20230707 12:56:58.942392 77063 event_listener.cc:91] [event_listener/flush_completed] column family: default, thread_id: 77063, job_id: 21, file: /nvme/jinghuan/node_40001/db/000058.sst, reason: 6, is_write_slowdown: no, is_write_stall: no, largest seqno: 7710086, smallest seqno: 7050440
W20230707 12:56:58.942582 77063 event_listener.cc:132] [event_listener/stall_cond_changed] column family: default write stall condition was changed, from delay to normal
I20230707 12:57:00.070746 77064 event_listener.cc:84] [event_listener/flush_begin] column family: default, thread_id: 77064, job_id: 23, reason: 6
W20230707 12:57:01.294230 77296 event_listener.cc:132] [event_listener/stall_cond_changed] column family: default write stall condition was changed, from normal to delay
I20230707 12:57:02.614873 77063 event_listener.cc:84] [event_listener/flush_begin] column family: default, thread_id: 77063, job_id: 24, reason: 6
I20230707 12:57:05.821354 77061 event_listener.cc:138] [event_listener/table_file_created] column family: default, file path: /nvme/jinghuan/node_40001/db/000044.sst, file size: 270891350, job id: 15, reason: compaction, status: OK
I20230707 12:57:05.841487 77061 event_listener.cc:71] [event_listener/compaction_completed] column family: default, compaction reason: 1, output compression type: no, base input level(files): 0(4), output level(files): 0(1), input bytes: 271010421, output bytes:270891350, is_manual_compaction:no, elapsed(micro): 29302035
I20230707 12:57:05.850147 77061 event_listener.cc:127] [event_listener/table_file_deleted] db: /nvme/jinghuan/node_40001/db, sst file: /nvme/jinghuan/node_40001/db/000026.sst, status: OK
I20230707 12:57:05.858209 77061 event_listener.cc:127] [event_listener/table_file_deleted] db: /nvme/jinghuan/node_40001/db, sst file: /nvme/jinghuan/node_40001/db/000023.sst, status: OK
I20230707 12:57:05.864547 77061 event_listener.cc:127] [event_listener/table_file_deleted] db: /nvme/jinghuan/node_40001/db, sst file: /nvme/jinghuan/node_40001/db/000020.sst, status: OK
I20230707 12:57:05.871345 77061 event_listener.cc:127] [event_listener/table_file_deleted] db: /nvme/jinghuan/node_40001/db, sst file: /nvme/jinghuan/node_40001/db/000017.sst, status: OK
I20230707 12:57:07.933339 77064 event_listener.cc:138] [event_listener/table_file_created] column family: default, file path: /nvme/jinghuan/node_40001/db/000062.sst, file size: 85045789, job id: 23, reason: flush, status: OK
I20230707 12:57:07.944733 77064 event_listener.cc:91] [event_listener/flush_completed] column family: default, thread_id: 77064, job_id: 23, file: /nvme/jinghuan/node_40001/db/000062.sst, reason: 6, is_write_slowdown: no, is_write_stall: no, largest seqno: 8443852, smallest seqno: 7710088
W20230707 12:57:07.944819 77064 event_listener.cc:132] [event_listener/stall_cond_changed] column family: default write stall condition was changed, from stop to normal
W20230707 12:57:07.945293 77296 event_listener.cc:132] [event_listener/stall_cond_changed] column family: default write stall condition was changed, from delay to stop
I20230707 12:57:09.009141 77064 event_listener.cc:84] [event_listener/flush_begin] column family: metadata, thread_id: 77064, job_id: 26, reason: 13
W20230707 12:57:09.344681 77291 event_listener.cc:132] [event_listener/stall_cond_changed] column family: default write stall condition was changed, from normal to delay
I20230707 12:57:09.529392 77063 event_listener.cc:138] [event_listener/table_file_created] column family: default, file path: /nvme/jinghuan/node_40001/db/000065.sst, file size: 85045243, job id: 24, reason: flush, status: OK
I20230707 12:57:09.539490 77063 event_listener.cc:91] [event_listener/flush_completed] column family: default, thread_id: 77063, job_id: 24, file: /nvme/jinghuan/node_40001/db/000065.sst, reason: 6, is_write_slowdown: no, is_write_stall: no, largest seqno: 9177596, smallest seqno: 8443854
W20230707 12:57:09.539543 77063 event_listener.cc:132] [event_listener/stall_cond_changed] column family: default write stall condition was changed, from delay to normal
I20230707 12:57:10.236151 77064 event_listener.cc:138] [event_listener/table_file_created] column family: metadata, file path: /nvme/jinghuan/node_40001/db/000067.sst, file size: 19218877, job id: 26, reason: flush, status: OK
I20230707 12:57:10.244800 77064 event_listener.cc:91] [event_listener/flush_completed] column family: metadata, thread_id: 77064, job_id: 26, file: /nvme/jinghuan/node_40001/db/000067.sst, reason: 13, is_write_slowdown: no, is_write_stall: no, largest seqno: 9442631, smallest seqno: 6295124
I20230707 12:57:10.742079 77063 event_listener.cc:84] [event_listener/flush_begin] column family: default, thread_id: 77063, job_id: 28, reason: 6
W20230707 12:57:12.095397 77291 event_listener.cc:132] [event_listener/stall_cond_changed] column family: default write stall condition was changed, from normal to delay
I20230707 12:57:13.546078 77064 event_listener.cc:84] [event_listener/flush_begin] column family: default, thread_id: 77064, job_id: 31, reason: 6
I20230707 12:57:15.336788 77063 event_listener.cc:138] [event_listener/table_file_created] column family: default, file path: /nvme/jinghuan/node_40001/db/000070.sst, file size: 82986889, job id: 28, reason: flush, status: OK
I20230707 12:57:15.348739 77063 event_listener.cc:91] [event_listener/flush_completed] column family: default, thread_id: 77063, job_id: 28, file: /nvme/jinghuan/node_40001/db/000070.sst, reason: 6, is_write_slowdown: no, is_write_stall: no, largest seqno: 9893564, smallest seqno: 9177598
W20230707 12:57:15.348830 77063 event_listener.cc:132] [event_listener/stall_cond_changed] column family: default write stall condition was changed, from stop to normal
W20230707 12:57:15.349064 77291 event_listener.cc:132] [event_listener/stall_cond_changed] column family: default write stall condition was changed, from delay to stop
W20230707 12:57:16.790045 77292 event_listener.cc:132] [event_listener/stall_cond_changed] column family: default write stall condition was changed, from normal to delay
I20230707 12:57:18.148334 77064 event_listener.cc:138] [event_listener/table_file_created] column family: default, file path: /nvme/jinghuan/node_40001/db/000073.sst, file size: 83032198, job id: 31, reason: flush, status: OK
I20230707 12:57:18.160418 77064 event_listener.cc:91] [event_listener/flush_completed] column family: default, thread_id: 77064, job_id: 31, file: /nvme/jinghuan/node_40001/db/000073.sst, reason: 6, is_write_slowdown: no, is_write_stall: no, largest seqno: 10609983, smallest seqno: 9893566
W20230707 12:57:18.160459 77064 event_listener.cc:132] [event_listener/stall_cond_changed] column family: default write stall condition was changed, from delay to normal
I20230707 12:57:18.287864 77063 event_listener.cc:84] [event_listener/flush_begin] column family: default, thread_id: 77063, job_id: 35, reason: 6
W20230707 12:57:19.674798 77292 event_listener.cc:132] [event_listener/stall_cond_changed] column family: default write stall condition was changed, from normal to delay
I20230707 12:57:21.178422 77064 event_listener.cc:84] [event_listener/flush_begin] column family: default, thread_id: 77064, job_id: 36, reason: 6
I20230707 12:57:25.838373 77063 event_listener.cc:138] [event_listener/table_file_created] column family: default, file path: /nvme/jinghuan/node_40001/db/000077.sst, file size: 85043306, job id: 35, reason: flush, status: OK
I20230707 12:57:25.844743 77063 event_listener.cc:91] [event_listener/flush_completed] column family: default, thread_id: 77063, job_id: 35, file: /nvme/jinghuan/node_40001/db/000077.sst, reason: 6, is_write_slowdown: no, is_write_stall: no, largest seqno: 11343738, smallest seqno: 10609985
W20230707 12:57:25.844806 77063 event_listener.cc:132] [event_listener/stall_cond_changed] column family: default write stall condition was changed, from stop to normal
W20230707 12:57:25.845149 77292 event_listener.cc:132] [event_listener/stall_cond_changed] column family: default write stall condition was changed, from delay to stop
W20230707 12:57:27.002203 77291 event_listener.cc:132] [event_listener/stall_cond_changed] column family: default write stall condition was changed, from normal to delay
I20230707 12:57:27.693595 77063 event_listener.cc:84] [event_listener/flush_begin] column family: metadata, thread_id: 77063, job_id: 37, reason: 13
I20230707 12:57:28.236234 77062 event_listener.cc:138] [event_listener/table_file_created] column family: default, file path: /nvme/jinghuan/node_40001/db/000060.sst, file size: 308232785, job id: 22, reason: compaction, status: OK
I20230707 12:57:28.256008 77062 event_listener.cc:71] [event_listener/compaction_completed] column family: default, compaction reason: 1, output compression type: no, base input level(files): 0(4), output level(files): 0(1), input bytes: 308362854, output bytes:308232785, is_manual_compaction:no, elapsed(micro): 29293807
I20230707 12:57:28.263224 77062 event_listener.cc:127] [event_listener/table_file_deleted] db: /nvme/jinghuan/node_40001/db, sst file: /nvme/jinghuan/node_40001/db/000041.sst, status: OK
I20230707 12:57:28.271730 77062 event_listener.cc:127] [event_listener/table_file_deleted] db: /nvme/jinghuan/node_40001/db, sst file: /nvme/jinghuan/node_40001/db/000038.sst, status: OK
I20230707 12:57:28.273824 77062 event_listener.cc:127] [event_listener/table_file_deleted] db: /nvme/jinghuan/node_40001/db, sst file: /nvme/jinghuan/node_40001/db/000035.sst, status: OK
I20230707 12:57:28.279914 77062 event_listener.cc:127] [event_listener/table_file_deleted] db: /nvme/jinghuan/node_40001/db, sst file: /nvme/jinghuan/node_40001/db/000032.sst, status: OK
I20230707 12:57:28.538794 77064 event_listener.cc:138] [event_listener/table_file_created] column family: default, file path: /nvme/jinghuan/node_40001/db/000080.sst, file size: 85043057, job id: 36, reason: flush, status: OK
I20230707 12:57:28.548139 77064 event_listener.cc:91] [event_listener/flush_completed] column family: default, thread_id: 77064, job_id: 36, file: /nvme/jinghuan/node_40001/db/000080.sst, reason: 6, is_write_slowdown: no, is_write_stall: no, largest seqno: 12077471, smallest seqno: 11343740
W20230707 12:57:28.548178 77064 event_listener.cc:132] [event_listener/stall_cond_changed] column family: default write stall condition was changed, from stop to normal
W20230707 12:57:28.549049 77292 event_listener.cc:132] [event_listener/stall_cond_changed] column family: default write stall condition was changed, from delay to stop
I20230707 12:57:28.567284 77064 event_listener.cc:84] [event_listener/flush_begin] column family: default, thread_id: 77064, job_id: 40, reason: 6
I20230707 12:57:29.448397 77063 event_listener.cc:138] [event_listener/table_file_created] column family: metadata, file path: /nvme/jinghuan/node_40001/db/000083.sst, file size: 19220621, job id: 37, reason: flush, status: OK
I20230707 12:57:29.454659 77063 event_listener.cc:91] [event_listener/flush_completed] column family: metadata, thread_id: 77063, job_id: 37, file: /nvme/jinghuan/node_40001/db/000083.sst, reason: 13, is_write_slowdown: no, is_write_stall: no, largest seqno: 12590193, smallest seqno: 9442642
W20230707 12:57:29.704089 77291 event_listener.cc:132] [event_listener/stall_cond_changed] column family: default write stall condition was changed, from normal to delay
I20230707 12:57:30.903369 77063 event_listener.cc:84] [event_listener/flush_begin] column family: default, thread_id: 77063, job_id: 42, reason: 6
I20230707 12:57:34.945261 77064 event_listener.cc:138] [event_listener/table_file_created] column family: default, file path: /nvme/jinghuan/node_40001/db/000085.sst, file size: 76848248, job id: 40, reason: flush, status: OK
I20230707 12:57:34.951608 77064 event_listener.cc:91] [event_listener/flush_completed] column family: default, thread_id: 77064, job_id: 40, file: /nvme/jinghuan/node_40001/db/000085.sst, reason: 6, is_write_slowdown: no, is_write_stall: no, largest seqno: 12740507, smallest seqno: 12077473
W20230707 12:57:34.951822 77064 event_listener.cc:132] [event_listener/stall_cond_changed] column family: default write stall condition was changed, from stop to normal
W20230707 12:57:34.953413 77292 event_listener.cc:132] [event_listener/stall_cond_changed] column family: default write stall condition was changed, from delay to stop
W20230707 12:57:36.298597 77292 event_listener.cc:132] [event_listener/stall_cond_changed] column family: default write stall condition was changed, from normal to delay
I20230707 12:57:36.949265 77063 event_listener.cc:138] [event_listener/table_file_created] column family: default, file path: /nvme/jinghuan/node_40001/db/000089.sst, file size: 75802555, job id: 42, reason: flush, status: OK
I20230707 12:57:36.965063 77063 event_listener.cc:91] [event_listener/flush_completed] column family: default, thread_id: 77063, job_id: 42, file: /nvme/jinghuan/node_40001/db/000089.sst, reason: 6, is_write_slowdown: no, is_write_stall: no, largest seqno: 13394490, smallest seqno: 12740509
W20230707 12:57:36.965145 77063 event_listener.cc:132] [event_listener/stall_cond_changed] column family: default write stall condition was changed, from delay to normal
I20230707 12:57:37.654582 77064 event_listener.cc:84] [event_listener/flush_begin] column family: default, thread_id: 77064, job_id: 43, reason: 6
I20230707 12:57:37.942878 77062 event_listener.cc:138] [event_listener/table_file_created] column family: metadata, file path: /nvme/jinghuan/node_40001/db/000086.sst, file size: 76273300, job id: 41, reason: compaction, status: OK
I20230707 12:57:37.952308 77062 event_listener.cc:71] [event_listener/compaction_completed] column family: metadata, compaction reason: 1, output compression type: no, base input level(files): 0(4), output level(files): 1(1), input bytes: 76921262, output bytes:76273300, is_manual_compaction:no, elapsed(micro): 8488144
I20230707 12:57:37.954772 77062 event_listener.cc:127] [event_listener/table_file_deleted] db: /nvme/jinghuan/node_40001/db, sst file: /nvme/jinghuan/node_40001/db/000067.sst, status: OK
I20230707 12:57:37.956984 77062 event_listener.cc:127] [event_listener/table_file_deleted] db: /nvme/jinghuan/node_40001/db, sst file: /nvme/jinghuan/node_40001/db/000049.sst, status: OK
I20230707 12:57:37.959298 77062 event_listener.cc:127] [event_listener/table_file_deleted] db: /nvme/jinghuan/node_40001/db, sst file: /nvme/jinghuan/node_40001/db/000034.sst, status: OK
W20230707 12:57:38.880770 77295 event_listener.cc:132] [event_listener/stall_cond_changed] column family: default write stall condition was changed, from normal to delay
I20230707 12:57:40.249047 77063 event_listener.cc:84] [event_listener/flush_begin] column family: default, thread_id: 77063, job_id: 45, reason: 6
I20230707 12:57:45.152509 77064 event_listener.cc:138] [event_listener/table_file_created] column family: default, file path: /nvme/jinghuan/node_40001/db/000092.sst, file size: 85031268, job id: 43, reason: flush, status: OK
I20230707 12:57:45.164455 77064 event_listener.cc:91] [event_listener/flush_completed] column family: default, thread_id: 77064, job_id: 43, file: /nvme/jinghuan/node_40001/db/000092.sst, reason: 6, is_write_slowdown: no, is_write_stall: no, largest seqno: 14128102, smallest seqno: 13394492
W20230707 12:57:45.164531 77064 event_listener.cc:132] [event_listener/stall_cond_changed] column family: default write stall condition was changed, from stop to normal
W20230707 12:57:45.164973 77295 event_listener.cc:132] [event_listener/stall_cond_changed] column family: default write stall condition was changed, from delay to stop
W20230707 12:57:46.459352 77295 event_listener.cc:132] [event_listener/stall_cond_changed] column family: default write stall condition was changed, from normal to delay
I20230707 12:57:47.158174 77063 event_listener.cc:138] [event_listener/table_file_created] column family: default, file path: /nvme/jinghuan/node_40001/db/000096.sst, file size: 85051415, job id: 45, reason: flush, status: OK
I20230707 12:57:47.168239 77063 event_listener.cc:91] [event_listener/flush_completed] column family: default, thread_id: 77063, job_id: 45, file: /nvme/jinghuan/node_40001/db/000096.sst, reason: 6, is_write_slowdown: no, is_write_stall: no, largest seqno: 14861890, smallest seqno: 14128104
W20230707 12:57:47.168280 77063 event_listener.cc:132] [event_listener/stall_cond_changed] column family: default write stall condition was changed, from delay to normal
I20230707 12:57:47.788731 77064 event_listener.cc:84] [event_listener/flush_begin] column family: default, thread_id: 77064, job_id: 46, reason: 6
I20230707 12:57:48.259955 77063 event_listener.cc:84] [event_listener/flush_begin] column family: metadata, thread_id: 77063, job_id: 47, reason: 13
W20230707 12:57:49.039892 77289 event_listener.cc:132] [event_listener/stall_cond_changed] column family: default write stall condition was changed, from normal to delay
I20230707 12:57:50.060199 77063 event_listener.cc:138] [event_listener/table_file_created] column family: metadata, file path: /nvme/jinghuan/node_40001/db/000101.sst, file size: 19250662, job id: 47, reason: flush, status: OK
I20230707 12:57:50.066449 77063 event_listener.cc:91] [event_listener/flush_completed] column family: metadata, thread_id: 77063, job_id: 47, file: /nvme/jinghuan/node_40001/db/000101.sst, reason: 13, is_write_slowdown: no, is_write_stall: no, largest seqno: 15737777, smallest seqno: 12590204
I20230707 12:57:50.386332 77063 event_listener.cc:84] [event_listener/flush_begin] column family: default, thread_id: 77063, job_id: 48, reason: 6
I20230707 12:57:50.451869 77061 event_listener.cc:138] [event_listener/table_file_created] column family: default, file path: /nvme/jinghuan/node_40001/db/000075.sst, file size: 335958022, job id: 34, reason: compaction, status: OK
I20230707 12:57:50.471596 77061 event_listener.cc:71] [event_listener/compaction_completed] column family: default, compaction reason: 1, output compression type: no, base input level(files): 0(4), output level(files): 0(1), input bytes: 336110119, output bytes:335958022, is_manual_compaction:no, elapsed(micro): 32290829
I20230707 12:57:50.473912 77061 event_listener.cc:127] [event_listener/table_file_deleted] db: /nvme/jinghuan/node_40001/db, sst file: /nvme/jinghuan/node_40001/db/000083.sst, status: OK
I20230707 12:57:50.482636 77061 event_listener.cc:127] [event_listener/table_file_deleted] db: /nvme/jinghuan/node_40001/db, sst file: /nvme/jinghuan/node_40001/db/000058.sst, status: OK
I20230707 12:57:50.488317 77061 event_listener.cc:127] [event_listener/table_file_deleted] db: /nvme/jinghuan/node_40001/db, sst file: /nvme/jinghuan/node_40001/db/000055.sst, status: OK
I20230707 12:57:50.494012 77061 event_listener.cc:127] [event_listener/table_file_deleted] db: /nvme/jinghuan/node_40001/db, sst file: /nvme/jinghuan/node_40001/db/000051.sst, status: OK
I20230707 12:57:50.499524 77061 event_listener.cc:127] [event_listener/table_file_deleted] db: /nvme/jinghuan/node_40001/db, sst file: /nvme/jinghuan/node_40001/db/000046.sst, status: OK
I20230707 12:57:54.460554 77064 event_listener.cc:138] [event_listener/table_file_created] column family: default, file path: /nvme/jinghuan/node_40001/db/000099.sst, file size: 85040618, job id: 46, reason: flush, status: OK
I20230707 12:57:54.473610 77064 event_listener.cc:91] [event_listener/flush_completed] column family: default, thread_id: 77064, job_id: 46, file: /nvme/jinghuan/node_40001/db/000099.sst, reason: 6, is_write_slowdown: no, is_write_stall: no, largest seqno: 15595623, smallest seqno: 14861892
W20230707 12:57:54.473723 77064 event_listener.cc:132] [event_listener/stall_cond_changed] column family: default write stall condition was changed, from stop to normal
W20230707 12:57:54.473969 77289 event_listener.cc:132] [event_listener/stall_cond_changed] column family: default write stall condition was changed, from delay to stop
I20230707 12:57:55.060721 77063 event_listener.cc:138] [event_listener/table_file_created] column family: default, file path: /nvme/jinghuan/node_40001/db/000104.sst, file size: 85052886, job id: 48, reason: flush, status: OK
I20230707 12:57:55.067528 77063 event_listener.cc:91] [event_listener/flush_completed] column family: default, thread_id: 77063, job_id: 48, file: /nvme/jinghuan/node_40001/db/000104.sst, reason: 6, is_write_slowdown: no, is_write_stall: no, largest seqno: 16329444, smallest seqno: 15595625
I20230707 12:57:57.144389 77064 event_listener.cc:84] [event_listener/flush_begin] column family: default, thread_id: 77064, job_id: 52, reason: 6
W20230707 12:57:58.414768 77292 event_listener.cc:132] [event_listener/stall_cond_changed] column family: default write stall condition was changed, from normal to delay
I20230707 12:57:59.776808 77063 event_listener.cc:84] [event_listener/flush_begin] column family: default, thread_id: 77063, job_id: 53, reason: 6
I20230707 12:58:04.473510 77064 event_listener.cc:138] [event_listener/table_file_created] column family: default, file path: /nvme/jinghuan/node_40001/db/000108.sst, file size: 84861047, job id: 52, reason: flush, status: OK
I20230707 12:58:04.488838 77064 event_listener.cc:91] [event_listener/flush_completed] column family: default, thread_id: 77064, job_id: 52, file: /nvme/jinghuan/node_40001/db/000108.sst, reason: 6, is_write_slowdown: no, is_write_stall: no, largest seqno: 17061593, smallest seqno: 16329446
W20230707 12:58:04.488947 77064 event_listener.cc:132] [event_listener/stall_cond_changed] column family: default write stall condition was changed, from stop to normal
W20230707 12:58:04.489651 77296 event_listener.cc:132] [event_listener/stall_cond_changed] column family: default write stall condition was changed, from delay to stop
I20230707 12:58:04.870286 77062 event_listener.cc:138] [event_listener/table_file_created] column family: default, file path: /nvme/jinghuan/node_40001/db/000093.sst, file size: 322621087, job id: 44, reason: compaction, status: OK
I20230707 12:58:04.898425 77062 event_listener.cc:71] [event_listener/compaction_completed] column family: default, compaction reason: 1, output compression type: no, base input level(files): 0(4), output level(files): 0(1), input bytes: 322737166, output bytes:322621087, is_manual_compaction:no, elapsed(micro): 26911001
I20230707 12:58:04.909094 77062 event_listener.cc:127] [event_listener/table_file_deleted] db: /nvme/jinghuan/node_40001/db, sst file: /nvme/jinghuan/node_40001/db/000073.sst, status: OK
I20230707 12:58:04.916204 77062 event_listener.cc:127] [event_listener/table_file_deleted] db: /nvme/jinghuan/node_40001/db, sst file: /nvme/jinghuan/node_40001/db/000070.sst, status: OK
I20230707 12:58:04.924458 77062 event_listener.cc:127] [event_listener/table_file_deleted] db: /nvme/jinghuan/node_40001/db, sst file: /nvme/jinghuan/node_40001/db/000065.sst, status: OK
I20230707 12:58:04.932288 77062 event_listener.cc:127] [event_listener/table_file_deleted] db: /nvme/jinghuan/node_40001/db, sst file: /nvme/jinghuan/node_40001/db/000062.sst, status: OK
W20230707 12:58:05.701583 77290 event_listener.cc:132] [event_listener/stall_cond_changed] column family: default write stall condition was changed, from normal to delay
I20230707 12:58:05.969799 77063 event_listener.cc:138] [event_listener/table_file_created] column family: default, file path: /nvme/jinghuan/node_40001/db/000111.sst, file size: 85051077, job id: 53, reason: flush, status: OK
I20230707 12:58:05.985414 77063 event_listener.cc:91] [event_listener/flush_completed] column family: default, thread_id: 77063, job_id: 53, file: /nvme/jinghuan/node_40001/db/000111.sst, reason: 6, is_write_slowdown: no, is_write_stall: no, largest seqno: 17795381, smallest seqno: 17061595
W20230707 12:58:05.985522 77063 event_listener.cc:132] [event_listener/stall_cond_changed] column family: default write stall condition was changed, from delay to normal
I20230707 12:58:06.975716 77064 event_listener.cc:84] [event_listener/flush_begin] column family: default, thread_id: 77064, job_id: 58, reason: 6
W20230707 12:58:08.088060 77293 event_listener.cc:132] [event_listener/stall_cond_changed] column family: default write stall condition was changed, from normal to delay
I20230707 12:58:08.450515 77063 event_listener.cc:84] [event_listener/flush_begin] column family: metadata, thread_id: 77063, job_id: 60, reason: 13
I20230707 12:58:09.775966 77064 event_listener.cc:138] [event_listener/table_file_created] column family: default, file path: /nvme/jinghuan/node_40001/db/000114.sst, file size: 77893234, job id: 58, reason: flush, status: OK
I20230707 12:58:09.782392 77064 event_listener.cc:91] [event_listener/flush_completed] column family: default, thread_id: 77064, job_id: 58, file: /nvme/jinghuan/node_40001/db/000114.sst, reason: 6, is_write_slowdown: no, is_write_stall: no, largest seqno: 18467393, smallest seqno: 17795383
W20230707 12:58:09.782433 77064 event_listener.cc:132] [event_listener/stall_cond_changed] column family: default write stall condition was changed, from stop to normal
W20230707 12:58:09.782630 77290 event_listener.cc:132] [event_listener/stall_cond_changed] column family: default write stall condition was changed, from delay to stop
I20230707 12:58:09.807885 77064 event_listener.cc:84] [event_listener/flush_begin] column family: default, thread_id: 77064, job_id: 63, reason: 6
I20230707 12:58:10.170982 77063 event_listener.cc:138] [event_listener/table_file_created] column family: metadata, file path: /nvme/jinghuan/node_40001/db/000117.sst, file size: 19249968, job id: 60, reason: flush, status: OK
I20230707 12:58:10.177366 77063 event_listener.cc:91] [event_listener/flush_completed] column family: metadata, thread_id: 77063, job_id: 60, file: /nvme/jinghuan/node_40001/db/000117.sst, reason: 13, is_write_slowdown: no, is_write_stall: no, largest seqno: 18885350, smallest seqno: 15737788
W20230707 12:58:11.054790 77293 event_listener.cc:132] [event_listener/stall_cond_changed] column family: default write stall condition was changed, from normal to delay
I20230707 12:58:12.333873 77063 event_listener.cc:84] [event_listener/flush_begin] column family: default, thread_id: 77063, job_id: 66, reason: 6
I20230707 12:58:13.279038 77064 event_listener.cc:138] [event_listener/table_file_created] column family: default, file path: /nvme/jinghuan/node_40001/db/000119.sst, file size: 76593163, job id: 63, reason: flush, status: OK
I20230707 12:58:13.291854 77064 event_listener.cc:91] [event_listener/flush_completed] column family: default, thread_id: 77064, job_id: 63, file: /nvme/jinghuan/node_40001/db/000119.sst, reason: 6, is_write_slowdown: no, is_write_stall: no, largest seqno: 19128196, smallest seqno: 18467395
W20230707 12:58:13.292325 77064 event_listener.cc:132] [event_listener/stall_cond_changed] column family: default write stall condition was changed, from stop to normal
W20230707 12:58:13.292505 77291 event_listener.cc:132] [event_listener/stall_cond_changed] column family: default write stall condition was changed, from delay to stop
W20230707 12:58:14.521193 77294 event_listener.cc:132] [event_listener/stall_cond_changed] column family: default write stall condition was changed, from normal to delay
I20230707 12:58:15.768561 77064 event_listener.cc:84] [event_listener/flush_begin] column family: default, thread_id: 77064, job_id: 68, reason: 6
I20230707 12:58:15.973067 77063 event_listener.cc:138] [event_listener/table_file_created] column family: default, file path: /nvme/jinghuan/node_40001/db/000122.sst, file size: 80905471, job id: 66, reason: flush, status: OK
I20230707 12:58:15.979434 77063 event_listener.cc:91] [event_listener/flush_completed] column family: default, thread_id: 77063, job_id: 66, file: /nvme/jinghuan/node_40001/db/000122.sst, reason: 6, is_write_slowdown: no, is_write_stall: no, largest seqno: 19826223, smallest seqno: 19128198
W20230707 12:58:15.979485 77063 event_listener.cc:132] [event_listener/stall_cond_changed] column family: default write stall condition was changed, from stop to normal
W20230707 12:58:15.979964 77295 event_listener.cc:132] [event_listener/stall_cond_changed] column family: default write stall condition was changed, from delay to stop
I20230707 12:58:16.872244 77061 event_listener.cc:138] [event_listener/table_file_created] column family: default, file path: /nvme/jinghuan/node_40001/db/000105.sst, file size: 340067552, job id: 51, reason: compaction, status: OK
I20230707 12:58:16.887862 77061 event_listener.cc:71] [event_listener/compaction_completed] column family: default, compaction reason: 1, output compression type: no, base input level(files): 0(4), output level(files): 0(1), input bytes: 340176187, output bytes:340067552, is_manual_compaction:no, elapsed(micro): 21804602
I20230707 12:58:16.896533 77061 event_listener.cc:127] [event_listener/table_file_deleted] db: /nvme/jinghuan/node_40001/db, sst file: /nvme/jinghuan/node_40001/db/000089.sst, status: OK
I20230707 12:58:16.905598 77061 event_listener.cc:127] [event_listener/table_file_deleted] db: /nvme/jinghuan/node_40001/db, sst file: /nvme/jinghuan/node_40001/db/000085.sst, status: OK
I20230707 12:58:16.914914 77061 event_listener.cc:127] [event_listener/table_file_deleted] db: /nvme/jinghuan/node_40001/db, sst file: /nvme/jinghuan/node_40001/db/000080.sst, status: OK
I20230707 12:58:16.924221 77061 event_listener.cc:127] [event_listener/table_file_deleted] db: /nvme/jinghuan/node_40001/db, sst file: /nvme/jinghuan/node_40001/db/000077.sst, status: OK
W20230707 12:58:17.150925 77293 event_listener.cc:132] [event_listener/stall_cond_changed] column family: default write stall condition was changed, from normal to delay
I20230707 12:58:18.364403 77063 event_listener.cc:84] [event_listener/flush_begin] column family: default, thread_id: 77063, job_id: 72, reason: 6
I20230707 12:58:19.076426 77064 event_listener.cc:138] [event_listener/table_file_created] column family: default, file path: /nvme/jinghuan/node_40001/db/000126.sst, file size: 77831777, job id: 68, reason: flush, status: OK
I20230707 12:58:19.082943 77064 event_listener.cc:91] [event_listener/flush_completed] column family: default, thread_id: 77064, job_id: 68, file: /nvme/jinghuan/node_40001/db/000126.sst, reason: 6, is_write_slowdown: no, is_write_stall: no, largest seqno: 20497707, smallest seqno: 19826225
W20230707 12:58:19.082983 77064 event_listener.cc:132] [event_listener/stall_cond_changed] column family: default write stall condition was changed, from stop to normal
W20230707 12:58:19.083201 77294 event_listener.cc:132] [event_listener/stall_cond_changed] column family: default write stall condition was changed, from delay to stop
W20230707 12:58:20.260394 77290 event_listener.cc:132] [event_listener/stall_cond_changed] column family: default write stall condition was changed, from normal to delay
I20230707 12:58:21.475620 77063 event_listener.cc:138] [event_listener/table_file_created] column family: default, file path: /nvme/jinghuan/node_40001/db/000129.sst, file size: 76417953, job id: 72, reason: flush, status: OK
I20230707 12:58:21.481882 77063 event_listener.cc:91] [event_listener/flush_completed] column family: default, thread_id: 77063, job_id: 72, file: /nvme/jinghuan/node_40001/db/000129.sst, reason: 6, is_write_slowdown: no, is_write_stall: no, largest seqno: 21157003, smallest seqno: 20497709
W20230707 12:58:21.481946 77063 event_listener.cc:132] [event_listener/stall_cond_changed] column family: default write stall condition was changed, from delay to normal
I20230707 12:58:21.612254 77064 event_listener.cc:84] [event_listener/flush_begin] column family: default, thread_id: 77064, job_id: 77, reason: 6
I20230707 12:58:22.085353 77290 cluster.cc:923] function: Migrate level-migration
I20230707 12:58:22.085407 77290 slot_migrate_parallel.cc:32] [migrate] Start migrating slots, from slot: 0 to slot: 0. Slots are moving to 0.0.0.0:40002
