Log file created at: 2023/07/07 10:16:00
Running on machine: en4217754l
Running duration (h:mm:ss): 0:00:00
Log line format: [IWEF]yyyymmdd hh:mm:ss.uuuuuu threadid file:line] msg
I20230707 10:16:00.721565 59864 main.cc:328] kvrocks unstable (commit 4a10c89)
I20230707 10:16:01.141778 59864 storage.cc:322] [storage] Success to load the data from disk: 100 ms
I20230707 10:16:01.142750 59864 worker.cc:72] [worker] Listening on: 10.218.109.65:40001
I20230707 10:16:01.142794 59864 worker.cc:72] [worker] Listening on: 127.0.0.1:40001
I20230707 10:16:01.143289 59864 worker.cc:72] [worker] Listening on: 10.218.109.65:40001
I20230707 10:16:01.143330 59864 worker.cc:72] [worker] Listening on: 127.0.0.1:40001
I20230707 10:16:01.143656 59864 worker.cc:72] [worker] Listening on: 10.218.109.65:40001
I20230707 10:16:01.143697 59864 worker.cc:72] [worker] Listening on: 127.0.0.1:40001
I20230707 10:16:01.143885 59864 worker.cc:72] [worker] Listening on: 10.218.109.65:40001
I20230707 10:16:01.143908 59864 worker.cc:72] [worker] Listening on: 127.0.0.1:40001
I20230707 10:16:01.144075 59864 worker.cc:72] [worker] Listening on: 10.218.109.65:40001
I20230707 10:16:01.144097 59864 worker.cc:72] [worker] Listening on: 127.0.0.1:40001
I20230707 10:16:01.144261 59864 worker.cc:72] [worker] Listening on: 10.218.109.65:40001
I20230707 10:16:01.144282 59864 worker.cc:72] [worker] Listening on: 127.0.0.1:40001
I20230707 10:16:01.144449 59864 worker.cc:72] [worker] Listening on: 10.218.109.65:40001
I20230707 10:16:01.144470 59864 worker.cc:72] [worker] Listening on: 127.0.0.1:40001
I20230707 10:16:01.144629 59864 worker.cc:72] [worker] Listening on: 10.218.109.65:40001
I20230707 10:16:01.144650 59864 worker.cc:72] [worker] Listening on: 127.0.0.1:40001
W20230707 10:16:01.144785 59864 server.cc:1650] [server] Increased maximum number of open files to 14224 (it's originally set to 1024)
I20230707 10:16:01.145020 59864 cluster.cc:643] The cluster nodes file /nvme/jinghuan/node_40001/nodes.conf is not found. Use CLUSTERX subcommands to specify it.
I20230707 10:16:01.145045 59864 cluster.cc:643] The cluster nodes file /nvme/jinghuan/node_40001/nodes.conf is not found. Use CLUSTERX subcommands to specify it.
I20230707 10:16:01.149013 59864 worker.cc:519] [worker] Thread #140436253415168 started
I20230707 10:16:01.149061 59864 worker.cc:519] [worker] Thread #140436261807872 started
I20230707 10:16:01.149128 59864 worker.cc:519] [worker] Thread #140436630923008 started
I20230707 10:16:01.149189 59864 worker.cc:519] [worker] Thread #140436622530304 started
I20230707 10:16:01.149250 59864 worker.cc:519] [worker] Thread #140436614137600 started
I20230707 10:16:01.149310 59864 worker.cc:519] [worker] Thread #140436605744896 started
I20230707 10:16:01.149367 59864 worker.cc:519] [worker] Thread #140436597352192 started
I20230707 10:16:01.149430 59864 worker.cc:519] [worker] Thread #140436588959488 started
I20230707 10:16:01.149626 59864 server.cc:211] [server] Ready to accept connections
I20230707 10:16:01.753885 60105 cluster.cc:286] MASTER MODE enabled by cluster topology setting
I20230707 10:16:04.101996 59880 event_listener.cc:84] [event_listener/flush_begin] column family: default, thread_id: 59880, job_id: 3, reason: 6
I20230707 10:16:04.512706 59880 event_listener.cc:138] [event_listener/table_file_created] column family: default, file path: /nvme/jinghuan/node_40001/db/000016.sst, file size: 78583092, job id: 3, reason: flush, status: OK
I20230707 10:16:04.519305 59880 event_listener.cc:91] [event_listener/flush_completed] column family: default, thread_id: 59880, job_id: 3, file: /nvme/jinghuan/node_40001/db/000016.sst, reason: 6, is_write_slowdown: no, is_write_stall: no, largest seqno: 677984, smallest seqno: 1
I20230707 10:16:05.177853 59878 event_listener.cc:138] [event_listener/table_file_created] column family: default, file path: /nvme/jinghuan/node_40001/db/000017.sst, file size: 78583088, job id: 4, reason: compaction, status: OK
I20230707 10:16:05.196640 59878 event_listener.cc:71] [event_listener/compaction_completed] column family: default, compaction reason: 11, output compression type: no, base input level(files): 0(1), output level(files): 0(1), input bytes: 78583092, output bytes:78583088, is_manual_compaction:no, elapsed(micro): 658586
I20230707 10:16:05.206614 59878 event_listener.cc:127] [event_listener/table_file_deleted] db: /nvme/jinghuan/node_40001/db, sst file: /nvme/jinghuan/node_40001/db/000016.sst, status: OK
I20230707 10:16:06.389936 59881 event_listener.cc:84] [event_listener/flush_begin] column family: default, thread_id: 59881, job_id: 5, reason: 6
I20230707 10:16:06.783054 59881 event_listener.cc:138] [event_listener/table_file_created] column family: default, file path: /nvme/jinghuan/node_40001/db/000020.sst, file size: 76812180, job id: 5, reason: flush, status: OK
I20230707 10:16:06.794086 59881 event_listener.cc:91] [event_listener/flush_completed] column family: default, thread_id: 59881, job_id: 5, file: /nvme/jinghuan/node_40001/db/000020.sst, reason: 6, is_write_slowdown: no, is_write_stall: no, largest seqno: 1340690, smallest seqno: 677986
I20230707 10:16:08.600428 59880 event_listener.cc:84] [event_listener/flush_begin] column family: default, thread_id: 59880, job_id: 6, reason: 6
I20230707 10:16:08.988448 59880 event_listener.cc:138] [event_listener/table_file_created] column family: default, file path: /nvme/jinghuan/node_40001/db/000023.sst, file size: 76850338, job id: 6, reason: flush, status: OK
I20230707 10:16:08.994875 59880 event_listener.cc:91] [event_listener/flush_completed] column family: default, thread_id: 59880, job_id: 6, file: /nvme/jinghuan/node_40001/db/000023.sst, reason: 6, is_write_slowdown: no, is_write_stall: no, largest seqno: 2003671, smallest seqno: 1340692
I20230707 10:16:10.848263 59881 event_listener.cc:84] [event_listener/flush_begin] column family: default, thread_id: 59881, job_id: 7, reason: 6
W20230707 10:16:11.888336 60106 event_listener.cc:132] [event_listener/stall_cond_changed] column family: default write stall condition was changed, from normal to delay
I20230707 10:16:12.456085 59880 event_listener.cc:84] [event_listener/flush_begin] column family: metadata, thread_id: 59880, job_id: 8, reason: 13
I20230707 10:16:13.694618 59880 event_listener.cc:138] [event_listener/table_file_created] column family: metadata, file path: /nvme/jinghuan/node_40001/db/000029.sst, file size: 19243637, job id: 8, reason: flush, status: OK
I20230707 10:16:13.703775 59880 event_listener.cc:91] [event_listener/flush_completed] column family: metadata, thread_id: 59880, job_id: 8, file: /nvme/jinghuan/node_40001/db/000029.sst, reason: 13, is_write_slowdown: no, is_write_stall: no, largest seqno: 3147551, smallest seqno: 11
I20230707 10:16:13.719624 59880 event_listener.cc:84] [event_listener/flush_begin] column family: default, thread_id: 59880, job_id: 9, reason: 6
I20230707 10:16:15.199328 59881 event_listener.cc:138] [event_listener/table_file_created] column family: default, file path: /nvme/jinghuan/node_40001/db/000026.sst, file size: 76730072, job id: 7, reason: flush, status: OK
I20230707 10:16:15.211743 59881 event_listener.cc:91] [event_listener/flush_completed] column family: default, thread_id: 59881, job_id: 7, file: /nvme/jinghuan/node_40001/db/000026.sst, reason: 6, is_write_slowdown: no, is_write_stall: no, largest seqno: 2665640, smallest seqno: 2003673
W20230707 10:16:15.212132 59881 event_listener.cc:132] [event_listener/stall_cond_changed] column family: default write stall condition was changed, from stop to normal
W20230707 10:16:15.212329 60106 event_listener.cc:132] [event_listener/stall_cond_changed] column family: default write stall condition was changed, from delay to stop
W20230707 10:16:16.323607 60107 event_listener.cc:132] [event_listener/stall_cond_changed] column family: default write stall condition was changed, from normal to delay
I20230707 10:16:17.478025 59881 event_listener.cc:84] [event_listener/flush_begin] column family: default, thread_id: 59881, job_id: 12, reason: 6
I20230707 10:16:18.789969 59878 event_listener.cc:138] [event_listener/table_file_created] column family: metadata, file path: /nvme/jinghuan/node_40001/db/000034.sst, file size: 19243633, job id: 11, reason: compaction, status: OK
I20230707 10:16:18.798452 59878 event_listener.cc:71] [event_listener/compaction_completed] column family: metadata, compaction reason: 11, output compression type: no, base input level(files): 0(1), output level(files): 0(1), input bytes: 19243637, output bytes:19243633, is_manual_compaction:no, elapsed(micro): 2466502
I20230707 10:16:18.801515 59878 event_listener.cc:127] [event_listener/table_file_deleted] db: /nvme/jinghuan/node_40001/db, sst file: /nvme/jinghuan/node_40001/db/000029.sst, status: OK
I20230707 10:16:20.002606 59880 event_listener.cc:138] [event_listener/table_file_created] column family: default, file path: /nvme/jinghuan/node_40001/db/000031.sst, file size: 75293212, job id: 9, reason: flush, status: OK
I20230707 10:16:20.018831 59880 event_listener.cc:91] [event_listener/flush_completed] column family: default, thread_id: 59880, job_id: 9, file: /nvme/jinghuan/node_40001/db/000031.sst, reason: 6, is_write_slowdown: no, is_write_stall: no, largest seqno: 3315201, smallest seqno: 2665642
W20230707 10:16:20.019023 59880 event_listener.cc:132] [event_listener/stall_cond_changed] column family: default write stall condition was changed, from stop to normal
W20230707 10:16:20.019400 60107 event_listener.cc:132] [event_listener/stall_cond_changed] column family: default write stall condition was changed, from delay to stop
W20230707 10:16:21.372733 60102 event_listener.cc:132] [event_listener/stall_cond_changed] column family: default write stall condition was changed, from normal to delay
I20230707 10:16:22.788048 59880 event_listener.cc:84] [event_listener/flush_begin] column family: default, thread_id: 59880, job_id: 13, reason: 6
I20230707 10:16:23.404412 59881 event_listener.cc:138] [event_listener/table_file_created] column family: default, file path: /nvme/jinghuan/node_40001/db/000036.sst, file size: 75645704, job id: 12, reason: flush, status: OK
I20230707 10:16:23.416839 59881 event_listener.cc:91] [event_listener/flush_completed] column family: default, thread_id: 59881, job_id: 12, file: /nvme/jinghuan/node_40001/db/000036.sst, reason: 6, is_write_slowdown: no, is_write_stall: no, largest seqno: 3967820, smallest seqno: 3315203
W20230707 10:16:23.416921 59881 event_listener.cc:132] [event_listener/stall_cond_changed] column family: default write stall condition was changed, from stop to normal
W20230707 10:16:23.417282 60102 event_listener.cc:132] [event_listener/stall_cond_changed] column family: default write stall condition was changed, from delay to stop
W20230707 10:16:24.571142 60106 event_listener.cc:132] [event_listener/stall_cond_changed] column family: default write stall condition was changed, from normal to delay
I20230707 10:16:25.837113 59881 event_listener.cc:84] [event_listener/flush_begin] column family: default, thread_id: 59881, job_id: 14, reason: 6
I20230707 10:16:29.209244 59880 event_listener.cc:138] [event_listener/table_file_created] column family: default, file path: /nvme/jinghuan/node_40001/db/000039.sst, file size: 83092855, job id: 13, reason: flush, status: OK
I20230707 10:16:29.223712 59880 event_listener.cc:91] [event_listener/flush_completed] column family: default, thread_id: 59880, job_id: 13, file: /nvme/jinghuan/node_40001/db/000039.sst, reason: 6, is_write_slowdown: no, is_write_stall: no, largest seqno: 4684745, smallest seqno: 3967822
W20230707 10:16:29.223765 59880 event_listener.cc:132] [event_listener/stall_cond_changed] column family: default write stall condition was changed, from stop to normal
W20230707 10:16:29.224052 60109 event_listener.cc:132] [event_listener/stall_cond_changed] column family: default write stall condition was changed, from delay to stop
W20230707 10:16:30.367060 60109 event_listener.cc:132] [event_listener/stall_cond_changed] column family: default write stall condition was changed, from normal to delay
I20230707 10:16:31.105226 59879 event_listener.cc:138] [event_listener/table_file_created] column family: default, file path: /nvme/jinghuan/node_40001/db/000032.sst, file size: 138728726, job id: 10, reason: compaction, status: OK
I20230707 10:16:31.558470 59880 event_listener.cc:84] [event_listener/flush_begin] column family: default, thread_id: 59880, job_id: 15, reason: 6
I20230707 10:16:32.415799 59881 event_listener.cc:138] [event_listener/table_file_created] column family: default, file path: /nvme/jinghuan/node_40001/db/000042.sst, file size: 77440304, job id: 14, reason: flush, status: OK
I20230707 10:16:32.431896 59881 event_listener.cc:91] [event_listener/flush_completed] column family: default, thread_id: 59881, job_id: 14, file: /nvme/jinghuan/node_40001/db/000042.sst, reason: 6, is_write_slowdown: no, is_write_stall: no, largest seqno: 5352852, smallest seqno: 4684747
W20230707 10:16:32.432015 59881 event_listener.cc:132] [event_listener/stall_cond_changed] column family: default write stall condition was changed, from stop to normal
W20230707 10:16:32.432850 60109 event_listener.cc:132] [event_listener/stall_cond_changed] column family: default write stall condition was changed, from delay to stop
I20230707 10:16:33.531625 59881 event_listener.cc:84] [event_listener/flush_begin] column family: metadata, thread_id: 59881, job_id: 17, reason: 13
W20230707 10:16:33.803109 60109 event_listener.cc:132] [event_listener/stall_cond_changed] column family: default write stall condition was changed, from normal to delay
I20230707 10:16:37.002015 59881 event_listener.cc:138] [event_listener/table_file_created] column family: metadata, file path: /nvme/jinghuan/node_40001/db/000049.sst, file size: 19237731, job id: 17, reason: flush, status: OK
I20230707 10:16:37.009644 59881 event_listener.cc:91] [event_listener/flush_completed] column family: metadata, thread_id: 59881, job_id: 17, file: /nvme/jinghuan/node_40001/db/000049.sst, reason: 13, is_write_slowdown: no, is_write_stall: no, largest seqno: 6295113, smallest seqno: 3147562
I20230707 10:16:37.055227 59881 event_listener.cc:84] [event_listener/flush_begin] column family: default, thread_id: 59881, job_id: 18, reason: 6
I20230707 10:16:38.813599 59880 event_listener.cc:138] [event_listener/table_file_created] column family: default, file path: /nvme/jinghuan/node_40001/db/000046.sst, file size: 75886206, job id: 15, reason: flush, status: OK
I20230707 10:16:38.826874 59880 event_listener.cc:91] [event_listener/flush_completed] column family: default, thread_id: 59880, job_id: 15, file: /nvme/jinghuan/node_40001/db/000046.sst, reason: 6, is_write_slowdown: no, is_write_stall: no, largest seqno: 6007539, smallest seqno: 5352854
W20230707 10:16:38.827299 59880 event_listener.cc:132] [event_listener/stall_cond_changed] column family: default write stall condition was changed, from stop to normal
W20230707 10:16:38.827497 60109 event_listener.cc:132] [event_listener/stall_cond_changed] column family: default write stall condition was changed, from delay to stop
W20230707 10:16:40.025949 60102 event_listener.cc:132] [event_listener/stall_cond_changed] column family: default write stall condition was changed, from normal to delay
I20230707 10:16:41.240371 59880 event_listener.cc:84] [event_listener/flush_begin] column family: default, thread_id: 59880, job_id: 19, reason: 6
I20230707 10:16:45.321197 59881 event_listener.cc:138] [event_listener/table_file_created] column family: default, file path: /nvme/jinghuan/node_40001/db/000052.sst, file size: 85050450, job id: 18, reason: flush, status: OK
I20230707 10:16:45.337236 59881 event_listener.cc:91] [event_listener/flush_completed] column family: default, thread_id: 59881, job_id: 18, file: /nvme/jinghuan/node_40001/db/000052.sst, reason: 6, is_write_slowdown: no, is_write_stall: no, largest seqno: 6741294, smallest seqno: 6007541
W20230707 10:16:45.337577 59881 event_listener.cc:132] [event_listener/stall_cond_changed] column family: default write stall condition was changed, from stop to normal
W20230707 10:16:45.339258 60103 event_listener.cc:132] [event_listener/stall_cond_changed] column family: default write stall condition was changed, from delay to stop
W20230707 10:16:46.516077 60105 event_listener.cc:132] [event_listener/stall_cond_changed] column family: default write stall condition was changed, from normal to delay
I20230707 10:16:46.912763 59879 event_listener.cc:138] [event_listener/table_file_created] column family: default, file path: /nvme/jinghuan/node_40001/db/000044.sst, file size: 138696567, job id: 10, reason: compaction, status: OK
I20230707 10:16:47.711194 59881 event_listener.cc:84] [event_listener/flush_begin] column family: default, thread_id: 59881, job_id: 20, reason: 6
I20230707 10:16:48.621318 59880 event_listener.cc:138] [event_listener/table_file_created] column family: default, file path: /nvme/jinghuan/node_40001/db/000055.sst, file size: 77883155, job id: 19, reason: flush, status: OK
I20230707 10:16:48.636747 59880 event_listener.cc:91] [event_listener/flush_completed] column family: default, thread_id: 59880, job_id: 19, file: /nvme/jinghuan/node_40001/db/000055.sst, reason: 6, is_write_slowdown: no, is_write_stall: no, largest seqno: 7413218, smallest seqno: 6741296
W20230707 10:16:48.636822 59880 event_listener.cc:132] [event_listener/stall_cond_changed] column family: default write stall condition was changed, from stop to normal
W20230707 10:16:48.637305 60106 event_listener.cc:132] [event_listener/stall_cond_changed] column family: default write stall condition was changed, from delay to stop
W20230707 10:16:49.922223 60105 event_listener.cc:132] [event_listener/stall_cond_changed] column family: default write stall condition was changed, from normal to delay
I20230707 10:16:50.218899 59879 event_listener.cc:138] [event_listener/table_file_created] column family: default, file path: /nvme/jinghuan/node_40001/db/000057.sst, file size: 31408948, job id: 10, reason: compaction, status: OK
I20230707 10:16:50.236595 59879 event_listener.cc:71] [event_listener/compaction_completed] column family: default, compaction reason: 1, output compression type: no, base input level(files): 0(4), output level(files): 1(3), input bytes: 308975678, output bytes:308834241, is_manual_compaction:no, elapsed(micro): 35007207
I20230707 10:16:50.253216 59879 event_listener.cc:71] [event_listener/compaction_completed] column family: default, compaction reason: 2, output compression type: no, base input level(files): 1(1), output level(files): 2(1), input bytes: 0, output bytes:0, is_manual_compaction:no, elapsed(micro): 0
I20230707 10:16:51.264073 59880 event_listener.cc:84] [event_listener/flush_begin] column family: default, thread_id: 59880, job_id: 22, reason: 6
I20230707 10:16:54.024333 59881 event_listener.cc:138] [event_listener/table_file_created] column family: default, file path: /nvme/jinghuan/node_40001/db/000059.sst, file size: 76581339, job id: 20, reason: flush, status: OK
I20230707 10:16:54.036955 59881 event_listener.cc:91] [event_listener/flush_completed] column family: default, thread_id: 59881, job_id: 20, file: /nvme/jinghuan/node_40001/db/000059.sst, reason: 6, is_write_slowdown: no, is_write_stall: no, largest seqno: 8073911, smallest seqno: 7413220
W20230707 10:16:54.037045 59881 event_listener.cc:132] [event_listener/stall_cond_changed] column family: default write stall condition was changed, from stop to normal
W20230707 10:16:54.037451 60108 event_listener.cc:132] [event_listener/stall_cond_changed] column family: default write stall condition was changed, from delay to stop
W20230707 10:16:55.428930 60109 event_listener.cc:132] [event_listener/stall_cond_changed] column family: default write stall condition was changed, from normal to delay
I20230707 10:16:56.514915 59881 event_listener.cc:84] [event_listener/flush_begin] column family: metadata, thread_id: 59881, job_id: 24, reason: 13
I20230707 10:16:58.415995 59881 event_listener.cc:138] [event_listener/table_file_created] column family: metadata, file path: /nvme/jinghuan/node_40001/db/000066.sst, file size: 19219183, job id: 24, reason: flush, status: OK
I20230707 10:16:58.422466 59881 event_listener.cc:91] [event_listener/flush_completed] column family: metadata, thread_id: 59881, job_id: 24, file: /nvme/jinghuan/node_40001/db/000066.sst, reason: 13, is_write_slowdown: no, is_write_stall: no, largest seqno: 9442631, smallest seqno: 6295124
I20230707 10:16:58.437608 59881 event_listener.cc:84] [event_listener/flush_begin] column family: default, thread_id: 59881, job_id: 25, reason: 6
I20230707 10:16:59.422655 59880 event_listener.cc:138] [event_listener/table_file_created] column family: default, file path: /nvme/jinghuan/node_40001/db/000062.sst, file size: 85037493, job id: 22, reason: flush, status: OK
I20230707 10:16:59.429276 59880 event_listener.cc:91] [event_listener/flush_completed] column family: default, thread_id: 59880, job_id: 22, file: /nvme/jinghuan/node_40001/db/000062.sst, reason: 6, is_write_slowdown: no, is_write_stall: no, largest seqno: 8807600, smallest seqno: 8073913
W20230707 10:16:59.429450 59880 event_listener.cc:132] [event_listener/stall_cond_changed] column family: default write stall condition was changed, from stop to normal
W20230707 10:16:59.429533 60109 event_listener.cc:132] [event_listener/stall_cond_changed] column family: default write stall condition was changed, from delay to stop
W20230707 10:17:00.610692 60104 event_listener.cc:132] [event_listener/stall_cond_changed] column family: default write stall condition was changed, from normal to delay
I20230707 10:17:01.825361 59880 event_listener.cc:84] [event_listener/flush_begin] column family: default, thread_id: 59880, job_id: 26, reason: 6
I20230707 10:17:06.430013 59881 event_listener.cc:138] [event_listener/table_file_created] column family: default, file path: /nvme/jinghuan/node_40001/db/000068.sst, file size: 84808666, job id: 25, reason: flush, status: OK
I20230707 10:17:06.445398 59881 event_listener.cc:91] [event_listener/flush_completed] column family: default, thread_id: 59881, job_id: 25, file: /nvme/jinghuan/node_40001/db/000068.sst, reason: 6, is_write_slowdown: no, is_write_stall: no, largest seqno: 9539287, smallest seqno: 8807602
W20230707 10:17:06.445822 59881 event_listener.cc:132] [event_listener/stall_cond_changed] column family: default write stall condition was changed, from stop to normal
W20230707 10:17:06.446007 60106 event_listener.cc:132] [event_listener/stall_cond_changed] column family: default write stall condition was changed, from delay to stop
W20230707 10:17:07.743450 60107 event_listener.cc:132] [event_listener/stall_cond_changed] column family: default write stall condition was changed, from normal to delay
I20230707 10:17:08.832090 59880 event_listener.cc:138] [event_listener/table_file_created] column family: default, file path: /nvme/jinghuan/node_40001/db/000071.sst, file size: 77451242, job id: 26, reason: flush, status: OK
I20230707 10:17:08.844841 59880 event_listener.cc:91] [event_listener/flush_completed] column family: default, thread_id: 59880, job_id: 26, file: /nvme/jinghuan/node_40001/db/000071.sst, reason: 6, is_write_slowdown: no, is_write_stall: no, largest seqno: 10207504, smallest seqno: 9539289
W20230707 10:17:08.844925 59880 event_listener.cc:132] [event_listener/stall_cond_changed] column family: default write stall condition was changed, from delay to normal
I20230707 10:17:09.092046 59881 event_listener.cc:84] [event_listener/flush_begin] column family: default, thread_id: 59881, job_id: 27, reason: 6
W20230707 10:17:10.348094 60108 event_listener.cc:132] [event_listener/stall_cond_changed] column family: default write stall condition was changed, from normal to delay
I20230707 10:17:11.714830 59880 event_listener.cc:84] [event_listener/flush_begin] column family: default, thread_id: 59880, job_id: 28, reason: 6
I20230707 10:17:14.529673 59878 event_listener.cc:138] [event_listener/table_file_created] column family: default, file path: /nvme/jinghuan/node_40001/db/000047.sst, file size: 311356761, job id: 16, reason: compaction, status: OK
I20230707 10:17:14.546133 59878 event_listener.cc:71] [event_listener/compaction_completed] column family: default, compaction reason: 1, output compression type: no, base input level(files): 0(4), output level(files): 0(1), input bytes: 311472075, output bytes:311356761, is_manual_compaction:no, elapsed(micro): 42097599
I20230707 10:17:14.552626 59878 event_listener.cc:127] [event_listener/table_file_deleted] db: /nvme/jinghuan/node_40001/db, sst file: /nvme/jinghuan/node_40001/db/000026.sst, status: OK
I20230707 10:17:14.559021 59878 event_listener.cc:127] [event_listener/table_file_deleted] db: /nvme/jinghuan/node_40001/db, sst file: /nvme/jinghuan/node_40001/db/000023.sst, status: OK
I20230707 10:17:14.565168 59878 event_listener.cc:127] [event_listener/table_file_deleted] db: /nvme/jinghuan/node_40001/db, sst file: /nvme/jinghuan/node_40001/db/000020.sst, status: OK
I20230707 10:17:14.571496 59878 event_listener.cc:127] [event_listener/table_file_deleted] db: /nvme/jinghuan/node_40001/db, sst file: /nvme/jinghuan/node_40001/db/000017.sst, status: OK
I20230707 10:17:16.234578 59881 event_listener.cc:138] [event_listener/table_file_created] column family: default, file path: /nvme/jinghuan/node_40001/db/000074.sst, file size: 84904342, job id: 27, reason: flush, status: OK
I20230707 10:17:16.241035 59881 event_listener.cc:91] [event_listener/flush_completed] column family: default, thread_id: 59881, job_id: 27, file: /nvme/jinghuan/node_40001/db/000074.sst, reason: 6, is_write_slowdown: no, is_write_stall: no, largest seqno: 10940027, smallest seqno: 10207506
W20230707 10:17:16.241194 59881 event_listener.cc:132] [event_listener/stall_cond_changed] column family: default write stall condition was changed, from stop to normal
W20230707 10:17:16.241459 60107 event_listener.cc:132] [event_listener/stall_cond_changed] column family: default write stall condition was changed, from delay to stop
W20230707 10:17:17.552049 60109 event_listener.cc:132] [event_listener/stall_cond_changed] column family: default write stall condition was changed, from normal to delay
I20230707 10:17:18.918279 59881 event_listener.cc:84] [event_listener/flush_begin] column family: default, thread_id: 59881, job_id: 31, reason: 6
I20230707 10:17:19.540699 59880 event_listener.cc:138] [event_listener/table_file_created] column family: default, file path: /nvme/jinghuan/node_40001/db/000077.sst, file size: 85045872, job id: 28, reason: flush, status: OK
I20230707 10:17:19.553282 59880 event_listener.cc:91] [event_listener/flush_completed] column family: default, thread_id: 59880, job_id: 28, file: /nvme/jinghuan/node_40001/db/000077.sst, reason: 6, is_write_slowdown: no, is_write_stall: no, largest seqno: 11673771, smallest seqno: 10940029
W20230707 10:17:19.553354 59880 event_listener.cc:132] [event_listener/stall_cond_changed] column family: default write stall condition was changed, from stop to normal
W20230707 10:17:19.553748 60109 event_listener.cc:132] [event_listener/stall_cond_changed] column family: default write stall condition was changed, from delay to stop
I20230707 10:17:20.227605 59880 event_listener.cc:84] [event_listener/flush_begin] column family: metadata, thread_id: 59880, job_id: 32, reason: 13
W20230707 10:17:20.835096 60104 event_listener.cc:132] [event_listener/stall_cond_changed] column family: default write stall condition was changed, from normal to delay
I20230707 10:17:22.133206 59880 event_listener.cc:138] [event_listener/table_file_created] column family: metadata, file path: /nvme/jinghuan/node_40001/db/000083.sst, file size: 19220817, job id: 32, reason: flush, status: OK
I20230707 10:17:22.148344 59880 event_listener.cc:91] [event_listener/flush_completed] column family: metadata, thread_id: 59880, job_id: 32, file: /nvme/jinghuan/node_40001/db/000083.sst, reason: 13, is_write_slowdown: no, is_write_stall: no, largest seqno: 12590204, smallest seqno: 9442642
I20230707 10:17:22.196796 59880 event_listener.cc:84] [event_listener/flush_begin] column family: default, thread_id: 59880, job_id: 33, reason: 6
I20230707 10:17:26.848742 59881 event_listener.cc:138] [event_listener/table_file_created] column family: default, file path: /nvme/jinghuan/node_40001/db/000081.sst, file size: 84910857, job id: 31, reason: flush, status: OK
I20230707 10:17:26.864804 59881 event_listener.cc:91] [event_listener/flush_completed] column family: default, thread_id: 59881, job_id: 31, file: /nvme/jinghuan/node_40001/db/000081.sst, reason: 6, is_write_slowdown: no, is_write_stall: no, largest seqno: 12406393, smallest seqno: 11673773
W20230707 10:17:26.865248 59881 event_listener.cc:132] [event_listener/stall_cond_changed] column family: default write stall condition was changed, from stop to normal
W20230707 10:17:26.865473 60107 event_listener.cc:132] [event_listener/stall_cond_changed] column family: default write stall condition was changed, from delay to stop
W20230707 10:17:28.168462 60104 event_listener.cc:132] [event_listener/stall_cond_changed] column family: default write stall condition was changed, from normal to delay
I20230707 10:17:28.645630 59879 event_listener.cc:138] [event_listener/table_file_created] column family: default, file path: /nvme/jinghuan/node_40001/db/000063.sst, file size: 315267884, job id: 23, reason: compaction, status: OK
I20230707 10:17:28.666463 59879 event_listener.cc:71] [event_listener/compaction_completed] column family: default, compaction reason: 1, output compression type: no, base input level(files): 0(4), output level(files): 0(1), input bytes: 315401150, output bytes:315267884, is_manual_compaction:no, elapsed(micro): 34608465
I20230707 10:17:28.677330 59879 event_listener.cc:127] [event_listener/table_file_deleted] db: /nvme/jinghuan/node_40001/db, sst file: /nvme/jinghuan/node_40001/db/000042.sst, status: OK
I20230707 10:17:28.684481 59879 event_listener.cc:127] [event_listener/table_file_deleted] db: /nvme/jinghuan/node_40001/db, sst file: /nvme/jinghuan/node_40001/db/000039.sst, status: OK
I20230707 10:17:28.689981 59879 event_listener.cc:127] [event_listener/table_file_deleted] db: /nvme/jinghuan/node_40001/db, sst file: /nvme/jinghuan/node_40001/db/000036.sst, status: OK
I20230707 10:17:28.695662 59879 event_listener.cc:127] [event_listener/table_file_deleted] db: /nvme/jinghuan/node_40001/db, sst file: /nvme/jinghuan/node_40001/db/000031.sst, status: OK
I20230707 10:17:29.449360 59880 event_listener.cc:138] [event_listener/table_file_created] column family: default, file path: /nvme/jinghuan/node_40001/db/000086.sst, file size: 85042976, job id: 33, reason: flush, status: OK
I20230707 10:17:29.458869 59880 event_listener.cc:91] [event_listener/flush_completed] column family: default, thread_id: 59880, job_id: 33, file: /nvme/jinghuan/node_40001/db/000086.sst, reason: 6, is_write_slowdown: no, is_write_stall: no, largest seqno: 13140148, smallest seqno: 12406395
W20230707 10:17:29.459009 59880 event_listener.cc:132] [event_listener/stall_cond_changed] column family: default write stall condition was changed, from delay to normal
I20230707 10:17:29.533524 59881 event_listener.cc:84] [event_listener/flush_begin] column family: default, thread_id: 59881, job_id: 36, reason: 6
W20230707 10:17:30.764532 60104 event_listener.cc:132] [event_listener/stall_cond_changed] column family: default write stall condition was changed, from normal to delay
I20230707 10:17:32.116858 59880 event_listener.cc:84] [event_listener/flush_begin] column family: default, thread_id: 59880, job_id: 37, reason: 6
I20230707 10:17:35.841997 59879 event_listener.cc:138] [event_listener/table_file_created] column family: metadata, file path: /nvme/jinghuan/node_40001/db/000088.sst, file size: 76273993, job id: 35, reason: compaction, status: OK
I20230707 10:17:35.860301 59879 event_listener.cc:71] [event_listener/compaction_completed] column family: metadata, compaction reason: 1, output compression type: no, base input level(files): 0(4), output level(files): 1(1), input bytes: 76921364, output bytes:76273993, is_manual_compaction:no, elapsed(micro): 7146334
I20230707 10:17:35.864115 59879 event_listener.cc:127] [event_listener/table_file_deleted] db: /nvme/jinghuan/node_40001/db, sst file: /nvme/jinghuan/node_40001/db/000066.sst, status: OK
I20230707 10:17:35.867509 59879 event_listener.cc:127] [event_listener/table_file_deleted] db: /nvme/jinghuan/node_40001/db, sst file: /nvme/jinghuan/node_40001/db/000049.sst, status: OK
I20230707 10:17:35.871302 59879 event_listener.cc:127] [event_listener/table_file_deleted] db: /nvme/jinghuan/node_40001/db, sst file: /nvme/jinghuan/node_40001/db/000034.sst, status: OK
I20230707 10:17:36.145136 59881 event_listener.cc:138] [event_listener/table_file_created] column family: default, file path: /nvme/jinghuan/node_40001/db/000090.sst, file size: 84855871, job id: 36, reason: flush, status: OK
I20230707 10:17:36.160656 59881 event_listener.cc:91] [event_listener/flush_completed] column family: default, thread_id: 59881, job_id: 36, file: /nvme/jinghuan/node_40001/db/000090.sst, reason: 6, is_write_slowdown: no, is_write_stall: no, largest seqno: 13872242, smallest seqno: 13140150
W20230707 10:17:36.160794 59881 event_listener.cc:132] [event_listener/stall_cond_changed] column family: default write stall condition was changed, from stop to normal
W20230707 10:17:36.161782 60104 event_listener.cc:132] [event_listener/stall_cond_changed] column family: default write stall condition was changed, from delay to stop
W20230707 10:17:37.310986 60106 event_listener.cc:132] [event_listener/stall_cond_changed] column family: default write stall condition was changed, from normal to delay
I20230707 10:17:38.506244 59881 event_listener.cc:84] [event_listener/flush_begin] column family: default, thread_id: 59881, job_id: 40, reason: 6
I20230707 10:17:38.657158 59880 event_listener.cc:138] [event_listener/table_file_created] column family: default, file path: /nvme/jinghuan/node_40001/db/000093.sst, file size: 85052211, job id: 37, reason: flush, status: OK
I20230707 10:17:38.674180 59880 event_listener.cc:91] [event_listener/flush_completed] column family: default, thread_id: 59880, job_id: 37, file: /nvme/jinghuan/node_40001/db/000093.sst, reason: 6, is_write_slowdown: no, is_write_stall: no, largest seqno: 14606019, smallest seqno: 13872244
W20230707 10:17:38.674285 59880 event_listener.cc:132] [event_listener/stall_cond_changed] column family: default write stall condition was changed, from stop to normal
W20230707 10:17:38.674764 60105 event_listener.cc:132] [event_listener/stall_cond_changed] column family: default write stall condition was changed, from delay to stop
W20230707 10:17:39.958613 60103 event_listener.cc:132] [event_listener/stall_cond_changed] column family: default write stall condition was changed, from normal to delay
I20230707 10:17:40.419741 59880 event_listener.cc:84] [event_listener/flush_begin] column family: metadata, thread_id: 59880, job_id: 41, reason: 13
I20230707 10:17:42.250344 59880 event_listener.cc:138] [event_listener/table_file_created] column family: metadata, file path: /nvme/jinghuan/node_40001/db/000100.sst, file size: 19250716, job id: 41, reason: flush, status: OK
I20230707 10:17:42.261027 59880 event_listener.cc:91] [event_listener/flush_completed] column family: metadata, thread_id: 59880, job_id: 41, file: /nvme/jinghuan/node_40001/db/000100.sst, reason: 13, is_write_slowdown: no, is_write_stall: no, largest seqno: 15737788, smallest seqno: 12590215
I20230707 10:17:42.282851 59880 event_listener.cc:84] [event_listener/flush_begin] column family: default, thread_id: 59880, job_id: 42, reason: 6
I20230707 10:17:44.659018 59881 event_listener.cc:138] [event_listener/table_file_created] column family: default, file path: /nvme/jinghuan/node_40001/db/000097.sst, file size: 75001124, job id: 40, reason: flush, status: OK
I20230707 10:17:44.673693 59881 event_listener.cc:91] [event_listener/flush_completed] column family: default, thread_id: 59881, job_id: 40, file: /nvme/jinghuan/node_40001/db/000097.sst, reason: 6, is_write_slowdown: no, is_write_stall: no, largest seqno: 15253105, smallest seqno: 14606021
W20230707 10:17:44.673982 59881 event_listener.cc:132] [event_listener/stall_cond_changed] column family: default write stall condition was changed, from stop to normal
W20230707 10:17:44.674124 60107 event_listener.cc:132] [event_listener/stall_cond_changed] column family: default write stall condition was changed, from delay to stop
W20230707 10:17:45.868974 60102 event_listener.cc:132] [event_listener/stall_cond_changed] column family: default write stall condition was changed, from normal to delay
I20230707 10:17:47.102540 59881 event_listener.cc:84] [event_listener/flush_begin] column family: default, thread_id: 59881, job_id: 43, reason: 6
I20230707 10:17:48.654188 59880 event_listener.cc:138] [event_listener/table_file_created] column family: default, file path: /nvme/jinghuan/node_40001/db/000102.sst, file size: 85042747, job id: 42, reason: flush, status: OK
I20230707 10:17:48.660578 59880 event_listener.cc:91] [event_listener/flush_completed] column family: default, thread_id: 59880, job_id: 42, file: /nvme/jinghuan/node_40001/db/000102.sst, reason: 6, is_write_slowdown: no, is_write_stall: no, largest seqno: 15986838, smallest seqno: 15253107
W20230707 10:17:48.660831 59880 event_listener.cc:132] [event_listener/stall_cond_changed] column family: default write stall condition was changed, from stop to normal
W20230707 10:17:48.661042 60105 event_listener.cc:132] [event_listener/stall_cond_changed] column family: default write stall condition was changed, from delay to stop
W20230707 10:17:50.095760 60104 event_listener.cc:132] [event_listener/stall_cond_changed] column family: default write stall condition was changed, from normal to delay
I20230707 10:17:50.156138 59878 event_listener.cc:138] [event_listener/table_file_created] column family: default, file path: /nvme/jinghuan/node_40001/db/000078.sst, file size: 332041178, job id: 30, reason: compaction, status: OK
I20230707 10:17:50.177539 59878 event_listener.cc:71] [event_listener/compaction_completed] column family: default, compaction reason: 1, output compression type: no, base input level(files): 0(4), output level(files): 0(1), input bytes: 332201743, output bytes:332041178, is_manual_compaction:no, elapsed(micro): 33914998
I20230707 10:17:50.180869 59878 event_listener.cc:127] [event_listener/table_file_deleted] db: /nvme/jinghuan/node_40001/db, sst file: /nvme/jinghuan/node_40001/db/000083.sst, status: OK
I20230707 10:17:50.190284 59878 event_listener.cc:127] [event_listener/table_file_deleted] db: /nvme/jinghuan/node_40001/db, sst file: /nvme/jinghuan/node_40001/db/000059.sst, status: OK
I20230707 10:17:50.195672 59878 event_listener.cc:127] [event_listener/table_file_deleted] db: /nvme/jinghuan/node_40001/db, sst file: /nvme/jinghuan/node_40001/db/000055.sst, status: OK
I20230707 10:17:50.201575 59878 event_listener.cc:127] [event_listener/table_file_deleted] db: /nvme/jinghuan/node_40001/db, sst file: /nvme/jinghuan/node_40001/db/000052.sst, status: OK
I20230707 10:17:50.206801 59878 event_listener.cc:127] [event_listener/table_file_deleted] db: /nvme/jinghuan/node_40001/db, sst file: /nvme/jinghuan/node_40001/db/000046.sst, status: OK
I20230707 10:17:51.358659 59881 event_listener.cc:138] [event_listener/table_file_created] column family: default, file path: /nvme/jinghuan/node_40001/db/000105.sst, file size: 77393412, job id: 43, reason: flush, status: OK
I20230707 10:17:51.365016 59881 event_listener.cc:91] [event_listener/flush_completed] column family: default, thread_id: 59881, job_id: 43, file: /nvme/jinghuan/node_40001/db/000105.sst, reason: 6, is_write_slowdown: no, is_write_stall: no, largest seqno: 16654538, smallest seqno: 15986840
W20230707 10:17:51.365168 59881 event_listener.cc:132] [event_listener/stall_cond_changed] column family: default write stall condition was changed, from delay to normal
I20230707 10:17:51.577090 59880 event_listener.cc:84] [event_listener/flush_begin] column family: default, thread_id: 59880, job_id: 46, reason: 6
W20230707 10:17:52.981948 60104 event_listener.cc:132] [event_listener/stall_cond_changed] column family: default write stall condition was changed, from normal to delay
I20230707 10:17:54.484980 59881 event_listener.cc:84] [event_listener/flush_begin] column family: default, thread_id: 59881, job_id: 47, reason: 6
I20230707 10:17:56.669888 59880 event_listener.cc:138] [event_listener/table_file_created] column family: default, file path: /nvme/jinghuan/node_40001/db/000109.sst, file size: 84889691, job id: 46, reason: flush, status: OK
I20230707 10:17:56.678637 59880 event_listener.cc:91] [event_listener/flush_completed] column family: default, thread_id: 59880, job_id: 46, file: /nvme/jinghuan/node_40001/db/000109.sst, reason: 6, is_write_slowdown: no, is_write_stall: no, largest seqno: 17386918, smallest seqno: 16654540
W20230707 10:17:56.678678 59880 event_listener.cc:132] [event_listener/stall_cond_changed] column family: default write stall condition was changed, from stop to normal
W20230707 10:17:56.679085 60104 event_listener.cc:132] [event_listener/stall_cond_changed] column family: default write stall condition was changed, from delay to stop
W20230707 10:17:57.864921 60107 event_listener.cc:132] [event_listener/stall_cond_changed] column family: default write stall condition was changed, from normal to delay
I20230707 10:17:59.076341 59880 event_listener.cc:84] [event_listener/flush_begin] column family: default, thread_id: 59880, job_id: 48, reason: 6
I20230707 10:18:00.063820 59881 event_listener.cc:138] [event_listener/table_file_created] column family: default, file path: /nvme/jinghuan/node_40001/db/000112.sst, file size: 85053888, job id: 47, reason: flush, status: OK
I20230707 10:18:00.076167 59881 event_listener.cc:91] [event_listener/flush_completed] column family: default, thread_id: 59881, job_id: 47, file: /nvme/jinghuan/node_40001/db/000112.sst, reason: 6, is_write_slowdown: no, is_write_stall: no, largest seqno: 18120728, smallest seqno: 17386920
W20230707 10:18:00.076253 59881 event_listener.cc:132] [event_listener/stall_cond_changed] column family: default write stall condition was changed, from stop to normal
W20230707 10:18:00.078016 60106 event_listener.cc:132] [event_listener/stall_cond_changed] column family: default write stall condition was changed, from delay to stop
I20230707 10:18:00.451571 59881 event_listener.cc:84] [event_listener/flush_begin] column family: metadata, thread_id: 59881, job_id: 49, reason: 13
W20230707 10:18:01.364473 60109 event_listener.cc:132] [event_listener/stall_cond_changed] column family: default write stall condition was changed, from normal to delay
I20230707 10:18:02.062158 59881 event_listener.cc:138] [event_listener/table_file_created] column family: metadata, file path: /nvme/jinghuan/node_40001/db/000117.sst, file size: 19249973, job id: 49, reason: flush, status: OK
I20230707 10:18:02.070381 59881 event_listener.cc:91] [event_listener/flush_completed] column family: metadata, thread_id: 59881, job_id: 49, file: /nvme/jinghuan/node_40001/db/000117.sst, reason: 13, is_write_slowdown: no, is_write_stall: no, largest seqno: 18885361, smallest seqno: 15737799
I20230707 10:18:02.108240 59881 event_listener.cc:84] [event_listener/flush_begin] column family: default, thread_id: 59881, job_id: 50, reason: 13
I20230707 10:18:05.467921 59880 event_listener.cc:138] [event_listener/table_file_created] column family: default, file path: /nvme/jinghuan/node_40001/db/000115.sst, file size: 77024042, job id: 48, reason: flush, status: OK
I20230707 10:18:05.481945 59880 event_listener.cc:91] [event_listener/flush_completed] column family: default, thread_id: 59880, job_id: 48, file: /nvme/jinghuan/node_40001/db/000115.sst, reason: 13, is_write_slowdown: no, is_write_stall: no, largest seqno: 18785249, smallest seqno: 18120730
W20230707 10:18:05.482177 59880 event_listener.cc:132] [event_listener/stall_cond_changed] column family: default write stall condition was changed, from stop to normal
W20230707 10:18:05.482388 60107 event_listener.cc:132] [event_listener/stall_cond_changed] column family: default write stall condition was changed, from delay to stop
W20230707 10:18:06.794445 60107 event_listener.cc:132] [event_listener/stall_cond_changed] column family: default write stall condition was changed, from normal to delay
I20230707 10:18:06.863571 59879 event_listener.cc:138] [event_listener/table_file_created] column family: default, file path: /nvme/jinghuan/node_40001/db/000094.sst, file size: 339741421, job id: 39, reason: compaction, status: OK
I20230707 10:18:06.879631 59881 event_listener.cc:138] [event_listener/table_file_created] column family: default, file path: /nvme/jinghuan/node_40001/db/000120.sst, file size: 66074336, job id: 50, reason: flush, status: OK
I20230707 10:18:06.888078 59881 event_listener.cc:91] [event_listener/flush_completed] column family: default, thread_id: 59881, job_id: 50, file: /nvme/jinghuan/node_40001/db/000120.sst, reason: 13, is_write_slowdown: no, is_write_stall: no, largest seqno: 19355247, smallest seqno: 18785251
W20230707 10:18:06.888196 59881 event_listener.cc:132] [event_listener/stall_cond_changed] column family: default write stall condition was changed, from delay to normal
I20230707 10:18:06.901754 59879 event_listener.cc:71] [event_listener/compaction_completed] column family: default, compaction reason: 1, output compression type: no, base input level(files): 0(4), output level(files): 0(1), input bytes: 339855576, output bytes:339741421, is_manual_compaction:no, elapsed(micro): 30702947
I20230707 10:18:06.912668 59879 event_listener.cc:127] [event_listener/table_file_deleted] db: /nvme/jinghuan/node_40001/db, sst file: /nvme/jinghuan/node_40001/db/000074.sst, status: OK
I20230707 10:18:06.919025 59879 event_listener.cc:127] [event_listener/table_file_deleted] db: /nvme/jinghuan/node_40001/db, sst file: /nvme/jinghuan/node_40001/db/000071.sst, status: OK
I20230707 10:18:06.924829 59879 event_listener.cc:127] [event_listener/table_file_deleted] db: /nvme/jinghuan/node_40001/db, sst file: /nvme/jinghuan/node_40001/db/000068.sst, status: OK
I20230707 10:18:06.930543 59879 event_listener.cc:127] [event_listener/table_file_deleted] db: /nvme/jinghuan/node_40001/db, sst file: /nvme/jinghuan/node_40001/db/000062.sst, status: OK
I20230707 10:18:08.159711 59880 event_listener.cc:84] [event_listener/flush_begin] column family: default, thread_id: 59880, job_id: 52, reason: 6
W20230707 10:18:09.440877 60107 event_listener.cc:132] [event_listener/stall_cond_changed] column family: default write stall condition was changed, from normal to delay
I20230707 10:18:10.840050 59881 event_listener.cc:84] [event_listener/flush_begin] column family: default, thread_id: 59881, job_id: 53, reason: 6
I20230707 10:18:12.370430 59880 event_listener.cc:138] [event_listener/table_file_created] column family: default, file path: /nvme/jinghuan/node_40001/db/000124.sst, file size: 85026004, job id: 52, reason: flush, status: OK
I20230707 10:18:12.386066 59880 event_listener.cc:91] [event_listener/flush_completed] column family: default, thread_id: 59880, job_id: 52, file: /nvme/jinghuan/node_40001/db/000124.sst, reason: 6, is_write_slowdown: no, is_write_stall: no, largest seqno: 20088804, smallest seqno: 19355249
W20230707 10:18:12.386111 59880 event_listener.cc:132] [event_listener/stall_cond_changed] column family: default write stall condition was changed, from stop to normal
W20230707 10:18:12.386461 60107 event_listener.cc:132] [event_listener/stall_cond_changed] column family: default write stall condition was changed, from delay to stop
W20230707 10:18:13.746847 60103 event_listener.cc:132] [event_listener/stall_cond_changed] column family: default write stall condition was changed, from normal to delay
I20230707 10:18:15.176090 59880 event_listener.cc:84] [event_listener/flush_begin] column family: default, thread_id: 59880, job_id: 54, reason: 6
I20230707 10:18:15.776635 59881 event_listener.cc:138] [event_listener/table_file_created] column family: default, file path: /nvme/jinghuan/node_40001/db/000127.sst, file size: 85053137, job id: 53, reason: flush, status: OK
I20230707 10:18:15.792237 59881 event_listener.cc:91] [event_listener/flush_completed] column family: default, thread_id: 59881, job_id: 53, file: /nvme/jinghuan/node_40001/db/000127.sst, reason: 6, is_write_slowdown: no, is_write_stall: no, largest seqno: 20822603, smallest seqno: 20088806
W20230707 10:18:15.792340 59881 event_listener.cc:132] [event_listener/stall_cond_changed] column family: default write stall condition was changed, from stop to normal
W20230707 10:18:15.792857 60104 event_listener.cc:132] [event_listener/stall_cond_changed] column family: default write stall condition was changed, from delay to stop
W20230707 10:18:17.253374 60109 event_listener.cc:132] [event_listener/stall_cond_changed] column family: default write stall condition was changed, from normal to delay
I20230707 10:18:17.711199 60106 cluster.cc:923] function: Migrate compact-and-merge
I20230707 10:18:17.711241 60106 slot_migrate_parallel.cc:32] [migrate] Start migrating slots, from slot: 0 to slot: 7910. Slots are moving to 0.0.0.0:40002
