Log file created at: 2023/06/30 02:38:04
Running on machine: en4217754l
Running duration (h:mm:ss): 0:00:00
Log line format: [IWEF]yyyymmdd hh:mm:ss.uuuuuu threadid file:line] msg
I20230630 02:38:04.967737 1196272 main.cc:328] kvrocks unstable (commit 4a10c89)
I20230630 02:38:05.420545 1196272 storage.cc:322] [storage] Success to load the data from disk: 103 ms
I20230630 02:38:05.421092 1196272 worker.cc:72] [worker] Listening on: 10.218.109.65:40002
I20230630 02:38:05.421118 1196272 worker.cc:72] [worker] Listening on: 127.0.0.1:40002
I20230630 02:38:05.421322 1196272 worker.cc:72] [worker] Listening on: 10.218.109.65:40002
I20230630 02:38:05.421342 1196272 worker.cc:72] [worker] Listening on: 127.0.0.1:40002
I20230630 02:38:05.421496 1196272 worker.cc:72] [worker] Listening on: 10.218.109.65:40002
I20230630 02:38:05.421514 1196272 worker.cc:72] [worker] Listening on: 127.0.0.1:40002
I20230630 02:38:05.421658 1196272 worker.cc:72] [worker] Listening on: 10.218.109.65:40002
I20230630 02:38:05.421676 1196272 worker.cc:72] [worker] Listening on: 127.0.0.1:40002
I20230630 02:38:05.421815 1196272 worker.cc:72] [worker] Listening on: 10.218.109.65:40002
I20230630 02:38:05.421831 1196272 worker.cc:72] [worker] Listening on: 127.0.0.1:40002
I20230630 02:38:05.421978 1196272 worker.cc:72] [worker] Listening on: 10.218.109.65:40002
I20230630 02:38:05.421995 1196272 worker.cc:72] [worker] Listening on: 127.0.0.1:40002
I20230630 02:38:05.422130 1196272 worker.cc:72] [worker] Listening on: 10.218.109.65:40002
I20230630 02:38:05.422147 1196272 worker.cc:72] [worker] Listening on: 127.0.0.1:40002
I20230630 02:38:05.422279 1196272 worker.cc:72] [worker] Listening on: 10.218.109.65:40002
I20230630 02:38:05.422297 1196272 worker.cc:72] [worker] Listening on: 127.0.0.1:40002
W20230630 02:38:05.422411 1196272 server.cc:1650] [server] Increased maximum number of open files to 14224 (it's originally set to 1024)
I20230630 02:38:05.422622 1196272 cluster.cc:643] The cluster nodes file /nvme/jinghuan/node_40002/nodes.conf is not found. Use CLUSTERX subcommands to specify it.
I20230630 02:38:05.422643 1196272 cluster.cc:643] The cluster nodes file /nvme/jinghuan/node_40002/nodes.conf is not found. Use CLUSTERX subcommands to specify it.
I20230630 02:38:05.425907 1196272 worker.cc:519] [worker] Thread #140578104801024 started
I20230630 02:38:05.425951 1196272 worker.cc:519] [worker] Thread #140578188662528 started
I20230630 02:38:05.426008 1196272 worker.cc:519] [worker] Thread #140578490668800 started
I20230630 02:38:05.426060 1196272 worker.cc:519] [worker] Thread #140578482276096 started
I20230630 02:38:05.426110 1196272 worker.cc:519] [worker] Thread #140578473883392 started
I20230630 02:38:05.426165 1196272 worker.cc:519] [worker] Thread #140578465490688 started
I20230630 02:38:05.426223 1196272 worker.cc:519] [worker] Thread #140578457097984 started
I20230630 02:38:05.426276 1196272 worker.cc:519] [worker] Thread #140578239018752 started
I20230630 02:38:05.426450 1196272 server.cc:211] [server] Ready to accept connections
I20230630 02:42:07.812533 1196514 cluster.cc:286] MASTER MODE enabled by cluster topology setting
I20230630 02:42:07.826974 1196520 cluster.cc:286] MASTER MODE enabled by cluster topology setting
I20230630 02:42:07.836369 1196518 cluster.cc:286] MASTER MODE enabled by cluster topology setting
I20230630 02:42:07.840179 1196513 cluster.cc:286] MASTER MODE enabled by cluster topology setting
I20230630 02:42:07.948482 1196520 cluster.cc:387] [import] Start importing slot 0
I20230630 02:42:07.954399 1196518 cmd_cluster.cc:350] Receive Ingest command:/nvme/jinghuan/node_40001/db/000884.sst,/nvme/jinghuan/node_40001/db/000856.sst
I20230630 02:42:07.954438 1196518 cmd_cluster.cc:354] Ingesting files from: local
I20230630 02:42:07.954455 1196518 cmd_cluster.cc:368] Ingesting files: /nvme/jinghuan/node_40001/db/000884.sst,/nvme/jinghuan/node_40001/db/000856.sst
I20230630 02:42:08.023250 1196518 cluster.cc:897] Ingestion completed, Time taken(us): 68769
I20230630 02:42:08.028709 1196520 cmd_cluster.cc:350] Receive Ingest command:/nvme/jinghuan/node_40001/db/000847.sst
I20230630 02:42:08.028779 1196520 cmd_cluster.cc:354] Ingesting files from: local
I20230630 02:42:08.028800 1196520 cmd_cluster.cc:368] Ingesting files: /nvme/jinghuan/node_40001/db/000847.sst
I20230630 02:42:08.240870 1196520 cluster.cc:897] Ingestion completed, Time taken(us): 212042
I20230630 02:42:08.246742 1196516 cmd_cluster.cc:350] Receive Ingest command:/nvme/jinghuan/node_40001/db/000918.sst,/nvme/jinghuan/node_40001/db/000870.sst,/nvme/jinghuan/node_40001/db/000844.sst,/nvme/jinghuan/node_40001/db/000839.sst,/nvme/jinghuan/node_40001/db/000834.sst,/nvme/jinghuan/node_40001/db/000828.sst,/nvme/jinghuan/node_40001/db/000821.sst,/nvme/jinghuan/node_40001/db/000816.sst,/nvme/jinghuan/node_40001/db/000811.sst,/nvme/jinghuan/node_40001/db/000807.sst,/nvme/jinghuan/node_40001/db/000800.sst,/nvme/jinghuan/node_40001/db/000795.sst,/nvme/jinghuan/node_40001/db/000790.sst,/nvme/jinghuan/node_40001/db/000785.sst,/nvme/jinghuan/node_40001/db/000779.sst,/nvme/jinghuan/node_40001/db/000773.sst,/nvme/jinghuan/node_40001/db/000768.sst,/nvme/jinghuan/node_40001/db/000763.sst,/nvme/jinghuan/node_40001/db/000758.sst,/nvme/jinghuan/node_40001/db/000751.sst,/nvme/jinghuan/node_40001/db/000745.sst,/nvme/jinghuan/node_40001/db/000740.sst,/nvme/jinghuan/node_40001/db/000734.sst,/nvme/jinghuan/node_40001/db/000706.sst,/nvme/jinghuan/node_40001/db/000674.sst
I20230630 02:42:08.246803 1196516 cmd_cluster.cc:354] Ingesting files from: local
I20230630 02:42:08.246830 1196516 cmd_cluster.cc:368] Ingesting files: /nvme/jinghuan/node_40001/db/000918.sst,/nvme/jinghuan/node_40001/db/000870.sst,/nvme/jinghuan/node_40001/db/000844.sst,/nvme/jinghuan/node_40001/db/000839.sst,/nvme/jinghuan/node_40001/db/000834.sst,/nvme/jinghuan/node_40001/db/000828.sst,/nvme/jinghuan/node_40001/db/000821.sst,/nvme/jinghuan/node_40001/db/000816.sst,/nvme/jinghuan/node_40001/db/000811.sst,/nvme/jinghuan/node_40001/db/000807.sst,/nvme/jinghuan/node_40001/db/000800.sst,/nvme/jinghuan/node_40001/db/000795.sst,/nvme/jinghuan/node_40001/db/000790.sst,/nvme/jinghuan/node_40001/db/000785.sst,/nvme/jinghuan/node_40001/db/000779.sst,/nvme/jinghuan/node_40001/db/000773.sst,/nvme/jinghuan/node_40001/db/000768.sst,/nvme/jinghuan/node_40001/db/000763.sst,/nvme/jinghuan/node_40001/db/000758.sst,/nvme/jinghuan/node_40001/db/000751.sst,/nvme/jinghuan/node_40001/db/000745.sst,/nvme/jinghuan/node_40001/db/000740.sst,/nvme/jinghuan/node_40001/db/000734.sst,/nvme/jinghuan/node_40001/db/000706.sst,/nvme/jinghuan/node_40001/db/000674.sst
I20230630 02:42:16.278431 1196516 cluster.cc:897] Ingestion completed, Time taken(us): 8031578
I20230630 02:42:16.292292 1196516 cmd_cluster.cc:350] Receive Ingest command:/nvme/jinghuan/node_40001/db/000577.sst,/nvme/jinghuan/node_40001/db/000582.sst,/nvme/jinghuan/node_40001/db/000586.sst,/nvme/jinghuan/node_40001/db/000591.sst,/nvme/jinghuan/node_40001/db/000599.sst,/nvme/jinghuan/node_40001/db/000600.sst,/nvme/jinghuan/node_40001/db/000602.sst,/nvme/jinghuan/node_40001/db/000605.sst,/nvme/jinghuan/node_40001/db/000607.sst,/nvme/jinghuan/node_40001/db/000608.sst,/nvme/jinghuan/node_40001/db/000609.sst,/nvme/jinghuan/node_40001/db/000612.sst,/nvme/jinghuan/node_40001/db/000614.sst,/nvme/jinghuan/node_40001/db/000616.sst,/nvme/jinghuan/node_40001/db/000619.sst
I20230630 02:42:16.292320 1196516 cmd_cluster.cc:354] Ingesting files from: local
I20230630 02:42:16.292330 1196516 cmd_cluster.cc:368] Ingesting files: /nvme/jinghuan/node_40001/db/000577.sst,/nvme/jinghuan/node_40001/db/000582.sst,/nvme/jinghuan/node_40001/db/000586.sst,/nvme/jinghuan/node_40001/db/000591.sst,/nvme/jinghuan/node_40001/db/000599.sst,/nvme/jinghuan/node_40001/db/000600.sst,/nvme/jinghuan/node_40001/db/000602.sst,/nvme/jinghuan/node_40001/db/000605.sst,/nvme/jinghuan/node_40001/db/000607.sst,/nvme/jinghuan/node_40001/db/000608.sst,/nvme/jinghuan/node_40001/db/000609.sst,/nvme/jinghuan/node_40001/db/000612.sst,/nvme/jinghuan/node_40001/db/000614.sst,/nvme/jinghuan/node_40001/db/000616.sst,/nvme/jinghuan/node_40001/db/000619.sst
I20230630 02:42:19.025527 1196516 cluster.cc:897] Ingestion completed, Time taken(us): 2733186
I20230630 02:42:19.030685 1196520 cmd_cluster.cc:350] Receive Ingest command:/nvme/jinghuan/node_40001/db/000561.sst,/nvme/jinghuan/node_40001/db/000563.sst,/nvme/jinghuan/node_40001/db/000567.sst,/nvme/jinghuan/node_40001/db/000569.sst,/nvme/jinghuan/node_40001/db/000572.sst
I20230630 02:42:19.030753 1196520 cmd_cluster.cc:354] Ingesting files from: local
I20230630 02:42:19.030778 1196520 cmd_cluster.cc:368] Ingesting files: /nvme/jinghuan/node_40001/db/000561.sst,/nvme/jinghuan/node_40001/db/000563.sst,/nvme/jinghuan/node_40001/db/000567.sst,/nvme/jinghuan/node_40001/db/000569.sst,/nvme/jinghuan/node_40001/db/000572.sst
I20230630 02:42:19.996723 1196520 cluster.cc:897] Ingestion completed, Time taken(us): 965914
I20230630 02:42:20.002581 1196513 cmd_cluster.cc:350] Receive Ingest command:/nvme/jinghuan/node_40001/db/000465.sst,/nvme/jinghuan/node_40001/db/000468.sst,/nvme/jinghuan/node_40001/db/000473.sst,/nvme/jinghuan/node_40001/db/000479.sst,/nvme/jinghuan/node_40001/db/000484.sst,/nvme/jinghuan/node_40001/db/000488.sst,/nvme/jinghuan/node_40001/db/000493.sst,/nvme/jinghuan/node_40001/db/000501.sst,/nvme/jinghuan/node_40001/db/000738.sst,/nvme/jinghuan/node_40001/db/000742.sst,/nvme/jinghuan/node_40001/db/000510.sst,/nvme/jinghuan/node_40001/db/000519.sst,/nvme/jinghuan/node_40001/db/000521.sst,/nvme/jinghuan/node_40001/db/000522.sst,/nvme/jinghuan/node_40001/db/000527.sst,/nvme/jinghuan/node_40001/db/000531.sst,/nvme/jinghuan/node_40001/db/000535.sst,/nvme/jinghuan/node_40001/db/000541.sst,/nvme/jinghuan/node_40001/db/000545.sst,/nvme/jinghuan/node_40001/db/000550.sst,/nvme/jinghuan/node_40001/db/000743.sst,/nvme/jinghuan/node_40001/db/000748.sst,/nvme/jinghuan/node_40001/db/000755.sst,/nvme/jinghuan/node_40001/db/000760.sst,/nvme/jinghuan/node_40001/db/000765.sst,/nvme/jinghuan/node_40001/db/000770.sst,/nvme/jinghuan/node_40001/db/000777.sst,/nvme/jinghuan/node_40001/db/000782.sst,/nvme/jinghuan/node_40001/db/000787.sst,/nvme/jinghuan/node_40001/db/000792.sst,/nvme/jinghuan/node_40001/db/000797.sst,/nvme/jinghuan/node_40001/db/000804.sst,/nvme/jinghuan/node_40001/db/000809.sst,/nvme/jinghuan/node_40001/db/000814.sst,/nvme/jinghuan/node_40001/db/000819.sst
I20230630 02:42:20.002683 1196513 cmd_cluster.cc:354] Ingesting files from: local
I20230630 02:42:20.002727 1196513 cmd_cluster.cc:368] Ingesting files: /nvme/jinghuan/node_40001/db/000465.sst,/nvme/jinghuan/node_40001/db/000468.sst,/nvme/jinghuan/node_40001/db/000473.sst,/nvme/jinghuan/node_40001/db/000479.sst,/nvme/jinghuan/node_40001/db/000484.sst,/nvme/jinghuan/node_40001/db/000488.sst,/nvme/jinghuan/node_40001/db/000493.sst,/nvme/jinghuan/node_40001/db/000501.sst,/nvme/jinghuan/node_40001/db/000738.sst,/nvme/jinghuan/node_40001/db/000742.sst,/nvme/jinghuan/node_40001/db/000510.sst,/nvme/jinghuan/node_40001/db/000519.sst,/nvme/jinghuan/node_40001/db/000521.sst,/nvme/jinghuan/node_40001/db/000522.sst,/nvme/jinghuan/node_40001/db/000527.sst,/nvme/jinghuan/node_40001/db/000531.sst,/nvme/jinghuan/node_40001/db/000535.sst,/nvme/jinghuan/node_40001/db/000541.sst,/nvme/jinghuan/node_40001/db/000545.sst,/nvme/jinghuan/node_40001/db/000550.sst,/nvme/jinghuan/node_40001/db/000743.sst,/nvme/jinghuan/node_40001/db/000748.sst,/nvme/jinghuan/node_40001/db/000755.sst,/nvme/jinghuan/node_40001/db/000760.sst,/nvme/jinghuan/node_40001/db/000765.sst,/nvme/jinghuan/node_40001/db/000770.sst,/nvme/jinghuan/node_40001/db/000777.sst,/nvme/jinghuan/node_40001/db/000782.sst,/nvme/jinghuan/node_40001/db/000787.sst,/nvme/jinghuan/node_40001/db/000792.sst,/nvme/jinghuan/node_40001/db/000797.sst,/nvme/jinghuan/node_40001/db/000804.sst,/nvme/jinghuan/node_40001/db/000809.sst,/nvme/jinghuan/node_40001/db/000814.sst,/nvme/jinghuan/node_40001/db/000819.sst
I20230630 02:42:26.140861 1196513 cluster.cc:897] Ingestion completed, Time taken(us): 6138103
I20230630 02:42:26.145107 1196520 cluster.cc:397] [import] Succeed to import slot 0
I20230630 02:42:32.019435 1196283 event_listener.cc:84] [event_listener/flush_begin] column family: default, thread_id: 1196283, job_id: 3, reason: 6
I20230630 02:42:35.577256 1196283 event_listener.cc:138] [event_listener/table_file_created] column family: default, file path: /nvme/jinghuan/node_40002/db/000099.sst, file size: 92323348, job id: 3, reason: flush, status: OK
I20230630 02:42:35.592104 1196283 event_listener.cc:91] [event_listener/flush_completed] column family: default, thread_id: 1196283, job_id: 3, file: /nvme/jinghuan/node_40002/db/000099.sst, reason: 6, is_write_slowdown: no, is_write_stall: no, largest seqno: 206595, smallest seqno: 3
I20230630 02:42:39.039618 1196281 event_listener.cc:138] [event_listener/table_file_created] column family: default, file path: /nvme/jinghuan/node_40002/db/000100.sst, file size: 92323344, job id: 4, reason: compaction, status: OK
I20230630 02:42:39.059291 1196281 event_listener.cc:71] [event_listener/compaction_completed] column family: default, compaction reason: 11, output compression type: no, base input level(files): 0(1), output level(files): 0(1), input bytes: 92323348, output bytes:92323344, is_manual_compaction:no, elapsed(micro): 3446320
I20230630 02:42:39.067015 1196281 event_listener.cc:127] [event_listener/table_file_deleted] db: /nvme/jinghuan/node_40002/db, sst file: /nvme/jinghuan/node_40002/db/000099.sst, status: OK
I20230630 02:42:43.378124 1196284 event_listener.cc:84] [event_listener/flush_begin] column family: default, thread_id: 1196284, job_id: 5, reason: 6
I20230630 02:42:46.639511 1196284 event_listener.cc:138] [event_listener/table_file_created] column family: default, file path: /nvme/jinghuan/node_40002/db/000103.sst, file size: 87013508, job id: 5, reason: flush, status: OK
I20230630 02:42:46.657369 1196284 event_listener.cc:91] [event_listener/flush_completed] column family: default, thread_id: 1196284, job_id: 5, file: /nvme/jinghuan/node_40002/db/000103.sst, reason: 6, is_write_slowdown: no, is_write_stall: no, largest seqno: 393750, smallest seqno: 206597
I20230630 02:42:53.875041 1196283 event_listener.cc:84] [event_listener/flush_begin] column family: default, thread_id: 1196283, job_id: 6, reason: 6
I20230630 02:42:56.904413 1196283 event_listener.cc:138] [event_listener/table_file_created] column family: default, file path: /nvme/jinghuan/node_40002/db/000106.sst, file size: 81899129, job id: 6, reason: flush, status: OK
I20230630 02:42:56.923332 1196283 event_listener.cc:91] [event_listener/flush_completed] column family: default, thread_id: 1196283, job_id: 6, file: /nvme/jinghuan/node_40002/db/000106.sst, reason: 6, is_write_slowdown: no, is_write_stall: no, largest seqno: 566517, smallest seqno: 393751
I20230630 02:43:03.694200 1196284 event_listener.cc:84] [event_listener/flush_begin] column family: default, thread_id: 1196284, job_id: 7, reason: 6
I20230630 02:43:05.302364 1196283 event_listener.cc:84] [event_listener/flush_begin] column family: metadata, thread_id: 1196283, job_id: 8, reason: 13
I20230630 02:43:06.714792 1196283 event_listener.cc:138] [event_listener/table_file_created] column family: metadata, file path: /nvme/jinghuan/node_40002/db/000111.sst, file size: 15255626, job id: 8, reason: flush, status: OK
I20230630 02:43:06.726639 1196283 event_listener.cc:91] [event_listener/flush_completed] column family: metadata, thread_id: 1196283, job_id: 8, file: /nvme/jinghuan/node_40002/db/000111.sst, reason: 13, is_write_slowdown: no, is_write_stall: no, largest seqno: 769659, smallest seqno: 1
I20230630 02:43:07.713488 1196284 event_listener.cc:138] [event_listener/table_file_created] column family: default, file path: /nvme/jinghuan/node_40002/db/000109.sst, file size: 80800126, job id: 7, reason: flush, status: OK
I20230630 02:43:07.724673 1196284 event_listener.cc:91] [event_listener/flush_completed] column family: default, thread_id: 1196284, job_id: 7, file: /nvme/jinghuan/node_40002/db/000109.sst, reason: 6, is_write_slowdown: no, is_write_stall: no, largest seqno: 735336, smallest seqno: 566520
I20230630 02:43:07.916368 1196282 event_listener.cc:138] [event_listener/table_file_created] column family: metadata, file path: /nvme/jinghuan/node_40002/db/000112.sst, file size: 15255702, job id: 9, reason: compaction, status: OK
I20230630 02:43:07.934109 1196282 event_listener.cc:71] [event_listener/compaction_completed] column family: metadata, compaction reason: 11, output compression type: no, base input level(files): 0(1), output level(files): 0(1), input bytes: 15255626, output bytes:15255702, is_manual_compaction:no, elapsed(micro): 1189583
I20230630 02:43:07.937456 1196282 event_listener.cc:127] [event_listener/table_file_deleted] db: /nvme/jinghuan/node_40002/db, sst file: /nvme/jinghuan/node_40002/db/000111.sst, status: OK
I20230630 02:43:12.384202 1196283 event_listener.cc:84] [event_listener/flush_begin] column family: default, thread_id: 1196283, job_id: 11, reason: 6
I20230630 02:43:14.118849 1196282 event_listener.cc:138] [event_listener/table_file_created] column family: default, file path: /nvme/jinghuan/node_40002/db/000114.sst, file size: 136066063, job id: 10, reason: compaction, status: OK
W20230630 02:43:16.698171 1196515 event_listener.cc:132] [event_listener/stall_cond_changed] column family: default write stall condition was changed, from normal to delay
I20230630 02:43:17.420063 1196283 event_listener.cc:138] [event_listener/table_file_created] column family: default, file path: /nvme/jinghuan/node_40002/db/000116.sst, file size: 82229459, job id: 11, reason: flush, status: OK
I20230630 02:43:17.433218 1196283 event_listener.cc:91] [event_listener/flush_completed] column family: default, thread_id: 1196283, job_id: 11, file: /nvme/jinghuan/node_40002/db/000116.sst, reason: 6, is_write_slowdown: no, is_write_stall: no, largest seqno: 904922, smallest seqno: 735338
W20230630 02:43:17.433502 1196283 event_listener.cc:132] [event_listener/stall_cond_changed] column family: default write stall condition was changed, from delay to normal
I20230630 02:43:21.029435 1196282 event_listener.cc:138] [event_listener/table_file_created] column family: default, file path: /nvme/jinghuan/node_40002/db/000117.sst, file size: 136101798, job id: 10, reason: compaction, status: OK
I20230630 02:43:21.468847 1196284 event_listener.cc:84] [event_listener/flush_begin] column family: default, thread_id: 1196284, job_id: 12, reason: 6
I20230630 02:43:23.924052 1196282 event_listener.cc:138] [event_listener/table_file_created] column family: default, file path: /nvme/jinghuan/node_40002/db/000119.sst, file size: 38517746, job id: 10, reason: compaction, status: OK
I20230630 02:43:23.942116 1196282 event_listener.cc:71] [event_listener/compaction_completed] column family: default, compaction reason: 1, output compression type: no, base input level(files): 0(4), output level(files): 1(3), input bytes: 342036107, output bytes:310685607, is_manual_compaction:no, elapsed(micro): 15986447
I20230630 02:43:23.960208 1196282 event_listener.cc:71] [event_listener/compaction_completed] column family: default, compaction reason: 2, output compression type: no, base input level(files): 1(1), output level(files): 2(1), input bytes: 0, output bytes:0, is_manual_compaction:no, elapsed(micro): 0
I20230630 02:43:25.326766 1196284 event_listener.cc:138] [event_listener/table_file_created] column family: default, file path: /nvme/jinghuan/node_40002/db/000121.sst, file size: 79209445, job id: 12, reason: flush, status: OK
I20230630 02:43:25.336283 1196284 event_listener.cc:91] [event_listener/flush_completed] column family: default, thread_id: 1196284, job_id: 12, file: /nvme/jinghuan/node_40002/db/000121.sst, reason: 6, is_write_slowdown: no, is_write_stall: no, largest seqno: 1067320, smallest seqno: 904925
I20230630 02:43:25.348651 1196284 event_listener.cc:127] [event_listener/table_file_deleted] db: /nvme/jinghuan/node_40002/db, sst file: /nvme/jinghuan/node_40002/db/000109.sst, status: OK
I20230630 02:43:25.357684 1196284 event_listener.cc:127] [event_listener/table_file_deleted] db: /nvme/jinghuan/node_40002/db, sst file: /nvme/jinghuan/node_40002/db/000106.sst, status: OK
I20230630 02:43:25.366410 1196284 event_listener.cc:127] [event_listener/table_file_deleted] db: /nvme/jinghuan/node_40002/db, sst file: /nvme/jinghuan/node_40002/db/000103.sst, status: OK
I20230630 02:43:25.375120 1196284 event_listener.cc:127] [event_listener/table_file_deleted] db: /nvme/jinghuan/node_40002/db, sst file: /nvme/jinghuan/node_40002/db/000100.sst, status: OK
I20230630 02:43:30.856948 1196283 event_listener.cc:84] [event_listener/flush_begin] column family: default, thread_id: 1196283, job_id: 14, reason: 6
I20230630 02:43:33.485859 1196283 event_listener.cc:138] [event_listener/table_file_created] column family: default, file path: /nvme/jinghuan/node_40002/db/000124.sst, file size: 80406937, job id: 14, reason: flush, status: OK
I20230630 02:43:33.502238 1196283 event_listener.cc:91] [event_listener/flush_completed] column family: default, thread_id: 1196283, job_id: 14, file: /nvme/jinghuan/node_40002/db/000124.sst, reason: 6, is_write_slowdown: no, is_write_stall: no, largest seqno: 1230866, smallest seqno: 1067322
I20230630 02:43:40.877969 1196284 event_listener.cc:84] [event_listener/flush_begin] column family: default, thread_id: 1196284, job_id: 15, reason: 6
I20230630 02:43:43.805297 1196284 event_listener.cc:138] [event_listener/table_file_created] column family: default, file path: /nvme/jinghuan/node_40002/db/000127.sst, file size: 82490295, job id: 15, reason: flush, status: OK
I20230630 02:43:43.816458 1196284 event_listener.cc:91] [event_listener/flush_completed] column family: default, thread_id: 1196284, job_id: 15, file: /nvme/jinghuan/node_40002/db/000127.sst, reason: 6, is_write_slowdown: no, is_write_stall: no, largest seqno: 1397849, smallest seqno: 1230868
I20230630 02:43:47.744397 1196283 event_listener.cc:84] [event_listener/flush_begin] column family: metadata, thread_id: 1196283, job_id: 17, reason: 13
I20230630 02:43:48.902279 1196283 event_listener.cc:138] [event_listener/table_file_created] column family: metadata, file path: /nvme/jinghuan/node_40002/db/000131.sst, file size: 14872647, job id: 17, reason: flush, status: OK
I20230630 02:43:48.917019 1196283 event_listener.cc:91] [event_listener/flush_completed] column family: metadata, thread_id: 1196283, job_id: 17, file: /nvme/jinghuan/node_40002/db/000131.sst, reason: 13, is_write_slowdown: no, is_write_stall: no, largest seqno: 1508679, smallest seqno: 769678
I20230630 02:43:49.304394 1196281 event_listener.cc:138] [event_listener/table_file_created] column family: default, file path: /nvme/jinghuan/node_40002/db/000128.sst, file size: 136061710, job id: 16, reason: compaction, status: OK
I20230630 02:43:51.094445 1196284 event_listener.cc:84] [event_listener/flush_begin] column family: default, thread_id: 1196284, job_id: 18, reason: 6
I20230630 02:43:55.505162 1196284 event_listener.cc:138] [event_listener/table_file_created] column family: default, file path: /nvme/jinghuan/node_40002/db/000134.sst, file size: 81244692, job id: 18, reason: flush, status: OK
I20230630 02:43:55.514214 1196284 event_listener.cc:91] [event_listener/flush_completed] column family: default, thread_id: 1196284, job_id: 18, file: /nvme/jinghuan/node_40002/db/000134.sst, reason: 6, is_write_slowdown: no, is_write_stall: no, largest seqno: 1561215, smallest seqno: 1397853
I20230630 02:43:56.908027 1196281 event_listener.cc:138] [event_listener/table_file_created] column family: default, file path: /nvme/jinghuan/node_40002/db/000132.sst, file size: 136218289, job id: 16, reason: compaction, status: OK
I20230630 02:44:01.606994 1196281 event_listener.cc:138] [event_listener/table_file_created] column family: default, file path: /nvme/jinghuan/node_40002/db/000136.sst, file size: 136231670, job id: 16, reason: compaction, status: OK
I20230630 02:44:01.837198 1196283 event_listener.cc:84] [event_listener/flush_begin] column family: default, thread_id: 1196283, job_id: 19, reason: 6
I20230630 02:44:05.013674 1196281 event_listener.cc:138] [event_listener/table_file_created] column family: default, file path: /nvme/jinghuan/node_40002/db/000137.sst, file size: 41252498, job id: 16, reason: compaction, status: OK
I20230630 02:44:05.035254 1196281 event_listener.cc:71] [event_listener/compaction_completed] column family: default, compaction reason: 1, output compression type: no, base input level(files): 0(6), output level(files): 1(4), input bytes: 498955680, output bytes:449764167, is_manual_compaction:no, elapsed(micro): 21196905
I20230630 02:44:05.053653 1196281 event_listener.cc:71] [event_listener/compaction_completed] column family: default, compaction reason: 2, output compression type: no, base input level(files): 1(1), output level(files): 2(1), input bytes: 0, output bytes:0, is_manual_compaction:no, elapsed(micro): 0
I20230630 02:44:05.069047 1196281 event_listener.cc:71] [event_listener/compaction_completed] column family: default, compaction reason: 2, output compression type: no, base input level(files): 1(1), output level(files): 2(1), input bytes: 0, output bytes:0, is_manual_compaction:no, elapsed(micro): 0
I20230630 02:44:05.915814 1196283 event_listener.cc:138] [event_listener/table_file_created] column family: default, file path: /nvme/jinghuan/node_40002/db/000139.sst, file size: 80728914, job id: 19, reason: flush, status: OK
I20230630 02:44:05.930438 1196283 event_listener.cc:91] [event_listener/flush_completed] column family: default, thread_id: 1196283, job_id: 19, file: /nvme/jinghuan/node_40002/db/000139.sst, reason: 6, is_write_slowdown: no, is_write_stall: no, largest seqno: 1723086, smallest seqno: 1561217
I20230630 02:44:05.936961 1196518 event_listener.cc:127] [event_listener/table_file_deleted] db: /nvme/jinghuan/node_40002/db, sst file: /nvme/jinghuan/node_40002/db/000127.sst, status: OK
I20230630 02:44:05.942905 1196518 event_listener.cc:127] [event_listener/table_file_deleted] db: /nvme/jinghuan/node_40002/db, sst file: /nvme/jinghuan/node_40002/db/000124.sst, status: OK
I20230630 02:44:05.950251 1196518 event_listener.cc:127] [event_listener/table_file_deleted] db: /nvme/jinghuan/node_40002/db, sst file: /nvme/jinghuan/node_40002/db/000121.sst, status: OK
I20230630 02:44:05.954418 1196518 event_listener.cc:127] [event_listener/table_file_deleted] db: /nvme/jinghuan/node_40002/db, sst file: /nvme/jinghuan/node_40002/db/000119.sst, status: OK
I20230630 02:44:05.968124 1196518 event_listener.cc:127] [event_listener/table_file_deleted] db: /nvme/jinghuan/node_40002/db, sst file: /nvme/jinghuan/node_40002/db/000117.sst, status: OK
I20230630 02:44:05.974560 1196518 event_listener.cc:127] [event_listener/table_file_deleted] db: /nvme/jinghuan/node_40002/db, sst file: /nvme/jinghuan/node_40002/db/000116.sst, status: OK
I20230630 02:44:07.014179 1196281 event_listener.cc:138] [event_listener/table_file_created] column family: default, file path: /nvme/jinghuan/node_40002/db/000140.sst, file size: 41252498, job id: 22, reason: compaction, status: OK
I20230630 02:44:07.031772 1196281 event_listener.cc:71] [event_listener/compaction_completed] column family: default, compaction reason: 11, output compression type: no, base input level(files): 1(1), output level(files): 1(1), input bytes: 41252498, output bytes:41252498, is_manual_compaction:no, elapsed(micro): 1944926
I20230630 02:44:07.035630 1196281 event_listener.cc:127] [event_listener/table_file_deleted] db: /nvme/jinghuan/node_40002/db, sst file: /nvme/jinghuan/node_40002/db/000137.sst, status: OK
I20230630 02:44:11.420563 1196281 event_listener.cc:138] [event_listener/table_file_created] column family: default, file path: /nvme/jinghuan/node_40002/db/000141.sst, file size: 136218289, job id: 23, reason: compaction, status: OK
I20230630 02:44:11.434180 1196281 event_listener.cc:71] [event_listener/compaction_completed] column family: default, compaction reason: 11, output compression type: no, base input level(files): 2(1), output level(files): 2(1), input bytes: 136218289, output bytes:136218289, is_manual_compaction:no, elapsed(micro): 4384949
I20230630 02:44:11.447284 1196281 event_listener.cc:127] [event_listener/table_file_deleted] db: /nvme/jinghuan/node_40002/db, sst file: /nvme/jinghuan/node_40002/db/000132.sst, status: OK
I20230630 02:44:13.266252 1196284 event_listener.cc:84] [event_listener/flush_begin] column family: default, thread_id: 1196284, job_id: 25, reason: 6
I20230630 02:44:17.420635 1196284 event_listener.cc:138] [event_listener/table_file_created] column family: default, file path: /nvme/jinghuan/node_40002/db/000145.sst, file size: 85750025, job id: 25, reason: flush, status: OK
I20230630 02:44:17.430156 1196284 event_listener.cc:91] [event_listener/flush_completed] column family: default, thread_id: 1196284, job_id: 25, file: /nvme/jinghuan/node_40002/db/000145.sst, reason: 6, is_write_slowdown: no, is_write_stall: no, largest seqno: 1894714, smallest seqno: 1723088
I20230630 02:44:18.418231 1196281 event_listener.cc:138] [event_listener/table_file_created] column family: default, file path: /nvme/jinghuan/node_40002/db/000143.sst, file size: 136231670, job id: 24, reason: compaction, status: OK
I20230630 02:44:18.430720 1196281 event_listener.cc:71] [event_listener/compaction_completed] column family: default, compaction reason: 11, output compression type: no, base input level(files): 2(1), output level(files): 2(1), input bytes: 136231670, output bytes:136231670, is_manual_compaction:no, elapsed(micro): 6970900
I20230630 02:44:18.444586 1196281 event_listener.cc:127] [event_listener/table_file_deleted] db: /nvme/jinghuan/node_40002/db, sst file: /nvme/jinghuan/node_40002/db/000136.sst, status: OK
I20230630 02:44:24.475834 1196283 event_listener.cc:84] [event_listener/flush_begin] column family: default, thread_id: 1196283, job_id: 26, reason: 6
I20230630 02:44:27.001148 1196283 event_listener.cc:138] [event_listener/table_file_created] column family: default, file path: /nvme/jinghuan/node_40002/db/000148.sst, file size: 81745634, job id: 26, reason: flush, status: OK
I20230630 02:44:27.010215 1196283 event_listener.cc:91] [event_listener/flush_completed] column family: default, thread_id: 1196283, job_id: 26, file: /nvme/jinghuan/node_40002/db/000148.sst, reason: 6, is_write_slowdown: no, is_write_stall: no, largest seqno: 2057091, smallest seqno: 1894716
I20230630 02:44:31.301781 1196282 event_listener.cc:138] [event_listener/table_file_created] column family: default, file path: /nvme/jinghuan/node_40002/db/000149.sst, file size: 136164950, job id: 27, reason: compaction, status: OK
I20230630 02:44:35.504073 1196282 event_listener.cc:138] [event_listener/table_file_created] column family: default, file path: /nvme/jinghuan/node_40002/db/000151.sst, file size: 136184196, job id: 27, reason: compaction, status: OK
I20230630 02:44:35.998378 1196284 event_listener.cc:84] [event_listener/flush_begin] column family: default, thread_id: 1196284, job_id: 28, reason: 6
I20230630 02:44:37.049917 1196283 event_listener.cc:84] [event_listener/flush_begin] column family: metadata, thread_id: 1196283, job_id: 29, reason: 13
I20230630 02:44:38.409838 1196283 event_listener.cc:138] [event_listener/table_file_created] column family: metadata, file path: /nvme/jinghuan/node_40002/db/000156.sst, file size: 14409180, job id: 29, reason: flush, status: OK
I20230630 02:44:38.426676 1196283 event_listener.cc:91] [event_listener/flush_completed] column family: metadata, thread_id: 1196283, job_id: 29, file: /nvme/jinghuan/node_40002/db/000156.sst, reason: 13, is_write_slowdown: no, is_write_stall: no, largest seqno: 2231884, smallest seqno: 1508683
I20230630 02:44:40.216691 1196284 event_listener.cc:138] [event_listener/table_file_created] column family: default, file path: /nvme/jinghuan/node_40002/db/000154.sst, file size: 81064329, job id: 28, reason: flush, status: OK
I20230630 02:44:40.230799 1196284 event_listener.cc:91] [event_listener/flush_completed] column family: default, thread_id: 1196284, job_id: 28, file: /nvme/jinghuan/node_40002/db/000154.sst, reason: 6, is_write_slowdown: no, is_write_stall: no, largest seqno: 2216663, smallest seqno: 2057094
I20230630 02:44:42.405267 1196282 event_listener.cc:138] [event_listener/table_file_created] column family: default, file path: /nvme/jinghuan/node_40002/db/000152.sst, file size: 136123520, job id: 27, reason: compaction, status: OK
I20230630 02:44:43.909068 1196282 event_listener.cc:138] [event_listener/table_file_created] column family: default, file path: /nvme/jinghuan/node_40002/db/000158.sst, file size: 48472649, job id: 27, reason: compaction, status: OK
I20230630 02:44:43.929702 1196282 event_listener.cc:71] [event_listener/compaction_completed] column family: default, compaction reason: 1, output compression type: no, base input level(files): 0(6), output level(files): 1(4), input bytes: 506783473, output bytes:456945315, is_manual_compaction:no, elapsed(micro): 16898551
I20230630 02:44:43.937599 1196282 event_listener.cc:127] [event_listener/table_file_deleted] db: /nvme/jinghuan/node_40002/db, sst file: /nvme/jinghuan/node_40002/db/000148.sst, status: OK
I20230630 02:44:43.943821 1196282 event_listener.cc:127] [event_listener/table_file_deleted] db: /nvme/jinghuan/node_40002/db, sst file: /nvme/jinghuan/node_40002/db/000145.sst, status: OK
I20230630 02:44:43.948308 1196282 event_listener.cc:127] [event_listener/table_file_deleted] db: /nvme/jinghuan/node_40002/db, sst file: /nvme/jinghuan/node_40002/db/000140.sst, status: OK
I20230630 02:44:43.954214 1196282 event_listener.cc:127] [event_listener/table_file_deleted] db: /nvme/jinghuan/node_40002/db, sst file: /nvme/jinghuan/node_40002/db/000139.sst, status: OK
I20230630 02:44:43.960151 1196282 event_listener.cc:127] [event_listener/table_file_deleted] db: /nvme/jinghuan/node_40002/db, sst file: /nvme/jinghuan/node_40002/db/000134.sst, status: OK
I20230630 02:44:43.974134 1196282 event_listener.cc:127] [event_listener/table_file_deleted] db: /nvme/jinghuan/node_40002/db, sst file: /nvme/jinghuan/node_40002/db/000128.sst, status: OK
I20230630 02:44:43.985361 1196282 event_listener.cc:71] [event_listener/compaction_completed] column family: default, compaction reason: 2, output compression type: no, base input level(files): 1(1), output level(files): 2(1), input bytes: 0, output bytes:0, is_manual_compaction:no, elapsed(micro): 0
I20230630 02:44:47.776645 1196283 event_listener.cc:84] [event_listener/flush_begin] column family: default, thread_id: 1196283, job_id: 32, reason: 6
I20230630 02:44:47.825143 1196282 event_listener.cc:138] [event_listener/table_file_created] column family: default, file path: /nvme/jinghuan/node_40002/db/000159.sst, file size: 136267546, job id: 31, reason: compaction, status: OK
I20230630 02:44:51.339093 1196283 event_listener.cc:138] [event_listener/table_file_created] column family: default, file path: /nvme/jinghuan/node_40002/db/000161.sst, file size: 81679547, job id: 32, reason: flush, status: OK
I20230630 02:44:51.357194 1196283 event_listener.cc:91] [event_listener/flush_completed] column family: default, thread_id: 1196283, job_id: 32, file: /nvme/jinghuan/node_40002/db/000161.sst, reason: 6, is_write_slowdown: no, is_write_stall: no, largest seqno: 2377340, smallest seqno: 2216665
I20230630 02:44:53.632710 1196282 event_listener.cc:138] [event_listener/table_file_created] column family: default, file path: /nvme/jinghuan/node_40002/db/000162.sst, file size: 122950269, job id: 31, reason: compaction, status: OK
I20230630 02:44:53.652292 1196282 event_listener.cc:71] [event_listener/compaction_completed] column family: default, compaction reason: 2, output compression type: no, base input level(files): 1(2), output level(files): 2(2), input bytes: 272231013, output bytes:259217815, is_manual_compaction:no, elapsed(micro): 9647197
I20230630 02:44:53.667084 1196282 event_listener.cc:127] [event_listener/table_file_deleted] db: /nvme/jinghuan/node_40002/db, sst file: /nvme/jinghuan/node_40002/db/000149.sst, status: OK
I20230630 02:44:53.680632 1196282 event_listener.cc:127] [event_listener/table_file_deleted] db: /nvme/jinghuan/node_40002/db, sst file: /nvme/jinghuan/node_40002/db/000114.sst, status: OK
I20230630 02:44:57.334383 1196282 event_listener.cc:138] [event_listener/table_file_created] column family: default, file path: /nvme/jinghuan/node_40002/db/000164.sst, file size: 136284417, job id: 33, reason: compaction, status: OK
I20230630 02:44:59.520694 1196284 event_listener.cc:84] [event_listener/flush_begin] column family: default, thread_id: 1196284, job_id: 34, reason: 6
I20230630 02:45:02.846343 1196284 event_listener.cc:138] [event_listener/table_file_created] column family: default, file path: /nvme/jinghuan/node_40002/db/000167.sst, file size: 81866828, job id: 34, reason: flush, status: OK
I20230630 02:45:02.861263 1196284 event_listener.cc:91] [event_listener/flush_completed] column family: default, thread_id: 1196284, job_id: 34, file: /nvme/jinghuan/node_40002/db/000167.sst, reason: 6, is_write_slowdown: no, is_write_stall: no, largest seqno: 2538090, smallest seqno: 2377342
I20230630 02:45:03.245667 1196282 event_listener.cc:138] [event_listener/table_file_created] column family: default, file path: /nvme/jinghuan/node_40002/db/000165.sst, file size: 136287126, job id: 33, reason: compaction, status: OK
I20230630 02:45:06.148156 1196282 event_listener.cc:138] [event_listener/table_file_created] column family: default, file path: /nvme/jinghuan/node_40002/db/000168.sst, file size: 109118719, job id: 33, reason: compaction, status: OK
I20230630 02:45:06.168846 1196282 event_listener.cc:71] [event_listener/compaction_completed] column family: default, compaction reason: 2, output compression type: no, base input level(files): 1(3), output level(files): 2(3), input bytes: 395352754, output bytes:381690262, is_manual_compaction:no, elapsed(micro): 12467479
I20230630 02:45:06.178565 1196282 event_listener.cc:127] [event_listener/table_file_deleted] db: /nvme/jinghuan/node_40002/db, sst file: /nvme/jinghuan/node_40002/db/000162.sst, status: OK
I20230630 02:45:06.188751 1196282 event_listener.cc:127] [event_listener/table_file_deleted] db: /nvme/jinghuan/node_40002/db, sst file: /nvme/jinghuan/node_40002/db/000151.sst, status: OK
I20230630 02:45:06.202986 1196282 event_listener.cc:127] [event_listener/table_file_deleted] db: /nvme/jinghuan/node_40002/db, sst file: /nvme/jinghuan/node_40002/db/000141.sst, status: OK
I20230630 02:45:07.437163 1196282 event_listener.cc:138] [event_listener/table_file_created] column family: default, file path: /nvme/jinghuan/node_40002/db/000170.sst, file size: 48472649, job id: 35, reason: compaction, status: OK
I20230630 02:45:07.446247 1196282 event_listener.cc:71] [event_listener/compaction_completed] column family: default, compaction reason: 11, output compression type: no, base input level(files): 2(1), output level(files): 2(1), input bytes: 48472649, output bytes:48472649, is_manual_compaction:no, elapsed(micro): 1234139
I20230630 02:45:07.452595 1196282 event_listener.cc:127] [event_listener/table_file_deleted] db: /nvme/jinghuan/node_40002/db, sst file: /nvme/jinghuan/node_40002/db/000158.sst, status: OK
I20230630 02:45:12.195098 1196283 event_listener.cc:84] [event_listener/flush_begin] column family: default, thread_id: 1196283, job_id: 36, reason: 6
I20230630 02:45:14.224133 1196283 event_listener.cc:138] [event_listener/table_file_created] column family: default, file path: /nvme/jinghuan/node_40002/db/000172.sst, file size: 83308724, job id: 36, reason: flush, status: OK
I20230630 02:45:14.234328 1196283 event_listener.cc:91] [event_listener/flush_completed] column family: default, thread_id: 1196283, job_id: 36, file: /nvme/jinghuan/node_40002/db/000172.sst, reason: 6, is_write_slowdown: no, is_write_stall: no, largest seqno: 2700531, smallest seqno: 2538092
I20230630 02:45:17.730947 1196281 event_listener.cc:138] [event_listener/table_file_created] column family: default, file path: /nvme/jinghuan/node_40002/db/000173.sst, file size: 136059385, job id: 37, reason: compaction, status: OK
I20230630 02:45:21.320775 1196281 event_listener.cc:138] [event_listener/table_file_created] column family: default, file path: /nvme/jinghuan/node_40002/db/000174.sst, file size: 136205394, job id: 37, reason: compaction, status: OK
I20230630 02:45:24.823283 1196281 event_listener.cc:138] [event_listener/table_file_created] column family: default, file path: /nvme/jinghuan/node_40002/db/000176.sst, file size: 136243996, job id: 37, reason: compaction, status: OK
I20230630 02:45:24.942663 1196284 event_listener.cc:84] [event_listener/flush_begin] column family: default, thread_id: 1196284, job_id: 38, reason: 6
I20230630 02:45:25.223352 1196281 event_listener.cc:138] [event_listener/table_file_created] column family: default, file path: /nvme/jinghuan/node_40002/db/000177.sst, file size: 10453314, job id: 37, reason: compaction, status: OK
I20230630 02:45:25.242132 1196281 event_listener.cc:71] [event_listener/compaction_completed] column family: default, compaction reason: 1, output compression type: no, base input level(files): 0(5), output level(files): 1(4), input bytes: 464042948, output bytes:418962089, is_manual_compaction:no, elapsed(micro): 10988865
I20230630 02:45:28.033977 1196284 event_listener.cc:138] [event_listener/table_file_created] column family: default, file path: /nvme/jinghuan/node_40002/db/000179.sst, file size: 79719391, job id: 38, reason: flush, status: OK
I20230630 02:45:28.046103 1196284 event_listener.cc:91] [event_listener/flush_completed] column family: default, thread_id: 1196284, job_id: 38, file: /nvme/jinghuan/node_40002/db/000179.sst, reason: 6, is_write_slowdown: no, is_write_stall: no, largest seqno: 2855683, smallest seqno: 2700533
I20230630 02:45:28.054021 1196284 event_listener.cc:127] [event_listener/table_file_deleted] db: /nvme/jinghuan/node_40002/db, sst file: /nvme/jinghuan/node_40002/db/000172.sst, status: OK
I20230630 02:45:28.060552 1196284 event_listener.cc:127] [event_listener/table_file_deleted] db: /nvme/jinghuan/node_40002/db, sst file: /nvme/jinghuan/node_40002/db/000167.sst, status: OK
I20230630 02:45:28.066596 1196284 event_listener.cc:127] [event_listener/table_file_deleted] db: /nvme/jinghuan/node_40002/db, sst file: /nvme/jinghuan/node_40002/db/000161.sst, status: OK
I20230630 02:45:28.072496 1196284 event_listener.cc:127] [event_listener/table_file_deleted] db: /nvme/jinghuan/node_40002/db, sst file: /nvme/jinghuan/node_40002/db/000154.sst, status: OK
I20230630 02:45:28.081920 1196284 event_listener.cc:127] [event_listener/table_file_deleted] db: /nvme/jinghuan/node_40002/db, sst file: /nvme/jinghuan/node_40002/db/000152.sst, status: OK
I20230630 02:45:30.336009 1196281 event_listener.cc:138] [event_listener/table_file_created] column family: default, file path: /nvme/jinghuan/node_40002/db/000180.sst, file size: 136391260, job id: 39, reason: compaction, status: OK
I20230630 02:45:31.647642 1196283 event_listener.cc:84] [event_listener/flush_begin] column family: metadata, thread_id: 1196283, job_id: 40, reason: 13
I20230630 02:45:32.736562 1196283 event_listener.cc:138] [event_listener/table_file_created] column family: metadata, file path: /nvme/jinghuan/node_40002/db/000184.sst, file size: 13912396, job id: 40, reason: flush, status: OK
I20230630 02:45:32.746258 1196283 event_listener.cc:91] [event_listener/flush_completed] column family: metadata, thread_id: 1196283, job_id: 40, file: /nvme/jinghuan/node_40002/db/000184.sst, reason: 13, is_write_slowdown: no, is_write_stall: no, largest seqno: 2942783, smallest seqno: 2231891
I20230630 02:45:32.761868 1196284 event_listener.cc:84] [event_listener/flush_begin] column family: default, thread_id: 1196284, job_id: 41, reason: 13
I20230630 02:45:34.534869 1196284 event_listener.cc:138] [event_listener/table_file_created] column family: default, file path: /nvme/jinghuan/node_40002/db/000186.sst, file size: 54091733, job id: 41, reason: flush, status: OK
I20230630 02:45:34.551692 1196284 event_listener.cc:91] [event_listener/flush_completed] column family: default, thread_id: 1196284, job_id: 41, file: /nvme/jinghuan/node_40002/db/000186.sst, reason: 13, is_write_slowdown: no, is_write_stall: no, largest seqno: 2957843, smallest seqno: 2855684
I20230630 02:45:35.338070 1196281 event_listener.cc:138] [event_listener/table_file_created] column family: default, file path: /nvme/jinghuan/node_40002/db/000181.sst, file size: 136414695, job id: 39, reason: compaction, status: OK
I20230630 02:45:36.241940 1196281 event_listener.cc:138] [event_listener/table_file_created] column family: default, file path: /nvme/jinghuan/node_40002/db/000187.sst, file size: 37785011, job id: 39, reason: compaction, status: OK
I20230630 02:45:36.261073 1196281 event_listener.cc:71] [event_listener/compaction_completed] column family: default, compaction reason: 2, output compression type: no, base input level(files): 1(4), output level(files): 2(3), input bytes: 331401629, output bytes:310590966, is_manual_compaction:no, elapsed(micro): 10999616
I20230630 02:45:36.262928 1196281 event_listener.cc:127] [event_listener/table_file_deleted] db: /nvme/jinghuan/node_40002/db, sst file: /nvme/jinghuan/node_40002/db/000177.sst, status: OK
I20230630 02:45:36.276530 1196281 event_listener.cc:127] [event_listener/table_file_deleted] db: /nvme/jinghuan/node_40002/db, sst file: /nvme/jinghuan/node_40002/db/000176.sst, status: OK
I20230630 02:45:36.280328 1196281 event_listener.cc:127] [event_listener/table_file_deleted] db: /nvme/jinghuan/node_40002/db, sst file: /nvme/jinghuan/node_40002/db/000170.sst, status: OK
I20230630 02:45:36.291559 1196281 event_listener.cc:127] [event_listener/table_file_deleted] db: /nvme/jinghuan/node_40002/db, sst file: /nvme/jinghuan/node_40002/db/000143.sst, status: OK
I20230630 02:45:39.439023 1196281 event_listener.cc:138] [event_listener/table_file_created] column family: default, file path: /nvme/jinghuan/node_40002/db/000188.sst, file size: 136308278, job id: 42, reason: compaction, status: OK
I20230630 02:45:42.639334 1196281 event_listener.cc:138] [event_listener/table_file_created] column family: default, file path: /nvme/jinghuan/node_40002/db/000190.sst, file size: 136393578, job id: 42, reason: compaction, status: OK
I20230630 02:45:45.076025 1196283 event_listener.cc:84] [event_listener/flush_begin] column family: default, thread_id: 1196283, job_id: 43, reason: 6
I20230630 02:45:46.940289 1196281 event_listener.cc:138] [event_listener/table_file_created] column family: default, file path: /nvme/jinghuan/node_40002/db/000191.sst, file size: 136405802, job id: 42, reason: compaction, status: OK
I20230630 02:45:47.844182 1196283 event_listener.cc:138] [event_listener/table_file_created] column family: default, file path: /nvme/jinghuan/node_40002/db/000193.sst, file size: 80588396, job id: 43, reason: flush, status: OK
I20230630 02:45:47.862437 1196283 event_listener.cc:91] [event_listener/flush_completed] column family: default, thread_id: 1196283, job_id: 43, file: /nvme/jinghuan/node_40002/db/000193.sst, reason: 6, is_write_slowdown: no, is_write_stall: no, largest seqno: 3113888, smallest seqno: 2957845
I20230630 02:45:49.548367 1196281 event_listener.cc:138] [event_listener/table_file_created] column family: default, file path: /nvme/jinghuan/node_40002/db/000194.sst, file size: 87657725, job id: 42, reason: compaction, status: OK
I20230630 02:45:49.570935 1196281 event_listener.cc:71] [event_listener/compaction_completed] column family: default, compaction reason: 2, output compression type: no, base input level(files): 1(4), output level(files): 2(4), input bytes: 518002499, output bytes:496765383, is_manual_compaction:no, elapsed(micro): 13256770
I20230630 02:45:49.586311 1196281 event_listener.cc:127] [event_listener/table_file_deleted] db: /nvme/jinghuan/node_40002/db, sst file: /nvme/jinghuan/node_40002/db/000180.sst, status: OK
I20230630 02:45:49.598233 1196281 event_listener.cc:127] [event_listener/table_file_deleted] db: /nvme/jinghuan/node_40002/db, sst file: /nvme/jinghuan/node_40002/db/000174.sst, status: OK
I20230630 02:45:49.606724 1196281 event_listener.cc:127] [event_listener/table_file_deleted] db: /nvme/jinghuan/node_40002/db, sst file: /nvme/jinghuan/node_40002/db/000168.sst, status: OK
I20230630 02:45:49.617143 1196281 event_listener.cc:127] [event_listener/table_file_deleted] db: /nvme/jinghuan/node_40002/db, sst file: /nvme/jinghuan/node_40002/db/000165.sst, status: OK
I20230630 02:45:50.484364 1196281 event_listener.cc:138] [event_listener/table_file_created] column family: metadata, file path: /nvme/jinghuan/node_40002/db/000195.sst, file size: 40230977, job id: 44, reason: compaction, status: OK
I20230630 02:45:50.502409 1196281 event_listener.cc:71] [event_listener/compaction_completed] column family: metadata, compaction reason: 1, output compression type: no, base input level(files): 0(4), output level(files): 1(1), input bytes: 58449925, output bytes:40230977, is_manual_compaction:no, elapsed(micro): 867173
I20230630 02:45:50.505702 1196281 event_listener.cc:127] [event_listener/table_file_deleted] db: /nvme/jinghuan/node_40002/db, sst file: /nvme/jinghuan/node_40002/db/000184.sst, status: OK
I20230630 02:45:50.508742 1196281 event_listener.cc:127] [event_listener/table_file_deleted] db: /nvme/jinghuan/node_40002/db, sst file: /nvme/jinghuan/node_40002/db/000156.sst, status: OK
