Log file created at: 2023/07/06 09:09:56
Running on machine: en4217754l
Running duration (h:mm:ss): 0:00:00
Log line format: [IWEF]yyyymmdd hh:mm:ss.uuuuuu threadid file:line] msg
I20230706 09:09:56.692170 2951830 main.cc:328] kvrocks unstable (commit 4a10c89)
I20230706 09:09:57.092339 2951830 storage.cc:322] [storage] Success to load the data from disk: 76 ms
I20230706 09:09:57.093037 2951830 worker.cc:72] [worker] Listening on: 10.218.109.65:40001
I20230706 09:09:57.093071 2951830 worker.cc:72] [worker] Listening on: 127.0.0.1:40001
I20230706 09:09:57.093348 2951830 worker.cc:72] [worker] Listening on: 10.218.109.65:40001
I20230706 09:09:57.093375 2951830 worker.cc:72] [worker] Listening on: 127.0.0.1:40001
I20230706 09:09:57.093580 2951830 worker.cc:72] [worker] Listening on: 10.218.109.65:40001
I20230706 09:09:57.093605 2951830 worker.cc:72] [worker] Listening on: 127.0.0.1:40001
I20230706 09:09:57.093789 2951830 worker.cc:72] [worker] Listening on: 10.218.109.65:40001
I20230706 09:09:57.093811 2951830 worker.cc:72] [worker] Listening on: 127.0.0.1:40001
I20230706 09:09:57.093986 2951830 worker.cc:72] [worker] Listening on: 10.218.109.65:40001
I20230706 09:09:57.094008 2951830 worker.cc:72] [worker] Listening on: 127.0.0.1:40001
I20230706 09:09:57.094182 2951830 worker.cc:72] [worker] Listening on: 10.218.109.65:40001
I20230706 09:09:57.094205 2951830 worker.cc:72] [worker] Listening on: 127.0.0.1:40001
I20230706 09:09:57.094373 2951830 worker.cc:72] [worker] Listening on: 10.218.109.65:40001
I20230706 09:09:57.094395 2951830 worker.cc:72] [worker] Listening on: 127.0.0.1:40001
I20230706 09:09:57.094586 2951830 worker.cc:72] [worker] Listening on: 10.218.109.65:40001
I20230706 09:09:57.094609 2951830 worker.cc:72] [worker] Listening on: 127.0.0.1:40001
W20230706 09:09:57.094756 2951830 server.cc:1650] [server] Increased maximum number of open files to 14224 (it's originally set to 1024)
I20230706 09:09:57.095016 2951830 cluster.cc:643] The cluster nodes file /nvme/jinghuan/node_40001/nodes.conf is not found. Use CLUSTERX subcommands to specify it.
I20230706 09:09:57.095043 2951830 cluster.cc:643] The cluster nodes file /nvme/jinghuan/node_40001/nodes.conf is not found. Use CLUSTERX subcommands to specify it.
I20230706 09:09:57.098351 2951830 worker.cc:519] [worker] Thread #139844068013824 started
I20230706 09:09:57.098392 2951830 worker.cc:519] [worker] Thread #139844076406528 started
I20230706 09:09:57.098444 2951830 worker.cc:519] [worker] Thread #139844500858624 started
I20230706 09:09:57.098502 2951830 worker.cc:519] [worker] Thread #139844492465920 started
I20230706 09:09:57.098548 2951830 worker.cc:519] [worker] Thread #139844484073216 started
I20230706 09:09:57.098598 2951830 worker.cc:519] [worker] Thread #139844135155456 started
I20230706 09:09:57.098645 2951830 worker.cc:519] [worker] Thread #139844126762752 started
I20230706 09:09:57.098691 2951830 worker.cc:519] [worker] Thread #139844118370048 started
I20230706 09:09:57.098860 2951830 server.cc:211] [server] Ready to accept connections
I20230706 09:09:57.726863 2952072 cluster.cc:286] MASTER MODE enabled by cluster topology setting
I20230706 09:10:00.199328 2951845 event_listener.cc:84] [event_listener/flush_begin] column family: default, thread_id: 2951845, job_id: 3, reason: 6
I20230706 09:10:00.664327 2951845 event_listener.cc:138] [event_listener/table_file_created] column family: default, file path: /nvme/jinghuan/node_40001/db/000016.sst, file size: 83003495, job id: 3, reason: flush, status: OK
I20230706 09:10:00.678706 2951845 event_listener.cc:91] [event_listener/flush_completed] column family: default, thread_id: 2951845, job_id: 3, file: /nvme/jinghuan/node_40001/db/000016.sst, reason: 6, is_write_slowdown: no, is_write_stall: no, largest seqno: 716132, smallest seqno: 1
I20230706 09:10:01.401806 2951843 event_listener.cc:138] [event_listener/table_file_created] column family: default, file path: /nvme/jinghuan/node_40001/db/000017.sst, file size: 83003491, job id: 4, reason: compaction, status: OK
I20230706 09:10:01.414638 2951843 event_listener.cc:71] [event_listener/compaction_completed] column family: default, compaction reason: 11, output compression type: no, base input level(files): 0(1), output level(files): 0(1), input bytes: 83003495, output bytes:83003491, is_manual_compaction:no, elapsed(micro): 723116
I20230706 09:10:01.424266 2951843 event_listener.cc:127] [event_listener/table_file_deleted] db: /nvme/jinghuan/node_40001/db, sst file: /nvme/jinghuan/node_40001/db/000016.sst, status: OK
I20230706 09:10:02.450172 2951846 event_listener.cc:84] [event_listener/flush_begin] column family: default, thread_id: 2951846, job_id: 5, reason: 6
I20230706 09:10:02.858502 2951846 event_listener.cc:138] [event_listener/table_file_created] column family: default, file path: /nvme/jinghuan/node_40001/db/000020.sst, file size: 75501276, job id: 5, reason: flush, status: OK
I20230706 09:10:02.868372 2951846 event_listener.cc:91] [event_listener/flush_completed] column family: default, thread_id: 2951846, job_id: 5, file: /nvme/jinghuan/node_40001/db/000020.sst, reason: 6, is_write_slowdown: no, is_write_stall: no, largest seqno: 1367519, smallest seqno: 716134
I20230706 09:10:04.618240 2951845 event_listener.cc:84] [event_listener/flush_begin] column family: default, thread_id: 2951845, job_id: 6, reason: 6
I20230706 09:10:05.027962 2951845 event_listener.cc:138] [event_listener/table_file_created] column family: default, file path: /nvme/jinghuan/node_40001/db/000023.sst, file size: 75104913, job id: 6, reason: flush, status: OK
I20230706 09:10:05.043504 2951845 event_listener.cc:91] [event_listener/flush_completed] column family: default, thread_id: 2951845, job_id: 6, file: /nvme/jinghuan/node_40001/db/000023.sst, reason: 6, is_write_slowdown: no, is_write_stall: no, largest seqno: 2015430, smallest seqno: 1367521
I20230706 09:10:07.029789 2951846 event_listener.cc:84] [event_listener/flush_begin] column family: default, thread_id: 2951846, job_id: 7, reason: 6
W20230706 09:10:08.220150 2952071 event_listener.cc:132] [event_listener/stall_cond_changed] column family: default write stall condition was changed, from normal to delay
I20230706 09:10:08.795997 2951845 event_listener.cc:84] [event_listener/flush_begin] column family: metadata, thread_id: 2951845, job_id: 8, reason: 13
I20230706 09:10:09.388051 2951846 event_listener.cc:138] [event_listener/table_file_created] column family: default, file path: /nvme/jinghuan/node_40001/db/000026.sst, file size: 76001532, job id: 7, reason: flush, status: OK
I20230706 09:10:09.394438 2951846 event_listener.cc:91] [event_listener/flush_completed] column family: default, thread_id: 2951846, job_id: 7, file: /nvme/jinghuan/node_40001/db/000026.sst, reason: 6, is_write_slowdown: no, is_write_stall: no, largest seqno: 2671107, smallest seqno: 2015432
W20230706 09:10:09.394488 2951846 event_listener.cc:132] [event_listener/stall_cond_changed] column family: default write stall condition was changed, from delay to normal
I20230706 09:10:09.482882 2951846 event_listener.cc:84] [event_listener/flush_begin] column family: default, thread_id: 2951846, job_id: 10, reason: 6
I20230706 09:10:10.481068 2951845 event_listener.cc:138] [event_listener/table_file_created] column family: metadata, file path: /nvme/jinghuan/node_40001/db/000029.sst, file size: 19243637, job id: 8, reason: flush, status: OK
I20230706 09:10:10.487429 2951845 event_listener.cc:91] [event_listener/flush_completed] column family: metadata, thread_id: 2951845, job_id: 8, file: /nvme/jinghuan/node_40001/db/000029.sst, reason: 13, is_write_slowdown: no, is_write_stall: no, largest seqno: 3147551, smallest seqno: 11
W20230706 09:10:10.664660 2952071 event_listener.cc:132] [event_listener/stall_cond_changed] column family: default write stall condition was changed, from normal to delay
I20230706 09:10:11.980104 2951845 event_listener.cc:84] [event_listener/flush_begin] column family: default, thread_id: 2951845, job_id: 12, reason: 6
I20230706 09:10:12.587610 2951843 event_listener.cc:138] [event_listener/table_file_created] column family: metadata, file path: /nvme/jinghuan/node_40001/db/000034.sst, file size: 19243633, job id: 11, reason: compaction, status: OK
I20230706 09:10:12.597429 2951843 event_listener.cc:71] [event_listener/compaction_completed] column family: metadata, compaction reason: 11, output compression type: no, base input level(files): 0(1), output level(files): 0(1), input bytes: 19243637, output bytes:19243633, is_manual_compaction:no, elapsed(micro): 1922893
I20230706 09:10:12.600340 2951843 event_listener.cc:127] [event_listener/table_file_deleted] db: /nvme/jinghuan/node_40001/db, sst file: /nvme/jinghuan/node_40001/db/000029.sst, status: OK
I20230706 09:10:17.499557 2951846 event_listener.cc:138] [event_listener/table_file_created] column family: default, file path: /nvme/jinghuan/node_40001/db/000032.sst, file size: 77154782, job id: 10, reason: flush, status: OK
I20230706 09:10:17.515594 2951846 event_listener.cc:91] [event_listener/flush_completed] column family: default, thread_id: 2951846, job_id: 10, file: /nvme/jinghuan/node_40001/db/000032.sst, reason: 6, is_write_slowdown: no, is_write_stall: no, largest seqno: 3336739, smallest seqno: 2671109
W20230706 09:10:17.515877 2951846 event_listener.cc:132] [event_listener/stall_cond_changed] column family: default write stall condition was changed, from stop to normal
W20230706 09:10:17.516461 2952071 event_listener.cc:132] [event_listener/stall_cond_changed] column family: default write stall condition was changed, from delay to stop
W20230706 09:10:18.793658 2952070 event_listener.cc:132] [event_listener/stall_cond_changed] column family: default write stall condition was changed, from normal to delay
I20230706 09:10:18.995262 2951845 event_listener.cc:138] [event_listener/table_file_created] column family: default, file path: /nvme/jinghuan/node_40001/db/000036.sst, file size: 76626436, job id: 12, reason: flush, status: OK
I20230706 09:10:19.007879 2951845 event_listener.cc:91] [event_listener/flush_completed] column family: default, thread_id: 2951845, job_id: 12, file: /nvme/jinghuan/node_40001/db/000036.sst, reason: 6, is_write_slowdown: no, is_write_stall: no, largest seqno: 3997828, smallest seqno: 3336741
W20230706 09:10:19.007993 2951845 event_listener.cc:132] [event_listener/stall_cond_changed] column family: default write stall condition was changed, from delay to normal
I20230706 09:10:20.025935 2951846 event_listener.cc:84] [event_listener/flush_begin] column family: default, thread_id: 2951846, job_id: 13, reason: 6
W20230706 09:10:21.118907 2952073 event_listener.cc:132] [event_listener/stall_cond_changed] column family: default write stall condition was changed, from normal to delay
I20230706 09:10:22.339253 2951845 event_listener.cc:84] [event_listener/flush_begin] column family: default, thread_id: 2951845, job_id: 14, reason: 6
I20230706 09:10:24.495525 2951844 event_listener.cc:138] [event_listener/table_file_created] column family: default, file path: /nvme/jinghuan/node_40001/db/000030.sst, file size: 138728162, job id: 9, reason: compaction, status: OK
I20230706 09:10:27.501638 2951846 event_listener.cc:138] [event_listener/table_file_created] column family: default, file path: /nvme/jinghuan/node_40001/db/000039.sst, file size: 80128421, job id: 13, reason: flush, status: OK
I20230706 09:10:27.514156 2951846 event_listener.cc:91] [event_listener/flush_completed] column family: default, thread_id: 2951846, job_id: 13, file: /nvme/jinghuan/node_40001/db/000039.sst, reason: 6, is_write_slowdown: no, is_write_stall: no, largest seqno: 4689167, smallest seqno: 3997830
W20230706 09:10:27.514225 2951846 event_listener.cc:132] [event_listener/stall_cond_changed] column family: default write stall condition was changed, from stop to normal
W20230706 09:10:27.514840 2952073 event_listener.cc:132] [event_listener/stall_cond_changed] column family: default write stall condition was changed, from delay to stop
E20230706 09:10:27.515797 2952072 redis_connection.cc:103] [connection] Going to remove the client: , while encounter error: Broken pipe
I20230706 09:10:28.701977 2951845 event_listener.cc:138] [event_listener/table_file_created] column family: default, file path: /nvme/jinghuan/node_40001/db/000042.sst, file size: 76346469, job id: 14, reason: flush, status: OK
I20230706 09:10:28.713371 2951845 event_listener.cc:91] [event_listener/flush_completed] column family: default, thread_id: 2951845, job_id: 14, file: /nvme/jinghuan/node_40001/db/000042.sst, reason: 6, is_write_slowdown: no, is_write_stall: no, largest seqno: 5347836, smallest seqno: 4689169
I20230706 09:10:30.119108 2951846 event_listener.cc:84] [event_listener/flush_begin] column family: default, thread_id: 2951846, job_id: 16, reason: 6
I20230706 09:10:30.832819 2951845 event_listener.cc:84] [event_listener/flush_begin] column family: metadata, thread_id: 2951845, job_id: 17, reason: 13
W20230706 09:10:31.362620 2952070 event_listener.cc:132] [event_listener/stall_cond_changed] column family: default write stall condition was changed, from normal to delay
I20230706 09:10:33.102847 2951845 event_listener.cc:138] [event_listener/table_file_created] column family: metadata, file path: /nvme/jinghuan/node_40001/db/000049.sst, file size: 19238244, job id: 17, reason: flush, status: OK
I20230706 09:10:33.111250 2951845 event_listener.cc:91] [event_listener/flush_completed] column family: metadata, thread_id: 2951845, job_id: 17, file: /nvme/jinghuan/node_40001/db/000049.sst, reason: 13, is_write_slowdown: no, is_write_stall: no, largest seqno: 6295113, smallest seqno: 3147562
I20230706 09:10:33.158896 2951845 event_listener.cc:84] [event_listener/flush_begin] column family: default, thread_id: 2951845, job_id: 18, reason: 6
I20230706 09:10:37.204434 2951844 event_listener.cc:138] [event_listener/table_file_created] column family: default, file path: /nvme/jinghuan/node_40001/db/000043.sst, file size: 138700361, job id: 9, reason: compaction, status: OK
I20230706 09:10:40.308069 2951844 event_listener.cc:138] [event_listener/table_file_created] column family: default, file path: /nvme/jinghuan/node_40001/db/000053.sst, file size: 32038783, job id: 9, reason: compaction, status: OK
I20230706 09:10:40.329735 2951844 event_listener.cc:71] [event_listener/compaction_completed] column family: default, compaction reason: 1, output compression type: no, base input level(files): 0(4), output level(files): 1(3), input bytes: 309611212, output bytes:309467306, is_manual_compaction:no, elapsed(micro): 30913483
I20230706 09:10:40.343045 2951844 event_listener.cc:71] [event_listener/compaction_completed] column family: default, compaction reason: 2, output compression type: no, base input level(files): 1(1), output level(files): 2(1), input bytes: 0, output bytes:0, is_manual_compaction:no, elapsed(micro): 0
I20230706 09:10:41.211350 2951845 event_listener.cc:138] [event_listener/table_file_created] column family: default, file path: /nvme/jinghuan/node_40001/db/000052.sst, file size: 85057563, job id: 18, reason: flush, status: OK
I20230706 09:10:41.809455 2951846 event_listener.cc:138] [event_listener/table_file_created] column family: default, file path: /nvme/jinghuan/node_40001/db/000047.sst, file size: 84982966, job id: 16, reason: flush, status: OK
I20230706 09:10:41.824889 2951846 event_listener.cc:91] [event_listener/flush_completed] column family: default, thread_id: 2951846, job_id: 16, file: /nvme/jinghuan/node_40001/db/000047.sst, reason: 6, is_write_slowdown: no, is_write_stall: no, largest seqno: 6081030, smallest seqno: 5347838
I20230706 09:10:41.824931 2951846 event_listener.cc:91] [event_listener/flush_completed] column family: default, thread_id: 2951845, job_id: 18, file: /nvme/jinghuan/node_40001/db/000052.sst, reason: 6, is_write_slowdown: no, is_write_stall: no, largest seqno: 6814851, smallest seqno: 6081032
W20230706 09:10:41.825294 2951846 event_listener.cc:132] [event_listener/stall_cond_changed] column family: default write stall condition was changed, from stop to normal
W20230706 09:10:41.825568 2952070 event_listener.cc:132] [event_listener/stall_cond_changed] column family: default write stall condition was changed, from delay to stop
I20230706 09:10:44.349771 2951845 event_listener.cc:84] [event_listener/flush_begin] column family: default, thread_id: 2951845, job_id: 20, reason: 6
W20230706 09:10:45.513669 2952069 event_listener.cc:132] [event_listener/stall_cond_changed] column family: default write stall condition was changed, from normal to delay
I20230706 09:10:46.825973 2951846 event_listener.cc:84] [event_listener/flush_begin] column family: default, thread_id: 2951846, job_id: 21, reason: 6
I20230706 09:10:49.809391 2951845 event_listener.cc:138] [event_listener/table_file_created] column family: default, file path: /nvme/jinghuan/node_40001/db/000056.sst, file size: 80261016, job id: 20, reason: flush, status: OK
I20230706 09:10:49.815884 2951845 event_listener.cc:91] [event_listener/flush_completed] column family: default, thread_id: 2951845, job_id: 20, file: /nvme/jinghuan/node_40001/db/000056.sst, reason: 6, is_write_slowdown: no, is_write_stall: no, largest seqno: 7507301, smallest seqno: 6814853
W20230706 09:10:49.816026 2951845 event_listener.cc:132] [event_listener/stall_cond_changed] column family: default write stall condition was changed, from stop to normal
W20230706 09:10:49.816764 2952072 event_listener.cc:132] [event_listener/stall_cond_changed] column family: default write stall condition was changed, from delay to stop
W20230706 09:10:51.221257 2952074 event_listener.cc:132] [event_listener/stall_cond_changed] column family: default write stall condition was changed, from normal to delay
I20230706 09:10:52.220124 2951846 event_listener.cc:138] [event_listener/table_file_created] column family: default, file path: /nvme/jinghuan/node_40001/db/000059.sst, file size: 80075643, job id: 21, reason: flush, status: OK
I20230706 09:10:52.235571 2951846 event_listener.cc:91] [event_listener/flush_completed] column family: default, thread_id: 2951846, job_id: 21, file: /nvme/jinghuan/node_40001/db/000059.sst, reason: 6, is_write_slowdown: no, is_write_stall: no, largest seqno: 8198156, smallest seqno: 7507303
W20230706 09:10:52.235622 2951846 event_listener.cc:132] [event_listener/stall_cond_changed] column family: default write stall condition was changed, from delay to normal
I20230706 09:10:52.687503 2951845 event_listener.cc:84] [event_listener/flush_begin] column family: default, thread_id: 2951845, job_id: 23, reason: 6
W20230706 09:10:54.049018 2952074 event_listener.cc:132] [event_listener/stall_cond_changed] column family: default write stall condition was changed, from normal to delay
I20230706 09:10:54.781211 2951846 event_listener.cc:84] [event_listener/flush_begin] column family: metadata, thread_id: 2951846, job_id: 24, reason: 13
I20230706 09:10:56.618021 2951846 event_listener.cc:138] [event_listener/table_file_created] column family: metadata, file path: /nvme/jinghuan/node_40001/db/000066.sst, file size: 19218872, job id: 24, reason: flush, status: OK
I20230706 09:10:56.626400 2951846 event_listener.cc:91] [event_listener/flush_completed] column family: metadata, thread_id: 2951846, job_id: 24, file: /nvme/jinghuan/node_40001/db/000066.sst, reason: 13, is_write_slowdown: no, is_write_stall: no, largest seqno: 9442631, smallest seqno: 6295124
I20230706 09:10:56.643118 2951846 event_listener.cc:84] [event_listener/flush_begin] column family: default, thread_id: 2951846, job_id: 25, reason: 6
I20230706 09:11:01.117197 2951845 event_listener.cc:138] [event_listener/table_file_created] column family: default, file path: /nvme/jinghuan/node_40001/db/000063.sst, file size: 82882928, job id: 23, reason: flush, status: OK
I20230706 09:11:01.123553 2951845 event_listener.cc:91] [event_listener/flush_completed] column family: default, thread_id: 2951845, job_id: 23, file: /nvme/jinghuan/node_40001/db/000063.sst, reason: 6, is_write_slowdown: no, is_write_stall: no, largest seqno: 8913233, smallest seqno: 8198158
W20230706 09:11:01.123764 2951845 event_listener.cc:132] [event_listener/stall_cond_changed] column family: default write stall condition was changed, from stop to normal
W20230706 09:11:01.123929 2952074 event_listener.cc:132] [event_listener/stall_cond_changed] column family: default write stall condition was changed, from delay to stop
I20230706 09:11:01.411630 2951843 event_listener.cc:138] [event_listener/table_file_created] column family: default, file path: /nvme/jinghuan/node_40001/db/000044.sst, file size: 310141802, job id: 15, reason: compaction, status: OK
I20230706 09:11:01.431525 2951843 event_listener.cc:71] [event_listener/compaction_completed] column family: default, compaction reason: 1, output compression type: no, base input level(files): 0(4), output level(files): 0(1), input bytes: 310256108, output bytes:310141802, is_manual_compaction:no, elapsed(micro): 32698224
I20230706 09:11:01.436746 2951843 event_listener.cc:127] [event_listener/table_file_deleted] db: /nvme/jinghuan/node_40001/db, sst file: /nvme/jinghuan/node_40001/db/000026.sst, status: OK
I20230706 09:11:01.443909 2951843 event_listener.cc:127] [event_listener/table_file_deleted] db: /nvme/jinghuan/node_40001/db, sst file: /nvme/jinghuan/node_40001/db/000023.sst, status: OK
I20230706 09:11:01.449577 2951843 event_listener.cc:127] [event_listener/table_file_deleted] db: /nvme/jinghuan/node_40001/db, sst file: /nvme/jinghuan/node_40001/db/000020.sst, status: OK
I20230706 09:11:01.457368 2951843 event_listener.cc:127] [event_listener/table_file_deleted] db: /nvme/jinghuan/node_40001/db, sst file: /nvme/jinghuan/node_40001/db/000017.sst, status: OK
W20230706 09:11:02.543692 2952068 event_listener.cc:132] [event_listener/stall_cond_changed] column family: default write stall condition was changed, from normal to delay
I20230706 09:11:02.825659 2951846 event_listener.cc:138] [event_listener/table_file_created] column family: default, file path: /nvme/jinghuan/node_40001/db/000068.sst, file size: 83045685, job id: 25, reason: flush, status: OK
I20230706 09:11:02.839823 2951846 event_listener.cc:91] [event_listener/flush_completed] column family: default, thread_id: 2951846, job_id: 25, file: /nvme/jinghuan/node_40001/db/000068.sst, reason: 6, is_write_slowdown: no, is_write_stall: no, largest seqno: 9629696, smallest seqno: 8913235
W20230706 09:11:02.839993 2951846 event_listener.cc:132] [event_listener/stall_cond_changed] column family: default write stall condition was changed, from delay to normal
I20230706 09:11:04.030720 2951845 event_listener.cc:84] [event_listener/flush_begin] column family: default, thread_id: 2951845, job_id: 27, reason: 6
W20230706 09:11:05.403044 2952068 event_listener.cc:132] [event_listener/stall_cond_changed] column family: default write stall condition was changed, from normal to delay
I20230706 09:11:06.888676 2951846 event_listener.cc:84] [event_listener/flush_begin] column family: default, thread_id: 2951846, job_id: 30, reason: 6
I20230706 09:11:08.926561 2951845 event_listener.cc:138] [event_listener/table_file_created] column family: default, file path: /nvme/jinghuan/node_40001/db/000071.sst, file size: 84888360, job id: 27, reason: flush, status: OK
I20230706 09:11:08.938624 2951845 event_listener.cc:91] [event_listener/flush_completed] column family: default, thread_id: 2951845, job_id: 27, file: /nvme/jinghuan/node_40001/db/000071.sst, reason: 6, is_write_slowdown: no, is_write_stall: no, largest seqno: 10362109, smallest seqno: 9629698
W20230706 09:11:08.938689 2951845 event_listener.cc:132] [event_listener/stall_cond_changed] column family: default write stall condition was changed, from stop to normal
W20230706 09:11:08.938935 2952068 event_listener.cc:132] [event_listener/stall_cond_changed] column family: default write stall condition was changed, from delay to stop
W20230706 09:11:10.169554 2952069 event_listener.cc:132] [event_listener/stall_cond_changed] column family: default write stall condition was changed, from normal to delay
I20230706 09:11:11.331501 2951846 event_listener.cc:138] [event_listener/table_file_created] column family: default, file path: /nvme/jinghuan/node_40001/db/000074.sst, file size: 85053113, job id: 30, reason: flush, status: OK
I20230706 09:11:11.342204 2951846 event_listener.cc:91] [event_listener/flush_completed] column family: default, thread_id: 2951846, job_id: 30, file: /nvme/jinghuan/node_40001/db/000074.sst, reason: 6, is_write_slowdown: no, is_write_stall: no, largest seqno: 11095919, smallest seqno: 10362111
W20230706 09:11:11.342833 2951846 event_listener.cc:132] [event_listener/stall_cond_changed] column family: default write stall condition was changed, from delay to normal
I20230706 09:11:11.432819 2951845 event_listener.cc:84] [event_listener/flush_begin] column family: default, thread_id: 2951845, job_id: 34, reason: 6
W20230706 09:11:12.555727 2952069 event_listener.cc:132] [event_listener/stall_cond_changed] column family: default write stall condition was changed, from normal to delay
I20230706 09:11:13.866850 2951846 event_listener.cc:84] [event_listener/flush_begin] column family: default, thread_id: 2951846, job_id: 35, reason: 6
I20230706 09:11:18.637657 2951845 event_listener.cc:138] [event_listener/table_file_created] column family: default, file path: /nvme/jinghuan/node_40001/db/000078.sst, file size: 76596909, job id: 34, reason: flush, status: OK
I20230706 09:11:18.649693 2951845 event_listener.cc:91] [event_listener/flush_completed] column family: default, thread_id: 2951845, job_id: 34, file: /nvme/jinghuan/node_40001/db/000078.sst, reason: 6, is_write_slowdown: no, is_write_stall: no, largest seqno: 11756733, smallest seqno: 11095921
W20230706 09:11:18.649816 2951845 event_listener.cc:132] [event_listener/stall_cond_changed] column family: default write stall condition was changed, from stop to normal
W20230706 09:11:18.650552 2952071 event_listener.cc:132] [event_listener/stall_cond_changed] column family: default write stall condition was changed, from delay to stop
I20230706 09:11:19.254664 2951845 event_listener.cc:84] [event_listener/flush_begin] column family: metadata, thread_id: 2951845, job_id: 36, reason: 13
W20230706 09:11:20.097379 2952074 event_listener.cc:132] [event_listener/stall_cond_changed] column family: default write stall condition was changed, from normal to delay
I20230706 09:11:21.336064 2951845 event_listener.cc:138] [event_listener/table_file_created] column family: metadata, file path: /nvme/jinghuan/node_40001/db/000083.sst, file size: 19221095, job id: 36, reason: flush, status: OK
I20230706 09:11:21.343919 2951846 event_listener.cc:138] [event_listener/table_file_created] column family: default, file path: /nvme/jinghuan/node_40001/db/000081.sst, file size: 79768110, job id: 35, reason: flush, status: OK
I20230706 09:11:21.348917 2951845 event_listener.cc:91] [event_listener/flush_completed] column family: metadata, thread_id: 2951845, job_id: 36, file: /nvme/jinghuan/node_40001/db/000083.sst, reason: 13, is_write_slowdown: no, is_write_stall: no, largest seqno: 12590226, smallest seqno: 9442642
I20230706 09:11:21.355142 2951846 event_listener.cc:91] [event_listener/flush_completed] column family: default, thread_id: 2951846, job_id: 35, file: /nvme/jinghuan/node_40001/db/000081.sst, reason: 6, is_write_slowdown: no, is_write_stall: no, largest seqno: 12444970, smallest seqno: 11756735
W20230706 09:11:21.355217 2951846 event_listener.cc:132] [event_listener/stall_cond_changed] column family: default write stall condition was changed, from delay to normal
I20230706 09:11:21.444311 2951845 event_listener.cc:84] [event_listener/flush_begin] column family: default, thread_id: 2951845, job_id: 37, reason: 6
W20230706 09:11:22.693296 2952075 event_listener.cc:132] [event_listener/stall_cond_changed] column family: default write stall condition was changed, from normal to delay
I20230706 09:11:24.116812 2951846 event_listener.cc:84] [event_listener/flush_begin] column family: default, thread_id: 2951846, job_id: 38, reason: 6
I20230706 09:11:25.635845 2951844 event_listener.cc:138] [event_listener/table_file_created] column family: default, file path: /nvme/jinghuan/node_40001/db/000061.sst, file size: 330245378, job id: 22, reason: compaction, status: OK
I20230706 09:11:25.664280 2951844 event_listener.cc:71] [event_listener/compaction_completed] column family: default, compaction reason: 1, output compression type: no, base input level(files): 0(4), output level(files): 0(1), input bytes: 330377188, output bytes:330245378, is_manual_compaction:no, elapsed(micro): 33400104
I20230706 09:11:25.676414 2951844 event_listener.cc:127] [event_listener/table_file_deleted] db: /nvme/jinghuan/node_40001/db, sst file: /nvme/jinghuan/node_40001/db/000042.sst, status: OK
I20230706 09:11:25.682292 2951844 event_listener.cc:127] [event_listener/table_file_deleted] db: /nvme/jinghuan/node_40001/db, sst file: /nvme/jinghuan/node_40001/db/000039.sst, status: OK
I20230706 09:11:25.688012 2951844 event_listener.cc:127] [event_listener/table_file_deleted] db: /nvme/jinghuan/node_40001/db, sst file: /nvme/jinghuan/node_40001/db/000036.sst, status: OK
I20230706 09:11:25.693351 2951844 event_listener.cc:127] [event_listener/table_file_deleted] db: /nvme/jinghuan/node_40001/db, sst file: /nvme/jinghuan/node_40001/db/000032.sst, status: OK
I20230706 09:11:29.043764 2951845 event_listener.cc:138] [event_listener/table_file_created] column family: default, file path: /nvme/jinghuan/node_40001/db/000086.sst, file size: 84941261, job id: 37, reason: flush, status: OK
I20230706 09:11:29.059355 2951845 event_listener.cc:91] [event_listener/flush_completed] column family: default, thread_id: 2951845, job_id: 37, file: /nvme/jinghuan/node_40001/db/000086.sst, reason: 6, is_write_slowdown: no, is_write_stall: no, largest seqno: 13177845, smallest seqno: 12444972
W20230706 09:11:29.059643 2951845 event_listener.cc:132] [event_listener/stall_cond_changed] column family: default write stall condition was changed, from stop to normal
W20230706 09:11:29.059867 2952075 event_listener.cc:132] [event_listener/stall_cond_changed] column family: default write stall condition was changed, from delay to stop
W20230706 09:11:30.289623 2952075 event_listener.cc:132] [event_listener/stall_cond_changed] column family: default write stall condition was changed, from normal to delay
I20230706 09:11:30.944669 2951846 event_listener.cc:138] [event_listener/table_file_created] column family: default, file path: /nvme/jinghuan/node_40001/db/000089.sst, file size: 85041661, job id: 38, reason: flush, status: OK
I20230706 09:11:30.960600 2951846 event_listener.cc:91] [event_listener/flush_completed] column family: default, thread_id: 2951846, job_id: 38, file: /nvme/jinghuan/node_40001/db/000089.sst, reason: 6, is_write_slowdown: no, is_write_stall: no, largest seqno: 13911545, smallest seqno: 13177847
W20230706 09:11:30.960690 2951846 event_listener.cc:132] [event_listener/stall_cond_changed] column family: default write stall condition was changed, from delay to normal
I20230706 09:11:31.639664 2951845 event_listener.cc:84] [event_listener/flush_begin] column family: default, thread_id: 2951845, job_id: 41, reason: 6
I20230706 09:11:32.335886 2951844 event_listener.cc:138] [event_listener/table_file_created] column family: metadata, file path: /nvme/jinghuan/node_40001/db/000090.sst, file size: 76273753, job id: 40, reason: compaction, status: OK
I20230706 09:11:32.358559 2951844 event_listener.cc:71] [event_listener/compaction_completed] column family: metadata, compaction reason: 1, output compression type: no, base input level(files): 0(4), output level(files): 1(1), input bytes: 76921844, output bytes:76273753, is_manual_compaction:no, elapsed(micro): 6642553
I20230706 09:11:32.362722 2951844 event_listener.cc:127] [event_listener/table_file_deleted] db: /nvme/jinghuan/node_40001/db, sst file: /nvme/jinghuan/node_40001/db/000066.sst, status: OK
I20230706 09:11:32.364845 2951844 event_listener.cc:127] [event_listener/table_file_deleted] db: /nvme/jinghuan/node_40001/db, sst file: /nvme/jinghuan/node_40001/db/000049.sst, status: OK
I20230706 09:11:32.366649 2951844 event_listener.cc:127] [event_listener/table_file_deleted] db: /nvme/jinghuan/node_40001/db, sst file: /nvme/jinghuan/node_40001/db/000034.sst, status: OK
W20230706 09:11:32.879168 2952070 event_listener.cc:132] [event_listener/stall_cond_changed] column family: default write stall condition was changed, from normal to delay
I20230706 09:11:34.272095 2951846 event_listener.cc:84] [event_listener/flush_begin] column family: default, thread_id: 2951846, job_id: 43, reason: 6
I20230706 09:11:38.348278 2951845 event_listener.cc:138] [event_listener/table_file_created] column family: default, file path: /nvme/jinghuan/node_40001/db/000093.sst, file size: 84917946, job id: 41, reason: flush, status: OK
I20230706 09:11:38.365545 2951845 event_listener.cc:91] [event_listener/flush_completed] column family: default, thread_id: 2951845, job_id: 41, file: /nvme/jinghuan/node_40001/db/000093.sst, reason: 6, is_write_slowdown: no, is_write_stall: no, largest seqno: 14644167, smallest seqno: 13911547
W20230706 09:11:38.365662 2951845 event_listener.cc:132] [event_listener/stall_cond_changed] column family: default write stall condition was changed, from stop to normal
W20230706 09:11:38.366286 2952070 event_listener.cc:132] [event_listener/stall_cond_changed] column family: default write stall condition was changed, from delay to stop
I20230706 09:11:39.676052 2951845 event_listener.cc:84] [event_listener/flush_begin] column family: metadata, thread_id: 2951845, job_id: 44, reason: 13
W20230706 09:11:39.677920 2952075 event_listener.cc:132] [event_listener/stall_cond_changed] column family: default write stall condition was changed, from normal to delay
I20230706 09:11:41.249509 2951846 event_listener.cc:138] [event_listener/table_file_created] column family: default, file path: /nvme/jinghuan/node_40001/db/000097.sst, file size: 85044038, job id: 43, reason: flush, status: OK
I20230706 09:11:41.264988 2951846 event_listener.cc:91] [event_listener/flush_completed] column family: default, thread_id: 2951846, job_id: 43, file: /nvme/jinghuan/node_40001/db/000097.sst, reason: 6, is_write_slowdown: no, is_write_stall: no, largest seqno: 15377922, smallest seqno: 14644169
W20230706 09:11:41.265098 2951846 event_listener.cc:132] [event_listener/stall_cond_changed] column family: default write stall condition was changed, from stop to normal
W20230706 09:11:41.268978 2952070 event_listener.cc:132] [event_listener/stall_cond_changed] column family: default write stall condition was changed, from delay to stop
I20230706 09:11:41.311328 2951846 event_listener.cc:84] [event_listener/flush_begin] column family: default, thread_id: 2951846, job_id: 45, reason: 6
I20230706 09:11:41.552664 2951845 event_listener.cc:138] [event_listener/table_file_created] column family: metadata, file path: /nvme/jinghuan/node_40001/db/000099.sst, file size: 19250716, job id: 44, reason: flush, status: OK
I20230706 09:11:41.567376 2951845 event_listener.cc:91] [event_listener/flush_completed] column family: metadata, thread_id: 2951845, job_id: 44, file: /nvme/jinghuan/node_40001/db/000099.sst, reason: 13, is_write_slowdown: no, is_write_stall: no, largest seqno: 15737821, smallest seqno: 12590237
W20230706 09:11:42.598107 2952072 event_listener.cc:132] [event_listener/stall_cond_changed] column family: default write stall condition was changed, from normal to delay
I20230706 09:11:43.993867 2951845 event_listener.cc:84] [event_listener/flush_begin] column family: default, thread_id: 2951845, job_id: 46, reason: 6
I20230706 09:11:44.948065 2951843 event_listener.cc:138] [event_listener/table_file_created] column family: default, file path: /nvme/jinghuan/node_40001/db/000076.sst, file size: 335706808, job id: 33, reason: compaction, status: OK
I20230706 09:11:44.972757 2951843 event_listener.cc:71] [event_listener/compaction_completed] column family: default, compaction reason: 1, output compression type: no, base input level(files): 0(4), output level(files): 0(1), input bytes: 335870086, output bytes:335706808, is_manual_compaction:no, elapsed(micro): 33605256
I20230706 09:11:44.974244 2951843 event_listener.cc:127] [event_listener/table_file_deleted] db: /nvme/jinghuan/node_40001/db, sst file: /nvme/jinghuan/node_40001/db/000083.sst, status: OK
I20230706 09:11:44.979843 2951843 event_listener.cc:127] [event_listener/table_file_deleted] db: /nvme/jinghuan/node_40001/db, sst file: /nvme/jinghuan/node_40001/db/000059.sst, status: OK
I20230706 09:11:44.984905 2951843 event_listener.cc:127] [event_listener/table_file_deleted] db: /nvme/jinghuan/node_40001/db, sst file: /nvme/jinghuan/node_40001/db/000056.sst, status: OK
I20230706 09:11:44.991861 2951843 event_listener.cc:127] [event_listener/table_file_deleted] db: /nvme/jinghuan/node_40001/db, sst file: /nvme/jinghuan/node_40001/db/000052.sst, status: OK
I20230706 09:11:44.998447 2951843 event_listener.cc:127] [event_listener/table_file_deleted] db: /nvme/jinghuan/node_40001/db, sst file: /nvme/jinghuan/node_40001/db/000047.sst, status: OK
I20230706 09:11:46.452628 2951846 event_listener.cc:138] [event_listener/table_file_created] column family: default, file path: /nvme/jinghuan/node_40001/db/000102.sst, file size: 84996301, job id: 45, reason: flush, status: OK
I20230706 09:11:46.465124 2951846 event_listener.cc:91] [event_listener/flush_completed] column family: default, thread_id: 2951846, job_id: 45, file: /nvme/jinghuan/node_40001/db/000102.sst, reason: 6, is_write_slowdown: no, is_write_stall: no, largest seqno: 16111259, smallest seqno: 15377924
W20230706 09:11:46.465230 2951846 event_listener.cc:132] [event_listener/stall_cond_changed] column family: default write stall condition was changed, from stop to normal
W20230706 09:11:46.465350 2952071 event_listener.cc:132] [event_listener/stall_cond_changed] column family: default write stall condition was changed, from delay to stop
W20230706 09:11:47.890641 2952073 event_listener.cc:132] [event_listener/stall_cond_changed] column family: default write stall condition was changed, from normal to delay
I20230706 09:11:48.350747 2951845 event_listener.cc:138] [event_listener/table_file_created] column family: default, file path: /nvme/jinghuan/node_40001/db/000105.sst, file size: 84974179, job id: 46, reason: flush, status: OK
I20230706 09:11:48.367854 2951845 event_listener.cc:91] [event_listener/flush_completed] column family: default, thread_id: 2951845, job_id: 46, file: /nvme/jinghuan/node_40001/db/000105.sst, reason: 6, is_write_slowdown: no, is_write_stall: no, largest seqno: 16844398, smallest seqno: 16111261
W20230706 09:11:48.368038 2951845 event_listener.cc:132] [event_listener/stall_cond_changed] column family: default write stall condition was changed, from delay to normal
I20230706 09:11:49.373396 2951846 event_listener.cc:84] [event_listener/flush_begin] column family: default, thread_id: 2951846, job_id: 51, reason: 6
W20230706 09:11:50.739785 2952073 event_listener.cc:132] [event_listener/stall_cond_changed] column family: default write stall condition was changed, from normal to delay
I20230706 09:11:52.207728 2951845 event_listener.cc:84] [event_listener/flush_begin] column family: default, thread_id: 2951845, job_id: 52, reason: 6
I20230706 09:11:54.357805 2951846 event_listener.cc:138] [event_listener/table_file_created] column family: default, file path: /nvme/jinghuan/node_40001/db/000109.sst, file size: 82885944, job id: 51, reason: flush, status: OK
I20230706 09:11:54.370339 2951846 event_listener.cc:91] [event_listener/flush_completed] column family: default, thread_id: 2951846, job_id: 51, file: /nvme/jinghuan/node_40001/db/000109.sst, reason: 6, is_write_slowdown: no, is_write_stall: no, largest seqno: 17559486, smallest seqno: 16844400
W20230706 09:11:54.370407 2951846 event_listener.cc:132] [event_listener/stall_cond_changed] column family: default write stall condition was changed, from stop to normal
W20230706 09:11:54.371047 2952073 event_listener.cc:132] [event_listener/stall_cond_changed] column family: default write stall condition was changed, from delay to stop
W20230706 09:11:55.516695 2952073 event_listener.cc:132] [event_listener/stall_cond_changed] column family: default write stall condition was changed, from normal to delay
I20230706 09:11:56.534890 2951846 event_listener.cc:84] [event_listener/flush_begin] column family: metadata, thread_id: 2951846, job_id: 53, reason: 13
I20230706 09:11:57.459720 2951845 event_listener.cc:138] [event_listener/table_file_created] column family: default, file path: /nvme/jinghuan/node_40001/db/000112.sst, file size: 83049062, job id: 52, reason: flush, status: OK
I20230706 09:11:57.472944 2951845 event_listener.cc:91] [event_listener/flush_completed] column family: default, thread_id: 2951845, job_id: 52, file: /nvme/jinghuan/node_40001/db/000112.sst, reason: 6, is_write_slowdown: no, is_write_stall: no, largest seqno: 18275982, smallest seqno: 17559488
W20230706 09:11:57.472988 2951845 event_listener.cc:132] [event_listener/stall_cond_changed] column family: default write stall condition was changed, from stop to normal
W20230706 09:11:57.473289 2952073 event_listener.cc:132] [event_listener/stall_cond_changed] column family: default write stall condition was changed, from delay to stop
I20230706 09:11:57.484113 2951845 event_listener.cc:84] [event_listener/flush_begin] column family: default, thread_id: 2951845, job_id: 54, reason: 6
I20230706 09:11:58.357012 2951846 event_listener.cc:138] [event_listener/table_file_created] column family: metadata, file path: /nvme/jinghuan/node_40001/db/000115.sst, file size: 19250027, job id: 53, reason: flush, status: OK
I20230706 09:11:58.366078 2951846 event_listener.cc:91] [event_listener/flush_completed] column family: metadata, thread_id: 2951846, job_id: 53, file: /nvme/jinghuan/node_40001/db/000115.sst, reason: 13, is_write_slowdown: no, is_write_stall: no, largest seqno: 18885438, smallest seqno: 15737832
W20230706 09:11:58.664145 2952073 event_listener.cc:132] [event_listener/stall_cond_changed] column family: default write stall condition was changed, from normal to delay
I20230706 09:11:59.863610 2951846 event_listener.cc:84] [event_listener/flush_begin] column family: default, thread_id: 2951846, job_id: 55, reason: 6
I20230706 09:12:01.357903 2951844 event_listener.cc:138] [event_listener/table_file_created] column family: default, file path: /nvme/jinghuan/node_40001/db/000094.sst, file size: 326232239, job id: 42, reason: compaction, status: OK
I20230706 09:12:01.384407 2951844 event_listener.cc:71] [event_listener/compaction_completed] column family: default, compaction reason: 1, output compression type: no, base input level(files): 0(4), output level(files): 0(1), input bytes: 326347941, output bytes:326232239, is_manual_compaction:no, elapsed(micro): 28991287
I20230706 09:12:01.396993 2951844 event_listener.cc:127] [event_listener/table_file_deleted] db: /nvme/jinghuan/node_40001/db, sst file: /nvme/jinghuan/node_40001/db/000074.sst, status: OK
I20230706 09:12:01.407987 2951844 event_listener.cc:127] [event_listener/table_file_deleted] db: /nvme/jinghuan/node_40001/db, sst file: /nvme/jinghuan/node_40001/db/000071.sst, status: OK
I20230706 09:12:01.418882 2951844 event_listener.cc:127] [event_listener/table_file_deleted] db: /nvme/jinghuan/node_40001/db, sst file: /nvme/jinghuan/node_40001/db/000068.sst, status: OK
I20230706 09:12:01.428905 2951844 event_listener.cc:127] [event_listener/table_file_deleted] db: /nvme/jinghuan/node_40001/db, sst file: /nvme/jinghuan/node_40001/db/000063.sst, status: OK
I20230706 09:12:02.060649 2951845 event_listener.cc:138] [event_listener/table_file_created] column family: default, file path: /nvme/jinghuan/node_40001/db/000117.sst, file size: 78058478, job id: 54, reason: flush, status: OK
I20230706 09:12:02.075881 2951845 event_listener.cc:91] [event_listener/flush_completed] column family: default, thread_id: 2951845, job_id: 54, file: /nvme/jinghuan/node_40001/db/000117.sst, reason: 6, is_write_slowdown: no, is_write_stall: no, largest seqno: 18949435, smallest seqno: 18275984
W20230706 09:12:02.075999 2951845 event_listener.cc:132] [event_listener/stall_cond_changed] column family: default write stall condition was changed, from stop to normal
W20230706 09:12:02.076354 2952073 event_listener.cc:132] [event_listener/stall_cond_changed] column family: default write stall condition was changed, from delay to stop
W20230706 09:12:03.414901 2952068 event_listener.cc:132] [event_listener/stall_cond_changed] column family: default write stall condition was changed, from normal to delay
I20230706 09:12:03.867621 2951846 event_listener.cc:138] [event_listener/table_file_created] column family: default, file path: /nvme/jinghuan/node_40001/db/000120.sst, file size: 77525355, job id: 55, reason: flush, status: OK
I20230706 09:12:03.884039 2951846 event_listener.cc:91] [event_listener/flush_completed] column family: default, thread_id: 2951846, job_id: 55, file: /nvme/jinghuan/node_40001/db/000120.sst, reason: 6, is_write_slowdown: no, is_write_stall: no, largest seqno: 19618290, smallest seqno: 18949437
W20230706 09:12:03.884213 2951846 event_listener.cc:132] [event_listener/stall_cond_changed] column family: default write stall condition was changed, from delay to normal
I20230706 09:12:04.799042 2951845 event_listener.cc:84] [event_listener/flush_begin] column family: default, thread_id: 2951845, job_id: 60, reason: 6
W20230706 09:12:06.075700 2952072 event_listener.cc:132] [event_listener/stall_cond_changed] column family: default write stall condition was changed, from normal to delay
I20230706 09:12:07.483572 2951846 event_listener.cc:84] [event_listener/flush_begin] column family: default, thread_id: 2951846, job_id: 61, reason: 6
I20230706 09:12:09.260840 2951845 event_listener.cc:138] [event_listener/table_file_created] column family: default, file path: /nvme/jinghuan/node_40001/db/000124.sst, file size: 85040207, job id: 60, reason: flush, status: OK
I20230706 09:12:09.267091 2951845 event_listener.cc:91] [event_listener/flush_completed] column family: default, thread_id: 2951845, job_id: 60, file: /nvme/jinghuan/node_40001/db/000124.sst, reason: 6, is_write_slowdown: no, is_write_stall: no, largest seqno: 20351979, smallest seqno: 19618292
W20230706 09:12:09.267140 2951845 event_listener.cc:132] [event_listener/stall_cond_changed] column family: default write stall condition was changed, from stop to normal
W20230706 09:12:09.267690 2952072 event_listener.cc:132] [event_listener/stall_cond_changed] column family: default write stall condition was changed, from delay to stop
W20230706 09:12:10.595001 2952074 event_listener.cc:132] [event_listener/stall_cond_changed] column family: default write stall condition was changed, from normal to delay
I20230706 09:12:11.990298 2951845 event_listener.cc:84] [event_listener/flush_begin] column family: default, thread_id: 2951845, job_id: 62, reason: 6
I20230706 09:12:12.162155 2951846 event_listener.cc:138] [event_listener/table_file_created] column family: default, file path: /nvme/jinghuan/node_40001/db/000127.sst, file size: 85043207, job id: 61, reason: flush, status: OK
I20230706 09:12:12.168532 2951846 event_listener.cc:91] [event_listener/flush_completed] column family: default, thread_id: 2951846, job_id: 61, file: /nvme/jinghuan/node_40001/db/000127.sst, reason: 6, is_write_slowdown: no, is_write_stall: no, largest seqno: 21085712, smallest seqno: 20351981
W20230706 09:12:12.168584 2951846 event_listener.cc:132] [event_listener/stall_cond_changed] column family: default write stall condition was changed, from stop to normal
W20230706 09:12:12.168951 2952068 event_listener.cc:132] [event_listener/stall_cond_changed] column family: default write stall condition was changed, from delay to stop
I20230706 09:12:15.194427 2951846 event_listener.cc:84] [event_listener/flush_begin] column family: metadata, thread_id: 2951846, job_id: 63, reason: 13
I20230706 09:12:15.871369 2951845 event_listener.cc:138] [event_listener/table_file_created] column family: default, file path: /nvme/jinghuan/node_40001/db/000130.sst, file size: 84912718, job id: 62, reason: flush, status: OK
I20230706 09:12:15.883924 2951845 event_listener.cc:91] [event_listener/flush_completed] column family: default, thread_id: 2951845, job_id: 62, file: /nvme/jinghuan/node_40001/db/000130.sst, reason: 6, is_write_slowdown: no, is_write_stall: no, largest seqno: 21818323, smallest seqno: 21085714
I20230706 09:12:16.367880 2951843 event_listener.cc:138] [event_listener/table_file_created] column family: default, file path: /nvme/jinghuan/node_40001/db/000107.sst, file size: 339821286, job id: 50, reason: compaction, status: OK
I20230706 09:12:16.394987 2951843 event_listener.cc:71] [event_listener/compaction_completed] column family: default, compaction reason: 1, output compression type: no, base input level(files): 0(4), output level(files): 0(1), input bytes: 339932464, output bytes:339821286, is_manual_compaction:no, elapsed(micro): 27999917
I20230706 09:12:16.403066 2951843 event_listener.cc:127] [event_listener/table_file_deleted] db: /nvme/jinghuan/node_40001/db, sst file: /nvme/jinghuan/node_40001/db/000089.sst, status: OK
