Log file created at: 2023/07/06 09:09:56
Running on machine: en4217754l
Running duration (h:mm:ss): 0:00:00
Log line format: [IWEF]yyyymmdd hh:mm:ss.uuuuuu threadid file:line] msg
I20230706 09:09:56.706209 2951841 main.cc:328] kvrocks unstable (commit 4a10c89)
I20230706 09:09:57.112563 2951841 storage.cc:322] [storage] Success to load the data from disk: 91 ms
I20230706 09:09:57.113624 2951841 worker.cc:72] [worker] Listening on: 10.218.109.65:40002
I20230706 09:09:57.113673 2951841 worker.cc:72] [worker] Listening on: 127.0.0.1:40002
I20230706 09:09:57.114089 2951841 worker.cc:72] [worker] Listening on: 10.218.109.65:40002
I20230706 09:09:57.114130 2951841 worker.cc:72] [worker] Listening on: 127.0.0.1:40002
I20230706 09:09:57.114464 2951841 worker.cc:72] [worker] Listening on: 10.218.109.65:40002
I20230706 09:09:57.114501 2951841 worker.cc:72] [worker] Listening on: 127.0.0.1:40002
I20230706 09:09:57.114805 2951841 worker.cc:72] [worker] Listening on: 10.218.109.65:40002
I20230706 09:09:57.114845 2951841 worker.cc:72] [worker] Listening on: 127.0.0.1:40002
I20230706 09:09:57.115146 2951841 worker.cc:72] [worker] Listening on: 10.218.109.65:40002
I20230706 09:09:57.115182 2951841 worker.cc:72] [worker] Listening on: 127.0.0.1:40002
I20230706 09:09:57.115465 2951841 worker.cc:72] [worker] Listening on: 10.218.109.65:40002
I20230706 09:09:57.115536 2951841 worker.cc:72] [worker] Listening on: 127.0.0.1:40002
I20230706 09:09:57.115831 2951841 worker.cc:72] [worker] Listening on: 10.218.109.65:40002
I20230706 09:09:57.115867 2951841 worker.cc:72] [worker] Listening on: 127.0.0.1:40002
I20230706 09:09:57.116147 2951841 worker.cc:72] [worker] Listening on: 10.218.109.65:40002
I20230706 09:09:57.116184 2951841 worker.cc:72] [worker] Listening on: 127.0.0.1:40002
W20230706 09:09:57.116420 2951841 server.cc:1650] [server] Increased maximum number of open files to 14224 (it's originally set to 1024)
I20230706 09:09:57.116815 2951841 cluster.cc:643] The cluster nodes file /nvme/jinghuan/node_40002/nodes.conf is not found. Use CLUSTERX subcommands to specify it.
I20230706 09:09:57.116855 2951841 cluster.cc:643] The cluster nodes file /nvme/jinghuan/node_40002/nodes.conf is not found. Use CLUSTERX subcommands to specify it.
I20230706 09:09:57.120996 2951841 worker.cc:519] [worker] Thread #140219206596352 started
I20230706 09:09:57.121028 2951841 worker.cc:519] [worker] Thread #140219290457856 started
I20230706 09:09:57.121074 2951841 worker.cc:519] [worker] Thread #140219585750784 started
I20230706 09:09:57.121112 2951841 worker.cc:519] [worker] Thread #140219577358080 started
I20230706 09:09:57.121148 2951841 worker.cc:519] [worker] Thread #140219568965376 started
I20230706 09:09:57.121186 2951841 worker.cc:519] [worker] Thread #140219560572672 started
I20230706 09:09:57.121224 2951841 worker.cc:519] [worker] Thread #140219552179968 started
I20230706 09:09:57.121261 2951841 worker.cc:519] [worker] Thread #140219340814080 started
I20230706 09:09:57.121389 2951841 server.cc:211] [server] Ready to accept connections
I20230706 09:12:33.018416 2952088 cluster.cc:286] MASTER MODE enabled by cluster topology setting
I20230706 09:12:33.022858 2952084 cluster.cc:286] MASTER MODE enabled by cluster topology setting
I20230706 09:12:33.143524 2952087 cluster.cc:387] [import] Start importing slot 0
I20230706 09:12:39.434545 2951852 event_listener.cc:84] [event_listener/flush_begin] column family: default, thread_id: 2951852, job_id: 3, reason: 6
I20230706 09:12:42.462234 2951852 event_listener.cc:138] [event_listener/table_file_created] column family: default, file path: /nvme/jinghuan/node_40002/db/000016.sst, file size: 79596268, job id: 3, reason: flush, status: OK
I20230706 09:12:42.476994 2951852 event_listener.cc:91] [event_listener/flush_completed] column family: default, thread_id: 2951852, job_id: 3, file: /nvme/jinghuan/node_40002/db/000016.sst, reason: 6, is_write_slowdown: no, is_write_stall: no, largest seqno: 737412, smallest seqno: 3
I20230706 09:12:45.459722 2951850 event_listener.cc:138] [event_listener/table_file_created] column family: default, file path: /nvme/jinghuan/node_40002/db/000017.sst, file size: 79596264, job id: 4, reason: compaction, status: OK
I20230706 09:12:45.468400 2951850 event_listener.cc:71] [event_listener/compaction_completed] column family: default, compaction reason: 11, output compression type: no, base input level(files): 0(1), output level(files): 0(1), input bytes: 79596268, output bytes:79596264, is_manual_compaction:no, elapsed(micro): 2982765
I20230706 09:12:45.474704 2951850 event_listener.cc:127] [event_listener/table_file_deleted] db: /nvme/jinghuan/node_40002/db, sst file: /nvme/jinghuan/node_40002/db/000016.sst, status: OK
I20230706 09:12:46.021389 2951853 event_listener.cc:84] [event_listener/flush_begin] column family: default, thread_id: 2951853, job_id: 5, reason: 6
I20230706 09:12:48.943634 2951853 event_listener.cc:138] [event_listener/table_file_created] column family: default, file path: /nvme/jinghuan/node_40002/db/000020.sst, file size: 79168611, job id: 5, reason: flush, status: OK
I20230706 09:12:48.951850 2951853 event_listener.cc:91] [event_listener/flush_completed] column family: default, thread_id: 2951853, job_id: 5, file: /nvme/jinghuan/node_40002/db/000020.sst, reason: 6, is_write_slowdown: no, is_write_stall: no, largest seqno: 1462822, smallest seqno: 737414
I20230706 09:12:52.794273 2951852 event_listener.cc:84] [event_listener/flush_begin] column family: default, thread_id: 2951852, job_id: 6, reason: 6
I20230706 09:12:55.822605 2951852 event_listener.cc:138] [event_listener/table_file_created] column family: default, file path: /nvme/jinghuan/node_40002/db/000023.sst, file size: 79358008, job id: 6, reason: flush, status: OK
I20230706 09:12:55.833842 2951852 event_listener.cc:91] [event_listener/flush_completed] column family: default, thread_id: 2951852, job_id: 6, file: /nvme/jinghuan/node_40002/db/000023.sst, reason: 6, is_write_slowdown: no, is_write_stall: no, largest seqno: 2185246, smallest seqno: 1462825
I20230706 09:12:59.763494 2951853 event_listener.cc:84] [event_listener/flush_begin] column family: default, thread_id: 2951853, job_id: 7, reason: 6
I20230706 09:13:02.459857 2951852 event_listener.cc:84] [event_listener/flush_begin] column family: metadata, thread_id: 2951852, job_id: 8, reason: 13
I20230706 09:13:02.909040 2951853 event_listener.cc:138] [event_listener/table_file_created] column family: default, file path: /nvme/jinghuan/node_40002/db/000026.sst, file size: 79157668, job id: 7, reason: flush, status: OK
I20230706 09:13:02.921609 2951853 event_listener.cc:91] [event_listener/flush_completed] column family: default, thread_id: 2951853, job_id: 7, file: /nvme/jinghuan/node_40002/db/000026.sst, reason: 6, is_write_slowdown: no, is_write_stall: no, largest seqno: 2902996, smallest seqno: 2185248
I20230706 09:13:04.200230 2951852 event_listener.cc:138] [event_listener/table_file_created] column family: metadata, file path: /nvme/jinghuan/node_40002/db/000028.sst, file size: 24203820, job id: 8, reason: flush, status: OK
I20230706 09:13:04.206625 2951852 event_listener.cc:91] [event_listener/flush_completed] column family: metadata, thread_id: 2951852, job_id: 8, file: /nvme/jinghuan/node_40002/db/000028.sst, reason: 13, is_write_slowdown: no, is_write_stall: no, largest seqno: 3175607, smallest seqno: 1
I20230706 09:13:06.407474 2951853 event_listener.cc:84] [event_listener/flush_begin] column family: default, thread_id: 2951853, job_id: 10, reason: 6
W20230706 09:13:08.803555 2952087 event_listener.cc:132] [event_listener/stall_cond_changed] column family: default write stall condition was changed, from normal to delay
I20230706 09:13:11.206101 2951850 event_listener.cc:138] [event_listener/table_file_created] column family: metadata, file path: /nvme/jinghuan/node_40002/db/000034.sst, file size: 24203893, job id: 11, reason: compaction, status: OK
I20230706 09:13:11.213204 2951850 event_listener.cc:71] [event_listener/compaction_completed] column family: metadata, compaction reason: 11, output compression type: no, base input level(files): 0(1), output level(files): 0(1), input bytes: 24203820, output bytes:24203893, is_manual_compaction:no, elapsed(micro): 2402403
I20230706 09:13:11.215462 2951850 event_listener.cc:127] [event_listener/table_file_deleted] db: /nvme/jinghuan/node_40002/db, sst file: /nvme/jinghuan/node_40002/db/000028.sst, status: OK
I20230706 09:13:11.441066 2951852 event_listener.cc:84] [event_listener/flush_begin] column family: default, thread_id: 2951852, job_id: 12, reason: 6
I20230706 09:13:12.812747 2951853 event_listener.cc:138] [event_listener/table_file_created] column family: default, file path: /nvme/jinghuan/node_40002/db/000032.sst, file size: 80315947, job id: 10, reason: flush, status: OK
I20230706 09:13:12.822405 2951853 event_listener.cc:91] [event_listener/flush_completed] column family: default, thread_id: 2951853, job_id: 10, file: /nvme/jinghuan/node_40002/db/000032.sst, reason: 6, is_write_slowdown: no, is_write_stall: no, largest seqno: 3625978, smallest seqno: 2902998
W20230706 09:13:12.822618 2951853 event_listener.cc:132] [event_listener/stall_cond_changed] column family: default write stall condition was changed, from stop to normal
W20230706 09:13:12.822793 2952087 event_listener.cc:132] [event_listener/stall_cond_changed] column family: default write stall condition was changed, from delay to stop
I20230706 09:13:14.111097 2951851 event_listener.cc:138] [event_listener/table_file_created] column family: default, file path: /nvme/jinghuan/node_40002/db/000029.sst, file size: 138588865, job id: 9, reason: compaction, status: OK
W20230706 09:13:15.376117 2952087 event_listener.cc:132] [event_listener/stall_cond_changed] column family: default write stall condition was changed, from normal to delay
I20230706 09:13:16.816934 2951852 event_listener.cc:138] [event_listener/table_file_created] column family: default, file path: /nvme/jinghuan/node_40002/db/000036.sst, file size: 79658181, job id: 12, reason: flush, status: OK
I20230706 09:13:16.823261 2951852 event_listener.cc:91] [event_listener/flush_completed] column family: default, thread_id: 2951852, job_id: 12, file: /nvme/jinghuan/node_40002/db/000036.sst, reason: 6, is_write_slowdown: no, is_write_stall: no, largest seqno: 4336785, smallest seqno: 3625980
W20230706 09:13:16.823352 2951852 event_listener.cc:132] [event_listener/stall_cond_changed] column family: default write stall condition was changed, from delay to normal
I20230706 09:13:17.642942 2951853 event_listener.cc:84] [event_listener/flush_begin] column family: default, thread_id: 2951853, job_id: 13, reason: 6
W20230706 09:13:19.815852 2952087 event_listener.cc:132] [event_listener/stall_cond_changed] column family: default write stall condition was changed, from normal to delay
I20230706 09:13:22.098886 2951852 event_listener.cc:84] [event_listener/flush_begin] column family: default, thread_id: 2951852, job_id: 14, reason: 6
I20230706 09:13:22.517587 2951853 event_listener.cc:138] [event_listener/table_file_created] column family: default, file path: /nvme/jinghuan/node_40002/db/000040.sst, file size: 74976148, job id: 13, reason: flush, status: OK
I20230706 09:13:22.532258 2951853 event_listener.cc:91] [event_listener/flush_completed] column family: default, thread_id: 2951853, job_id: 13, file: /nvme/jinghuan/node_40002/db/000040.sst, reason: 6, is_write_slowdown: no, is_write_stall: no, largest seqno: 5003114, smallest seqno: 4336787
W20230706 09:13:22.532333 2951853 event_listener.cc:132] [event_listener/stall_cond_changed] column family: default write stall condition was changed, from stop to normal
W20230706 09:13:22.532944 2952087 event_listener.cc:132] [event_listener/stall_cond_changed] column family: default write stall condition was changed, from delay to stop
I20230706 09:13:25.015452 2951851 event_listener.cc:138] [event_listener/table_file_created] column family: default, file path: /nvme/jinghuan/node_40002/db/000037.sst, file size: 138797740, job id: 9, reason: compaction, status: OK
W20230706 09:13:25.333560 2952087 event_listener.cc:132] [event_listener/stall_cond_changed] column family: default write stall condition was changed, from normal to delay
I20230706 09:13:26.416316 2951852 event_listener.cc:138] [event_listener/table_file_created] column family: default, file path: /nvme/jinghuan/node_40002/db/000043.sst, file size: 70234130, job id: 14, reason: flush, status: OK
I20230706 09:13:26.422765 2951852 event_listener.cc:91] [event_listener/flush_completed] column family: default, thread_id: 2951852, job_id: 14, file: /nvme/jinghuan/node_40002/db/000043.sst, reason: 6, is_write_slowdown: no, is_write_stall: no, largest seqno: 5625154, smallest seqno: 5003118
W20230706 09:13:26.422828 2951852 event_listener.cc:132] [event_listener/stall_cond_changed] column family: default write stall condition was changed, from delay to normal
I20230706 09:13:27.524883 2951851 event_listener.cc:138] [event_listener/table_file_created] column family: default, file path: /nvme/jinghuan/node_40002/db/000044.sst, file size: 32368491, job id: 9, reason: compaction, status: OK
I20230706 09:13:27.530921 2951853 event_listener.cc:84] [event_listener/flush_begin] column family: default, thread_id: 2951853, job_id: 16, reason: 6
I20230706 09:13:27.541101 2951851 event_listener.cc:71] [event_listener/compaction_completed] column family: default, compaction reason: 1, output compression type: no, base input level(files): 0(4), output level(files): 1(3), input bytes: 317280551, output bytes:309755096, is_manual_compaction:no, elapsed(micro): 24603163
I20230706 09:13:27.604118 2951852 event_listener.cc:84] [event_listener/flush_begin] column family: metadata, thread_id: 2951852, job_id: 17, reason: 13
W20230706 09:13:29.415505 2952087 event_listener.cc:132] [event_listener/stall_cond_changed] column family: default write stall condition was changed, from normal to delay
I20230706 09:13:29.423771 2951851 event_listener.cc:71] [event_listener/compaction_completed] column family: default, compaction reason: 2, output compression type: no, base input level(files): 1(1), output level(files): 2(1), input bytes: 0, output bytes:0, is_manual_compaction:no, elapsed(micro): 0
I20230706 09:13:29.928546 2951852 event_listener.cc:138] [event_listener/table_file_created] column family: metadata, file path: /nvme/jinghuan/node_40002/db/000050.sst, file size: 21297230, job id: 17, reason: flush, status: OK
I20230706 09:13:29.936949 2951852 event_listener.cc:91] [event_listener/flush_completed] column family: metadata, thread_id: 2951852, job_id: 17, file: /nvme/jinghuan/node_40002/db/000050.sst, reason: 13, is_write_slowdown: no, is_write_stall: no, largest seqno: 6315162, smallest seqno: 3175618
I20230706 09:13:31.587345 2951852 event_listener.cc:84] [event_listener/flush_begin] column family: default, thread_id: 2951852, job_id: 19, reason: 6
I20230706 09:13:33.627660 2951853 event_listener.cc:138] [event_listener/table_file_created] column family: default, file path: /nvme/jinghuan/node_40002/db/000048.sst, file size: 76115738, job id: 16, reason: flush, status: OK
I20230706 09:13:33.641193 2951853 event_listener.cc:91] [event_listener/flush_completed] column family: default, thread_id: 2951853, job_id: 16, file: /nvme/jinghuan/node_40002/db/000048.sst, reason: 6, is_write_slowdown: no, is_write_stall: no, largest seqno: 6298502, smallest seqno: 5625155
W20230706 09:13:33.641575 2951853 event_listener.cc:132] [event_listener/stall_cond_changed] column family: default write stall condition was changed, from stop to normal
W20230706 09:13:33.641750 2952082 event_listener.cc:132] [event_listener/stall_cond_changed] column family: default write stall condition was changed, from delay to stop
I20230706 09:13:35.922506 2951852 event_listener.cc:138] [event_listener/table_file_created] column family: default, file path: /nvme/jinghuan/node_40002/db/000053.sst, file size: 68181644, job id: 19, reason: flush, status: OK
I20230706 09:13:35.928835 2951852 event_listener.cc:91] [event_listener/flush_completed] column family: default, thread_id: 2951852, job_id: 19, file: /nvme/jinghuan/node_40002/db/000053.sst, reason: 6, is_write_slowdown: no, is_write_stall: no, largest seqno: 6899445, smallest seqno: 6298504
I20230706 09:13:38.737363 2951853 event_listener.cc:84] [event_listener/flush_begin] column family: default, thread_id: 2951853, job_id: 20, reason: 6
W20230706 09:13:41.474812 2952087 event_listener.cc:132] [event_listener/stall_cond_changed] column family: default write stall condition was changed, from normal to delay
I20230706 09:13:42.234376 2951853 event_listener.cc:138] [event_listener/table_file_created] column family: default, file path: /nvme/jinghuan/node_40002/db/000056.sst, file size: 69138722, job id: 20, reason: flush, status: OK
I20230706 09:13:42.242420 2951853 event_listener.cc:91] [event_listener/flush_completed] column family: default, thread_id: 2951853, job_id: 20, file: /nvme/jinghuan/node_40002/db/000056.sst, reason: 6, is_write_slowdown: no, is_write_stall: no, largest seqno: 7508700, smallest seqno: 6899447
W20230706 09:13:42.242553 2951853 event_listener.cc:132] [event_listener/stall_cond_changed] column family: default write stall condition was changed, from delay to normal
I20230706 09:13:44.273634 2951852 event_listener.cc:84] [event_listener/flush_begin] column family: default, thread_id: 2951852, job_id: 21, reason: 6
I20230706 09:13:45.532392 2951850 event_listener.cc:138] [event_listener/table_file_created] column family: default, file path: /nvme/jinghuan/node_40002/db/000046.sst, file size: 299239788, job id: 15, reason: compaction, status: OK
I20230706 09:13:45.554263 2951850 event_listener.cc:71] [event_listener/compaction_completed] column family: default, compaction reason: 1, output compression type: no, base input level(files): 0(4), output level(files): 0(1), input bytes: 305184406, output bytes:299239788, is_manual_compaction:no, elapsed(micro): 19109578
I20230706 09:13:45.562481 2951850 event_listener.cc:127] [event_listener/table_file_deleted] db: /nvme/jinghuan/node_40002/db, sst file: /nvme/jinghuan/node_40002/db/000026.sst, status: OK
I20230706 09:13:45.569995 2951850 event_listener.cc:127] [event_listener/table_file_deleted] db: /nvme/jinghuan/node_40002/db, sst file: /nvme/jinghuan/node_40002/db/000023.sst, status: OK
I20230706 09:13:45.575984 2951850 event_listener.cc:127] [event_listener/table_file_deleted] db: /nvme/jinghuan/node_40002/db, sst file: /nvme/jinghuan/node_40002/db/000020.sst, status: OK
I20230706 09:13:45.581615 2951850 event_listener.cc:127] [event_listener/table_file_deleted] db: /nvme/jinghuan/node_40002/db, sst file: /nvme/jinghuan/node_40002/db/000017.sst, status: OK
W20230706 09:13:47.009898 2952084 event_listener.cc:132] [event_listener/stall_cond_changed] column family: default write stall condition was changed, from normal to delay
I20230706 09:13:47.937279 2951852 event_listener.cc:138] [event_listener/table_file_created] column family: default, file path: /nvme/jinghuan/node_40002/db/000059.sst, file size: 71214172, job id: 21, reason: flush, status: OK
I20230706 09:13:47.945502 2951852 event_listener.cc:91] [event_listener/flush_completed] column family: default, thread_id: 2951852, job_id: 21, file: /nvme/jinghuan/node_40002/db/000059.sst, reason: 6, is_write_slowdown: no, is_write_stall: no, largest seqno: 8135437, smallest seqno: 7508702
I20230706 09:13:47.952251 2951852 event_listener.cc:127] [event_listener/table_file_deleted] db: /nvme/jinghuan/node_40002/db, sst file: /nvme/jinghuan/node_40002/db/000043.sst, status: OK
I20230706 09:13:47.958582 2951852 event_listener.cc:127] [event_listener/table_file_deleted] db: /nvme/jinghuan/node_40002/db, sst file: /nvme/jinghuan/node_40002/db/000040.sst, status: OK
I20230706 09:13:47.964740 2951852 event_listener.cc:127] [event_listener/table_file_deleted] db: /nvme/jinghuan/node_40002/db, sst file: /nvme/jinghuan/node_40002/db/000036.sst, status: OK
I20230706 09:13:47.970628 2951852 event_listener.cc:127] [event_listener/table_file_deleted] db: /nvme/jinghuan/node_40002/db, sst file: /nvme/jinghuan/node_40002/db/000032.sst, status: OK
W20230706 09:13:47.970649 2951852 event_listener.cc:132] [event_listener/stall_cond_changed] column family: default write stall condition was changed, from delay to normal
I20230706 09:13:49.976303 2951853 event_listener.cc:84] [event_listener/flush_begin] column family: default, thread_id: 2951853, job_id: 23, reason: 6
W20230706 09:13:52.695176 2952081 event_listener.cc:132] [event_listener/stall_cond_changed] column family: default write stall condition was changed, from normal to delay
I20230706 09:13:53.234028 2951853 event_listener.cc:138] [event_listener/table_file_created] column family: default, file path: /nvme/jinghuan/node_40002/db/000063.sst, file size: 70708953, job id: 23, reason: flush, status: OK
I20230706 09:13:53.240350 2951853 event_listener.cc:91] [event_listener/flush_completed] column family: default, thread_id: 2951853, job_id: 23, file: /nvme/jinghuan/node_40002/db/000063.sst, reason: 6, is_write_slowdown: no, is_write_stall: no, largest seqno: 8756238, smallest seqno: 8135439
W20230706 09:13:53.240392 2951853 event_listener.cc:132] [event_listener/stall_cond_changed] column family: default write stall condition was changed, from delay to normal
I20230706 09:13:53.632125 2951850 event_listener.cc:138] [event_listener/table_file_created] column family: default, file path: /nvme/jinghuan/node_40002/db/000060.sst, file size: 138662438, job id: 22, reason: compaction, status: OK
I20230706 09:13:55.607437 2951852 event_listener.cc:84] [event_listener/flush_begin] column family: default, thread_id: 2951852, job_id: 24, reason: 6
I20230706 09:13:56.502859 2951853 event_listener.cc:84] [event_listener/flush_begin] column family: metadata, thread_id: 2951853, job_id: 25, reason: 13
I20230706 09:13:58.234155 2951853 event_listener.cc:138] [event_listener/table_file_created] column family: metadata, file path: /nvme/jinghuan/node_40002/db/000069.sst, file size: 19093104, job id: 25, reason: flush, status: OK
I20230706 09:13:58.250352 2951853 event_listener.cc:91] [event_listener/flush_completed] column family: metadata, thread_id: 2951853, job_id: 25, file: /nvme/jinghuan/node_40002/db/000069.sst, reason: 13, is_write_slowdown: no, is_write_stall: no, largest seqno: 9465466, smallest seqno: 6315173
W20230706 09:13:58.548616 2952081 event_listener.cc:132] [event_listener/stall_cond_changed] column family: default write stall condition was changed, from normal to delay
I20230706 09:13:59.448359 2951852 event_listener.cc:138] [event_listener/table_file_created] column family: default, file path: /nvme/jinghuan/node_40002/db/000067.sst, file size: 69779389, job id: 24, reason: flush, status: OK
I20230706 09:13:59.461824 2951852 event_listener.cc:91] [event_listener/flush_completed] column family: default, thread_id: 2951852, job_id: 24, file: /nvme/jinghuan/node_40002/db/000067.sst, reason: 6, is_write_slowdown: no, is_write_stall: no, largest seqno: 9367389, smallest seqno: 8756240
W20230706 09:13:59.461939 2951852 event_listener.cc:132] [event_listener/stall_cond_changed] column family: default write stall condition was changed, from delay to normal
I20230706 09:14:00.436439 2951850 event_listener.cc:138] [event_listener/table_file_created] column family: default, file path: /nvme/jinghuan/node_40002/db/000065.sst, file size: 138589012, job id: 22, reason: compaction, status: OK
I20230706 09:14:01.397164 2951853 event_listener.cc:84] [event_listener/flush_begin] column family: default, thread_id: 2951853, job_id: 26, reason: 6
W20230706 09:14:04.085671 2952087 event_listener.cc:132] [event_listener/stall_cond_changed] column family: default write stall condition was changed, from normal to delay
I20230706 09:14:04.639573 2951853 event_listener.cc:138] [event_listener/table_file_created] column family: default, file path: /nvme/jinghuan/node_40002/db/000073.sst, file size: 70571397, job id: 26, reason: flush, status: OK
I20230706 09:14:04.646158 2951853 event_listener.cc:91] [event_listener/flush_completed] column family: default, thread_id: 2951853, job_id: 26, file: /nvme/jinghuan/node_40002/db/000073.sst, reason: 6, is_write_slowdown: no, is_write_stall: no, largest seqno: 9983923, smallest seqno: 9367392
W20230706 09:14:04.646394 2951853 event_listener.cc:132] [event_listener/stall_cond_changed] column family: default write stall condition was changed, from delay to normal
I20230706 09:14:07.708374 2951852 event_listener.cc:84] [event_listener/flush_begin] column family: default, thread_id: 2951852, job_id: 28, reason: 6
I20230706 09:14:08.544654 2951850 event_listener.cc:138] [event_listener/table_file_created] column family: default, file path: /nvme/jinghuan/node_40002/db/000071.sst, file size: 138797438, job id: 22, reason: compaction, status: OK
W20230706 09:14:11.567726 2952087 event_listener.cc:132] [event_listener/stall_cond_changed] column family: default write stall condition was changed, from normal to delay
I20230706 09:14:13.451836 2951852 event_listener.cc:138] [event_listener/table_file_created] column family: default, file path: /nvme/jinghuan/node_40002/db/000077.sst, file size: 76239822, job id: 28, reason: flush, status: OK
I20230706 09:14:13.461035 2951852 event_listener.cc:91] [event_listener/flush_completed] column family: default, thread_id: 2951852, job_id: 28, file: /nvme/jinghuan/node_40002/db/000077.sst, reason: 6, is_write_slowdown: no, is_write_stall: no, largest seqno: 10648813, smallest seqno: 9983926
W20230706 09:14:13.461078 2951852 event_listener.cc:132] [event_listener/stall_cond_changed] column family: default write stall condition was changed, from delay to normal
I20230706 09:14:14.973119 2951853 event_listener.cc:84] [event_listener/flush_begin] column family: default, thread_id: 2951853, job_id: 29, reason: 6
W20230706 09:14:18.220235 2952083 event_listener.cc:132] [event_listener/stall_cond_changed] column family: default write stall condition was changed, from normal to delay
I20230706 09:14:20.150846 2951853 event_listener.cc:138] [event_listener/table_file_created] column family: default, file path: /nvme/jinghuan/node_40002/db/000081.sst, file size: 77042977, job id: 29, reason: flush, status: OK
I20230706 09:14:20.165792 2951853 event_listener.cc:91] [event_listener/flush_completed] column family: default, thread_id: 2951853, job_id: 29, file: /nvme/jinghuan/node_40002/db/000081.sst, reason: 6, is_write_slowdown: no, is_write_stall: no, largest seqno: 11319679, smallest seqno: 10648815
W20230706 09:14:20.165863 2951853 event_listener.cc:132] [event_listener/stall_cond_changed] column family: default write stall condition was changed, from delay to normal
I20230706 09:14:20.453485 2951850 event_listener.cc:138] [event_listener/table_file_created] column family: default, file path: /nvme/jinghuan/node_40002/db/000078.sst, file size: 138797486, job id: 22, reason: compaction, status: OK
I20230706 09:14:21.721017 2951852 event_listener.cc:84] [event_listener/flush_begin] column family: default, thread_id: 2951852, job_id: 30, reason: 6
W20230706 09:14:25.057085 2952087 event_listener.cc:132] [event_listener/stall_cond_changed] column family: default write stall condition was changed, from normal to delay
I20230706 09:14:25.351686 2951851 event_listener.cc:138] [event_listener/table_file_created] column family: default, file path: /nvme/jinghuan/node_40002/db/000075.sst, file size: 277089618, job id: 27, reason: compaction, status: OK
I20230706 09:14:25.372491 2951851 event_listener.cc:71] [event_listener/compaction_completed] column family: default, compaction reason: 1, output compression type: no, base input level(files): 0(4), output level(files): 0(1), input bytes: 282273911, output bytes:277089618, is_manual_compaction:no, elapsed(micro): 20705333
I20230706 09:14:25.864372 2951852 event_listener.cc:138] [event_listener/table_file_created] column family: default, file path: /nvme/jinghuan/node_40002/db/000085.sst, file size: 70839454, job id: 30, reason: flush, status: OK
I20230706 09:14:25.876804 2951852 event_listener.cc:91] [event_listener/flush_completed] column family: default, thread_id: 2951852, job_id: 30, file: /nvme/jinghuan/node_40002/db/000085.sst, reason: 6, is_write_slowdown: no, is_write_stall: no, largest seqno: 11934403, smallest seqno: 11319681
W20230706 09:14:25.876876 2951852 event_listener.cc:132] [event_listener/stall_cond_changed] column family: default write stall condition was changed, from delay to normal
I20230706 09:14:25.883152 2951851 event_listener.cc:127] [event_listener/table_file_deleted] db: /nvme/jinghuan/node_40002/db, sst file: /nvme/jinghuan/node_40002/db/000059.sst, status: OK
I20230706 09:14:26.295229 2952087 cluster.cc:397] [import] Succeed to import slot 0
I20230706 09:14:26.853960 2951850 event_listener.cc:138] [event_listener/table_file_created] column family: default, file path: /nvme/jinghuan/node_40002/db/000083.sst, file size: 106348299, job id: 22, reason: compaction, status: OK
I20230706 09:14:26.895222 2951850 event_listener.cc:71] [event_listener/compaction_completed] column family: default, compaction reason: 1, output compression type: no, base input level(files): 0(6), output level(files): 1(5), input bytes: 683842123, output bytes:661194673, is_manual_compaction:no, elapsed(micro): 41272309
I20230706 09:14:26.901579 2951850 event_listener.cc:127] [event_listener/table_file_deleted] db: /nvme/jinghuan/node_40002/db, sst file: /nvme/jinghuan/node_40002/db/000073.sst, status: OK
I20230706 09:14:26.909140 2951850 event_listener.cc:127] [event_listener/table_file_deleted] db: /nvme/jinghuan/node_40002/db, sst file: /nvme/jinghuan/node_40002/db/000067.sst, status: OK
I20230706 09:14:26.915033 2951850 event_listener.cc:127] [event_listener/table_file_deleted] db: /nvme/jinghuan/node_40002/db, sst file: /nvme/jinghuan/node_40002/db/000063.sst, status: OK
I20230706 09:14:26.920387 2951850 event_listener.cc:127] [event_listener/table_file_deleted] db: /nvme/jinghuan/node_40002/db, sst file: /nvme/jinghuan/node_40002/db/000056.sst, status: OK
I20230706 09:14:26.925678 2951850 event_listener.cc:127] [event_listener/table_file_deleted] db: /nvme/jinghuan/node_40002/db, sst file: /nvme/jinghuan/node_40002/db/000053.sst, status: OK
I20230706 09:14:26.931632 2951850 event_listener.cc:127] [event_listener/table_file_deleted] db: /nvme/jinghuan/node_40002/db, sst file: /nvme/jinghuan/node_40002/db/000048.sst, status: OK
I20230706 09:14:26.957753 2951850 event_listener.cc:127] [event_listener/table_file_deleted] db: /nvme/jinghuan/node_40002/db, sst file: /nvme/jinghuan/node_40002/db/000046.sst, status: OK
I20230706 09:14:26.960266 2951850 event_listener.cc:127] [event_listener/table_file_deleted] db: /nvme/jinghuan/node_40002/db, sst file: /nvme/jinghuan/node_40002/db/000044.sst, status: OK
I20230706 09:14:26.970549 2951850 event_listener.cc:127] [event_listener/table_file_deleted] db: /nvme/jinghuan/node_40002/db, sst file: /nvme/jinghuan/node_40002/db/000037.sst, status: OK
I20230706 09:14:26.982741 2951850 event_listener.cc:71] [event_listener/compaction_completed] column family: default, compaction reason: 2, output compression type: no, base input level(files): 1(1), output level(files): 2(1), input bytes: 0, output bytes:0, is_manual_compaction:no, elapsed(micro): 0
I20230706 09:14:26.989317 2951850 event_listener.cc:71] [event_listener/compaction_completed] column family: default, compaction reason: 2, output compression type: no, base input level(files): 1(1), output level(files): 2(1), input bytes: 0, output bytes:0, is_manual_compaction:no, elapsed(micro): 0
I20230706 09:14:30.535238 2951850 event_listener.cc:138] [event_listener/table_file_created] column family: default, file path: /nvme/jinghuan/node_40002/db/000087.sst, file size: 138641965, job id: 35, reason: compaction, status: OK
I20230706 09:14:34.042255 2951850 event_listener.cc:138] [event_listener/table_file_created] column family: default, file path: /nvme/jinghuan/node_40002/db/000088.sst, file size: 138701263, job id: 35, reason: compaction, status: OK
I20230706 09:14:37.448798 2951850 event_listener.cc:138] [event_listener/table_file_created] column family: default, file path: /nvme/jinghuan/node_40002/db/000089.sst, file size: 138701939, job id: 35, reason: compaction, status: OK
I20230706 09:14:40.842959 2951850 event_listener.cc:138] [event_listener/table_file_created] column family: default, file path: /nvme/jinghuan/node_40002/db/000090.sst, file size: 138701592, job id: 35, reason: compaction, status: OK
I20230706 09:14:44.248281 2951850 event_listener.cc:138] [event_listener/table_file_created] column family: default, file path: /nvme/jinghuan/node_40002/db/000091.sst, file size: 138672558, job id: 35, reason: compaction, status: OK
I20230706 09:14:47.463456 2951850 event_listener.cc:138] [event_listener/table_file_created] column family: default, file path: /nvme/jinghuan/node_40002/db/000092.sst, file size: 138699858, job id: 35, reason: compaction, status: OK
I20230706 09:14:47.885924 2951850 event_listener.cc:138] [event_listener/table_file_created] column family: default, file path: /nvme/jinghuan/node_40002/db/000093.sst, file size: 17079708, job id: 35, reason: compaction, status: OK
I20230706 09:14:47.926012 2951850 event_listener.cc:71] [event_listener/compaction_completed] column family: default, compaction reason: 1, output compression type: no, base input level(files): 0(7), output level(files): 1(7), input bytes: 884811620, output bytes:849198883, is_manual_compaction:no, elapsed(micro): 20896477
I20230706 09:14:47.934964 2951850 event_listener.cc:127] [event_listener/table_file_deleted] db: /nvme/jinghuan/node_40002/db, sst file: /nvme/jinghuan/node_40002/db/000085.sst, status: OK
I20230706 09:14:47.944324 2951850 event_listener.cc:127] [event_listener/table_file_deleted] db: /nvme/jinghuan/node_40002/db, sst file: /nvme/jinghuan/node_40002/db/000083.sst, status: OK
I20230706 09:14:47.950043 2951850 event_listener.cc:127] [event_listener/table_file_deleted] db: /nvme/jinghuan/node_40002/db, sst file: /nvme/jinghuan/node_40002/db/000081.sst, status: OK
I20230706 09:14:47.955608 2951850 event_listener.cc:127] [event_listener/table_file_deleted] db: /nvme/jinghuan/node_40002/db, sst file: /nvme/jinghuan/node_40002/db/000077.sst, status: OK
I20230706 09:14:47.974650 2951850 event_listener.cc:127] [event_listener/table_file_deleted] db: /nvme/jinghuan/node_40002/db, sst file: /nvme/jinghuan/node_40002/db/000075.sst, status: OK
I20230706 09:14:47.987813 2951850 event_listener.cc:127] [event_listener/table_file_deleted] db: /nvme/jinghuan/node_40002/db, sst file: /nvme/jinghuan/node_40002/db/000065.sst, status: OK
I20230706 09:14:48.000669 2951850 event_listener.cc:127] [event_listener/table_file_deleted] db: /nvme/jinghuan/node_40002/db, sst file: /nvme/jinghuan/node_40002/db/000060.sst, status: OK
I20230706 09:14:48.016124 2951850 event_listener.cc:71] [event_listener/compaction_completed] column family: default, compaction reason: 2, output compression type: no, base input level(files): 1(1), output level(files): 2(1), input bytes: 0, output bytes:0, is_manual_compaction:no, elapsed(micro): 0
I20230706 09:14:49.812759 2951853 event_listener.cc:84] [event_listener/flush_begin] column family: default, thread_id: 2951853, job_id: 38, reason: 6
I20230706 09:14:51.967921 2951853 event_listener.cc:138] [event_listener/table_file_created] column family: default, file path: /nvme/jinghuan/node_40002/db/000096.sst, file size: 65357794, job id: 38, reason: flush, status: OK
I20230706 09:14:51.983588 2951853 event_listener.cc:91] [event_listener/flush_completed] column family: default, thread_id: 2951853, job_id: 38, file: /nvme/jinghuan/node_40002/db/000096.sst, reason: 6, is_write_slowdown: no, is_write_stall: no, largest seqno: 12527678, smallest seqno: 11934405
I20230706 09:14:52.754837 2951850 event_listener.cc:138] [event_listener/table_file_created] column family: default, file path: /nvme/jinghuan/node_40002/db/000094.sst, file size: 138656993, job id: 37, reason: compaction, status: OK
I20230706 09:14:53.215073 2951852 event_listener.cc:84] [event_listener/flush_begin] column family: metadata, thread_id: 2951852, job_id: 39, reason: 13
I20230706 09:14:53.851836 2951852 event_listener.cc:138] [event_listener/table_file_created] column family: metadata, file path: /nvme/jinghuan/node_40002/db/000099.sst, file size: 15553059, job id: 39, reason: flush, status: OK
I20230706 09:14:53.860039 2951852 event_listener.cc:91] [event_listener/flush_completed] column family: metadata, thread_id: 2951852, job_id: 39, file: /nvme/jinghuan/node_40002/db/000099.sst, reason: 13, is_write_slowdown: no, is_write_stall: no, largest seqno: 12548957, smallest seqno: 9465477
I20230706 09:14:56.249975 2951850 event_listener.cc:138] [event_listener/table_file_created] column family: default, file path: /nvme/jinghuan/node_40002/db/000097.sst, file size: 138701838, job id: 37, reason: compaction, status: OK
I20230706 09:14:59.351356 2951850 event_listener.cc:138] [event_listener/table_file_created] column family: default, file path: /nvme/jinghuan/node_40002/db/000100.sst, file size: 138701810, job id: 37, reason: compaction, status: OK
I20230706 09:15:02.356918 2951850 event_listener.cc:138] [event_listener/table_file_created] column family: default, file path: /nvme/jinghuan/node_40002/db/000101.sst, file size: 138701418, job id: 37, reason: compaction, status: OK
I20230706 09:15:05.364112 2951850 event_listener.cc:138] [event_listener/table_file_created] column family: default, file path: /nvme/jinghuan/node_40002/db/000102.sst, file size: 138704636, job id: 37, reason: compaction, status: OK
I20230706 09:15:07.868012 2951850 event_listener.cc:138] [event_listener/table_file_created] column family: default, file path: /nvme/jinghuan/node_40002/db/000103.sst, file size: 118462570, job id: 37, reason: compaction, status: OK
I20230706 09:15:07.898645 2951850 event_listener.cc:71] [event_listener/compaction_completed] column family: default, compaction reason: 2, output compression type: no, base input level(files): 1(6), output level(files): 2(6), input bytes: 832008182, output bytes:811929265, is_manual_compaction:no, elapsed(micro): 19851655
I20230706 09:15:07.909448 2951850 event_listener.cc:127] [event_listener/table_file_deleted] db: /nvme/jinghuan/node_40002/db, sst file: /nvme/jinghuan/node_40002/db/000091.sst, status: OK
I20230706 09:15:07.920150 2951850 event_listener.cc:127] [event_listener/table_file_deleted] db: /nvme/jinghuan/node_40002/db, sst file: /nvme/jinghuan/node_40002/db/000090.sst, status: OK
I20230706 09:15:07.930421 2951850 event_listener.cc:127] [event_listener/table_file_deleted] db: /nvme/jinghuan/node_40002/db, sst file: /nvme/jinghuan/node_40002/db/000089.sst, status: OK
I20230706 09:15:07.940268 2951850 event_listener.cc:127] [event_listener/table_file_deleted] db: /nvme/jinghuan/node_40002/db, sst file: /nvme/jinghuan/node_40002/db/000088.sst, status: OK
I20230706 09:15:07.950899 2951850 event_listener.cc:127] [event_listener/table_file_deleted] db: /nvme/jinghuan/node_40002/db, sst file: /nvme/jinghuan/node_40002/db/000087.sst, status: OK
I20230706 09:15:07.962129 2951850 event_listener.cc:127] [event_listener/table_file_deleted] db: /nvme/jinghuan/node_40002/db, sst file: /nvme/jinghuan/node_40002/db/000029.sst, status: OK
I20230706 09:15:10.885768 2951850 event_listener.cc:138] [event_listener/table_file_created] column family: default, file path: /nvme/jinghuan/node_40002/db/000104.sst, file size: 138797438, job id: 40, reason: compaction, status: OK
I20230706 09:15:10.895555 2951850 event_listener.cc:71] [event_listener/compaction_completed] column family: default, compaction reason: 11, output compression type: no, base input level(files): 2(1), output level(files): 2(1), input bytes: 138797438, output bytes:138797438, is_manual_compaction:no, elapsed(micro): 2923577
I20230706 09:15:10.905716 2951850 event_listener.cc:127] [event_listener/table_file_deleted] db: /nvme/jinghuan/node_40002/db, sst file: /nvme/jinghuan/node_40002/db/000071.sst, status: OK
I20230706 09:15:12.290366 2951850 event_listener.cc:138] [event_listener/table_file_created] column family: metadata, file path: /nvme/jinghuan/node_40002/db/000105.sst, file size: 66508767, job id: 41, reason: compaction, status: OK
I20230706 09:15:12.298310 2951850 event_listener.cc:71] [event_listener/compaction_completed] column family: metadata, compaction reason: 1, output compression type: no, base input level(files): 0(4), output level(files): 1(1), input bytes: 80147286, output bytes:66508767, is_manual_compaction:no, elapsed(micro): 1384614
I20230706 09:15:12.300567 2951850 event_listener.cc:127] [event_listener/table_file_deleted] db: /nvme/jinghuan/node_40002/db, sst file: /nvme/jinghuan/node_40002/db/000099.sst, status: OK
I20230706 09:15:12.303000 2951850 event_listener.cc:127] [event_listener/table_file_deleted] db: /nvme/jinghuan/node_40002/db, sst file: /nvme/jinghuan/node_40002/db/000069.sst, status: OK
I20230706 09:15:12.305148 2951850 event_listener.cc:127] [event_listener/table_file_deleted] db: /nvme/jinghuan/node_40002/db, sst file: /nvme/jinghuan/node_40002/db/000050.sst, status: OK
I20230706 09:15:12.307729 2951850 event_listener.cc:127] [event_listener/table_file_deleted] db: /nvme/jinghuan/node_40002/db, sst file: /nvme/jinghuan/node_40002/db/000034.sst, status: OK
I20230706 09:15:15.090711 2951850 event_listener.cc:138] [event_listener/table_file_created] column family: default, file path: /nvme/jinghuan/node_40002/db/000106.sst, file size: 138797486, job id: 42, reason: compaction, status: OK
I20230706 09:15:15.102617 2951850 event_listener.cc:71] [event_listener/compaction_completed] column family: default, compaction reason: 11, output compression type: no, base input level(files): 2(1), output level(files): 2(1), input bytes: 138797486, output bytes:138797486, is_manual_compaction:no, elapsed(micro): 2782935
I20230706 09:15:15.113382 2951850 event_listener.cc:127] [event_listener/table_file_deleted] db: /nvme/jinghuan/node_40002/db, sst file: /nvme/jinghuan/node_40002/db/000078.sst, status: OK
I20230706 09:15:15.487378 2951850 event_listener.cc:138] [event_listener/table_file_created] column family: default, file path: /nvme/jinghuan/node_40002/db/000107.sst, file size: 17079708, job id: 43, reason: compaction, status: OK
I20230706 09:15:15.494926 2951850 event_listener.cc:71] [event_listener/compaction_completed] column family: default, compaction reason: 11, output compression type: no, base input level(files): 2(1), output level(files): 2(1), input bytes: 17079708, output bytes:17079708, is_manual_compaction:no, elapsed(micro): 373994
I20230706 09:15:15.497308 2951850 event_listener.cc:127] [event_listener/table_file_deleted] db: /nvme/jinghuan/node_40002/db, sst file: /nvme/jinghuan/node_40002/db/000093.sst, status: OK
I20230706 09:15:46.372401 2951853 event_listener.cc:84] [event_listener/flush_begin] column family: default, thread_id: 2951853, job_id: 44, reason: 6
I20230706 09:15:47.511379 2951853 event_listener.cc:138] [event_listener/table_file_created] column family: default, file path: /nvme/jinghuan/node_40002/db/000110.sst, file size: 55747897, job id: 44, reason: flush, status: OK
I20230706 09:15:47.517578 2951853 event_listener.cc:91] [event_listener/flush_completed] column family: default, thread_id: 2951853, job_id: 44, file: /nvme/jinghuan/node_40002/db/000110.sst, reason: 6, is_write_slowdown: no, is_write_stall: no, largest seqno: 13096280, smallest seqno: 12527679
I20230706 09:16:44.948689 2951852 event_listener.cc:84] [event_listener/flush_begin] column family: default, thread_id: 2951852, job_id: 45, reason: 6
I20230706 09:16:46.104068 2951852 event_listener.cc:138] [event_listener/table_file_created] column family: default, file path: /nvme/jinghuan/node_40002/db/000113.sst, file size: 56699502, job id: 45, reason: flush, status: OK
I20230706 09:16:46.119203 2951852 event_listener.cc:91] [event_listener/flush_completed] column family: default, thread_id: 2951852, job_id: 45, file: /nvme/jinghuan/node_40002/db/000113.sst, reason: 6, is_write_slowdown: no, is_write_stall: no, largest seqno: 13673673, smallest seqno: 13096281
I20230706 09:17:43.843326 2951853 event_listener.cc:84] [event_listener/flush_begin] column family: default, thread_id: 2951853, job_id: 46, reason: 6
I20230706 09:17:45.171715 2951853 event_listener.cc:138] [event_listener/table_file_created] column family: default, file path: /nvme/jinghuan/node_40002/db/000116.sst, file size: 57973783, job id: 46, reason: flush, status: OK
I20230706 09:17:45.184959 2951853 event_listener.cc:91] [event_listener/flush_completed] column family: default, thread_id: 2951853, job_id: 46, file: /nvme/jinghuan/node_40002/db/000116.sst, reason: 6, is_write_slowdown: no, is_write_stall: no, largest seqno: 14267118, smallest seqno: 13673674
I20230706 09:17:48.488169 2951851 event_listener.cc:138] [event_listener/table_file_created] column family: default, file path: /nvme/jinghuan/node_40002/db/000117.sst, file size: 137869926, job id: 47, reason: compaction, status: OK
I20230706 09:17:51.705826 2951851 event_listener.cc:138] [event_listener/table_file_created] column family: default, file path: /nvme/jinghuan/node_40002/db/000118.sst, file size: 138421225, job id: 47, reason: compaction, status: OK
I20230706 09:17:52.716040 2951851 event_listener.cc:138] [event_listener/table_file_created] column family: default, file path: /nvme/jinghuan/node_40002/db/000119.sst, file size: 40321329, job id: 47, reason: compaction, status: OK
I20230706 09:17:52.739184 2951851 event_listener.cc:71] [event_listener/compaction_completed] column family: default, compaction reason: 1, output compression type: no, base input level(files): 0(5), output level(files): 1(3), input bytes: 374478834, output bytes:316612480, is_manual_compaction:no, elapsed(micro): 7530891
I20230706 09:17:52.747622 2951851 event_listener.cc:127] [event_listener/table_file_deleted] db: /nvme/jinghuan/node_40002/db, sst file: /nvme/jinghuan/node_40002/db/000116.sst, status: OK
I20230706 09:17:52.751775 2951851 event_listener.cc:127] [event_listener/table_file_deleted] db: /nvme/jinghuan/node_40002/db, sst file: /nvme/jinghuan/node_40002/db/000113.sst, status: OK
I20230706 09:17:52.755831 2951851 event_listener.cc:127] [event_listener/table_file_deleted] db: /nvme/jinghuan/node_40002/db, sst file: /nvme/jinghuan/node_40002/db/000110.sst, status: OK
I20230706 09:17:52.761219 2951851 event_listener.cc:127] [event_listener/table_file_deleted] db: /nvme/jinghuan/node_40002/db, sst file: /nvme/jinghuan/node_40002/db/000096.sst, status: OK
I20230706 09:17:52.771423 2951851 event_listener.cc:127] [event_listener/table_file_deleted] db: /nvme/jinghuan/node_40002/db, sst file: /nvme/jinghuan/node_40002/db/000092.sst, status: OK
I20230706 09:17:54.019490 2951851 event_listener.cc:138] [event_listener/table_file_created] column family: default, file path: /nvme/jinghuan/node_40002/db/000120.sst, file size: 55176218, job id: 48, reason: compaction, status: OK
I20230706 09:17:54.037451 2951851 event_listener.cc:71] [event_listener/compaction_completed] column family: default, compaction reason: 2, output compression type: no, base input level(files): 1(2), output level(files): 2(1), input bytes: 57401037, output bytes:55176218, is_manual_compaction:no, elapsed(micro): 1248021
I20230706 09:17:54.042239 2951851 event_listener.cc:127] [event_listener/table_file_deleted] db: /nvme/jinghuan/node_40002/db, sst file: /nvme/jinghuan/node_40002/db/000119.sst, status: OK
I20230706 09:17:54.044389 2951851 event_listener.cc:127] [event_listener/table_file_deleted] db: /nvme/jinghuan/node_40002/db, sst file: /nvme/jinghuan/node_40002/db/000107.sst, status: OK
I20230706 09:17:57.223609 2951851 event_listener.cc:138] [event_listener/table_file_created] column family: default, file path: /nvme/jinghuan/node_40002/db/000121.sst, file size: 138797673, job id: 49, reason: compaction, status: OK
I20230706 09:18:00.527895 2951851 event_listener.cc:138] [event_listener/table_file_created] column family: default, file path: /nvme/jinghuan/node_40002/db/000122.sst, file size: 138797830, job id: 49, reason: compaction, status: OK
I20230706 09:18:03.731907 2951851 event_listener.cc:138] [event_listener/table_file_created] column family: default, file path: /nvme/jinghuan/node_40002/db/000123.sst, file size: 138798048, job id: 49, reason: compaction, status: OK
I20230706 09:18:05.433374 2951851 event_listener.cc:138] [event_listener/table_file_created] column family: default, file path: /nvme/jinghuan/node_40002/db/000124.sst, file size: 72441312, job id: 49, reason: compaction, status: OK
I20230706 09:18:05.468299 2951851 event_listener.cc:71] [event_listener/compaction_completed] column family: default, compaction reason: 2, output compression type: no, base input level(files): 1(4), output level(files): 2(4), input bytes: 534478719, output bytes:488834863, is_manual_compaction:no, elapsed(micro): 11388981
I20230706 09:18:05.483104 2951851 event_listener.cc:127] [event_listener/table_file_deleted] db: /nvme/jinghuan/node_40002/db, sst file: /nvme/jinghuan/node_40002/db/000118.sst, status: OK
I20230706 09:18:05.494869 2951851 event_listener.cc:127] [event_listener/table_file_deleted] db: /nvme/jinghuan/node_40002/db, sst file: /nvme/jinghuan/node_40002/db/000106.sst, status: OK
