I20230706 08:59:50.887768 2938851 event_listener.cc:91] [event_listener/flush_completed] column family: default, thread_id: 2938851, job_id: 59, file: /nvme/jinghuan/node_40001/db/000128.sst, reason: 6, is_write_slowdown: no, is_write_stall: no, largest seqno: 20435579, smallest seqno: 19701782
W20230706 08:59:50.887856 2938851 event_listener.cc:132] [event_listener/stall_cond_changed] column family: default write stall condition was changed, from stop to normal
W20230706 08:59:50.889600 2939082 event_listener.cc:132] [event_listener/stall_cond_changed] column family: default write stall condition was changed, from delay to stop
I20230706 08:59:51.570334 2938848 event_listener.cc:138] [event_listener/table_file_created] column family: default, file path: /nvme/jinghuan/node_40001/db/000108.sst, file size: 313155828, job id: 51, reason: compaction, status: OK
I20230706 08:59:51.591097 2938848 event_listener.cc:71] [event_listener/compaction_completed] column family: default, compaction reason: 1, output compression type: no, base input level(files): 0(4), output level(files): 0(1), input bytes: 313266947, output bytes:313155828, is_manual_compaction:no, elapsed(micro): 25497978
I20230706 08:59:51.598381 2938848 event_listener.cc:127] [event_listener/table_file_deleted] db: /nvme/jinghuan/node_40001/db, sst file: /nvme/jinghuan/node_40001/db/000088.sst, status: OK
I20230706 08:59:51.605520 2938848 event_listener.cc:127] [event_listener/table_file_deleted] db: /nvme/jinghuan/node_40001/db, sst file: /nvme/jinghuan/node_40001/db/000085.sst, status: OK
I20230706 08:59:51.610975 2938848 event_listener.cc:127] [event_listener/table_file_deleted] db: /nvme/jinghuan/node_40001/db, sst file: /nvme/jinghuan/node_40001/db/000080.sst, status: OK
I20230706 08:59:51.616732 2938848 event_listener.cc:127] [event_listener/table_file_deleted] db: /nvme/jinghuan/node_40001/db, sst file: /nvme/jinghuan/node_40001/db/000076.sst, status: OK
W20230706 08:59:52.066959 2939081 event_listener.cc:132] [event_listener/stall_cond_changed] column family: default write stall condition was changed, from normal to delay
I20230706 08:59:52.970976 2938853 event_listener.cc:138] [event_listener/table_file_created] column family: default, file path: /nvme/jinghuan/node_40001/db/000131.sst, file size: 76728843, job id: 60, reason: flush, status: OK
I20230706 08:59:52.986317 2938853 event_listener.cc:91] [event_listener/flush_completed] column family: default, thread_id: 2938853, job_id: 60, file: /nvme/jinghuan/node_40001/db/000131.sst, reason: 6, is_write_slowdown: no, is_write_stall: no, largest seqno: 21097559, smallest seqno: 20435581
W20230706 08:59:52.986425 2938853 event_listener.cc:132] [event_listener/stall_cond_changed] column family: default write stall condition was changed, from delay to normal
I20230706 08:59:53.254709 2938851 event_listener.cc:84] [event_listener/flush_begin] column family: default, thread_id: 2938851, job_id: 65, reason: 6
I20230706 08:59:54.530681 2938853 event_listener.cc:84] [event_listener/flush_begin] column family: metadata, thread_id: 2938853, job_id: 66, reason: 13
W20230706 08:59:54.909066 2939084 event_listener.cc:132] [event_listener/stall_cond_changed] column family: default write stall condition was changed, from normal to delay
I20230706 08:59:55.772075 2938853 event_listener.cc:138] [event_listener/table_file_created] column family: metadata, file path: /nvme/jinghuan/node_40001/db/000136.sst, file size: 19219261, job id: 66, reason: flush, status: OK
I20230706 08:59:55.780987 2938853 event_listener.cc:91] [event_listener/flush_completed] column family: metadata, thread_id: 2938853, job_id: 66, file: /nvme/jinghuan/node_40001/db/000136.sst, reason: 13, is_write_slowdown: no, is_write_stall: no, largest seqno: 22033032, smallest seqno: 18885471
I20230706 08:59:55.879892 2938851 event_listener.cc:138] [event_listener/table_file_created] column family: default, file path: /nvme/jinghuan/node_40001/db/000134.sst, file size: 74328484, job id: 65, reason: flush, status: OK
I20230706 08:59:55.892964 2938851 event_listener.cc:91] [event_listener/flush_completed] column family: default, thread_id: 2938851, job_id: 65, file: /nvme/jinghuan/node_40001/db/000134.sst, reason: 6, is_write_slowdown: no, is_write_stall: no, largest seqno: 21738826, smallest seqno: 21097561
W20230706 08:59:55.893183 2938851 event_listener.cc:132] [event_listener/stall_cond_changed] column family: default write stall condition was changed, from delay to normal
I20230706 08:59:58.428383 2938853 event_listener.cc:84] [event_listener/flush_begin] column family: default, thread_id: 2938853, job_id: 69, reason: 6
I20230706 09:00:01.384403 2938853 event_listener.cc:138] [event_listener/table_file_created] column family: default, file path: /nvme/jinghuan/node_40001/db/000140.sst, file size: 75841734, job id: 69, reason: flush, status: OK
I20230706 09:00:01.401304 2938853 event_listener.cc:91] [event_listener/flush_completed] column family: default, thread_id: 2938853, job_id: 69, file: /nvme/jinghuan/node_40001/db/000140.sst, reason: 6, is_write_slowdown: no, is_write_stall: no, largest seqno: 22393138, smallest seqno: 21738828
I20230706 09:00:04.277834 2938849 event_listener.cc:138] [event_listener/table_file_created] column family: default, file path: /nvme/jinghuan/node_40001/db/000123.sst, file size: 324184738, job id: 57, reason: compaction, status: OK
I20230706 09:00:04.302805 2938849 event_listener.cc:71] [event_listener/compaction_completed] column family: default, compaction reason: 1, output compression type: no, base input level(files): 0(5), output level(files): 0(1), input bytes: 324309392, output bytes:324184738, is_manual_compaction:no, elapsed(micro): 21067833
I20230706 09:00:04.313091 2938849 event_listener.cc:127] [event_listener/table_file_deleted] db: /nvme/jinghuan/node_40001/db, sst file: /nvme/jinghuan/node_40001/db/000104.sst, status: OK
I20230706 09:00:04.319764 2938849 event_listener.cc:127] [event_listener/table_file_deleted] db: /nvme/jinghuan/node_40001/db, sst file: /nvme/jinghuan/node_40001/db/000099.sst, status: OK
I20230706 09:00:04.326155 2938849 event_listener.cc:127] [event_listener/table_file_deleted] db: /nvme/jinghuan/node_40001/db, sst file: /nvme/jinghuan/node_40001/db/000096.sst, status: OK
I20230706 09:00:04.333315 2938849 event_listener.cc:127] [event_listener/table_file_deleted] db: /nvme/jinghuan/node_40001/db, sst file: /nvme/jinghuan/node_40001/db/000092.sst, status: OK
I20230706 09:00:05.419342 2938851 event_listener.cc:84] [event_listener/flush_begin] column family: default, thread_id: 2938851, job_id: 72, reason: 6
I20230706 09:00:07.782464 2938851 event_listener.cc:138] [event_listener/table_file_created] column family: default, file path: /nvme/jinghuan/node_40001/db/000143.sst, file size: 75779182, job id: 72, reason: flush, status: OK
I20230706 09:00:07.793031 2938851 event_listener.cc:91] [event_listener/flush_completed] column family: default, thread_id: 2938851, job_id: 72, file: /nvme/jinghuan/node_40001/db/000143.sst, reason: 6, is_write_slowdown: no, is_write_stall: no, largest seqno: 23046879, smallest seqno: 22393140
I20230706 09:00:08.980230 2938848 event_listener.cc:138] [event_listener/table_file_created] column family: default, file path: /nvme/jinghuan/node_40001/db/000138.sst, file size: 316335167, job id: 68, reason: compaction, status: OK
I20230706 09:00:09.004324 2938848 event_listener.cc:71] [event_listener/compaction_completed] column family: default, compaction reason: 1, output compression type: no, base input level(files): 0(4), output level(files): 0(1), input bytes: 316470499, output bytes:316335167, is_manual_compaction:no, elapsed(micro): 13087179
I20230706 09:00:09.013983 2938848 event_listener.cc:127] [event_listener/table_file_deleted] db: /nvme/jinghuan/node_40001/db, sst file: /nvme/jinghuan/node_40001/db/000134.sst, status: OK
I20230706 09:00:09.018993 2938848 event_listener.cc:127] [event_listener/table_file_deleted] db: /nvme/jinghuan/node_40001/db, sst file: /nvme/jinghuan/node_40001/db/000131.sst, status: OK
I20230706 09:00:09.024255 2938848 event_listener.cc:127] [event_listener/table_file_deleted] db: /nvme/jinghuan/node_40001/db, sst file: /nvme/jinghuan/node_40001/db/000128.sst, status: OK
I20230706 09:00:09.029407 2938848 event_listener.cc:127] [event_listener/table_file_deleted] db: /nvme/jinghuan/node_40001/db, sst file: /nvme/jinghuan/node_40001/db/000125.sst, status: OK
I20230706 09:00:09.030062 2938848 event_listener.cc:127] [event_listener/table_file_deleted] db: /nvme/jinghuan/node_40001/db, sst file: /nvme/jinghuan/node_40001/db/000121.sst, status: OK
I20230706 09:00:09.035213 2938848 event_listener.cc:127] [event_listener/table_file_deleted] db: /nvme/jinghuan/node_40001/db, sst file: /nvme/jinghuan/node_40001/db/000119.sst, status: OK
I20230706 09:00:09.039940 2938848 event_listener.cc:127] [event_listener/table_file_deleted] db: /nvme/jinghuan/node_40001/db, sst file: /nvme/jinghuan/node_40001/db/000114.sst, status: OK
I20230706 09:00:09.044761 2938848 event_listener.cc:127] [event_listener/table_file_deleted] db: /nvme/jinghuan/node_40001/db, sst file: /nvme/jinghuan/node_40001/db/000111.sst, status: OK
I20230706 09:00:09.049502 2938848 event_listener.cc:127] [event_listener/table_file_deleted] db: /nvme/jinghuan/node_40001/db, sst file: /nvme/jinghuan/node_40001/db/000107.sst, status: OK
I20230706 09:00:11.591719 2938849 event_listener.cc:138] [event_listener/table_file_created] column family: default, file path: /nvme/jinghuan/node_40001/db/000145.sst, file size: 138659528, job id: 75, reason: compaction, status: OK
I20230706 09:00:12.681680 2938853 event_listener.cc:84] [event_listener/flush_begin] column family: default, thread_id: 2938853, job_id: 76, reason: 6
I20230706 09:00:14.281499 2939081 cluster.cc:286] MASTER MODE enabled by cluster topology setting
I20230706 09:00:14.417433 2939086 cluster.cc:923] function: Migrate parallel seek-and-insert
I20230706 09:00:14.417490 2939086 slot_migrate_parallel.cc:32] [migrate] Start migrating slots, from slot: 6052 to slot: 6052. Slots are moving to 127.0.0.1:40002
I20230706 09:00:14.417513 2939086 cluster.cc:935] [cluster migration] Finished slot migration cmds sending, start to set nodes
I20230706 09:00:14.417546 2939079 slot_migrate.cc:165] [migrate] Migrating slot: -1, dst_ip: 127.0.0.1, dst_port: 40002, max_speed: 0, max_pipeline_size: 16
I20230706 09:00:14.418035 2939079 slot_migrate.cc:305] [migrate] Start migrating slot 6052, connect destination fd 80
I20230706 09:00:14.418066 2939079 slot_migrate.cc:195] [migrate] Succeed to start migrating slot 6052
I20230706 09:00:14.418082 2939079 slot_migrate.cc:316] [migrate] Start migrating snapshot of slot 6052
I20230706 09:00:14.418145 2939079 slot_migrate.cc:327] [migrate] Iterate keys of slot, key's prefix: __namespace
I20230706 09:00:14.418190 2939079 slot_migrate.cc:903] [migrate] No commands to send
I20230706 09:00:14.418205 2939079 slot_migrate.cc:376] [migrate] Succeed to migrate slot snapshot, slot: 6052, Migrated keys: 0, Expired keys: 0, Emtpy keys: 0
I20230706 09:00:14.418229 2939079 slot_migrate.cc:209] Finished sending snapshot, time taken(us): 147, seek time taken(us): 0, network response time taken(us): 0
I20230706 09:00:14.418246 2939079 slot_migrate.cc:1050] [migrate] Incremental data sequence: 33, less than limit: 10000, go to set forbidden slot
I20230706 09:00:14.418260 2939079 slot_migrate.cc:1074] [migrate] Succeed to migrate incremental data before setting forbidden slot, end epoch: 0
I20230706 09:00:14.418275 2939079 slot_migrate.cc:932] [migrate] Setting forbidden slot 6052
I20230706 09:00:14.418304 2939079 slot_migrate.cc:940] [migrate] To set forbidden slot, server was blocked for 3us
I20230706 09:00:14.431912 2939079 slot_migrate.cc:1022] [migrate] Migrate incremental data an epoch OK, seq from 23893143, to 23893176
I20230706 09:00:14.431934 2939079 slot_migrate.cc:903] [migrate] No commands to send
I20230706 09:00:14.431944 2939079 slot_migrate.cc:225] [migrate] Succeed to sync from WAL for a slot 6052
I20230706 09:00:14.432107 2939079 slot_migrate.cc:237] [migrate] Succeed to migrate slot 6052
I20230706 09:00:14.432113 2939079 slot_migrate.cc:438] [migrate] Clean resources of migrating slot 6052
I20230706 09:00:15.097854 2938853 event_listener.cc:138] [event_listener/table_file_created] column family: default, file path: /nvme/jinghuan/node_40001/db/000148.sst, file size: 78545303, job id: 76, reason: flush, status: OK
I20230706 09:00:15.110266 2938853 event_listener.cc:91] [event_listener/flush_completed] column family: default, thread_id: 2938853, job_id: 76, file: /nvme/jinghuan/node_40001/db/000148.sst, reason: 6, is_write_slowdown: no, is_write_stall: no, largest seqno: 23724490, smallest seqno: 23046881
I20230706 09:00:15.785542 2938849 event_listener.cc:138] [event_listener/table_file_created] column family: default, file path: /nvme/jinghuan/node_40001/db/000146.sst, file size: 138700836, job id: 75, reason: compaction, status: OK
I20230706 09:00:18.484953 2938849 event_listener.cc:138] [event_listener/table_file_created] column family: default, file path: /nvme/jinghuan/node_40001/db/000149.sst, file size: 138700892, job id: 75, reason: compaction, status: OK
I20230706 09:00:19.824290 2938851 event_listener.cc:84] [event_listener/flush_begin] column family: default, thread_id: 2938851, job_id: 77, reason: 6
I20230706 09:00:21.895951 2938851 event_listener.cc:138] [event_listener/table_file_created] column family: default, file path: /nvme/jinghuan/node_40001/db/000153.sst, file size: 78195997, job id: 77, reason: flush, status: OK
I20230706 09:00:21.911245 2938851 event_listener.cc:91] [event_listener/flush_completed] column family: default, thread_id: 2938851, job_id: 77, file: /nvme/jinghuan/node_40001/db/000153.sst, reason: 6, is_write_slowdown: no, is_write_stall: no, largest seqno: 24399098, smallest seqno: 23724492
I20230706 09:00:22.494506 2938849 event_listener.cc:138] [event_listener/table_file_created] column family: default, file path: /nvme/jinghuan/node_40001/db/000151.sst, file size: 138700781, job id: 75, reason: compaction, status: OK
I20230706 09:00:24.998970 2938849 event_listener.cc:138] [event_listener/table_file_created] column family: default, file path: /nvme/jinghuan/node_40001/db/000154.sst, file size: 138739333, job id: 75, reason: compaction, status: OK
I20230706 09:00:26.788551 2938853 event_listener.cc:84] [event_listener/flush_begin] column family: default, thread_id: 2938853, job_id: 78, reason: 6
I20230706 09:00:28.017336 2938851 event_listener.cc:84] [event_listener/flush_begin] column family: metadata, thread_id: 2938851, job_id: 79, reason: 13
I20230706 09:00:29.001320 2938849 event_listener.cc:138] [event_listener/table_file_created] column family: default, file path: /nvme/jinghuan/node_40001/db/000156.sst, file size: 138796937, job id: 75, reason: compaction, status: OK
I20230706 09:00:29.197350 2938851 event_listener.cc:138] [event_listener/table_file_created] column family: metadata, file path: /nvme/jinghuan/node_40001/db/000160.sst, file size: 19240169, job id: 79, reason: flush, status: OK
I20230706 09:00:29.209591 2938851 event_listener.cc:91] [event_listener/flush_completed] column family: metadata, thread_id: 2938851, job_id: 79, file: /nvme/jinghuan/node_40001/db/000160.sst, reason: 13, is_write_slowdown: no, is_write_stall: no, largest seqno: 25180836, smallest seqno: 22033043
I20230706 09:00:29.296164 2938853 event_listener.cc:138] [event_listener/table_file_created] column family: default, file path: /nvme/jinghuan/node_40001/db/000158.sst, file size: 76874704, job id: 78, reason: flush, status: OK
I20230706 09:00:29.305197 2938853 event_listener.cc:91] [event_listener/flush_completed] column family: default, thread_id: 2938853, job_id: 78, file: /nvme/jinghuan/node_40001/db/000158.sst, reason: 6, is_write_slowdown: no, is_write_stall: no, largest seqno: 25062310, smallest seqno: 24399100
I20230706 09:00:33.678579 2938851 event_listener.cc:84] [event_listener/flush_begin] column family: default, thread_id: 2938851, job_id: 81, reason: 6
I20230706 09:00:33.695683 2938849 event_listener.cc:138] [event_listener/table_file_created] column family: default, file path: /nvme/jinghuan/node_40001/db/000161.sst, file size: 138797063, job id: 75, reason: compaction, status: OK
I20230706 09:00:34.899690 2938848 event_listener.cc:138] [event_listener/table_file_created] column family: metadata, file path: /nvme/jinghuan/node_40001/db/000162.sst, file size: 138146206, job id: 80, reason: compaction, status: OK
I20230706 09:00:35.805213 2938848 event_listener.cc:138] [event_listener/table_file_created] column family: metadata, file path: /nvme/jinghuan/node_40001/db/000167.sst, file size: 13900290, job id: 80, reason: compaction, status: OK
I20230706 09:00:35.818300 2938848 event_listener.cc:71] [event_listener/compaction_completed] column family: metadata, compaction reason: 1, output compression type: no, base input level(files): 0(5), output level(files): 1(2), input bytes: 153234498, output bytes:152046496, is_manual_compaction:no, elapsed(micro): 6595412
I20230706 09:00:35.820322 2938848 event_listener.cc:127] [event_listener/table_file_deleted] db: /nvme/jinghuan/node_40001/db, sst file: /nvme/jinghuan/node_40001/db/000136.sst, status: OK
I20230706 09:00:35.822172 2938848 event_listener.cc:127] [event_listener/table_file_deleted] db: /nvme/jinghuan/node_40001/db, sst file: /nvme/jinghuan/node_40001/db/000117.sst, status: OK
I20230706 09:00:35.824118 2938848 event_listener.cc:127] [event_listener/table_file_deleted] db: /nvme/jinghuan/node_40001/db, sst file: /nvme/jinghuan/node_40001/db/000101.sst, status: OK
I20230706 09:00:35.829567 2938848 event_listener.cc:127] [event_listener/table_file_deleted] db: /nvme/jinghuan/node_40001/db, sst file: /nvme/jinghuan/node_40001/db/000089.sst, status: OK
I20230706 09:00:36.503402 2938851 event_listener.cc:138] [event_listener/table_file_created] column family: default, file path: /nvme/jinghuan/node_40001/db/000165.sst, file size: 77519037, job id: 81, reason: flush, status: OK
I20230706 09:00:36.519862 2938851 event_listener.cc:91] [event_listener/flush_completed] column family: default, thread_id: 2938851, job_id: 81, file: /nvme/jinghuan/node_40001/db/000165.sst, reason: 6, is_write_slowdown: no, is_write_stall: no, largest seqno: 25731099, smallest seqno: 25062312
I20230706 09:00:39.594458 2938849 event_listener.cc:138] [event_listener/table_file_created] column family: default, file path: /nvme/jinghuan/node_40001/db/000166.sst, file size: 138795198, job id: 75, reason: compaction, status: OK
I20230706 09:00:40.570643 2938853 event_listener.cc:84] [event_listener/flush_begin] column family: default, thread_id: 2938853, job_id: 83, reason: 6
I20230706 09:00:43.200929 2938853 event_listener.cc:138] [event_listener/table_file_created] column family: default, file path: /nvme/jinghuan/node_40001/db/000172.sst, file size: 77448297, job id: 83, reason: flush, status: OK
I20230706 09:00:43.207471 2938853 event_listener.cc:91] [event_listener/flush_completed] column family: default, thread_id: 2938853, job_id: 83, file: /nvme/jinghuan/node_40001/db/000172.sst, reason: 6, is_write_slowdown: no, is_write_stall: no, largest seqno: 26399261, smallest seqno: 25731101
I20230706 09:00:45.304040 2938849 event_listener.cc:138] [event_listener/table_file_created] column family: default, file path: /nvme/jinghuan/node_40001/db/000170.sst, file size: 138713019, job id: 75, reason: compaction, status: OK
I20230706 09:00:47.371085 2938851 event_listener.cc:84] [event_listener/flush_begin] column family: default, thread_id: 2938851, job_id: 84, reason: 6
I20230706 09:00:49.312451 2938848 event_listener.cc:138] [event_listener/table_file_created] column family: default, file path: /nvme/jinghuan/node_40001/db/000168.sst, file size: 311004155, job id: 82, reason: compaction, status: OK
I20230706 09:00:49.333726 2938848 event_listener.cc:71] [event_listener/compaction_completed] column family: default, compaction reason: 1, output compression type: no, base input level(files): 0(4), output level(files): 0(1), input bytes: 311135041, output bytes:311004155, is_manual_compaction:no, elapsed(micro): 12792600
I20230706 09:00:49.811859 2938851 event_listener.cc:138] [event_listener/table_file_created] column family: default, file path: /nvme/jinghuan/node_40001/db/000176.sst, file size: 78806788, job id: 84, reason: flush, status: OK
I20230706 09:00:49.818025 2938851 event_listener.cc:91] [event_listener/flush_completed] column family: default, thread_id: 2938851, job_id: 84, file: /nvme/jinghuan/node_40001/db/000176.sst, reason: 6, is_write_slowdown: no, is_write_stall: no, largest seqno: 27079149, smallest seqno: 26399263
I20230706 09:00:50.411619 2938849 event_listener.cc:138] [event_listener/table_file_created] column family: default, file path: /nvme/jinghuan/node_40001/db/000174.sst, file size: 138666851, job id: 75, reason: compaction, status: OK
I20230706 09:00:52.610940 2938849 event_listener.cc:138] [event_listener/table_file_created] column family: default, file path: /nvme/jinghuan/node_40001/db/000177.sst, file size: 138682870, job id: 75, reason: compaction, status: OK
I20230706 09:00:54.503711 2938853 event_listener.cc:84] [event_listener/flush_begin] column family: default, thread_id: 2938853, job_id: 89, reason: 6
I20230706 09:00:55.309899 2938849 event_listener.cc:138] [event_listener/table_file_created] column family: default, file path: /nvme/jinghuan/node_40001/db/000179.sst, file size: 138682806, job id: 75, reason: compaction, status: OK
I20230706 09:00:56.412581 2938853 event_listener.cc:138] [event_listener/table_file_created] column family: default, file path: /nvme/jinghuan/node_40001/db/000181.sst, file size: 79055707, job id: 89, reason: flush, status: OK
I20230706 09:00:56.427583 2938853 event_listener.cc:91] [event_listener/flush_completed] column family: default, thread_id: 2938853, job_id: 89, file: /nvme/jinghuan/node_40001/db/000181.sst, reason: 6, is_write_slowdown: no, is_write_stall: no, largest seqno: 27761193, smallest seqno: 27079151
I20230706 09:00:58.308079 2938849 event_listener.cc:138] [event_listener/table_file_created] column family: default, file path: /nvme/jinghuan/node_40001/db/000182.sst, file size: 138678873, job id: 75, reason: compaction, status: OK
I20230706 09:01:00.326304 2938849 event_listener.cc:138] [event_listener/table_file_created] column family: default, file path: /nvme/jinghuan/node_40001/db/000184.sst, file size: 138689798, job id: 75, reason: compaction, status: OK
I20230706 09:01:00.678874 2938851 event_listener.cc:84] [event_listener/flush_begin] column family: metadata, thread_id: 2938851, job_id: 92, reason: 13
I20230706 09:01:01.135437 2938851 event_listener.cc:138] [event_listener/table_file_created] column family: metadata, file path: /nvme/jinghuan/node_40001/db/000187.sst, file size: 19247147, job id: 92, reason: flush, status: OK
I20230706 09:01:01.148130 2938851 event_listener.cc:91] [event_listener/flush_completed] column family: metadata, thread_id: 2938851, job_id: 92, file: /nvme/jinghuan/node_40001/db/000187.sst, reason: 13, is_write_slowdown: no, is_write_stall: no, largest seqno: 28328728, smallest seqno: 25180847
I20230706 09:01:01.667410 2938853 event_listener.cc:84] [event_listener/flush_begin] column family: default, thread_id: 2938853, job_id: 94, reason: 6
I20230706 09:01:03.332280 2938853 event_listener.cc:138] [event_listener/table_file_created] column family: default, file path: /nvme/jinghuan/node_40001/db/000189.sst, file size: 76918072, job id: 94, reason: flush, status: OK
I20230706 09:01:03.344811 2938853 event_listener.cc:91] [event_listener/flush_completed] column family: default, thread_id: 2938853, job_id: 94, file: /nvme/jinghuan/node_40001/db/000189.sst, reason: 6, is_write_slowdown: no, is_write_stall: no, largest seqno: 28424790, smallest seqno: 27761195
I20230706 09:01:04.320259 2938849 event_listener.cc:138] [event_listener/table_file_created] column family: default, file path: /nvme/jinghuan/node_40001/db/000185.sst, file size: 138728719, job id: 75, reason: compaction, status: OK
I20230706 09:01:08.611068 2938849 event_listener.cc:138] [event_listener/table_file_created] column family: default, file path: /nvme/jinghuan/node_40001/db/000191.sst, file size: 138728736, job id: 75, reason: compaction, status: OK
I20230706 09:01:08.774757 2938851 event_listener.cc:84] [event_listener/flush_begin] column family: default, thread_id: 2938851, job_id: 96, reason: 6
I20230706 09:01:10.927058 2938851 event_listener.cc:138] [event_listener/table_file_created] column family: default, file path: /nvme/jinghuan/node_40001/db/000195.sst, file size: 80141106, job id: 96, reason: flush, status: OK
I20230706 09:01:10.933544 2938851 event_listener.cc:91] [event_listener/flush_completed] column family: default, thread_id: 2938851, job_id: 96, file: /nvme/jinghuan/node_40001/db/000195.sst, reason: 6, is_write_slowdown: no, is_write_stall: no, largest seqno: 29116184, smallest seqno: 28424792
I20230706 09:01:13.317247 2938848 event_listener.cc:138] [event_listener/table_file_created] column family: default, file path: /nvme/jinghuan/node_40001/db/000190.sst, file size: 312105295, job id: 95, reason: compaction, status: OK
I20230706 09:01:13.338793 2938848 event_listener.cc:71] [event_listener/compaction_completed] column family: default, compaction reason: 1, output compression type: no, base input level(files): 0(4), output level(files): 0(1), input bytes: 312228864, output bytes:312105295, is_manual_compaction:no, elapsed(micro): 9972272
I20230706 09:01:13.737268 2938849 event_listener.cc:138] [event_listener/table_file_created] column family: default, file path: /nvme/jinghuan/node_40001/db/000193.sst, file size: 138728649, job id: 75, reason: compaction, status: OK
I20230706 09:01:15.744030 2938849 event_listener.cc:138] [event_listener/table_file_created] column family: default, file path: /nvme/jinghuan/node_40001/db/000197.sst, file size: 138728745, job id: 75, reason: compaction, status: OK
I20230706 09:01:15.903657 2938853 event_listener.cc:84] [event_listener/flush_begin] column family: default, thread_id: 2938853, job_id: 99, reason: 6
I20230706 09:01:16.940459 2938849 event_listener.cc:138] [event_listener/table_file_created] column family: default, file path: /nvme/jinghuan/node_40001/db/000198.sst, file size: 32822707, job id: 75, reason: compaction, status: OK
I20230706 09:01:17.034034 2938849 event_listener.cc:71] [event_listener/compaction_completed] column family: default, compaction reason: 1, output compression type: no, base input level(files): 0(11), output level(files): 1(19), input bytes: 2531589599, output bytes:2529742341, is_manual_compaction:no, elapsed(micro): 67936071
I20230706 09:01:17.042379 2938849 event_listener.cc:127] [event_listener/table_file_deleted] db: /nvme/jinghuan/node_40001/db, sst file: /nvme/jinghuan/node_40001/db/000189.sst, status: OK
I20230706 09:01:17.047909 2938849 event_listener.cc:127] [event_listener/table_file_deleted] db: /nvme/jinghuan/node_40001/db, sst file: /nvme/jinghuan/node_40001/db/000181.sst, status: OK
I20230706 09:01:17.053328 2938849 event_listener.cc:127] [event_listener/table_file_deleted] db: /nvme/jinghuan/node_40001/db, sst file: /nvme/jinghuan/node_40001/db/000176.sst, status: OK
I20230706 09:01:17.058523 2938849 event_listener.cc:127] [event_listener/table_file_deleted] db: /nvme/jinghuan/node_40001/db, sst file: /nvme/jinghuan/node_40001/db/000172.sst, status: OK
I20230706 09:01:17.064000 2938849 event_listener.cc:127] [event_listener/table_file_deleted] db: /nvme/jinghuan/node_40001/db, sst file: /nvme/jinghuan/node_40001/db/000165.sst, status: OK
I20230706 09:01:17.065446 2938849 event_listener.cc:127] [event_listener/table_file_deleted] db: /nvme/jinghuan/node_40001/db, sst file: /nvme/jinghuan/node_40001/db/000160.sst, status: OK
I20230706 09:01:17.070787 2938849 event_listener.cc:127] [event_listener/table_file_deleted] db: /nvme/jinghuan/node_40001/db, sst file: /nvme/jinghuan/node_40001/db/000158.sst, status: OK
I20230706 09:01:17.075904 2938849 event_listener.cc:127] [event_listener/table_file_deleted] db: /nvme/jinghuan/node_40001/db, sst file: /nvme/jinghuan/node_40001/db/000153.sst, status: OK
I20230706 09:01:17.081202 2938849 event_listener.cc:127] [event_listener/table_file_deleted] db: /nvme/jinghuan/node_40001/db, sst file: /nvme/jinghuan/node_40001/db/000148.sst, status: OK
I20230706 09:01:17.096882 2938849 event_listener.cc:71] [event_listener/compaction_completed] column family: default, compaction reason: 2, output compression type: no, base input level(files): 1(1), output level(files): 2(1), input bytes: 0, output bytes:0, is_manual_compaction:no, elapsed(micro): 0
I20230706 09:01:17.103098 2938849 event_listener.cc:71] [event_listener/compaction_completed] column family: default, compaction reason: 2, output compression type: no, base input level(files): 1(1), output level(files): 2(1), input bytes: 0, output bytes:0, is_manual_compaction:no, elapsed(micro): 0
I20230706 09:01:17.119571 2938849 event_listener.cc:71] [event_listener/compaction_completed] column family: default, compaction reason: 2, output compression type: no, base input level(files): 1(1), output level(files): 2(1), input bytes: 0, output bytes:0, is_manual_compaction:no, elapsed(micro): 0
I20230706 09:01:17.125945 2938848 event_listener.cc:71] [event_listener/compaction_completed] column family: default, compaction reason: 2, output compression type: no, base input level(files): 1(1), output level(files): 2(1), input bytes: 0, output bytes:0, is_manual_compaction:no, elapsed(micro): 0
I20230706 09:01:17.140717 2938848 event_listener.cc:71] [event_listener/compaction_completed] column family: default, compaction reason: 2, output compression type: no, base input level(files): 1(1), output level(files): 2(1), input bytes: 0, output bytes:0, is_manual_compaction:no, elapsed(micro): 0
I20230706 09:01:17.151376 2938848 event_listener.cc:71] [event_listener/compaction_completed] column family: default, compaction reason: 2, output compression type: no, base input level(files): 1(1), output level(files): 2(1), input bytes: 0, output bytes:0, is_manual_compaction:no, elapsed(micro): 0
I20230706 09:01:17.163010 2938848 event_listener.cc:71] [event_listener/compaction_completed] column family: default, compaction reason: 2, output compression type: no, base input level(files): 1(1), output level(files): 2(1), input bytes: 0, output bytes:0, is_manual_compaction:no, elapsed(micro): 0
I20230706 09:01:17.176504 2938848 event_listener.cc:71] [event_listener/compaction_completed] column family: default, compaction reason: 2, output compression type: no, base input level(files): 1(1), output level(files): 2(1), input bytes: 0, output bytes:0, is_manual_compaction:no, elapsed(micro): 0
I20230706 09:01:17.185226 2938848 event_listener.cc:71] [event_listener/compaction_completed] column family: default, compaction reason: 2, output compression type: no, base input level(files): 1(1), output level(files): 2(1), input bytes: 0, output bytes:0, is_manual_compaction:no, elapsed(micro): 0
I20230706 09:01:17.193599 2938848 event_listener.cc:71] [event_listener/compaction_completed] column family: default, compaction reason: 2, output compression type: no, base input level(files): 1(1), output level(files): 2(1), input bytes: 0, output bytes:0, is_manual_compaction:no, elapsed(micro): 0
I20230706 09:01:17.200181 2938848 event_listener.cc:71] [event_listener/compaction_completed] column family: default, compaction reason: 2, output compression type: no, base input level(files): 1(1), output level(files): 2(1), input bytes: 0, output bytes:0, is_manual_compaction:no, elapsed(micro): 0
I20230706 09:01:17.441020 2938853 event_listener.cc:138] [event_listener/table_file_created] column family: default, file path: /nvme/jinghuan/node_40001/db/000200.sst, file size: 78959048, job id: 99, reason: flush, status: OK
I20230706 09:01:17.452075 2938853 event_listener.cc:91] [event_listener/flush_completed] column family: default, thread_id: 2938853, job_id: 99, file: /nvme/jinghuan/node_40001/db/000200.sst, reason: 6, is_write_slowdown: no, is_write_stall: no, largest seqno: 29797359, smallest seqno: 29116186
I20230706 09:01:17.460222 2938853 event_listener.cc:127] [event_listener/table_file_deleted] db: /nvme/jinghuan/node_40001/db, sst file: /nvme/jinghuan/node_40001/db/000143.sst, status: OK
I20230706 09:01:17.467186 2938853 event_listener.cc:127] [event_listener/table_file_deleted] db: /nvme/jinghuan/node_40001/db, sst file: /nvme/jinghuan/node_40001/db/000140.sst, status: OK
I20230706 09:01:17.486966 2938853 event_listener.cc:127] [event_listener/table_file_deleted] db: /nvme/jinghuan/node_40001/db, sst file: /nvme/jinghuan/node_40001/db/000138.sst, status: OK
I20230706 09:01:17.508388 2938853 event_listener.cc:127] [event_listener/table_file_deleted] db: /nvme/jinghuan/node_40001/db, sst file: /nvme/jinghuan/node_40001/db/000123.sst, status: OK
I20230706 09:01:17.527436 2938853 event_listener.cc:127] [event_listener/table_file_deleted] db: /nvme/jinghuan/node_40001/db, sst file: /nvme/jinghuan/node_40001/db/000108.sst, status: OK
I20230706 09:01:17.548072 2938853 event_listener.cc:127] [event_listener/table_file_deleted] db: /nvme/jinghuan/node_40001/db, sst file: /nvme/jinghuan/node_40001/db/000094.sst, status: OK
I20230706 09:01:17.564941 2938853 event_listener.cc:127] [event_listener/table_file_deleted] db: /nvme/jinghuan/node_40001/db, sst file: /nvme/jinghuan/node_40001/db/000077.sst, status: OK
I20230706 09:01:17.585036 2938853 event_listener.cc:127] [event_listener/table_file_deleted] db: /nvme/jinghuan/node_40001/db, sst file: /nvme/jinghuan/node_40001/db/000063.sst, status: OK
I20230706 09:01:17.586894 2938853 event_listener.cc:127] [event_listener/table_file_deleted] db: /nvme/jinghuan/node_40001/db, sst file: /nvme/jinghuan/node_40001/db/000056.sst, status: OK
I20230706 09:01:17.606101 2938853 event_listener.cc:127] [event_listener/table_file_deleted] db: /nvme/jinghuan/node_40001/db, sst file: /nvme/jinghuan/node_40001/db/000047.sst, status: OK
I20230706 09:01:17.614675 2938853 event_listener.cc:127] [event_listener/table_file_deleted] db: /nvme/jinghuan/node_40001/db, sst file: /nvme/jinghuan/node_40001/db/000044.sst, status: OK
I20230706 09:01:19.336517 2938848 event_listener.cc:138] [event_listener/table_file_created] column family: default, file path: /nvme/jinghuan/node_40001/db/000201.sst, file size: 138655425, job id: 111, reason: compaction, status: OK
I20230706 09:01:21.236924 2938848 event_listener.cc:138] [event_listener/table_file_created] column family: default, file path: /nvme/jinghuan/node_40001/db/000202.sst, file size: 138699933, job id: 111, reason: compaction, status: OK
I20230706 09:01:23.138047 2938848 event_listener.cc:138] [event_listener/table_file_created] column family: default, file path: /nvme/jinghuan/node_40001/db/000204.sst, file size: 138699933, job id: 111, reason: compaction, status: OK
I20230706 09:01:23.179893 2938851 event_listener.cc:84] [event_listener/flush_begin] column family: default, thread_id: 2938851, job_id: 112, reason: 6
I20230706 09:01:24.654209 2938851 event_listener.cc:138] [event_listener/table_file_created] column family: default, file path: /nvme/jinghuan/node_40001/db/000207.sst, file size: 78573673, job id: 112, reason: flush, status: OK
I20230706 09:01:24.660483 2938851 event_listener.cc:91] [event_listener/flush_completed] column family: default, thread_id: 2938851, job_id: 112, file: /nvme/jinghuan/node_40001/db/000207.sst, reason: 6, is_write_slowdown: no, is_write_stall: no, largest seqno: 30475234, smallest seqno: 29797361
I20230706 09:01:26.069453 2938848 event_listener.cc:138] [event_listener/table_file_created] column family: default, file path: /nvme/jinghuan/node_40001/db/000206.sst, file size: 138699937, job id: 111, reason: compaction, status: OK
