Log file created at: 2023/07/06 08:57:37
Running on machine: en4217754l
Running duration (h:mm:ss): 0:00:00
Log line format: [IWEF]yyyymmdd hh:mm:ss.uuuuuu threadid file:line] msg
I20230706 08:57:37.837203 2938831 main.cc:328] kvrocks unstable (commit 4a10c89)
I20230706 08:57:38.237713 2938831 storage.cc:322] [storage] Success to load the data from disk: 73 ms
I20230706 08:57:38.238950 2938831 worker.cc:72] [worker] Listening on: 10.218.109.65:40001
I20230706 08:57:38.239007 2938831 worker.cc:72] [worker] Listening on: 127.0.0.1:40001
I20230706 08:57:38.240406 2938831 worker.cc:72] [worker] Listening on: 10.218.109.65:40001
I20230706 08:57:38.240440 2938831 worker.cc:72] [worker] Listening on: 127.0.0.1:40001
I20230706 08:57:38.240634 2938831 worker.cc:72] [worker] Listening on: 10.218.109.65:40001
I20230706 08:57:38.240657 2938831 worker.cc:72] [worker] Listening on: 127.0.0.1:40001
I20230706 08:57:38.240835 2938831 worker.cc:72] [worker] Listening on: 10.218.109.65:40001
I20230706 08:57:38.240855 2938831 worker.cc:72] [worker] Listening on: 127.0.0.1:40001
I20230706 08:57:38.241021 2938831 worker.cc:72] [worker] Listening on: 10.218.109.65:40001
I20230706 08:57:38.241041 2938831 worker.cc:72] [worker] Listening on: 127.0.0.1:40001
I20230706 08:57:38.241205 2938831 worker.cc:72] [worker] Listening on: 10.218.109.65:40001
I20230706 08:57:38.241225 2938831 worker.cc:72] [worker] Listening on: 127.0.0.1:40001
I20230706 08:57:38.241384 2938831 worker.cc:72] [worker] Listening on: 10.218.109.65:40001
I20230706 08:57:38.241403 2938831 worker.cc:72] [worker] Listening on: 127.0.0.1:40001
I20230706 08:57:38.241575 2938831 worker.cc:72] [worker] Listening on: 10.218.109.65:40001
I20230706 08:57:38.241595 2938831 worker.cc:72] [worker] Listening on: 127.0.0.1:40001
W20230706 08:57:38.241737 2938831 server.cc:1650] [server] Increased maximum number of open files to 14224 (it's originally set to 1024)
I20230706 08:57:38.241979 2938831 cluster.cc:643] The cluster nodes file /nvme/jinghuan/node_40001/nodes.conf is not found. Use CLUSTERX subcommands to specify it.
I20230706 08:57:38.242003 2938831 cluster.cc:643] The cluster nodes file /nvme/jinghuan/node_40001/nodes.conf is not found. Use CLUSTERX subcommands to specify it.
I20230706 08:57:38.245898 2938831 worker.cc:519] [worker] Thread #140173228599040 started
I20230706 08:57:38.245944 2938831 worker.cc:519] [worker] Thread #140173236991744 started
I20230706 08:57:38.246006 2938831 worker.cc:519] [worker] Thread #140173664814848 started
I20230706 08:57:38.246068 2938831 worker.cc:519] [worker] Thread #140173656422144 started
I20230706 08:57:38.246129 2938831 worker.cc:519] [worker] Thread #140173304133376 started
I20230706 08:57:38.246188 2938831 worker.cc:519] [worker] Thread #140173295740672 started
I20230706 08:57:38.246248 2938831 worker.cc:519] [worker] Thread #140173287347968 started
I20230706 08:57:38.246310 2938831 worker.cc:519] [worker] Thread #140173278955264 started
I20230706 08:57:38.246501 2938831 server.cc:211] [server] Ready to accept connections
I20230706 08:57:38.855145 2939080 cluster.cc:286] MASTER MODE enabled by cluster topology setting
I20230706 08:57:41.178659 2938851 event_listener.cc:84] [event_listener/flush_begin] column family: default, thread_id: 2938851, job_id: 3, reason: 6
I20230706 08:57:41.579252 2938851 event_listener.cc:138] [event_listener/table_file_created] column family: default, file path: /nvme/jinghuan/node_40001/db/000016.sst, file size: 77289557, job id: 3, reason: flush, status: OK
I20230706 08:57:41.593219 2938851 event_listener.cc:91] [event_listener/flush_completed] column family: default, thread_id: 2938851, job_id: 3, file: /nvme/jinghuan/node_40001/db/000016.sst, reason: 6, is_write_slowdown: no, is_write_stall: no, largest seqno: 666819, smallest seqno: 1
I20230706 08:57:42.268493 2938848 event_listener.cc:138] [event_listener/table_file_created] column family: default, file path: /nvme/jinghuan/node_40001/db/000017.sst, file size: 77289553, job id: 4, reason: compaction, status: OK
I20230706 08:57:42.277408 2938848 event_listener.cc:71] [event_listener/compaction_completed] column family: default, compaction reason: 11, output compression type: no, base input level(files): 0(1), output level(files): 0(1), input bytes: 77289557, output bytes:77289553, is_manual_compaction:no, elapsed(micro): 675278
I20230706 08:57:42.284459 2938848 event_listener.cc:127] [event_listener/table_file_deleted] db: /nvme/jinghuan/node_40001/db, sst file: /nvme/jinghuan/node_40001/db/000016.sst, status: OK
I20230706 08:57:43.478478 2938853 event_listener.cc:84] [event_listener/flush_begin] column family: default, thread_id: 2938853, job_id: 5, reason: 6
I20230706 08:57:43.870230 2938853 event_listener.cc:138] [event_listener/table_file_created] column family: default, file path: /nvme/jinghuan/node_40001/db/000020.sst, file size: 78586120, job id: 5, reason: flush, status: OK
I20230706 08:57:43.884780 2938853 event_listener.cc:91] [event_listener/flush_completed] column family: default, thread_id: 2938853, job_id: 5, file: /nvme/jinghuan/node_40001/db/000020.sst, reason: 6, is_write_slowdown: no, is_write_stall: no, largest seqno: 1344837, smallest seqno: 666821
I20230706 08:57:45.701402 2938851 event_listener.cc:84] [event_listener/flush_begin] column family: default, thread_id: 2938851, job_id: 6, reason: 6
I20230706 08:57:46.078500 2938851 event_listener.cc:138] [event_listener/table_file_created] column family: default, file path: /nvme/jinghuan/node_40001/db/000023.sst, file size: 76009086, job id: 6, reason: flush, status: OK
I20230706 08:57:46.085000 2938851 event_listener.cc:91] [event_listener/flush_completed] column family: default, thread_id: 2938851, job_id: 6, file: /nvme/jinghuan/node_40001/db/000023.sst, reason: 6, is_write_slowdown: no, is_write_stall: no, largest seqno: 2000558, smallest seqno: 1344839
I20230706 08:57:47.938361 2938853 event_listener.cc:84] [event_listener/flush_begin] column family: default, thread_id: 2938853, job_id: 7, reason: 6
W20230706 08:57:48.982044 2939084 event_listener.cc:132] [event_listener/stall_cond_changed] column family: default write stall condition was changed, from normal to delay
I20230706 08:57:49.572501 2938851 event_listener.cc:84] [event_listener/flush_begin] column family: metadata, thread_id: 2938851, job_id: 8, reason: 13
I20230706 08:57:50.993533 2938851 event_listener.cc:138] [event_listener/table_file_created] column family: metadata, file path: /nvme/jinghuan/node_40001/db/000029.sst, file size: 19243637, job id: 8, reason: flush, status: OK
I20230706 08:57:51.001911 2938851 event_listener.cc:91] [event_listener/flush_completed] column family: metadata, thread_id: 2938851, job_id: 8, file: /nvme/jinghuan/node_40001/db/000029.sst, reason: 13, is_write_slowdown: no, is_write_stall: no, largest seqno: 3147551, smallest seqno: 11
I20230706 08:57:51.019901 2938851 event_listener.cc:84] [event_listener/flush_begin] column family: default, thread_id: 2938851, job_id: 9, reason: 6
I20230706 08:57:52.196209 2938853 event_listener.cc:138] [event_listener/table_file_created] column family: default, file path: /nvme/jinghuan/node_40001/db/000026.sst, file size: 76453468, job id: 7, reason: flush, status: OK
I20230706 08:57:52.207417 2938853 event_listener.cc:91] [event_listener/flush_completed] column family: default, thread_id: 2938853, job_id: 7, file: /nvme/jinghuan/node_40001/db/000026.sst, reason: 6, is_write_slowdown: no, is_write_stall: no, largest seqno: 2660140, smallest seqno: 2000560
W20230706 08:57:52.207634 2938853 event_listener.cc:132] [event_listener/stall_cond_changed] column family: default write stall condition was changed, from stop to normal
W20230706 08:57:52.207854 2939084 event_listener.cc:132] [event_listener/stall_cond_changed] column family: default write stall condition was changed, from delay to stop
I20230706 08:57:53.193481 2938849 event_listener.cc:138] [event_listener/table_file_created] column family: metadata, file path: /nvme/jinghuan/node_40001/db/000032.sst, file size: 19243633, job id: 10, reason: compaction, status: OK
I20230706 08:57:53.203198 2938849 event_listener.cc:71] [event_listener/compaction_completed] column family: metadata, compaction reason: 11, output compression type: no, base input level(files): 0(1), output level(files): 0(1), input bytes: 19243637, output bytes:19243633, is_manual_compaction:no, elapsed(micro): 1761044
I20230706 08:57:53.205816 2938849 event_listener.cc:127] [event_listener/table_file_deleted] db: /nvme/jinghuan/node_40001/db, sst file: /nvme/jinghuan/node_40001/db/000029.sst, status: OK
W20230706 08:57:53.545133 2939085 event_listener.cc:132] [event_listener/stall_cond_changed] column family: default write stall condition was changed, from normal to delay
I20230706 08:57:54.954109 2938853 event_listener.cc:84] [event_listener/flush_begin] column family: default, thread_id: 2938853, job_id: 12, reason: 6
I20230706 08:57:56.998298 2938851 event_listener.cc:138] [event_listener/table_file_created] column family: default, file path: /nvme/jinghuan/node_40001/db/000031.sst, file size: 75460026, job id: 9, reason: flush, status: OK
I20230706 08:57:57.015120 2938851 event_listener.cc:91] [event_listener/flush_completed] column family: default, thread_id: 2938851, job_id: 9, file: /nvme/jinghuan/node_40001/db/000031.sst, reason: 6, is_write_slowdown: no, is_write_stall: no, largest seqno: 3311142, smallest seqno: 2660142
W20230706 08:57:57.015491 2938851 event_listener.cc:132] [event_listener/stall_cond_changed] column family: default write stall condition was changed, from stop to normal
W20230706 08:57:57.016368 2939085 event_listener.cc:132] [event_listener/stall_cond_changed] column family: default write stall condition was changed, from delay to stop
W20230706 08:57:58.290975 2939081 event_listener.cc:132] [event_listener/stall_cond_changed] column family: default write stall condition was changed, from normal to delay
I20230706 08:57:59.534075 2938851 event_listener.cc:84] [event_listener/flush_begin] column family: default, thread_id: 2938851, job_id: 13, reason: 6
I20230706 08:58:01.796742 2938853 event_listener.cc:138] [event_listener/table_file_created] column family: default, file path: /nvme/jinghuan/node_40001/db/000036.sst, file size: 83056134, job id: 12, reason: flush, status: OK
I20230706 08:58:01.803112 2938853 event_listener.cc:91] [event_listener/flush_completed] column family: default, thread_id: 2938853, job_id: 12, file: /nvme/jinghuan/node_40001/db/000036.sst, reason: 6, is_write_slowdown: no, is_write_stall: no, largest seqno: 4027726, smallest seqno: 3311144
W20230706 08:58:01.803155 2938853 event_listener.cc:132] [event_listener/stall_cond_changed] column family: default write stall condition was changed, from stop to normal
W20230706 08:58:01.803553 2939086 event_listener.cc:132] [event_listener/stall_cond_changed] column family: default write stall condition was changed, from delay to stop
W20230706 08:58:02.998837 2939084 event_listener.cc:132] [event_listener/stall_cond_changed] column family: default write stall condition was changed, from normal to delay
I20230706 08:58:04.238188 2938853 event_listener.cc:84] [event_listener/flush_begin] column family: default, thread_id: 2938853, job_id: 14, reason: 6
I20230706 08:58:05.705219 2938851 event_listener.cc:138] [event_listener/table_file_created] column family: default, file path: /nvme/jinghuan/node_40001/db/000039.sst, file size: 79555128, job id: 13, reason: flush, status: OK
I20230706 08:58:05.714761 2938851 event_listener.cc:91] [event_listener/flush_completed] column family: default, thread_id: 2938851, job_id: 13, file: /nvme/jinghuan/node_40001/db/000039.sst, reason: 6, is_write_slowdown: no, is_write_stall: no, largest seqno: 4714115, smallest seqno: 4027728
W20230706 08:58:05.714824 2938851 event_listener.cc:132] [event_listener/stall_cond_changed] column family: default write stall condition was changed, from stop to normal
W20230706 08:58:05.715126 2939085 event_listener.cc:132] [event_listener/stall_cond_changed] column family: default write stall condition was changed, from delay to stop
W20230706 08:58:06.989336 2939083 event_listener.cc:132] [event_listener/stall_cond_changed] column family: default write stall condition was changed, from normal to delay
I20230706 08:58:08.000926 2938849 event_listener.cc:138] [event_listener/table_file_created] column family: default, file path: /nvme/jinghuan/node_40001/db/000033.sst, file size: 138729292, job id: 11, reason: compaction, status: OK
I20230706 08:58:08.325767 2938851 event_listener.cc:84] [event_listener/flush_begin] column family: default, thread_id: 2938851, job_id: 15, reason: 6
I20230706 08:58:10.708480 2938853 event_listener.cc:138] [event_listener/table_file_created] column family: default, file path: /nvme/jinghuan/node_40001/db/000042.sst, file size: 79269675, job id: 14, reason: flush, status: OK
I20230706 08:58:10.721042 2938853 event_listener.cc:91] [event_listener/flush_completed] column family: default, thread_id: 2938853, job_id: 14, file: /nvme/jinghuan/node_40001/db/000042.sst, reason: 6, is_write_slowdown: no, is_write_stall: no, largest seqno: 5398007, smallest seqno: 4714117
W20230706 08:58:10.721239 2938853 event_listener.cc:132] [event_listener/stall_cond_changed] column family: default write stall condition was changed, from stop to normal
W20230706 08:58:10.721860 2939086 event_listener.cc:132] [event_listener/stall_cond_changed] column family: default write stall condition was changed, from delay to stop
I20230706 08:58:11.335616 2938853 event_listener.cc:84] [event_listener/flush_begin] column family: metadata, thread_id: 2938853, job_id: 17, reason: 13
W20230706 08:58:12.027956 2939087 event_listener.cc:132] [event_listener/stall_cond_changed] column family: default write stall condition was changed, from normal to delay
I20230706 08:58:14.609100 2938853 event_listener.cc:138] [event_listener/table_file_created] column family: metadata, file path: /nvme/jinghuan/node_40001/db/000049.sst, file size: 19238148, job id: 17, reason: flush, status: OK
I20230706 08:58:14.617794 2938853 event_listener.cc:91] [event_listener/flush_completed] column family: metadata, thread_id: 2938853, job_id: 17, file: /nvme/jinghuan/node_40001/db/000049.sst, reason: 13, is_write_slowdown: no, is_write_stall: no, largest seqno: 6295135, smallest seqno: 3147562
I20230706 08:58:14.670260 2938853 event_listener.cc:84] [event_listener/flush_begin] column family: default, thread_id: 2938853, job_id: 18, reason: 6
I20230706 08:58:16.613179 2938851 event_listener.cc:138] [event_listener/table_file_created] column family: default, file path: /nvme/jinghuan/node_40001/db/000046.sst, file size: 85050452, job id: 15, reason: flush, status: OK
I20230706 08:58:16.625800 2938851 event_listener.cc:91] [event_listener/flush_completed] column family: default, thread_id: 2938851, job_id: 15, file: /nvme/jinghuan/node_40001/db/000046.sst, reason: 6, is_write_slowdown: no, is_write_stall: no, largest seqno: 6131795, smallest seqno: 5398009
W20230706 08:58:16.626307 2938851 event_listener.cc:132] [event_listener/stall_cond_changed] column family: default write stall condition was changed, from stop to normal
W20230706 08:58:16.626466 2939087 event_listener.cc:132] [event_listener/stall_cond_changed] column family: default write stall condition was changed, from delay to stop
W20230706 08:58:17.773399 2939082 event_listener.cc:132] [event_listener/stall_cond_changed] column family: default write stall condition was changed, from normal to delay
I20230706 08:58:18.972224 2938851 event_listener.cc:84] [event_listener/flush_begin] column family: default, thread_id: 2938851, job_id: 19, reason: 6
I20230706 08:58:22.408916 2938849 event_listener.cc:138] [event_listener/table_file_created] column family: default, file path: /nvme/jinghuan/node_40001/db/000044.sst, file size: 138696700, job id: 11, reason: compaction, status: OK
I20230706 08:58:23.619626 2938853 event_listener.cc:138] [event_listener/table_file_created] column family: default, file path: /nvme/jinghuan/node_40001/db/000052.sst, file size: 84896558, job id: 18, reason: flush, status: OK
I20230706 08:58:23.634981 2938853 event_listener.cc:91] [event_listener/flush_completed] column family: default, thread_id: 2938853, job_id: 18, file: /nvme/jinghuan/node_40001/db/000052.sst, reason: 6, is_write_slowdown: no, is_write_stall: no, largest seqno: 6864230, smallest seqno: 6131797
W20230706 08:58:23.635155 2938853 event_listener.cc:132] [event_listener/stall_cond_changed] column family: default write stall condition was changed, from stop to normal
W20230706 08:58:23.635275 2939083 event_listener.cc:132] [event_listener/stall_cond_changed] column family: default write stall condition was changed, from delay to stop
W20230706 08:58:24.910918 2939084 event_listener.cc:132] [event_listener/stall_cond_changed] column family: default write stall condition was changed, from normal to delay
I20230706 08:58:25.711244 2938849 event_listener.cc:138] [event_listener/table_file_created] column family: default, file path: /nvme/jinghuan/node_40001/db/000056.sst, file size: 30771093, job id: 11, reason: compaction, status: OK
I20230706 08:58:25.737144 2938849 event_listener.cc:71] [event_listener/compaction_completed] column family: default, compaction reason: 1, output compression type: no, base input level(files): 0(4), output level(files): 1(3), input bytes: 308338227, output bytes:308197085, is_manual_compaction:no, elapsed(micro): 32505430
I20230706 08:58:25.743588 2938849 event_listener.cc:71] [event_listener/compaction_completed] column family: default, compaction reason: 2, output compression type: no, base input level(files): 1(1), output level(files): 2(1), input bytes: 0, output bytes:0, is_manual_compaction:no, elapsed(micro): 0
I20230706 08:58:26.110301 2938851 event_listener.cc:138] [event_listener/table_file_created] column family: default, file path: /nvme/jinghuan/node_40001/db/000055.sst, file size: 75969169, job id: 19, reason: flush, status: OK
I20230706 08:58:26.118628 2938851 event_listener.cc:91] [event_listener/flush_completed] column family: default, thread_id: 2938851, job_id: 19, file: /nvme/jinghuan/node_40001/db/000055.sst, reason: 6, is_write_slowdown: no, is_write_stall: no, largest seqno: 7519643, smallest seqno: 6864232
W20230706 08:58:26.118686 2938851 event_listener.cc:132] [event_listener/stall_cond_changed] column family: default write stall condition was changed, from delay to normal
I20230706 08:58:26.326269 2938853 event_listener.cc:84] [event_listener/flush_begin] column family: default, thread_id: 2938853, job_id: 21, reason: 6
W20230706 08:58:27.496410 2939084 event_listener.cc:132] [event_listener/stall_cond_changed] column family: default write stall condition was changed, from normal to delay
I20230706 08:58:28.743095 2938851 event_listener.cc:84] [event_listener/flush_begin] column family: default, thread_id: 2938851, job_id: 22, reason: 6
I20230706 08:58:32.722375 2938853 event_listener.cc:138] [event_listener/table_file_created] column family: default, file path: /nvme/jinghuan/node_40001/db/000059.sst, file size: 80837577, job id: 21, reason: flush, status: OK
I20230706 08:58:32.735126 2938853 event_listener.cc:91] [event_listener/flush_completed] column family: default, thread_id: 2938853, job_id: 21, file: /nvme/jinghuan/node_40001/db/000059.sst, reason: 6, is_write_slowdown: no, is_write_stall: no, largest seqno: 8217076, smallest seqno: 7519645
W20230706 08:58:32.735318 2938853 event_listener.cc:132] [event_listener/stall_cond_changed] column family: default write stall condition was changed, from stop to normal
W20230706 08:58:32.736099 2939084 event_listener.cc:132] [event_listener/stall_cond_changed] column family: default write stall condition was changed, from delay to stop
W20230706 08:58:34.014307 2939084 event_listener.cc:132] [event_listener/stall_cond_changed] column family: default write stall condition was changed, from normal to delay
I20230706 08:58:34.730136 2938853 event_listener.cc:84] [event_listener/flush_begin] column family: metadata, thread_id: 2938853, job_id: 24, reason: 13
I20230706 08:58:35.827108 2938851 event_listener.cc:138] [event_listener/table_file_created] column family: default, file path: /nvme/jinghuan/node_40001/db/000062.sst, file size: 77299090, job id: 22, reason: flush, status: OK
I20230706 08:58:35.843644 2938851 event_listener.cc:91] [event_listener/flush_completed] column family: default, thread_id: 2938851, job_id: 22, file: /nvme/jinghuan/node_40001/db/000062.sst, reason: 6, is_write_slowdown: no, is_write_stall: no, largest seqno: 8883962, smallest seqno: 8217078
W20230706 08:58:35.843686 2938851 event_listener.cc:132] [event_listener/stall_cond_changed] column family: default write stall condition was changed, from stop to normal
W20230706 08:58:35.844020 2939083 event_listener.cc:132] [event_listener/stall_cond_changed] column family: default write stall condition was changed, from delay to stop
I20230706 08:58:35.866293 2938851 event_listener.cc:84] [event_listener/flush_begin] column family: default, thread_id: 2938851, job_id: 25, reason: 6
I20230706 08:58:36.622117 2938853 event_listener.cc:138] [event_listener/table_file_created] column family: metadata, file path: /nvme/jinghuan/node_40001/db/000066.sst, file size: 19219119, job id: 24, reason: flush, status: OK
I20230706 08:58:36.631340 2938853 event_listener.cc:91] [event_listener/flush_completed] column family: metadata, thread_id: 2938853, job_id: 24, file: /nvme/jinghuan/node_40001/db/000066.sst, reason: 13, is_write_slowdown: no, is_write_stall: no, largest seqno: 9442697, smallest seqno: 6295146
W20230706 08:58:36.631629 2939085 event_listener.cc:132] [event_listener/stall_cond_changed] column family: default write stall condition was changed, from normal to delay
I20230706 08:58:36.665800 2938853 event_listener.cc:84] [event_listener/flush_begin] column family: default, thread_id: 2938853, job_id: 26, reason: 13
I20230706 08:58:39.124797 2938853 event_listener.cc:138] [event_listener/table_file_created] column family: default, file path: /nvme/jinghuan/node_40001/db/000070.sst, file size: 26059912, job id: 26, reason: flush, status: OK
I20230706 08:58:43.424564 2938851 event_listener.cc:138] [event_listener/table_file_created] column family: default, file path: /nvme/jinghuan/node_40001/db/000068.sst, file size: 85055717, job id: 25, reason: flush, status: OK
I20230706 08:58:43.435037 2938851 event_listener.cc:91] [event_listener/flush_completed] column family: default, thread_id: 2938851, job_id: 25, file: /nvme/jinghuan/node_40001/db/000068.sst, reason: 13, is_write_slowdown: no, is_write_stall: no, largest seqno: 9617772, smallest seqno: 8883964
I20230706 08:58:43.435055 2938851 event_listener.cc:91] [event_listener/flush_completed] column family: default, thread_id: 2938853, job_id: 26, file: /nvme/jinghuan/node_40001/db/000070.sst, reason: 13, is_write_slowdown: no, is_write_stall: no, largest seqno: 9842513, smallest seqno: 9617774
W20230706 08:58:43.435181 2938851 event_listener.cc:132] [event_listener/stall_cond_changed] column family: default write stall condition was changed, from stop to normal
W20230706 08:58:43.435300 2939087 event_listener.cc:132] [event_listener/stall_cond_changed] column family: default write stall condition was changed, from delay to stop
I20230706 08:58:44.809825 2938853 event_listener.cc:84] [event_listener/flush_begin] column family: default, thread_id: 2938853, job_id: 27, reason: 6
W20230706 08:58:46.106722 2939085 event_listener.cc:132] [event_listener/stall_cond_changed] column family: default write stall condition was changed, from normal to delay
I20230706 08:58:47.519125 2938851 event_listener.cc:84] [event_listener/flush_begin] column family: default, thread_id: 2938851, job_id: 28, reason: 6
I20230706 08:58:50.229635 2938848 event_listener.cc:138] [event_listener/table_file_created] column family: default, file path: /nvme/jinghuan/node_40001/db/000047.sst, file size: 317226898, job id: 16, reason: compaction, status: OK
I20230706 08:58:50.259349 2938848 event_listener.cc:71] [event_listener/compaction_completed] column family: default, compaction reason: 1, output compression type: no, base input level(files): 0(4), output level(files): 0(1), input bytes: 317340963, output bytes:317226898, is_manual_compaction:no, elapsed(micro): 39508506
I20230706 08:58:50.268107 2938848 event_listener.cc:127] [event_listener/table_file_deleted] db: /nvme/jinghuan/node_40001/db, sst file: /nvme/jinghuan/node_40001/db/000026.sst, status: OK
I20230706 08:58:50.273836 2938848 event_listener.cc:127] [event_listener/table_file_deleted] db: /nvme/jinghuan/node_40001/db, sst file: /nvme/jinghuan/node_40001/db/000023.sst, status: OK
I20230706 08:58:50.280288 2938848 event_listener.cc:127] [event_listener/table_file_deleted] db: /nvme/jinghuan/node_40001/db, sst file: /nvme/jinghuan/node_40001/db/000020.sst, status: OK
I20230706 08:58:50.285147 2938848 event_listener.cc:127] [event_listener/table_file_deleted] db: /nvme/jinghuan/node_40001/db, sst file: /nvme/jinghuan/node_40001/db/000017.sst, status: OK
I20230706 08:58:52.239034 2938853 event_listener.cc:138] [event_listener/table_file_created] column family: default, file path: /nvme/jinghuan/node_40001/db/000073.sst, file size: 84864272, job id: 27, reason: flush, status: OK
I20230706 08:58:52.254526 2938853 event_listener.cc:91] [event_listener/flush_completed] column family: default, thread_id: 2938853, job_id: 27, file: /nvme/jinghuan/node_40001/db/000073.sst, reason: 6, is_write_slowdown: no, is_write_stall: no, largest seqno: 10574750, smallest seqno: 9842515
W20230706 08:58:52.254850 2938853 event_listener.cc:132] [event_listener/stall_cond_changed] column family: default write stall condition was changed, from stop to normal
W20230706 08:58:52.255226 2939087 event_listener.cc:132] [event_listener/stall_cond_changed] column family: default write stall condition was changed, from delay to stop
W20230706 08:58:53.544396 2939084 event_listener.cc:132] [event_listener/stall_cond_changed] column family: default write stall condition was changed, from normal to delay
I20230706 08:58:54.637199 2938851 event_listener.cc:138] [event_listener/table_file_created] column family: default, file path: /nvme/jinghuan/node_40001/db/000076.sst, file size: 85046781, job id: 28, reason: flush, status: OK
I20230706 08:58:54.652597 2938851 event_listener.cc:91] [event_listener/flush_completed] column family: default, thread_id: 2938851, job_id: 28, file: /nvme/jinghuan/node_40001/db/000076.sst, reason: 6, is_write_slowdown: no, is_write_stall: no, largest seqno: 11308538, smallest seqno: 10574752
W20230706 08:58:54.652645 2938851 event_listener.cc:132] [event_listener/stall_cond_changed] column family: default write stall condition was changed, from delay to normal
I20230706 08:58:54.918501 2938853 event_listener.cc:84] [event_listener/flush_begin] column family: default, thread_id: 2938853, job_id: 31, reason: 6
W20230706 08:58:56.137573 2939083 event_listener.cc:132] [event_listener/stall_cond_changed] column family: default write stall condition was changed, from normal to delay
I20230706 08:58:56.830075 2938851 event_listener.cc:84] [event_listener/flush_begin] column family: metadata, thread_id: 2938851, job_id: 32, reason: 13
I20230706 08:58:58.735960 2938851 event_listener.cc:138] [event_listener/table_file_created] column family: metadata, file path: /nvme/jinghuan/node_40001/db/000083.sst, file size: 19220881, job id: 32, reason: flush, status: OK
I20230706 08:58:58.745311 2938851 event_listener.cc:91] [event_listener/flush_completed] column family: metadata, thread_id: 2938851, job_id: 32, file: /nvme/jinghuan/node_40001/db/000083.sst, reason: 13, is_write_slowdown: no, is_write_stall: no, largest seqno: 12590281, smallest seqno: 9442708
I20230706 08:58:58.761245 2938851 event_listener.cc:84] [event_listener/flush_begin] column family: default, thread_id: 2938851, job_id: 33, reason: 6
I20230706 08:59:02.546782 2938853 event_listener.cc:138] [event_listener/table_file_created] column family: default, file path: /nvme/jinghuan/node_40001/db/000080.sst, file size: 84944182, job id: 31, reason: flush, status: OK
I20230706 08:59:02.558454 2938853 event_listener.cc:91] [event_listener/flush_completed] column family: default, thread_id: 2938853, job_id: 31, file: /nvme/jinghuan/node_40001/db/000080.sst, reason: 6, is_write_slowdown: no, is_write_stall: no, largest seqno: 12041413, smallest seqno: 11308540
W20230706 08:59:02.558625 2938853 event_listener.cc:132] [event_listener/stall_cond_changed] column family: default write stall condition was changed, from stop to normal
W20230706 08:59:02.558852 2939084 event_listener.cc:132] [event_listener/stall_cond_changed] column family: default write stall condition was changed, from delay to stop
W20230706 08:59:03.873697 2939087 event_listener.cc:132] [event_listener/stall_cond_changed] column family: default write stall condition was changed, from normal to delay
I20230706 08:59:05.266582 2938853 event_listener.cc:84] [event_listener/flush_begin] column family: default, thread_id: 2938853, job_id: 34, reason: 6
I20230706 08:59:05.448810 2938851 event_listener.cc:138] [event_listener/table_file_created] column family: default, file path: /nvme/jinghuan/node_40001/db/000085.sst, file size: 85037965, job id: 33, reason: flush, status: OK
I20230706 08:59:05.464885 2938851 event_listener.cc:91] [event_listener/flush_completed] column family: default, thread_id: 2938851, job_id: 33, file: /nvme/jinghuan/node_40001/db/000085.sst, reason: 6, is_write_slowdown: no, is_write_stall: no, largest seqno: 12775135, smallest seqno: 12041415
W20230706 08:59:05.465322 2938851 event_listener.cc:132] [event_listener/stall_cond_changed] column family: default write stall condition was changed, from stop to normal
W20230706 08:59:05.465445 2939085 event_listener.cc:132] [event_listener/stall_cond_changed] column family: default write stall condition was changed, from delay to stop
I20230706 08:59:06.244576 2938849 event_listener.cc:138] [event_listener/table_file_created] column family: default, file path: /nvme/jinghuan/node_40001/db/000063.sst, file size: 326623811, job id: 23, reason: compaction, status: OK
I20230706 08:59:06.264935 2938849 event_listener.cc:71] [event_listener/compaction_completed] column family: default, compaction reason: 1, output compression type: no, base input level(files): 0(4), output level(files): 0(1), input bytes: 326753756, output bytes:326623811, is_manual_compaction:no, elapsed(micro): 33509329
I20230706 08:59:06.277141 2938849 event_listener.cc:127] [event_listener/table_file_deleted] db: /nvme/jinghuan/node_40001/db, sst file: /nvme/jinghuan/node_40001/db/000042.sst, status: OK
I20230706 08:59:06.282274 2938849 event_listener.cc:127] [event_listener/table_file_deleted] db: /nvme/jinghuan/node_40001/db, sst file: /nvme/jinghuan/node_40001/db/000039.sst, status: OK
I20230706 08:59:06.287581 2938849 event_listener.cc:127] [event_listener/table_file_deleted] db: /nvme/jinghuan/node_40001/db, sst file: /nvme/jinghuan/node_40001/db/000036.sst, status: OK
I20230706 08:59:06.292399 2938849 event_listener.cc:127] [event_listener/table_file_deleted] db: /nvme/jinghuan/node_40001/db, sst file: /nvme/jinghuan/node_40001/db/000031.sst, status: OK
W20230706 08:59:06.775919 2939084 event_listener.cc:132] [event_listener/stall_cond_changed] column family: default write stall condition was changed, from normal to delay
I20230706 08:59:08.137228 2938851 event_listener.cc:84] [event_listener/flush_begin] column family: default, thread_id: 2938851, job_id: 37, reason: 6
I20230706 08:59:12.445509 2938853 event_listener.cc:138] [event_listener/table_file_created] column family: default, file path: /nvme/jinghuan/node_40001/db/000088.sst, file size: 84927160, job id: 34, reason: flush, status: OK
I20230706 08:59:12.452069 2938853 event_listener.cc:91] [event_listener/flush_completed] column family: default, thread_id: 2938853, job_id: 34, file: /nvme/jinghuan/node_40001/db/000088.sst, reason: 6, is_write_slowdown: no, is_write_stall: no, largest seqno: 13507845, smallest seqno: 12775137
W20230706 08:59:12.452114 2938853 event_listener.cc:132] [event_listener/stall_cond_changed] column family: default write stall condition was changed, from stop to normal
W20230706 08:59:12.452584 2939084 event_listener.cc:132] [event_listener/stall_cond_changed] column family: default write stall condition was changed, from delay to stop
W20230706 08:59:13.630602 2939082 event_listener.cc:132] [event_listener/stall_cond_changed] column family: default write stall condition was changed, from normal to delay
I20230706 08:59:14.645761 2938849 event_listener.cc:138] [event_listener/table_file_created] column family: metadata, file path: /nvme/jinghuan/node_40001/db/000089.sst, file size: 76274414, job id: 36, reason: compaction, status: OK
I20230706 08:59:14.655421 2938849 event_listener.cc:71] [event_listener/compaction_completed] column family: metadata, compaction reason: 1, output compression type: no, base input level(files): 0(4), output level(files): 1(1), input bytes: 76921781, output bytes:76274414, is_manual_compaction:no, elapsed(micro): 8353319
I20230706 08:59:14.656823 2938849 event_listener.cc:127] [event_listener/table_file_deleted] db: /nvme/jinghuan/node_40001/db, sst file: /nvme/jinghuan/node_40001/db/000066.sst, status: OK
I20230706 08:59:14.658128 2938849 event_listener.cc:127] [event_listener/table_file_deleted] db: /nvme/jinghuan/node_40001/db, sst file: /nvme/jinghuan/node_40001/db/000049.sst, status: OK
I20230706 08:59:14.659349 2938849 event_listener.cc:127] [event_listener/table_file_deleted] db: /nvme/jinghuan/node_40001/db, sst file: /nvme/jinghuan/node_40001/db/000032.sst, status: OK
I20230706 08:59:14.822154 2938853 event_listener.cc:84] [event_listener/flush_begin] column family: default, thread_id: 2938853, job_id: 39, reason: 6
I20230706 08:59:14.846467 2938851 event_listener.cc:138] [event_listener/table_file_created] column family: default, file path: /nvme/jinghuan/node_40001/db/000092.sst, file size: 85052277, job id: 37, reason: flush, status: OK
I20230706 08:59:14.858914 2938851 event_listener.cc:91] [event_listener/flush_completed] column family: default, thread_id: 2938851, job_id: 37, file: /nvme/jinghuan/node_40001/db/000092.sst, reason: 6, is_write_slowdown: no, is_write_stall: no, largest seqno: 14241622, smallest seqno: 13507847
W20230706 08:59:14.859019 2938851 event_listener.cc:132] [event_listener/stall_cond_changed] column family: default write stall condition was changed, from stop to normal
W20230706 08:59:14.859539 2939084 event_listener.cc:132] [event_listener/stall_cond_changed] column family: default write stall condition was changed, from delay to stop
W20230706 08:59:16.027799 2939084 event_listener.cc:132] [event_listener/stall_cond_changed] column family: default write stall condition was changed, from normal to delay
I20230706 08:59:17.214042 2938851 event_listener.cc:84] [event_listener/flush_begin] column family: default, thread_id: 2938851, job_id: 40, reason: 6
I20230706 08:59:19.649142 2938848 event_listener.cc:138] [event_listener/table_file_created] column family: default, file path: /nvme/jinghuan/node_40001/db/000077.sst, file size: 273136003, job id: 30, reason: compaction, status: OK
I20230706 08:59:19.668768 2938848 event_listener.cc:71] [event_listener/compaction_completed] column family: default, compaction reason: 1, output compression type: no, base input level(files): 0(4), output level(files): 0(1), input bytes: 273278991, output bytes:273136003, is_manual_compaction:no, elapsed(micro): 27394417
I20230706 08:59:19.671226 2938848 event_listener.cc:127] [event_listener/table_file_deleted] db: /nvme/jinghuan/node_40001/db, sst file: /nvme/jinghuan/node_40001/db/000083.sst, status: OK
I20230706 08:59:19.679878 2938848 event_listener.cc:127] [event_listener/table_file_deleted] db: /nvme/jinghuan/node_40001/db, sst file: /nvme/jinghuan/node_40001/db/000059.sst, status: OK
I20230706 08:59:19.684681 2938848 event_listener.cc:127] [event_listener/table_file_deleted] db: /nvme/jinghuan/node_40001/db, sst file: /nvme/jinghuan/node_40001/db/000055.sst, status: OK
I20230706 08:59:19.690121 2938848 event_listener.cc:127] [event_listener/table_file_deleted] db: /nvme/jinghuan/node_40001/db, sst file: /nvme/jinghuan/node_40001/db/000052.sst, status: OK
I20230706 08:59:19.695411 2938848 event_listener.cc:127] [event_listener/table_file_deleted] db: /nvme/jinghuan/node_40001/db, sst file: /nvme/jinghuan/node_40001/db/000046.sst, status: OK
I20230706 08:59:20.054759 2938853 event_listener.cc:138] [event_listener/table_file_created] column family: default, file path: /nvme/jinghuan/node_40001/db/000096.sst, file size: 75436153, job id: 39, reason: flush, status: OK
I20230706 08:59:20.061012 2938853 event_listener.cc:91] [event_listener/flush_completed] column family: default, thread_id: 2938853, job_id: 39, file: /nvme/jinghuan/node_40001/db/000096.sst, reason: 6, is_write_slowdown: no, is_write_stall: no, largest seqno: 14892426, smallest seqno: 14241624
W20230706 08:59:20.061061 2938853 event_listener.cc:132] [event_listener/stall_cond_changed] column family: default write stall condition was changed, from stop to normal
W20230706 08:59:20.061286 2939082 event_listener.cc:132] [event_listener/stall_cond_changed] column family: default write stall condition was changed, from delay to stop
I20230706 08:59:20.804899 2938853 event_listener.cc:84] [event_listener/flush_begin] column family: metadata, thread_id: 2938853, job_id: 43, reason: 13
W20230706 08:59:21.310940 2939084 event_listener.cc:132] [event_listener/stall_cond_changed] column family: default write stall condition was changed, from normal to delay
I20230706 08:59:22.351372 2938853 event_listener.cc:138] [event_listener/table_file_created] column family: metadata, file path: /nvme/jinghuan/node_40001/db/000101.sst, file size: 19250670, job id: 43, reason: flush, status: OK
I20230706 08:59:22.360260 2938853 event_listener.cc:91] [event_listener/flush_completed] column family: metadata, thread_id: 2938853, job_id: 43, file: /nvme/jinghuan/node_40001/db/000101.sst, reason: 13, is_write_slowdown: no, is_write_stall: no, largest seqno: 15737865, smallest seqno: 12590292
I20230706 08:59:22.455596 2938851 event_listener.cc:138] [event_listener/table_file_created] column family: default, file path: /nvme/jinghuan/node_40001/db/000099.sst, file size: 75537776, job id: 40, reason: flush, status: OK
I20230706 08:59:22.471133 2938851 event_listener.cc:91] [event_listener/flush_completed] column family: default, thread_id: 2938851, job_id: 40, file: /nvme/jinghuan/node_40001/db/000099.sst, reason: 6, is_write_slowdown: no, is_write_stall: no, largest seqno: 15544143, smallest seqno: 14892428
W20230706 08:59:22.471226 2938851 event_listener.cc:132] [event_listener/stall_cond_changed] column family: default write stall condition was changed, from delay to normal
I20230706 08:59:22.544839 2938853 event_listener.cc:84] [event_listener/flush_begin] column family: default, thread_id: 2938853, job_id: 47, reason: 6
W20230706 08:59:23.671610 2939081 event_listener.cc:132] [event_listener/stall_cond_changed] column family: default write stall condition was changed, from normal to delay
I20230706 08:59:24.901628 2938851 event_listener.cc:84] [event_listener/flush_begin] column family: default, thread_id: 2938851, job_id: 50, reason: 6
I20230706 08:59:26.056813 2938853 event_listener.cc:138] [event_listener/table_file_created] column family: default, file path: /nvme/jinghuan/node_40001/db/000104.sst, file size: 77240741, job id: 47, reason: flush, status: OK
I20230706 08:59:26.072229 2938853 event_listener.cc:91] [event_listener/flush_completed] column family: default, thread_id: 2938853, job_id: 47, file: /nvme/jinghuan/node_40001/db/000104.sst, reason: 6, is_write_slowdown: no, is_write_stall: no, largest seqno: 16210556, smallest seqno: 15544145
W20230706 08:59:26.072630 2938853 event_listener.cc:132] [event_listener/stall_cond_changed] column family: default write stall condition was changed, from stop to normal
W20230706 08:59:26.072803 2939081 event_listener.cc:132] [event_listener/stall_cond_changed] column family: default write stall condition was changed, from delay to stop
W20230706 08:59:27.243227 2939082 event_listener.cc:132] [event_listener/stall_cond_changed] column family: default write stall condition was changed, from normal to delay
I20230706 08:59:28.492888 2938853 event_listener.cc:84] [event_listener/flush_begin] column family: default, thread_id: 2938853, job_id: 52, reason: 6
I20230706 08:59:29.860054 2938851 event_listener.cc:138] [event_listener/table_file_created] column family: default, file path: /nvme/jinghuan/node_40001/db/000107.sst, file size: 76564194, job id: 50, reason: flush, status: OK
I20230706 08:59:29.876883 2938851 event_listener.cc:91] [event_listener/flush_completed] column family: default, thread_id: 2938851, job_id: 50, file: /nvme/jinghuan/node_40001/db/000107.sst, reason: 6, is_write_slowdown: no, is_write_stall: no, largest seqno: 16871128, smallest seqno: 16210558
W20230706 08:59:29.876994 2938851 event_listener.cc:132] [event_listener/stall_cond_changed] column family: default write stall condition was changed, from stop to normal
W20230706 08:59:29.877530 2939082 event_listener.cc:132] [event_listener/stall_cond_changed] column family: default write stall condition was changed, from delay to stop
W20230706 08:59:31.078467 2939081 event_listener.cc:132] [event_listener/stall_cond_changed] column family: default write stall condition was changed, from normal to delay
I20230706 08:59:32.323779 2938851 event_listener.cc:84] [event_listener/flush_begin] column family: default, thread_id: 2938851, job_id: 53, reason: 6
I20230706 08:59:33.462227 2938853 event_listener.cc:138] [event_listener/table_file_created] column family: default, file path: /nvme/jinghuan/node_40001/db/000111.sst, file size: 76430019, job id: 52, reason: flush, status: OK
I20230706 08:59:33.479246 2938853 event_listener.cc:91] [event_listener/flush_completed] column family: default, thread_id: 2938853, job_id: 52, file: /nvme/jinghuan/node_40001/db/000111.sst, reason: 6, is_write_slowdown: no, is_write_stall: no, largest seqno: 17530501, smallest seqno: 16871130
W20230706 08:59:33.479298 2938853 event_listener.cc:132] [event_listener/stall_cond_changed] column family: default write stall condition was changed, from stop to normal
W20230706 08:59:33.479730 2939083 event_listener.cc:132] [event_listener/stall_cond_changed] column family: default write stall condition was changed, from delay to stop
W20230706 08:59:34.798591 2939086 event_listener.cc:132] [event_listener/stall_cond_changed] column family: default write stall condition was changed, from normal to delay
I20230706 08:59:36.006963 2938853 event_listener.cc:84] [event_listener/flush_begin] column family: metadata, thread_id: 2938853, job_id: 54, reason: 13
I20230706 08:59:37.462908 2938851 event_listener.cc:138] [event_listener/table_file_created] column family: default, file path: /nvme/jinghuan/node_40001/db/000114.sst, file size: 76823614, job id: 53, reason: flush, status: OK
I20230706 08:59:37.475636 2938851 event_listener.cc:91] [event_listener/flush_completed] column family: default, thread_id: 2938851, job_id: 53, file: /nvme/jinghuan/node_40001/db/000114.sst, reason: 6, is_write_slowdown: no, is_write_stall: no, largest seqno: 18193273, smallest seqno: 17530503
W20230706 08:59:37.475739 2938851 event_listener.cc:132] [event_listener/stall_cond_changed] column family: default write stall condition was changed, from stop to normal
W20230706 08:59:37.476226 2939085 event_listener.cc:132] [event_listener/stall_cond_changed] column family: default write stall condition was changed, from delay to stop
I20230706 08:59:37.486366 2938851 event_listener.cc:84] [event_listener/flush_begin] column family: default, thread_id: 2938851, job_id: 55, reason: 6
I20230706 08:59:37.760986 2938853 event_listener.cc:138] [event_listener/table_file_created] column family: metadata, file path: /nvme/jinghuan/node_40001/db/000117.sst, file size: 19249984, job id: 54, reason: flush, status: OK
I20230706 08:59:37.769940 2938853 event_listener.cc:91] [event_listener/flush_completed] column family: metadata, thread_id: 2938853, job_id: 54, file: /nvme/jinghuan/node_40001/db/000117.sst, reason: 13, is_write_slowdown: no, is_write_stall: no, largest seqno: 18885460, smallest seqno: 15737876
W20230706 08:59:37.770213 2939081 event_listener.cc:132] [event_listener/stall_cond_changed] column family: default write stall condition was changed, from normal to delay
I20230706 08:59:37.785068 2938853 event_listener.cc:84] [event_listener/flush_begin] column family: default, thread_id: 2938853, job_id: 56, reason: 13
I20230706 08:59:38.661207 2938853 event_listener.cc:138] [event_listener/table_file_created] column family: default, file path: /nvme/jinghuan/node_40001/db/000121.sst, file size: 9436435, job id: 56, reason: flush, status: OK
I20230706 08:59:41.863443 2938851 event_listener.cc:138] [event_listener/table_file_created] column family: default, file path: /nvme/jinghuan/node_40001/db/000119.sst, file size: 85055130, job id: 55, reason: flush, status: OK
I20230706 08:59:41.878952 2938851 event_listener.cc:91] [event_listener/flush_completed] column family: default, thread_id: 2938851, job_id: 55, file: /nvme/jinghuan/node_40001/db/000119.sst, reason: 13, is_write_slowdown: no, is_write_stall: no, largest seqno: 18927105, smallest seqno: 18193275
I20230706 08:59:41.878991 2938851 event_listener.cc:91] [event_listener/flush_completed] column family: default, thread_id: 2938853, job_id: 56, file: /nvme/jinghuan/node_40001/db/000121.sst, reason: 13, is_write_slowdown: no, is_write_stall: no, largest seqno: 19008461, smallest seqno: 18927107
W20230706 08:59:41.879202 2938851 event_listener.cc:132] [event_listener/stall_cond_changed] column family: default write stall condition was changed, from stop to normal
W20230706 08:59:41.879421 2939085 event_listener.cc:132] [event_listener/stall_cond_changed] column family: default write stall condition was changed, from delay to stop
I20230706 08:59:43.163158 2938849 event_listener.cc:138] [event_listener/table_file_created] column family: default, file path: /nvme/jinghuan/node_40001/db/000094.sst, file size: 339838445, job id: 38, reason: compaction, status: OK
I20230706 08:59:43.185854 2938849 event_listener.cc:71] [event_listener/compaction_completed] column family: default, compaction reason: 1, output compression type: no, base input level(files): 0(4), output level(files): 0(1), input bytes: 339956088, output bytes:339838445, is_manual_compaction:no, elapsed(micro): 28503825
I20230706 08:59:43.196542 2938849 event_listener.cc:127] [event_listener/table_file_deleted] db: /nvme/jinghuan/node_40001/db, sst file: /nvme/jinghuan/node_40001/db/000073.sst, status: OK
I20230706 08:59:43.198714 2938849 event_listener.cc:127] [event_listener/table_file_deleted] db: /nvme/jinghuan/node_40001/db, sst file: /nvme/jinghuan/node_40001/db/000070.sst, status: OK
I20230706 08:59:43.205165 2938849 event_listener.cc:127] [event_listener/table_file_deleted] db: /nvme/jinghuan/node_40001/db, sst file: /nvme/jinghuan/node_40001/db/000068.sst, status: OK
I20230706 08:59:43.210031 2938849 event_listener.cc:127] [event_listener/table_file_deleted] db: /nvme/jinghuan/node_40001/db, sst file: /nvme/jinghuan/node_40001/db/000062.sst, status: OK
I20230706 08:59:43.398097 2938853 event_listener.cc:84] [event_listener/flush_begin] column family: default, thread_id: 2938853, job_id: 58, reason: 6
W20230706 08:59:44.794607 2939086 event_listener.cc:132] [event_listener/stall_cond_changed] column family: default write stall condition was changed, from normal to delay
I20230706 08:59:46.343243 2938851 event_listener.cc:84] [event_listener/flush_begin] column family: default, thread_id: 2938851, job_id: 59, reason: 6
I20230706 08:59:47.273895 2938853 event_listener.cc:138] [event_listener/table_file_created] column family: default, file path: /nvme/jinghuan/node_40001/db/000125.sst, file size: 80360014, job id: 58, reason: flush, status: OK
I20230706 08:59:47.287642 2938853 event_listener.cc:91] [event_listener/flush_completed] column family: default, thread_id: 2938853, job_id: 58, file: /nvme/jinghuan/node_40001/db/000125.sst, reason: 6, is_write_slowdown: no, is_write_stall: no, largest seqno: 19701780, smallest seqno: 19008463
W20230706 08:59:47.287720 2938853 event_listener.cc:132] [event_listener/stall_cond_changed] column family: default write stall condition was changed, from stop to normal
W20230706 08:59:47.289361 2939086 event_listener.cc:132] [event_listener/stall_cond_changed] column family: default write stall condition was changed, from delay to stop
W20230706 08:59:48.508051 2939082 event_listener.cc:132] [event_listener/stall_cond_changed] column family: default write stall condition was changed, from normal to delay
I20230706 08:59:49.769865 2938853 event_listener.cc:84] [event_listener/flush_begin] column family: default, thread_id: 2938853, job_id: 60, reason: 6
I20230706 08:59:50.872339 2938851 event_listener.cc:138] [event_listener/table_file_created] column family: default, file path: /nvme/jinghuan/node_40001/db/000128.sst, file size: 85053158, job id: 59, reason: flush, status: OK
