I20230707 12:43:32.513482 74924 event_listener.cc:91] [event_listener/flush_completed] column family: default, thread_id: 74924, job_id: 72, file: /nvme/jinghuan/node_40001/db/000132.sst, reason: 6, is_write_slowdown: no, is_write_stall: no, largest seqno: 21326337, smallest seqno: 20669925
I20230707 12:43:33.812992 75156 cluster.cc:923] function: Migrate level-migration
I20230707 12:43:33.813024 75156 slot_migrate_parallel.cc:32] [migrate] Start migrating slots, from slot: 0 to slot: 7910. Slots are moving to 0.0.0.0:40002
I20230707 12:43:33.813035 75156 cluster.cc:935] [cluster migration] Finished slot migration cmds sending, start to set nodes
I20230707 12:43:33.813066 75150 slot_migrate.cc:165] [migrate] Migrating slot: -1, dst_ip: 0.0.0.0, dst_port: 40002, max_speed: 0, max_pipeline_size: 16
I20230707 12:43:33.815268 75150 slot_migrate.cc:305] [migrate] Start migrating slot 7910, connect destination fd 89
I20230707 12:43:33.815297 75150 slot_migrate.cc:195] [migrate] Succeed to start migrating slot 7910
I20230707 12:43:33.815461 75150 slot_migrate_level.cc:110] Meta SSTs:[000119.sst,000102.sst,000088.sst]
I20230707 12:43:33.815472 75150 slot_migrate_level.cc:111] Subkey SSTs:[000132.sst,000129.sst,000126.sst,000122.sst,000117.sst,000114.sst,000111.sst,000108.sst,000106.sst,000091.sst,000075.sst,000060.sst,000044.sst,000042.sst,000031.sst]
I20230707 12:43:33.815493 75150 slot_migrate_level.cc:112] SST collected, Time taken(us): 24
I20230707 12:43:33.815507 75150 slot_migrate_level.cc:129] SST waiting for ingestion: /nvme/jinghuan/node_40001/db/000119.sst /nvme/jinghuan/node_40001/db/000102.sst /nvme/jinghuan/node_40001/db/000088.sst /nvme/jinghuan/node_40001/db/000132.sst /nvme/jinghuan/node_40001/db/000129.sst /nvme/jinghuan/node_40001/db/000126.sst /nvme/jinghuan/node_40001/db/000122.sst /nvme/jinghuan/node_40001/db/000117.sst /nvme/jinghuan/node_40001/db/000114.sst /nvme/jinghuan/node_40001/db/000111.sst /nvme/jinghuan/node_40001/db/000108.sst /nvme/jinghuan/node_40001/db/000106.sst /nvme/jinghuan/node_40001/db/000091.sst /nvme/jinghuan/node_40001/db/000075.sst /nvme/jinghuan/node_40001/db/000060.sst /nvme/jinghuan/node_40001/db/000044.sst /nvme/jinghuan/node_40001/db/000042.sst /nvme/jinghuan/node_40001/db/000031.sst
I20230707 12:43:33.815522 75150 slot_migrate_level.cc:211] redis-cli -h 0.0.0.0 -p 40002 sst_ingest local metadata /nvme/jinghuan/node_40001/db/000119.sst,/nvme/jinghuan/node_40001/db/000102.sst kvrockskvrockskvrockskvrockskvrocksnode2 fast 0
I20230707 12:43:33.821192 75156 cluster.cc:923] function: Migrate level-migration
I20230707 12:43:33.885293 75150 slot_migrate_level.cc:211] redis-cli -h 0.0.0.0 -p 40002 sst_ingest local metadata /nvme/jinghuan/node_40001/db/000088.sst kvrockskvrockskvrockskvrockskvrocksnode2 fast 1
I20230707 12:43:33.993073 75150 slot_migrate_level.cc:222] Level ingestion on column family [metadata] finished, Time taken(us)177549
I20230707 12:43:33.993151 75150 slot_migrate_level.cc:211] redis-cli -h 0.0.0.0 -p 40002 sst_ingest local default /nvme/jinghuan/node_40001/db/000132.sst,/nvme/jinghuan/node_40001/db/000129.sst,/nvme/jinghuan/node_40001/db/000126.sst,/nvme/jinghuan/node_40001/db/000122.sst,/nvme/jinghuan/node_40001/db/000117.sst,/nvme/jinghuan/node_40001/db/000114.sst,/nvme/jinghuan/node_40001/db/000111.sst,/nvme/jinghuan/node_40001/db/000108.sst,/nvme/jinghuan/node_40001/db/000106.sst,/nvme/jinghuan/node_40001/db/000091.sst,/nvme/jinghuan/node_40001/db/000075.sst,/nvme/jinghuan/node_40001/db/000060.sst,/nvme/jinghuan/node_40001/db/000044.sst kvrockskvrockskvrockskvrockskvrocksnode2 fast 0
I20230707 12:43:34.240072 74925 event_listener.cc:84] [event_listener/flush_begin] column family: metadata, thread_id: 74925, job_id: 76, reason: 13
I20230707 12:43:34.376389 74924 event_listener.cc:84] [event_listener/flush_begin] column family: default, thread_id: 74924, job_id: 78, reason: 6
I20230707 12:43:35.804999 74925 event_listener.cc:138] [event_listener/table_file_created] column family: metadata, file path: /nvme/jinghuan/node_40001/db/000135.sst, file size: 19158858, job id: 76, reason: flush, status: OK
I20230707 12:43:35.866714 74925 event_listener.cc:91] [event_listener/flush_completed] column family: metadata, thread_id: 74925, job_id: 76, file: /nvme/jinghuan/node_40001/db/000135.sst, reason: 13, is_write_slowdown: no, is_write_stall: no, largest seqno: 22036482, smallest seqno: 18885361
I20230707 12:43:36.116014 75150 slot_migrate_level.cc:211] redis-cli -h 0.0.0.0 -p 40002 sst_ingest local default /nvme/jinghuan/node_40001/db/000042.sst kvrockskvrockskvrockskvrockskvrocksnode2 fast 1
I20230707 12:43:36.293535 75150 slot_migrate_level.cc:211] redis-cli -h 0.0.0.0 -p 40002 sst_ingest local default /nvme/jinghuan/node_40001/db/000031.sst kvrockskvrockskvrockskvrockskvrocksnode2 fast 2
I20230707 12:43:36.467046 75150 slot_migrate_level.cc:222] Level ingestion on column family [default] finished, Time taken(us)2473907
I20230707 12:43:36.467120 75150 slot_migrate.cc:209] Finished sending snapshot, time taken(us): 2651812, seek time taken(us): 0, network response time taken(us): 0
I20230707 12:43:36.467139 75150 slot_migrate.cc:225] [migrate] Succeed to sync from WAL for a slot 7910
I20230707 12:43:36.469118 75150 slot_migrate.cc:237] [migrate] Succeed to migrate slot 7910
I20230707 12:43:36.469147 75150 slot_migrate.cc:438] [migrate] Clean resources of migrating slot 7910
I20230707 12:43:37.503810 74924 event_listener.cc:138] [event_listener/table_file_created] column family: default, file path: /nvme/jinghuan/node_40001/db/000137.sst, file size: 83862196, job id: 78, reason: flush, status: OK
I20230707 12:43:37.518244 74924 event_listener.cc:91] [event_listener/flush_completed] column family: default, thread_id: 74924, job_id: 78, file: /nvme/jinghuan/node_40001/db/000137.sst, reason: 6, is_write_slowdown: no, is_write_stall: no, largest seqno: 22053074, smallest seqno: 21326339
I20230707 12:43:39.903654 74923 event_listener.cc:138] [event_listener/table_file_created] column family: default, file path: /nvme/jinghuan/node_40001/db/000123.sst, file size: 388785931, job id: 67, reason: compaction, status: OK
I20230707 12:43:39.921372 74923 event_listener.cc:71] [event_listener/compaction_completed] column family: default, compaction reason: 1, output compression type: no, base input level(files): 0(5), output level(files): 0(1), input bytes: 388940133, output bytes:388785931, is_manual_compaction:no, elapsed(micro): 19703214
I20230707 12:43:39.927881 74923 event_listener.cc:127] [event_listener/table_file_deleted] db: /nvme/jinghuan/node_40001/db, sst file: /nvme/jinghuan/node_40001/db/000104.sst, status: OK
I20230707 12:43:39.933634 74923 event_listener.cc:127] [event_listener/table_file_deleted] db: /nvme/jinghuan/node_40001/db, sst file: /nvme/jinghuan/node_40001/db/000099.sst, status: OK
I20230707 12:43:39.939081 74923 event_listener.cc:127] [event_listener/table_file_deleted] db: /nvme/jinghuan/node_40001/db, sst file: /nvme/jinghuan/node_40001/db/000096.sst, status: OK
I20230707 12:43:39.944582 74923 event_listener.cc:127] [event_listener/table_file_deleted] db: /nvme/jinghuan/node_40001/db, sst file: /nvme/jinghuan/node_40001/db/000093.sst, status: OK
I20230707 12:43:45.603726 74921 event_listener.cc:138] [event_listener/table_file_created] column family: default, file path: /nvme/jinghuan/node_40001/db/000138.sst, file size: 329589548, job id: 79, reason: compaction, status: OK
I20230707 12:43:45.624198 74921 event_listener.cc:71] [event_listener/compaction_completed] column family: default, compaction reason: 1, output compression type: no, base input level(files): 0(4), output level(files): 0(1), input bytes: 329961418, output bytes:329589548, is_manual_compaction:no, elapsed(micro): 8085402
I20230707 12:43:45.633488 74921 event_listener.cc:127] [event_listener/table_file_deleted] db: /nvme/jinghuan/node_40001/db, sst file: /nvme/jinghuan/node_40001/db/000137.sst, status: OK
I20230707 12:43:45.639690 74921 event_listener.cc:127] [event_listener/table_file_deleted] db: /nvme/jinghuan/node_40001/db, sst file: /nvme/jinghuan/node_40001/db/000132.sst, status: OK
I20230707 12:43:45.645324 74921 event_listener.cc:127] [event_listener/table_file_deleted] db: /nvme/jinghuan/node_40001/db, sst file: /nvme/jinghuan/node_40001/db/000129.sst, status: OK
I20230707 12:43:45.650588 74921 event_listener.cc:127] [event_listener/table_file_deleted] db: /nvme/jinghuan/node_40001/db, sst file: /nvme/jinghuan/node_40001/db/000126.sst, status: OK
I20230707 12:43:45.653687 74921 event_listener.cc:127] [event_listener/table_file_deleted] db: /nvme/jinghuan/node_40001/db, sst file: /nvme/jinghuan/node_40001/db/000122.sst, status: OK
I20230707 12:43:45.659372 74921 event_listener.cc:127] [event_listener/table_file_deleted] db: /nvme/jinghuan/node_40001/db, sst file: /nvme/jinghuan/node_40001/db/000117.sst, status: OK
I20230707 12:43:45.665199 74921 event_listener.cc:127] [event_listener/table_file_deleted] db: /nvme/jinghuan/node_40001/db, sst file: /nvme/jinghuan/node_40001/db/000114.sst, status: OK
I20230707 12:43:45.670873 74921 event_listener.cc:127] [event_listener/table_file_deleted] db: /nvme/jinghuan/node_40001/db, sst file: /nvme/jinghuan/node_40001/db/000111.sst, status: OK
I20230707 12:43:45.676412 74921 event_listener.cc:127] [event_listener/table_file_deleted] db: /nvme/jinghuan/node_40001/db, sst file: /nvme/jinghuan/node_40001/db/000108.sst, status: OK
I20230707 12:43:45.691414 74925 event_listener.cc:84] [event_listener/flush_begin] column family: default, thread_id: 74925, job_id: 81, reason: 6
I20230707 12:43:47.226864 74925 event_listener.cc:138] [event_listener/table_file_created] column family: default, file path: /nvme/jinghuan/node_40001/db/000142.sst, file size: 49370744, job id: 81, reason: flush, status: OK
I20230707 12:43:47.242583 74925 event_listener.cc:91] [event_listener/flush_completed] column family: default, thread_id: 74925, job_id: 81, file: /nvme/jinghuan/node_40001/db/000142.sst, reason: 6, is_write_slowdown: no, is_write_stall: no, largest seqno: 22718552, smallest seqno: 22053098
I20230707 12:43:49.321439 74921 event_listener.cc:138] [event_listener/table_file_created] column family: default, file path: /nvme/jinghuan/node_40001/db/000141.sst, file size: 138660703, job id: 82, reason: compaction, status: OK
I20230707 12:43:51.929774 74921 event_listener.cc:138] [event_listener/table_file_created] column family: default, file path: /nvme/jinghuan/node_40001/db/000143.sst, file size: 138702313, job id: 82, reason: compaction, status: OK
I20230707 12:43:54.631791 74921 event_listener.cc:138] [event_listener/table_file_created] column family: default, file path: /nvme/jinghuan/node_40001/db/000144.sst, file size: 138698460, job id: 82, reason: compaction, status: OK
I20230707 12:43:57.232331 74921 event_listener.cc:138] [event_listener/table_file_created] column family: default, file path: /nvme/jinghuan/node_40001/db/000146.sst, file size: 138698487, job id: 82, reason: compaction, status: OK
I20230707 12:43:59.827929 74921 event_listener.cc:138] [event_listener/table_file_created] column family: default, file path: /nvme/jinghuan/node_40001/db/000147.sst, file size: 138763362, job id: 82, reason: compaction, status: OK
I20230707 12:44:01.948846 74924 event_listener.cc:84] [event_listener/flush_begin] column family: default, thread_id: 74924, job_id: 83, reason: 6
I20230707 12:44:03.131426 74921 event_listener.cc:138] [event_listener/table_file_created] column family: default, file path: /nvme/jinghuan/node_40001/db/000148.sst, file size: 138794822, job id: 82, reason: compaction, status: OK
I20230707 12:44:03.433692 74924 event_listener.cc:138] [event_listener/table_file_created] column family: default, file path: /nvme/jinghuan/node_40001/db/000150.sst, file size: 50194557, job id: 83, reason: flush, status: OK
I20230707 12:44:03.446220 74924 event_listener.cc:91] [event_listener/flush_completed] column family: default, thread_id: 74924, job_id: 83, file: /nvme/jinghuan/node_40001/db/000150.sst, reason: 6, is_write_slowdown: no, is_write_stall: no, largest seqno: 23380956, smallest seqno: 22718584
I20230707 12:44:05.832899 74921 event_listener.cc:138] [event_listener/table_file_created] column family: default, file path: /nvme/jinghuan/node_40001/db/000151.sst, file size: 138794606, job id: 82, reason: compaction, status: OK
I20230707 12:44:08.337466 74921 event_listener.cc:138] [event_listener/table_file_created] column family: default, file path: /nvme/jinghuan/node_40001/db/000152.sst, file size: 138798071, job id: 82, reason: compaction, status: OK
I20230707 12:44:10.735662 74921 event_listener.cc:138] [event_listener/table_file_created] column family: default, file path: /nvme/jinghuan/node_40001/db/000153.sst, file size: 138652520, job id: 82, reason: compaction, status: OK
I20230707 12:44:13.139413 74921 event_listener.cc:138] [event_listener/table_file_created] column family: default, file path: /nvme/jinghuan/node_40001/db/000154.sst, file size: 138680185, job id: 82, reason: compaction, status: OK
I20230707 12:44:15.636175 74921 event_listener.cc:138] [event_listener/table_file_created] column family: default, file path: /nvme/jinghuan/node_40001/db/000156.sst, file size: 138680229, job id: 82, reason: compaction, status: OK
I20230707 12:44:17.940815 74921 event_listener.cc:138] [event_listener/table_file_created] column family: default, file path: /nvme/jinghuan/node_40001/db/000157.sst, file size: 138680170, job id: 82, reason: compaction, status: OK
I20230707 12:44:19.926945 74925 event_listener.cc:84] [event_listener/flush_begin] column family: default, thread_id: 74925, job_id: 84, reason: 6
I20230707 12:44:20.841601 74921 event_listener.cc:138] [event_listener/table_file_created] column family: default, file path: /nvme/jinghuan/node_40001/db/000158.sst, file size: 138680187, job id: 82, reason: compaction, status: OK
I20230707 12:44:21.151818 74925 event_listener.cc:138] [event_listener/table_file_created] column family: default, file path: /nvme/jinghuan/node_40001/db/000160.sst, file size: 49129216, job id: 84, reason: flush, status: OK
I20230707 12:44:21.157145 74925 event_listener.cc:91] [event_listener/flush_completed] column family: default, thread_id: 74925, job_id: 84, file: /nvme/jinghuan/node_40001/db/000160.sst, reason: 6, is_write_slowdown: no, is_write_stall: no, largest seqno: 24010676, smallest seqno: 23380977
I20230707 12:44:23.440547 74921 event_listener.cc:138] [event_listener/table_file_created] column family: default, file path: /nvme/jinghuan/node_40001/db/000161.sst, file size: 138723861, job id: 82, reason: compaction, status: OK
I20230707 12:44:25.748030 74921 event_listener.cc:138] [event_listener/table_file_created] column family: default, file path: /nvme/jinghuan/node_40001/db/000162.sst, file size: 138730235, job id: 82, reason: compaction, status: OK
I20230707 12:44:27.952080 74921 event_listener.cc:138] [event_listener/table_file_created] column family: default, file path: /nvme/jinghuan/node_40001/db/000163.sst, file size: 138730165, job id: 82, reason: compaction, status: OK
I20230707 12:44:30.149643 74921 event_listener.cc:138] [event_listener/table_file_created] column family: default, file path: /nvme/jinghuan/node_40001/db/000164.sst, file size: 138730186, job id: 82, reason: compaction, status: OK
I20230707 12:44:31.055598 74921 event_listener.cc:138] [event_listener/table_file_created] column family: default, file path: /nvme/jinghuan/node_40001/db/000166.sst, file size: 55907496, job id: 82, reason: compaction, status: OK
I20230707 12:44:31.138856 74921 event_listener.cc:71] [event_listener/compaction_completed] column family: default, compaction reason: 1, output compression type: no, base input level(files): 0(9), output level(files): 1(18), input bytes: 2415780837, output bytes:2414106058, is_manual_compaction:no, elapsed(micro): 45379160
I20230707 12:44:31.162326 74921 event_listener.cc:127] [event_listener/table_file_deleted] db: /nvme/jinghuan/node_40001/db, sst file: /nvme/jinghuan/node_40001/db/000138.sst, status: OK
I20230707 12:44:31.185698 74921 event_listener.cc:127] [event_listener/table_file_deleted] db: /nvme/jinghuan/node_40001/db, sst file: /nvme/jinghuan/node_40001/db/000123.sst, status: OK
I20230707 12:44:31.209574 74921 event_listener.cc:127] [event_listener/table_file_deleted] db: /nvme/jinghuan/node_40001/db, sst file: /nvme/jinghuan/node_40001/db/000106.sst, status: OK
I20230707 12:44:31.229333 74921 event_listener.cc:127] [event_listener/table_file_deleted] db: /nvme/jinghuan/node_40001/db, sst file: /nvme/jinghuan/node_40001/db/000091.sst, status: OK
I20230707 12:44:31.250710 74921 event_listener.cc:127] [event_listener/table_file_deleted] db: /nvme/jinghuan/node_40001/db, sst file: /nvme/jinghuan/node_40001/db/000075.sst, status: OK
I20230707 12:44:31.271198 74921 event_listener.cc:127] [event_listener/table_file_deleted] db: /nvme/jinghuan/node_40001/db, sst file: /nvme/jinghuan/node_40001/db/000060.sst, status: OK
I20230707 12:44:31.274034 74921 event_listener.cc:127] [event_listener/table_file_deleted] db: /nvme/jinghuan/node_40001/db, sst file: /nvme/jinghuan/node_40001/db/000058.sst, status: OK
I20230707 12:44:31.289774 74921 event_listener.cc:127] [event_listener/table_file_deleted] db: /nvme/jinghuan/node_40001/db, sst file: /nvme/jinghuan/node_40001/db/000044.sst, status: OK
I20230707 12:44:31.301802 74921 event_listener.cc:127] [event_listener/table_file_deleted] db: /nvme/jinghuan/node_40001/db, sst file: /nvme/jinghuan/node_40001/db/000042.sst, status: OK
I20230707 12:44:31.320952 74921 event_listener.cc:71] [event_listener/compaction_completed] column family: default, compaction reason: 2, output compression type: no, base input level(files): 1(1), output level(files): 2(1), input bytes: 0, output bytes:0, is_manual_compaction:no, elapsed(micro): 0
I20230707 12:44:31.330264 74921 event_listener.cc:71] [event_listener/compaction_completed] column family: default, compaction reason: 2, output compression type: no, base input level(files): 1(1), output level(files): 2(1), input bytes: 0, output bytes:0, is_manual_compaction:no, elapsed(micro): 0
I20230707 12:44:31.343802 74921 event_listener.cc:71] [event_listener/compaction_completed] column family: default, compaction reason: 2, output compression type: no, base input level(files): 1(1), output level(files): 2(1), input bytes: 0, output bytes:0, is_manual_compaction:no, elapsed(micro): 0
I20230707 12:44:31.350232 74921 event_listener.cc:71] [event_listener/compaction_completed] column family: default, compaction reason: 2, output compression type: no, base input level(files): 1(1), output level(files): 2(1), input bytes: 0, output bytes:0, is_manual_compaction:no, elapsed(micro): 0
I20230707 12:44:31.366673 74921 event_listener.cc:71] [event_listener/compaction_completed] column family: default, compaction reason: 2, output compression type: no, base input level(files): 1(1), output level(files): 2(1), input bytes: 0, output bytes:0, is_manual_compaction:no, elapsed(micro): 0
I20230707 12:44:31.373198 74921 event_listener.cc:71] [event_listener/compaction_completed] column family: default, compaction reason: 2, output compression type: no, base input level(files): 1(1), output level(files): 2(1), input bytes: 0, output bytes:0, is_manual_compaction:no, elapsed(micro): 0
I20230707 12:44:31.379498 74921 event_listener.cc:71] [event_listener/compaction_completed] column family: default, compaction reason: 2, output compression type: no, base input level(files): 1(1), output level(files): 2(1), input bytes: 0, output bytes:0, is_manual_compaction:no, elapsed(micro): 0
I20230707 12:44:31.385882 74921 event_listener.cc:71] [event_listener/compaction_completed] column family: default, compaction reason: 2, output compression type: no, base input level(files): 1(1), output level(files): 2(1), input bytes: 0, output bytes:0, is_manual_compaction:no, elapsed(micro): 0
I20230707 12:44:31.392177 74921 event_listener.cc:71] [event_listener/compaction_completed] column family: default, compaction reason: 2, output compression type: no, base input level(files): 1(1), output level(files): 2(1), input bytes: 0, output bytes:0, is_manual_compaction:no, elapsed(micro): 0
I20230707 12:44:31.398572 74921 event_listener.cc:71] [event_listener/compaction_completed] column family: default, compaction reason: 2, output compression type: no, base input level(files): 1(1), output level(files): 2(1), input bytes: 0, output bytes:0, is_manual_compaction:no, elapsed(micro): 0
I20230707 12:44:33.584403 74921 event_listener.cc:138] [event_listener/table_file_created] column family: default, file path: /nvme/jinghuan/node_40001/db/000167.sst, file size: 138656089, job id: 95, reason: compaction, status: OK
I20230707 12:44:35.785830 74921 event_listener.cc:138] [event_listener/table_file_created] column family: default, file path: /nvme/jinghuan/node_40001/db/000168.sst, file size: 138701416, job id: 95, reason: compaction, status: OK
I20230707 12:44:37.891397 74921 event_listener.cc:138] [event_listener/table_file_created] column family: default, file path: /nvme/jinghuan/node_40001/db/000169.sst, file size: 138701359, job id: 95, reason: compaction, status: OK
I20230707 12:44:39.385556 74924 event_listener.cc:84] [event_listener/flush_begin] column family: default, thread_id: 74924, job_id: 96, reason: 6
I20230707 12:44:40.406334 74924 event_listener.cc:138] [event_listener/table_file_created] column family: default, file path: /nvme/jinghuan/node_40001/db/000172.sst, file size: 49204243, job id: 96, reason: flush, status: OK
I20230707 12:44:40.412818 74924 event_listener.cc:91] [event_listener/flush_completed] column family: default, thread_id: 74924, job_id: 96, file: /nvme/jinghuan/node_40001/db/000172.sst, reason: 6, is_write_slowdown: no, is_write_stall: no, largest seqno: 24639546, smallest seqno: 24010677
I20230707 12:44:40.791860 74921 event_listener.cc:138] [event_listener/table_file_created] column family: default, file path: /nvme/jinghuan/node_40001/db/000170.sst, file size: 138701304, job id: 95, reason: compaction, status: OK
I20230707 12:44:42.891117 74921 event_listener.cc:138] [event_listener/table_file_created] column family: default, file path: /nvme/jinghuan/node_40001/db/000173.sst, file size: 138702583, job id: 95, reason: compaction, status: OK
I20230707 12:44:44.988535 74921 event_listener.cc:138] [event_listener/table_file_created] column family: default, file path: /nvme/jinghuan/node_40001/db/000174.sst, file size: 138797575, job id: 95, reason: compaction, status: OK
I20230707 12:44:47.020680 74921 event_listener.cc:138] [event_listener/table_file_created] column family: default, file path: /nvme/jinghuan/node_40001/db/000175.sst, file size: 138797460, job id: 95, reason: compaction, status: OK
I20230707 12:44:49.008816 74921 event_listener.cc:138] [event_listener/table_file_created] column family: default, file path: /nvme/jinghuan/node_40001/db/000176.sst, file size: 138797436, job id: 95, reason: compaction, status: OK
I20230707 12:44:51.020283 74921 event_listener.cc:138] [event_listener/table_file_created] column family: default, file path: /nvme/jinghuan/node_40001/db/000177.sst, file size: 138653681, job id: 95, reason: compaction, status: OK
I20230707 12:44:51.067818 74921 event_listener.cc:71] [event_listener/compaction_completed] column family: default, compaction reason: 2, output compression type: no, base input level(files): 1(9), output level(files): 2(9), input bytes: 1248638462, output bytes:1248508903, is_manual_compaction:no, elapsed(micro): 19621556
I20230707 12:44:51.080742 74921 event_listener.cc:127] [event_listener/table_file_deleted] db: /nvme/jinghuan/node_40001/db, sst file: /nvme/jinghuan/node_40001/db/000152.sst, status: OK
I20230707 12:44:51.088951 74921 event_listener.cc:127] [event_listener/table_file_deleted] db: /nvme/jinghuan/node_40001/db, sst file: /nvme/jinghuan/node_40001/db/000151.sst, status: OK
I20230707 12:44:51.096799 74921 event_listener.cc:127] [event_listener/table_file_deleted] db: /nvme/jinghuan/node_40001/db, sst file: /nvme/jinghuan/node_40001/db/000148.sst, status: OK
I20230707 12:44:51.104835 74921 event_listener.cc:127] [event_listener/table_file_deleted] db: /nvme/jinghuan/node_40001/db, sst file: /nvme/jinghuan/node_40001/db/000147.sst, status: OK
I20230707 12:44:51.112725 74921 event_listener.cc:127] [event_listener/table_file_deleted] db: /nvme/jinghuan/node_40001/db, sst file: /nvme/jinghuan/node_40001/db/000146.sst, status: OK
I20230707 12:44:51.120975 74921 event_listener.cc:127] [event_listener/table_file_deleted] db: /nvme/jinghuan/node_40001/db, sst file: /nvme/jinghuan/node_40001/db/000144.sst, status: OK
I20230707 12:44:51.129380 74921 event_listener.cc:127] [event_listener/table_file_deleted] db: /nvme/jinghuan/node_40001/db, sst file: /nvme/jinghuan/node_40001/db/000143.sst, status: OK
I20230707 12:44:51.138656 74921 event_listener.cc:127] [event_listener/table_file_deleted] db: /nvme/jinghuan/node_40001/db, sst file: /nvme/jinghuan/node_40001/db/000141.sst, status: OK
I20230707 12:44:51.152196 74921 event_listener.cc:127] [event_listener/table_file_deleted] db: /nvme/jinghuan/node_40001/db, sst file: /nvme/jinghuan/node_40001/db/000031.sst, status: OK
I20230707 12:44:52.321331 74923 event_listener.cc:138] [event_listener/table_file_created] column family: default, file path: /nvme/jinghuan/node_40001/db/000179.sst, file size: 80965812, job id: 97, reason: compaction, status: OK
I20230707 12:44:52.339412 74923 event_listener.cc:71] [event_listener/compaction_completed] column family: default, compaction reason: 1, output compression type: no, base input level(files): 0(4), output level(files): 1(1), input bytes: 197898760, output bytes:80965812, is_manual_compaction:no, elapsed(micro): 1168744
I20230707 12:44:52.344292 74923 event_listener.cc:127] [event_listener/table_file_deleted] db: /nvme/jinghuan/node_40001/db, sst file: /nvme/jinghuan/node_40001/db/000172.sst, status: OK
I20230707 12:44:52.348605 74923 event_listener.cc:127] [event_listener/table_file_deleted] db: /nvme/jinghuan/node_40001/db, sst file: /nvme/jinghuan/node_40001/db/000160.sst, status: OK
I20230707 12:44:52.352118 74923 event_listener.cc:127] [event_listener/table_file_deleted] db: /nvme/jinghuan/node_40001/db, sst file: /nvme/jinghuan/node_40001/db/000150.sst, status: OK
I20230707 12:44:52.356137 74923 event_listener.cc:127] [event_listener/table_file_deleted] db: /nvme/jinghuan/node_40001/db, sst file: /nvme/jinghuan/node_40001/db/000142.sst, status: OK
I20230707 12:44:54.316238 74923 event_listener.cc:138] [event_listener/table_file_created] column family: default, file path: /nvme/jinghuan/node_40001/db/000180.sst, file size: 138652520, job id: 98, reason: compaction, status: OK
I20230707 12:44:54.326860 74923 event_listener.cc:71] [event_listener/compaction_completed] column family: default, compaction reason: 11, output compression type: no, base input level(files): 2(1), output level(files): 2(1), input bytes: 138652520, output bytes:138652520, is_manual_compaction:no, elapsed(micro): 1960092
I20230707 12:44:54.336840 74923 event_listener.cc:127] [event_listener/table_file_deleted] db: /nvme/jinghuan/node_40001/db, sst file: /nvme/jinghuan/node_40001/db/000153.sst, status: OK
I20230707 12:44:56.316666 74923 event_listener.cc:138] [event_listener/table_file_created] column family: default, file path: /nvme/jinghuan/node_40001/db/000181.sst, file size: 138680185, job id: 99, reason: compaction, status: OK
I20230707 12:44:56.328011 74923 event_listener.cc:71] [event_listener/compaction_completed] column family: default, compaction reason: 11, output compression type: no, base input level(files): 2(1), output level(files): 2(1), input bytes: 138680185, output bytes:138680185, is_manual_compaction:no, elapsed(micro): 1979797
I20230707 12:44:56.338979 74923 event_listener.cc:127] [event_listener/table_file_deleted] db: /nvme/jinghuan/node_40001/db, sst file: /nvme/jinghuan/node_40001/db/000154.sst, status: OK
I20230707 12:44:58.326819 74923 event_listener.cc:138] [event_listener/table_file_created] column family: default, file path: /nvme/jinghuan/node_40001/db/000182.sst, file size: 138680229, job id: 100, reason: compaction, status: OK
I20230707 12:44:58.349390 74923 event_listener.cc:71] [event_listener/compaction_completed] column family: default, compaction reason: 11, output compression type: no, base input level(files): 2(1), output level(files): 2(1), input bytes: 138680229, output bytes:138680229, is_manual_compaction:no, elapsed(micro): 1987837
I20230707 12:44:58.357600 74923 event_listener.cc:127] [event_listener/table_file_deleted] db: /nvme/jinghuan/node_40001/db, sst file: /nvme/jinghuan/node_40001/db/000156.sst, status: OK
I20230707 12:44:59.088302 74925 event_listener.cc:84] [event_listener/flush_begin] column family: default, thread_id: 74925, job_id: 102, reason: 6
I20230707 12:45:00.147689 74925 event_listener.cc:138] [event_listener/table_file_created] column family: default, file path: /nvme/jinghuan/node_40001/db/000185.sst, file size: 49056848, job id: 102, reason: flush, status: OK
I20230707 12:45:00.159649 74925 event_listener.cc:91] [event_listener/flush_completed] column family: default, thread_id: 74925, job_id: 102, file: /nvme/jinghuan/node_40001/db/000185.sst, reason: 6, is_write_slowdown: no, is_write_stall: no, largest seqno: 25266979, smallest seqno: 24639557
I20230707 12:45:01.045125 74923 event_listener.cc:138] [event_listener/table_file_created] column family: default, file path: /nvme/jinghuan/node_40001/db/000183.sst, file size: 138680170, job id: 101, reason: compaction, status: OK
I20230707 12:45:01.061589 74923 event_listener.cc:71] [event_listener/compaction_completed] column family: default, compaction reason: 11, output compression type: no, base input level(files): 2(1), output level(files): 2(1), input bytes: 138680170, output bytes:138680170, is_manual_compaction:no, elapsed(micro): 2687510
I20230707 12:45:01.073755 74923 event_listener.cc:127] [event_listener/table_file_deleted] db: /nvme/jinghuan/node_40001/db, sst file: /nvme/jinghuan/node_40001/db/000157.sst, status: OK
I20230707 12:45:01.829517 74924 event_listener.cc:84] [event_listener/flush_begin] column family: metadata, thread_id: 74924, job_id: 104, reason: 13
I20230707 12:45:01.893416 74924 event_listener.cc:138] [event_listener/table_file_created] column family: metadata, file path: /nvme/jinghuan/node_40001/db/000188.sst, file size: 2855788, job id: 104, reason: flush, status: OK
I20230707 12:45:01.899801 74924 event_listener.cc:91] [event_listener/flush_completed] column family: metadata, thread_id: 74924, job_id: 104, file: /nvme/jinghuan/node_40001/db/000188.sst, reason: 13, is_write_slowdown: no, is_write_stall: no, largest seqno: 25358940, smallest seqno: 22036493
I20230707 12:45:03.066145 74923 event_listener.cc:138] [event_listener/table_file_created] column family: default, file path: /nvme/jinghuan/node_40001/db/000186.sst, file size: 138680187, job id: 103, reason: compaction, status: OK
I20230707 12:45:03.077431 74923 event_listener.cc:71] [event_listener/compaction_completed] column family: default, compaction reason: 11, output compression type: no, base input level(files): 2(1), output level(files): 2(1), input bytes: 138680187, output bytes:138680187, is_manual_compaction:no, elapsed(micro): 1992354
I20230707 12:45:03.089022 74923 event_listener.cc:127] [event_listener/table_file_deleted] db: /nvme/jinghuan/node_40001/db, sst file: /nvme/jinghuan/node_40001/db/000158.sst, status: OK
I20230707 12:45:05.071714 74923 event_listener.cc:138] [event_listener/table_file_created] column family: default, file path: /nvme/jinghuan/node_40001/db/000189.sst, file size: 138723861, job id: 105, reason: compaction, status: OK
I20230707 12:45:05.088405 74923 event_listener.cc:71] [event_listener/compaction_completed] column family: default, compaction reason: 11, output compression type: no, base input level(files): 2(1), output level(files): 2(1), input bytes: 138723861, output bytes:138723861, is_manual_compaction:no, elapsed(micro): 1982658
I20230707 12:45:05.101313 74923 event_listener.cc:127] [event_listener/table_file_deleted] db: /nvme/jinghuan/node_40001/db, sst file: /nvme/jinghuan/node_40001/db/000161.sst, status: OK
I20230707 12:45:07.131047 74923 event_listener.cc:138] [event_listener/table_file_created] column family: metadata, file path: /nvme/jinghuan/node_40001/db/000190.sst, file size: 135931006, job id: 106, reason: compaction, status: OK
I20230707 12:45:07.141031 74923 event_listener.cc:71] [event_listener/compaction_completed] column family: metadata, compaction reason: 1, output compression type: no, base input level(files): 0(5), output level(files): 1(1), input bytes: 136788741, output bytes:135931006, is_manual_compaction:no, elapsed(micro): 2029702
I20230707 12:45:07.141443 74923 event_listener.cc:127] [event_listener/table_file_deleted] db: /nvme/jinghuan/node_40001/db, sst file: /nvme/jinghuan/node_40001/db/000188.sst, status: OK
I20230707 12:45:07.143656 74923 event_listener.cc:127] [event_listener/table_file_deleted] db: /nvme/jinghuan/node_40001/db, sst file: /nvme/jinghuan/node_40001/db/000135.sst, status: OK
I20230707 12:45:07.145853 74923 event_listener.cc:127] [event_listener/table_file_deleted] db: /nvme/jinghuan/node_40001/db, sst file: /nvme/jinghuan/node_40001/db/000119.sst, status: OK
I20230707 12:45:07.148077 74923 event_listener.cc:127] [event_listener/table_file_deleted] db: /nvme/jinghuan/node_40001/db, sst file: /nvme/jinghuan/node_40001/db/000102.sst, status: OK
I20230707 12:45:07.154764 74923 event_listener.cc:127] [event_listener/table_file_deleted] db: /nvme/jinghuan/node_40001/db, sst file: /nvme/jinghuan/node_40001/db/000088.sst, status: OK
I20230707 12:45:09.071810 74921 event_listener.cc:138] [event_listener/table_file_created] column family: default, file path: /nvme/jinghuan/node_40001/db/000191.sst, file size: 138730235, job id: 107, reason: compaction, status: OK
I20230707 12:45:09.083024 74921 event_listener.cc:71] [event_listener/compaction_completed] column family: default, compaction reason: 11, output compression type: no, base input level(files): 2(1), output level(files): 2(1), input bytes: 138730235, output bytes:138730235, is_manual_compaction:no, elapsed(micro): 1916926
I20230707 12:45:09.092103 74921 event_listener.cc:127] [event_listener/table_file_deleted] db: /nvme/jinghuan/node_40001/db, sst file: /nvme/jinghuan/node_40001/db/000162.sst, status: OK
I20230707 12:45:11.079147 74921 event_listener.cc:138] [event_listener/table_file_created] column family: default, file path: /nvme/jinghuan/node_40001/db/000193.sst, file size: 138730165, job id: 108, reason: compaction, status: OK
I20230707 12:45:11.097750 74921 event_listener.cc:71] [event_listener/compaction_completed] column family: default, compaction reason: 11, output compression type: no, base input level(files): 2(1), output level(files): 2(1), input bytes: 138730165, output bytes:138730165, is_manual_compaction:no, elapsed(micro): 1986998
I20230707 12:45:11.112484 74921 event_listener.cc:127] [event_listener/table_file_deleted] db: /nvme/jinghuan/node_40001/db, sst file: /nvme/jinghuan/node_40001/db/000163.sst, status: OK
I20230707 12:45:13.079905 74921 event_listener.cc:138] [event_listener/table_file_created] column family: default, file path: /nvme/jinghuan/node_40001/db/000194.sst, file size: 138730186, job id: 109, reason: compaction, status: OK
I20230707 12:45:13.097970 74921 event_listener.cc:71] [event_listener/compaction_completed] column family: default, compaction reason: 11, output compression type: no, base input level(files): 2(1), output level(files): 2(1), input bytes: 138730186, output bytes:138730186, is_manual_compaction:no, elapsed(micro): 1967372
I20230707 12:45:13.112764 74921 event_listener.cc:127] [event_listener/table_file_deleted] db: /nvme/jinghuan/node_40001/db, sst file: /nvme/jinghuan/node_40001/db/000164.sst, status: OK
I20230707 12:45:13.908151 74921 event_listener.cc:138] [event_listener/table_file_created] column family: default, file path: /nvme/jinghuan/node_40001/db/000195.sst, file size: 55907496, job id: 110, reason: compaction, status: OK
I20230707 12:45:13.926131 74921 event_listener.cc:71] [event_listener/compaction_completed] column family: default, compaction reason: 11, output compression type: no, base input level(files): 2(1), output level(files): 2(1), input bytes: 55907496, output bytes:55907496, is_manual_compaction:no, elapsed(micro): 795335
I20230707 12:45:13.932843 74921 event_listener.cc:127] [event_listener/table_file_deleted] db: /nvme/jinghuan/node_40001/db, sst file: /nvme/jinghuan/node_40001/db/000166.sst, status: OK
I20230707 12:45:18.741052 74925 event_listener.cc:84] [event_listener/flush_begin] column family: default, thread_id: 74925, job_id: 111, reason: 6
I20230707 12:45:19.395540 74925 event_listener.cc:138] [event_listener/table_file_created] column family: default, file path: /nvme/jinghuan/node_40001/db/000197.sst, file size: 48655325, job id: 111, reason: flush, status: OK
I20230707 12:45:19.404886 74925 event_listener.cc:91] [event_listener/flush_completed] column family: default, thread_id: 74925, job_id: 111, file: /nvme/jinghuan/node_40001/db/000197.sst, reason: 6, is_write_slowdown: no, is_write_stall: no, largest seqno: 25881221, smallest seqno: 25266980
I20230707 12:45:39.590090 74924 event_listener.cc:84] [event_listener/flush_begin] column family: default, thread_id: 74924, job_id: 112, reason: 6
I20230707 12:45:40.314270 74924 event_listener.cc:138] [event_listener/table_file_created] column family: default, file path: /nvme/jinghuan/node_40001/db/000200.sst, file size: 48386395, job id: 112, reason: flush, status: OK
I20230707 12:45:40.329877 74924 event_listener.cc:91] [event_listener/flush_completed] column family: default, thread_id: 74924, job_id: 112, file: /nvme/jinghuan/node_40001/db/000200.sst, reason: 6, is_write_slowdown: no, is_write_stall: no, largest seqno: 26492633, smallest seqno: 25881222
I20230707 12:46:01.956956 74925 event_listener.cc:84] [event_listener/flush_begin] column family: default, thread_id: 74925, job_id: 113, reason: 6
I20230707 12:46:02.632061 74925 event_listener.cc:138] [event_listener/table_file_created] column family: default, file path: /nvme/jinghuan/node_40001/db/000203.sst, file size: 48847920, job id: 113, reason: flush, status: OK
I20230707 12:46:02.644933 74925 event_listener.cc:91] [event_listener/flush_completed] column family: default, thread_id: 74925, job_id: 113, file: /nvme/jinghuan/node_40001/db/000203.sst, reason: 6, is_write_slowdown: no, is_write_stall: no, largest seqno: 27109873, smallest seqno: 26492664
I20230707 12:46:04.051863 74923 event_listener.cc:138] [event_listener/table_file_created] column family: default, file path: /nvme/jinghuan/node_40001/db/000204.sst, file size: 83349289, job id: 114, reason: compaction, status: OK
I20230707 12:46:04.060747 74923 event_listener.cc:71] [event_listener/compaction_completed] column family: default, compaction reason: 1, output compression type: no, base input level(files): 0(5), output level(files): 1(1), input bytes: 275912300, output bytes:83349289, is_manual_compaction:no, elapsed(micro): 1406889
I20230707 12:46:04.065944 74923 event_listener.cc:127] [event_listener/table_file_deleted] db: /nvme/jinghuan/node_40001/db, sst file: /nvme/jinghuan/node_40001/db/000203.sst, status: OK
I20230707 12:46:04.071211 74923 event_listener.cc:127] [event_listener/table_file_deleted] db: /nvme/jinghuan/node_40001/db, sst file: /nvme/jinghuan/node_40001/db/000200.sst, status: OK
I20230707 12:46:04.074831 74923 event_listener.cc:127] [event_listener/table_file_deleted] db: /nvme/jinghuan/node_40001/db, sst file: /nvme/jinghuan/node_40001/db/000197.sst, status: OK
I20230707 12:46:04.078480 74923 event_listener.cc:127] [event_listener/table_file_deleted] db: /nvme/jinghuan/node_40001/db, sst file: /nvme/jinghuan/node_40001/db/000185.sst, status: OK
I20230707 12:46:04.085016 74923 event_listener.cc:127] [event_listener/table_file_deleted] db: /nvme/jinghuan/node_40001/db, sst file: /nvme/jinghuan/node_40001/db/000179.sst, status: OK
I20230707 12:46:20.746348 74924 event_listener.cc:84] [event_listener/flush_begin] column family: default, thread_id: 74924, job_id: 115, reason: 6
I20230707 12:46:21.505378 74924 event_listener.cc:138] [event_listener/table_file_created] column family: default, file path: /nvme/jinghuan/node_40001/db/000207.sst, file size: 48892817, job id: 115, reason: flush, status: OK
I20230707 12:46:21.516362 74924 event_listener.cc:91] [event_listener/flush_completed] column family: default, thread_id: 74924, job_id: 115, file: /nvme/jinghuan/node_40001/db/000207.sst, reason: 6, is_write_slowdown: no, is_write_stall: no, largest seqno: 27729014, smallest seqno: 27109874
I20230707 12:46:41.035820 74925 event_listener.cc:84] [event_listener/flush_begin] column family: default, thread_id: 74925, job_id: 116, reason: 6
I20230707 12:46:41.816860 74925 event_listener.cc:138] [event_listener/table_file_created] column family: default, file path: /nvme/jinghuan/node_40001/db/000210.sst, file size: 48945213, job id: 116, reason: flush, status: OK
I20230707 12:46:41.829574 74925 event_listener.cc:91] [event_listener/flush_completed] column family: default, thread_id: 74925, job_id: 116, file: /nvme/jinghuan/node_40001/db/000210.sst, reason: 6, is_write_slowdown: no, is_write_stall: no, largest seqno: 28350698, smallest seqno: 27729025
