Log file created at: 2023/07/07 12:41:16
Running on machine: en4217754l
Running duration (h:mm:ss): 0:00:00
Log line format: [IWEF]yyyymmdd hh:mm:ss.uuuuuu threadid file:line] msg
I20230707 12:41:16.199558 74913 main.cc:328] kvrocks unstable (commit 4a10c89)
I20230707 12:41:16.594537 74913 storage.cc:322] [storage] Success to load the data from disk: 75 ms
I20230707 12:41:16.595644 74913 worker.cc:72] [worker] Listening on: 10.218.109.65:40001
I20230707 12:41:16.595702 74913 worker.cc:72] [worker] Listening on: 127.0.0.1:40001
I20230707 12:41:16.596112 74913 worker.cc:72] [worker] Listening on: 10.218.109.65:40001
I20230707 12:41:16.596139 74913 worker.cc:72] [worker] Listening on: 127.0.0.1:40001
I20230707 12:41:16.596354 74913 worker.cc:72] [worker] Listening on: 10.218.109.65:40001
I20230707 12:41:16.596379 74913 worker.cc:72] [worker] Listening on: 127.0.0.1:40001
I20230707 12:41:16.596576 74913 worker.cc:72] [worker] Listening on: 10.218.109.65:40001
I20230707 12:41:16.596601 74913 worker.cc:72] [worker] Listening on: 127.0.0.1:40001
I20230707 12:41:16.596798 74913 worker.cc:72] [worker] Listening on: 10.218.109.65:40001
I20230707 12:41:16.596822 74913 worker.cc:72] [worker] Listening on: 127.0.0.1:40001
I20230707 12:41:16.597014 74913 worker.cc:72] [worker] Listening on: 10.218.109.65:40001
I20230707 12:41:16.597039 74913 worker.cc:72] [worker] Listening on: 127.0.0.1:40001
I20230707 12:41:16.597226 74913 worker.cc:72] [worker] Listening on: 10.218.109.65:40001
I20230707 12:41:16.597250 74913 worker.cc:72] [worker] Listening on: 127.0.0.1:40001
I20230707 12:41:16.597435 74913 worker.cc:72] [worker] Listening on: 10.218.109.65:40001
I20230707 12:41:16.597460 74913 worker.cc:72] [worker] Listening on: 127.0.0.1:40001
W20230707 12:41:16.597616 74913 server.cc:1650] [server] Increased maximum number of open files to 14224 (it's originally set to 1024)
I20230707 12:41:16.597893 74913 cluster.cc:643] The cluster nodes file /nvme/jinghuan/node_40001/nodes.conf is not found. Use CLUSTERX subcommands to specify it.
I20230707 12:41:16.597921 74913 cluster.cc:643] The cluster nodes file /nvme/jinghuan/node_40001/nodes.conf is not found. Use CLUSTERX subcommands to specify it.
I20230707 12:41:16.602535 74913 worker.cc:519] [worker] Thread #139655290812160 started
I20230707 12:41:16.602586 74913 worker.cc:519] [worker] Thread #139655374673664 started
I20230707 12:41:16.602660 74913 worker.cc:519] [worker] Thread #139655678359296 started
I20230707 12:41:16.602731 74913 worker.cc:519] [worker] Thread #139655669966592 started
I20230707 12:41:16.602797 74913 worker.cc:519] [worker] Thread #139655661573888 started
I20230707 12:41:16.602862 74913 worker.cc:519] [worker] Thread #139655653181184 started
I20230707 12:41:16.602936 74913 worker.cc:519] [worker] Thread #139655425029888 started
I20230707 12:41:16.603003 74913 worker.cc:519] [worker] Thread #139655416637184 started
I20230707 12:41:16.603217 74913 server.cc:211] [server] Ready to accept connections
I20230707 12:41:17.239562 75156 cluster.cc:286] MASTER MODE enabled by cluster topology setting
I20230707 12:41:19.785595 74924 event_listener.cc:84] [event_listener/flush_begin] column family: default, thread_id: 74924, job_id: 3, reason: 6
I20230707 12:41:20.219990 74924 event_listener.cc:138] [event_listener/table_file_created] column family: default, file path: /nvme/jinghuan/node_40001/db/000016.sst, file size: 83054308, job id: 3, reason: flush, status: OK
I20230707 12:41:20.235582 74924 event_listener.cc:91] [event_listener/flush_completed] column family: default, thread_id: 74924, job_id: 3, file: /nvme/jinghuan/node_40001/db/000016.sst, reason: 6, is_write_slowdown: no, is_write_stall: no, largest seqno: 716572, smallest seqno: 1
I20230707 12:41:20.926915 74921 event_listener.cc:138] [event_listener/table_file_created] column family: default, file path: /nvme/jinghuan/node_40001/db/000017.sst, file size: 83054304, job id: 4, reason: compaction, status: OK
I20230707 12:41:20.946198 74921 event_listener.cc:71] [event_listener/compaction_completed] column family: default, compaction reason: 11, output compression type: no, base input level(files): 0(1), output level(files): 0(1), input bytes: 83054308, output bytes:83054304, is_manual_compaction:no, elapsed(micro): 691208
I20230707 12:41:20.958683 74921 event_listener.cc:127] [event_listener/table_file_deleted] db: /nvme/jinghuan/node_40001/db, sst file: /nvme/jinghuan/node_40001/db/000016.sst, status: OK
I20230707 12:41:22.073405 74925 event_listener.cc:84] [event_listener/flush_begin] column family: default, thread_id: 74925, job_id: 5, reason: 6
I20230707 12:41:22.473871 74925 event_listener.cc:138] [event_listener/table_file_created] column family: default, file path: /nvme/jinghuan/node_40001/db/000020.sst, file size: 78980721, job id: 5, reason: flush, status: OK
I20230707 12:41:22.490018 74925 event_listener.cc:91] [event_listener/flush_completed] column family: default, thread_id: 74925, job_id: 5, file: /nvme/jinghuan/node_40001/db/000020.sst, reason: 6, is_write_slowdown: no, is_write_stall: no, largest seqno: 1397989, smallest seqno: 716574
I20230707 12:41:24.261935 74924 event_listener.cc:84] [event_listener/flush_begin] column family: default, thread_id: 74924, job_id: 6, reason: 6
I20230707 12:41:24.651511 74924 event_listener.cc:138] [event_listener/table_file_created] column family: default, file path: /nvme/jinghuan/node_40001/db/000023.sst, file size: 76563930, job id: 6, reason: flush, status: OK
I20230707 12:41:24.668553 74924 event_listener.cc:91] [event_listener/flush_completed] column family: default, thread_id: 74924, job_id: 6, file: /nvme/jinghuan/node_40001/db/000023.sst, reason: 6, is_write_slowdown: no, is_write_stall: no, largest seqno: 2058484, smallest seqno: 1397991
I20230707 12:41:26.498739 74925 event_listener.cc:84] [event_listener/flush_begin] column family: default, thread_id: 74925, job_id: 7, reason: 6
W20230707 12:41:27.554126 75158 event_listener.cc:132] [event_listener/stall_cond_changed] column family: default write stall condition was changed, from normal to delay
I20230707 12:41:27.916666 74924 event_listener.cc:84] [event_listener/flush_begin] column family: metadata, thread_id: 74924, job_id: 8, reason: 13
I20230707 12:41:29.421931 74925 event_listener.cc:138] [event_listener/table_file_created] column family: default, file path: /nvme/jinghuan/node_40001/db/000026.sst, file size: 76092664, job id: 7, reason: flush, status: OK
I20230707 12:41:29.431944 74925 event_listener.cc:91] [event_listener/flush_completed] column family: default, thread_id: 74925, job_id: 7, file: /nvme/jinghuan/node_40001/db/000026.sst, reason: 6, is_write_slowdown: no, is_write_stall: no, largest seqno: 2714931, smallest seqno: 2058486
W20230707 12:41:29.432197 74925 event_listener.cc:132] [event_listener/stall_cond_changed] column family: default write stall condition was changed, from stop to normal
W20230707 12:41:29.432816 75154 event_listener.cc:132] [event_listener/stall_cond_changed] column family: default write stall condition was changed, from delay to stop
I20230707 12:41:29.453789 74925 event_listener.cc:84] [event_listener/flush_begin] column family: default, thread_id: 74925, job_id: 10, reason: 6
I20230707 12:41:29.517982 74924 event_listener.cc:138] [event_listener/table_file_created] column family: metadata, file path: /nvme/jinghuan/node_40001/db/000029.sst, file size: 19243637, job id: 8, reason: flush, status: OK
I20230707 12:41:29.529286 74924 event_listener.cc:91] [event_listener/flush_completed] column family: metadata, thread_id: 74924, job_id: 8, file: /nvme/jinghuan/node_40001/db/000029.sst, reason: 13, is_write_slowdown: no, is_write_stall: no, largest seqno: 3147551, smallest seqno: 11
W20230707 12:41:29.529553 75156 event_listener.cc:132] [event_listener/stall_cond_changed] column family: default write stall condition was changed, from normal to delay
I20230707 12:41:29.553066 74924 event_listener.cc:84] [event_listener/flush_begin] column family: default, thread_id: 74924, job_id: 12, reason: 13
I20230707 12:41:29.831856 74924 event_listener.cc:138] [event_listener/table_file_created] column family: default, file path: /nvme/jinghuan/node_40001/db/000035.sst, file size: 2925133, job id: 12, reason: flush, status: OK
I20230707 12:41:31.420886 74921 event_listener.cc:138] [event_listener/table_file_created] column family: metadata, file path: /nvme/jinghuan/node_40001/db/000034.sst, file size: 19243633, job id: 11, reason: compaction, status: OK
I20230707 12:41:31.430619 74921 event_listener.cc:71] [event_listener/compaction_completed] column family: metadata, compaction reason: 11, output compression type: no, base input level(files): 0(1), output level(files): 0(1), input bytes: 19243637, output bytes:19243633, is_manual_compaction:no, elapsed(micro): 1891275
I20230707 12:41:31.433636 74921 event_listener.cc:127] [event_listener/table_file_deleted] db: /nvme/jinghuan/node_40001/db, sst file: /nvme/jinghuan/node_40001/db/000029.sst, status: OK
I20230707 12:41:35.422289 74925 event_listener.cc:138] [event_listener/table_file_created] column family: default, file path: /nvme/jinghuan/node_40001/db/000032.sst, file size: 77699211, job id: 10, reason: flush, status: OK
I20230707 12:41:35.428742 74925 event_listener.cc:91] [event_listener/flush_completed] column family: default, thread_id: 74925, job_id: 10, file: /nvme/jinghuan/node_40001/db/000032.sst, reason: 13, is_write_slowdown: no, is_write_stall: no, largest seqno: 3385260, smallest seqno: 2714933
I20230707 12:41:35.428763 74925 event_listener.cc:91] [event_listener/flush_completed] column family: default, thread_id: 74924, job_id: 12, file: /nvme/jinghuan/node_40001/db/000035.sst, reason: 13, is_write_slowdown: no, is_write_stall: no, largest seqno: 3410461, smallest seqno: 3385262
W20230707 12:41:35.428889 74925 event_listener.cc:132] [event_listener/stall_cond_changed] column family: default write stall condition was changed, from stop to normal
W20230707 12:41:35.429150 75151 event_listener.cc:132] [event_listener/stall_cond_changed] column family: default write stall condition was changed, from delay to stop
I20230707 12:41:36.616367 74924 event_listener.cc:84] [event_listener/flush_begin] column family: default, thread_id: 74924, job_id: 13, reason: 6
W20230707 12:41:37.709645 75152 event_listener.cc:132] [event_listener/stall_cond_changed] column family: default write stall condition was changed, from normal to delay
I20230707 12:41:38.883225 74925 event_listener.cc:84] [event_listener/flush_begin] column family: default, thread_id: 74925, job_id: 14, reason: 6
I20230707 12:41:42.629546 74924 event_listener.cc:138] [event_listener/table_file_created] column family: default, file path: /nvme/jinghuan/node_40001/db/000038.sst, file size: 76563429, job id: 13, reason: flush, status: OK
I20230707 12:41:42.642218 74924 event_listener.cc:91] [event_listener/flush_completed] column family: default, thread_id: 74924, job_id: 13, file: /nvme/jinghuan/node_40001/db/000038.sst, reason: 6, is_write_slowdown: no, is_write_stall: no, largest seqno: 4071011, smallest seqno: 3410463
W20230707 12:41:42.642351 74924 event_listener.cc:132] [event_listener/stall_cond_changed] column family: default write stall condition was changed, from stop to normal
W20230707 12:41:42.643221 75152 event_listener.cc:132] [event_listener/stall_cond_changed] column family: default write stall condition was changed, from delay to stop
I20230707 12:41:42.728157 74923 event_listener.cc:138] [event_listener/table_file_created] column family: default, file path: /nvme/jinghuan/node_40001/db/000031.sst, file size: 138727638, job id: 9, reason: compaction, status: OK
W20230707 12:41:43.811398 75155 event_listener.cc:132] [event_listener/stall_cond_changed] column family: default write stall condition was changed, from normal to delay
I20230707 12:41:44.833935 74925 event_listener.cc:138] [event_listener/table_file_created] column family: default, file path: /nvme/jinghuan/node_40001/db/000041.sst, file size: 76601284, job id: 14, reason: flush, status: OK
I20230707 12:41:44.849442 74925 event_listener.cc:91] [event_listener/flush_completed] column family: default, thread_id: 74925, job_id: 14, file: /nvme/jinghuan/node_40001/db/000041.sst, reason: 6, is_write_slowdown: no, is_write_stall: no, largest seqno: 4731902, smallest seqno: 4071013
W20230707 12:41:44.849642 74925 event_listener.cc:132] [event_listener/stall_cond_changed] column family: default write stall condition was changed, from delay to normal
I20230707 12:41:45.081199 74924 event_listener.cc:84] [event_listener/flush_begin] column family: default, thread_id: 74924, job_id: 16, reason: 6
W20230707 12:41:46.161860 75154 event_listener.cc:132] [event_listener/stall_cond_changed] column family: default write stall condition was changed, from normal to delay
I20230707 12:41:47.362663 74925 event_listener.cc:84] [event_listener/flush_begin] column family: default, thread_id: 74925, job_id: 17, reason: 6
I20230707 12:41:53.240267 74924 event_listener.cc:138] [event_listener/table_file_created] column family: default, file path: /nvme/jinghuan/node_40001/db/000046.sst, file size: 77383306, job id: 16, reason: flush, status: OK
I20230707 12:41:53.249244 74924 event_listener.cc:91] [event_listener/flush_completed] column family: default, thread_id: 74924, job_id: 16, file: /nvme/jinghuan/node_40001/db/000046.sst, reason: 6, is_write_slowdown: no, is_write_stall: no, largest seqno: 5399514, smallest seqno: 4731904
W20230707 12:41:53.249337 74924 event_listener.cc:132] [event_listener/stall_cond_changed] column family: default write stall condition was changed, from stop to normal
W20230707 12:41:53.250233 75154 event_listener.cc:132] [event_listener/stall_cond_changed] column family: default write stall condition was changed, from delay to stop
I20230707 12:41:54.088882 74924 event_listener.cc:84] [event_listener/flush_begin] column family: metadata, thread_id: 74924, job_id: 18, reason: 13
W20230707 12:41:54.462678 75156 event_listener.cc:132] [event_listener/stall_cond_changed] column family: default write stall condition was changed, from normal to delay
I20230707 12:41:54.741179 74925 event_listener.cc:138] [event_listener/table_file_created] column family: default, file path: /nvme/jinghuan/node_40001/db/000049.sst, file size: 76748452, job id: 17, reason: flush, status: OK
I20230707 12:41:54.753698 74925 event_listener.cc:91] [event_listener/flush_completed] column family: default, thread_id: 74925, job_id: 17, file: /nvme/jinghuan/node_40001/db/000049.sst, reason: 6, is_write_slowdown: no, is_write_stall: no, largest seqno: 6061648, smallest seqno: 5399516
W20230707 12:41:54.753785 74925 event_listener.cc:132] [event_listener/stall_cond_changed] column family: default write stall condition was changed, from delay to normal
I20230707 12:41:55.625890 74925 event_listener.cc:84] [event_listener/flush_begin] column family: default, thread_id: 74925, job_id: 19, reason: 6
I20230707 12:41:56.139323 74924 event_listener.cc:138] [event_listener/table_file_created] column family: metadata, file path: /nvme/jinghuan/node_40001/db/000051.sst, file size: 19237707, job id: 18, reason: flush, status: OK
I20230707 12:41:56.147976 74924 event_listener.cc:91] [event_listener/flush_completed] column family: metadata, thread_id: 74924, job_id: 18, file: /nvme/jinghuan/node_40001/db/000051.sst, reason: 13, is_write_slowdown: no, is_write_stall: no, largest seqno: 6295113, smallest seqno: 3147562
W20230707 12:41:56.799381 75156 event_listener.cc:132] [event_listener/stall_cond_changed] column family: default write stall condition was changed, from normal to delay
I20230707 12:41:58.024407 74924 event_listener.cc:84] [event_listener/flush_begin] column family: default, thread_id: 74924, job_id: 20, reason: 6
I20230707 12:42:03.039007 74923 event_listener.cc:138] [event_listener/table_file_created] column family: default, file path: /nvme/jinghuan/node_40001/db/000042.sst, file size: 138698733, job id: 9, reason: compaction, status: OK
I20230707 12:42:03.843890 74925 event_listener.cc:138] [event_listener/table_file_created] column family: default, file path: /nvme/jinghuan/node_40001/db/000054.sst, file size: 78045932, job id: 19, reason: flush, status: OK
I20230707 12:42:03.858069 74925 event_listener.cc:91] [event_listener/flush_completed] column family: default, thread_id: 74925, job_id: 19, file: /nvme/jinghuan/node_40001/db/000054.sst, reason: 6, is_write_slowdown: no, is_write_stall: no, largest seqno: 6734958, smallest seqno: 6061650
W20230707 12:42:03.858381 74925 event_listener.cc:132] [event_listener/stall_cond_changed] column family: default write stall condition was changed, from stop to normal
W20230707 12:42:03.858641 75155 event_listener.cc:132] [event_listener/stall_cond_changed] column family: default write stall condition was changed, from delay to stop
W20230707 12:42:05.243896 75153 event_listener.cc:132] [event_listener/stall_cond_changed] column family: default write stall condition was changed, from normal to delay
I20230707 12:42:05.456492 74924 event_listener.cc:138] [event_listener/table_file_created] column family: default, file path: /nvme/jinghuan/node_40001/db/000057.sst, file size: 77635854, job id: 20, reason: flush, status: OK
I20230707 12:42:05.466097 74924 event_listener.cc:91] [event_listener/flush_completed] column family: default, thread_id: 74924, job_id: 20, file: /nvme/jinghuan/node_40001/db/000057.sst, reason: 6, is_write_slowdown: no, is_write_stall: no, largest seqno: 7404748, smallest seqno: 6734960
W20230707 12:42:05.466166 74924 event_listener.cc:132] [event_listener/stall_cond_changed] column family: default write stall condition was changed, from delay to normal
I20230707 12:42:06.442482 74923 event_listener.cc:138] [event_listener/table_file_created] column family: default, file path: /nvme/jinghuan/node_40001/db/000058.sst, file size: 37116449, job id: 9, reason: compaction, status: OK
I20230707 12:42:06.461160 74923 event_listener.cc:71] [event_listener/compaction_completed] column family: default, compaction reason: 1, output compression type: no, base input level(files): 0(4), output level(files): 1(3), input bytes: 314691619, output bytes:314542820, is_manual_compaction:no, elapsed(micro): 37010349
I20230707 12:42:06.473394 74923 event_listener.cc:71] [event_listener/compaction_completed] column family: default, compaction reason: 2, output compression type: no, base input level(files): 1(1), output level(files): 2(1), input bytes: 0, output bytes:0, is_manual_compaction:no, elapsed(micro): 0
I20230707 12:42:06.693662 74925 event_listener.cc:84] [event_listener/flush_begin] column family: default, thread_id: 74925, job_id: 23, reason: 6
W20230707 12:42:08.001760 75153 event_listener.cc:132] [event_listener/stall_cond_changed] column family: default write stall condition was changed, from normal to delay
I20230707 12:42:09.421967 74924 event_listener.cc:84] [event_listener/flush_begin] column family: default, thread_id: 74924, job_id: 24, reason: 6
I20230707 12:42:15.055420 74925 event_listener.cc:138] [event_listener/table_file_created] column family: default, file path: /nvme/jinghuan/node_40001/db/000062.sst, file size: 83054901, job id: 23, reason: flush, status: OK
I20230707 12:42:15.068084 74925 event_listener.cc:91] [event_listener/flush_completed] column family: default, thread_id: 74925, job_id: 23, file: /nvme/jinghuan/node_40001/db/000062.sst, reason: 6, is_write_slowdown: no, is_write_stall: no, largest seqno: 8121310, smallest seqno: 7404750
W20230707 12:42:15.068188 74925 event_listener.cc:132] [event_listener/stall_cond_changed] column family: default write stall condition was changed, from stop to normal
W20230707 12:42:15.068923 75153 event_listener.cc:132] [event_listener/stall_cond_changed] column family: default write stall condition was changed, from delay to stop
W20230707 12:42:16.496688 75157 event_listener.cc:132] [event_listener/stall_cond_changed] column family: default write stall condition was changed, from normal to delay
I20230707 12:42:16.552489 74921 event_listener.cc:138] [event_listener/table_file_created] column family: default, file path: /nvme/jinghuan/node_40001/db/000044.sst, file size: 233703814, job id: 15, reason: compaction, status: OK
I20230707 12:42:16.574419 74921 event_listener.cc:71] [event_listener/compaction_completed] column family: default, compaction reason: 1, output compression type: no, base input level(files): 0(4), output level(files): 0(1), input bytes: 233789057, output bytes:233703814, is_manual_compaction:no, elapsed(micro): 31702949
I20230707 12:42:16.580935 74921 event_listener.cc:127] [event_listener/table_file_deleted] db: /nvme/jinghuan/node_40001/db, sst file: /nvme/jinghuan/node_40001/db/000026.sst, status: OK
I20230707 12:42:16.587051 74921 event_listener.cc:127] [event_listener/table_file_deleted] db: /nvme/jinghuan/node_40001/db, sst file: /nvme/jinghuan/node_40001/db/000023.sst, status: OK
I20230707 12:42:16.593259 74921 event_listener.cc:127] [event_listener/table_file_deleted] db: /nvme/jinghuan/node_40001/db, sst file: /nvme/jinghuan/node_40001/db/000020.sst, status: OK
I20230707 12:42:16.600167 74921 event_listener.cc:127] [event_listener/table_file_deleted] db: /nvme/jinghuan/node_40001/db, sst file: /nvme/jinghuan/node_40001/db/000017.sst, status: OK
I20230707 12:42:16.958382 74924 event_listener.cc:138] [event_listener/table_file_created] column family: default, file path: /nvme/jinghuan/node_40001/db/000065.sst, file size: 83038502, job id: 24, reason: flush, status: OK
I20230707 12:42:16.974390 74924 event_listener.cc:91] [event_listener/flush_completed] column family: default, thread_id: 74924, job_id: 24, file: /nvme/jinghuan/node_40001/db/000065.sst, reason: 6, is_write_slowdown: no, is_write_stall: no, largest seqno: 8837740, smallest seqno: 8121312
W20230707 12:42:16.974514 74924 event_listener.cc:132] [event_listener/stall_cond_changed] column family: default write stall condition was changed, from delay to normal
I20230707 12:42:17.490372 74925 event_listener.cc:84] [event_listener/flush_begin] column family: metadata, thread_id: 74925, job_id: 26, reason: 13
I20230707 12:42:17.874022 74924 event_listener.cc:84] [event_listener/flush_begin] column family: default, thread_id: 74924, job_id: 27, reason: 6
I20230707 12:42:18.848009 74925 event_listener.cc:138] [event_listener/table_file_created] column family: metadata, file path: /nvme/jinghuan/node_40001/db/000068.sst, file size: 19218839, job id: 26, reason: flush, status: OK
I20230707 12:42:18.854734 74925 event_listener.cc:91] [event_listener/flush_completed] column family: metadata, thread_id: 74925, job_id: 26, file: /nvme/jinghuan/node_40001/db/000068.sst, reason: 13, is_write_slowdown: no, is_write_stall: no, largest seqno: 9442631, smallest seqno: 6295124
W20230707 12:42:19.215003 75157 event_listener.cc:132] [event_listener/stall_cond_changed] column family: default write stall condition was changed, from normal to delay
I20230707 12:42:20.646507 74925 event_listener.cc:84] [event_listener/flush_begin] column family: default, thread_id: 74925, job_id: 30, reason: 6
I20230707 12:42:23.660845 74924 event_listener.cc:138] [event_listener/table_file_created] column family: default, file path: /nvme/jinghuan/node_40001/db/000070.sst, file size: 82934111, job id: 27, reason: flush, status: OK
I20230707 12:42:23.668509 74924 event_listener.cc:91] [event_listener/flush_completed] column family: default, thread_id: 74924, job_id: 27, file: /nvme/jinghuan/node_40001/db/000070.sst, reason: 6, is_write_slowdown: no, is_write_stall: no, largest seqno: 9553246, smallest seqno: 8837742
W20230707 12:42:23.668579 74924 event_listener.cc:132] [event_listener/stall_cond_changed] column family: default write stall condition was changed, from stop to normal
W20230707 12:42:23.668900 75157 event_listener.cc:132] [event_listener/stall_cond_changed] column family: default write stall condition was changed, from delay to stop
W20230707 12:42:24.866544 75152 event_listener.cc:132] [event_listener/stall_cond_changed] column family: default write stall condition was changed, from normal to delay
I20230707 12:42:25.771651 74925 event_listener.cc:138] [event_listener/table_file_created] column family: default, file path: /nvme/jinghuan/node_40001/db/000073.sst, file size: 83038343, job id: 30, reason: flush, status: OK
I20230707 12:42:25.787051 74925 event_listener.cc:91] [event_listener/flush_completed] column family: default, thread_id: 74925, job_id: 30, file: /nvme/jinghuan/node_40001/db/000073.sst, reason: 6, is_write_slowdown: no, is_write_stall: no, largest seqno: 10269687, smallest seqno: 9553248
W20230707 12:42:25.787499 74925 event_listener.cc:132] [event_listener/stall_cond_changed] column family: default write stall condition was changed, from delay to normal
I20230707 12:42:26.118371 74924 event_listener.cc:84] [event_listener/flush_begin] column family: default, thread_id: 74924, job_id: 34, reason: 6
W20230707 12:42:27.253818 75158 event_listener.cc:132] [event_listener/stall_cond_changed] column family: default write stall condition was changed, from normal to delay
I20230707 12:42:28.455402 74925 event_listener.cc:84] [event_listener/flush_begin] column family: default, thread_id: 74925, job_id: 35, reason: 6
I20230707 12:42:33.463474 74924 event_listener.cc:138] [event_listener/table_file_created] column family: default, file path: /nvme/jinghuan/node_40001/db/000077.sst, file size: 77757179, job id: 34, reason: flush, status: OK
I20230707 12:42:33.477905 74924 event_listener.cc:91] [event_listener/flush_completed] column family: default, thread_id: 74924, job_id: 34, file: /nvme/jinghuan/node_40001/db/000077.sst, reason: 6, is_write_slowdown: no, is_write_stall: no, largest seqno: 10940522, smallest seqno: 10269689
W20230707 12:42:33.478001 74924 event_listener.cc:132] [event_listener/stall_cond_changed] column family: default write stall condition was changed, from stop to normal
W20230707 12:42:33.478655 75158 event_listener.cc:132] [event_listener/stall_cond_changed] column family: default write stall condition was changed, from delay to stop
W20230707 12:42:34.656265 75156 event_listener.cc:132] [event_listener/stall_cond_changed] column family: default write stall condition was changed, from normal to delay
I20230707 12:42:35.370888 74925 event_listener.cc:138] [event_listener/table_file_created] column family: default, file path: /nvme/jinghuan/node_40001/db/000080.sst, file size: 76364094, job id: 35, reason: flush, status: OK
I20230707 12:42:35.386301 74925 event_listener.cc:91] [event_listener/flush_completed] column family: default, thread_id: 74925, job_id: 35, file: /nvme/jinghuan/node_40001/db/000080.sst, reason: 6, is_write_slowdown: no, is_write_stall: no, largest seqno: 11599334, smallest seqno: 10940524
W20230707 12:42:35.386396 74925 event_listener.cc:132] [event_listener/stall_cond_changed] column family: default write stall condition was changed, from delay to normal
I20230707 12:42:35.848114 74924 event_listener.cc:84] [event_listener/flush_begin] column family: default, thread_id: 74924, job_id: 36, reason: 6
I20230707 12:42:36.765894 74923 event_listener.cc:138] [event_listener/table_file_created] column family: default, file path: /nvme/jinghuan/node_40001/db/000060.sst, file size: 309686194, job id: 22, reason: compaction, status: OK
I20230707 12:42:36.787212 74923 event_listener.cc:71] [event_listener/compaction_completed] column family: default, compaction reason: 1, output compression type: no, base input level(files): 0(4), output level(files): 0(1), input bytes: 309813544, output bytes:309686194, is_manual_compaction:no, elapsed(micro): 30292505
I20230707 12:42:36.796082 74923 event_listener.cc:127] [event_listener/table_file_deleted] db: /nvme/jinghuan/node_40001/db, sst file: /nvme/jinghuan/node_40001/db/000041.sst, status: OK
I20230707 12:42:36.801520 74923 event_listener.cc:127] [event_listener/table_file_deleted] db: /nvme/jinghuan/node_40001/db, sst file: /nvme/jinghuan/node_40001/db/000038.sst, status: OK
I20230707 12:42:36.801795 74923 event_listener.cc:127] [event_listener/table_file_deleted] db: /nvme/jinghuan/node_40001/db, sst file: /nvme/jinghuan/node_40001/db/000035.sst, status: OK
I20230707 12:42:36.807333 74923 event_listener.cc:127] [event_listener/table_file_deleted] db: /nvme/jinghuan/node_40001/db, sst file: /nvme/jinghuan/node_40001/db/000032.sst, status: OK
W20230707 12:42:36.942339 75156 event_listener.cc:132] [event_listener/stall_cond_changed] column family: default write stall condition was changed, from normal to delay
I20230707 12:42:37.025588 74925 event_listener.cc:84] [event_listener/flush_begin] column family: metadata, thread_id: 74925, job_id: 39, reason: 13
I20230707 12:42:38.169540 74925 event_listener.cc:138] [event_listener/table_file_created] column family: metadata, file path: /nvme/jinghuan/node_40001/db/000086.sst, file size: 19220754, job id: 39, reason: flush, status: OK
I20230707 12:42:38.178431 74925 event_listener.cc:91] [event_listener/flush_completed] column family: metadata, thread_id: 74925, job_id: 39, file: /nvme/jinghuan/node_40001/db/000086.sst, reason: 13, is_write_slowdown: no, is_write_stall: no, largest seqno: 12590193, smallest seqno: 9442642
I20230707 12:42:38.203203 74925 event_listener.cc:84] [event_listener/flush_begin] column family: default, thread_id: 74925, job_id: 42, reason: 6
I20230707 12:42:42.977134 74924 event_listener.cc:138] [event_listener/table_file_created] column family: default, file path: /nvme/jinghuan/node_40001/db/000083.sst, file size: 75783686, job id: 36, reason: flush, status: OK
I20230707 12:42:42.993573 74924 event_listener.cc:91] [event_listener/flush_completed] column family: default, thread_id: 74924, job_id: 36, file: /nvme/jinghuan/node_40001/db/000083.sst, reason: 6, is_write_slowdown: no, is_write_stall: no, largest seqno: 12253174, smallest seqno: 11599336
W20230707 12:42:42.993940 74924 event_listener.cc:132] [event_listener/stall_cond_changed] column family: default write stall condition was changed, from stop to normal
W20230707 12:42:42.994163 75152 event_listener.cc:132] [event_listener/stall_cond_changed] column family: default write stall condition was changed, from delay to stop
W20230707 12:42:44.315559 75156 event_listener.cc:132] [event_listener/stall_cond_changed] column family: default write stall condition was changed, from normal to delay
I20230707 12:42:44.573699 74925 event_listener.cc:138] [event_listener/table_file_created] column family: default, file path: /nvme/jinghuan/node_40001/db/000089.sst, file size: 76609513, job id: 42, reason: flush, status: OK
I20230707 12:42:44.581434 74925 event_listener.cc:91] [event_listener/flush_completed] column family: default, thread_id: 74925, job_id: 42, file: /nvme/jinghuan/node_40001/db/000089.sst, reason: 6, is_write_slowdown: no, is_write_stall: no, largest seqno: 12914131, smallest seqno: 12253176
W20230707 12:42:44.581569 74925 event_listener.cc:132] [event_listener/stall_cond_changed] column family: default write stall condition was changed, from delay to normal
I20230707 12:42:45.171456 74923 event_listener.cc:138] [event_listener/table_file_created] column family: metadata, file path: /nvme/jinghuan/node_40001/db/000088.sst, file size: 76273697, job id: 41, reason: compaction, status: OK
I20230707 12:42:45.188287 74923 event_listener.cc:71] [event_listener/compaction_completed] column family: metadata, compaction reason: 1, output compression type: no, base input level(files): 0(4), output level(files): 1(1), input bytes: 76920933, output bytes:76273697, is_manual_compaction:no, elapsed(micro): 6993012
I20230707 12:42:45.191836 74923 event_listener.cc:127] [event_listener/table_file_deleted] db: /nvme/jinghuan/node_40001/db, sst file: /nvme/jinghuan/node_40001/db/000068.sst, status: OK
I20230707 12:42:45.195638 74923 event_listener.cc:127] [event_listener/table_file_deleted] db: /nvme/jinghuan/node_40001/db, sst file: /nvme/jinghuan/node_40001/db/000051.sst, status: OK
I20230707 12:42:45.199471 74923 event_listener.cc:127] [event_listener/table_file_deleted] db: /nvme/jinghuan/node_40001/db, sst file: /nvme/jinghuan/node_40001/db/000034.sst, status: OK
I20230707 12:42:45.674247 74924 event_listener.cc:84] [event_listener/flush_begin] column family: default, thread_id: 74924, job_id: 44, reason: 6
W20230707 12:42:46.916317 75154 event_listener.cc:132] [event_listener/stall_cond_changed] column family: default write stall condition was changed, from normal to delay
I20230707 12:42:48.277873 74925 event_listener.cc:84] [event_listener/flush_begin] column family: default, thread_id: 74925, job_id: 45, reason: 6
I20230707 12:42:52.180992 74924 event_listener.cc:138] [event_listener/table_file_created] column family: default, file path: /nvme/jinghuan/node_40001/db/000093.sst, file size: 84974012, job id: 44, reason: flush, status: OK
I20230707 12:42:52.196578 74924 event_listener.cc:91] [event_listener/flush_completed] column family: default, thread_id: 74924, job_id: 44, file: /nvme/jinghuan/node_40001/db/000093.sst, reason: 6, is_write_slowdown: no, is_write_stall: no, largest seqno: 13647215, smallest seqno: 12914133
W20230707 12:42:52.196691 74924 event_listener.cc:132] [event_listener/stall_cond_changed] column family: default write stall condition was changed, from stop to normal
W20230707 12:42:52.197471 75154 event_listener.cc:132] [event_listener/stall_cond_changed] column family: default write stall condition was changed, from delay to stop
W20230707 12:42:53.531469 75158 event_listener.cc:132] [event_listener/stall_cond_changed] column family: default write stall condition was changed, from normal to delay
I20230707 12:42:54.686218 74925 event_listener.cc:138] [event_listener/table_file_created] column family: default, file path: /nvme/jinghuan/node_40001/db/000096.sst, file size: 85055630, job id: 45, reason: flush, status: OK
I20230707 12:42:54.692907 74925 event_listener.cc:91] [event_listener/flush_completed] column family: default, thread_id: 74925, job_id: 45, file: /nvme/jinghuan/node_40001/db/000096.sst, reason: 6, is_write_slowdown: no, is_write_stall: no, largest seqno: 14381003, smallest seqno: 13647217
W20230707 12:42:54.692952 74925 event_listener.cc:132] [event_listener/stall_cond_changed] column family: default write stall condition was changed, from delay to normal
I20230707 12:42:54.926261 74924 event_listener.cc:84] [event_listener/flush_begin] column family: default, thread_id: 74924, job_id: 46, reason: 6
W20230707 12:42:56.177287 75151 event_listener.cc:132] [event_listener/stall_cond_changed] column family: default write stall condition was changed, from normal to delay
I20230707 12:42:57.148723 74925 event_listener.cc:84] [event_listener/flush_begin] column family: metadata, thread_id: 74925, job_id: 47, reason: 13
I20230707 12:42:58.977972 74925 event_listener.cc:138] [event_listener/table_file_created] column family: metadata, file path: /nvme/jinghuan/node_40001/db/000102.sst, file size: 19250657, job id: 47, reason: flush, status: OK
I20230707 12:42:58.984472 74925 event_listener.cc:91] [event_listener/flush_completed] column family: metadata, thread_id: 74925, job_id: 47, file: /nvme/jinghuan/node_40001/db/000102.sst, reason: 13, is_write_slowdown: no, is_write_stall: no, largest seqno: 15737777, smallest seqno: 12590204
I20230707 12:42:59.002127 74925 event_listener.cc:84] [event_listener/flush_begin] column family: default, thread_id: 74925, job_id: 48, reason: 6
I20230707 12:42:59.774415 74921 event_listener.cc:138] [event_listener/table_file_created] column family: default, file path: /nvme/jinghuan/node_40001/db/000075.sst, file size: 331911988, job id: 33, reason: compaction, status: OK
I20230707 12:42:59.795270 74921 event_listener.cc:71] [event_listener/compaction_completed] column family: default, compaction reason: 1, output compression type: no, base input level(files): 0(4), output level(files): 0(1), input bytes: 332065857, output bytes:331911988, is_manual_compaction:no, elapsed(micro): 33987100
I20230707 12:42:59.796947 74921 event_listener.cc:127] [event_listener/table_file_deleted] db: /nvme/jinghuan/node_40001/db, sst file: /nvme/jinghuan/node_40001/db/000086.sst, status: OK
I20230707 12:42:59.802480 74921 event_listener.cc:127] [event_listener/table_file_deleted] db: /nvme/jinghuan/node_40001/db, sst file: /nvme/jinghuan/node_40001/db/000057.sst, status: OK
I20230707 12:42:59.808185 74921 event_listener.cc:127] [event_listener/table_file_deleted] db: /nvme/jinghuan/node_40001/db, sst file: /nvme/jinghuan/node_40001/db/000054.sst, status: OK
I20230707 12:42:59.813784 74921 event_listener.cc:127] [event_listener/table_file_deleted] db: /nvme/jinghuan/node_40001/db, sst file: /nvme/jinghuan/node_40001/db/000049.sst, status: OK
I20230707 12:42:59.819185 74921 event_listener.cc:127] [event_listener/table_file_deleted] db: /nvme/jinghuan/node_40001/db, sst file: /nvme/jinghuan/node_40001/db/000046.sst, status: OK
I20230707 12:43:01.285930 74924 event_listener.cc:138] [event_listener/table_file_created] column family: default, file path: /nvme/jinghuan/node_40001/db/000099.sst, file size: 84940636, job id: 46, reason: flush, status: OK
I20230707 12:43:01.301697 74924 event_listener.cc:91] [event_listener/flush_completed] column family: default, thread_id: 74924, job_id: 46, file: /nvme/jinghuan/node_40001/db/000099.sst, reason: 6, is_write_slowdown: no, is_write_stall: no, largest seqno: 15113845, smallest seqno: 14381005
W20230707 12:43:01.301815 74924 event_listener.cc:132] [event_listener/stall_cond_changed] column family: default write stall condition was changed, from stop to normal
W20230707 12:43:01.302145 75151 event_listener.cc:132] [event_listener/stall_cond_changed] column family: default write stall condition was changed, from delay to stop
W20230707 12:43:02.638231 75155 event_listener.cc:132] [event_listener/stall_cond_changed] column family: default write stall condition was changed, from normal to delay
I20230707 12:43:02.982272 74925 event_listener.cc:138] [event_listener/table_file_created] column family: default, file path: /nvme/jinghuan/node_40001/db/000104.sst, file size: 85046989, job id: 48, reason: flush, status: OK
I20230707 12:43:02.994191 74925 event_listener.cc:91] [event_listener/flush_completed] column family: default, thread_id: 74925, job_id: 48, file: /nvme/jinghuan/node_40001/db/000104.sst, reason: 6, is_write_slowdown: no, is_write_stall: no, largest seqno: 15847611, smallest seqno: 15113847
W20230707 12:43:02.994388 74925 event_listener.cc:132] [event_listener/stall_cond_changed] column family: default write stall condition was changed, from delay to normal
I20230707 12:43:04.033571 74924 event_listener.cc:84] [event_listener/flush_begin] column family: default, thread_id: 74924, job_id: 53, reason: 6
W20230707 12:43:05.274498 75155 event_listener.cc:132] [event_listener/stall_cond_changed] column family: default write stall condition was changed, from normal to delay
I20230707 12:43:06.646701 74925 event_listener.cc:84] [event_listener/flush_begin] column family: default, thread_id: 74925, job_id: 54, reason: 6
I20230707 12:43:09.692729 74924 event_listener.cc:138] [event_listener/table_file_created] column family: default, file path: /nvme/jinghuan/node_40001/db/000108.sst, file size: 84878109, job id: 53, reason: flush, status: OK
I20230707 12:43:09.705852 74924 event_listener.cc:91] [event_listener/flush_completed] column family: default, thread_id: 74924, job_id: 53, file: /nvme/jinghuan/node_40001/db/000108.sst, reason: 6, is_write_slowdown: no, is_write_stall: no, largest seqno: 16579881, smallest seqno: 15847613
W20230707 12:43:09.705960 74924 event_listener.cc:132] [event_listener/stall_cond_changed] column family: default write stall condition was changed, from stop to normal
W20230707 12:43:09.712880 75155 event_listener.cc:132] [event_listener/stall_cond_changed] column family: default write stall condition was changed, from delay to stop
W20230707 12:43:11.136982 75155 event_listener.cc:132] [event_listener/stall_cond_changed] column family: default write stall condition was changed, from normal to delay
I20230707 12:43:12.093612 74925 event_listener.cc:138] [event_listener/table_file_created] column family: default, file path: /nvme/jinghuan/node_40001/db/000111.sst, file size: 85045227, job id: 54, reason: flush, status: OK
I20230707 12:43:12.100034 74925 event_listener.cc:91] [event_listener/flush_completed] column family: default, thread_id: 74925, job_id: 54, file: /nvme/jinghuan/node_40001/db/000111.sst, reason: 6, is_write_slowdown: no, is_write_stall: no, largest seqno: 17313592, smallest seqno: 16579883
W20230707 12:43:12.100096 74925 event_listener.cc:132] [event_listener/stall_cond_changed] column family: default write stall condition was changed, from delay to normal
I20230707 12:43:12.484443 74923 event_listener.cc:138] [event_listener/table_file_created] column family: default, file path: /nvme/jinghuan/node_40001/db/000091.sst, file size: 306389280, job id: 43, reason: compaction, status: OK
I20230707 12:43:12.503336 74923 event_listener.cc:71] [event_listener/compaction_completed] column family: default, compaction reason: 1, output compression type: no, base input level(files): 0(4), output level(files): 0(1), input bytes: 306514472, output bytes:306389280, is_manual_compaction:no, elapsed(micro): 27284843
I20230707 12:43:12.511072 74923 event_listener.cc:127] [event_listener/table_file_deleted] db: /nvme/jinghuan/node_40001/db, sst file: /nvme/jinghuan/node_40001/db/000073.sst, status: OK
I20230707 12:43:12.516834 74923 event_listener.cc:127] [event_listener/table_file_deleted] db: /nvme/jinghuan/node_40001/db, sst file: /nvme/jinghuan/node_40001/db/000070.sst, status: OK
I20230707 12:43:12.522471 74923 event_listener.cc:127] [event_listener/table_file_deleted] db: /nvme/jinghuan/node_40001/db, sst file: /nvme/jinghuan/node_40001/db/000065.sst, status: OK
I20230707 12:43:12.528048 74923 event_listener.cc:127] [event_listener/table_file_deleted] db: /nvme/jinghuan/node_40001/db, sst file: /nvme/jinghuan/node_40001/db/000062.sst, status: OK
I20230707 12:43:12.641743 74924 event_listener.cc:84] [event_listener/flush_begin] column family: default, thread_id: 74924, job_id: 57, reason: 6
W20230707 12:43:14.013170 75155 event_listener.cc:132] [event_listener/stall_cond_changed] column family: default write stall condition was changed, from normal to delay
I20230707 12:43:15.299973 74924 event_listener.cc:138] [event_listener/table_file_created] column family: default, file path: /nvme/jinghuan/node_40001/db/000114.sst, file size: 84891742, job id: 57, reason: flush, status: OK
I20230707 12:43:15.314743 74924 event_listener.cc:91] [event_listener/flush_completed] column family: default, thread_id: 74924, job_id: 57, file: /nvme/jinghuan/node_40001/db/000114.sst, reason: 6, is_write_slowdown: no, is_write_stall: no, largest seqno: 18046005, smallest seqno: 17313594
W20230707 12:43:15.314798 74924 event_listener.cc:132] [event_listener/stall_cond_changed] column family: default write stall condition was changed, from delay to normal
I20230707 12:43:15.526703 74925 event_listener.cc:84] [event_listener/flush_begin] column family: default, thread_id: 74925, job_id: 61, reason: 6
I20230707 12:43:15.898465 74924 event_listener.cc:84] [event_listener/flush_begin] column family: metadata, thread_id: 74924, job_id: 62, reason: 13
W20230707 12:43:16.892891 75155 event_listener.cc:132] [event_listener/stall_cond_changed] column family: default write stall condition was changed, from normal to delay
I20230707 12:43:17.096081 74924 event_listener.cc:138] [event_listener/table_file_created] column family: metadata, file path: /nvme/jinghuan/node_40001/db/000119.sst, file size: 19249741, job id: 62, reason: flush, status: OK
I20230707 12:43:17.104643 74924 event_listener.cc:91] [event_listener/flush_completed] column family: metadata, thread_id: 74924, job_id: 62, file: /nvme/jinghuan/node_40001/db/000119.sst, reason: 13, is_write_slowdown: no, is_write_stall: no, largest seqno: 18885350, smallest seqno: 15737788
I20230707 12:43:17.155488 74924 event_listener.cc:84] [event_listener/flush_begin] column family: default, thread_id: 74924, job_id: 65, reason: 13
I20230707 12:43:19.397332 74924 event_listener.cc:138] [event_listener/table_file_created] column family: default, file path: /nvme/jinghuan/node_40001/db/000122.sst, file size: 49074024, job id: 65, reason: flush, status: OK
I20230707 12:43:20.194010 74925 event_listener.cc:138] [event_listener/table_file_created] column family: default, file path: /nvme/jinghuan/node_40001/db/000117.sst, file size: 85051031, job id: 61, reason: flush, status: OK
I20230707 12:43:20.200372 74925 event_listener.cc:91] [event_listener/flush_completed] column family: default, thread_id: 74925, job_id: 61, file: /nvme/jinghuan/node_40001/db/000117.sst, reason: 13, is_write_slowdown: no, is_write_stall: no, largest seqno: 18779793, smallest seqno: 18046007
I20230707 12:43:20.200399 74925 event_listener.cc:91] [event_listener/flush_completed] column family: default, thread_id: 74924, job_id: 65, file: /nvme/jinghuan/node_40001/db/000122.sst, reason: 13, is_write_slowdown: no, is_write_stall: no, largest seqno: 19203095, smallest seqno: 18779795
W20230707 12:43:20.200611 74925 event_listener.cc:132] [event_listener/stall_cond_changed] column family: default write stall condition was changed, from stop to normal
W20230707 12:43:20.201870 75155 event_listener.cc:132] [event_listener/stall_cond_changed] column family: default write stall condition was changed, from delay to stop
I20230707 12:43:22.880914 74924 event_listener.cc:84] [event_listener/flush_begin] column family: default, thread_id: 74924, job_id: 68, reason: 6
W20230707 12:43:24.151439 75158 event_listener.cc:132] [event_listener/stall_cond_changed] column family: default write stall condition was changed, from normal to delay
I20230707 12:43:25.520426 74925 event_listener.cc:84] [event_listener/flush_begin] column family: default, thread_id: 74925, job_id: 69, reason: 6
I20230707 12:43:27.203517 74924 event_listener.cc:138] [event_listener/table_file_created] column family: default, file path: /nvme/jinghuan/node_40001/db/000126.sst, file size: 84962101, job id: 68, reason: flush, status: OK
I20230707 12:43:27.211460 74924 event_listener.cc:91] [event_listener/flush_completed] column family: default, thread_id: 74924, job_id: 68, file: /nvme/jinghuan/node_40001/db/000126.sst, reason: 6, is_write_slowdown: no, is_write_stall: no, largest seqno: 19936113, smallest seqno: 19203097
W20230707 12:43:27.211514 74924 event_listener.cc:132] [event_listener/stall_cond_changed] column family: default write stall condition was changed, from stop to normal
W20230707 12:43:27.211889 75155 event_listener.cc:132] [event_listener/stall_cond_changed] column family: default write stall condition was changed, from delay to stop
W20230707 12:43:28.415421 75157 event_listener.cc:132] [event_listener/stall_cond_changed] column family: default write stall condition was changed, from normal to delay
I20230707 12:43:29.308794 74921 event_listener.cc:138] [event_listener/table_file_created] column family: default, file path: /nvme/jinghuan/node_40001/db/000106.sst, file size: 339898900, job id: 52, reason: compaction, status: OK
I20230707 12:43:29.342447 74921 event_listener.cc:71] [event_listener/compaction_completed] column family: default, compaction reason: 1, output compression type: no, base input level(files): 0(4), output level(files): 0(1), input bytes: 340017267, output bytes:339898900, is_manual_compaction:no, elapsed(micro): 26314567
I20230707 12:43:29.354043 74921 event_listener.cc:127] [event_listener/table_file_deleted] db: /nvme/jinghuan/node_40001/db, sst file: /nvme/jinghuan/node_40001/db/000089.sst, status: OK
I20230707 12:43:29.359474 74921 event_listener.cc:127] [event_listener/table_file_deleted] db: /nvme/jinghuan/node_40001/db, sst file: /nvme/jinghuan/node_40001/db/000083.sst, status: OK
I20230707 12:43:29.364750 74921 event_listener.cc:127] [event_listener/table_file_deleted] db: /nvme/jinghuan/node_40001/db, sst file: /nvme/jinghuan/node_40001/db/000080.sst, status: OK
I20230707 12:43:29.369987 74921 event_listener.cc:127] [event_listener/table_file_deleted] db: /nvme/jinghuan/node_40001/db, sst file: /nvme/jinghuan/node_40001/db/000077.sst, status: OK
I20230707 12:43:29.661543 74924 event_listener.cc:84] [event_listener/flush_begin] column family: default, thread_id: 74924, job_id: 72, reason: 6
I20230707 12:43:31.198086 74925 event_listener.cc:138] [event_listener/table_file_created] column family: default, file path: /nvme/jinghuan/node_40001/db/000129.sst, file size: 85053498, job id: 69, reason: flush, status: OK
I20230707 12:43:31.204423 74925 event_listener.cc:91] [event_listener/flush_completed] column family: default, thread_id: 74925, job_id: 69, file: /nvme/jinghuan/node_40001/db/000129.sst, reason: 6, is_write_slowdown: no, is_write_stall: no, largest seqno: 20669923, smallest seqno: 19936115
W20230707 12:43:31.204502 74925 event_listener.cc:132] [event_listener/stall_cond_changed] column family: default write stall condition was changed, from stop to normal
W20230707 12:43:31.204782 75157 event_listener.cc:132] [event_listener/stall_cond_changed] column family: default write stall condition was changed, from delay to stop
I20230707 12:43:32.497684 74924 event_listener.cc:138] [event_listener/table_file_created] column family: default, file path: /nvme/jinghuan/node_40001/db/000132.sst, file size: 76083623, job id: 72, reason: flush, status: OK
