Log file created at: 2023/06/30 06:03:12
Running on machine: en4217754l
Running duration (h:mm:ss): 0:00:00
Log line format: [IWEF]yyyymmdd hh:mm:ss.uuuuuu threadid file:line] msg
I20230630 06:03:12.461861 1249685 main.cc:328] kvrocks unstable (commit 4a10c89)
I20230630 06:03:12.718984 1249685 storage.cc:322] [storage] Success to load the data from disk: 55 ms
I20230630 06:03:12.719571 1249685 worker.cc:72] [worker] Listening on: 10.218.109.65:40001
I20230630 06:03:12.719595 1249685 worker.cc:72] [worker] Listening on: 127.0.0.1:40001
I20230630 06:03:12.719794 1249685 worker.cc:72] [worker] Listening on: 10.218.109.65:40001
I20230630 06:03:12.719810 1249685 worker.cc:72] [worker] Listening on: 127.0.0.1:40001
I20230630 06:03:12.719935 1249685 worker.cc:72] [worker] Listening on: 10.218.109.65:40001
I20230630 06:03:12.719949 1249685 worker.cc:72] [worker] Listening on: 127.0.0.1:40001
I20230630 06:03:12.720067 1249685 worker.cc:72] [worker] Listening on: 10.218.109.65:40001
I20230630 06:03:12.720082 1249685 worker.cc:72] [worker] Listening on: 127.0.0.1:40001
I20230630 06:03:12.720196 1249685 worker.cc:72] [worker] Listening on: 10.218.109.65:40001
I20230630 06:03:12.720209 1249685 worker.cc:72] [worker] Listening on: 127.0.0.1:40001
I20230630 06:03:12.720326 1249685 worker.cc:72] [worker] Listening on: 10.218.109.65:40001
I20230630 06:03:12.720341 1249685 worker.cc:72] [worker] Listening on: 127.0.0.1:40001
I20230630 06:03:12.720453 1249685 worker.cc:72] [worker] Listening on: 10.218.109.65:40001
I20230630 06:03:12.720467 1249685 worker.cc:72] [worker] Listening on: 127.0.0.1:40001
I20230630 06:03:12.720582 1249685 worker.cc:72] [worker] Listening on: 10.218.109.65:40001
I20230630 06:03:12.720595 1249685 worker.cc:72] [worker] Listening on: 127.0.0.1:40001
W20230630 06:03:12.720688 1249685 server.cc:1650] [server] Increased maximum number of open files to 14224 (it's originally set to 1024)
I20230630 06:03:12.720851 1249685 cluster.cc:643] The cluster nodes file /nvme/jinghuan/node_40001/nodes.conf is not found. Use CLUSTERX subcommands to specify it.
I20230630 06:03:12.720870 1249685 cluster.cc:643] The cluster nodes file /nvme/jinghuan/node_40001/nodes.conf is not found. Use CLUSTERX subcommands to specify it.
I20230630 06:03:12.723455 1249685 worker.cc:519] [worker] Thread #140332889011968 started
I20230630 06:03:12.723495 1249685 worker.cc:519] [worker] Thread #140332972873472 started
I20230630 06:03:12.723544 1249685 worker.cc:519] [worker] Thread #140333268166400 started
I20230630 06:03:12.723592 1249685 worker.cc:519] [worker] Thread #140333259773696 started
I20230630 06:03:12.723639 1249685 worker.cc:519] [worker] Thread #140333251380992 started
I20230630 06:03:12.723682 1249685 worker.cc:519] [worker] Thread #140333242988288 started
I20230630 06:03:12.723724 1249685 worker.cc:519] [worker] Thread #140333234595584 started
I20230630 06:03:12.723769 1249685 worker.cc:519] [worker] Thread #140333023229696 started
I20230630 06:03:12.723922 1249685 server.cc:211] [server] Ready to accept connections
I20230630 06:03:13.500396 1249925 cluster.cc:286] MASTER MODE enabled by cluster topology setting
I20230630 06:03:15.832090 1249698 event_listener.cc:84] [event_listener/flush_begin] column family: default, thread_id: 1249698, job_id: 3, reason: 6
I20230630 06:03:16.235056 1249698 event_listener.cc:138] [event_listener/table_file_created] column family: default, file path: /nvme/jinghuan/node_40001/db/000016.sst, file size: 74720247, job id: 3, reason: flush, status: OK
I20230630 06:03:16.251524 1249698 event_listener.cc:91] [event_listener/flush_completed] column family: default, thread_id: 1249698, job_id: 3, file: /nvme/jinghuan/node_40001/db/000016.sst, reason: 6, is_write_slowdown: no, is_write_stall: no, largest seqno: 644643, smallest seqno: 1
I20230630 06:03:16.883726 1249696 event_listener.cc:138] [event_listener/table_file_created] column family: default, file path: /nvme/jinghuan/node_40001/db/000017.sst, file size: 74720243, job id: 4, reason: compaction, status: OK
I20230630 06:03:16.905544 1249696 event_listener.cc:71] [event_listener/compaction_completed] column family: default, compaction reason: 11, output compression type: no, base input level(files): 0(1), output level(files): 0(1), input bytes: 74720247, output bytes:74720243, is_manual_compaction:no, elapsed(micro): 632426
I20230630 06:03:16.915280 1249696 event_listener.cc:127] [event_listener/table_file_deleted] db: /nvme/jinghuan/node_40001/db, sst file: /nvme/jinghuan/node_40001/db/000016.sst, status: OK
I20230630 06:03:18.207999 1249699 event_listener.cc:84] [event_listener/flush_begin] column family: default, thread_id: 1249699, job_id: 5, reason: 6
I20230630 06:03:18.602993 1249699 event_listener.cc:138] [event_listener/table_file_created] column family: default, file path: /nvme/jinghuan/node_40001/db/000020.sst, file size: 78020956, job id: 5, reason: flush, status: OK
I20230630 06:03:18.617799 1249699 event_listener.cc:91] [event_listener/flush_completed] column family: default, thread_id: 1249699, job_id: 5, file: /nvme/jinghuan/node_40001/db/000020.sst, reason: 6, is_write_slowdown: no, is_write_stall: no, largest seqno: 1317788, smallest seqno: 644645
I20230630 06:03:20.514081 1249698 event_listener.cc:84] [event_listener/flush_begin] column family: default, thread_id: 1249698, job_id: 6, reason: 6
I20230630 06:03:20.907183 1249698 event_listener.cc:138] [event_listener/table_file_created] column family: default, file path: /nvme/jinghuan/node_40001/db/000023.sst, file size: 77833489, job id: 6, reason: flush, status: OK
I20230630 06:03:20.913584 1249698 event_listener.cc:91] [event_listener/flush_completed] column family: default, thread_id: 1249698, job_id: 6, file: /nvme/jinghuan/node_40001/db/000023.sst, reason: 6, is_write_slowdown: no, is_write_stall: no, largest seqno: 1989261, smallest seqno: 1317790
I20230630 06:03:22.882854 1249699 event_listener.cc:84] [event_listener/flush_begin] column family: default, thread_id: 1249699, job_id: 7, reason: 6
W20230630 06:03:23.972430 1249925 event_listener.cc:132] [event_listener/stall_cond_changed] column family: default write stall condition was changed, from normal to delay
I20230630 06:03:24.525650 1249698 event_listener.cc:84] [event_listener/flush_begin] column family: metadata, thread_id: 1249698, job_id: 8, reason: 13
I20230630 06:03:26.061242 1249698 event_listener.cc:138] [event_listener/table_file_created] column family: metadata, file path: /nvme/jinghuan/node_40001/db/000029.sst, file size: 19243637, job id: 8, reason: flush, status: OK
I20230630 06:03:26.074851 1249698 event_listener.cc:91] [event_listener/flush_completed] column family: metadata, thread_id: 1249698, job_id: 8, file: /nvme/jinghuan/node_40001/db/000029.sst, reason: 13, is_write_slowdown: no, is_write_stall: no, largest seqno: 3147551, smallest seqno: 11
I20230630 06:03:26.093070 1249698 event_listener.cc:84] [event_listener/flush_begin] column family: default, thread_id: 1249698, job_id: 9, reason: 6
I20230630 06:03:27.056869 1249699 event_listener.cc:138] [event_listener/table_file_created] column family: default, file path: /nvme/jinghuan/node_40001/db/000026.sst, file size: 79095559, job id: 7, reason: flush, status: OK
I20230630 06:03:27.065454 1249699 event_listener.cc:91] [event_listener/flush_completed] column family: default, thread_id: 1249699, job_id: 7, file: /nvme/jinghuan/node_40001/db/000026.sst, reason: 6, is_write_slowdown: no, is_write_stall: no, largest seqno: 2671646, smallest seqno: 1989263
W20230630 06:03:27.065591 1249699 event_listener.cc:132] [event_listener/stall_cond_changed] column family: default write stall condition was changed, from stop to normal
W20230630 06:03:27.065768 1249925 event_listener.cc:132] [event_listener/stall_cond_changed] column family: default write stall condition was changed, from delay to stop
I20230630 06:03:27.954131 1249697 event_listener.cc:138] [event_listener/table_file_created] column family: metadata, file path: /nvme/jinghuan/node_40001/db/000032.sst, file size: 19243633, job id: 10, reason: compaction, status: OK
I20230630 06:03:27.963881 1249697 event_listener.cc:71] [event_listener/compaction_completed] column family: metadata, compaction reason: 11, output compression type: no, base input level(files): 0(1), output level(files): 0(1), input bytes: 19243637, output bytes:19243633, is_manual_compaction:no, elapsed(micro): 1801932
I20230630 06:03:27.966832 1249697 event_listener.cc:127] [event_listener/table_file_deleted] db: /nvme/jinghuan/node_40001/db, sst file: /nvme/jinghuan/node_40001/db/000029.sst, status: OK
W20230630 06:03:28.219065 1249926 event_listener.cc:132] [event_listener/stall_cond_changed] column family: default write stall condition was changed, from normal to delay
I20230630 06:03:29.435662 1249699 event_listener.cc:84] [event_listener/flush_begin] column family: default, thread_id: 1249699, job_id: 12, reason: 6
I20230630 06:03:32.161082 1249698 event_listener.cc:138] [event_listener/table_file_created] column family: default, file path: /nvme/jinghuan/node_40001/db/000031.sst, file size: 76087200, job id: 9, reason: flush, status: OK
I20230630 06:03:32.173704 1249698 event_listener.cc:91] [event_listener/flush_completed] column family: default, thread_id: 1249698, job_id: 9, file: /nvme/jinghuan/node_40001/db/000031.sst, reason: 6, is_write_slowdown: no, is_write_stall: no, largest seqno: 3328060, smallest seqno: 2671648
W20230630 06:03:32.174033 1249698 event_listener.cc:132] [event_listener/stall_cond_changed] column family: default write stall condition was changed, from stop to normal
W20230630 06:03:32.174206 1249925 event_listener.cc:132] [event_listener/stall_cond_changed] column family: default write stall condition was changed, from delay to stop
W20230630 06:03:33.387495 1249926 event_listener.cc:132] [event_listener/stall_cond_changed] column family: default write stall condition was changed, from normal to delay
I20230630 06:03:34.615545 1249698 event_listener.cc:84] [event_listener/flush_begin] column family: default, thread_id: 1249698, job_id: 13, reason: 6
I20230630 06:03:35.364352 1249699 event_listener.cc:138] [event_listener/table_file_created] column family: default, file path: /nvme/jinghuan/node_40001/db/000036.sst, file size: 76227496, job id: 12, reason: flush, status: OK
I20230630 06:03:35.380851 1249699 event_listener.cc:91] [event_listener/flush_completed] column family: default, thread_id: 1249699, job_id: 12, file: /nvme/jinghuan/node_40001/db/000036.sst, reason: 6, is_write_slowdown: no, is_write_stall: no, largest seqno: 3985706, smallest seqno: 3328062
W20230630 06:03:35.380970 1249699 event_listener.cc:132] [event_listener/stall_cond_changed] column family: default write stall condition was changed, from stop to normal
W20230630 06:03:35.387446 1249928 event_listener.cc:132] [event_listener/stall_cond_changed] column family: default write stall condition was changed, from delay to stop
W20230630 06:03:36.581168 1249932 event_listener.cc:132] [event_listener/stall_cond_changed] column family: default write stall condition was changed, from normal to delay
I20230630 06:03:37.804924 1249699 event_listener.cc:84] [event_listener/flush_begin] column family: default, thread_id: 1249699, job_id: 14, reason: 6
I20230630 06:03:41.264361 1249698 event_listener.cc:138] [event_listener/table_file_created] column family: default, file path: /nvme/jinghuan/node_40001/db/000039.sst, file size: 77520686, job id: 13, reason: flush, status: OK
I20230630 06:03:41.270745 1249698 event_listener.cc:91] [event_listener/flush_completed] column family: default, thread_id: 1249698, job_id: 13, file: /nvme/jinghuan/node_40001/db/000039.sst, reason: 6, is_write_slowdown: no, is_write_stall: no, largest seqno: 4654539, smallest seqno: 3985708
W20230630 06:03:41.270802 1249698 event_listener.cc:132] [event_listener/stall_cond_changed] column family: default write stall condition was changed, from stop to normal
W20230630 06:03:41.271219 1249932 event_listener.cc:132] [event_listener/stall_cond_changed] column family: default write stall condition was changed, from delay to stop
W20230630 06:03:42.442250 1249927 event_listener.cc:132] [event_listener/stall_cond_changed] column family: default write stall condition was changed, from normal to delay
I20230630 06:03:42.759258 1249697 event_listener.cc:138] [event_listener/table_file_created] column family: default, file path: /nvme/jinghuan/node_40001/db/000033.sst, file size: 138728323, job id: 11, reason: compaction, status: OK
I20230630 06:03:43.704244 1249698 event_listener.cc:84] [event_listener/flush_begin] column family: default, thread_id: 1249698, job_id: 15, reason: 6
I20230630 06:03:44.368044 1249699 event_listener.cc:138] [event_listener/table_file_created] column family: default, file path: /nvme/jinghuan/node_40001/db/000042.sst, file size: 77370431, job id: 14, reason: flush, status: OK
I20230630 06:03:44.380666 1249699 event_listener.cc:91] [event_listener/flush_completed] column family: default, thread_id: 1249699, job_id: 14, file: /nvme/jinghuan/node_40001/db/000042.sst, reason: 6, is_write_slowdown: no, is_write_stall: no, largest seqno: 5322041, smallest seqno: 4654541
W20230630 06:03:44.380865 1249699 event_listener.cc:132] [event_listener/stall_cond_changed] column family: default write stall condition was changed, from stop to normal
W20230630 06:03:44.383900 1249927 event_listener.cc:132] [event_listener/stall_cond_changed] column family: default write stall condition was changed, from delay to stop
I20230630 06:03:45.510437 1249699 event_listener.cc:84] [event_listener/flush_begin] column family: metadata, thread_id: 1249699, job_id: 17, reason: 13
W20230630 06:03:45.694638 1249931 event_listener.cc:132] [event_listener/stall_cond_changed] column family: default write stall condition was changed, from normal to delay
I20230630 06:03:49.069255 1249699 event_listener.cc:138] [event_listener/table_file_created] column family: metadata, file path: /nvme/jinghuan/node_40001/db/000049.sst, file size: 19237927, job id: 17, reason: flush, status: OK
I20230630 06:03:49.077889 1249699 event_listener.cc:91] [event_listener/flush_completed] column family: metadata, thread_id: 1249699, job_id: 17, file: /nvme/jinghuan/node_40001/db/000049.sst, reason: 13, is_write_slowdown: no, is_write_stall: no, largest seqno: 6295124, smallest seqno: 3147562
I20230630 06:03:49.114914 1249699 event_listener.cc:84] [event_listener/flush_begin] column family: default, thread_id: 1249699, job_id: 18, reason: 6
I20230630 06:03:51.268774 1249698 event_listener.cc:138] [event_listener/table_file_created] column family: default, file path: /nvme/jinghuan/node_40001/db/000046.sst, file size: 77181568, job id: 15, reason: flush, status: OK
I20230630 06:03:51.275286 1249698 event_listener.cc:91] [event_listener/flush_completed] column family: default, thread_id: 1249698, job_id: 15, file: /nvme/jinghuan/node_40001/db/000046.sst, reason: 6, is_write_slowdown: no, is_write_stall: no, largest seqno: 5987904, smallest seqno: 5322043
W20230630 06:03:51.275485 1249698 event_listener.cc:132] [event_listener/stall_cond_changed] column family: default write stall condition was changed, from stop to normal
W20230630 06:03:51.275691 1249925 event_listener.cc:132] [event_listener/stall_cond_changed] column family: default write stall condition was changed, from delay to stop
W20230630 06:03:52.616950 1249929 event_listener.cc:132] [event_listener/stall_cond_changed] column family: default write stall condition was changed, from normal to delay
I20230630 06:03:53.995306 1249698 event_listener.cc:84] [event_listener/flush_begin] column family: default, thread_id: 1249698, job_id: 19, reason: 6
I20230630 06:03:56.765945 1249697 event_listener.cc:138] [event_listener/table_file_created] column family: default, file path: /nvme/jinghuan/node_40001/db/000044.sst, file size: 138700407, job id: 11, reason: compaction, status: OK
I20230630 06:03:57.568956 1249699 event_listener.cc:138] [event_listener/table_file_created] column family: default, file path: /nvme/jinghuan/node_40001/db/000052.sst, file size: 85050457, job id: 18, reason: flush, status: OK
I20230630 06:03:57.581529 1249699 event_listener.cc:91] [event_listener/flush_completed] column family: default, thread_id: 1249699, job_id: 18, file: /nvme/jinghuan/node_40001/db/000052.sst, reason: 6, is_write_slowdown: no, is_write_stall: no, largest seqno: 6721659, smallest seqno: 5987906
W20230630 06:03:57.581851 1249699 event_listener.cc:132] [event_listener/stall_cond_changed] column family: default write stall condition was changed, from stop to normal
W20230630 06:03:57.590138 1249929 event_listener.cc:132] [event_listener/stall_cond_changed] column family: default write stall condition was changed, from delay to stop
W20230630 06:03:58.796375 1249930 event_listener.cc:132] [event_listener/stall_cond_changed] column family: default write stall condition was changed, from normal to delay
I20230630 06:04:00.038717 1249699 event_listener.cc:84] [event_listener/flush_begin] column family: default, thread_id: 1249699, job_id: 20, reason: 6
I20230630 06:04:00.167703 1249697 event_listener.cc:138] [event_listener/table_file_created] column family: default, file path: /nvme/jinghuan/node_40001/db/000056.sst, file size: 32100866, job id: 11, reason: compaction, status: OK
I20230630 06:04:00.186460 1249697 event_listener.cc:71] [event_listener/compaction_completed] column family: default, compaction reason: 1, output compression type: no, base input level(files): 0(4), output level(files): 1(3), input bytes: 309670247, output bytes:309529596, is_manual_compaction:no, elapsed(micro): 32200861
I20230630 06:04:00.193434 1249697 event_listener.cc:71] [event_listener/compaction_completed] column family: default, compaction reason: 2, output compression type: no, base input level(files): 1(1), output level(files): 2(1), input bytes: 0, output bytes:0, is_manual_compaction:no, elapsed(micro): 0
I20230630 06:04:02.578294 1249698 event_listener.cc:138] [event_listener/table_file_created] column family: default, file path: /nvme/jinghuan/node_40001/db/000055.sst, file size: 84820979, job id: 19, reason: flush, status: OK
I20230630 06:04:02.584872 1249698 event_listener.cc:91] [event_listener/flush_completed] column family: default, thread_id: 1249698, job_id: 19, file: /nvme/jinghuan/node_40001/db/000055.sst, reason: 6, is_write_slowdown: no, is_write_stall: no, largest seqno: 7453456, smallest seqno: 6721661
W20230630 06:04:02.584956 1249698 event_listener.cc:132] [event_listener/stall_cond_changed] column family: default write stall condition was changed, from stop to normal
W20230630 06:04:02.585314 1249932 event_listener.cc:132] [event_listener/stall_cond_changed] column family: default write stall condition was changed, from delay to stop
W20230630 06:04:03.918092 1249928 event_listener.cc:132] [event_listener/stall_cond_changed] column family: default write stall condition was changed, from normal to delay
I20230630 06:04:04.978145 1249699 event_listener.cc:138] [event_listener/table_file_created] column family: default, file path: /nvme/jinghuan/node_40001/db/000059.sst, file size: 76879787, job id: 20, reason: flush, status: OK
I20230630 06:04:04.992283 1249699 event_listener.cc:91] [event_listener/flush_completed] column family: default, thread_id: 1249699, job_id: 20, file: /nvme/jinghuan/node_40001/db/000059.sst, reason: 6, is_write_slowdown: no, is_write_stall: no, largest seqno: 8116723, smallest seqno: 7453458
W20230630 06:04:04.992336 1249699 event_listener.cc:132] [event_listener/stall_cond_changed] column family: default write stall condition was changed, from delay to normal
I20230630 06:04:05.288156 1249698 event_listener.cc:84] [event_listener/flush_begin] column family: default, thread_id: 1249698, job_id: 23, reason: 6
W20230630 06:04:06.575117 1249928 event_listener.cc:132] [event_listener/stall_cond_changed] column family: default write stall condition was changed, from normal to delay
I20230630 06:04:07.434892 1249699 event_listener.cc:84] [event_listener/flush_begin] column family: metadata, thread_id: 1249699, job_id: 24, reason: 13
I20230630 06:04:09.286263 1249699 event_listener.cc:138] [event_listener/table_file_created] column family: metadata, file path: /nvme/jinghuan/node_40001/db/000066.sst, file size: 19218910, job id: 24, reason: flush, status: OK
I20230630 06:04:09.294212 1249699 event_listener.cc:91] [event_listener/flush_completed] column family: metadata, thread_id: 1249699, job_id: 24, file: /nvme/jinghuan/node_40001/db/000066.sst, reason: 13, is_write_slowdown: no, is_write_stall: no, largest seqno: 9442653, smallest seqno: 6295135
I20230630 06:04:09.314472 1249699 event_listener.cc:84] [event_listener/flush_begin] column family: default, thread_id: 1249699, job_id: 25, reason: 6
I20230630 06:04:13.487511 1249698 event_listener.cc:138] [event_listener/table_file_created] column family: default, file path: /nvme/jinghuan/node_40001/db/000063.sst, file size: 85000033, job id: 23, reason: flush, status: OK
I20230630 06:04:13.494117 1249698 event_listener.cc:91] [event_listener/flush_completed] column family: default, thread_id: 1249698, job_id: 23, file: /nvme/jinghuan/node_40001/db/000063.sst, reason: 6, is_write_slowdown: no, is_write_stall: no, largest seqno: 8850082, smallest seqno: 8116725
W20230630 06:04:13.494261 1249698 event_listener.cc:132] [event_listener/stall_cond_changed] column family: default write stall condition was changed, from stop to normal
W20230630 06:04:13.494460 1249928 event_listener.cc:132] [event_listener/stall_cond_changed] column family: default write stall condition was changed, from delay to stop
W20230630 06:04:14.711902 1249932 event_listener.cc:132] [event_listener/stall_cond_changed] column family: default write stall condition was changed, from normal to delay
I20230630 06:04:15.950659 1249698 event_listener.cc:84] [event_listener/flush_begin] column family: default, thread_id: 1249698, job_id: 26, reason: 6
I20230630 06:04:17.182766 1249699 event_listener.cc:138] [event_listener/table_file_created] column family: default, file path: /nvme/jinghuan/node_40001/db/000068.sst, file size: 85050241, job id: 25, reason: flush, status: OK
I20230630 06:04:17.189116 1249699 event_listener.cc:91] [event_listener/flush_completed] column family: default, thread_id: 1249699, job_id: 25, file: /nvme/jinghuan/node_40001/db/000068.sst, reason: 6, is_write_slowdown: no, is_write_stall: no, largest seqno: 9583848, smallest seqno: 8850084
W20230630 06:04:17.189374 1249699 event_listener.cc:132] [event_listener/stall_cond_changed] column family: default write stall condition was changed, from stop to normal
W20230630 06:04:17.192106 1249932 event_listener.cc:132] [event_listener/stall_cond_changed] column family: default write stall condition was changed, from delay to stop
W20230630 06:04:18.512146 1249931 event_listener.cc:132] [event_listener/stall_cond_changed] column family: default write stall condition was changed, from normal to delay
I20230630 06:04:19.900276 1249699 event_listener.cc:84] [event_listener/flush_begin] column family: default, thread_id: 1249699, job_id: 27, reason: 6
I20230630 06:04:22.886420 1249698 event_listener.cc:138] [event_listener/table_file_created] column family: default, file path: /nvme/jinghuan/node_40001/db/000071.sst, file size: 77908842, job id: 26, reason: flush, status: OK
I20230630 06:04:22.899266 1249698 event_listener.cc:91] [event_listener/flush_completed] column family: default, thread_id: 1249698, job_id: 26, file: /nvme/jinghuan/node_40001/db/000071.sst, reason: 6, is_write_slowdown: no, is_write_stall: no, largest seqno: 10256014, smallest seqno: 9583850
W20230630 06:04:22.899324 1249698 event_listener.cc:132] [event_listener/stall_cond_changed] column family: default write stall condition was changed, from stop to normal
W20230630 06:04:22.899780 1249931 event_listener.cc:132] [event_listener/stall_cond_changed] column family: default write stall condition was changed, from delay to stop
W20230630 06:04:24.217794 1249925 event_listener.cc:132] [event_listener/stall_cond_changed] column family: default write stall condition was changed, from normal to delay
I20230630 06:04:25.573325 1249698 event_listener.cc:84] [event_listener/flush_begin] column family: default, thread_id: 1249698, job_id: 28, reason: 6
I20230630 06:04:25.899936 1249696 event_listener.cc:138] [event_listener/table_file_created] column family: default, file path: /nvme/jinghuan/node_40001/db/000047.sst, file size: 307090317, job id: 16, reason: compaction, status: OK
I20230630 06:04:25.919293 1249696 event_listener.cc:71] [event_listener/compaction_completed] column family: default, compaction reason: 1, output compression type: no, base input level(files): 0(4), output level(files): 0(1), input bytes: 307205813, output bytes:307090317, is_manual_compaction:no, elapsed(micro): 41519126
I20230630 06:04:25.926311 1249696 event_listener.cc:127] [event_listener/table_file_deleted] db: /nvme/jinghuan/node_40001/db, sst file: /nvme/jinghuan/node_40001/db/000026.sst, status: OK
I20230630 06:04:25.934558 1249696 event_listener.cc:127] [event_listener/table_file_deleted] db: /nvme/jinghuan/node_40001/db, sst file: /nvme/jinghuan/node_40001/db/000023.sst, status: OK
I20230630 06:04:25.941088 1249696 event_listener.cc:127] [event_listener/table_file_deleted] db: /nvme/jinghuan/node_40001/db, sst file: /nvme/jinghuan/node_40001/db/000020.sst, status: OK
I20230630 06:04:25.946898 1249696 event_listener.cc:127] [event_listener/table_file_deleted] db: /nvme/jinghuan/node_40001/db, sst file: /nvme/jinghuan/node_40001/db/000017.sst, status: OK
I20230630 06:04:26.989790 1249699 event_listener.cc:138] [event_listener/table_file_created] column family: default, file path: /nvme/jinghuan/node_40001/db/000074.sst, file size: 84833421, job id: 27, reason: flush, status: OK
I20230630 06:04:27.002542 1249699 event_listener.cc:91] [event_listener/flush_completed] column family: default, thread_id: 1249699, job_id: 27, file: /nvme/jinghuan/node_40001/db/000074.sst, reason: 6, is_write_slowdown: no, is_write_stall: no, largest seqno: 10987921, smallest seqno: 10256016
W20230630 06:04:27.002585 1249699 event_listener.cc:132] [event_listener/stall_cond_changed] column family: default write stall condition was changed, from stop to normal
W20230630 06:04:27.002902 1249930 event_listener.cc:132] [event_listener/stall_cond_changed] column family: default write stall condition was changed, from delay to stop
W20230630 06:04:28.231066 1249927 event_listener.cc:132] [event_listener/stall_cond_changed] column family: default write stall condition was changed, from normal to delay
I20230630 06:04:29.499251 1249699 event_listener.cc:84] [event_listener/flush_begin] column family: default, thread_id: 1249699, job_id: 31, reason: 6
I20230630 06:04:33.495747 1249698 event_listener.cc:138] [event_listener/table_file_created] column family: default, file path: /nvme/jinghuan/node_40001/db/000077.sst, file size: 84957188, job id: 28, reason: flush, status: OK
I20230630 06:04:33.502106 1249698 event_listener.cc:91] [event_listener/flush_completed] column family: default, thread_id: 1249698, job_id: 28, file: /nvme/jinghuan/node_40001/db/000077.sst, reason: 6, is_write_slowdown: no, is_write_stall: no, largest seqno: 11720895, smallest seqno: 10987923
W20230630 06:04:33.502156 1249698 event_listener.cc:132] [event_listener/stall_cond_changed] column family: default write stall condition was changed, from stop to normal
W20230630 06:04:33.502526 1249927 event_listener.cc:132] [event_listener/stall_cond_changed] column family: default write stall condition was changed, from delay to stop
E20230630 06:04:33.503161 1249927 redis_connection.cc:103] [connection] Going to remove the client: , while encounter error: Broken pipe
E20230630 06:04:33.504268 1249931 redis_connection.cc:103] [connection] Going to remove the client: , while encounter error: Broken pipe
E20230630 06:04:33.504357 1249931 redis_connection.cc:103] [connection] Going to remove the client: , while encounter error: Broken pipe
I20230630 06:04:34.199720 1249698 event_listener.cc:84] [event_listener/flush_begin] column family: metadata, thread_id: 1249698, job_id: 32, reason: 13
W20230630 06:04:34.819115 1249925 event_listener.cc:132] [event_listener/stall_cond_changed] column family: default write stall condition was changed, from normal to delay
I20230630 06:04:36.092898 1249698 event_listener.cc:138] [event_listener/table_file_created] column family: metadata, file path: /nvme/jinghuan/node_40001/db/000083.sst, file size: 19220821, job id: 32, reason: flush, status: OK
I20230630 06:04:36.099334 1249698 event_listener.cc:91] [event_listener/flush_completed] column family: metadata, thread_id: 1249698, job_id: 32, file: /nvme/jinghuan/node_40001/db/000083.sst, reason: 13, is_write_slowdown: no, is_write_stall: no, largest seqno: 12590270, smallest seqno: 9442664
I20230630 06:04:36.183354 1249698 event_listener.cc:84] [event_listener/flush_begin] column family: default, thread_id: 1249698, job_id: 33, reason: 6
I20230630 06:04:36.899797 1249699 event_listener.cc:138] [event_listener/table_file_created] column family: default, file path: /nvme/jinghuan/node_40001/db/000081.sst, file size: 79049183, job id: 31, reason: flush, status: OK
I20230630 06:04:36.906098 1249699 event_listener.cc:91] [event_listener/flush_completed] column family: default, thread_id: 1249699, job_id: 31, file: /nvme/jinghuan/node_40001/db/000081.sst, reason: 6, is_write_slowdown: no, is_write_stall: no, largest seqno: 12402928, smallest seqno: 11720897
W20230630 06:04:36.906268 1249699 event_listener.cc:132] [event_listener/stall_cond_changed] column family: default write stall condition was changed, from stop to normal
W20230630 06:04:36.906445 1249929 event_listener.cc:132] [event_listener/stall_cond_changed] column family: default write stall condition was changed, from delay to stop
W20230630 06:04:38.355278 1249930 event_listener.cc:132] [event_listener/stall_cond_changed] column family: default write stall condition was changed, from normal to delay
I20230630 06:04:39.864923 1249699 event_listener.cc:84] [event_listener/flush_begin] column family: default, thread_id: 1249699, job_id: 34, reason: 6
I20230630 06:04:43.512025 1249698 event_listener.cc:138] [event_listener/table_file_created] column family: default, file path: /nvme/jinghuan/node_40001/db/000086.sst, file size: 84989335, job id: 33, reason: flush, status: OK
I20230630 06:04:43.527684 1249698 event_listener.cc:91] [event_listener/flush_completed] column family: default, thread_id: 1249698, job_id: 33, file: /nvme/jinghuan/node_40001/db/000086.sst, reason: 6, is_write_slowdown: no, is_write_stall: no, largest seqno: 13136221, smallest seqno: 12402930
W20230630 06:04:43.528093 1249698 event_listener.cc:132] [event_listener/stall_cond_changed] column family: default write stall condition was changed, from stop to normal
W20230630 06:04:43.528285 1249930 event_listener.cc:132] [event_listener/stall_cond_changed] column family: default write stall condition was changed, from delay to stop
I20230630 06:04:43.703126 1249697 event_listener.cc:138] [event_listener/table_file_created] column family: default, file path: /nvme/jinghuan/node_40001/db/000061.sst, file size: 323798959, job id: 22, reason: compaction, status: OK
I20230630 06:04:43.726411 1249697 event_listener.cc:71] [event_listener/compaction_completed] column family: default, compaction reason: 1, output compression type: no, base input level(files): 0(4), output level(files): 0(1), input bytes: 323932791, output bytes:323798959, is_manual_compaction:no, elapsed(micro): 38710660
I20230630 06:04:43.732719 1249697 event_listener.cc:127] [event_listener/table_file_deleted] db: /nvme/jinghuan/node_40001/db, sst file: /nvme/jinghuan/node_40001/db/000042.sst, status: OK
I20230630 06:04:43.739046 1249697 event_listener.cc:127] [event_listener/table_file_deleted] db: /nvme/jinghuan/node_40001/db, sst file: /nvme/jinghuan/node_40001/db/000039.sst, status: OK
I20230630 06:04:43.745208 1249697 event_listener.cc:127] [event_listener/table_file_deleted] db: /nvme/jinghuan/node_40001/db, sst file: /nvme/jinghuan/node_40001/db/000036.sst, status: OK
I20230630 06:04:43.751410 1249697 event_listener.cc:127] [event_listener/table_file_deleted] db: /nvme/jinghuan/node_40001/db, sst file: /nvme/jinghuan/node_40001/db/000031.sst, status: OK
W20230630 06:04:44.938917 1249925 event_listener.cc:132] [event_listener/stall_cond_changed] column family: default write stall condition was changed, from normal to delay
I20230630 06:04:46.308851 1249699 event_listener.cc:138] [event_listener/table_file_created] column family: default, file path: /nvme/jinghuan/node_40001/db/000089.sst, file size: 84969488, job id: 34, reason: flush, status: OK
I20230630 06:04:46.327144 1249699 event_listener.cc:91] [event_listener/flush_completed] column family: default, thread_id: 1249699, job_id: 34, file: /nvme/jinghuan/node_40001/db/000089.sst, reason: 6, is_write_slowdown: no, is_write_stall: no, largest seqno: 13869294, smallest seqno: 13136223
W20230630 06:04:46.327232 1249699 event_listener.cc:132] [event_listener/stall_cond_changed] column family: default write stall condition was changed, from stop to normal
W20230630 06:04:46.327422 1249928 event_listener.cc:132] [event_listener/stall_cond_changed] column family: default write stall condition was changed, from delay to stop
I20230630 06:04:46.341753 1249698 event_listener.cc:84] [event_listener/flush_begin] column family: default, thread_id: 1249698, job_id: 37, reason: 6
W20230630 06:04:47.680431 1249928 event_listener.cc:132] [event_listener/stall_cond_changed] column family: default write stall condition was changed, from normal to delay
I20230630 06:04:49.075537 1249699 event_listener.cc:84] [event_listener/flush_begin] column family: default, thread_id: 1249699, job_id: 38, reason: 6
I20230630 06:04:51.709988 1249697 event_listener.cc:138] [event_listener/table_file_created] column family: metadata, file path: /nvme/jinghuan/node_40001/db/000090.sst, file size: 76274212, job id: 36, reason: compaction, status: OK
I20230630 06:04:51.725872 1249697 event_listener.cc:71] [event_listener/compaction_completed] column family: metadata, compaction reason: 1, output compression type: no, base input level(files): 0(4), output level(files): 1(1), input bytes: 76921291, output bytes:76274212, is_manual_compaction:no, elapsed(micro): 7958561
I20230630 06:04:51.730365 1249697 event_listener.cc:127] [event_listener/table_file_deleted] db: /nvme/jinghuan/node_40001/db, sst file: /nvme/jinghuan/node_40001/db/000066.sst, status: OK
I20230630 06:04:51.734434 1249697 event_listener.cc:127] [event_listener/table_file_deleted] db: /nvme/jinghuan/node_40001/db, sst file: /nvme/jinghuan/node_40001/db/000049.sst, status: OK
I20230630 06:04:51.736737 1249697 event_listener.cc:127] [event_listener/table_file_deleted] db: /nvme/jinghuan/node_40001/db, sst file: /nvme/jinghuan/node_40001/db/000032.sst, status: OK
I20230630 06:04:53.414781 1249698 event_listener.cc:138] [event_listener/table_file_created] column family: default, file path: /nvme/jinghuan/node_40001/db/000093.sst, file size: 84899510, job id: 37, reason: flush, status: OK
I20230630 06:04:53.430366 1249698 event_listener.cc:91] [event_listener/flush_completed] column family: default, thread_id: 1249698, job_id: 37, file: /nvme/jinghuan/node_40001/db/000093.sst, reason: 6, is_write_slowdown: no, is_write_stall: no, largest seqno: 14601751, smallest seqno: 13869296
W20230630 06:04:53.430477 1249698 event_listener.cc:132] [event_listener/stall_cond_changed] column family: default write stall condition was changed, from stop to normal
W20230630 06:04:53.430814 1249928 event_listener.cc:132] [event_listener/stall_cond_changed] column family: default write stall condition was changed, from delay to stop
W20230630 06:04:54.775476 1249930 event_listener.cc:132] [event_listener/stall_cond_changed] column family: default write stall condition was changed, from normal to delay
I20230630 06:04:54.937682 1249698 event_listener.cc:84] [event_listener/flush_begin] column family: metadata, thread_id: 1249698, job_id: 40, reason: 13
I20230630 06:04:55.912338 1249699 event_listener.cc:138] [event_listener/table_file_created] column family: default, file path: /nvme/jinghuan/node_40001/db/000096.sst, file size: 85045246, job id: 38, reason: flush, status: OK
I20230630 06:04:55.918658 1249699 event_listener.cc:91] [event_listener/flush_completed] column family: default, thread_id: 1249699, job_id: 38, file: /nvme/jinghuan/node_40001/db/000096.sst, reason: 6, is_write_slowdown: no, is_write_stall: no, largest seqno: 15335517, smallest seqno: 14601753
W20230630 06:04:55.918725 1249699 event_listener.cc:132] [event_listener/stall_cond_changed] column family: default write stall condition was changed, from delay to normal
I20230630 06:04:56.114825 1249699 event_listener.cc:84] [event_listener/flush_begin] column family: default, thread_id: 1249699, job_id: 41, reason: 6
I20230630 06:04:56.513803 1249698 event_listener.cc:138] [event_listener/table_file_created] column family: metadata, file path: /nvme/jinghuan/node_40001/db/000100.sst, file size: 19250405, job id: 40, reason: flush, status: OK
I20230630 06:04:56.522876 1249698 event_listener.cc:91] [event_listener/flush_completed] column family: metadata, thread_id: 1249698, job_id: 40, file: /nvme/jinghuan/node_40001/db/000100.sst, reason: 13, is_write_slowdown: no, is_write_stall: no, largest seqno: 15737865, smallest seqno: 12590281
W20230630 06:04:57.389374 1249928 event_listener.cc:132] [event_listener/stall_cond_changed] column family: default write stall condition was changed, from normal to delay
I20230630 06:04:58.214268 1249696 event_listener.cc:138] [event_listener/table_file_created] column family: default, file path: /nvme/jinghuan/node_40001/db/000078.sst, file size: 332629782, job id: 30, reason: compaction, status: OK
I20230630 06:04:58.239091 1249696 event_listener.cc:71] [event_listener/compaction_completed] column family: default, compaction reason: 1, output compression type: no, base input level(files): 0(4), output level(files): 0(1), input bytes: 332792537, output bytes:332629782, is_manual_compaction:no, elapsed(micro): 31211521
I20230630 06:04:58.241756 1249696 event_listener.cc:127] [event_listener/table_file_deleted] db: /nvme/jinghuan/node_40001/db, sst file: /nvme/jinghuan/node_40001/db/000083.sst, status: OK
I20230630 06:04:58.251155 1249696 event_listener.cc:127] [event_listener/table_file_deleted] db: /nvme/jinghuan/node_40001/db, sst file: /nvme/jinghuan/node_40001/db/000059.sst, status: OK
I20230630 06:04:58.257761 1249696 event_listener.cc:127] [event_listener/table_file_deleted] db: /nvme/jinghuan/node_40001/db, sst file: /nvme/jinghuan/node_40001/db/000055.sst, status: OK
I20230630 06:04:58.264379 1249696 event_listener.cc:127] [event_listener/table_file_deleted] db: /nvme/jinghuan/node_40001/db, sst file: /nvme/jinghuan/node_40001/db/000052.sst, status: OK
I20230630 06:04:58.270355 1249696 event_listener.cc:127] [event_listener/table_file_deleted] db: /nvme/jinghuan/node_40001/db, sst file: /nvme/jinghuan/node_40001/db/000046.sst, status: OK
I20230630 06:04:58.783464 1249698 event_listener.cc:84] [event_listener/flush_begin] column family: default, thread_id: 1249698, job_id: 44, reason: 6
I20230630 06:05:01.816188 1249699 event_listener.cc:138] [event_listener/table_file_created] column family: default, file path: /nvme/jinghuan/node_40001/db/000102.sst, file size: 84936891, job id: 41, reason: flush, status: OK
I20230630 06:05:01.822716 1249699 event_listener.cc:91] [event_listener/flush_completed] column family: default, thread_id: 1249699, job_id: 41, file: /nvme/jinghuan/node_40001/db/000102.sst, reason: 6, is_write_slowdown: no, is_write_stall: no, largest seqno: 16068337, smallest seqno: 15335519
W20230630 06:05:01.822896 1249699 event_listener.cc:132] [event_listener/stall_cond_changed] column family: default write stall condition was changed, from stop to normal
W20230630 06:05:01.822989 1249928 event_listener.cc:132] [event_listener/stall_cond_changed] column family: default write stall condition was changed, from delay to stop
I20230630 06:05:03.016796 1249698 event_listener.cc:138] [event_listener/table_file_created] column family: default, file path: /nvme/jinghuan/node_40001/db/000105.sst, file size: 85053286, job id: 44, reason: flush, status: OK
I20230630 06:05:03.027236 1249698 event_listener.cc:91] [event_listener/flush_completed] column family: default, thread_id: 1249698, job_id: 44, file: /nvme/jinghuan/node_40001/db/000105.sst, reason: 6, is_write_slowdown: no, is_write_stall: no, largest seqno: 16802158, smallest seqno: 16068339
I20230630 06:05:04.525318 1249699 event_listener.cc:84] [event_listener/flush_begin] column family: default, thread_id: 1249699, job_id: 47, reason: 6
W20230630 06:05:05.801574 1249930 event_listener.cc:132] [event_listener/stall_cond_changed] column family: default write stall condition was changed, from normal to delay
I20230630 06:05:07.229636 1249698 event_listener.cc:84] [event_listener/flush_begin] column family: default, thread_id: 1249698, job_id: 48, reason: 6
I20230630 06:05:09.722993 1249699 event_listener.cc:138] [event_listener/table_file_created] column family: default, file path: /nvme/jinghuan/node_40001/db/000109.sst, file size: 84822022, job id: 47, reason: flush, status: OK
I20230630 06:05:09.735327 1249699 event_listener.cc:91] [event_listener/flush_completed] column family: default, thread_id: 1249699, job_id: 47, file: /nvme/jinghuan/node_40001/db/000109.sst, reason: 6, is_write_slowdown: no, is_write_stall: no, largest seqno: 17533955, smallest seqno: 16802160
W20230630 06:05:09.735373 1249699 event_listener.cc:132] [event_listener/stall_cond_changed] column family: default write stall condition was changed, from stop to normal
W20230630 06:05:09.735765 1249925 event_listener.cc:132] [event_listener/stall_cond_changed] column family: default write stall condition was changed, from delay to stop
W20230630 06:05:10.928462 1249925 event_listener.cc:132] [event_listener/stall_cond_changed] column family: default write stall condition was changed, from normal to delay
I20230630 06:05:12.035691 1249699 event_listener.cc:84] [event_listener/flush_begin] column family: metadata, thread_id: 1249699, job_id: 49, reason: 13
I20230630 06:05:13.023027 1249698 event_listener.cc:138] [event_listener/table_file_created] column family: default, file path: /nvme/jinghuan/node_40001/db/000112.sst, file size: 85055374, job id: 48, reason: flush, status: OK
I20230630 06:05:13.029721 1249698 event_listener.cc:91] [event_listener/flush_completed] column family: default, thread_id: 1249698, job_id: 48, file: /nvme/jinghuan/node_40001/db/000112.sst, reason: 6, is_write_slowdown: no, is_write_stall: no, largest seqno: 18267765, smallest seqno: 17533957
W20230630 06:05:13.029760 1249698 event_listener.cc:132] [event_listener/stall_cond_changed] column family: default write stall condition was changed, from stop to normal
W20230630 06:05:13.031791 1249927 event_listener.cc:132] [event_listener/stall_cond_changed] column family: default write stall condition was changed, from delay to stop
I20230630 06:05:13.040047 1249698 event_listener.cc:84] [event_listener/flush_begin] column family: default, thread_id: 1249698, job_id: 50, reason: 6
I20230630 06:05:13.817301 1249699 event_listener.cc:138] [event_listener/table_file_created] column family: metadata, file path: /nvme/jinghuan/node_40001/db/000115.sst, file size: 19249888, job id: 49, reason: flush, status: OK
I20230630 06:05:13.823920 1249699 event_listener.cc:91] [event_listener/flush_completed] column family: metadata, thread_id: 1249699, job_id: 49, file: /nvme/jinghuan/node_40001/db/000115.sst, reason: 13, is_write_slowdown: no, is_write_stall: no, largest seqno: 18885449, smallest seqno: 15737876
W20230630 06:05:14.363134 1249926 event_listener.cc:132] [event_listener/stall_cond_changed] column family: default write stall condition was changed, from normal to delay
I20230630 06:05:15.772253 1249699 event_listener.cc:84] [event_listener/flush_begin] column family: default, thread_id: 1249699, job_id: 51, reason: 6
I20230630 06:05:17.927302 1249698 event_listener.cc:138] [event_listener/table_file_created] column family: default, file path: /nvme/jinghuan/node_40001/db/000117.sst, file size: 76675424, job id: 50, reason: flush, status: OK
I20230630 06:05:17.943084 1249698 event_listener.cc:91] [event_listener/flush_completed] column family: default, thread_id: 1249698, job_id: 50, file: /nvme/jinghuan/node_40001/db/000117.sst, reason: 6, is_write_slowdown: no, is_write_stall: no, largest seqno: 18929283, smallest seqno: 18267767
W20230630 06:05:17.943364 1249698 event_listener.cc:132] [event_listener/stall_cond_changed] column family: default write stall condition was changed, from stop to normal
W20230630 06:05:17.943500 1249929 event_listener.cc:132] [event_listener/stall_cond_changed] column family: default write stall condition was changed, from delay to stop
W20230630 06:05:19.180339 1249927 event_listener.cc:132] [event_listener/stall_cond_changed] column family: default write stall condition was changed, from normal to delay
I20230630 06:05:20.458745 1249698 event_listener.cc:84] [event_listener/flush_begin] column family: default, thread_id: 1249698, job_id: 52, reason: 6
I20230630 06:05:20.523104 1249697 event_listener.cc:138] [event_listener/table_file_created] column family: default, file path: /nvme/jinghuan/node_40001/db/000097.sst, file size: 333850302, job id: 39, reason: compaction, status: OK
I20230630 06:05:20.543762 1249697 event_listener.cc:71] [event_listener/compaction_completed] column family: default, compaction reason: 1, output compression type: no, base input level(files): 0(4), output level(files): 0(1), input bytes: 333965194, output bytes:333850302, is_manual_compaction:no, elapsed(micro): 28786350
I20230630 06:05:20.553711 1249697 event_listener.cc:127] [event_listener/table_file_deleted] db: /nvme/jinghuan/node_40001/db, sst file: /nvme/jinghuan/node_40001/db/000074.sst, status: OK
I20230630 06:05:20.560355 1249697 event_listener.cc:127] [event_listener/table_file_deleted] db: /nvme/jinghuan/node_40001/db, sst file: /nvme/jinghuan/node_40001/db/000071.sst, status: OK
I20230630 06:05:20.567307 1249697 event_listener.cc:127] [event_listener/table_file_deleted] db: /nvme/jinghuan/node_40001/db, sst file: /nvme/jinghuan/node_40001/db/000068.sst, status: OK
I20230630 06:05:20.574411 1249697 event_listener.cc:127] [event_listener/table_file_deleted] db: /nvme/jinghuan/node_40001/db, sst file: /nvme/jinghuan/node_40001/db/000063.sst, status: OK
I20230630 06:05:20.830536 1249699 event_listener.cc:138] [event_listener/table_file_created] column family: default, file path: /nvme/jinghuan/node_40001/db/000120.sst, file size: 84858235, job id: 51, reason: flush, status: OK
I20230630 06:05:20.842840 1249699 event_listener.cc:91] [event_listener/flush_completed] column family: default, thread_id: 1249699, job_id: 51, file: /nvme/jinghuan/node_40001/db/000120.sst, reason: 6, is_write_slowdown: no, is_write_stall: no, largest seqno: 19661421, smallest seqno: 18929285
W20230630 06:05:20.842993 1249699 event_listener.cc:132] [event_listener/stall_cond_changed] column family: default write stall condition was changed, from stop to normal
W20230630 06:05:20.843515 1249927 event_listener.cc:132] [event_listener/stall_cond_changed] column family: default write stall condition was changed, from delay to stop
W20230630 06:05:22.189415 1249929 event_listener.cc:132] [event_listener/stall_cond_changed] column family: default write stall condition was changed, from normal to delay
I20230630 06:05:23.616705 1249699 event_listener.cc:84] [event_listener/flush_begin] column family: default, thread_id: 1249699, job_id: 55, reason: 6
I20230630 06:05:24.529245 1249698 event_listener.cc:138] [event_listener/table_file_created] column family: default, file path: /nvme/jinghuan/node_40001/db/000123.sst, file size: 76325260, job id: 52, reason: flush, status: OK
I20230630 06:05:24.535851 1249698 event_listener.cc:91] [event_listener/flush_completed] column family: default, thread_id: 1249698, job_id: 52, file: /nvme/jinghuan/node_40001/db/000123.sst, reason: 6, is_write_slowdown: no, is_write_stall: no, largest seqno: 20319903, smallest seqno: 19661423
W20230630 06:05:24.535902 1249698 event_listener.cc:132] [event_listener/stall_cond_changed] column family: default write stall condition was changed, from stop to normal
W20230630 06:05:24.536209 1249929 event_listener.cc:132] [event_listener/stall_cond_changed] column family: default write stall condition was changed, from delay to stop
W20230630 06:05:25.757339 1249927 event_listener.cc:132] [event_listener/stall_cond_changed] column family: default write stall condition was changed, from normal to delay
I20230630 06:05:27.028606 1249698 event_listener.cc:84] [event_listener/flush_begin] column family: default, thread_id: 1249698, job_id: 56, reason: 6
I20230630 06:05:28.030275 1249699 event_listener.cc:138] [event_listener/table_file_created] column family: default, file path: /nvme/jinghuan/node_40001/db/000127.sst, file size: 85048077, job id: 55, reason: flush, status: OK
