Log file created at: 2023/07/07 08:46:07
Running on machine: en4217754l
Running duration (h:mm:ss): 0:00:00
Log line format: [IWEF]yyyymmdd hh:mm:ss.uuuuuu threadid file:line] msg
I20230707 08:46:07.411779 49358 main.cc:328] kvrocks unstable (commit 4a10c89)
I20230707 08:46:07.818701 49358 storage.cc:322] [storage] Success to load the data from disk: 98 ms
I20230707 08:46:07.819322 49358 worker.cc:72] [worker] Listening on: 10.218.109.65:40001
I20230707 08:46:07.819351 49358 worker.cc:72] [worker] Listening on: 127.0.0.1:40001
I20230707 08:46:07.819623 49358 worker.cc:72] [worker] Listening on: 10.218.109.65:40001
I20230707 08:46:07.819650 49358 worker.cc:72] [worker] Listening on: 127.0.0.1:40001
I20230707 08:46:07.819826 49358 worker.cc:72] [worker] Listening on: 10.218.109.65:40001
I20230707 08:46:07.819846 49358 worker.cc:72] [worker] Listening on: 127.0.0.1:40001
I20230707 08:46:07.820130 49358 worker.cc:72] [worker] Listening on: 10.218.109.65:40001
I20230707 08:46:07.820161 49358 worker.cc:72] [worker] Listening on: 127.0.0.1:40001
I20230707 08:46:07.820377 49358 worker.cc:72] [worker] Listening on: 10.218.109.65:40001
I20230707 08:46:07.820405 49358 worker.cc:72] [worker] Listening on: 127.0.0.1:40001
I20230707 08:46:07.820616 49358 worker.cc:72] [worker] Listening on: 10.218.109.65:40001
I20230707 08:46:07.820642 49358 worker.cc:72] [worker] Listening on: 127.0.0.1:40001
I20230707 08:46:07.820842 49358 worker.cc:72] [worker] Listening on: 10.218.109.65:40001
I20230707 08:46:07.820868 49358 worker.cc:72] [worker] Listening on: 127.0.0.1:40001
I20230707 08:46:07.821074 49358 worker.cc:72] [worker] Listening on: 10.218.109.65:40001
I20230707 08:46:07.821100 49358 worker.cc:72] [worker] Listening on: 127.0.0.1:40001
W20230707 08:46:07.821269 49358 server.cc:1650] [server] Increased maximum number of open files to 14224 (it's originally set to 1024)
I20230707 08:46:07.821573 49358 cluster.cc:643] The cluster nodes file /nvme/jinghuan/node_40001/nodes.conf is not found. Use CLUSTERX subcommands to specify it.
I20230707 08:46:07.821604 49358 cluster.cc:643] The cluster nodes file /nvme/jinghuan/node_40001/nodes.conf is not found. Use CLUSTERX subcommands to specify it.
I20230707 08:46:07.826514 49358 worker.cc:519] [worker] Thread #140638083307264 started
I20230707 08:46:07.826572 49358 worker.cc:519] [worker] Thread #140638091699968 started
I20230707 08:46:07.826653 49358 worker.cc:519] [worker] Thread #140638517552896 started
I20230707 08:46:07.826730 49358 worker.cc:519] [worker] Thread #140638167234304 started
I20230707 08:46:07.826802 49358 worker.cc:519] [worker] Thread #140638158841600 started
I20230707 08:46:07.826879 49358 worker.cc:519] [worker] Thread #140638150448896 started
I20230707 08:46:07.826954 49358 worker.cc:519] [worker] Thread #140638142056192 started
I20230707 08:46:07.827028 49358 worker.cc:519] [worker] Thread #140638133663488 started
I20230707 08:46:07.827268 49358 server.cc:211] [server] Ready to accept connections
I20230707 08:46:08.452564 49597 cluster.cc:286] MASTER MODE enabled by cluster topology setting
I20230707 08:46:10.964655 49369 event_listener.cc:84] [event_listener/flush_begin] column family: default, thread_id: 49369, job_id: 3, reason: 6
I20230707 08:46:11.404428 49369 event_listener.cc:138] [event_listener/table_file_created] column family: default, file path: /nvme/jinghuan/node_40001/db/000016.sst, file size: 83069675, job id: 3, reason: flush, status: OK
I20230707 08:46:11.410823 49369 event_listener.cc:91] [event_listener/flush_completed] column family: default, thread_id: 49369, job_id: 3, file: /nvme/jinghuan/node_40001/db/000016.sst, reason: 6, is_write_slowdown: no, is_write_stall: no, largest seqno: 716704, smallest seqno: 1
I20230707 08:46:12.105202 49367 event_listener.cc:138] [event_listener/table_file_created] column family: default, file path: /nvme/jinghuan/node_40001/db/000017.sst, file size: 83069671, job id: 4, reason: compaction, status: OK
I20230707 08:46:12.118490 49367 event_listener.cc:71] [event_listener/compaction_completed] column family: default, compaction reason: 11, output compression type: no, base input level(files): 0(1), output level(files): 0(1), input bytes: 83069675, output bytes:83069671, is_manual_compaction:no, elapsed(micro): 694304
I20230707 08:46:12.128903 49367 event_listener.cc:127] [event_listener/table_file_deleted] db: /nvme/jinghuan/node_40001/db, sst file: /nvme/jinghuan/node_40001/db/000016.sst, status: OK
I20230707 08:46:13.325680 49370 event_listener.cc:84] [event_listener/flush_begin] column family: default, thread_id: 49370, job_id: 5, reason: 6
I20230707 08:46:13.729871 49370 event_listener.cc:138] [event_listener/table_file_created] column family: default, file path: /nvme/jinghuan/node_40001/db/000020.sst, file size: 80125110, job id: 5, reason: flush, status: OK
I20230707 08:46:13.746695 49370 event_listener.cc:91] [event_listener/flush_completed] column family: default, thread_id: 49370, job_id: 5, file: /nvme/jinghuan/node_40001/db/000020.sst, reason: 6, is_write_slowdown: no, is_write_stall: no, largest seqno: 1407999, smallest seqno: 716706
I20230707 08:46:15.549249 49369 event_listener.cc:84] [event_listener/flush_begin] column family: default, thread_id: 49369, job_id: 6, reason: 6
I20230707 08:46:15.947824 49369 event_listener.cc:138] [event_listener/table_file_created] column family: default, file path: /nvme/jinghuan/node_40001/db/000023.sst, file size: 77478092, job id: 6, reason: flush, status: OK
I20230707 08:46:15.960345 49369 event_listener.cc:91] [event_listener/flush_completed] column family: default, thread_id: 49369, job_id: 6, file: /nvme/jinghuan/node_40001/db/000023.sst, reason: 6, is_write_slowdown: no, is_write_stall: no, largest seqno: 2076381, smallest seqno: 1408001
I20230707 08:46:17.772468 49370 event_listener.cc:84] [event_listener/flush_begin] column family: default, thread_id: 49370, job_id: 7, reason: 6
W20230707 08:46:18.834286 49596 event_listener.cc:132] [event_listener/stall_cond_changed] column family: default write stall condition was changed, from normal to delay
I20230707 08:46:19.139149 49369 event_listener.cc:84] [event_listener/flush_begin] column family: metadata, thread_id: 49369, job_id: 8, reason: 13
I20230707 08:46:20.396912 49369 event_listener.cc:138] [event_listener/table_file_created] column family: metadata, file path: /nvme/jinghuan/node_40001/db/000029.sst, file size: 19243637, job id: 8, reason: flush, status: OK
I20230707 08:46:20.402465 49369 event_listener.cc:91] [event_listener/flush_completed] column family: metadata, thread_id: 49369, job_id: 8, file: /nvme/jinghuan/node_40001/db/000029.sst, reason: 13, is_write_slowdown: no, is_write_stall: no, largest seqno: 3147551, smallest seqno: 11
I20230707 08:46:20.421188 49369 event_listener.cc:84] [event_listener/flush_begin] column family: default, thread_id: 49369, job_id: 9, reason: 6
I20230707 08:46:21.701114 49370 event_listener.cc:138] [event_listener/table_file_created] column family: default, file path: /nvme/jinghuan/node_40001/db/000026.sst, file size: 76845665, job id: 7, reason: flush, status: OK
I20230707 08:46:21.707521 49370 event_listener.cc:91] [event_listener/flush_completed] column family: default, thread_id: 49370, job_id: 7, file: /nvme/jinghuan/node_40001/db/000026.sst, reason: 6, is_write_slowdown: no, is_write_stall: no, largest seqno: 2739318, smallest seqno: 2076383
W20230707 08:46:21.707720 49370 event_listener.cc:132] [event_listener/stall_cond_changed] column family: default write stall condition was changed, from stop to normal
W20230707 08:46:21.707939 49598 event_listener.cc:132] [event_listener/stall_cond_changed] column family: default write stall condition was changed, from delay to stop
I20230707 08:46:22.804040 49368 event_listener.cc:138] [event_listener/table_file_created] column family: metadata, file path: /nvme/jinghuan/node_40001/db/000032.sst, file size: 19243633, job id: 10, reason: compaction, status: OK
I20230707 08:46:22.814064 49368 event_listener.cc:71] [event_listener/compaction_completed] column family: metadata, compaction reason: 11, output compression type: no, base input level(files): 0(1), output level(files): 0(1), input bytes: 19243637, output bytes:19243633, is_manual_compaction:no, elapsed(micro): 1715533
I20230707 08:46:22.816277 49368 event_listener.cc:127] [event_listener/table_file_deleted] db: /nvme/jinghuan/node_40001/db, sst file: /nvme/jinghuan/node_40001/db/000029.sst, status: OK
W20230707 08:46:22.949157 49601 event_listener.cc:132] [event_listener/stall_cond_changed] column family: default write stall condition was changed, from normal to delay
I20230707 08:46:24.178655 49370 event_listener.cc:84] [event_listener/flush_begin] column family: default, thread_id: 49370, job_id: 12, reason: 6
I20230707 08:46:26.412439 49369 event_listener.cc:138] [event_listener/table_file_created] column family: default, file path: /nvme/jinghuan/node_40001/db/000031.sst, file size: 76288201, job id: 9, reason: flush, status: OK
I20230707 08:46:26.428947 49369 event_listener.cc:91] [event_listener/flush_completed] column family: default, thread_id: 49369, job_id: 9, file: /nvme/jinghuan/node_40001/db/000031.sst, reason: 6, is_write_slowdown: no, is_write_stall: no, largest seqno: 3397470, smallest seqno: 2739320
W20230707 08:46:26.429381 49369 event_listener.cc:132] [event_listener/stall_cond_changed] column family: default write stall condition was changed, from stop to normal
W20230707 08:46:26.430255 49601 event_listener.cc:132] [event_listener/stall_cond_changed] column family: default write stall condition was changed, from delay to stop
W20230707 08:46:27.648160 49603 event_listener.cc:132] [event_listener/stall_cond_changed] column family: default write stall condition was changed, from normal to delay
I20230707 08:46:28.848115 49369 event_listener.cc:84] [event_listener/flush_begin] column family: default, thread_id: 49369, job_id: 13, reason: 6
I20230707 08:46:31.013727 49370 event_listener.cc:138] [event_listener/table_file_created] column family: default, file path: /nvme/jinghuan/node_40001/db/000036.sst, file size: 80892889, job id: 12, reason: flush, status: OK
I20230707 08:46:31.026283 49370 event_listener.cc:91] [event_listener/flush_completed] column family: default, thread_id: 49370, job_id: 12, file: /nvme/jinghuan/node_40001/db/000036.sst, reason: 6, is_write_slowdown: no, is_write_stall: no, largest seqno: 4095387, smallest seqno: 3397472
W20230707 08:46:31.026345 49370 event_listener.cc:132] [event_listener/stall_cond_changed] column family: default write stall condition was changed, from stop to normal
W20230707 08:46:31.026687 49603 event_listener.cc:132] [event_listener/stall_cond_changed] column family: default write stall condition was changed, from delay to stop
W20230707 08:46:32.158692 49603 event_listener.cc:132] [event_listener/stall_cond_changed] column family: default write stall condition was changed, from normal to delay
I20230707 08:46:33.325207 49370 event_listener.cc:84] [event_listener/flush_begin] column family: default, thread_id: 49370, job_id: 14, reason: 6
I20230707 08:46:35.116150 49369 event_listener.cc:138] [event_listener/table_file_created] column family: default, file path: /nvme/jinghuan/node_40001/db/000039.sst, file size: 79554902, job id: 13, reason: flush, status: OK
I20230707 08:46:35.128638 49369 event_listener.cc:91] [event_listener/flush_completed] column family: default, thread_id: 49369, job_id: 13, file: /nvme/jinghuan/node_40001/db/000039.sst, reason: 6, is_write_slowdown: no, is_write_stall: no, largest seqno: 4781765, smallest seqno: 4095389
W20230707 08:46:35.128727 49369 event_listener.cc:132] [event_listener/stall_cond_changed] column family: default write stall condition was changed, from stop to normal
W20230707 08:46:35.129245 49603 event_listener.cc:132] [event_listener/stall_cond_changed] column family: default write stall condition was changed, from delay to stop
W20230707 08:46:36.275766 49603 event_listener.cc:132] [event_listener/stall_cond_changed] column family: default write stall condition was changed, from normal to delay
I20230707 08:46:37.419770 49368 event_listener.cc:138] [event_listener/table_file_created] column family: default, file path: /nvme/jinghuan/node_40001/db/000033.sst, file size: 138729443, job id: 11, reason: compaction, status: OK
I20230707 08:46:37.461858 49369 event_listener.cc:84] [event_listener/flush_begin] column family: default, thread_id: 49369, job_id: 15, reason: 6
I20230707 08:46:39.724527 49370 event_listener.cc:138] [event_listener/table_file_created] column family: default, file path: /nvme/jinghuan/node_40001/db/000042.sst, file size: 75925257, job id: 14, reason: flush, status: OK
I20230707 08:46:39.740552 49370 event_listener.cc:91] [event_listener/flush_completed] column family: default, thread_id: 49370, job_id: 14, file: /nvme/jinghuan/node_40001/db/000042.sst, reason: 6, is_write_slowdown: no, is_write_stall: no, largest seqno: 5436793, smallest seqno: 4781767
W20230707 08:46:39.740746 49370 event_listener.cc:132] [event_listener/stall_cond_changed] column family: default write stall condition was changed, from stop to normal
W20230707 08:46:39.741822 49599 event_listener.cc:132] [event_listener/stall_cond_changed] column family: default write stall condition was changed, from delay to stop
I20230707 08:46:40.528664 49370 event_listener.cc:84] [event_listener/flush_begin] column family: metadata, thread_id: 49370, job_id: 17, reason: 13
W20230707 08:46:41.121243 49596 event_listener.cc:132] [event_listener/stall_cond_changed] column family: default write stall condition was changed, from normal to delay
I20230707 08:46:44.121225 49370 event_listener.cc:138] [event_listener/table_file_created] column family: metadata, file path: /nvme/jinghuan/node_40001/db/000049.sst, file size: 19237830, job id: 17, reason: flush, status: OK
I20230707 08:46:44.127772 49370 event_listener.cc:91] [event_listener/flush_completed] column family: metadata, thread_id: 49370, job_id: 17, file: /nvme/jinghuan/node_40001/db/000049.sst, reason: 13, is_write_slowdown: no, is_write_stall: no, largest seqno: 6295102, smallest seqno: 3147562
I20230707 08:46:44.172309 49370 event_listener.cc:84] [event_listener/flush_begin] column family: default, thread_id: 49370, job_id: 18, reason: 6
I20230707 08:46:44.817025 49369 event_listener.cc:138] [event_listener/table_file_created] column family: default, file path: /nvme/jinghuan/node_40001/db/000046.sst, file size: 76484314, job id: 15, reason: flush, status: OK
I20230707 08:46:44.823621 49369 event_listener.cc:91] [event_listener/flush_completed] column family: default, thread_id: 49369, job_id: 15, file: /nvme/jinghuan/node_40001/db/000046.sst, reason: 6, is_write_slowdown: no, is_write_stall: no, largest seqno: 6096650, smallest seqno: 5436795
W20230707 08:46:44.824028 49369 event_listener.cc:132] [event_listener/stall_cond_changed] column family: default write stall condition was changed, from stop to normal
W20230707 08:46:44.824203 49596 event_listener.cc:132] [event_listener/stall_cond_changed] column family: default write stall condition was changed, from delay to stop
W20230707 08:46:46.210374 49597 event_listener.cc:132] [event_listener/stall_cond_changed] column family: default write stall condition was changed, from normal to delay
I20230707 08:46:47.659416 49369 event_listener.cc:84] [event_listener/flush_begin] column family: default, thread_id: 49369, job_id: 19, reason: 6
I20230707 08:46:52.329010 49370 event_listener.cc:138] [event_listener/table_file_created] column family: default, file path: /nvme/jinghuan/node_40001/db/000052.sst, file size: 83083065, job id: 18, reason: flush, status: OK
I20230707 08:46:52.344614 49370 event_listener.cc:91] [event_listener/flush_completed] column family: default, thread_id: 49370, job_id: 18, file: /nvme/jinghuan/node_40001/db/000052.sst, reason: 6, is_write_slowdown: no, is_write_stall: no, largest seqno: 6813432, smallest seqno: 6096652
W20230707 08:46:52.345057 49370 event_listener.cc:132] [event_listener/stall_cond_changed] column family: default write stall condition was changed, from stop to normal
W20230707 08:46:52.356475 49597 event_listener.cc:132] [event_listener/stall_cond_changed] column family: default write stall condition was changed, from delay to stop
I20230707 08:46:52.724643 49368 event_listener.cc:138] [event_listener/table_file_created] column family: default, file path: /nvme/jinghuan/node_40001/db/000045.sst, file size: 138697521, job id: 11, reason: compaction, status: OK
W20230707 08:46:53.476275 49600 event_listener.cc:132] [event_listener/stall_cond_changed] column family: default write stall condition was changed, from normal to delay
I20230707 08:46:54.712508 49370 event_listener.cc:84] [event_listener/flush_begin] column family: default, thread_id: 49370, job_id: 20, reason: 6
I20230707 08:46:56.030588 49369 event_listener.cc:138] [event_listener/table_file_created] column family: default, file path: /nvme/jinghuan/node_40001/db/000055.sst, file size: 84805857, job id: 19, reason: flush, status: OK
I20230707 08:46:56.043366 49369 event_listener.cc:91] [event_listener/flush_completed] column family: default, thread_id: 49369, job_id: 19, file: /nvme/jinghuan/node_40001/db/000055.sst, reason: 6, is_write_slowdown: no, is_write_stall: no, largest seqno: 7545108, smallest seqno: 6813434
W20230707 08:46:56.043490 49369 event_listener.cc:132] [event_listener/stall_cond_changed] column family: default write stall condition was changed, from stop to normal
W20230707 08:46:56.044132 49603 event_listener.cc:132] [event_listener/stall_cond_changed] column family: default write stall condition was changed, from delay to stop
W20230707 08:46:57.405719 49596 event_listener.cc:132] [event_listener/stall_cond_changed] column family: default write stall condition was changed, from normal to delay
I20230707 08:46:57.427590 49368 event_listener.cc:138] [event_listener/table_file_created] column family: default, file path: /nvme/jinghuan/node_40001/db/000056.sst, file size: 39939885, job id: 11, reason: compaction, status: OK
I20230707 08:46:57.450286 49368 event_listener.cc:71] [event_listener/compaction_completed] column family: default, compaction reason: 1, output compression type: no, base input level(files): 0(4), output level(files): 1(3), input bytes: 317518538, output bytes:317366849, is_manual_compaction:no, elapsed(micro): 34611287
I20230707 08:46:57.456861 49368 event_listener.cc:71] [event_listener/compaction_completed] column family: default, compaction reason: 2, output compression type: no, base input level(files): 1(1), output level(files): 2(1), input bytes: 0, output bytes:0, is_manual_compaction:no, elapsed(micro): 0
I20230707 08:46:58.831974 49369 event_listener.cc:84] [event_listener/flush_begin] column family: default, thread_id: 49369, job_id: 22, reason: 6
I20230707 08:47:01.533789 49370 event_listener.cc:138] [event_listener/table_file_created] column family: default, file path: /nvme/jinghuan/node_40001/db/000059.sst, file size: 76162500, job id: 20, reason: flush, status: OK
I20230707 08:47:01.541155 49370 event_listener.cc:91] [event_listener/flush_completed] column family: default, thread_id: 49370, job_id: 20, file: /nvme/jinghuan/node_40001/db/000059.sst, reason: 6, is_write_slowdown: no, is_write_stall: no, largest seqno: 8202193, smallest seqno: 7545110
W20230707 08:47:01.541213 49370 event_listener.cc:132] [event_listener/stall_cond_changed] column family: default write stall condition was changed, from stop to normal
W20230707 08:47:01.541685 49596 event_listener.cc:132] [event_listener/stall_cond_changed] column family: default write stall condition was changed, from delay to stop
W20230707 08:47:02.879618 49602 event_listener.cc:132] [event_listener/stall_cond_changed] column family: default write stall condition was changed, from normal to delay
I20230707 08:47:03.478289 49370 event_listener.cc:84] [event_listener/flush_begin] column family: metadata, thread_id: 49370, job_id: 24, reason: 13
I20230707 08:47:05.334113 49370 event_listener.cc:138] [event_listener/table_file_created] column family: metadata, file path: /nvme/jinghuan/node_40001/db/000066.sst, file size: 19219028, job id: 24, reason: flush, status: OK
I20230707 08:47:05.342705 49370 event_listener.cc:91] [event_listener/flush_completed] column family: metadata, thread_id: 49370, job_id: 24, file: /nvme/jinghuan/node_40001/db/000066.sst, reason: 13, is_write_slowdown: no, is_write_stall: no, largest seqno: 9442620, smallest seqno: 6295113
I20230707 08:47:05.360221 49370 event_listener.cc:84] [event_listener/flush_begin] column family: default, thread_id: 49370, job_id: 25, reason: 6
I20230707 08:47:06.637593 49369 event_listener.cc:138] [event_listener/table_file_created] column family: default, file path: /nvme/jinghuan/node_40001/db/000062.sst, file size: 82969378, job id: 22, reason: flush, status: OK
I20230707 08:47:06.650522 49369 event_listener.cc:91] [event_listener/flush_completed] column family: default, thread_id: 49369, job_id: 22, file: /nvme/jinghuan/node_40001/db/000062.sst, reason: 6, is_write_slowdown: no, is_write_stall: no, largest seqno: 8918018, smallest seqno: 8202195
W20230707 08:47:06.650703 49369 event_listener.cc:132] [event_listener/stall_cond_changed] column family: default write stall condition was changed, from stop to normal
W20230707 08:47:06.650888 49601 event_listener.cc:132] [event_listener/stall_cond_changed] column family: default write stall condition was changed, from delay to stop
W20230707 08:47:07.961967 49601 event_listener.cc:132] [event_listener/stall_cond_changed] column family: default write stall condition was changed, from normal to delay
I20230707 08:47:09.333040 49369 event_listener.cc:84] [event_listener/flush_begin] column family: default, thread_id: 49369, job_id: 26, reason: 6
I20230707 08:47:13.243428 49370 event_listener.cc:138] [event_listener/table_file_created] column family: default, file path: /nvme/jinghuan/node_40001/db/000068.sst, file size: 84854384, job id: 25, reason: flush, status: OK
I20230707 08:47:13.259864 49370 event_listener.cc:91] [event_listener/flush_completed] column family: default, thread_id: 49370, job_id: 25, file: /nvme/jinghuan/node_40001/db/000068.sst, reason: 6, is_write_slowdown: no, is_write_stall: no, largest seqno: 9650090, smallest seqno: 8918020
W20230707 08:47:13.260308 49370 event_listener.cc:132] [event_listener/stall_cond_changed] column family: default write stall condition was changed, from stop to normal
W20230707 08:47:13.260493 49602 event_listener.cc:132] [event_listener/stall_cond_changed] column family: default write stall condition was changed, from delay to stop
W20230707 08:47:14.453891 49596 event_listener.cc:132] [event_listener/stall_cond_changed] column family: default write stall condition was changed, from normal to delay
I20230707 08:47:15.682328 49370 event_listener.cc:84] [event_listener/flush_begin] column family: default, thread_id: 49370, job_id: 27, reason: 6
I20230707 08:47:17.143024 49369 event_listener.cc:138] [event_listener/table_file_created] column family: default, file path: /nvme/jinghuan/node_40001/db/000071.sst, file size: 85000336, job id: 26, reason: flush, status: OK
I20230707 08:47:17.159586 49369 event_listener.cc:91] [event_listener/flush_completed] column family: default, thread_id: 49369, job_id: 26, file: /nvme/jinghuan/node_40001/db/000071.sst, reason: 6, is_write_slowdown: no, is_write_stall: no, largest seqno: 10383471, smallest seqno: 9650092
W20230707 08:47:17.159680 49369 event_listener.cc:132] [event_listener/stall_cond_changed] column family: default write stall condition was changed, from stop to normal
W20230707 08:47:17.160138 49597 event_listener.cc:132] [event_listener/stall_cond_changed] column family: default write stall condition was changed, from delay to stop
W20230707 08:47:18.454329 49602 event_listener.cc:132] [event_listener/stall_cond_changed] column family: default write stall condition was changed, from normal to delay
I20230707 08:47:19.807358 49369 event_listener.cc:84] [event_listener/flush_begin] column family: default, thread_id: 49369, job_id: 28, reason: 6
I20230707 08:47:20.739281 49367 event_listener.cc:138] [event_listener/table_file_created] column family: default, file path: /nvme/jinghuan/node_40001/db/000047.sst, file size: 312545638, job id: 16, reason: compaction, status: OK
I20230707 08:47:20.765053 49367 event_listener.cc:71] [event_listener/compaction_completed] column family: default, compaction reason: 1, output compression type: no, base input level(files): 0(4), output level(files): 0(1), input bytes: 312661249, output bytes:312545638, is_manual_compaction:no, elapsed(micro): 40998623
I20230707 08:47:20.777424 49367 event_listener.cc:127] [event_listener/table_file_deleted] db: /nvme/jinghuan/node_40001/db, sst file: /nvme/jinghuan/node_40001/db/000026.sst, status: OK
I20230707 08:47:20.783408 49367 event_listener.cc:127] [event_listener/table_file_deleted] db: /nvme/jinghuan/node_40001/db, sst file: /nvme/jinghuan/node_40001/db/000023.sst, status: OK
I20230707 08:47:20.789631 49367 event_listener.cc:127] [event_listener/table_file_deleted] db: /nvme/jinghuan/node_40001/db, sst file: /nvme/jinghuan/node_40001/db/000020.sst, status: OK
I20230707 08:47:20.796495 49367 event_listener.cc:127] [event_listener/table_file_deleted] db: /nvme/jinghuan/node_40001/db, sst file: /nvme/jinghuan/node_40001/db/000017.sst, status: OK
I20230707 08:47:22.548417 49370 event_listener.cc:138] [event_listener/table_file_created] column family: default, file path: /nvme/jinghuan/node_40001/db/000074.sst, file size: 76488514, job id: 27, reason: flush, status: OK
I20230707 08:47:22.563969 49370 event_listener.cc:91] [event_listener/flush_completed] column family: default, thread_id: 49370, job_id: 27, file: /nvme/jinghuan/node_40001/db/000074.sst, reason: 6, is_write_slowdown: no, is_write_stall: no, largest seqno: 11043361, smallest seqno: 10383473
W20230707 08:47:22.564260 49370 event_listener.cc:132] [event_listener/stall_cond_changed] column family: default write stall condition was changed, from stop to normal
W20230707 08:47:22.564679 49601 event_listener.cc:132] [event_listener/stall_cond_changed] column family: default write stall condition was changed, from delay to stop
W20230707 08:47:23.859314 49600 event_listener.cc:132] [event_listener/stall_cond_changed] column family: default write stall condition was changed, from normal to delay
I20230707 08:47:25.268462 49370 event_listener.cc:84] [event_listener/flush_begin] column family: default, thread_id: 49370, job_id: 31, reason: 6
I20230707 08:47:27.150647 49369 event_listener.cc:138] [event_listener/table_file_created] column family: default, file path: /nvme/jinghuan/node_40001/db/000077.sst, file size: 85039204, job id: 28, reason: flush, status: OK
I20230707 08:47:27.163125 49369 event_listener.cc:91] [event_listener/flush_completed] column family: default, thread_id: 49369, job_id: 28, file: /nvme/jinghuan/node_40001/db/000077.sst, reason: 6, is_write_slowdown: no, is_write_stall: no, largest seqno: 11777039, smallest seqno: 11043363
W20230707 08:47:27.163170 49369 event_listener.cc:132] [event_listener/stall_cond_changed] column family: default write stall condition was changed, from stop to normal
W20230707 08:47:27.163528 49597 event_listener.cc:132] [event_listener/stall_cond_changed] column family: default write stall condition was changed, from delay to stop
I20230707 08:47:27.458998 49369 event_listener.cc:84] [event_listener/flush_begin] column family: metadata, thread_id: 49369, job_id: 32, reason: 13
W20230707 08:47:28.296764 49596 event_listener.cc:132] [event_listener/stall_cond_changed] column family: default write stall condition was changed, from normal to delay
I20230707 08:47:29.650350 49369 event_listener.cc:138] [event_listener/table_file_created] column family: metadata, file path: /nvme/jinghuan/node_40001/db/000083.sst, file size: 19220738, job id: 32, reason: flush, status: OK
I20230707 08:47:29.656786 49369 event_listener.cc:91] [event_listener/flush_completed] column family: metadata, thread_id: 49369, job_id: 32, file: /nvme/jinghuan/node_40001/db/000083.sst, reason: 13, is_write_slowdown: no, is_write_stall: no, largest seqno: 12590204, smallest seqno: 9442631
I20230707 08:47:29.699590 49369 event_listener.cc:84] [event_listener/flush_begin] column family: default, thread_id: 49369, job_id: 33, reason: 6
I20230707 08:47:33.455893 49370 event_listener.cc:138] [event_listener/table_file_created] column family: default, file path: /nvme/jinghuan/node_40001/db/000081.sst, file size: 84879057, job id: 31, reason: flush, status: OK
I20230707 08:47:33.468453 49370 event_listener.cc:91] [event_listener/flush_completed] column family: default, thread_id: 49370, job_id: 31, file: /nvme/jinghuan/node_40001/db/000081.sst, reason: 6, is_write_slowdown: no, is_write_stall: no, largest seqno: 12509386, smallest seqno: 11777041
W20230707 08:47:33.468796 49370 event_listener.cc:132] [event_listener/stall_cond_changed] column family: default write stall condition was changed, from stop to normal
W20230707 08:47:33.469038 49601 event_listener.cc:132] [event_listener/stall_cond_changed] column family: default write stall condition was changed, from delay to stop
W20230707 08:47:34.854398 49599 event_listener.cc:132] [event_listener/stall_cond_changed] column family: default write stall condition was changed, from normal to delay
I20230707 08:47:35.956219 49369 event_listener.cc:138] [event_listener/table_file_created] column family: default, file path: /nvme/jinghuan/node_40001/db/000086.sst, file size: 76739318, job id: 33, reason: flush, status: OK
I20230707 08:47:35.968998 49369 event_listener.cc:91] [event_listener/flush_completed] column family: default, thread_id: 49369, job_id: 33, file: /nvme/jinghuan/node_40001/db/000086.sst, reason: 6, is_write_slowdown: no, is_write_stall: no, largest seqno: 13171476, smallest seqno: 12509388
W20230707 08:47:35.969152 49369 event_listener.cc:132] [event_listener/stall_cond_changed] column family: default write stall condition was changed, from delay to normal
I20230707 08:47:36.198707 49370 event_listener.cc:84] [event_listener/flush_begin] column family: default, thread_id: 49370, job_id: 34, reason: 6
I20230707 08:47:36.453644 49368 event_listener.cc:138] [event_listener/table_file_created] column family: default, file path: /nvme/jinghuan/node_40001/db/000063.sst, file size: 320405258, job id: 23, reason: compaction, status: OK
I20230707 08:47:36.477975 49368 event_listener.cc:71] [event_listener/compaction_completed] column family: default, compaction reason: 1, output compression type: no, base input level(files): 0(4), output level(files): 0(1), input bytes: 320535736, output bytes:320405258, is_manual_compaction:no, elapsed(micro): 34912403
I20230707 08:47:36.489758 49368 event_listener.cc:127] [event_listener/table_file_deleted] db: /nvme/jinghuan/node_40001/db, sst file: /nvme/jinghuan/node_40001/db/000042.sst, status: OK
I20230707 08:47:36.495476 49368 event_listener.cc:127] [event_listener/table_file_deleted] db: /nvme/jinghuan/node_40001/db, sst file: /nvme/jinghuan/node_40001/db/000039.sst, status: OK
I20230707 08:47:36.503216 49368 event_listener.cc:127] [event_listener/table_file_deleted] db: /nvme/jinghuan/node_40001/db, sst file: /nvme/jinghuan/node_40001/db/000036.sst, status: OK
I20230707 08:47:36.508869 49368 event_listener.cc:127] [event_listener/table_file_deleted] db: /nvme/jinghuan/node_40001/db, sst file: /nvme/jinghuan/node_40001/db/000031.sst, status: OK
W20230707 08:47:37.467012 49598 event_listener.cc:132] [event_listener/stall_cond_changed] column family: default write stall condition was changed, from normal to delay
I20230707 08:47:38.854588 49369 event_listener.cc:84] [event_listener/flush_begin] column family: default, thread_id: 49369, job_id: 37, reason: 6
I20230707 08:47:43.456086 49370 event_listener.cc:138] [event_listener/table_file_created] column family: default, file path: /nvme/jinghuan/node_40001/db/000089.sst, file size: 84925784, job id: 34, reason: flush, status: OK
I20230707 08:47:43.463888 49370 event_listener.cc:91] [event_listener/flush_completed] column family: default, thread_id: 49370, job_id: 34, file: /nvme/jinghuan/node_40001/db/000089.sst, reason: 6, is_write_slowdown: no, is_write_stall: no, largest seqno: 13904175, smallest seqno: 13171478
W20230707 08:47:43.463936 49370 event_listener.cc:132] [event_listener/stall_cond_changed] column family: default write stall condition was changed, from stop to normal
W20230707 08:47:43.464303 49598 event_listener.cc:132] [event_listener/stall_cond_changed] column family: default write stall condition was changed, from delay to stop
I20230707 08:47:44.560175 49368 event_listener.cc:138] [event_listener/table_file_created] column family: metadata, file path: /nvme/jinghuan/node_40001/db/000090.sst, file size: 76273579, job id: 36, reason: compaction, status: OK
I20230707 08:47:44.571825 49368 event_listener.cc:71] [event_listener/compaction_completed] column family: metadata, compaction reason: 1, output compression type: no, base input level(files): 0(4), output level(files): 1(1), input bytes: 76921229, output bytes:76273579, is_manual_compaction:no, elapsed(micro): 8051323
I20230707 08:47:44.574826 49368 event_listener.cc:127] [event_listener/table_file_deleted] db: /nvme/jinghuan/node_40001/db, sst file: /nvme/jinghuan/node_40001/db/000066.sst, status: OK
I20230707 08:47:44.577455 49368 event_listener.cc:127] [event_listener/table_file_deleted] db: /nvme/jinghuan/node_40001/db, sst file: /nvme/jinghuan/node_40001/db/000049.sst, status: OK
I20230707 08:47:44.579455 49368 event_listener.cc:127] [event_listener/table_file_deleted] db: /nvme/jinghuan/node_40001/db, sst file: /nvme/jinghuan/node_40001/db/000032.sst, status: OK
W20230707 08:47:44.764443 49599 event_listener.cc:132] [event_listener/stall_cond_changed] column family: default write stall condition was changed, from normal to delay
I20230707 08:47:45.858985 49369 event_listener.cc:138] [event_listener/table_file_created] column family: default, file path: /nvme/jinghuan/node_40001/db/000093.sst, file size: 85049367, job id: 37, reason: flush, status: OK
I20230707 08:47:45.865417 49369 event_listener.cc:91] [event_listener/flush_completed] column family: default, thread_id: 49369, job_id: 37, file: /nvme/jinghuan/node_40001/db/000093.sst, reason: 6, is_write_slowdown: no, is_write_stall: no, largest seqno: 14637930, smallest seqno: 13904177
W20230707 08:47:45.865463 49369 event_listener.cc:132] [event_listener/stall_cond_changed] column family: default write stall condition was changed, from delay to normal
I20230707 08:47:46.101356 49370 event_listener.cc:84] [event_listener/flush_begin] column family: default, thread_id: 49370, job_id: 39, reason: 6
W20230707 08:47:47.360522 49599 event_listener.cc:132] [event_listener/stall_cond_changed] column family: default write stall condition was changed, from normal to delay
I20230707 08:47:47.408377 49369 event_listener.cc:84] [event_listener/flush_begin] column family: metadata, thread_id: 49369, job_id: 40, reason: 13
I20230707 08:47:49.164558 49369 event_listener.cc:138] [event_listener/table_file_created] column family: metadata, file path: /nvme/jinghuan/node_40001/db/000100.sst, file size: 19250591, job id: 40, reason: flush, status: OK
I20230707 08:47:49.170845 49369 event_listener.cc:91] [event_listener/flush_completed] column family: metadata, thread_id: 49369, job_id: 40, file: /nvme/jinghuan/node_40001/db/000100.sst, reason: 13, is_write_slowdown: no, is_write_stall: no, largest seqno: 15737810, smallest seqno: 12590215
I20230707 08:47:49.198895 49369 event_listener.cc:84] [event_listener/flush_begin] column family: default, thread_id: 49369, job_id: 41, reason: 6
I20230707 08:47:53.566731 49370 event_listener.cc:138] [event_listener/table_file_created] column family: default, file path: /nvme/jinghuan/node_40001/db/000097.sst, file size: 84885877, job id: 39, reason: flush, status: OK
I20230707 08:47:53.578799 49370 event_listener.cc:91] [event_listener/flush_completed] column family: default, thread_id: 49370, job_id: 39, file: /nvme/jinghuan/node_40001/db/000097.sst, reason: 6, is_write_slowdown: no, is_write_stall: no, largest seqno: 15370321, smallest seqno: 14637932
W20230707 08:47:53.578972 49370 event_listener.cc:132] [event_listener/stall_cond_changed] column family: default write stall condition was changed, from stop to normal
W20230707 08:47:53.579175 49601 event_listener.cc:132] [event_listener/stall_cond_changed] column family: default write stall condition was changed, from delay to stop
I20230707 08:47:54.962718 49367 event_listener.cc:138] [event_listener/table_file_created] column family: default, file path: /nvme/jinghuan/node_40001/db/000078.sst, file size: 329150061, job id: 30, reason: compaction, status: OK
I20230707 08:47:54.982524 49367 event_listener.cc:71] [event_listener/compaction_completed] column family: default, compaction reason: 1, output compression type: no, base input level(files): 0(4), output level(files): 0(1), input bytes: 329312612, output bytes:329150061, is_manual_compaction:no, elapsed(micro): 32398524
I20230707 08:47:54.985455 49367 event_listener.cc:127] [event_listener/table_file_deleted] db: /nvme/jinghuan/node_40001/db, sst file: /nvme/jinghuan/node_40001/db/000083.sst, status: OK
W20230707 08:47:54.988767 49596 event_listener.cc:132] [event_listener/stall_cond_changed] column family: default write stall condition was changed, from normal to delay
I20230707 08:47:54.995208 49367 event_listener.cc:127] [event_listener/table_file_deleted] db: /nvme/jinghuan/node_40001/db, sst file: /nvme/jinghuan/node_40001/db/000059.sst, status: OK
I20230707 08:47:55.001283 49367 event_listener.cc:127] [event_listener/table_file_deleted] db: /nvme/jinghuan/node_40001/db, sst file: /nvme/jinghuan/node_40001/db/000055.sst, status: OK
I20230707 08:47:55.008927 49367 event_listener.cc:127] [event_listener/table_file_deleted] db: /nvme/jinghuan/node_40001/db, sst file: /nvme/jinghuan/node_40001/db/000052.sst, status: OK
I20230707 08:47:55.014313 49367 event_listener.cc:127] [event_listener/table_file_deleted] db: /nvme/jinghuan/node_40001/db, sst file: /nvme/jinghuan/node_40001/db/000046.sst, status: OK
I20230707 08:47:55.570071 49369 event_listener.cc:138] [event_listener/table_file_created] column family: default, file path: /nvme/jinghuan/node_40001/db/000102.sst, file size: 85042107, job id: 41, reason: flush, status: OK
I20230707 08:47:55.582211 49369 event_listener.cc:91] [event_listener/flush_completed] column family: default, thread_id: 49369, job_id: 41, file: /nvme/jinghuan/node_40001/db/000102.sst, reason: 6, is_write_slowdown: no, is_write_stall: no, largest seqno: 16104054, smallest seqno: 15370323
W20230707 08:47:55.582283 49369 event_listener.cc:132] [event_listener/stall_cond_changed] column family: default write stall condition was changed, from delay to normal
I20230707 08:47:56.473119 49370 event_listener.cc:84] [event_listener/flush_begin] column family: default, thread_id: 49370, job_id: 45, reason: 6
W20230707 08:47:57.841606 49596 event_listener.cc:132] [event_listener/stall_cond_changed] column family: default write stall condition was changed, from normal to delay
I20230707 08:47:59.320859 49369 event_listener.cc:84] [event_listener/flush_begin] column family: default, thread_id: 49369, job_id: 48, reason: 6
I20230707 08:48:00.768453 49370 event_listener.cc:138] [event_listener/table_file_created] column family: default, file path: /nvme/jinghuan/node_40001/db/000105.sst, file size: 82810038, job id: 45, reason: flush, status: OK
I20230707 08:48:00.774768 49370 event_listener.cc:91] [event_listener/flush_completed] column family: default, thread_id: 49370, job_id: 45, file: /nvme/jinghuan/node_40001/db/000105.sst, reason: 6, is_write_slowdown: no, is_write_stall: no, largest seqno: 16818515, smallest seqno: 16104056
W20230707 08:48:00.774935 49370 event_listener.cc:132] [event_listener/stall_cond_changed] column family: default write stall condition was changed, from stop to normal
W20230707 08:48:00.775305 49596 event_listener.cc:132] [event_listener/stall_cond_changed] column family: default write stall condition was changed, from delay to stop
W20230707 08:48:02.211666 49603 event_listener.cc:132] [event_listener/stall_cond_changed] column family: default write stall condition was changed, from normal to delay
I20230707 08:48:03.716791 49370 event_listener.cc:84] [event_listener/flush_begin] column family: default, thread_id: 49370, job_id: 50, reason: 6
I20230707 08:48:03.769328 49369 event_listener.cc:138] [event_listener/table_file_created] column family: default, file path: /nvme/jinghuan/node_40001/db/000108.sst, file size: 83040237, job id: 48, reason: flush, status: OK
I20230707 08:48:03.780494 49369 event_listener.cc:91] [event_listener/flush_completed] column family: default, thread_id: 49369, job_id: 48, file: /nvme/jinghuan/node_40001/db/000108.sst, reason: 6, is_write_slowdown: no, is_write_stall: no, largest seqno: 17534934, smallest seqno: 16818517
W20230707 08:48:03.780552 49369 event_listener.cc:132] [event_listener/stall_cond_changed] column family: default write stall condition was changed, from stop to normal
W20230707 08:48:03.780820 49603 event_listener.cc:132] [event_listener/stall_cond_changed] column family: default write stall condition was changed, from delay to stop
W20230707 08:48:05.112390 49598 event_listener.cc:132] [event_listener/stall_cond_changed] column family: default write stall condition was changed, from normal to delay
I20230707 08:48:06.126593 49369 event_listener.cc:84] [event_listener/flush_begin] column family: metadata, thread_id: 49369, job_id: 51, reason: 13
I20230707 08:48:07.768092 49369 event_listener.cc:138] [event_listener/table_file_created] column family: metadata, file path: /nvme/jinghuan/node_40001/db/000115.sst, file size: 19249777, job id: 51, reason: flush, status: OK
I20230707 08:48:07.774426 49369 event_listener.cc:91] [event_listener/flush_completed] column family: metadata, thread_id: 49369, job_id: 51, file: /nvme/jinghuan/node_40001/db/000115.sst, reason: 13, is_write_slowdown: no, is_write_stall: no, largest seqno: 18885383, smallest seqno: 15737821
I20230707 08:48:07.788022 49369 event_listener.cc:84] [event_listener/flush_begin] column family: default, thread_id: 49369, job_id: 52, reason: 6
I20230707 08:48:09.768685 49368 event_listener.cc:138] [event_listener/table_file_created] column family: default, file path: /nvme/jinghuan/node_40001/db/000094.sst, file size: 331468205, job id: 38, reason: compaction, status: OK
I20230707 08:48:09.789366 49370 event_listener.cc:138] [event_listener/table_file_created] column family: default, file path: /nvme/jinghuan/node_40001/db/000112.sst, file size: 82968726, job id: 50, reason: flush, status: OK
I20230707 08:48:09.789739 49368 event_listener.cc:71] [event_listener/compaction_completed] column family: default, compaction reason: 1, output compression type: no, base input level(files): 0(4), output level(files): 0(1), input bytes: 331583363, output bytes:331468205, is_manual_compaction:no, elapsed(micro): 25189239
I20230707 08:48:09.797369 49370 event_listener.cc:91] [event_listener/flush_completed] column family: default, thread_id: 49370, job_id: 50, file: /nvme/jinghuan/node_40001/db/000112.sst, reason: 6, is_write_slowdown: no, is_write_stall: no, largest seqno: 18250737, smallest seqno: 17534936
W20230707 08:48:09.797633 49370 event_listener.cc:132] [event_listener/stall_cond_changed] column family: default write stall condition was changed, from stop to normal
W20230707 08:48:09.797926 49597 event_listener.cc:132] [event_listener/stall_cond_changed] column family: default write stall condition was changed, from delay to stop
I20230707 08:48:09.799018 49368 event_listener.cc:127] [event_listener/table_file_deleted] db: /nvme/jinghuan/node_40001/db, sst file: /nvme/jinghuan/node_40001/db/000074.sst, status: OK
I20230707 08:48:09.805058 49368 event_listener.cc:127] [event_listener/table_file_deleted] db: /nvme/jinghuan/node_40001/db, sst file: /nvme/jinghuan/node_40001/db/000071.sst, status: OK
I20230707 08:48:09.812804 49368 event_listener.cc:127] [event_listener/table_file_deleted] db: /nvme/jinghuan/node_40001/db, sst file: /nvme/jinghuan/node_40001/db/000068.sst, status: OK
I20230707 08:48:09.818610 49368 event_listener.cc:127] [event_listener/table_file_deleted] db: /nvme/jinghuan/node_40001/db, sst file: /nvme/jinghuan/node_40001/db/000062.sst, status: OK
W20230707 08:48:11.114701 49602 event_listener.cc:132] [event_listener/stall_cond_changed] column family: default write stall condition was changed, from normal to delay
I20230707 08:48:11.678221 49369 event_listener.cc:138] [event_listener/table_file_created] column family: default, file path: /nvme/jinghuan/node_40001/db/000117.sst, file size: 85047485, job id: 52, reason: flush, status: OK
I20230707 08:48:11.684497 49369 event_listener.cc:91] [event_listener/flush_completed] column family: default, thread_id: 49369, job_id: 52, file: /nvme/jinghuan/node_40001/db/000117.sst, reason: 6, is_write_slowdown: no, is_write_stall: no, largest seqno: 18984503, smallest seqno: 18250739
W20230707 08:48:11.684559 49369 event_listener.cc:132] [event_listener/stall_cond_changed] column family: default write stall condition was changed, from delay to normal
I20230707 08:48:12.487170 49370 event_listener.cc:84] [event_listener/flush_begin] column family: default, thread_id: 49370, job_id: 57, reason: 6
W20230707 08:48:13.743999 49602 event_listener.cc:132] [event_listener/stall_cond_changed] column family: default write stall condition was changed, from normal to delay
I20230707 08:48:15.116024 49369 event_listener.cc:84] [event_listener/flush_begin] column family: default, thread_id: 49369, job_id: 60, reason: 6
I20230707 08:48:15.677793 49370 event_listener.cc:138] [event_listener/table_file_created] column family: default, file path: /nvme/jinghuan/node_40001/db/000120.sst, file size: 84962480, job id: 57, reason: flush, status: OK
I20230707 08:48:15.684140 49370 event_listener.cc:91] [event_listener/flush_completed] column family: default, thread_id: 49370, job_id: 57, file: /nvme/jinghuan/node_40001/db/000120.sst, reason: 6, is_write_slowdown: no, is_write_stall: no, largest seqno: 19717543, smallest seqno: 18984505
W20230707 08:48:15.684298 49370 event_listener.cc:132] [event_listener/stall_cond_changed] column family: default write stall condition was changed, from stop to normal
W20230707 08:48:15.684712 49601 event_listener.cc:132] [event_listener/stall_cond_changed] column family: default write stall condition was changed, from delay to stop
W20230707 08:48:16.866302 49603 event_listener.cc:132] [event_listener/stall_cond_changed] column family: default write stall condition was changed, from normal to delay
I20230707 08:48:18.126113 49370 event_listener.cc:84] [event_listener/flush_begin] column family: default, thread_id: 49370, job_id: 62, reason: 6
I20230707 08:48:19.384361 49369 event_listener.cc:138] [event_listener/table_file_created] column family: default, file path: /nvme/jinghuan/node_40001/db/000123.sst, file size: 85048168, job id: 60, reason: flush, status: OK
I20230707 08:48:19.401101 49369 event_listener.cc:91] [event_listener/flush_completed] column family: default, thread_id: 49369, job_id: 60, file: /nvme/jinghuan/node_40001/db/000123.sst, reason: 6, is_write_slowdown: no, is_write_stall: no, largest seqno: 20451298, smallest seqno: 19717545
W20230707 08:48:19.401196 49369 event_listener.cc:132] [event_listener/stall_cond_changed] column family: default write stall condition was changed, from stop to normal
W20230707 08:48:19.403304 49602 event_listener.cc:132] [event_listener/stall_cond_changed] column family: default write stall condition was changed, from delay to stop
W20230707 08:48:20.600903 49603 event_listener.cc:132] [event_listener/stall_cond_changed] column family: default write stall condition was changed, from normal to delay
I20230707 08:48:21.857386 49369 event_listener.cc:84] [event_listener/flush_begin] column family: default, thread_id: 49369, job_id: 63, reason: 6
I20230707 08:48:23.078717 49370 event_listener.cc:138] [event_listener/table_file_created] column family: default, file path: /nvme/jinghuan/node_40001/db/000127.sst, file size: 75440192, job id: 62, reason: flush, status: OK
I20230707 08:48:23.084188 49370 event_listener.cc:91] [event_listener/flush_completed] column family: default, thread_id: 49370, job_id: 62, file: /nvme/jinghuan/node_40001/db/000127.sst, reason: 6, is_write_slowdown: no, is_write_stall: no, largest seqno: 21102157, smallest seqno: 20451300
W20230707 08:48:23.084240 49370 event_listener.cc:132] [event_listener/stall_cond_changed] column family: default write stall condition was changed, from stop to normal
W20230707 08:48:23.084618 49596 event_listener.cc:132] [event_listener/stall_cond_changed] column family: default write stall condition was changed, from delay to stop
I20230707 08:48:24.198513 49603 cluster.cc:923] function: Migrate parallel seek-and-insert
I20230707 08:48:24.198555 49603 slot_migrate_parallel.cc:32] [migrate] Start migrating slots, from slot: 0 to slot: 7910. Slots are moving to 0.0.0.0:40002
I20230707 08:48:24.198573 49603 cluster.cc:935] [cluster migration] Finished slot migration cmds sending, start to set nodes
I20230707 08:48:24.198590 49595 slot_migrate.cc:165] [migrate] Migrating slot: -1, dst_ip: 0.0.0.0, dst_port: 40002, max_speed: 0, max_pipeline_size: 16
