Log file created at: 2023/07/07 09:21:42
Running on machine: en4217754l
Running duration (h:mm:ss): 0:00:00
Log line format: [IWEF]yyyymmdd hh:mm:ss.uuuuuu threadid file:line] msg
I20230707 09:21:42.701139 52578 main.cc:328] kvrocks unstable (commit 4a10c89)
I20230707 09:21:43.094358 52578 storage.cc:322] [storage] Success to load the data from disk: 92 ms
I20230707 09:21:43.094930 52578 worker.cc:72] [worker] Listening on: 10.218.109.65:40002
I20230707 09:21:43.094955 52578 worker.cc:72] [worker] Listening on: 127.0.0.1:40002
I20230707 09:21:43.095165 52578 worker.cc:72] [worker] Listening on: 10.218.109.65:40002
I20230707 09:21:43.095185 52578 worker.cc:72] [worker] Listening on: 127.0.0.1:40002
I20230707 09:21:43.095340 52578 worker.cc:72] [worker] Listening on: 10.218.109.65:40002
I20230707 09:21:43.095358 52578 worker.cc:72] [worker] Listening on: 127.0.0.1:40002
I20230707 09:21:43.095516 52578 worker.cc:72] [worker] Listening on: 10.218.109.65:40002
I20230707 09:21:43.095538 52578 worker.cc:72] [worker] Listening on: 127.0.0.1:40002
I20230707 09:21:43.095677 52578 worker.cc:72] [worker] Listening on: 10.218.109.65:40002
I20230707 09:21:43.095695 52578 worker.cc:72] [worker] Listening on: 127.0.0.1:40002
I20230707 09:21:43.095832 52578 worker.cc:72] [worker] Listening on: 10.218.109.65:40002
I20230707 09:21:43.095850 52578 worker.cc:72] [worker] Listening on: 127.0.0.1:40002
I20230707 09:21:43.095984 52578 worker.cc:72] [worker] Listening on: 10.218.109.65:40002
I20230707 09:21:43.096000 52578 worker.cc:72] [worker] Listening on: 127.0.0.1:40002
I20230707 09:21:43.096134 52578 worker.cc:72] [worker] Listening on: 10.218.109.65:40002
I20230707 09:21:43.096151 52578 worker.cc:72] [worker] Listening on: 127.0.0.1:40002
W20230707 09:21:43.096266 52578 server.cc:1650] [server] Increased maximum number of open files to 14224 (it's originally set to 1024)
I20230707 09:21:43.096463 52578 cluster.cc:643] The cluster nodes file /nvme/jinghuan/node_40002/nodes.conf is not found. Use CLUSTERX subcommands to specify it.
I20230707 09:21:43.096479 52578 cluster.cc:643] The cluster nodes file /nvme/jinghuan/node_40002/nodes.conf is not found. Use CLUSTERX subcommands to specify it.
I20230707 09:21:43.099825 52578 worker.cc:519] [worker] Thread #140219735041792 started
I20230707 09:21:43.099865 52578 worker.cc:519] [worker] Thread #140219743434496 started
I20230707 09:21:43.099922 52578 worker.cc:519] [worker] Thread #140220170909440 started
I20230707 09:21:43.099977 52578 worker.cc:519] [worker] Thread #140220162516736 started
I20230707 09:21:43.100030 52578 worker.cc:519] [worker] Thread #140219810576128 started
I20230707 09:21:43.100083 52578 worker.cc:519] [worker] Thread #140219802183424 started
I20230707 09:21:43.100138 52578 worker.cc:519] [worker] Thread #140219793790720 started
I20230707 09:21:43.100190 52578 worker.cc:519] [worker] Thread #140219785398016 started
I20230707 09:21:43.100353 52578 server.cc:211] [server] Ready to accept connections
I20230707 09:21:43.735412 52821 cluster.cc:286] MASTER MODE enabled by cluster topology setting
I20230707 09:23:59.043915 52814 cluster.cc:387] [import] Start importing slot 1
I20230707 09:24:06.810690 52585 event_listener.cc:84] [event_listener/flush_begin] column family: default, thread_id: 52585, job_id: 3, reason: 6
I20230707 09:24:09.943907 52585 event_listener.cc:138] [event_listener/table_file_created] column family: default, file path: /nvme/jinghuan/node_40002/db/000016.sst, file size: 81765372, job id: 3, reason: flush, status: OK
I20230707 09:24:09.954834 52585 event_listener.cc:91] [event_listener/flush_completed] column family: default, thread_id: 52585, job_id: 3, file: /nvme/jinghuan/node_40002/db/000016.sst, reason: 6, is_write_slowdown: no, is_write_stall: no, largest seqno: 757396, smallest seqno: 3
I20230707 09:24:13.035537 52583 event_listener.cc:138] [event_listener/table_file_created] column family: default, file path: /nvme/jinghuan/node_40002/db/000017.sst, file size: 81765368, job id: 4, reason: compaction, status: OK
I20230707 09:24:13.046461 52583 event_listener.cc:71] [event_listener/compaction_completed] column family: default, compaction reason: 11, output compression type: no, base input level(files): 0(1), output level(files): 0(1), input bytes: 81765372, output bytes:81765368, is_manual_compaction:no, elapsed(micro): 3080754
I20230707 09:24:13.053287 52583 event_listener.cc:127] [event_listener/table_file_deleted] db: /nvme/jinghuan/node_40002/db, sst file: /nvme/jinghuan/node_40002/db/000016.sst, status: OK
I20230707 09:24:13.462088 52586 event_listener.cc:84] [event_listener/flush_begin] column family: default, thread_id: 52586, job_id: 5, reason: 6
I20230707 09:24:16.396793 52586 event_listener.cc:138] [event_listener/table_file_created] column family: default, file path: /nvme/jinghuan/node_40002/db/000020.sst, file size: 79368885, job id: 5, reason: flush, status: OK
I20230707 09:24:16.407893 52586 event_listener.cc:91] [event_listener/flush_completed] column family: default, thread_id: 52586, job_id: 5, file: /nvme/jinghuan/node_40002/db/000020.sst, reason: 6, is_write_slowdown: no, is_write_stall: no, largest seqno: 1482193, smallest seqno: 757398
I20230707 09:24:19.896432 52585 event_listener.cc:84] [event_listener/flush_begin] column family: default, thread_id: 52585, job_id: 6, reason: 6
I20230707 09:24:22.718376 52585 event_listener.cc:138] [event_listener/table_file_created] column family: default, file path: /nvme/jinghuan/node_40002/db/000023.sst, file size: 76129051, job id: 6, reason: flush, status: OK
I20230707 09:24:22.724224 52585 event_listener.cc:91] [event_listener/flush_completed] column family: default, thread_id: 52585, job_id: 6, file: /nvme/jinghuan/node_40002/db/000023.sst, reason: 6, is_write_slowdown: no, is_write_stall: no, largest seqno: 2172782, smallest seqno: 1482195
I20230707 09:24:26.181123 52586 event_listener.cc:84] [event_listener/flush_begin] column family: default, thread_id: 52586, job_id: 7, reason: 6
I20230707 09:24:29.007239 52586 event_listener.cc:138] [event_listener/table_file_created] column family: default, file path: /nvme/jinghuan/node_40002/db/000026.sst, file size: 76046133, job id: 7, reason: flush, status: OK
I20230707 09:24:29.028939 52586 event_listener.cc:91] [event_listener/flush_completed] column family: default, thread_id: 52586, job_id: 7, file: /nvme/jinghuan/node_40002/db/000026.sst, reason: 6, is_write_slowdown: no, is_write_stall: no, largest seqno: 2858652, smallest seqno: 2172784
I20230707 09:24:29.275060 52585 event_listener.cc:84] [event_listener/flush_begin] column family: metadata, thread_id: 52585, job_id: 9, reason: 13
I20230707 09:24:31.001228 52585 event_listener.cc:138] [event_listener/table_file_created] column family: metadata, file path: /nvme/jinghuan/node_40002/db/000030.sst, file size: 24197359, job id: 9, reason: flush, status: OK
I20230707 09:24:31.007601 52585 event_listener.cc:91] [event_listener/flush_completed] column family: metadata, thread_id: 52585, job_id: 9, file: /nvme/jinghuan/node_40002/db/000030.sst, reason: 13, is_write_slowdown: no, is_write_stall: no, largest seqno: 3194444, smallest seqno: 1
I20230707 09:24:32.760629 52586 event_listener.cc:84] [event_listener/flush_begin] column family: default, thread_id: 52586, job_id: 10, reason: 6
W20230707 09:24:35.804781 52820 event_listener.cc:132] [event_listener/stall_cond_changed] column family: default write stall condition was changed, from normal to delay
I20230707 09:24:38.208135 52583 event_listener.cc:138] [event_listener/table_file_created] column family: metadata, file path: /nvme/jinghuan/node_40002/db/000034.sst, file size: 24197428, job id: 11, reason: compaction, status: OK
I20230707 09:24:38.219792 52583 event_listener.cc:71] [event_listener/compaction_completed] column family: metadata, compaction reason: 11, output compression type: no, base input level(files): 0(1), output level(files): 0(1), input bytes: 24197359, output bytes:24197428, is_manual_compaction:no, elapsed(micro): 2403284
I20230707 09:24:38.619524 52586 event_listener.cc:138] [event_listener/table_file_created] column family: default, file path: /nvme/jinghuan/node_40002/db/000032.sst, file size: 78186840, job id: 10, reason: flush, status: OK
I20230707 09:24:38.632064 52586 event_listener.cc:91] [event_listener/flush_completed] column family: default, thread_id: 52586, job_id: 10, file: /nvme/jinghuan/node_40002/db/000032.sst, reason: 6, is_write_slowdown: no, is_write_stall: no, largest seqno: 3560148, smallest seqno: 2858653
W20230707 09:24:38.632179 52586 event_listener.cc:132] [event_listener/stall_cond_changed] column family: default write stall condition was changed, from delay to normal
I20230707 09:24:39.115381 52584 event_listener.cc:138] [event_listener/table_file_created] column family: default, file path: /nvme/jinghuan/node_40002/db/000027.sst, file size: 138540935, job id: 8, reason: compaction, status: OK
I20230707 09:24:39.203961 52585 event_listener.cc:84] [event_listener/flush_begin] column family: default, thread_id: 52585, job_id: 12, reason: 6
W20230707 09:24:42.459077 52820 event_listener.cc:132] [event_listener/stall_cond_changed] column family: default write stall condition was changed, from normal to delay
I20230707 09:24:43.912992 52585 event_listener.cc:138] [event_listener/table_file_created] column family: default, file path: /nvme/jinghuan/node_40002/db/000037.sst, file size: 75569833, job id: 12, reason: flush, status: OK
I20230707 09:24:43.924455 52585 event_listener.cc:91] [event_listener/flush_completed] column family: default, thread_id: 52585, job_id: 12, file: /nvme/jinghuan/node_40002/db/000037.sst, reason: 6, is_write_slowdown: no, is_write_stall: no, largest seqno: 4235044, smallest seqno: 3560150
W20230707 09:24:43.924567 52585 event_listener.cc:132] [event_listener/stall_cond_changed] column family: default write stall condition was changed, from delay to normal
I20230707 09:24:45.826316 52586 event_listener.cc:84] [event_listener/flush_begin] column family: default, thread_id: 52586, job_id: 13, reason: 6
I20230707 09:24:48.312702 52584 event_listener.cc:138] [event_listener/table_file_created] column family: default, file path: /nvme/jinghuan/node_40002/db/000035.sst, file size: 138730120, job id: 8, reason: compaction, status: OK
W20230707 09:24:49.260542 52820 event_listener.cc:132] [event_listener/stall_cond_changed] column family: default write stall condition was changed, from normal to delay
I20230707 09:24:50.513677 52584 event_listener.cc:138] [event_listener/table_file_created] column family: default, file path: /nvme/jinghuan/node_40002/db/000041.sst, file size: 28853806, job id: 8, reason: compaction, status: OK
I20230707 09:24:50.529414 52584 event_listener.cc:71] [event_listener/compaction_completed] column family: default, compaction reason: 1, output compression type: no, base input level(files): 0(4), output level(files): 1(3), input bytes: 313309437, output bytes:306124861, is_manual_compaction:no, elapsed(micro): 21484543
I20230707 09:24:50.531755 52584 event_listener.cc:127] [event_listener/table_file_deleted] db: /nvme/jinghuan/node_40002/db, sst file: /nvme/jinghuan/node_40002/db/000030.sst, status: OK
I20230707 09:24:50.534909 52583 event_listener.cc:71] [event_listener/compaction_completed] column family: default, compaction reason: 2, output compression type: no, base input level(files): 1(1), output level(files): 2(1), input bytes: 0, output bytes:0, is_manual_compaction:no, elapsed(micro): 0
I20230707 09:24:50.716995 52586 event_listener.cc:138] [event_listener/table_file_created] column family: default, file path: /nvme/jinghuan/node_40002/db/000040.sst, file size: 74092679, job id: 13, reason: flush, status: OK
I20230707 09:24:50.730317 52586 event_listener.cc:91] [event_listener/flush_completed] column family: default, thread_id: 52586, job_id: 13, file: /nvme/jinghuan/node_40002/db/000040.sst, reason: 6, is_write_slowdown: no, is_write_stall: no, largest seqno: 4894856, smallest seqno: 4235045
I20230707 09:24:50.739512 52586 event_listener.cc:127] [event_listener/table_file_deleted] db: /nvme/jinghuan/node_40002/db, sst file: /nvme/jinghuan/node_40002/db/000026.sst, status: OK
I20230707 09:24:50.746829 52586 event_listener.cc:127] [event_listener/table_file_deleted] db: /nvme/jinghuan/node_40002/db, sst file: /nvme/jinghuan/node_40002/db/000023.sst, status: OK
I20230707 09:24:50.753530 52586 event_listener.cc:127] [event_listener/table_file_deleted] db: /nvme/jinghuan/node_40002/db, sst file: /nvme/jinghuan/node_40002/db/000020.sst, status: OK
I20230707 09:24:50.761267 52586 event_listener.cc:127] [event_listener/table_file_deleted] db: /nvme/jinghuan/node_40002/db, sst file: /nvme/jinghuan/node_40002/db/000017.sst, status: OK
W20230707 09:24:50.761288 52586 event_listener.cc:132] [event_listener/stall_cond_changed] column family: default write stall condition was changed, from delay to normal
I20230707 09:24:52.979130 52585 event_listener.cc:84] [event_listener/flush_begin] column family: default, thread_id: 52585, job_id: 15, reason: 6
I20230707 09:24:55.515331 52585 event_listener.cc:138] [event_listener/table_file_created] column family: default, file path: /nvme/jinghuan/node_40002/db/000044.sst, file size: 76544403, job id: 15, reason: flush, status: OK
I20230707 09:24:55.528668 52585 event_listener.cc:91] [event_listener/flush_completed] column family: default, thread_id: 52585, job_id: 15, file: /nvme/jinghuan/node_40002/db/000044.sst, reason: 6, is_write_slowdown: no, is_write_stall: no, largest seqno: 5576269, smallest seqno: 4894858
I20230707 09:24:58.103667 52586 event_listener.cc:84] [event_listener/flush_begin] column family: default, thread_id: 52586, job_id: 17, reason: 6
I20230707 09:24:58.874519 52585 event_listener.cc:84] [event_listener/flush_begin] column family: metadata, thread_id: 52585, job_id: 18, reason: 13
W20230707 09:25:00.453963 52821 event_listener.cc:132] [event_listener/stall_cond_changed] column family: default write stall condition was changed, from normal to delay
I20230707 09:25:00.915792 52585 event_listener.cc:138] [event_listener/table_file_created] column family: metadata, file path: /nvme/jinghuan/node_40002/db/000050.sst, file size: 21512413, job id: 18, reason: flush, status: OK
I20230707 09:25:00.922125 52585 event_listener.cc:91] [event_listener/flush_completed] column family: metadata, thread_id: 52585, job_id: 18, file: /nvme/jinghuan/node_40002/db/000050.sst, reason: 13, is_write_slowdown: no, is_write_stall: no, largest seqno: 6354430, smallest seqno: 3194457
I20230707 09:25:00.949090 52585 event_listener.cc:84] [event_listener/flush_begin] column family: default, thread_id: 52585, job_id: 19, reason: 13
I20230707 09:25:04.723080 52586 event_listener.cc:138] [event_listener/table_file_created] column family: default, file path: /nvme/jinghuan/node_40002/db/000048.sst, file size: 75411601, job id: 17, reason: flush, status: OK
I20230707 09:25:04.729573 52586 event_listener.cc:91] [event_listener/flush_completed] column family: default, thread_id: 52586, job_id: 17, file: /nvme/jinghuan/node_40002/db/000048.sst, reason: 13, is_write_slowdown: no, is_write_stall: no, largest seqno: 6241689, smallest seqno: 5576271
W20230707 09:25:04.729810 52586 event_listener.cc:132] [event_listener/stall_cond_changed] column family: default write stall condition was changed, from stop to normal
W20230707 09:25:04.729964 52820 event_listener.cc:132] [event_listener/stall_cond_changed] column family: default write stall condition was changed, from delay to stop
I20230707 09:25:05.126613 52585 event_listener.cc:138] [event_listener/table_file_created] column family: default, file path: /nvme/jinghuan/node_40002/db/000053.sst, file size: 46495218, job id: 19, reason: flush, status: OK
I20230707 09:25:05.134406 52585 event_listener.cc:91] [event_listener/flush_completed] column family: default, thread_id: 52585, job_id: 19, file: /nvme/jinghuan/node_40002/db/000053.sst, reason: 13, is_write_slowdown: no, is_write_stall: no, largest seqno: 6649570, smallest seqno: 6241691
I20230707 09:25:05.326035 52584 event_listener.cc:138] [event_listener/table_file_created] column family: default, file path: /nvme/jinghuan/node_40002/db/000045.sst, file size: 138537538, job id: 16, reason: compaction, status: OK
I20230707 09:25:10.124588 52584 event_listener.cc:138] [event_listener/table_file_created] column family: default, file path: /nvme/jinghuan/node_40002/db/000054.sst, file size: 138730553, job id: 16, reason: compaction, status: OK
I20230707 09:25:10.814581 52586 event_listener.cc:84] [event_listener/flush_begin] column family: default, thread_id: 52586, job_id: 20, reason: 6
W20230707 09:25:13.782861 52821 event_listener.cc:132] [event_listener/stall_cond_changed] column family: default write stall condition was changed, from normal to delay
I20230707 09:25:14.930720 52586 event_listener.cc:138] [event_listener/table_file_created] column family: default, file path: /nvme/jinghuan/node_40002/db/000058.sst, file size: 81354606, job id: 20, reason: flush, status: OK
I20230707 09:25:14.943121 52586 event_listener.cc:91] [event_listener/flush_completed] column family: default, thread_id: 52586, job_id: 20, file: /nvme/jinghuan/node_40002/db/000058.sst, reason: 6, is_write_slowdown: no, is_write_stall: no, largest seqno: 7367282, smallest seqno: 6649572
W20230707 09:25:14.943214 52586 event_listener.cc:132] [event_listener/stall_cond_changed] column family: default write stall condition was changed, from delay to normal
I20230707 09:25:16.953074 52585 event_listener.cc:84] [event_listener/flush_begin] column family: default, thread_id: 52585, job_id: 21, reason: 6
I20230707 09:25:17.732967 52584 event_listener.cc:138] [event_listener/table_file_created] column family: default, file path: /nvme/jinghuan/node_40002/db/000056.sst, file size: 138730190, job id: 16, reason: compaction, status: OK
W20230707 09:25:20.023597 52814 event_listener.cc:132] [event_listener/stall_cond_changed] column family: default write stall condition was changed, from normal to delay
I20230707 09:25:20.933030 52585 event_listener.cc:138] [event_listener/table_file_created] column family: default, file path: /nvme/jinghuan/node_40002/db/000061.sst, file size: 77376534, job id: 21, reason: flush, status: OK
I20230707 09:25:20.948930 52585 event_listener.cc:91] [event_listener/flush_completed] column family: default, thread_id: 52585, job_id: 21, file: /nvme/jinghuan/node_40002/db/000061.sst, reason: 6, is_write_slowdown: no, is_write_stall: no, largest seqno: 8048409, smallest seqno: 7367283
W20230707 09:25:20.948997 52585 event_listener.cc:132] [event_listener/stall_cond_changed] column family: default write stall condition was changed, from delay to normal
I20230707 09:25:21.426744 52584 event_listener.cc:138] [event_listener/table_file_created] column family: default, file path: /nvme/jinghuan/node_40002/db/000062.sst, file size: 41180109, job id: 16, reason: compaction, status: OK
I20230707 09:25:21.444664 52584 event_listener.cc:71] [event_listener/compaction_completed] column family: default, compaction reason: 1, output compression type: no, base input level(files): 0(6), output level(files): 1(4), input bytes: 471977681, output bytes:457178390, is_manual_compaction:no, elapsed(micro): 25897951
I20230707 09:25:23.074666 52586 event_listener.cc:84] [event_listener/flush_begin] column family: default, thread_id: 52586, job_id: 23, reason: 6
W20230707 09:25:26.050626 52819 event_listener.cc:132] [event_listener/stall_cond_changed] column family: default write stall condition was changed, from normal to delay
I20230707 09:25:26.056893 52584 event_listener.cc:71] [event_listener/compaction_completed] column family: default, compaction reason: 2, output compression type: no, base input level(files): 1(1), output level(files): 2(1), input bytes: 0, output bytes:0, is_manual_compaction:no, elapsed(micro): 0
I20230707 09:25:26.063696 52584 event_listener.cc:71] [event_listener/compaction_completed] column family: default, compaction reason: 2, output compression type: no, base input level(files): 1(1), output level(files): 2(1), input bytes: 0, output bytes:0, is_manual_compaction:no, elapsed(micro): 0
I20230707 09:25:27.544747 52586 event_listener.cc:138] [event_listener/table_file_created] column family: default, file path: /nvme/jinghuan/node_40002/db/000066.sst, file size: 78258519, job id: 23, reason: flush, status: OK
I20230707 09:25:27.557839 52586 event_listener.cc:91] [event_listener/flush_completed] column family: default, thread_id: 52586, job_id: 23, file: /nvme/jinghuan/node_40002/db/000066.sst, reason: 6, is_write_slowdown: no, is_write_stall: no, largest seqno: 8735217, smallest seqno: 8048410
W20230707 09:25:27.557947 52586 event_listener.cc:132] [event_listener/stall_cond_changed] column family: default write stall condition was changed, from delay to normal
I20230707 09:25:28.931931 52584 event_listener.cc:138] [event_listener/table_file_created] column family: default, file path: /nvme/jinghuan/node_40002/db/000068.sst, file size: 41180109, job id: 26, reason: compaction, status: OK
I20230707 09:25:28.939985 52584 event_listener.cc:71] [event_listener/compaction_completed] column family: default, compaction reason: 11, output compression type: no, base input level(files): 1(1), output level(files): 1(1), input bytes: 41180109, output bytes:41180109, is_manual_compaction:no, elapsed(micro): 2868185
I20230707 09:25:28.944455 52584 event_listener.cc:127] [event_listener/table_file_deleted] db: /nvme/jinghuan/node_40002/db, sst file: /nvme/jinghuan/node_40002/db/000062.sst, status: OK
I20230707 09:25:29.553411 52585 event_listener.cc:84] [event_listener/flush_begin] column family: default, thread_id: 52585, job_id: 27, reason: 6
I20230707 09:25:30.105041 52586 event_listener.cc:84] [event_listener/flush_begin] column family: metadata, thread_id: 52586, job_id: 28, reason: 13
I20230707 09:25:31.736006 52586 event_listener.cc:138] [event_listener/table_file_created] column family: metadata, file path: /nvme/jinghuan/node_40002/db/000072.sst, file size: 19179574, job id: 28, reason: flush, status: OK
I20230707 09:25:31.745730 52586 event_listener.cc:91] [event_listener/flush_completed] column family: metadata, thread_id: 52586, job_id: 28, file: /nvme/jinghuan/node_40002/db/000072.sst, reason: 13, is_write_slowdown: no, is_write_stall: no, largest seqno: 9524633, smallest seqno: 6354441
W20230707 09:25:32.781630 52814 event_listener.cc:132] [event_listener/stall_cond_changed] column family: default write stall condition was changed, from normal to delay
I20230707 09:25:35.142560 52585 event_listener.cc:138] [event_listener/table_file_created] column family: default, file path: /nvme/jinghuan/node_40002/db/000070.sst, file size: 82870300, job id: 27, reason: flush, status: OK
I20230707 09:25:35.149050 52585 event_listener.cc:91] [event_listener/flush_completed] column family: default, thread_id: 52585, job_id: 27, file: /nvme/jinghuan/node_40002/db/000070.sst, reason: 6, is_write_slowdown: no, is_write_stall: no, largest seqno: 9461293, smallest seqno: 8735218
W20230707 09:25:35.149183 52585 event_listener.cc:132] [event_listener/stall_cond_changed] column family: default write stall condition was changed, from delay to normal
I20230707 09:25:36.101096 52586 event_listener.cc:84] [event_listener/flush_begin] column family: default, thread_id: 52586, job_id: 30, reason: 6
W20230707 09:25:39.403689 52815 event_listener.cc:132] [event_listener/stall_cond_changed] column family: default write stall condition was changed, from normal to delay
I20230707 09:25:41.046453 52583 event_listener.cc:138] [event_listener/table_file_created] column family: default, file path: /nvme/jinghuan/node_40002/db/000064.sst, file size: 275716452, job id: 22, reason: compaction, status: OK
I20230707 09:25:41.071309 52583 event_listener.cc:71] [event_listener/compaction_completed] column family: default, compaction reason: 1, output compression type: no, base input level(files): 0(4), output level(files): 0(1), input bytes: 280637959, output bytes:275716452, is_manual_compaction:no, elapsed(micro): 20097290
I20230707 09:25:41.082841 52583 event_listener.cc:127] [event_listener/table_file_deleted] db: /nvme/jinghuan/node_40002/db, sst file: /nvme/jinghuan/node_40002/db/000044.sst, status: OK
I20230707 09:25:41.086129 52583 event_listener.cc:127] [event_listener/table_file_deleted] db: /nvme/jinghuan/node_40002/db, sst file: /nvme/jinghuan/node_40002/db/000041.sst, status: OK
I20230707 09:25:41.094202 52583 event_listener.cc:127] [event_listener/table_file_deleted] db: /nvme/jinghuan/node_40002/db, sst file: /nvme/jinghuan/node_40002/db/000040.sst, status: OK
I20230707 09:25:41.101681 52583 event_listener.cc:127] [event_listener/table_file_deleted] db: /nvme/jinghuan/node_40002/db, sst file: /nvme/jinghuan/node_40002/db/000037.sst, status: OK
I20230707 09:25:41.114416 52583 event_listener.cc:127] [event_listener/table_file_deleted] db: /nvme/jinghuan/node_40002/db, sst file: /nvme/jinghuan/node_40002/db/000035.sst, status: OK
I20230707 09:25:41.121718 52583 event_listener.cc:127] [event_listener/table_file_deleted] db: /nvme/jinghuan/node_40002/db, sst file: /nvme/jinghuan/node_40002/db/000032.sst, status: OK
I20230707 09:25:42.544855 52586 event_listener.cc:138] [event_listener/table_file_created] column family: default, file path: /nvme/jinghuan/node_40002/db/000076.sst, file size: 78307073, job id: 30, reason: flush, status: OK
I20230707 09:25:42.551225 52586 event_listener.cc:91] [event_listener/flush_completed] column family: default, thread_id: 52586, job_id: 30, file: /nvme/jinghuan/node_40002/db/000076.sst, reason: 6, is_write_slowdown: no, is_write_stall: no, largest seqno: 10144680, smallest seqno: 9461295
W20230707 09:25:42.551306 52586 event_listener.cc:132] [event_listener/stall_cond_changed] column family: default write stall condition was changed, from delay to normal
I20230707 09:25:43.227828 52585 event_listener.cc:84] [event_listener/flush_begin] column family: default, thread_id: 52585, job_id: 32, reason: 6
I20230707 09:25:44.242013 52584 event_listener.cc:138] [event_listener/table_file_created] column family: default, file path: /nvme/jinghuan/node_40002/db/000074.sst, file size: 138730553, job id: 29, reason: compaction, status: OK
I20230707 09:25:44.253772 52584 event_listener.cc:71] [event_listener/compaction_completed] column family: default, compaction reason: 11, output compression type: no, base input level(files): 2(1), output level(files): 2(1), input bytes: 138730553, output bytes:138730553, is_manual_compaction:no, elapsed(micro): 11460367
I20230707 09:25:44.264022 52584 event_listener.cc:127] [event_listener/table_file_deleted] db: /nvme/jinghuan/node_40002/db, sst file: /nvme/jinghuan/node_40002/db/000061.sst, status: OK
I20230707 09:25:44.274747 52584 event_listener.cc:127] [event_listener/table_file_deleted] db: /nvme/jinghuan/node_40002/db, sst file: /nvme/jinghuan/node_40002/db/000058.sst, status: OK
I20230707 09:25:44.281406 52584 event_listener.cc:127] [event_listener/table_file_deleted] db: /nvme/jinghuan/node_40002/db, sst file: /nvme/jinghuan/node_40002/db/000053.sst, status: OK
I20230707 09:25:44.291795 52584 event_listener.cc:127] [event_listener/table_file_deleted] db: /nvme/jinghuan/node_40002/db, sst file: /nvme/jinghuan/node_40002/db/000048.sst, status: OK
W20230707 09:25:46.438465 52814 event_listener.cc:132] [event_listener/stall_cond_changed] column family: default write stall condition was changed, from normal to delay
I20230707 09:25:47.649397 52585 event_listener.cc:138] [event_listener/table_file_created] column family: default, file path: /nvme/jinghuan/node_40002/db/000080.sst, file size: 81873288, job id: 32, reason: flush, status: OK
I20230707 09:25:47.659075 52585 event_listener.cc:91] [event_listener/flush_completed] column family: default, thread_id: 52585, job_id: 32, file: /nvme/jinghuan/node_40002/db/000080.sst, reason: 6, is_write_slowdown: no, is_write_stall: no, largest seqno: 10858640, smallest seqno: 10144682
W20230707 09:25:47.659143 52585 event_listener.cc:132] [event_listener/stall_cond_changed] column family: default write stall condition was changed, from delay to normal
I20230707 09:25:49.833973 52586 event_listener.cc:84] [event_listener/flush_begin] column family: default, thread_id: 52586, job_id: 34, reason: 6
I20230707 09:25:52.349838 52583 event_listener.cc:138] [event_listener/table_file_created] column family: default, file path: /nvme/jinghuan/node_40002/db/000078.sst, file size: 138626978, job id: 31, reason: compaction, status: OK
W20230707 09:25:53.106115 52821 event_listener.cc:132] [event_listener/stall_cond_changed] column family: default write stall condition was changed, from normal to delay
I20230707 09:25:55.062605 52586 event_listener.cc:138] [event_listener/table_file_created] column family: default, file path: /nvme/jinghuan/node_40002/db/000084.sst, file size: 77730725, job id: 34, reason: flush, status: OK
I20230707 09:25:55.079200 52586 event_listener.cc:91] [event_listener/flush_completed] column family: default, thread_id: 52586, job_id: 34, file: /nvme/jinghuan/node_40002/db/000084.sst, reason: 6, is_write_slowdown: no, is_write_stall: no, largest seqno: 11534077, smallest seqno: 10858642
W20230707 09:25:55.079303 52586 event_listener.cc:132] [event_listener/stall_cond_changed] column family: default write stall condition was changed, from delay to normal
I20230707 09:25:56.359905 52584 event_listener.cc:138] [event_listener/table_file_created] column family: default, file path: /nvme/jinghuan/node_40002/db/000082.sst, file size: 138730190, job id: 33, reason: compaction, status: OK
I20230707 09:25:56.381727 52584 event_listener.cc:71] [event_listener/compaction_completed] column family: default, compaction reason: 11, output compression type: no, base input level(files): 2(1), output level(files): 2(1), input bytes: 138730190, output bytes:138730190, is_manual_compaction:no, elapsed(micro): 9921457
I20230707 09:25:56.617866 52585 event_listener.cc:84] [event_listener/flush_begin] column family: default, thread_id: 52585, job_id: 35, reason: 6
I20230707 09:25:57.960433 52814 cluster.cc:397] [import] Succeed to import slot 1
I20230707 09:25:59.656193 52585 event_listener.cc:138] [event_listener/table_file_created] column family: default, file path: /nvme/jinghuan/node_40002/db/000088.sst, file size: 77148299, job id: 35, reason: flush, status: OK
I20230707 09:25:59.662628 52585 event_listener.cc:91] [event_listener/flush_completed] column family: default, thread_id: 52585, job_id: 35, file: /nvme/jinghuan/node_40002/db/000088.sst, reason: 6, is_write_slowdown: no, is_write_stall: no, largest seqno: 12202515, smallest seqno: 11534078
I20230707 09:26:00.854436 52583 event_listener.cc:138] [event_listener/table_file_created] column family: default, file path: /nvme/jinghuan/node_40002/db/000085.sst, file size: 138680630, job id: 31, reason: compaction, status: OK
I20230707 09:26:04.455054 52583 event_listener.cc:138] [event_listener/table_file_created] column family: default, file path: /nvme/jinghuan/node_40002/db/000089.sst, file size: 138525265, job id: 31, reason: compaction, status: OK
I20230707 09:26:07.963670 52583 event_listener.cc:138] [event_listener/table_file_created] column family: default, file path: /nvme/jinghuan/node_40002/db/000090.sst, file size: 138646936, job id: 31, reason: compaction, status: OK
I20230707 09:26:09.062180 52583 event_listener.cc:138] [event_listener/table_file_created] column family: default, file path: /nvme/jinghuan/node_40002/db/000091.sst, file size: 40561602, job id: 31, reason: compaction, status: OK
I20230707 09:26:09.089812 52583 event_listener.cc:71] [event_listener/compaction_completed] column family: default, compaction reason: 1, output compression type: no, base input level(files): 0(5), output level(files): 1(5), input bytes: 616562918, output bytes:595041411, is_manual_compaction:no, elapsed(micro): 27940447
I20230707 09:26:09.100348 52583 event_listener.cc:127] [event_listener/table_file_deleted] db: /nvme/jinghuan/node_40002/db, sst file: /nvme/jinghuan/node_40002/db/000070.sst, status: OK
I20230707 09:26:09.103633 52583 event_listener.cc:127] [event_listener/table_file_deleted] db: /nvme/jinghuan/node_40002/db, sst file: /nvme/jinghuan/node_40002/db/000068.sst, status: OK
I20230707 09:26:09.109891 52583 event_listener.cc:127] [event_listener/table_file_deleted] db: /nvme/jinghuan/node_40002/db, sst file: /nvme/jinghuan/node_40002/db/000066.sst, status: OK
I20230707 09:26:09.130558 52583 event_listener.cc:127] [event_listener/table_file_deleted] db: /nvme/jinghuan/node_40002/db, sst file: /nvme/jinghuan/node_40002/db/000064.sst, status: OK
I20230707 09:26:09.142408 52583 event_listener.cc:127] [event_listener/table_file_deleted] db: /nvme/jinghuan/node_40002/db, sst file: /nvme/jinghuan/node_40002/db/000056.sst, status: OK
I20230707 09:26:09.152863 52583 event_listener.cc:127] [event_listener/table_file_deleted] db: /nvme/jinghuan/node_40002/db, sst file: /nvme/jinghuan/node_40002/db/000054.sst, status: OK
I20230707 09:26:09.163477 52583 event_listener.cc:127] [event_listener/table_file_deleted] db: /nvme/jinghuan/node_40002/db, sst file: /nvme/jinghuan/node_40002/db/000045.sst, status: OK
I20230707 09:26:09.169821 52583 event_listener.cc:71] [event_listener/compaction_completed] column family: default, compaction reason: 2, output compression type: no, base input level(files): 1(1), output level(files): 2(1), input bytes: 0, output bytes:0, is_manual_compaction:no, elapsed(micro): 0
I20230707 09:26:12.532290 52583 event_listener.cc:138] [event_listener/table_file_created] column family: default, file path: /nvme/jinghuan/node_40002/db/000092.sst, file size: 138632142, job id: 37, reason: compaction, status: OK
I20230707 09:26:16.029328 52583 event_listener.cc:138] [event_listener/table_file_created] column family: default, file path: /nvme/jinghuan/node_40002/db/000093.sst, file size: 138680365, job id: 37, reason: compaction, status: OK
I20230707 09:26:19.436278 52583 event_listener.cc:138] [event_listener/table_file_created] column family: default, file path: /nvme/jinghuan/node_40002/db/000094.sst, file size: 138514699, job id: 37, reason: compaction, status: OK
I20230707 09:26:22.340250 52583 event_listener.cc:138] [event_listener/table_file_created] column family: default, file path: /nvme/jinghuan/node_40002/db/000095.sst, file size: 124870494, job id: 37, reason: compaction, status: OK
I20230707 09:26:22.363443 52583 event_listener.cc:71] [event_listener/compaction_completed] column family: default, compaction reason: 2, output compression type: no, base input level(files): 1(4), output level(files): 2(4), input bytes: 554373808, output bytes:540697700, is_manual_compaction:no, elapsed(micro): 13170402
I20230707 09:26:22.373659 52583 event_listener.cc:127] [event_listener/table_file_deleted] db: /nvme/jinghuan/node_40002/db, sst file: /nvme/jinghuan/node_40002/db/000089.sst, status: OK
I20230707 09:26:22.384147 52583 event_listener.cc:127] [event_listener/table_file_deleted] db: /nvme/jinghuan/node_40002/db, sst file: /nvme/jinghuan/node_40002/db/000085.sst, status: OK
I20230707 09:26:22.395078 52583 event_listener.cc:127] [event_listener/table_file_deleted] db: /nvme/jinghuan/node_40002/db, sst file: /nvme/jinghuan/node_40002/db/000078.sst, status: OK
I20230707 09:26:22.405784 52583 event_listener.cc:127] [event_listener/table_file_deleted] db: /nvme/jinghuan/node_40002/db, sst file: /nvme/jinghuan/node_40002/db/000027.sst, status: OK
I20230707 09:26:25.658051 52583 event_listener.cc:138] [event_listener/table_file_created] column family: default, file path: /nvme/jinghuan/node_40002/db/000096.sst, file size: 138569225, job id: 38, reason: compaction, status: OK
I20230707 09:26:28.862524 52583 event_listener.cc:138] [event_listener/table_file_created] column family: default, file path: /nvme/jinghuan/node_40002/db/000098.sst, file size: 138680225, job id: 38, reason: compaction, status: OK
I20230707 09:26:32.074977 52583 event_listener.cc:138] [event_listener/table_file_created] column family: default, file path: /nvme/jinghuan/node_40002/db/000099.sst, file size: 138558539, job id: 38, reason: compaction, status: OK
I20230707 09:26:32.676358 52583 event_listener.cc:138] [event_listener/table_file_created] column family: default, file path: /nvme/jinghuan/node_40002/db/000100.sst, file size: 28047676, job id: 38, reason: compaction, status: OK
I20230707 09:26:32.698345 52583 event_listener.cc:71] [event_listener/compaction_completed] column family: default, compaction reason: 1, output compression type: no, base input level(files): 0(5), output level(files): 1(4), input bytes: 453706321, output bytes:443855665, is_manual_compaction:no, elapsed(micro): 10270514
I20230707 09:26:32.713865 52583 event_listener.cc:127] [event_listener/table_file_deleted] db: /nvme/jinghuan/node_40002/db, sst file: /nvme/jinghuan/node_40002/db/000090.sst, status: OK
I20230707 09:26:32.720221 52583 event_listener.cc:127] [event_listener/table_file_deleted] db: /nvme/jinghuan/node_40002/db, sst file: /nvme/jinghuan/node_40002/db/000088.sst, status: OK
I20230707 09:26:32.726318 52583 event_listener.cc:127] [event_listener/table_file_deleted] db: /nvme/jinghuan/node_40002/db, sst file: /nvme/jinghuan/node_40002/db/000084.sst, status: OK
I20230707 09:26:32.733067 52583 event_listener.cc:127] [event_listener/table_file_deleted] db: /nvme/jinghuan/node_40002/db, sst file: /nvme/jinghuan/node_40002/db/000080.sst, status: OK
I20230707 09:26:32.739471 52583 event_listener.cc:127] [event_listener/table_file_deleted] db: /nvme/jinghuan/node_40002/db, sst file: /nvme/jinghuan/node_40002/db/000076.sst, status: OK
I20230707 09:26:35.202857 52586 event_listener.cc:84] [event_listener/flush_begin] column family: metadata, thread_id: 52586, job_id: 40, reason: 13
I20230707 09:26:35.793449 52586 event_listener.cc:138] [event_listener/table_file_created] column family: metadata, file path: /nvme/jinghuan/node_40002/db/000103.sst, file size: 15132773, job id: 40, reason: flush, status: OK
I20230707 09:26:35.801400 52586 event_listener.cc:91] [event_listener/flush_completed] column family: metadata, thread_id: 52586, job_id: 40, file: /nvme/jinghuan/node_40002/db/000103.sst, reason: 13, is_write_slowdown: no, is_write_stall: no, largest seqno: 12628460, smallest seqno: 9524651
I20230707 09:26:36.088361 52583 event_listener.cc:138] [event_listener/table_file_created] column family: default, file path: /nvme/jinghuan/node_40002/db/000101.sst, file size: 138616507, job id: 39, reason: compaction, status: OK
I20230707 09:26:38.994853 52583 event_listener.cc:138] [event_listener/table_file_created] column family: default, file path: /nvme/jinghuan/node_40002/db/000104.sst, file size: 130681370, job id: 39, reason: compaction, status: OK
I20230707 09:26:39.015516 52583 event_listener.cc:71] [event_listener/compaction_completed] column family: default, compaction reason: 2, output compression type: no, base input level(files): 1(2), output level(files): 2(2), input bytes: 277194924, output bytes:269297877, is_manual_compaction:no, elapsed(micro): 6255356
I20230707 09:26:39.028935 52583 event_listener.cc:127] [event_listener/table_file_deleted] db: /nvme/jinghuan/node_40002/db, sst file: /nvme/jinghuan/node_40002/db/000098.sst, status: OK
I20230707 09:26:39.040580 52583 event_listener.cc:127] [event_listener/table_file_deleted] db: /nvme/jinghuan/node_40002/db, sst file: /nvme/jinghuan/node_40002/db/000094.sst, status: OK
I20230707 09:26:40.506089 52583 event_listener.cc:138] [event_listener/table_file_created] column family: default, file path: /nvme/jinghuan/node_40002/db/000105.sst, file size: 67820325, job id: 41, reason: compaction, status: OK
I20230707 09:26:40.514160 52583 event_listener.cc:71] [event_listener/compaction_completed] column family: default, compaction reason: 2, output compression type: no, base input level(files): 1(2), output level(files): 2(1), input bytes: 68609278, output bytes:67820325, is_manual_compaction:no, elapsed(micro): 1465471
I20230707 09:26:40.517386 52583 event_listener.cc:127] [event_listener/table_file_deleted] db: /nvme/jinghuan/node_40002/db, sst file: /nvme/jinghuan/node_40002/db/000100.sst, status: OK
I20230707 09:26:40.521901 52583 event_listener.cc:127] [event_listener/table_file_deleted] db: /nvme/jinghuan/node_40002/db, sst file: /nvme/jinghuan/node_40002/db/000091.sst, status: OK
I20230707 09:26:41.918659 52583 event_listener.cc:138] [event_listener/table_file_created] column family: metadata, file path: /nvme/jinghuan/node_40002/db/000106.sst, file size: 66426110, job id: 42, reason: compaction, status: OK
I20230707 09:26:41.936970 52583 event_listener.cc:71] [event_listener/compaction_completed] column family: metadata, compaction reason: 1, output compression type: no, base input level(files): 0(4), output level(files): 1(1), input bytes: 80022188, output bytes:66426110, is_manual_compaction:no, elapsed(micro): 1396727
I20230707 09:26:41.938372 52583 event_listener.cc:127] [event_listener/table_file_deleted] db: /nvme/jinghuan/node_40002/db, sst file: /nvme/jinghuan/node_40002/db/000103.sst, status: OK
I20230707 09:26:41.939785 52583 event_listener.cc:127] [event_listener/table_file_deleted] db: /nvme/jinghuan/node_40002/db, sst file: /nvme/jinghuan/node_40002/db/000072.sst, status: OK
I20230707 09:26:41.941427 52583 event_listener.cc:127] [event_listener/table_file_deleted] db: /nvme/jinghuan/node_40002/db, sst file: /nvme/jinghuan/node_40002/db/000050.sst, status: OK
I20230707 09:26:41.943308 52583 event_listener.cc:127] [event_listener/table_file_deleted] db: /nvme/jinghuan/node_40002/db, sst file: /nvme/jinghuan/node_40002/db/000034.sst, status: OK
I20230707 09:26:44.902485 52583 event_listener.cc:138] [event_listener/table_file_created] column family: default, file path: /nvme/jinghuan/node_40002/db/000107.sst, file size: 138629081, job id: 43, reason: compaction, status: OK
I20230707 09:26:47.800671 52583 event_listener.cc:138] [event_listener/table_file_created] column family: default, file path: /nvme/jinghuan/node_40002/db/000108.sst, file size: 138680581, job id: 43, reason: compaction, status: OK
I20230707 09:26:50.707360 52583 event_listener.cc:138] [event_listener/table_file_created] column family: default, file path: /nvme/jinghuan/node_40002/db/000109.sst, file size: 138680712, job id: 43, reason: compaction, status: OK
I20230707 09:26:53.206110 52583 event_listener.cc:138] [event_listener/table_file_created] column family: default, file path: /nvme/jinghuan/node_40002/db/000110.sst, file size: 123639451, job id: 43, reason: compaction, status: OK
I20230707 09:26:53.231544 52583 event_listener.cc:71] [event_listener/compaction_completed] column family: default, compaction reason: 2, output compression type: no, base input level(files): 1(4), output level(files): 2(4), input bytes: 554498239, output bytes:539629825, is_manual_compaction:no, elapsed(micro): 11262753
I20230707 09:26:53.244642 52583 event_listener.cc:127] [event_listener/table_file_deleted] db: /nvme/jinghuan/node_40002/db, sst file: /nvme/jinghuan/node_40002/db/000101.sst, status: OK
I20230707 09:26:53.256414 52583 event_listener.cc:127] [event_listener/table_file_deleted] db: /nvme/jinghuan/node_40002/db, sst file: /nvme/jinghuan/node_40002/db/000096.sst, status: OK
I20230707 09:26:53.267386 52583 event_listener.cc:127] [event_listener/table_file_deleted] db: /nvme/jinghuan/node_40002/db, sst file: /nvme/jinghuan/node_40002/db/000093.sst, status: OK
I20230707 09:26:53.279031 52583 event_listener.cc:127] [event_listener/table_file_deleted] db: /nvme/jinghuan/node_40002/db, sst file: /nvme/jinghuan/node_40002/db/000092.sst, status: OK
I20230707 09:26:55.954967 52585 event_listener.cc:84] [event_listener/flush_begin] column family: default, thread_id: 52585, job_id: 44, reason: 6
I20230707 09:26:57.205534 52585 event_listener.cc:138] [event_listener/table_file_created] column family: default, file path: /nvme/jinghuan/node_40002/db/000112.sst, file size: 64097535, job id: 44, reason: flush, status: OK
I20230707 09:26:57.213974 52585 event_listener.cc:91] [event_listener/flush_completed] column family: default, thread_id: 52585, job_id: 44, file: /nvme/jinghuan/node_40002/db/000112.sst, reason: 6, is_write_slowdown: no, is_write_stall: no, largest seqno: 12828949, smallest seqno: 12202517
I20230707 09:28:00.191823 52586 event_listener.cc:84] [event_listener/flush_begin] column family: default, thread_id: 52586, job_id: 45, reason: 6
I20230707 09:28:01.431829 52586 event_listener.cc:138] [event_listener/table_file_created] column family: default, file path: /nvme/jinghuan/node_40002/db/000115.sst, file size: 61347807, job id: 45, reason: flush, status: OK
I20230707 09:28:01.447968 52586 event_listener.cc:91] [event_listener/flush_completed] column family: default, thread_id: 52586, job_id: 45, file: /nvme/jinghuan/node_40002/db/000115.sst, reason: 6, is_write_slowdown: no, is_write_stall: no, largest seqno: 13444765, smallest seqno: 12828950
I20230707 09:29:03.133126 52585 event_listener.cc:84] [event_listener/flush_begin] column family: default, thread_id: 52585, job_id: 46, reason: 6
I20230707 09:29:04.478242 52585 event_listener.cc:138] [event_listener/table_file_created] column family: default, file path: /nvme/jinghuan/node_40002/db/000118.sst, file size: 61848282, job id: 46, reason: flush, status: OK
I20230707 09:29:04.486270 52585 event_listener.cc:91] [event_listener/flush_completed] column family: default, thread_id: 52585, job_id: 46, file: /nvme/jinghuan/node_40002/db/000118.sst, reason: 6, is_write_slowdown: no, is_write_stall: no, largest seqno: 14065480, smallest seqno: 13444766
I20230707 09:30:11.363349 52586 event_listener.cc:84] [event_listener/flush_begin] column family: default, thread_id: 52586, job_id: 47, reason: 6
I20230707 09:30:12.801441 52586 event_listener.cc:138] [event_listener/table_file_created] column family: default, file path: /nvme/jinghuan/node_40002/db/000121.sst, file size: 62522236, job id: 47, reason: flush, status: OK
I20230707 09:30:12.809700 52586 event_listener.cc:91] [event_listener/flush_completed] column family: default, thread_id: 52586, job_id: 47, file: /nvme/jinghuan/node_40002/db/000121.sst, reason: 6, is_write_slowdown: no, is_write_stall: no, largest seqno: 14694499, smallest seqno: 14065483
I20230707 09:30:16.049006 52584 event_listener.cc:138] [event_listener/table_file_created] column family: default, file path: /nvme/jinghuan/node_40002/db/000122.sst, file size: 137833640, job id: 48, reason: compaction, status: OK
I20230707 09:30:19.257027 52584 event_listener.cc:138] [event_listener/table_file_created] column family: default, file path: /nvme/jinghuan/node_40002/db/000123.sst, file size: 138266145, job id: 48, reason: compaction, status: OK
I20230707 09:30:20.263542 52584 event_listener.cc:138] [event_listener/table_file_created] column family: default, file path: /nvme/jinghuan/node_40002/db/000124.sst, file size: 40453672, job id: 48, reason: compaction, status: OK
I20230707 09:30:20.276947 52584 event_listener.cc:71] [event_listener/compaction_completed] column family: default, compaction reason: 1, output compression type: no, base input level(files): 0(5), output level(files): 1(3), input bytes: 388374399, output bytes:316553457, is_manual_compaction:no, elapsed(micro): 7453492
I20230707 09:30:20.282020 52584 event_listener.cc:127] [event_listener/table_file_deleted] db: /nvme/jinghuan/node_40002/db, sst file: /nvme/jinghuan/node_40002/db/000121.sst, status: OK
I20230707 09:30:20.287716 52584 event_listener.cc:127] [event_listener/table_file_deleted] db: /nvme/jinghuan/node_40002/db, sst file: /nvme/jinghuan/node_40002/db/000118.sst, status: OK
I20230707 09:30:20.292745 52584 event_listener.cc:127] [event_listener/table_file_deleted] db: /nvme/jinghuan/node_40002/db, sst file: /nvme/jinghuan/node_40002/db/000115.sst, status: OK
I20230707 09:30:20.298803 52584 event_listener.cc:127] [event_listener/table_file_deleted] db: /nvme/jinghuan/node_40002/db, sst file: /nvme/jinghuan/node_40002/db/000112.sst, status: OK
I20230707 09:30:20.309357 52584 event_listener.cc:127] [event_listener/table_file_deleted] db: /nvme/jinghuan/node_40002/db, sst file: /nvme/jinghuan/node_40002/db/000099.sst, status: OK
I20230707 09:30:22.463950 52584 event_listener.cc:138] [event_listener/table_file_created] column family: default, file path: /nvme/jinghuan/node_40002/db/000125.sst, file size: 97828438, job id: 49, reason: compaction, status: OK
I20230707 09:30:22.479681 52584 event_listener.cc:71] [event_listener/compaction_completed] column family: default, compaction reason: 2, output compression type: no, base input level(files): 1(2), output level(files): 2(1), input bytes: 108273997, output bytes:97828438, is_manual_compaction:no, elapsed(micro): 2154549
I20230707 09:30:22.483860 52816 event_listener.cc:127] [event_listener/table_file_deleted] db: /nvme/jinghuan/node_40002/db, sst file: /nvme/jinghuan/node_40002/db/000124.sst, status: OK
I20230707 09:30:22.490973 52816 event_listener.cc:127] [event_listener/table_file_deleted] db: /nvme/jinghuan/node_40002/db, sst file: /nvme/jinghuan/node_40002/db/000105.sst, status: OK
I20230707 09:30:25.567188 52584 event_listener.cc:138] [event_listener/table_file_created] column family: default, file path: /nvme/jinghuan/node_40002/db/000126.sst, file size: 138731127, job id: 50, reason: compaction, status: OK
