Log file created at: 2023/07/07 09:21:42
Running on machine: en4217754l
Running duration (h:mm:ss): 0:00:00
Log line format: [IWEF]yyyymmdd hh:mm:ss.uuuuuu threadid file:line] msg
I20230707 09:21:42.685562 52563 main.cc:328] kvrocks unstable (commit 4a10c89)
I20230707 09:21:43.089684 52563 storage.cc:322] [storage] Success to load the data from disk: 92 ms
I20230707 09:21:43.090322 52563 worker.cc:72] [worker] Listening on: 10.218.109.65:40001
I20230707 09:21:43.090346 52563 worker.cc:72] [worker] Listening on: 127.0.0.1:40001
I20230707 09:21:43.090560 52563 worker.cc:72] [worker] Listening on: 10.218.109.65:40001
I20230707 09:21:43.090580 52563 worker.cc:72] [worker] Listening on: 127.0.0.1:40001
I20230707 09:21:43.090735 52563 worker.cc:72] [worker] Listening on: 10.218.109.65:40001
I20230707 09:21:43.090754 52563 worker.cc:72] [worker] Listening on: 127.0.0.1:40001
I20230707 09:21:43.090896 52563 worker.cc:72] [worker] Listening on: 10.218.109.65:40001
I20230707 09:21:43.090914 52563 worker.cc:72] [worker] Listening on: 127.0.0.1:40001
I20230707 09:21:43.091058 52563 worker.cc:72] [worker] Listening on: 10.218.109.65:40001
I20230707 09:21:43.091074 52563 worker.cc:72] [worker] Listening on: 127.0.0.1:40001
I20230707 09:21:43.091217 52563 worker.cc:72] [worker] Listening on: 10.218.109.65:40001
I20230707 09:21:43.091234 52563 worker.cc:72] [worker] Listening on: 127.0.0.1:40001
I20230707 09:21:43.091372 52563 worker.cc:72] [worker] Listening on: 10.218.109.65:40001
I20230707 09:21:43.091389 52563 worker.cc:72] [worker] Listening on: 127.0.0.1:40001
I20230707 09:21:43.091542 52563 worker.cc:72] [worker] Listening on: 10.218.109.65:40001
I20230707 09:21:43.091564 52563 worker.cc:72] [worker] Listening on: 127.0.0.1:40001
W20230707 09:21:43.091681 52563 server.cc:1650] [server] Increased maximum number of open files to 14224 (it's originally set to 1024)
I20230707 09:21:43.091877 52563 cluster.cc:643] The cluster nodes file /nvme/jinghuan/node_40001/nodes.conf is not found. Use CLUSTERX subcommands to specify it.
I20230707 09:21:43.091892 52563 cluster.cc:643] The cluster nodes file /nvme/jinghuan/node_40001/nodes.conf is not found. Use CLUSTERX subcommands to specify it.
I20230707 09:21:43.095057 52563 worker.cc:519] [worker] Thread #140396919228160 started
I20230707 09:21:43.095093 52563 worker.cc:519] [worker] Thread #140396927620864 started
I20230707 09:21:43.095149 52563 worker.cc:519] [worker] Thread #140397354202880 started
I20230707 09:21:43.095203 52563 worker.cc:519] [worker] Thread #140397345810176 started
I20230707 09:21:43.095253 52563 worker.cc:519] [worker] Thread #140397337417472 started
I20230707 09:21:43.095304 52563 worker.cc:519] [worker] Thread #140397329024768 started
I20230707 09:21:43.095351 52563 worker.cc:519] [worker] Thread #140396977977088 started
I20230707 09:21:43.095412 52563 worker.cc:519] [worker] Thread #140396969584384 started
I20230707 09:21:43.095589 52563 server.cc:211] [server] Ready to accept connections
I20230707 09:21:43.719800 52804 cluster.cc:286] MASTER MODE enabled by cluster topology setting
I20230707 09:21:45.977272 52575 event_listener.cc:84] [event_listener/flush_begin] column family: default, thread_id: 52575, job_id: 3, reason: 6
I20230707 09:21:46.373749 52575 event_listener.cc:138] [event_listener/table_file_created] column family: default, file path: /nvme/jinghuan/node_40001/db/000016.sst, file size: 75788168, job id: 3, reason: flush, status: OK
I20230707 09:21:46.385277 52575 event_listener.cc:91] [event_listener/flush_completed] column family: default, thread_id: 52575, job_id: 3, file: /nvme/jinghuan/node_40001/db/000016.sst, reason: 6, is_write_slowdown: no, is_write_stall: no, largest seqno: 653861, smallest seqno: 1
I20230707 09:21:47.029528 52573 event_listener.cc:138] [event_listener/table_file_created] column family: default, file path: /nvme/jinghuan/node_40001/db/000017.sst, file size: 75788164, job id: 4, reason: compaction, status: OK
I20230707 09:21:47.049008 52573 event_listener.cc:71] [event_listener/compaction_completed] column family: default, compaction reason: 11, output compression type: no, base input level(files): 0(1), output level(files): 0(1), input bytes: 75788168, output bytes:75788164, is_manual_compaction:no, elapsed(micro): 644304
I20230707 09:21:47.059161 52573 event_listener.cc:127] [event_listener/table_file_deleted] db: /nvme/jinghuan/node_40001/db, sst file: /nvme/jinghuan/node_40001/db/000016.sst, status: OK
I20230707 09:21:48.206954 52576 event_listener.cc:84] [event_listener/flush_begin] column family: default, thread_id: 52576, job_id: 5, reason: 6
I20230707 09:21:48.598807 52576 event_listener.cc:138] [event_listener/table_file_created] column family: default, file path: /nvme/jinghuan/node_40001/db/000020.sst, file size: 76234462, job id: 5, reason: flush, status: OK
I20230707 09:21:48.614346 52576 event_listener.cc:91] [event_listener/flush_completed] column family: default, thread_id: 52576, job_id: 5, file: /nvme/jinghuan/node_40001/db/000020.sst, reason: 6, is_write_slowdown: no, is_write_stall: no, largest seqno: 1311584, smallest seqno: 653863
I20230707 09:21:50.400537 52575 event_listener.cc:84] [event_listener/flush_begin] column family: default, thread_id: 52575, job_id: 6, reason: 6
I20230707 09:21:50.783253 52575 event_listener.cc:138] [event_listener/table_file_created] column family: default, file path: /nvme/jinghuan/node_40001/db/000023.sst, file size: 75841017, job id: 6, reason: flush, status: OK
I20230707 09:21:50.798626 52575 event_listener.cc:91] [event_listener/flush_completed] column family: default, thread_id: 52575, job_id: 6, file: /nvme/jinghuan/node_40001/db/000023.sst, reason: 6, is_write_slowdown: no, is_write_stall: no, largest seqno: 1965864, smallest seqno: 1311586
I20230707 09:21:52.602653 52576 event_listener.cc:84] [event_listener/flush_begin] column family: default, thread_id: 52576, job_id: 7, reason: 6
W20230707 09:21:53.662020 52808 event_listener.cc:132] [event_listener/stall_cond_changed] column family: default write stall condition was changed, from normal to delay
I20230707 09:21:54.213071 52576 event_listener.cc:138] [event_listener/table_file_created] column family: default, file path: /nvme/jinghuan/node_40001/db/000026.sst, file size: 76438232, job id: 7, reason: flush, status: OK
I20230707 09:21:54.219305 52576 event_listener.cc:91] [event_listener/flush_completed] column family: default, thread_id: 52576, job_id: 7, file: /nvme/jinghuan/node_40001/db/000026.sst, reason: 6, is_write_slowdown: no, is_write_stall: no, largest seqno: 2625325, smallest seqno: 1965866
W20230707 09:21:54.219369 52576 event_listener.cc:132] [event_listener/stall_cond_changed] column family: default write stall condition was changed, from delay to normal
I20230707 09:21:54.359169 52575 event_listener.cc:84] [event_listener/flush_begin] column family: metadata, thread_id: 52575, job_id: 9, reason: 13
I20230707 09:21:54.784891 52576 event_listener.cc:84] [event_listener/flush_begin] column family: default, thread_id: 52576, job_id: 10, reason: 6
W20230707 09:21:55.862486 52808 event_listener.cc:132] [event_listener/stall_cond_changed] column family: default write stall condition was changed, from normal to delay
I20230707 09:21:56.109756 52575 event_listener.cc:138] [event_listener/table_file_created] column family: metadata, file path: /nvme/jinghuan/node_40001/db/000030.sst, file size: 19243637, job id: 9, reason: flush, status: OK
I20230707 09:21:56.116014 52575 event_listener.cc:91] [event_listener/flush_completed] column family: metadata, thread_id: 52575, job_id: 9, file: /nvme/jinghuan/node_40001/db/000030.sst, reason: 13, is_write_slowdown: no, is_write_stall: no, largest seqno: 3147551, smallest seqno: 11
I20230707 09:21:57.011392 52575 event_listener.cc:84] [event_listener/flush_begin] column family: default, thread_id: 52575, job_id: 12, reason: 6
I20230707 09:21:58.009771 52573 event_listener.cc:138] [event_listener/table_file_created] column family: metadata, file path: /nvme/jinghuan/node_40001/db/000034.sst, file size: 19243633, job id: 11, reason: compaction, status: OK
I20230707 09:21:58.017627 52573 event_listener.cc:71] [event_listener/compaction_completed] column family: metadata, compaction reason: 11, output compression type: no, base input level(files): 0(1), output level(files): 0(1), input bytes: 19243637, output bytes:19243633, is_manual_compaction:no, elapsed(micro): 1893657
I20230707 09:22:03.125908 52576 event_listener.cc:138] [event_listener/table_file_created] column family: default, file path: /nvme/jinghuan/node_40001/db/000032.sst, file size: 76363659, job id: 10, reason: flush, status: OK
I20230707 09:22:03.137269 52576 event_listener.cc:91] [event_listener/flush_completed] column family: default, thread_id: 52576, job_id: 10, file: /nvme/jinghuan/node_40001/db/000032.sst, reason: 6, is_write_slowdown: no, is_write_stall: no, largest seqno: 3284126, smallest seqno: 2625327
W20230707 09:22:03.137387 52576 event_listener.cc:132] [event_listener/stall_cond_changed] column family: default write stall condition was changed, from stop to normal
W20230707 09:22:03.137533 52808 event_listener.cc:132] [event_listener/stall_cond_changed] column family: default write stall condition was changed, from delay to stop
I20230707 09:22:03.822134 52575 event_listener.cc:138] [event_listener/table_file_created] column family: default, file path: /nvme/jinghuan/node_40001/db/000036.sst, file size: 75614727, job id: 12, reason: flush, status: OK
I20230707 09:22:03.834765 52575 event_listener.cc:91] [event_listener/flush_completed] column family: default, thread_id: 52575, job_id: 12, file: /nvme/jinghuan/node_40001/db/000036.sst, reason: 6, is_write_slowdown: no, is_write_stall: no, largest seqno: 3936481, smallest seqno: 3284128
I20230707 09:22:05.901674 52576 event_listener.cc:84] [event_listener/flush_begin] column family: default, thread_id: 52576, job_id: 13, reason: 6
W20230707 09:22:07.213389 52805 event_listener.cc:132] [event_listener/stall_cond_changed] column family: default write stall condition was changed, from normal to delay
I20230707 09:22:07.521399 52574 event_listener.cc:138] [event_listener/table_file_created] column family: default, file path: /nvme/jinghuan/node_40001/db/000028.sst, file size: 138732880, job id: 8, reason: compaction, status: OK
I20230707 09:22:08.650748 52575 event_listener.cc:84] [event_listener/flush_begin] column family: default, thread_id: 52575, job_id: 14, reason: 6
I20230707 09:22:14.233650 52576 event_listener.cc:138] [event_listener/table_file_created] column family: default, file path: /nvme/jinghuan/node_40001/db/000039.sst, file size: 83127546, job id: 13, reason: flush, status: OK
I20230707 09:22:14.249574 52576 event_listener.cc:91] [event_listener/flush_completed] column family: default, thread_id: 52576, job_id: 13, file: /nvme/jinghuan/node_40001/db/000039.sst, reason: 6, is_write_slowdown: no, is_write_stall: no, largest seqno: 4653703, smallest seqno: 3936483
W20230707 09:22:14.249696 52576 event_listener.cc:132] [event_listener/stall_cond_changed] column family: default write stall condition was changed, from stop to normal
W20230707 09:22:14.250725 52805 event_listener.cc:132] [event_listener/stall_cond_changed] column family: default write stall condition was changed, from delay to stop
I20230707 09:22:15.533592 52575 event_listener.cc:138] [event_listener/table_file_created] column family: default, file path: /nvme/jinghuan/node_40001/db/000043.sst, file size: 83043779, job id: 14, reason: flush, status: OK
W20230707 09:22:15.540445 52802 event_listener.cc:132] [event_listener/stall_cond_changed] column family: default write stall condition was changed, from normal to delay
I20230707 09:22:15.548295 52575 event_listener.cc:91] [event_listener/flush_completed] column family: default, thread_id: 52575, job_id: 14, file: /nvme/jinghuan/node_40001/db/000043.sst, reason: 6, is_write_slowdown: no, is_write_stall: no, largest seqno: 5370166, smallest seqno: 4653705
W20230707 09:22:15.548508 52575 event_listener.cc:132] [event_listener/stall_cond_changed] column family: default write stall condition was changed, from delay to normal
I20230707 09:22:16.868204 52576 event_listener.cc:84] [event_listener/flush_begin] column family: default, thread_id: 52576, job_id: 16, reason: 6
I20230707 09:22:17.493307 52575 event_listener.cc:84] [event_listener/flush_begin] column family: metadata, thread_id: 52575, job_id: 17, reason: 13
W20230707 09:22:18.089879 52806 event_listener.cc:132] [event_listener/stall_cond_changed] column family: default write stall condition was changed, from normal to delay
I20230707 09:22:20.233562 52575 event_listener.cc:138] [event_listener/table_file_created] column family: metadata, file path: /nvme/jinghuan/node_40001/db/000049.sst, file size: 19237812, job id: 17, reason: flush, status: OK
I20230707 09:22:20.248970 52575 event_listener.cc:91] [event_listener/flush_completed] column family: metadata, thread_id: 52575, job_id: 17, file: /nvme/jinghuan/node_40001/db/000049.sst, reason: 13, is_write_slowdown: no, is_write_stall: no, largest seqno: 6295102, smallest seqno: 3147562
I20230707 09:22:20.299265 52575 event_listener.cc:84] [event_listener/flush_begin] column family: default, thread_id: 52575, job_id: 18, reason: 6
I20230707 09:22:20.829749 52574 event_listener.cc:138] [event_listener/table_file_created] column family: default, file path: /nvme/jinghuan/node_40001/db/000041.sst, file size: 138698040, job id: 8, reason: compaction, status: OK
I20230707 09:22:23.430898 52574 event_listener.cc:138] [event_listener/table_file_created] column family: default, file path: /nvme/jinghuan/node_40001/db/000053.sst, file size: 26734338, job id: 8, reason: compaction, status: OK
I20230707 09:22:23.453629 52574 event_listener.cc:71] [event_listener/compaction_completed] column family: default, compaction reason: 1, output compression type: no, base input level(files): 0(4), output level(files): 1(3), input bytes: 304301875, output bytes:304165258, is_manual_compaction:no, elapsed(micro): 29211503
I20230707 09:22:23.456828 52574 event_listener.cc:127] [event_listener/table_file_deleted] db: /nvme/jinghuan/node_40001/db, sst file: /nvme/jinghuan/node_40001/db/000030.sst, status: OK
I20230707 09:22:23.469391 52574 event_listener.cc:71] [event_listener/compaction_completed] column family: default, compaction reason: 2, output compression type: no, base input level(files): 1(1), output level(files): 2(1), input bytes: 0, output bytes:0, is_manual_compaction:no, elapsed(micro): 0
I20230707 09:22:26.932878 52576 event_listener.cc:138] [event_listener/table_file_created] column family: default, file path: /nvme/jinghuan/node_40001/db/000047.sst, file size: 84853601, job id: 16, reason: flush, status: OK
I20230707 09:22:26.939476 52576 event_listener.cc:91] [event_listener/flush_completed] column family: default, thread_id: 52576, job_id: 16, file: /nvme/jinghuan/node_40001/db/000047.sst, reason: 6, is_write_slowdown: no, is_write_stall: no, largest seqno: 6102249, smallest seqno: 5370168
W20230707 09:22:26.939601 52576 event_listener.cc:132] [event_listener/stall_cond_changed] column family: default write stall condition was changed, from stop to normal
W20230707 09:22:26.939909 52806 event_listener.cc:132] [event_listener/stall_cond_changed] column family: default write stall condition was changed, from delay to stop
I20230707 09:22:27.729434 52575 event_listener.cc:138] [event_listener/table_file_created] column family: default, file path: /nvme/jinghuan/node_40001/db/000052.sst, file size: 85054717, job id: 18, reason: flush, status: OK
I20230707 09:22:27.735692 52575 event_listener.cc:91] [event_listener/flush_completed] column family: default, thread_id: 52575, job_id: 18, file: /nvme/jinghuan/node_40001/db/000052.sst, reason: 6, is_write_slowdown: no, is_write_stall: no, largest seqno: 6836048, smallest seqno: 6102251
I20230707 09:22:29.549978 52576 event_listener.cc:84] [event_listener/flush_begin] column family: default, thread_id: 52576, job_id: 20, reason: 6
W20230707 09:22:30.781067 52808 event_listener.cc:132] [event_listener/stall_cond_changed] column family: default write stall condition was changed, from normal to delay
I20230707 09:22:32.118959 52575 event_listener.cc:84] [event_listener/flush_begin] column family: default, thread_id: 52575, job_id: 21, reason: 6
I20230707 09:22:36.247453 52576 event_listener.cc:138] [event_listener/table_file_created] column family: default, file path: /nvme/jinghuan/node_40001/db/000056.sst, file size: 84963545, job id: 20, reason: flush, status: OK
I20230707 09:22:36.263856 52576 event_listener.cc:91] [event_listener/flush_completed] column family: default, thread_id: 52576, job_id: 20, file: /nvme/jinghuan/node_40001/db/000056.sst, reason: 6, is_write_slowdown: no, is_write_stall: no, largest seqno: 7569088, smallest seqno: 6836050
W20230707 09:22:36.263968 52576 event_listener.cc:132] [event_listener/stall_cond_changed] column family: default write stall condition was changed, from stop to normal
W20230707 09:22:36.267654 52808 event_listener.cc:132] [event_listener/stall_cond_changed] column family: default write stall condition was changed, from delay to stop
W20230707 09:22:37.445708 52806 event_listener.cc:132] [event_listener/stall_cond_changed] column family: default write stall condition was changed, from normal to delay
I20230707 09:22:38.148236 52575 event_listener.cc:138] [event_listener/table_file_created] column family: default, file path: /nvme/jinghuan/node_40001/db/000059.sst, file size: 85045862, job id: 21, reason: flush, status: OK
I20230707 09:22:38.164295 52575 event_listener.cc:91] [event_listener/flush_completed] column family: default, thread_id: 52575, job_id: 21, file: /nvme/jinghuan/node_40001/db/000059.sst, reason: 6, is_write_slowdown: no, is_write_stall: no, largest seqno: 8302854, smallest seqno: 7569090
W20230707 09:22:38.164517 52575 event_listener.cc:132] [event_listener/stall_cond_changed] column family: default write stall condition was changed, from delay to normal
I20230707 09:22:38.651089 52576 event_listener.cc:84] [event_listener/flush_begin] column family: default, thread_id: 52576, job_id: 23, reason: 6
W20230707 09:22:39.779950 52806 event_listener.cc:132] [event_listener/stall_cond_changed] column family: default write stall condition was changed, from normal to delay
I20230707 09:22:40.352692 52575 event_listener.cc:84] [event_listener/flush_begin] column family: metadata, thread_id: 52575, job_id: 24, reason: 13
I20230707 09:22:42.242007 52575 event_listener.cc:138] [event_listener/table_file_created] column family: metadata, file path: /nvme/jinghuan/node_40001/db/000066.sst, file size: 19219088, job id: 24, reason: flush, status: OK
I20230707 09:22:42.250028 52575 event_listener.cc:91] [event_listener/flush_completed] column family: metadata, thread_id: 52575, job_id: 24, file: /nvme/jinghuan/node_40001/db/000066.sst, reason: 13, is_write_slowdown: no, is_write_stall: no, largest seqno: 9442631, smallest seqno: 6295113
I20230707 09:22:42.273699 52575 event_listener.cc:84] [event_listener/flush_begin] column family: default, thread_id: 52575, job_id: 25, reason: 6
I20230707 09:22:46.147505 52576 event_listener.cc:138] [event_listener/table_file_created] column family: default, file path: /nvme/jinghuan/node_40001/db/000063.sst, file size: 77175127, job id: 23, reason: flush, status: OK
I20230707 09:22:46.163313 52576 event_listener.cc:91] [event_listener/flush_completed] column family: default, thread_id: 52576, job_id: 23, file: /nvme/jinghuan/node_40001/db/000063.sst, reason: 6, is_write_slowdown: no, is_write_stall: no, largest seqno: 8968673, smallest seqno: 8302856
W20230707 09:22:46.163620 52576 event_listener.cc:132] [event_listener/stall_cond_changed] column family: default write stall condition was changed, from stop to normal
W20230707 09:22:46.163770 52806 event_listener.cc:132] [event_listener/stall_cond_changed] column family: default write stall condition was changed, from delay to stop
W20230707 09:22:47.350937 52809 event_listener.cc:132] [event_listener/stall_cond_changed] column family: default write stall condition was changed, from normal to delay
I20230707 09:22:47.540334 52573 event_listener.cc:138] [event_listener/table_file_created] column family: default, file path: /nvme/jinghuan/node_40001/db/000045.sst, file size: 318034824, job id: 15, reason: compaction, status: OK
I20230707 09:22:47.568073 52573 event_listener.cc:71] [event_listener/compaction_completed] column family: default, compaction reason: 1, output compression type: no, base input level(files): 0(4), output level(files): 0(1), input bytes: 318149711, output bytes:318034824, is_manual_compaction:no, elapsed(micro): 31991924
I20230707 09:22:47.576282 52573 event_listener.cc:127] [event_listener/table_file_deleted] db: /nvme/jinghuan/node_40001/db, sst file: /nvme/jinghuan/node_40001/db/000026.sst, status: OK
I20230707 09:22:47.583254 52573 event_listener.cc:127] [event_listener/table_file_deleted] db: /nvme/jinghuan/node_40001/db, sst file: /nvme/jinghuan/node_40001/db/000023.sst, status: OK
I20230707 09:22:47.589195 52573 event_listener.cc:127] [event_listener/table_file_deleted] db: /nvme/jinghuan/node_40001/db, sst file: /nvme/jinghuan/node_40001/db/000020.sst, status: OK
I20230707 09:22:47.595348 52573 event_listener.cc:127] [event_listener/table_file_deleted] db: /nvme/jinghuan/node_40001/db, sst file: /nvme/jinghuan/node_40001/db/000017.sst, status: OK
I20230707 09:22:48.552064 52575 event_listener.cc:138] [event_listener/table_file_created] column family: default, file path: /nvme/jinghuan/node_40001/db/000068.sst, file size: 76827293, job id: 25, reason: flush, status: OK
I20230707 09:22:48.587951 52575 event_listener.cc:91] [event_listener/flush_completed] column family: default, thread_id: 52575, job_id: 25, file: /nvme/jinghuan/node_40001/db/000068.sst, reason: 6, is_write_slowdown: no, is_write_stall: no, largest seqno: 9631467, smallest seqno: 8968675
W20230707 09:22:48.588104 52575 event_listener.cc:132] [event_listener/stall_cond_changed] column family: default write stall condition was changed, from stop to normal
W20230707 09:22:48.588229 52809 event_listener.cc:132] [event_listener/stall_cond_changed] column family: default write stall condition was changed, from delay to stop
I20230707 09:22:48.607530 52576 event_listener.cc:84] [event_listener/flush_begin] column family: default, thread_id: 52576, job_id: 28, reason: 6
W20230707 09:22:49.816187 52802 event_listener.cc:132] [event_listener/stall_cond_changed] column family: default write stall condition was changed, from normal to delay
I20230707 09:22:51.059950 52575 event_listener.cc:84] [event_listener/flush_begin] column family: default, thread_id: 52575, job_id: 31, reason: 6
I20230707 09:22:52.946103 52576 event_listener.cc:138] [event_listener/table_file_created] column family: default, file path: /nvme/jinghuan/node_40001/db/000071.sst, file size: 77371210, job id: 28, reason: flush, status: OK
I20230707 09:22:52.952353 52576 event_listener.cc:91] [event_listener/flush_completed] column family: default, thread_id: 52576, job_id: 28, file: /nvme/jinghuan/node_40001/db/000071.sst, reason: 6, is_write_slowdown: no, is_write_stall: no, largest seqno: 10298991, smallest seqno: 9631469
W20230707 09:22:52.952396 52576 event_listener.cc:132] [event_listener/stall_cond_changed] column family: default write stall condition was changed, from stop to normal
W20230707 09:22:52.952667 52802 event_listener.cc:132] [event_listener/stall_cond_changed] column family: default write stall condition was changed, from delay to stop
W20230707 09:22:54.257934 52804 event_listener.cc:132] [event_listener/stall_cond_changed] column family: default write stall condition was changed, from normal to delay
I20230707 09:22:55.664091 52576 event_listener.cc:84] [event_listener/flush_begin] column family: default, thread_id: 52576, job_id: 35, reason: 6
I20230707 09:22:56.052388 52575 event_listener.cc:138] [event_listener/table_file_created] column family: default, file path: /nvme/jinghuan/node_40001/db/000074.sst, file size: 77255334, job id: 31, reason: flush, status: OK
I20230707 09:22:56.068065 52575 event_listener.cc:91] [event_listener/flush_completed] column family: default, thread_id: 52575, job_id: 31, file: /nvme/jinghuan/node_40001/db/000074.sst, reason: 6, is_write_slowdown: no, is_write_stall: no, largest seqno: 10965492, smallest seqno: 10298993
W20230707 09:22:56.068238 52575 event_listener.cc:132] [event_listener/stall_cond_changed] column family: default write stall condition was changed, from stop to normal
W20230707 09:22:56.068696 52804 event_listener.cc:132] [event_listener/stall_cond_changed] column family: default write stall condition was changed, from delay to stop
W20230707 09:22:57.236407 52802 event_listener.cc:132] [event_listener/stall_cond_changed] column family: default write stall condition was changed, from normal to delay
I20230707 09:22:58.458204 52575 event_listener.cc:84] [event_listener/flush_begin] column family: default, thread_id: 52575, job_id: 37, reason: 6
I20230707 09:23:03.359385 52576 event_listener.cc:138] [event_listener/table_file_created] column family: default, file path: /nvme/jinghuan/node_40001/db/000077.sst, file size: 84804083, job id: 35, reason: flush, status: OK
I20230707 09:23:03.371951 52576 event_listener.cc:91] [event_listener/flush_completed] column family: default, thread_id: 52576, job_id: 35, file: /nvme/jinghuan/node_40001/db/000077.sst, reason: 6, is_write_slowdown: no, is_write_stall: no, largest seqno: 11697146, smallest seqno: 10965494
W20230707 09:23:03.372056 52576 event_listener.cc:132] [event_listener/stall_cond_changed] column family: default write stall condition was changed, from stop to normal
W20230707 09:23:03.372534 52802 event_listener.cc:132] [event_listener/stall_cond_changed] column family: default write stall condition was changed, from delay to stop
I20230707 09:23:04.213021 52576 event_listener.cc:84] [event_listener/flush_begin] column family: metadata, thread_id: 52576, job_id: 38, reason: 13
W20230707 09:23:04.533522 52809 event_listener.cc:132] [event_listener/stall_cond_changed] column family: default write stall condition was changed, from normal to delay
I20230707 09:23:05.463340 52575 event_listener.cc:138] [event_listener/table_file_created] column family: default, file path: /nvme/jinghuan/node_40001/db/000081.sst, file size: 76468094, job id: 37, reason: flush, status: OK
I20230707 09:23:05.475926 52575 event_listener.cc:91] [event_listener/flush_completed] column family: default, thread_id: 52575, job_id: 37, file: /nvme/jinghuan/node_40001/db/000081.sst, reason: 6, is_write_slowdown: no, is_write_stall: no, largest seqno: 12356904, smallest seqno: 11697148
W20230707 09:23:05.476030 52575 event_listener.cc:132] [event_listener/stall_cond_changed] column family: default write stall condition was changed, from delay to normal
I20230707 09:23:05.743019 52575 event_listener.cc:84] [event_listener/flush_begin] column family: default, thread_id: 52575, job_id: 39, reason: 6
I20230707 09:23:06.059921 52576 event_listener.cc:138] [event_listener/table_file_created] column family: metadata, file path: /nvme/jinghuan/node_40001/db/000083.sst, file size: 19220894, job id: 38, reason: flush, status: OK
I20230707 09:23:06.069360 52576 event_listener.cc:91] [event_listener/flush_completed] column family: metadata, thread_id: 52576, job_id: 38, file: /nvme/jinghuan/node_40001/db/000083.sst, reason: 13, is_write_slowdown: no, is_write_stall: no, largest seqno: 12590204, smallest seqno: 9442642
W20230707 09:23:06.862300 52809 event_listener.cc:132] [event_listener/stall_cond_changed] column family: default write stall condition was changed, from normal to delay
I20230707 09:23:08.096179 52576 event_listener.cc:84] [event_listener/flush_begin] column family: default, thread_id: 52576, job_id: 40, reason: 6
I20230707 09:23:12.560851 52575 event_listener.cc:138] [event_listener/table_file_created] column family: default, file path: /nvme/jinghuan/node_40001/db/000086.sst, file size: 76202460, job id: 39, reason: flush, status: OK
I20230707 09:23:12.567312 52575 event_listener.cc:91] [event_listener/flush_completed] column family: default, thread_id: 52575, job_id: 39, file: /nvme/jinghuan/node_40001/db/000086.sst, reason: 6, is_write_slowdown: no, is_write_stall: no, largest seqno: 13014363, smallest seqno: 12356906
W20230707 09:23:12.567531 52575 event_listener.cc:132] [event_listener/stall_cond_changed] column family: default write stall condition was changed, from stop to normal
W20230707 09:23:12.567711 52809 event_listener.cc:132] [event_listener/stall_cond_changed] column family: default write stall condition was changed, from delay to stop
I20230707 09:23:13.058364 52574 event_listener.cc:138] [event_listener/table_file_created] column family: default, file path: /nvme/jinghuan/node_40001/db/000061.sst, file size: 339788638, job id: 22, reason: compaction, status: OK
I20230707 09:23:13.077629 52574 event_listener.cc:71] [event_listener/compaction_completed] column family: default, compaction reason: 1, output compression type: no, base input level(files): 0(4), output level(files): 0(1), input bytes: 339917725, output bytes:339788638, is_manual_compaction:no, elapsed(micro): 34893944
I20230707 09:23:13.085626 52574 event_listener.cc:127] [event_listener/table_file_deleted] db: /nvme/jinghuan/node_40001/db, sst file: /nvme/jinghuan/node_40001/db/000043.sst, status: OK
I20230707 09:23:13.091991 52574 event_listener.cc:127] [event_listener/table_file_deleted] db: /nvme/jinghuan/node_40001/db, sst file: /nvme/jinghuan/node_40001/db/000039.sst, status: OK
I20230707 09:23:13.097389 52574 event_listener.cc:127] [event_listener/table_file_deleted] db: /nvme/jinghuan/node_40001/db, sst file: /nvme/jinghuan/node_40001/db/000036.sst, status: OK
I20230707 09:23:13.102923 52574 event_listener.cc:127] [event_listener/table_file_deleted] db: /nvme/jinghuan/node_40001/db, sst file: /nvme/jinghuan/node_40001/db/000032.sst, status: OK
W20230707 09:23:13.786731 52807 event_listener.cc:132] [event_listener/stall_cond_changed] column family: default write stall condition was changed, from normal to delay
I20230707 09:23:14.467952 52576 event_listener.cc:138] [event_listener/table_file_created] column family: default, file path: /nvme/jinghuan/node_40001/db/000089.sst, file size: 77066348, job id: 40, reason: flush, status: OK
I20230707 09:23:14.476042 52576 event_listener.cc:91] [event_listener/flush_completed] column family: default, thread_id: 52576, job_id: 40, file: /nvme/jinghuan/node_40001/db/000089.sst, reason: 6, is_write_slowdown: no, is_write_stall: no, largest seqno: 13679192, smallest seqno: 13014365
W20230707 09:23:14.476091 52576 event_listener.cc:132] [event_listener/stall_cond_changed] column family: default write stall condition was changed, from delay to normal
I20230707 09:23:15.065321 52575 event_listener.cc:84] [event_listener/flush_begin] column family: default, thread_id: 52575, job_id: 43, reason: 6
W20230707 09:23:16.266393 52804 event_listener.cc:132] [event_listener/stall_cond_changed] column family: default write stall condition was changed, from normal to delay
I20230707 09:23:17.513135 52576 event_listener.cc:84] [event_listener/flush_begin] column family: default, thread_id: 52576, job_id: 44, reason: 6
I20230707 09:23:20.266516 52574 event_listener.cc:138] [event_listener/table_file_created] column family: metadata, file path: /nvme/jinghuan/node_40001/db/000090.sst, file size: 76273849, job id: 42, reason: compaction, status: OK
I20230707 09:23:20.281965 52574 event_listener.cc:71] [event_listener/compaction_completed] column family: metadata, compaction reason: 1, output compression type: no, base input level(files): 0(4), output level(files): 1(1), input bytes: 76921427, output bytes:76273849, is_manual_compaction:no, elapsed(micro): 7163584
I20230707 09:23:20.286271 52574 event_listener.cc:127] [event_listener/table_file_deleted] db: /nvme/jinghuan/node_40001/db, sst file: /nvme/jinghuan/node_40001/db/000066.sst, status: OK
I20230707 09:23:20.290041 52574 event_listener.cc:127] [event_listener/table_file_deleted] db: /nvme/jinghuan/node_40001/db, sst file: /nvme/jinghuan/node_40001/db/000049.sst, status: OK
I20230707 09:23:20.292721 52574 event_listener.cc:127] [event_listener/table_file_deleted] db: /nvme/jinghuan/node_40001/db, sst file: /nvme/jinghuan/node_40001/db/000034.sst, status: OK
I20230707 09:23:21.175535 52575 event_listener.cc:138] [event_listener/table_file_created] column family: default, file path: /nvme/jinghuan/node_40001/db/000093.sst, file size: 77813870, job id: 43, reason: flush, status: OK
I20230707 09:23:21.191555 52575 event_listener.cc:91] [event_listener/flush_completed] column family: default, thread_id: 52575, job_id: 43, file: /nvme/jinghuan/node_40001/db/000093.sst, reason: 6, is_write_slowdown: no, is_write_stall: no, largest seqno: 14350478, smallest seqno: 13679194
W20230707 09:23:21.191659 52575 event_listener.cc:132] [event_listener/stall_cond_changed] column family: default write stall condition was changed, from stop to normal
W20230707 09:23:21.191962 52804 event_listener.cc:132] [event_listener/stall_cond_changed] column family: default write stall condition was changed, from delay to stop
W20230707 09:23:22.441208 52807 event_listener.cc:132] [event_listener/stall_cond_changed] column family: default write stall condition was changed, from normal to delay
I20230707 09:23:23.274214 52576 event_listener.cc:138] [event_listener/table_file_created] column family: default, file path: /nvme/jinghuan/node_40001/db/000096.sst, file size: 77227269, job id: 44, reason: flush, status: OK
I20230707 09:23:23.285626 52576 event_listener.cc:91] [event_listener/flush_completed] column family: default, thread_id: 52576, job_id: 44, file: /nvme/jinghuan/node_40001/db/000096.sst, reason: 6, is_write_slowdown: no, is_write_stall: no, largest seqno: 15016748, smallest seqno: 14350480
W20230707 09:23:23.285730 52576 event_listener.cc:132] [event_listener/stall_cond_changed] column family: default write stall condition was changed, from delay to normal
I20230707 09:23:23.632757 52575 event_listener.cc:84] [event_listener/flush_begin] column family: default, thread_id: 52575, job_id: 46, reason: 6
I20230707 09:23:23.805081 52576 event_listener.cc:84] [event_listener/flush_begin] column family: metadata, thread_id: 52576, job_id: 47, reason: 13
W20230707 09:23:24.721722 52807 event_listener.cc:132] [event_listener/stall_cond_changed] column family: default write stall condition was changed, from normal to delay
I20230707 09:23:25.574018 52576 event_listener.cc:138] [event_listener/table_file_created] column family: metadata, file path: /nvme/jinghuan/node_40001/db/000102.sst, file size: 19250597, job id: 47, reason: flush, status: OK
I20230707 09:23:25.582324 52576 event_listener.cc:91] [event_listener/flush_completed] column family: metadata, thread_id: 52576, job_id: 47, file: /nvme/jinghuan/node_40001/db/000102.sst, reason: 13, is_write_slowdown: no, is_write_stall: no, largest seqno: 15737788, smallest seqno: 12590215
I20230707 09:23:25.950495 52576 event_listener.cc:84] [event_listener/flush_begin] column family: default, thread_id: 52576, job_id: 48, reason: 6
I20230707 09:23:27.074636 52573 event_listener.cc:138] [event_listener/table_file_created] column family: default, file path: /nvme/jinghuan/node_40001/db/000078.sst, file size: 308465348, job id: 36, reason: compaction, status: OK
I20230707 09:23:27.098855 52573 event_listener.cc:71] [event_listener/compaction_completed] column family: default, compaction reason: 1, output compression type: no, base input level(files): 0(4), output level(files): 0(1), input bytes: 308628964, output bytes:308465348, is_manual_compaction:no, elapsed(micro): 31006480
I20230707 09:23:27.103016 52573 event_listener.cc:127] [event_listener/table_file_deleted] db: /nvme/jinghuan/node_40001/db, sst file: /nvme/jinghuan/node_40001/db/000083.sst, status: OK
I20230707 09:23:27.111980 52573 event_listener.cc:127] [event_listener/table_file_deleted] db: /nvme/jinghuan/node_40001/db, sst file: /nvme/jinghuan/node_40001/db/000059.sst, status: OK
I20230707 09:23:27.117832 52573 event_listener.cc:127] [event_listener/table_file_deleted] db: /nvme/jinghuan/node_40001/db, sst file: /nvme/jinghuan/node_40001/db/000056.sst, status: OK
I20230707 09:23:27.123873 52573 event_listener.cc:127] [event_listener/table_file_deleted] db: /nvme/jinghuan/node_40001/db, sst file: /nvme/jinghuan/node_40001/db/000052.sst, status: OK
I20230707 09:23:27.129909 52573 event_listener.cc:127] [event_listener/table_file_deleted] db: /nvme/jinghuan/node_40001/db, sst file: /nvme/jinghuan/node_40001/db/000047.sst, status: OK
I20230707 09:23:29.280057 52575 event_listener.cc:138] [event_listener/table_file_created] column family: default, file path: /nvme/jinghuan/node_40001/db/000100.sst, file size: 76729463, job id: 46, reason: flush, status: OK
I20230707 09:23:29.295629 52575 event_listener.cc:91] [event_listener/flush_completed] column family: default, thread_id: 52575, job_id: 46, file: /nvme/jinghuan/node_40001/db/000100.sst, reason: 6, is_write_slowdown: no, is_write_stall: no, largest seqno: 15678739, smallest seqno: 15016750
W20230707 09:23:29.295773 52575 event_listener.cc:132] [event_listener/stall_cond_changed] column family: default write stall condition was changed, from stop to normal
W20230707 09:23:29.296097 52803 event_listener.cc:132] [event_listener/stall_cond_changed] column family: default write stall condition was changed, from delay to stop
I20230707 09:23:30.377036 52576 event_listener.cc:138] [event_listener/table_file_created] column family: default, file path: /nvme/jinghuan/node_40001/db/000105.sst, file size: 76282278, job id: 48, reason: flush, status: OK
I20230707 09:23:30.391057 52576 event_listener.cc:91] [event_listener/flush_completed] column family: default, thread_id: 52576, job_id: 48, file: /nvme/jinghuan/node_40001/db/000105.sst, reason: 6, is_write_slowdown: no, is_write_stall: no, largest seqno: 16336858, smallest seqno: 15678741
I20230707 09:23:31.732194 52575 event_listener.cc:84] [event_listener/flush_begin] column family: default, thread_id: 52575, job_id: 52, reason: 6
W20230707 09:23:32.834582 52809 event_listener.cc:132] [event_listener/stall_cond_changed] column family: default write stall condition was changed, from normal to delay
I20230707 09:23:34.068632 52576 event_listener.cc:84] [event_listener/flush_begin] column family: default, thread_id: 52576, job_id: 53, reason: 6
I20230707 09:23:36.578943 52575 event_listener.cc:138] [event_listener/table_file_created] column family: default, file path: /nvme/jinghuan/node_40001/db/000109.sst, file size: 75147999, job id: 52, reason: flush, status: OK
I20230707 09:23:36.589730 52575 event_listener.cc:91] [event_listener/flush_completed] column family: default, thread_id: 52575, job_id: 52, file: /nvme/jinghuan/node_40001/db/000109.sst, reason: 6, is_write_slowdown: no, is_write_stall: no, largest seqno: 16985187, smallest seqno: 16336860
W20230707 09:23:36.589771 52575 event_listener.cc:132] [event_listener/stall_cond_changed] column family: default write stall condition was changed, from stop to normal
W20230707 09:23:36.590386 52803 event_listener.cc:132] [event_listener/stall_cond_changed] column family: default write stall condition was changed, from delay to stop
W20230707 09:23:37.754879 52809 event_listener.cc:132] [event_listener/stall_cond_changed] column family: default write stall condition was changed, from normal to delay
I20230707 09:23:38.884629 52576 event_listener.cc:138] [event_listener/table_file_created] column family: default, file path: /nvme/jinghuan/node_40001/db/000112.sst, file size: 76028703, job id: 53, reason: flush, status: OK
I20230707 09:23:38.897150 52576 event_listener.cc:91] [event_listener/flush_completed] column family: default, thread_id: 52576, job_id: 53, file: /nvme/jinghuan/node_40001/db/000112.sst, reason: 6, is_write_slowdown: no, is_write_stall: no, largest seqno: 17641106, smallest seqno: 16985189
W20230707 09:23:38.897204 52576 event_listener.cc:132] [event_listener/stall_cond_changed] column family: default write stall condition was changed, from delay to normal
I20230707 09:23:39.003995 52575 event_listener.cc:84] [event_listener/flush_begin] column family: default, thread_id: 52575, job_id: 54, reason: 6
W20230707 09:23:40.117347 52809 event_listener.cc:132] [event_listener/stall_cond_changed] column family: default write stall condition was changed, from normal to delay
I20230707 09:23:41.046509 52576 event_listener.cc:84] [event_listener/flush_begin] column family: metadata, thread_id: 52576, job_id: 55, reason: 13
I20230707 09:23:42.785523 52576 event_listener.cc:138] [event_listener/table_file_created] column family: metadata, file path: /nvme/jinghuan/node_40001/db/000118.sst, file size: 19250244, job id: 55, reason: flush, status: OK
I20230707 09:23:42.793948 52576 event_listener.cc:91] [event_listener/flush_completed] column family: metadata, thread_id: 52576, job_id: 55, file: /nvme/jinghuan/node_40001/db/000118.sst, reason: 13, is_write_slowdown: no, is_write_stall: no, largest seqno: 18885394, smallest seqno: 15737799
I20230707 09:23:42.809190 52576 event_listener.cc:84] [event_listener/flush_begin] column family: default, thread_id: 52576, job_id: 56, reason: 6
I20230707 09:23:43.791254 52575 event_listener.cc:138] [event_listener/table_file_created] column family: default, file path: /nvme/jinghuan/node_40001/db/000115.sst, file size: 76598420, job id: 54, reason: flush, status: OK
I20230707 09:23:43.807260 52575 event_listener.cc:91] [event_listener/flush_completed] column family: default, thread_id: 52575, job_id: 54, file: /nvme/jinghuan/node_40001/db/000115.sst, reason: 6, is_write_slowdown: no, is_write_stall: no, largest seqno: 18301931, smallest seqno: 17641108
W20230707 09:23:43.807572 52575 event_listener.cc:132] [event_listener/stall_cond_changed] column family: default write stall condition was changed, from stop to normal
W20230707 09:23:43.807788 52809 event_listener.cc:132] [event_listener/stall_cond_changed] column family: default write stall condition was changed, from delay to stop
W20230707 09:23:45.091928 52807 event_listener.cc:132] [event_listener/stall_cond_changed] column family: default write stall condition was changed, from normal to delay
I20230707 09:23:46.446312 52575 event_listener.cc:84] [event_listener/flush_begin] column family: default, thread_id: 52575, job_id: 57, reason: 6
I20230707 09:23:47.995689 52576 event_listener.cc:138] [event_listener/table_file_created] column family: default, file path: /nvme/jinghuan/node_40001/db/000120.sst, file size: 77533603, job id: 56, reason: flush, status: OK
I20230707 09:23:48.002537 52576 event_listener.cc:91] [event_listener/flush_completed] column family: default, thread_id: 52576, job_id: 56, file: /nvme/jinghuan/node_40001/db/000120.sst, reason: 6, is_write_slowdown: no, is_write_stall: no, largest seqno: 18970852, smallest seqno: 18301933
W20230707 09:23:48.002704 52576 event_listener.cc:132] [event_listener/stall_cond_changed] column family: default write stall condition was changed, from stop to normal
W20230707 09:23:48.002883 52807 event_listener.cc:132] [event_listener/stall_cond_changed] column family: default write stall condition was changed, from delay to stop
I20230707 09:23:48.288787 52574 event_listener.cc:138] [event_listener/table_file_created] column family: default, file path: /nvme/jinghuan/node_40001/db/000097.sst, file size: 314421750, job id: 45, reason: compaction, status: OK
I20230707 09:23:48.316993 52574 event_listener.cc:71] [event_listener/compaction_completed] column family: default, compaction reason: 1, output compression type: no, base input level(files): 0(4), output level(files): 0(1), input bytes: 314540985, output bytes:314421750, is_manual_compaction:no, elapsed(micro): 27996084
I20230707 09:23:48.327579 52574 event_listener.cc:127] [event_listener/table_file_deleted] db: /nvme/jinghuan/node_40001/db, sst file: /nvme/jinghuan/node_40001/db/000074.sst, status: OK
I20230707 09:23:48.334507 52574 event_listener.cc:127] [event_listener/table_file_deleted] db: /nvme/jinghuan/node_40001/db, sst file: /nvme/jinghuan/node_40001/db/000071.sst, status: OK
I20230707 09:23:48.341617 52574 event_listener.cc:127] [event_listener/table_file_deleted] db: /nvme/jinghuan/node_40001/db, sst file: /nvme/jinghuan/node_40001/db/000068.sst, status: OK
I20230707 09:23:48.348389 52574 event_listener.cc:127] [event_listener/table_file_deleted] db: /nvme/jinghuan/node_40001/db, sst file: /nvme/jinghuan/node_40001/db/000063.sst, status: OK
W20230707 09:23:49.360565 52803 event_listener.cc:132] [event_listener/stall_cond_changed] column family: default write stall condition was changed, from normal to delay
I20230707 09:23:50.766332 52576 event_listener.cc:84] [event_listener/flush_begin] column family: default, thread_id: 52576, job_id: 59, reason: 6
I20230707 09:23:50.888506 52575 event_listener.cc:138] [event_listener/table_file_created] column family: default, file path: /nvme/jinghuan/node_40001/db/000123.sst, file size: 82663243, job id: 57, reason: flush, status: OK
I20230707 09:23:50.898671 52575 event_listener.cc:91] [event_listener/flush_completed] column family: default, thread_id: 52575, job_id: 57, file: /nvme/jinghuan/node_40001/db/000123.sst, reason: 6, is_write_slowdown: no, is_write_stall: no, largest seqno: 19684048, smallest seqno: 18970854
W20230707 09:23:50.898715 52575 event_listener.cc:132] [event_listener/stall_cond_changed] column family: default write stall condition was changed, from stop to normal
W20230707 09:23:50.899432 52803 event_listener.cc:132] [event_listener/stall_cond_changed] column family: default write stall condition was changed, from delay to stop
W20230707 09:23:52.224743 52804 event_listener.cc:132] [event_listener/stall_cond_changed] column family: default write stall condition was changed, from normal to delay
I20230707 09:23:53.596170 52575 event_listener.cc:84] [event_listener/flush_begin] column family: default, thread_id: 52575, job_id: 60, reason: 6
I20230707 09:23:55.692206 52573 event_listener.cc:138] [event_listener/table_file_created] column family: default, file path: /nvme/jinghuan/node_40001/db/000106.sst, file size: 307935692, job id: 51, reason: compaction, status: OK
I20230707 09:23:55.719599 52573 event_listener.cc:71] [event_listener/compaction_completed] column family: default, compaction reason: 1, output compression type: no, base input level(files): 0(4), output level(files): 0(1), input bytes: 308052880, output bytes:307935692, is_manual_compaction:no, elapsed(micro): 25301097
I20230707 09:23:55.733139 52573 event_listener.cc:127] [event_listener/table_file_deleted] db: /nvme/jinghuan/node_40001/db, sst file: /nvme/jinghuan/node_40001/db/000089.sst, status: OK
I20230707 09:23:55.738217 52573 event_listener.cc:127] [event_listener/table_file_deleted] db: /nvme/jinghuan/node_40001/db, sst file: /nvme/jinghuan/node_40001/db/000086.sst, status: OK
I20230707 09:23:55.743476 52573 event_listener.cc:127] [event_listener/table_file_deleted] db: /nvme/jinghuan/node_40001/db, sst file: /nvme/jinghuan/node_40001/db/000081.sst, status: OK
I20230707 09:23:55.749475 52573 event_listener.cc:127] [event_listener/table_file_deleted] db: /nvme/jinghuan/node_40001/db, sst file: /nvme/jinghuan/node_40001/db/000077.sst, status: OK
I20230707 09:23:55.793320 52576 event_listener.cc:138] [event_listener/table_file_created] column family: default, file path: /nvme/jinghuan/node_40001/db/000127.sst, file size: 84997030, job id: 59, reason: flush, status: OK
I20230707 09:23:55.808888 52576 event_listener.cc:91] [event_listener/flush_completed] column family: default, thread_id: 52576, job_id: 59, file: /nvme/jinghuan/node_40001/db/000127.sst, reason: 6, is_write_slowdown: no, is_write_stall: no, largest seqno: 20417363, smallest seqno: 19684050
W20230707 09:23:55.809028 52576 event_listener.cc:132] [event_listener/stall_cond_changed] column family: default write stall condition was changed, from stop to normal
W20230707 09:23:55.809083 52808 event_listener.cc:132] [event_listener/stall_cond_changed] column family: default write stall condition was changed, from delay to stop
W20230707 09:23:57.058249 52807 event_listener.cc:132] [event_listener/stall_cond_changed] column family: default write stall condition was changed, from normal to delay
I20230707 09:23:57.604892 52575 event_listener.cc:138] [event_listener/table_file_created] column family: default, file path: /nvme/jinghuan/node_40001/db/000130.sst, file size: 85046760, job id: 60, reason: flush, status: OK
I20230707 09:23:57.620266 52575 event_listener.cc:91] [event_listener/flush_completed] column family: default, thread_id: 52575, job_id: 60, file: /nvme/jinghuan/node_40001/db/000130.sst, reason: 6, is_write_slowdown: no, is_write_stall: no, largest seqno: 21151129, smallest seqno: 20417365
W20230707 09:23:57.620390 52575 event_listener.cc:132] [event_listener/stall_cond_changed] column family: default write stall condition was changed, from delay to normal
I20230707 09:23:58.323815 52576 event_listener.cc:84] [event_listener/flush_begin] column family: default, thread_id: 52576, job_id: 66, reason: 6
I20230707 09:23:59.043377 52805 cluster.cc:923] function: Migrate parallel seek-and-insert
