Log file created at: 2023/06/30 02:08:10
Running on machine: en4217754l
Running duration (h:mm:ss): 0:00:00
Log line format: [IWEF]yyyymmdd hh:mm:ss.uuuuuu threadid file:line] msg
I20230630 02:08:10.400666 1189291 main.cc:328] kvrocks unstable (commit 4a10c89)
I20230630 02:08:10.765027 1189291 storage.cc:322] [storage] Success to load the data from disk: 119 ms
I20230630 02:08:10.765405 1189291 worker.cc:72] [worker] Listening on: 10.218.109.65:40002
I20230630 02:08:10.765424 1189291 worker.cc:72] [worker] Listening on: 127.0.0.1:40002
I20230630 02:08:10.765838 1189291 worker.cc:72] [worker] Listening on: 10.218.109.65:40002
I20230630 02:08:10.765880 1189291 worker.cc:72] [worker] Listening on: 127.0.0.1:40002
I20230630 02:08:10.766193 1189291 worker.cc:72] [worker] Listening on: 10.218.109.65:40002
I20230630 02:08:10.766232 1189291 worker.cc:72] [worker] Listening on: 127.0.0.1:40002
I20230630 02:08:10.766527 1189291 worker.cc:72] [worker] Listening on: 10.218.109.65:40002
I20230630 02:08:10.766564 1189291 worker.cc:72] [worker] Listening on: 127.0.0.1:40002
I20230630 02:08:10.766866 1189291 worker.cc:72] [worker] Listening on: 10.218.109.65:40002
I20230630 02:08:10.766902 1189291 worker.cc:72] [worker] Listening on: 127.0.0.1:40002
I20230630 02:08:10.767184 1189291 worker.cc:72] [worker] Listening on: 10.218.109.65:40002
I20230630 02:08:10.767220 1189291 worker.cc:72] [worker] Listening on: 127.0.0.1:40002
I20230630 02:08:10.767520 1189291 worker.cc:72] [worker] Listening on: 10.218.109.65:40002
I20230630 02:08:10.767568 1189291 worker.cc:72] [worker] Listening on: 127.0.0.1:40002
I20230630 02:08:10.767845 1189291 worker.cc:72] [worker] Listening on: 10.218.109.65:40002
I20230630 02:08:10.767882 1189291 worker.cc:72] [worker] Listening on: 127.0.0.1:40002
W20230630 02:08:10.768111 1189291 server.cc:1650] [server] Increased maximum number of open files to 14224 (it's originally set to 1024)
I20230630 02:08:10.768537 1189291 cluster.cc:643] The cluster nodes file /nvme/jinghuan/node_40002/nodes.conf is not found. Use CLUSTERX subcommands to specify it.
I20230630 02:08:10.768568 1189291 cluster.cc:643] The cluster nodes file /nvme/jinghuan/node_40002/nodes.conf is not found. Use CLUSTERX subcommands to specify it.
I20230630 02:08:10.775244 1189291 worker.cc:519] [worker] Thread #140485226100480 started
I20230630 02:08:10.775321 1189291 worker.cc:519] [worker] Thread #140485234493184 started
I20230630 02:08:10.775429 1189291 worker.cc:519] [worker] Thread #140485658019584 started
I20230630 02:08:10.775581 1189291 worker.cc:519] [worker] Thread #140485649626880 started
I20230630 02:08:10.775683 1189291 worker.cc:519] [worker] Thread #140485641234176 started
I20230630 02:08:10.775794 1189291 worker.cc:519] [worker] Thread #140485293242112 started
I20230630 02:08:10.775892 1189291 worker.cc:519] [worker] Thread #140485284849408 started
I20230630 02:08:10.775990 1189291 worker.cc:519] [worker] Thread #140485276456704 started
I20230630 02:08:10.776173 1189291 server.cc:211] [server] Ready to accept connections
I20230630 02:11:53.662808 1189529 cluster.cc:286] MASTER MODE enabled by cluster topology setting
I20230630 02:11:53.667693 1189531 cluster.cc:286] MASTER MODE enabled by cluster topology setting
I20230630 02:11:53.793329 1189532 cluster.cc:387] [import] Start importing slot 0
I20230630 02:11:55.496848 1189298 event_listener.cc:84] [event_listener/flush_begin] column family: default, thread_id: 1189298, job_id: 3, reason: 6
W20230630 02:11:56.123348 1189532 event_listener.cc:132] [event_listener/stall_cond_changed] column family: default write stall condition was changed, from normal to delay
I20230630 02:11:57.020411 1189299 event_listener.cc:84] [event_listener/flush_begin] column family: default, thread_id: 1189299, job_id: 4, reason: 6
I20230630 02:12:03.526176 1189298 event_listener.cc:138] [event_listener/table_file_created] column family: default, file path: /nvme/jinghuan/node_40002/db/000016.sst, file size: 115058377, job id: 3, reason: flush, status: OK
I20230630 02:12:03.536607 1189298 event_listener.cc:91] [event_listener/flush_completed] column family: default, thread_id: 1189298, job_id: 3, file: /nvme/jinghuan/node_40002/db/000016.sst, reason: 6, is_write_slowdown: no, is_write_stall: no, largest seqno: 139682, smallest seqno: 3
W20230630 02:12:03.536669 1189298 event_listener.cc:132] [event_listener/stall_cond_changed] column family: default write stall condition was changed, from stop to normal
W20230630 02:12:03.545797 1189532 event_listener.cc:132] [event_listener/stall_cond_changed] column family: default write stall condition was changed, from delay to stop
I20230630 02:12:04.025753 1189299 event_listener.cc:138] [event_listener/table_file_created] column family: default, file path: /nvme/jinghuan/node_40002/db/000019.sst, file size: 103647552, job id: 4, reason: flush, status: OK
I20230630 02:12:04.034597 1189299 event_listener.cc:91] [event_listener/flush_completed] column family: default, thread_id: 1189299, job_id: 4, file: /nvme/jinghuan/node_40002/db/000019.sst, reason: 6, is_write_slowdown: no, is_write_stall: no, largest seqno: 263425, smallest seqno: 139684
I20230630 02:12:05.690718 1189298 event_listener.cc:84] [event_listener/flush_begin] column family: default, thread_id: 1189298, job_id: 6, reason: 6
W20230630 02:12:06.495997 1189532 event_listener.cc:132] [event_listener/stall_cond_changed] column family: default write stall condition was changed, from normal to delay
I20230630 02:12:07.527516 1189299 event_listener.cc:84] [event_listener/flush_begin] column family: default, thread_id: 1189299, job_id: 7, reason: 6
I20230630 02:12:13.625149 1189296 event_listener.cc:138] [event_listener/table_file_created] column family: default, file path: /nvme/jinghuan/node_40002/db/000020.sst, file size: 115058373, job id: 5, reason: compaction, status: OK
I20230630 02:12:13.635651 1189296 event_listener.cc:71] [event_listener/compaction_completed] column family: default, compaction reason: 11, output compression type: no, base input level(files): 0(1), output level(files): 0(1), input bytes: 115058377, output bytes:115058373, is_manual_compaction:no, elapsed(micro): 10079283
I20230630 02:12:15.539399 1189298 event_listener.cc:138] [event_listener/table_file_created] column family: default, file path: /nvme/jinghuan/node_40002/db/000023.sst, file size: 112431116, job id: 6, reason: flush, status: OK
I20230630 02:12:15.550388 1189298 event_listener.cc:91] [event_listener/flush_completed] column family: default, thread_id: 1189298, job_id: 6, file: /nvme/jinghuan/node_40002/db/000023.sst, reason: 6, is_write_slowdown: no, is_write_stall: no, largest seqno: 400548, smallest seqno: 263427
W20230630 02:12:15.550550 1189298 event_listener.cc:132] [event_listener/stall_cond_changed] column family: default write stall condition was changed, from stop to normal
W20230630 02:12:15.551152 1189527 event_listener.cc:132] [event_listener/stall_cond_changed] column family: default write stall condition was changed, from delay to stop
I20230630 02:12:16.236660 1189299 event_listener.cc:138] [event_listener/table_file_created] column family: default, file path: /nvme/jinghuan/node_40002/db/000026.sst, file size: 106565638, job id: 7, reason: flush, status: OK
I20230630 02:12:16.253612 1189299 event_listener.cc:91] [event_listener/flush_completed] column family: default, thread_id: 1189299, job_id: 7, file: /nvme/jinghuan/node_40002/db/000026.sst, reason: 6, is_write_slowdown: no, is_write_stall: no, largest seqno: 529237, smallest seqno: 400549
I20230630 02:12:16.263744 1189299 event_listener.cc:127] [event_listener/table_file_deleted] db: /nvme/jinghuan/node_40002/db, sst file: /nvme/jinghuan/node_40002/db/000016.sst, status: OK
I20230630 02:12:16.481129 1189298 event_listener.cc:84] [event_listener/flush_begin] column family: metadata, thread_id: 1189298, job_id: 9, reason: 13
I20230630 02:12:17.130263 1189298 event_listener.cc:138] [event_listener/table_file_created] column family: metadata, file path: /nvme/jinghuan/node_40002/db/000030.sst, file size: 6601708, job id: 9, reason: flush, status: OK
I20230630 02:12:17.141883 1189298 event_listener.cc:91] [event_listener/flush_completed] column family: metadata, thread_id: 1189298, job_id: 9, file: /nvme/jinghuan/node_40002/db/000030.sst, reason: 13, is_write_slowdown: no, is_write_stall: no, largest seqno: 597173, smallest seqno: 1
I20230630 02:12:17.210063 1189299 event_listener.cc:84] [event_listener/flush_begin] column family: default, thread_id: 1189299, job_id: 10, reason: 13
W20230630 02:12:17.808442 1189532 event_listener.cc:132] [event_listener/stall_cond_changed] column family: default write stall condition was changed, from normal to delay
I20230630 02:12:18.428341 1189296 event_listener.cc:138] [event_listener/table_file_created] column family: metadata, file path: /nvme/jinghuan/node_40002/db/000034.sst, file size: 6601781, job id: 11, reason: compaction, status: OK
I20230630 02:12:18.440698 1189296 event_listener.cc:71] [event_listener/compaction_completed] column family: metadata, compaction reason: 11, output compression type: no, base input level(files): 0(1), output level(files): 0(1), input bytes: 6601708, output bytes:6601781, is_manual_compaction:no, elapsed(micro): 619889
I20230630 02:12:18.680394 1189298 event_listener.cc:84] [event_listener/flush_begin] column family: default, thread_id: 1189298, job_id: 12, reason: 6
I20230630 02:12:27.665529 1189299 event_listener.cc:138] [event_listener/table_file_created] column family: default, file path: /nvme/jinghuan/node_40002/db/000032.sst, file size: 113190391, job id: 10, reason: flush, status: OK
I20230630 02:12:27.681447 1189299 event_listener.cc:91] [event_listener/flush_completed] column family: default, thread_id: 1189299, job_id: 10, file: /nvme/jinghuan/node_40002/db/000032.sst, reason: 6, is_write_slowdown: no, is_write_stall: no, largest seqno: 664351, smallest seqno: 529240
W20230630 02:12:27.681849 1189299 event_listener.cc:132] [event_listener/stall_cond_changed] column family: default write stall condition was changed, from stop to normal
W20230630 02:12:27.682097 1189527 event_listener.cc:132] [event_listener/stall_cond_changed] column family: default write stall condition was changed, from delay to stop
I20230630 02:12:28.741833 1189298 event_listener.cc:138] [event_listener/table_file_created] column family: default, file path: /nvme/jinghuan/node_40002/db/000036.sst, file size: 113435864, job id: 12, reason: flush, status: OK
I20230630 02:12:28.762167 1189298 event_listener.cc:91] [event_listener/flush_completed] column family: default, thread_id: 1189298, job_id: 12, file: /nvme/jinghuan/node_40002/db/000036.sst, reason: 6, is_write_slowdown: no, is_write_stall: no, largest seqno: 797278, smallest seqno: 664353
I20230630 02:12:28.945269 1189297 event_listener.cc:138] [event_listener/table_file_created] column family: default, file path: /nvme/jinghuan/node_40002/db/000027.sst, file size: 137024621, job id: 8, reason: compaction, status: OK
I20230630 02:12:29.792130 1189299 event_listener.cc:84] [event_listener/flush_begin] column family: default, thread_id: 1189299, job_id: 13, reason: 6
W20230630 02:12:30.550041 1189529 event_listener.cc:132] [event_listener/stall_cond_changed] column family: default write stall condition was changed, from normal to delay
I20230630 02:12:31.576432 1189298 event_listener.cc:84] [event_listener/flush_begin] column family: default, thread_id: 1189298, job_id: 16, reason: 6
I20230630 02:12:39.570689 1189299 event_listener.cc:138] [event_listener/table_file_created] column family: default, file path: /nvme/jinghuan/node_40002/db/000040.sst, file size: 118940765, job id: 13, reason: flush, status: OK
I20230630 02:12:39.611121 1189299 event_listener.cc:91] [event_listener/flush_completed] column family: default, thread_id: 1189299, job_id: 13, file: /nvme/jinghuan/node_40002/db/000040.sst, reason: 6, is_write_slowdown: no, is_write_stall: no, largest seqno: 940022, smallest seqno: 797280
W20230630 02:12:39.611258 1189299 event_listener.cc:132] [event_listener/stall_cond_changed] column family: default write stall condition was changed, from stop to normal
W20230630 02:12:39.611986 1189532 event_listener.cc:132] [event_listener/stall_cond_changed] column family: default write stall condition was changed, from delay to stop
I20230630 02:12:40.551997 1189298 event_listener.cc:138] [event_listener/table_file_created] column family: default, file path: /nvme/jinghuan/node_40002/db/000043.sst, file size: 104308365, job id: 16, reason: flush, status: OK
I20230630 02:12:40.560914 1189297 event_listener.cc:138] [event_listener/table_file_created] column family: default, file path: /nvme/jinghuan/node_40002/db/000038.sst, file size: 137064357, job id: 8, reason: compaction, status: OK
W20230630 02:12:40.566454 1189531 event_listener.cc:132] [event_listener/stall_cond_changed] column family: default write stall condition was changed, from normal to delay
I20230630 02:12:40.577220 1189298 event_listener.cc:91] [event_listener/flush_completed] column family: default, thread_id: 1189298, job_id: 16, file: /nvme/jinghuan/node_40002/db/000043.sst, reason: 6, is_write_slowdown: no, is_write_stall: no, largest seqno: 1065752, smallest seqno: 940024
W20230630 02:12:40.577296 1189298 event_listener.cc:132] [event_listener/stall_cond_changed] column family: default write stall condition was changed, from delay to normal
I20230630 02:12:41.379288 1189299 event_listener.cc:84] [event_listener/flush_begin] column family: metadata, thread_id: 1189299, job_id: 18, reason: 13
I20230630 02:12:41.396719 1189298 event_listener.cc:84] [event_listener/flush_begin] column family: default, thread_id: 1189298, job_id: 19, reason: 6
W20230630 02:12:42.120204 1189533 event_listener.cc:132] [event_listener/stall_cond_changed] column family: default write stall condition was changed, from normal to delay
I20230630 02:12:42.144976 1189299 event_listener.cc:138] [event_listener/table_file_created] column family: metadata, file path: /nvme/jinghuan/node_40002/db/000049.sst, file size: 6329352, job id: 18, reason: flush, status: OK
I20230630 02:12:42.158143 1189299 event_listener.cc:91] [event_listener/flush_completed] column family: metadata, thread_id: 1189299, job_id: 18, file: /nvme/jinghuan/node_40002/db/000049.sst, reason: 13, is_write_slowdown: no, is_write_stall: no, largest seqno: 1185616, smallest seqno: 597180
I20230630 02:12:43.023186 1189299 event_listener.cc:84] [event_listener/flush_begin] column family: default, thread_id: 1189299, job_id: 20, reason: 6
I20230630 02:12:52.356086 1189298 event_listener.cc:138] [event_listener/table_file_created] column family: default, file path: /nvme/jinghuan/node_40002/db/000050.sst, file size: 102910979, job id: 19, reason: flush, status: OK
I20230630 02:12:52.367192 1189298 event_listener.cc:91] [event_listener/flush_completed] column family: default, thread_id: 1189298, job_id: 19, file: /nvme/jinghuan/node_40002/db/000050.sst, reason: 6, is_write_slowdown: no, is_write_stall: no, largest seqno: 1187411, smallest seqno: 1065754
W20230630 02:12:52.367477 1189298 event_listener.cc:132] [event_listener/stall_cond_changed] column family: default write stall condition was changed, from stop to normal
W20230630 02:12:52.367586 1189532 event_listener.cc:132] [event_listener/stall_cond_changed] column family: default write stall condition was changed, from delay to stop
E20230630 02:12:52.368465 1189533 redis_connection.cc:103] [connection] Going to remove the client: 127.0.0.1:49970, while encounter error: Broken pipe
I20230630 02:12:52.451465 1189297 event_listener.cc:138] [event_listener/table_file_created] column family: default, file path: /nvme/jinghuan/node_40002/db/000044.sst, file size: 52999241, job id: 8, reason: compaction, status: OK
I20230630 02:12:52.473429 1189297 event_listener.cc:71] [event_listener/compaction_completed] column family: default, compaction reason: 1, output compression type: no, base input level(files): 0(3), output level(files): 1(3), input bytes: 331137041, output bytes:327088219, is_manual_compaction:no, elapsed(micro): 36900952
I20230630 02:12:52.474617 1189297 event_listener.cc:127] [event_listener/table_file_deleted] db: /nvme/jinghuan/node_40002/db, sst file: /nvme/jinghuan/node_40002/db/000030.sst, status: OK
I20230630 02:12:52.761569 1189299 event_listener.cc:138] [event_listener/table_file_created] column family: default, file path: /nvme/jinghuan/node_40002/db/000053.sst, file size: 106119870, job id: 20, reason: flush, status: OK
I20230630 02:12:52.769917 1189299 event_listener.cc:91] [event_listener/flush_completed] column family: default, thread_id: 1189299, job_id: 20, file: /nvme/jinghuan/node_40002/db/000053.sst, reason: 6, is_write_slowdown: no, is_write_stall: no, largest seqno: 1311498, smallest seqno: 1187414
I20230630 02:12:54.644170 1189298 event_listener.cc:84] [event_listener/flush_begin] column family: default, thread_id: 1189298, job_id: 21, reason: 6
W20230630 02:12:55.557365 1189528 event_listener.cc:132] [event_listener/stall_cond_changed] column family: default write stall condition was changed, from normal to delay
I20230630 02:12:55.567582 1189297 event_listener.cc:71] [event_listener/compaction_completed] column family: default, compaction reason: 2, output compression type: no, base input level(files): 1(1), output level(files): 2(1), input bytes: 0, output bytes:0, is_manual_compaction:no, elapsed(micro): 0
I20230630 02:12:56.576396 1189299 event_listener.cc:84] [event_listener/flush_begin] column family: default, thread_id: 1189299, job_id: 25, reason: 6
I20230630 02:13:03.362682 1189298 event_listener.cc:138] [event_listener/table_file_created] column family: default, file path: /nvme/jinghuan/node_40002/db/000056.sst, file size: 111028857, job id: 21, reason: flush, status: OK
I20230630 02:13:03.371657 1189298 event_listener.cc:91] [event_listener/flush_completed] column family: default, thread_id: 1189298, job_id: 21, file: /nvme/jinghuan/node_40002/db/000056.sst, reason: 6, is_write_slowdown: no, is_write_stall: no, largest seqno: 1444375, smallest seqno: 1311500
W20230630 02:13:03.371955 1189298 event_listener.cc:132] [event_listener/stall_cond_changed] column family: default write stall condition was changed, from stop to normal
W20230630 02:13:03.372198 1189528 event_listener.cc:132] [event_listener/stall_cond_changed] column family: default write stall condition was changed, from delay to stop
W20230630 02:13:04.176209 1189528 event_listener.cc:132] [event_listener/stall_cond_changed] column family: default write stall condition was changed, from normal to delay
I20230630 02:13:05.076861 1189298 event_listener.cc:84] [event_listener/flush_begin] column family: default, thread_id: 1189298, job_id: 27, reason: 6
I20230630 02:13:05.464601 1189299 event_listener.cc:138] [event_listener/table_file_created] column family: default, file path: /nvme/jinghuan/node_40002/db/000059.sst, file size: 110728072, job id: 25, reason: flush, status: OK
I20230630 02:13:05.474129 1189299 event_listener.cc:91] [event_listener/flush_completed] column family: default, thread_id: 1189299, job_id: 25, file: /nvme/jinghuan/node_40002/db/000059.sst, reason: 6, is_write_slowdown: no, is_write_stall: no, largest seqno: 1574794, smallest seqno: 1444378
W20230630 02:13:05.474176 1189299 event_listener.cc:132] [event_listener/stall_cond_changed] column family: default write stall condition was changed, from stop to normal
W20230630 02:13:05.474632 1189531 event_listener.cc:132] [event_listener/stall_cond_changed] column family: default write stall condition was changed, from delay to stop
W20230630 02:13:06.519599 1189534 event_listener.cc:132] [event_listener/stall_cond_changed] column family: default write stall condition was changed, from normal to delay
I20230630 02:13:06.534317 1189299 event_listener.cc:84] [event_listener/flush_begin] column family: metadata, thread_id: 1189299, job_id: 28, reason: 13
I20230630 02:13:07.062317 1189299 event_listener.cc:138] [event_listener/table_file_created] column family: metadata, file path: /nvme/jinghuan/node_40002/db/000066.sst, file size: 5938840, job id: 28, reason: flush, status: OK
I20230630 02:13:07.071619 1189299 event_listener.cc:91] [event_listener/flush_completed] column family: metadata, thread_id: 1189299, job_id: 28, file: /nvme/jinghuan/node_40002/db/000066.sst, reason: 13, is_write_slowdown: no, is_write_stall: no, largest seqno: 1766795, smallest seqno: 1185627
I20230630 02:13:07.537200 1189299 event_listener.cc:84] [event_listener/flush_begin] column family: default, thread_id: 1189299, job_id: 29, reason: 6
I20230630 02:13:14.677618 1189298 event_listener.cc:138] [event_listener/table_file_created] column family: default, file path: /nvme/jinghuan/node_40002/db/000063.sst, file size: 107971424, job id: 27, reason: flush, status: OK
I20230630 02:13:14.690872 1189298 event_listener.cc:91] [event_listener/flush_completed] column family: default, thread_id: 1189298, job_id: 27, file: /nvme/jinghuan/node_40002/db/000063.sst, reason: 6, is_write_slowdown: no, is_write_stall: no, largest seqno: 1698108, smallest seqno: 1574797
W20230630 02:13:14.691131 1189298 event_listener.cc:132] [event_listener/stall_cond_changed] column family: default write stall condition was changed, from stop to normal
W20230630 02:13:14.691331 1189528 event_listener.cc:132] [event_listener/stall_cond_changed] column family: default write stall condition was changed, from delay to stop
W20230630 02:13:15.879834 1189530 event_listener.cc:132] [event_listener/stall_cond_changed] column family: default write stall condition was changed, from normal to delay
I20230630 02:13:16.173512 1189296 event_listener.cc:138] [event_listener/table_file_created] column family: default, file path: /nvme/jinghuan/node_40002/db/000046.sst, file size: 444717860, job id: 17, reason: compaction, status: OK
I20230630 02:13:16.196857 1189296 event_listener.cc:71] [event_listener/compaction_completed] column family: default, compaction reason: 1, output compression type: no, base input level(files): 0(4), output level(files): 0(1), input bytes: 452132658, output bytes:444717860, is_manual_compaction:no, elapsed(micro): 35607016
I20230630 02:13:16.206060 1189296 event_listener.cc:127] [event_listener/table_file_deleted] db: /nvme/jinghuan/node_40002/db, sst file: /nvme/jinghuan/node_40002/db/000023.sst, status: OK
I20230630 02:13:16.214885 1189296 event_listener.cc:127] [event_listener/table_file_deleted] db: /nvme/jinghuan/node_40002/db, sst file: /nvme/jinghuan/node_40002/db/000020.sst, status: OK
I20230630 02:13:16.222862 1189296 event_listener.cc:127] [event_listener/table_file_deleted] db: /nvme/jinghuan/node_40002/db, sst file: /nvme/jinghuan/node_40002/db/000019.sst, status: OK
I20230630 02:13:17.133846 1189298 event_listener.cc:84] [event_listener/flush_begin] column family: default, thread_id: 1189298, job_id: 32, reason: 6
I20230630 02:13:17.778409 1189299 event_listener.cc:138] [event_listener/table_file_created] column family: default, file path: /nvme/jinghuan/node_40002/db/000068.sst, file size: 124490752, job id: 29, reason: flush, status: OK
I20230630 02:13:17.788976 1189299 event_listener.cc:91] [event_listener/flush_completed] column family: default, thread_id: 1189299, job_id: 29, file: /nvme/jinghuan/node_40002/db/000068.sst, reason: 6, is_write_slowdown: no, is_write_stall: no, largest seqno: 1840484, smallest seqno: 1698109
W20230630 02:13:17.789163 1189299 event_listener.cc:132] [event_listener/stall_cond_changed] column family: default write stall condition was changed, from stop to normal
W20230630 02:13:17.789287 1189533 event_listener.cc:132] [event_listener/stall_cond_changed] column family: default write stall condition was changed, from delay to stop
W20230630 02:13:18.647358 1189533 event_listener.cc:132] [event_listener/stall_cond_changed] column family: default write stall condition was changed, from normal to delay
I20230630 02:13:19.768257 1189299 event_listener.cc:84] [event_listener/flush_begin] column family: default, thread_id: 1189299, job_id: 36, reason: 6
I20230630 02:13:25.188650 1189298 event_listener.cc:138] [event_listener/table_file_created] column family: default, file path: /nvme/jinghuan/node_40002/db/000071.sst, file size: 123590398, job id: 32, reason: flush, status: OK
I20230630 02:13:25.202953 1189298 event_listener.cc:91] [event_listener/flush_completed] column family: default, thread_id: 1189298, job_id: 32, file: /nvme/jinghuan/node_40002/db/000071.sst, reason: 6, is_write_slowdown: no, is_write_stall: no, largest seqno: 1984346, smallest seqno: 1840486
W20230630 02:13:25.203158 1189298 event_listener.cc:132] [event_listener/stall_cond_changed] column family: default write stall condition was changed, from stop to normal
W20230630 02:13:25.203857 1189532 event_listener.cc:132] [event_listener/stall_cond_changed] column family: default write stall condition was changed, from delay to stop
E20230630 02:13:25.205243 1189530 redis_connection.cc:103] [connection] Going to remove the client: , while encounter error: Broken pipe
W20230630 02:13:26.160918 1189533 event_listener.cc:132] [event_listener/stall_cond_changed] column family: default write stall condition was changed, from normal to delay
I20230630 02:13:26.681031 1189299 event_listener.cc:138] [event_listener/table_file_created] column family: default, file path: /nvme/jinghuan/node_40002/db/000074.sst, file size: 113079780, job id: 36, reason: flush, status: OK
I20230630 02:13:26.691180 1189299 event_listener.cc:91] [event_listener/flush_completed] column family: default, thread_id: 1189299, job_id: 36, file: /nvme/jinghuan/node_40002/db/000074.sst, reason: 6, is_write_slowdown: no, is_write_stall: no, largest seqno: 2114698, smallest seqno: 1984348
W20230630 02:13:26.691236 1189299 event_listener.cc:132] [event_listener/stall_cond_changed] column family: default write stall condition was changed, from delay to normal
I20230630 02:13:27.243185 1189298 event_listener.cc:84] [event_listener/flush_begin] column family: default, thread_id: 1189298, job_id: 38, reason: 6
W20230630 02:13:28.079043 1189532 event_listener.cc:132] [event_listener/stall_cond_changed] column family: default write stall condition was changed, from normal to delay
I20230630 02:13:28.951690 1189299 event_listener.cc:84] [event_listener/flush_begin] column family: metadata, thread_id: 1189299, job_id: 39, reason: 13
I20230630 02:13:29.382890 1189299 event_listener.cc:138] [event_listener/table_file_created] column family: metadata, file path: /nvme/jinghuan/node_40002/db/000081.sst, file size: 5663210, job id: 39, reason: flush, status: OK
I20230630 02:13:29.397248 1189299 event_listener.cc:91] [event_listener/flush_completed] column family: metadata, thread_id: 1189299, job_id: 39, file: /nvme/jinghuan/node_40002/db/000081.sst, reason: 13, is_write_slowdown: no, is_write_stall: no, largest seqno: 2343341, smallest seqno: 1766806
I20230630 02:13:29.420013 1189299 event_listener.cc:84] [event_listener/flush_begin] column family: default, thread_id: 1189299, job_id: 40, reason: 6
I20230630 02:13:35.784448 1189298 event_listener.cc:138] [event_listener/table_file_created] column family: default, file path: /nvme/jinghuan/node_40002/db/000078.sst, file size: 105532560, job id: 38, reason: flush, status: OK
I20230630 02:13:35.799551 1189298 event_listener.cc:91] [event_listener/flush_completed] column family: default, thread_id: 1189298, job_id: 38, file: /nvme/jinghuan/node_40002/db/000078.sst, reason: 6, is_write_slowdown: no, is_write_stall: no, largest seqno: 2236844, smallest seqno: 2114700
W20230630 02:13:35.799855 1189298 event_listener.cc:132] [event_listener/stall_cond_changed] column family: default write stall condition was changed, from stop to normal
W20230630 02:13:35.800129 1189529 event_listener.cc:132] [event_listener/stall_cond_changed] column family: default write stall condition was changed, from delay to stop
W20230630 02:13:36.826041 1189527 event_listener.cc:132] [event_listener/stall_cond_changed] column family: default write stall condition was changed, from normal to delay
I20230630 02:13:37.592214 1189299 event_listener.cc:138] [event_listener/table_file_created] column family: default, file path: /nvme/jinghuan/node_40002/db/000083.sst, file size: 105092723, job id: 40, reason: flush, status: OK
I20230630 02:13:37.609818 1189299 event_listener.cc:91] [event_listener/flush_completed] column family: default, thread_id: 1189299, job_id: 40, file: /nvme/jinghuan/node_40002/db/000083.sst, reason: 6, is_write_slowdown: no, is_write_stall: no, largest seqno: 2358717, smallest seqno: 2236845
W20230630 02:13:37.610056 1189299 event_listener.cc:132] [event_listener/stall_cond_changed] column family: default write stall condition was changed, from delay to normal
I20230630 02:13:37.967018 1189298 event_listener.cc:84] [event_listener/flush_begin] column family: default, thread_id: 1189298, job_id: 41, reason: 6
W20230630 02:13:38.912628 1189527 event_listener.cc:132] [event_listener/stall_cond_changed] column family: default write stall condition was changed, from normal to delay
I20230630 02:13:39.997925 1189299 event_listener.cc:84] [event_listener/flush_begin] column family: default, thread_id: 1189299, job_id: 42, reason: 6
I20230630 02:13:44.896466 1189297 event_listener.cc:138] [event_listener/table_file_created] column family: default, file path: /nvme/jinghuan/node_40002/db/000060.sst, file size: 418815527, job id: 26, reason: compaction, status: OK
I20230630 02:13:44.925375 1189297 event_listener.cc:71] [event_listener/compaction_completed] column family: default, compaction reason: 1, output compression type: no, base input level(files): 0(4), output level(files): 0(1), input bytes: 424368071, output bytes:418815527, is_manual_compaction:no, elapsed(micro): 41524714
I20230630 02:13:44.938513 1189297 event_listener.cc:127] [event_listener/table_file_deleted] db: /nvme/jinghuan/node_40002/db, sst file: /nvme/jinghuan/node_40002/db/000040.sst, status: OK
I20230630 02:13:44.947783 1189297 event_listener.cc:127] [event_listener/table_file_deleted] db: /nvme/jinghuan/node_40002/db, sst file: /nvme/jinghuan/node_40002/db/000036.sst, status: OK
I20230630 02:13:44.956841 1189297 event_listener.cc:127] [event_listener/table_file_deleted] db: /nvme/jinghuan/node_40002/db, sst file: /nvme/jinghuan/node_40002/db/000032.sst, status: OK
I20230630 02:13:44.965353 1189297 event_listener.cc:127] [event_listener/table_file_deleted] db: /nvme/jinghuan/node_40002/db, sst file: /nvme/jinghuan/node_40002/db/000026.sst, status: OK
I20230630 02:13:46.093904 1189298 event_listener.cc:138] [event_listener/table_file_created] column family: default, file path: /nvme/jinghuan/node_40002/db/000086.sst, file size: 107553949, job id: 41, reason: flush, status: OK
I20230630 02:13:46.103085 1189298 event_listener.cc:91] [event_listener/flush_completed] column family: default, thread_id: 1189298, job_id: 41, file: /nvme/jinghuan/node_40002/db/000086.sst, reason: 6, is_write_slowdown: no, is_write_stall: no, largest seqno: 2481555, smallest seqno: 2358720
W20230630 02:13:46.103143 1189298 event_listener.cc:132] [event_listener/stall_cond_changed] column family: default write stall condition was changed, from stop to normal
W20230630 02:13:46.103533 1189528 event_listener.cc:132] [event_listener/stall_cond_changed] column family: default write stall condition was changed, from delay to stop
I20230630 02:13:46.887871 1189297 event_listener.cc:138] [event_listener/table_file_created] column family: metadata, file path: /nvme/jinghuan/node_40002/db/000090.sst, file size: 21602876, job id: 44, reason: compaction, status: OK
I20230630 02:13:46.897646 1189297 event_listener.cc:71] [event_listener/compaction_completed] column family: metadata, compaction reason: 1, output compression type: no, base input level(files): 0(4), output level(files): 1(1), input bytes: 24533183, output bytes:21602876, is_manual_compaction:no, elapsed(micro): 1922451
I20230630 02:13:46.898751 1189297 event_listener.cc:127] [event_listener/table_file_deleted] db: /nvme/jinghuan/node_40002/db, sst file: /nvme/jinghuan/node_40002/db/000066.sst, status: OK
I20230630 02:13:46.899869 1189297 event_listener.cc:127] [event_listener/table_file_deleted] db: /nvme/jinghuan/node_40002/db, sst file: /nvme/jinghuan/node_40002/db/000049.sst, status: OK
I20230630 02:13:46.900946 1189297 event_listener.cc:127] [event_listener/table_file_deleted] db: /nvme/jinghuan/node_40002/db, sst file: /nvme/jinghuan/node_40002/db/000034.sst, status: OK
W20230630 02:13:47.244150 1189528 event_listener.cc:132] [event_listener/stall_cond_changed] column family: default write stall condition was changed, from normal to delay
I20230630 02:13:48.325182 1189299 event_listener.cc:138] [event_listener/table_file_created] column family: default, file path: /nvme/jinghuan/node_40002/db/000089.sst, file size: 107224855, job id: 42, reason: flush, status: OK
I20230630 02:13:48.365164 1189299 event_listener.cc:91] [event_listener/flush_completed] column family: default, thread_id: 1189299, job_id: 42, file: /nvme/jinghuan/node_40002/db/000089.sst, reason: 6, is_write_slowdown: no, is_write_stall: no, largest seqno: 2604043, smallest seqno: 2481557
W20230630 02:13:48.365218 1189299 event_listener.cc:132] [event_listener/stall_cond_changed] column family: default write stall condition was changed, from stop to normal
W20230630 02:13:48.365440 1189528 event_listener.cc:132] [event_listener/stall_cond_changed] column family: default write stall condition was changed, from delay to stop
I20230630 02:13:48.373582 1189298 event_listener.cc:84] [event_listener/flush_begin] column family: default, thread_id: 1189298, job_id: 46, reason: 6
W20230630 02:13:49.356529 1189532 event_listener.cc:132] [event_listener/stall_cond_changed] column family: default write stall condition was changed, from normal to delay
I20230630 02:13:50.487906 1189299 event_listener.cc:84] [event_listener/flush_begin] column family: default, thread_id: 1189299, job_id: 47, reason: 6
I20230630 02:13:56.700893 1189298 event_listener.cc:138] [event_listener/table_file_created] column family: default, file path: /nvme/jinghuan/node_40002/db/000094.sst, file size: 117991040, job id: 46, reason: flush, status: OK
I20230630 02:13:56.712255 1189298 event_listener.cc:91] [event_listener/flush_completed] column family: default, thread_id: 1189298, job_id: 46, file: /nvme/jinghuan/node_40002/db/000094.sst, reason: 6, is_write_slowdown: no, is_write_stall: no, largest seqno: 2737505, smallest seqno: 2604046
W20230630 02:13:56.712347 1189298 event_listener.cc:132] [event_listener/stall_cond_changed] column family: default write stall condition was changed, from stop to normal
W20230630 02:13:56.712905 1189532 event_listener.cc:132] [event_listener/stall_cond_changed] column family: default write stall condition was changed, from delay to stop
I20230630 02:13:57.759732 1189298 event_listener.cc:84] [event_listener/flush_begin] column family: metadata, thread_id: 1189298, job_id: 48, reason: 13
W20230630 02:13:58.011090 1189528 event_listener.cc:132] [event_listener/stall_cond_changed] column family: default write stall condition was changed, from normal to delay
I20230630 02:13:58.196414 1189298 event_listener.cc:138] [event_listener/table_file_created] column family: metadata, file path: /nvme/jinghuan/node_40002/db/000099.sst, file size: 5303816, job id: 48, reason: flush, status: OK
I20230630 02:13:58.208261 1189298 event_listener.cc:91] [event_listener/flush_completed] column family: metadata, thread_id: 1189298, job_id: 48, file: /nvme/jinghuan/node_40002/db/000099.sst, reason: 13, is_write_slowdown: no, is_write_stall: no, largest seqno: 2914165, smallest seqno: 2343352
I20230630 02:13:58.241968 1189298 event_listener.cc:84] [event_listener/flush_begin] column family: default, thread_id: 1189298, job_id: 49, reason: 13
I20230630 02:13:59.100929 1189299 event_listener.cc:138] [event_listener/table_file_created] column family: default, file path: /nvme/jinghuan/node_40002/db/000097.sst, file size: 106545787, job id: 47, reason: flush, status: OK
I20230630 02:13:59.110447 1189299 event_listener.cc:91] [event_listener/flush_completed] column family: default, thread_id: 1189299, job_id: 47, file: /nvme/jinghuan/node_40002/db/000097.sst, reason: 13, is_write_slowdown: no, is_write_stall: no, largest seqno: 2857789, smallest seqno: 2737507
W20230630 02:13:59.110700 1189299 event_listener.cc:132] [event_listener/stall_cond_changed] column family: default write stall condition was changed, from stop to normal
W20230630 02:13:59.110973 1189529 event_listener.cc:132] [event_listener/stall_cond_changed] column family: default write stall condition was changed, from delay to stop
W20230630 02:14:00.226519 1189530 event_listener.cc:132] [event_listener/stall_cond_changed] column family: default write stall condition was changed, from normal to delay
I20230630 02:14:01.439838 1189299 event_listener.cc:84] [event_listener/flush_begin] column family: default, thread_id: 1189299, job_id: 50, reason: 6
I20230630 02:14:02.702378 1189298 event_listener.cc:138] [event_listener/table_file_created] column family: default, file path: /nvme/jinghuan/node_40002/db/000102.sst, file size: 73586792, job id: 49, reason: flush, status: OK
I20230630 02:14:02.711329 1189298 event_listener.cc:91] [event_listener/flush_completed] column family: default, thread_id: 1189298, job_id: 49, file: /nvme/jinghuan/node_40002/db/000102.sst, reason: 6, is_write_slowdown: no, is_write_stall: no, largest seqno: 2942177, smallest seqno: 2857790
W20230630 02:14:02.711603 1189298 event_listener.cc:132] [event_listener/stall_cond_changed] column family: default write stall condition was changed, from stop to normal
W20230630 02:14:02.711817 1189532 event_listener.cc:132] [event_listener/stall_cond_changed] column family: default write stall condition was changed, from delay to stop
E20230630 02:14:02.712299 1189531 redis_connection.cc:103] [connection] Going to remove the client: 127.0.0.1:35722, while encounter error: Broken pipe
E20230630 02:14:02.713160 1189530 redis_connection.cc:103] [connection] Going to remove the client: , while encounter error: Broken pipe
E20230630 02:14:02.713236 1189530 redis_connection.cc:103] [connection] Going to remove the client: , while encounter error: Broken pipe
E20230630 02:14:02.713289 1189528 redis_connection.cc:103] [connection] Going to remove the client: , while encounter error: Broken pipe
E20230630 02:14:02.713368 1189528 redis_connection.cc:103] [connection] Going to remove the client: , while encounter error: Broken pipe
E20230630 02:14:02.725809 1189531 redis_connection.cc:103] [connection] Going to remove the client: , while encounter error: Broken pipe
W20230630 02:14:03.601615 1189532 event_listener.cc:132] [event_listener/stall_cond_changed] column family: default write stall condition was changed, from normal to delay
I20230630 02:14:04.299685 1189296 event_listener.cc:138] [event_listener/table_file_created] column family: default, file path: /nvme/jinghuan/node_40002/db/000075.sst, file size: 460680232, job id: 37, reason: compaction, status: OK
I20230630 02:14:04.321847 1189296 event_listener.cc:71] [event_listener/compaction_completed] column family: default, compaction reason: 1, output compression type: no, base input level(files): 0(4), output level(files): 0(1), input bytes: 466780646, output bytes:460680232, is_manual_compaction:no, elapsed(micro): 39096587
I20230630 02:14:04.322515 1189296 event_listener.cc:127] [event_listener/table_file_deleted] db: /nvme/jinghuan/node_40002/db, sst file: /nvme/jinghuan/node_40002/db/000081.sst, status: OK
I20230630 02:14:04.331596 1189296 event_listener.cc:127] [event_listener/table_file_deleted] db: /nvme/jinghuan/node_40002/db, sst file: /nvme/jinghuan/node_40002/db/000056.sst, status: OK
I20230630 02:14:04.340349 1189296 event_listener.cc:127] [event_listener/table_file_deleted] db: /nvme/jinghuan/node_40002/db, sst file: /nvme/jinghuan/node_40002/db/000053.sst, status: OK
I20230630 02:14:04.348716 1189296 event_listener.cc:127] [event_listener/table_file_deleted] db: /nvme/jinghuan/node_40002/db, sst file: /nvme/jinghuan/node_40002/db/000050.sst, status: OK
I20230630 02:14:04.357270 1189296 event_listener.cc:127] [event_listener/table_file_deleted] db: /nvme/jinghuan/node_40002/db, sst file: /nvme/jinghuan/node_40002/db/000043.sst, status: OK
I20230630 02:14:04.531076 1189298 event_listener.cc:84] [event_listener/flush_begin] column family: default, thread_id: 1189298, job_id: 52, reason: 6
I20230630 02:14:08.506611 1189299 event_listener.cc:138] [event_listener/table_file_created] column family: default, file path: /nvme/jinghuan/node_40002/db/000105.sst, file size: 104583325, job id: 50, reason: flush, status: OK
I20230630 02:14:08.515583 1189299 event_listener.cc:91] [event_listener/flush_completed] column family: default, thread_id: 1189299, job_id: 50, file: /nvme/jinghuan/node_40002/db/000105.sst, reason: 6, is_write_slowdown: no, is_write_stall: no, largest seqno: 3064073, smallest seqno: 2942179
W20230630 02:14:08.515625 1189299 event_listener.cc:132] [event_listener/stall_cond_changed] column family: default write stall condition was changed, from stop to normal
W20230630 02:14:08.515991 1189530 event_listener.cc:132] [event_listener/stall_cond_changed] column family: default write stall condition was changed, from delay to stop
W20230630 02:14:09.511324 1189528 event_listener.cc:132] [event_listener/stall_cond_changed] column family: default write stall condition was changed, from normal to delay
I20230630 02:14:10.213083 1189298 event_listener.cc:138] [event_listener/table_file_created] column family: default, file path: /nvme/jinghuan/node_40002/db/000109.sst, file size: 106813807, job id: 52, reason: flush, status: OK
I20230630 02:14:10.228106 1189298 event_listener.cc:91] [event_listener/flush_completed] column family: default, thread_id: 1189298, job_id: 52, file: /nvme/jinghuan/node_40002/db/000109.sst, reason: 6, is_write_slowdown: no, is_write_stall: no, largest seqno: 3183766, smallest seqno: 3064075
W20230630 02:14:10.228186 1189298 event_listener.cc:132] [event_listener/stall_cond_changed] column family: default write stall condition was changed, from delay to normal
I20230630 02:14:10.591823 1189299 event_listener.cc:84] [event_listener/flush_begin] column family: default, thread_id: 1189299, job_id: 53, reason: 6
W20230630 02:14:11.389173 1189531 event_listener.cc:132] [event_listener/stall_cond_changed] column family: default write stall condition was changed, from normal to delay
I20230630 02:14:12.463798 1189298 event_listener.cc:84] [event_listener/flush_begin] column family: default, thread_id: 1189298, job_id: 54, reason: 6
I20230630 02:14:17.314131 1189299 event_listener.cc:138] [event_listener/table_file_created] column family: default, file path: /nvme/jinghuan/node_40002/db/000112.sst, file size: 106844120, job id: 53, reason: flush, status: OK
I20230630 02:14:17.326498 1189299 event_listener.cc:91] [event_listener/flush_completed] column family: default, thread_id: 1189299, job_id: 53, file: /nvme/jinghuan/node_40002/db/000112.sst, reason: 6, is_write_slowdown: no, is_write_stall: no, largest seqno: 3305831, smallest seqno: 3183769
W20230630 02:14:17.326627 1189299 event_listener.cc:132] [event_listener/stall_cond_changed] column family: default write stall condition was changed, from stop to normal
W20230630 02:14:17.327718 1189528 event_listener.cc:132] [event_listener/stall_cond_changed] column family: default write stall condition was changed, from delay to stop
I20230630 02:14:18.918188 1189299 event_listener.cc:84] [event_listener/flush_begin] column family: metadata, thread_id: 1189299, job_id: 55, reason: 13
W20230630 02:14:19.161605 1189530 event_listener.cc:132] [event_listener/stall_cond_changed] column family: default write stall condition was changed, from normal to delay
I20230630 02:14:19.316445 1189298 event_listener.cc:138] [event_listener/table_file_created] column family: default, file path: /nvme/jinghuan/node_40002/db/000115.sst, file size: 105240776, job id: 54, reason: flush, status: OK
I20230630 02:14:19.325212 1189298 event_listener.cc:91] [event_listener/flush_completed] column family: default, thread_id: 1189298, job_id: 54, file: /nvme/jinghuan/node_40002/db/000115.sst, reason: 6, is_write_slowdown: no, is_write_stall: no, largest seqno: 3424967, smallest seqno: 3305833
W20230630 02:14:19.325255 1189298 event_listener.cc:132] [event_listener/stall_cond_changed] column family: default write stall condition was changed, from delay to normal
I20230630 02:14:19.410534 1189299 event_listener.cc:138] [event_listener/table_file_created] column family: metadata, file path: /nvme/jinghuan/node_40002/db/000117.sst, file size: 5315042, job id: 55, reason: flush, status: OK
I20230630 02:14:19.420133 1189299 event_listener.cc:91] [event_listener/flush_completed] column family: metadata, thread_id: 1189299, job_id: 55, file: /nvme/jinghuan/node_40002/db/000117.sst, reason: 13, is_write_slowdown: no, is_write_stall: no, largest seqno: 3485135, smallest seqno: 2914167
I20230630 02:14:20.614198 1189297 event_listener.cc:138] [event_listener/table_file_created] column family: default, file path: /nvme/jinghuan/node_40002/db/000091.sst, file size: 426097912, job id: 45, reason: compaction, status: OK
I20230630 02:14:20.639240 1189297 event_listener.cc:71] [event_listener/compaction_completed] column family: default, compaction reason: 1, output compression type: no, base input level(files): 0(4), output level(files): 0(1), input bytes: 431259012, output bytes:426097912, is_manual_compaction:no, elapsed(micro): 33713244
I20230630 02:14:20.652462 1189297 event_listener.cc:127] [event_listener/table_file_deleted] db: /nvme/jinghuan/node_40002/db, sst file: /nvme/jinghuan/node_40002/db/000071.sst, status: OK
I20230630 02:14:20.663058 1189297 event_listener.cc:127] [event_listener/table_file_deleted] db: /nvme/jinghuan/node_40002/db, sst file: /nvme/jinghuan/node_40002/db/000068.sst, status: OK
I20230630 02:14:20.671947 1189297 event_listener.cc:127] [event_listener/table_file_deleted] db: /nvme/jinghuan/node_40002/db, sst file: /nvme/jinghuan/node_40002/db/000063.sst, status: OK
I20230630 02:14:20.681162 1189297 event_listener.cc:127] [event_listener/table_file_deleted] db: /nvme/jinghuan/node_40002/db, sst file: /nvme/jinghuan/node_40002/db/000059.sst, status: OK
I20230630 02:14:21.142143 1189298 event_listener.cc:84] [event_listener/flush_begin] column family: default, thread_id: 1189298, job_id: 57, reason: 6
W20230630 02:14:22.909703 1189532 event_listener.cc:132] [event_listener/stall_cond_changed] column family: default write stall condition was changed, from normal to delay
I20230630 02:14:24.981406 1189299 event_listener.cc:84] [event_listener/flush_begin] column family: default, thread_id: 1189299, job_id: 58, reason: 6
I20230630 02:14:27.721000 1189298 event_listener.cc:138] [event_listener/table_file_created] column family: default, file path: /nvme/jinghuan/node_40002/db/000121.sst, file size: 121953769, job id: 57, reason: flush, status: OK
I20230630 02:14:27.733414 1189298 event_listener.cc:91] [event_listener/flush_completed] column family: default, thread_id: 1189298, job_id: 57, file: /nvme/jinghuan/node_40002/db/000121.sst, reason: 6, is_write_slowdown: no, is_write_stall: no, largest seqno: 3567772, smallest seqno: 3424969
W20230630 02:14:27.733842 1189298 event_listener.cc:132] [event_listener/stall_cond_changed] column family: default write stall condition was changed, from stop to normal
W20230630 02:14:27.734213 1189533 event_listener.cc:132] [event_listener/stall_cond_changed] column family: default write stall condition was changed, from delay to stop
W20230630 02:14:28.875334 1189532 event_listener.cc:132] [event_listener/stall_cond_changed] column family: default write stall condition was changed, from normal to delay
I20230630 02:14:29.999886 1189298 event_listener.cc:84] [event_listener/flush_begin] column family: default, thread_id: 1189298, job_id: 59, reason: 6
I20230630 02:14:30.925246 1189299 event_listener.cc:138] [event_listener/table_file_created] column family: default, file path: /nvme/jinghuan/node_40002/db/000124.sst, file size: 122836143, job id: 58, reason: flush, status: OK
I20230630 02:14:30.934367 1189299 event_listener.cc:91] [event_listener/flush_completed] column family: default, thread_id: 1189299, job_id: 58, file: /nvme/jinghuan/node_40002/db/000124.sst, reason: 6, is_write_slowdown: no, is_write_stall: no, largest seqno: 3710297, smallest seqno: 3567774
W20230630 02:14:30.934437 1189299 event_listener.cc:132] [event_listener/stall_cond_changed] column family: default write stall condition was changed, from stop to normal
W20230630 02:14:30.935824 1189532 event_listener.cc:132] [event_listener/stall_cond_changed] column family: default write stall condition was changed, from delay to stop
W20230630 02:14:32.022183 1189532 event_listener.cc:132] [event_listener/stall_cond_changed] column family: default write stall condition was changed, from normal to delay
I20230630 02:14:33.196652 1189299 event_listener.cc:84] [event_listener/flush_begin] column family: default, thread_id: 1189299, job_id: 60, reason: 6
I20230630 02:14:34.025202 1189296 event_listener.cc:138] [event_listener/table_file_created] column family: default, file path: /nvme/jinghuan/node_40002/db/000107.sst, file size: 398976607, job id: 51, reason: compaction, status: OK
