Log file created at: 2023/06/30 05:38:35
Running on machine: en4217754l
Running duration (h:mm:ss): 0:00:00
Log line format: [IWEF]yyyymmdd hh:mm:ss.uuuuuu threadid file:line] msg
I20230630 05:38:35.901893 1243394 main.cc:328] kvrocks unstable (commit 4a10c89)
I20230630 05:38:36.274854 1243394 storage.cc:322] [storage] Success to load the data from disk: 88 ms
I20230630 05:38:36.275576 1243394 worker.cc:72] [worker] Listening on: 10.218.109.65:40001
I20230630 05:38:36.275612 1243394 worker.cc:72] [worker] Listening on: 127.0.0.1:40001
I20230630 05:38:36.275902 1243394 worker.cc:72] [worker] Listening on: 10.218.109.65:40001
I20230630 05:38:36.275928 1243394 worker.cc:72] [worker] Listening on: 127.0.0.1:40001
I20230630 05:38:36.276127 1243394 worker.cc:72] [worker] Listening on: 10.218.109.65:40001
I20230630 05:38:36.276150 1243394 worker.cc:72] [worker] Listening on: 127.0.0.1:40001
I20230630 05:38:36.276337 1243394 worker.cc:72] [worker] Listening on: 10.218.109.65:40001
I20230630 05:38:36.276360 1243394 worker.cc:72] [worker] Listening on: 127.0.0.1:40001
I20230630 05:38:36.276543 1243394 worker.cc:72] [worker] Listening on: 10.218.109.65:40001
I20230630 05:38:36.276566 1243394 worker.cc:72] [worker] Listening on: 127.0.0.1:40001
I20230630 05:38:36.276743 1243394 worker.cc:72] [worker] Listening on: 10.218.109.65:40001
I20230630 05:38:36.276765 1243394 worker.cc:72] [worker] Listening on: 127.0.0.1:40001
I20230630 05:38:36.276947 1243394 worker.cc:72] [worker] Listening on: 10.218.109.65:40001
I20230630 05:38:36.276969 1243394 worker.cc:72] [worker] Listening on: 127.0.0.1:40001
I20230630 05:38:36.277143 1243394 worker.cc:72] [worker] Listening on: 10.218.109.65:40001
I20230630 05:38:36.277165 1243394 worker.cc:72] [worker] Listening on: 127.0.0.1:40001
W20230630 05:38:36.277316 1243394 server.cc:1650] [server] Increased maximum number of open files to 14224 (it's originally set to 1024)
I20230630 05:38:36.277575 1243394 cluster.cc:643] The cluster nodes file /nvme/jinghuan/node_40001/nodes.conf is not found. Use CLUSTERX subcommands to specify it.
I20230630 05:38:36.277594 1243394 cluster.cc:643] The cluster nodes file /nvme/jinghuan/node_40001/nodes.conf is not found. Use CLUSTERX subcommands to specify it.
I20230630 05:38:36.281276 1243394 worker.cc:519] [worker] Thread #140208964085504 started
I20230630 05:38:36.281316 1243394 worker.cc:519] [worker] Thread #140208972478208 started
I20230630 05:38:36.281365 1243394 worker.cc:519] [worker] Thread #140209200662272 started
I20230630 05:38:36.281409 1243394 worker.cc:519] [worker] Thread #140209192269568 started
I20230630 05:38:36.281456 1243394 worker.cc:519] [worker] Thread #140209183876864 started
I20230630 05:38:36.281500 1243394 worker.cc:519] [worker] Thread #140209175484160 started
I20230630 05:38:36.281543 1243394 worker.cc:519] [worker] Thread #140209167091456 started
I20230630 05:38:36.281589 1243394 worker.cc:519] [worker] Thread #140209158698752 started
I20230630 05:38:36.281749 1243394 server.cc:211] [server] Ready to accept connections
I20230630 05:38:36.936641 1243632 cluster.cc:286] MASTER MODE enabled by cluster topology setting
I20230630 05:38:39.365764 1243407 event_listener.cc:84] [event_listener/flush_begin] column family: default, thread_id: 1243407, job_id: 3, reason: 6
I20230630 05:38:39.774724 1243407 event_listener.cc:138] [event_listener/table_file_created] column family: default, file path: /nvme/jinghuan/node_40001/db/000016.sst, file size: 78488855, job id: 3, reason: flush, status: OK
I20230630 05:38:39.781126 1243407 event_listener.cc:91] [event_listener/flush_completed] column family: default, thread_id: 1243407, job_id: 3, file: /nvme/jinghuan/node_40001/db/000016.sst, reason: 6, is_write_slowdown: no, is_write_stall: no, largest seqno: 677170, smallest seqno: 1
I20230630 05:38:40.469251 1243405 event_listener.cc:138] [event_listener/table_file_created] column family: default, file path: /nvme/jinghuan/node_40001/db/000017.sst, file size: 78488851, job id: 4, reason: compaction, status: OK
I20230630 05:38:40.481698 1243405 event_listener.cc:71] [event_listener/compaction_completed] column family: default, compaction reason: 11, output compression type: no, base input level(files): 0(1), output level(files): 0(1), input bytes: 78488855, output bytes:78488851, is_manual_compaction:no, elapsed(micro): 688383
I20230630 05:38:40.487943 1243405 event_listener.cc:127] [event_listener/table_file_deleted] db: /nvme/jinghuan/node_40001/db, sst file: /nvme/jinghuan/node_40001/db/000016.sst, status: OK
I20230630 05:38:41.797724 1243408 event_listener.cc:84] [event_listener/flush_begin] column family: default, thread_id: 1243408, job_id: 5, reason: 6
I20230630 05:38:42.206996 1243408 event_listener.cc:138] [event_listener/table_file_created] column family: default, file path: /nvme/jinghuan/node_40001/db/000020.sst, file size: 76712675, job id: 5, reason: flush, status: OK
I20230630 05:38:42.215018 1243408 event_listener.cc:91] [event_listener/flush_completed] column family: default, thread_id: 1243408, job_id: 5, file: /nvme/jinghuan/node_40001/db/000020.sst, reason: 6, is_write_slowdown: no, is_write_stall: no, largest seqno: 1339018, smallest seqno: 677172
I20230630 05:38:44.222834 1243407 event_listener.cc:84] [event_listener/flush_begin] column family: default, thread_id: 1243407, job_id: 6, reason: 6
I20230630 05:38:44.670213 1243407 event_listener.cc:138] [event_listener/table_file_created] column family: default, file path: /nvme/jinghuan/node_40001/db/000023.sst, file size: 76160700, job id: 6, reason: flush, status: OK
I20230630 05:38:44.677632 1243407 event_listener.cc:91] [event_listener/flush_completed] column family: default, thread_id: 1243407, job_id: 6, file: /nvme/jinghuan/node_40001/db/000023.sst, reason: 6, is_write_slowdown: no, is_write_stall: no, largest seqno: 1996048, smallest seqno: 1339020
I20230630 05:38:46.736984 1243408 event_listener.cc:84] [event_listener/flush_begin] column family: default, thread_id: 1243408, job_id: 7, reason: 6
W20230630 05:38:47.919507 1243638 event_listener.cc:132] [event_listener/stall_cond_changed] column family: default write stall condition was changed, from normal to delay
I20230630 05:38:48.589145 1243407 event_listener.cc:84] [event_listener/flush_begin] column family: metadata, thread_id: 1243407, job_id: 8, reason: 13
I20230630 05:38:50.083231 1243407 event_listener.cc:138] [event_listener/table_file_created] column family: metadata, file path: /nvme/jinghuan/node_40001/db/000029.sst, file size: 19243637, job id: 8, reason: flush, status: OK
I20230630 05:38:50.091491 1243407 event_listener.cc:91] [event_listener/flush_completed] column family: metadata, thread_id: 1243407, job_id: 8, file: /nvme/jinghuan/node_40001/db/000029.sst, reason: 13, is_write_slowdown: no, is_write_stall: no, largest seqno: 3147551, smallest seqno: 11
I20230630 05:38:50.119623 1243407 event_listener.cc:84] [event_listener/flush_begin] column family: default, thread_id: 1243407, job_id: 9, reason: 6
I20230630 05:38:50.393733 1243408 event_listener.cc:138] [event_listener/table_file_created] column family: default, file path: /nvme/jinghuan/node_40001/db/000026.sst, file size: 75912891, job id: 7, reason: flush, status: OK
I20230630 05:38:50.404721 1243408 event_listener.cc:91] [event_listener/flush_completed] column family: default, thread_id: 1243408, job_id: 7, file: /nvme/jinghuan/node_40001/db/000026.sst, reason: 6, is_write_slowdown: no, is_write_stall: no, largest seqno: 2650966, smallest seqno: 1996050
W20230630 05:38:50.405081 1243408 event_listener.cc:132] [event_listener/stall_cond_changed] column family: default write stall condition was changed, from stop to normal
W20230630 05:38:50.405297 1243632 event_listener.cc:132] [event_listener/stall_cond_changed] column family: default write stall condition was changed, from delay to stop
W20230630 05:38:51.706765 1243638 event_listener.cc:132] [event_listener/stall_cond_changed] column family: default write stall condition was changed, from normal to delay
I20230630 05:38:51.983981 1243406 event_listener.cc:138] [event_listener/table_file_created] column family: metadata, file path: /nvme/jinghuan/node_40001/db/000031.sst, file size: 19243633, job id: 10, reason: compaction, status: OK
I20230630 05:38:51.993574 1243406 event_listener.cc:71] [event_listener/compaction_completed] column family: metadata, compaction reason: 11, output compression type: no, base input level(files): 0(1), output level(files): 0(1), input bytes: 19243637, output bytes:19243633, is_manual_compaction:no, elapsed(micro): 1871865
I20230630 05:38:51.995440 1243406 event_listener.cc:127] [event_listener/table_file_deleted] db: /nvme/jinghuan/node_40001/db, sst file: /nvme/jinghuan/node_40001/db/000029.sst, status: OK
I20230630 05:38:53.096417 1243408 event_listener.cc:84] [event_listener/flush_begin] column family: default, thread_id: 1243408, job_id: 12, reason: 6
I20230630 05:38:56.284371 1243407 event_listener.cc:138] [event_listener/table_file_created] column family: default, file path: /nvme/jinghuan/node_40001/db/000032.sst, file size: 76658186, job id: 9, reason: flush, status: OK
I20230630 05:38:56.291028 1243407 event_listener.cc:91] [event_listener/flush_completed] column family: default, thread_id: 1243407, job_id: 9, file: /nvme/jinghuan/node_40001/db/000032.sst, reason: 6, is_write_slowdown: no, is_write_stall: no, largest seqno: 3312308, smallest seqno: 2650968
W20230630 05:38:56.291250 1243407 event_listener.cc:132] [event_listener/stall_cond_changed] column family: default write stall condition was changed, from stop to normal
W20230630 05:38:56.291507 1243633 event_listener.cc:132] [event_listener/stall_cond_changed] column family: default write stall condition was changed, from delay to stop
W20230630 05:38:57.525398 1243638 event_listener.cc:132] [event_listener/stall_cond_changed] column family: default write stall condition was changed, from normal to delay
I20230630 05:38:58.849232 1243407 event_listener.cc:84] [event_listener/flush_begin] column family: default, thread_id: 1243407, job_id: 13, reason: 6
I20230630 05:38:59.886235 1243408 event_listener.cc:138] [event_listener/table_file_created] column family: default, file path: /nvme/jinghuan/node_40001/db/000036.sst, file size: 84910175, job id: 12, reason: flush, status: OK
I20230630 05:38:59.892743 1243408 event_listener.cc:91] [event_listener/flush_completed] column family: default, thread_id: 1243408, job_id: 12, file: /nvme/jinghuan/node_40001/db/000036.sst, reason: 6, is_write_slowdown: no, is_write_stall: no, largest seqno: 4044897, smallest seqno: 3312310
W20230630 05:38:59.892879 1243408 event_listener.cc:132] [event_listener/stall_cond_changed] column family: default write stall condition was changed, from stop to normal
W20230630 05:38:59.896092 1243638 event_listener.cc:132] [event_listener/stall_cond_changed] column family: default write stall condition was changed, from delay to stop
W20230630 05:39:01.064920 1243635 event_listener.cc:132] [event_listener/stall_cond_changed] column family: default write stall condition was changed, from normal to delay
I20230630 05:39:02.296131 1243408 event_listener.cc:84] [event_listener/flush_begin] column family: default, thread_id: 1243408, job_id: 14, reason: 6
I20230630 05:39:04.492214 1243407 event_listener.cc:138] [event_listener/table_file_created] column family: default, file path: /nvme/jinghuan/node_40001/db/000039.sst, file size: 76302738, job id: 13, reason: flush, status: OK
I20230630 05:39:04.498817 1243407 event_listener.cc:91] [event_listener/flush_completed] column family: default, thread_id: 1243407, job_id: 13, file: /nvme/jinghuan/node_40001/db/000039.sst, reason: 6, is_write_slowdown: no, is_write_stall: no, largest seqno: 4703214, smallest seqno: 4044899
W20230630 05:39:04.498914 1243407 event_listener.cc:132] [event_listener/stall_cond_changed] column family: default write stall condition was changed, from stop to normal
W20230630 05:39:04.499405 1243635 event_listener.cc:132] [event_listener/stall_cond_changed] column family: default write stall condition was changed, from delay to stop
W20230630 05:39:05.715677 1243634 event_listener.cc:132] [event_listener/stall_cond_changed] column family: default write stall condition was changed, from normal to delay
I20230630 05:39:06.980274 1243407 event_listener.cc:84] [event_listener/flush_begin] column family: default, thread_id: 1243407, job_id: 15, reason: 6
I20230630 05:39:07.788141 1243405 event_listener.cc:138] [event_listener/table_file_created] column family: default, file path: /nvme/jinghuan/node_40001/db/000034.sst, file size: 138730345, job id: 11, reason: compaction, status: OK
I20230630 05:39:08.095517 1243408 event_listener.cc:138] [event_listener/table_file_created] column family: default, file path: /nvme/jinghuan/node_40001/db/000042.sst, file size: 77329396, job id: 14, reason: flush, status: OK
I20230630 05:39:08.108136 1243408 event_listener.cc:91] [event_listener/flush_completed] column family: default, thread_id: 1243408, job_id: 14, file: /nvme/jinghuan/node_40001/db/000042.sst, reason: 6, is_write_slowdown: no, is_write_stall: no, largest seqno: 5370364, smallest seqno: 4703216
W20230630 05:39:08.108264 1243408 event_listener.cc:132] [event_listener/stall_cond_changed] column family: default write stall condition was changed, from stop to normal
W20230630 05:39:08.108722 1243634 event_listener.cc:132] [event_listener/stall_cond_changed] column family: default write stall condition was changed, from delay to stop
I20230630 05:39:09.074656 1243408 event_listener.cc:84] [event_listener/flush_begin] column family: metadata, thread_id: 1243408, job_id: 17, reason: 13
W20230630 05:39:09.397734 1243637 event_listener.cc:132] [event_listener/stall_cond_changed] column family: default write stall condition was changed, from normal to delay
I20230630 05:39:12.699563 1243408 event_listener.cc:138] [event_listener/table_file_created] column family: metadata, file path: /nvme/jinghuan/node_40001/db/000049.sst, file size: 19238092, job id: 17, reason: flush, status: OK
I20230630 05:39:12.708921 1243408 event_listener.cc:91] [event_listener/flush_completed] column family: metadata, thread_id: 1243408, job_id: 17, file: /nvme/jinghuan/node_40001/db/000049.sst, reason: 13, is_write_slowdown: no, is_write_stall: no, largest seqno: 6295124, smallest seqno: 3147562
I20230630 05:39:12.756321 1243408 event_listener.cc:84] [event_listener/flush_begin] column family: default, thread_id: 1243408, job_id: 18, reason: 6
I20230630 05:39:14.501444 1243407 event_listener.cc:138] [event_listener/table_file_created] column family: default, file path: /nvme/jinghuan/node_40001/db/000045.sst, file size: 76916175, job id: 15, reason: flush, status: OK
I20230630 05:39:14.512753 1243407 event_listener.cc:91] [event_listener/flush_completed] column family: default, thread_id: 1243407, job_id: 15, file: /nvme/jinghuan/node_40001/db/000045.sst, reason: 6, is_write_slowdown: no, is_write_stall: no, largest seqno: 6033939, smallest seqno: 5370366
W20230630 05:39:14.512961 1243407 event_listener.cc:132] [event_listener/stall_cond_changed] column family: default write stall condition was changed, from stop to normal
W20230630 05:39:14.514472 1243634 event_listener.cc:132] [event_listener/stall_cond_changed] column family: default write stall condition was changed, from delay to stop
W20230630 05:39:15.680080 1243637 event_listener.cc:132] [event_listener/stall_cond_changed] column family: default write stall condition was changed, from normal to delay
I20230630 05:39:16.975034 1243407 event_listener.cc:84] [event_listener/flush_begin] column family: default, thread_id: 1243407, job_id: 19, reason: 6
I20230630 05:39:20.506100 1243408 event_listener.cc:138] [event_listener/table_file_created] column family: default, file path: /nvme/jinghuan/node_40001/db/000052.sst, file size: 78578626, job id: 18, reason: flush, status: OK
I20230630 05:39:20.521662 1243408 event_listener.cc:91] [event_listener/flush_completed] column family: default, thread_id: 1243408, job_id: 18, file: /nvme/jinghuan/node_40001/db/000052.sst, reason: 6, is_write_slowdown: no, is_write_stall: no, largest seqno: 6711847, smallest seqno: 6033941
W20230630 05:39:20.521904 1243408 event_listener.cc:132] [event_listener/stall_cond_changed] column family: default write stall condition was changed, from stop to normal
W20230630 05:39:20.522096 1243636 event_listener.cc:132] [event_listener/stall_cond_changed] column family: default write stall condition was changed, from delay to stop
W20230630 05:39:21.725395 1243636 event_listener.cc:132] [event_listener/stall_cond_changed] column family: default write stall condition was changed, from normal to delay
I20230630 05:39:22.810690 1243405 event_listener.cc:138] [event_listener/table_file_created] column family: default, file path: /nvme/jinghuan/node_40001/db/000046.sst, file size: 138697148, job id: 11, reason: compaction, status: OK
I20230630 05:39:23.080564 1243408 event_listener.cc:84] [event_listener/flush_begin] column family: default, thread_id: 1243408, job_id: 20, reason: 6
I20230630 05:39:24.309437 1243407 event_listener.cc:138] [event_listener/table_file_created] column family: default, file path: /nvme/jinghuan/node_40001/db/000055.sst, file size: 77710813, job id: 19, reason: flush, status: OK
I20230630 05:39:24.322101 1243407 event_listener.cc:91] [event_listener/flush_completed] column family: default, thread_id: 1243407, job_id: 19, file: /nvme/jinghuan/node_40001/db/000055.sst, reason: 6, is_write_slowdown: no, is_write_stall: no, largest seqno: 7382286, smallest seqno: 6711849
W20230630 05:39:24.322202 1243407 event_listener.cc:132] [event_listener/stall_cond_changed] column family: default write stall condition was changed, from stop to normal
W20230630 05:39:24.323063 1243633 event_listener.cc:132] [event_listener/stall_cond_changed] column family: default write stall condition was changed, from delay to stop
W20230630 05:39:25.646359 1243635 event_listener.cc:132] [event_listener/stall_cond_changed] column family: default write stall condition was changed, from normal to delay
I20230630 05:39:26.002071 1243405 event_listener.cc:138] [event_listener/table_file_created] column family: default, file path: /nvme/jinghuan/node_40001/db/000057.sst, file size: 29707405, job id: 11, reason: compaction, status: OK
I20230630 05:39:26.019237 1243405 event_listener.cc:71] [event_listener/compaction_completed] column family: default, compaction reason: 1, output compression type: no, base input level(files): 0(4), output level(files): 1(3), input bytes: 307275117, output bytes:307134898, is_manual_compaction:no, elapsed(micro): 34295249
I20230630 05:39:26.025542 1243405 event_listener.cc:71] [event_listener/compaction_completed] column family: default, compaction reason: 2, output compression type: no, base input level(files): 1(1), output level(files): 2(1), input bytes: 0, output bytes:0, is_manual_compaction:no, elapsed(micro): 0
I20230630 05:39:27.017885 1243407 event_listener.cc:84] [event_listener/flush_begin] column family: default, thread_id: 1243407, job_id: 22, reason: 6
I20230630 05:39:29.511194 1243408 event_listener.cc:138] [event_listener/table_file_created] column family: default, file path: /nvme/jinghuan/node_40001/db/000059.sst, file size: 77414262, job id: 20, reason: flush, status: OK
I20230630 05:39:29.517606 1243408 event_listener.cc:91] [event_listener/flush_completed] column family: default, thread_id: 1243408, job_id: 20, file: /nvme/jinghuan/node_40001/db/000059.sst, reason: 6, is_write_slowdown: no, is_write_stall: no, largest seqno: 8050173, smallest seqno: 7382288
W20230630 05:39:29.517693 1243408 event_listener.cc:132] [event_listener/stall_cond_changed] column family: default write stall condition was changed, from stop to normal
W20230630 05:39:29.518038 1243635 event_listener.cc:132] [event_listener/stall_cond_changed] column family: default write stall condition was changed, from delay to stop
W20230630 05:39:30.702590 1243632 event_listener.cc:132] [event_listener/stall_cond_changed] column family: default write stall condition was changed, from normal to delay
I20230630 05:39:31.960566 1243408 event_listener.cc:84] [event_listener/flush_begin] column family: default, thread_id: 1243408, job_id: 24, reason: 6
I20230630 05:39:35.119402 1243407 event_listener.cc:138] [event_listener/table_file_created] column family: default, file path: /nvme/jinghuan/node_40001/db/000062.sst, file size: 84872867, job id: 22, reason: flush, status: OK
I20230630 05:39:35.135634 1243407 event_listener.cc:91] [event_listener/flush_completed] column family: default, thread_id: 1243407, job_id: 22, file: /nvme/jinghuan/node_40001/db/000062.sst, reason: 6, is_write_slowdown: no, is_write_stall: no, largest seqno: 8782443, smallest seqno: 8050175
W20230630 05:39:35.135744 1243407 event_listener.cc:132] [event_listener/stall_cond_changed] column family: default write stall condition was changed, from stop to normal
W20230630 05:39:35.136385 1243632 event_listener.cc:132] [event_listener/stall_cond_changed] column family: default write stall condition was changed, from delay to stop
I20230630 05:39:35.174788 1243407 event_listener.cc:84] [event_listener/flush_begin] column family: metadata, thread_id: 1243407, job_id: 25, reason: 13
W20230630 05:39:36.311921 1243634 event_listener.cc:132] [event_listener/stall_cond_changed] column family: default write stall condition was changed, from normal to delay
I20230630 05:39:37.209542 1243407 event_listener.cc:138] [event_listener/table_file_created] column family: metadata, file path: /nvme/jinghuan/node_40001/db/000068.sst, file size: 19219127, job id: 25, reason: flush, status: OK
I20230630 05:39:37.218742 1243407 event_listener.cc:91] [event_listener/flush_completed] column family: metadata, thread_id: 1243407, job_id: 25, file: /nvme/jinghuan/node_40001/db/000068.sst, reason: 13, is_write_slowdown: no, is_write_stall: no, largest seqno: 9442686, smallest seqno: 6295135
I20230630 05:39:37.576865 1243407 event_listener.cc:84] [event_listener/flush_begin] column family: default, thread_id: 1243407, job_id: 26, reason: 6
I20230630 05:39:39.120750 1243408 event_listener.cc:138] [event_listener/table_file_created] column family: default, file path: /nvme/jinghuan/node_40001/db/000066.sst, file size: 75856096, job id: 24, reason: flush, status: OK
I20230630 05:39:39.132244 1243408 event_listener.cc:91] [event_listener/flush_completed] column family: default, thread_id: 1243408, job_id: 24, file: /nvme/jinghuan/node_40001/db/000066.sst, reason: 6, is_write_slowdown: no, is_write_stall: no, largest seqno: 9436866, smallest seqno: 8782445
W20230630 05:39:39.132588 1243408 event_listener.cc:132] [event_listener/stall_cond_changed] column family: default write stall condition was changed, from stop to normal
W20230630 05:39:39.132772 1243632 event_listener.cc:132] [event_listener/stall_cond_changed] column family: default write stall condition was changed, from delay to stop
W20230630 05:39:40.307557 1243634 event_listener.cc:132] [event_listener/stall_cond_changed] column family: default write stall condition was changed, from normal to delay
I20230630 05:39:41.538362 1243408 event_listener.cc:84] [event_listener/flush_begin] column family: default, thread_id: 1243408, job_id: 27, reason: 6
I20230630 05:39:44.516834 1243407 event_listener.cc:138] [event_listener/table_file_created] column family: default, file path: /nvme/jinghuan/node_40001/db/000071.sst, file size: 77787817, job id: 26, reason: flush, status: OK
I20230630 05:39:44.523104 1243407 event_listener.cc:91] [event_listener/flush_completed] column family: default, thread_id: 1243407, job_id: 26, file: /nvme/jinghuan/node_40001/db/000071.sst, reason: 6, is_write_slowdown: no, is_write_stall: no, largest seqno: 10107954, smallest seqno: 9436868
W20230630 05:39:44.523298 1243407 event_listener.cc:132] [event_listener/stall_cond_changed] column family: default write stall condition was changed, from stop to normal
W20230630 05:39:44.523521 1243634 event_listener.cc:132] [event_listener/stall_cond_changed] column family: default write stall condition was changed, from delay to stop
W20230630 05:39:45.885015 1243638 event_listener.cc:132] [event_listener/stall_cond_changed] column family: default write stall condition was changed, from normal to delay
I20230630 05:39:47.249092 1243407 event_listener.cc:84] [event_listener/flush_begin] column family: default, thread_id: 1243407, job_id: 28, reason: 6
I20230630 05:39:48.420900 1243408 event_listener.cc:138] [event_listener/table_file_created] column family: default, file path: /nvme/jinghuan/node_40001/db/000074.sst, file size: 75859323, job id: 27, reason: flush, status: OK
I20230630 05:39:48.427485 1243408 event_listener.cc:91] [event_listener/flush_completed] column family: default, thread_id: 1243408, job_id: 27, file: /nvme/jinghuan/node_40001/db/000074.sst, reason: 6, is_write_slowdown: no, is_write_stall: no, largest seqno: 10762410, smallest seqno: 10107956
W20230630 05:39:48.427529 1243408 event_listener.cc:132] [event_listener/stall_cond_changed] column family: default write stall condition was changed, from stop to normal
W20230630 05:39:48.429399 1243638 event_listener.cc:132] [event_listener/stall_cond_changed] column family: default write stall condition was changed, from delay to stop
W20230630 05:39:49.686019 1243636 event_listener.cc:132] [event_listener/stall_cond_changed] column family: default write stall condition was changed, from normal to delay
I20230630 05:39:50.981777 1243408 event_listener.cc:84] [event_listener/flush_begin] column family: default, thread_id: 1243408, job_id: 29, reason: 6
I20230630 05:39:52.116578 1243406 event_listener.cc:138] [event_listener/table_file_created] column family: default, file path: /nvme/jinghuan/node_40001/db/000047.sst, file size: 315086399, job id: 16, reason: compaction, status: OK
I20230630 05:39:52.144709 1243406 event_listener.cc:71] [event_listener/compaction_completed] column family: default, compaction reason: 1, output compression type: no, base input level(files): 0(4), output level(files): 0(1), input bytes: 315200495, output bytes:315086399, is_manual_compaction:no, elapsed(micro): 44008356
I20230630 05:39:52.154655 1243406 event_listener.cc:127] [event_listener/table_file_deleted] db: /nvme/jinghuan/node_40001/db, sst file: /nvme/jinghuan/node_40001/db/000026.sst, status: OK
I20230630 05:39:52.161918 1243406 event_listener.cc:127] [event_listener/table_file_deleted] db: /nvme/jinghuan/node_40001/db, sst file: /nvme/jinghuan/node_40001/db/000023.sst, status: OK
I20230630 05:39:52.168045 1243406 event_listener.cc:127] [event_listener/table_file_deleted] db: /nvme/jinghuan/node_40001/db, sst file: /nvme/jinghuan/node_40001/db/000020.sst, status: OK
I20230630 05:39:52.174293 1243406 event_listener.cc:127] [event_listener/table_file_deleted] db: /nvme/jinghuan/node_40001/db, sst file: /nvme/jinghuan/node_40001/db/000017.sst, status: OK
I20230630 05:39:54.530259 1243407 event_listener.cc:138] [event_listener/table_file_created] column family: default, file path: /nvme/jinghuan/node_40001/db/000077.sst, file size: 84952885, job id: 28, reason: flush, status: OK
I20230630 05:39:54.538890 1243407 event_listener.cc:91] [event_listener/flush_completed] column family: default, thread_id: 1243407, job_id: 28, file: /nvme/jinghuan/node_40001/db/000077.sst, reason: 6, is_write_slowdown: no, is_write_stall: no, largest seqno: 11495362, smallest seqno: 10762412
W20230630 05:39:54.538933 1243407 event_listener.cc:132] [event_listener/stall_cond_changed] column family: default write stall condition was changed, from stop to normal
W20230630 05:39:54.539412 1243639 event_listener.cc:132] [event_listener/stall_cond_changed] column family: default write stall condition was changed, from delay to stop
W20230630 05:39:55.694793 1243636 event_listener.cc:132] [event_listener/stall_cond_changed] column family: default write stall condition was changed, from normal to delay
I20230630 05:39:56.135097 1243407 event_listener.cc:84] [event_listener/flush_begin] column family: metadata, thread_id: 1243407, job_id: 31, reason: 13
I20230630 05:39:57.830433 1243408 event_listener.cc:138] [event_listener/table_file_created] column family: default, file path: /nvme/jinghuan/node_40001/db/000080.sst, file size: 77141554, job id: 29, reason: flush, status: OK
I20230630 05:39:57.845443 1243408 event_listener.cc:91] [event_listener/flush_completed] column family: default, thread_id: 1243408, job_id: 29, file: /nvme/jinghuan/node_40001/db/000080.sst, reason: 6, is_write_slowdown: no, is_write_stall: no, largest seqno: 12160906, smallest seqno: 11495364
W20230630 05:39:57.845535 1243408 event_listener.cc:132] [event_listener/stall_cond_changed] column family: default write stall condition was changed, from stop to normal
W20230630 05:39:57.845939 1243633 event_listener.cc:132] [event_listener/stall_cond_changed] column family: default write stall condition was changed, from delay to stop
I20230630 05:39:57.868258 1243408 event_listener.cc:84] [event_listener/flush_begin] column family: default, thread_id: 1243408, job_id: 32, reason: 6
I20230630 05:39:58.024950 1243407 event_listener.cc:138] [event_listener/table_file_created] column family: metadata, file path: /nvme/jinghuan/node_40001/db/000084.sst, file size: 19221081, job id: 31, reason: flush, status: OK
I20230630 05:39:58.031529 1243407 event_listener.cc:91] [event_listener/flush_completed] column family: metadata, thread_id: 1243407, job_id: 31, file: /nvme/jinghuan/node_40001/db/000084.sst, reason: 13, is_write_slowdown: no, is_write_stall: no, largest seqno: 12590314, smallest seqno: 9442697
W20230630 05:39:58.031809 1243634 event_listener.cc:132] [event_listener/stall_cond_changed] column family: default write stall condition was changed, from normal to delay
I20230630 05:39:58.049582 1243407 event_listener.cc:84] [event_listener/flush_begin] column family: default, thread_id: 1243407, job_id: 33, reason: 13
I20230630 05:39:58.628892 1243407 event_listener.cc:138] [event_listener/table_file_created] column family: default, file path: /nvme/jinghuan/node_40001/db/000088.sst, file size: 5937812, job id: 33, reason: flush, status: OK
I20230630 05:40:03.034219 1243408 event_listener.cc:138] [event_listener/table_file_created] column family: default, file path: /nvme/jinghuan/node_40001/db/000086.sst, file size: 76329544, job id: 32, reason: flush, status: OK
I20230630 05:40:03.047441 1243408 event_listener.cc:91] [event_listener/flush_completed] column family: default, thread_id: 1243408, job_id: 32, file: /nvme/jinghuan/node_40001/db/000086.sst, reason: 13, is_write_slowdown: no, is_write_stall: no, largest seqno: 12819454, smallest seqno: 12160908
I20230630 05:40:03.047472 1243408 event_listener.cc:91] [event_listener/flush_completed] column family: default, thread_id: 1243407, job_id: 33, file: /nvme/jinghuan/node_40001/db/000088.sst, reason: 13, is_write_slowdown: no, is_write_stall: no, largest seqno: 12870637, smallest seqno: 12819456
W20230630 05:40:03.047621 1243408 event_listener.cc:132] [event_listener/stall_cond_changed] column family: default write stall condition was changed, from stop to normal
W20230630 05:40:03.047792 1243639 event_listener.cc:132] [event_listener/stall_cond_changed] column family: default write stall condition was changed, from delay to stop
I20230630 05:40:04.320418 1243407 event_listener.cc:84] [event_listener/flush_begin] column family: default, thread_id: 1243407, job_id: 34, reason: 6
I20230630 05:40:05.128387 1243405 event_listener.cc:138] [event_listener/table_file_created] column family: default, file path: /nvme/jinghuan/node_40001/db/000063.sst, file size: 310488097, job id: 23, reason: compaction, status: OK
I20230630 05:40:05.148672 1243405 event_listener.cc:71] [event_listener/compaction_completed] column family: default, compaction reason: 1, output compression type: no, base input level(files): 0(4), output level(files): 0(1), input bytes: 310619876, output bytes:310488097, is_manual_compaction:no, elapsed(micro): 35610918
I20230630 05:40:05.156622 1243405 event_listener.cc:127] [event_listener/table_file_deleted] db: /nvme/jinghuan/node_40001/db, sst file: /nvme/jinghuan/node_40001/db/000042.sst, status: OK
I20230630 05:40:05.165212 1243405 event_listener.cc:127] [event_listener/table_file_deleted] db: /nvme/jinghuan/node_40001/db, sst file: /nvme/jinghuan/node_40001/db/000039.sst, status: OK
I20230630 05:40:05.171986 1243405 event_listener.cc:127] [event_listener/table_file_deleted] db: /nvme/jinghuan/node_40001/db, sst file: /nvme/jinghuan/node_40001/db/000036.sst, status: OK
I20230630 05:40:05.178143 1243405 event_listener.cc:127] [event_listener/table_file_deleted] db: /nvme/jinghuan/node_40001/db, sst file: /nvme/jinghuan/node_40001/db/000032.sst, status: OK
W20230630 05:40:05.542819 1243634 event_listener.cc:132] [event_listener/stall_cond_changed] column family: default write stall condition was changed, from normal to delay
I20230630 05:40:06.806437 1243408 event_listener.cc:84] [event_listener/flush_begin] column family: default, thread_id: 1243408, job_id: 37, reason: 6
I20230630 05:40:10.833333 1243407 event_listener.cc:138] [event_listener/table_file_created] column family: default, file path: /nvme/jinghuan/node_40001/db/000091.sst, file size: 76583400, job id: 34, reason: flush, status: OK
I20230630 05:40:10.839596 1243407 event_listener.cc:91] [event_listener/flush_completed] column family: default, thread_id: 1243407, job_id: 34, file: /nvme/jinghuan/node_40001/db/000091.sst, reason: 6, is_write_slowdown: no, is_write_stall: no, largest seqno: 13531319, smallest seqno: 12870639
W20230630 05:40:10.839651 1243407 event_listener.cc:132] [event_listener/stall_cond_changed] column family: default write stall condition was changed, from stop to normal
W20230630 05:40:10.839955 1243637 event_listener.cc:132] [event_listener/stall_cond_changed] column family: default write stall condition was changed, from delay to stop
W20230630 05:40:12.175599 1243632 event_listener.cc:132] [event_listener/stall_cond_changed] column family: default write stall condition was changed, from normal to delay
I20230630 05:40:12.735659 1243408 event_listener.cc:138] [event_listener/table_file_created] column family: default, file path: /nvme/jinghuan/node_40001/db/000095.sst, file size: 76583513, job id: 37, reason: flush, status: OK
I20230630 05:40:12.741278 1243408 event_listener.cc:91] [event_listener/flush_completed] column family: default, thread_id: 1243408, job_id: 37, file: /nvme/jinghuan/node_40001/db/000095.sst, reason: 6, is_write_slowdown: no, is_write_stall: no, largest seqno: 14192012, smallest seqno: 13531321
W20230630 05:40:12.741326 1243408 event_listener.cc:132] [event_listener/stall_cond_changed] column family: default write stall condition was changed, from delay to normal
I20230630 05:40:13.136950 1243405 event_listener.cc:138] [event_listener/table_file_created] column family: metadata, file path: /nvme/jinghuan/node_40001/db/000092.sst, file size: 76274404, job id: 36, reason: compaction, status: OK
I20230630 05:40:13.154474 1243405 event_listener.cc:71] [event_listener/compaction_completed] column family: metadata, compaction reason: 1, output compression type: no, base input level(files): 0(4), output level(files): 1(1), input bytes: 76921933, output bytes:76274404, is_manual_compaction:no, elapsed(micro): 7958865
I20230630 05:40:13.156494 1243405 event_listener.cc:127] [event_listener/table_file_deleted] db: /nvme/jinghuan/node_40001/db, sst file: /nvme/jinghuan/node_40001/db/000068.sst, status: OK
I20230630 05:40:13.158443 1243405 event_listener.cc:127] [event_listener/table_file_deleted] db: /nvme/jinghuan/node_40001/db, sst file: /nvme/jinghuan/node_40001/db/000049.sst, status: OK
I20230630 05:40:13.160485 1243405 event_listener.cc:127] [event_listener/table_file_deleted] db: /nvme/jinghuan/node_40001/db, sst file: /nvme/jinghuan/node_40001/db/000031.sst, status: OK
I20230630 05:40:13.584607 1243407 event_listener.cc:84] [event_listener/flush_begin] column family: default, thread_id: 1243407, job_id: 39, reason: 6
W20230630 05:40:14.870456 1243632 event_listener.cc:132] [event_listener/stall_cond_changed] column family: default write stall condition was changed, from normal to delay
I20230630 05:40:16.279773 1243408 event_listener.cc:84] [event_listener/flush_begin] column family: default, thread_id: 1243408, job_id: 40, reason: 6
I20230630 05:40:20.137704 1243406 event_listener.cc:138] [event_listener/table_file_created] column family: default, file path: /nvme/jinghuan/node_40001/db/000081.sst, file size: 314214058, job id: 30, reason: compaction, status: OK
I20230630 05:40:20.158332 1243406 event_listener.cc:71] [event_listener/compaction_completed] column family: default, compaction reason: 1, output compression type: no, base input level(files): 0(4), output level(files): 0(1), input bytes: 314376103, output bytes:314214058, is_manual_compaction:no, elapsed(micro): 27963384
I20230630 05:40:20.160773 1243406 event_listener.cc:127] [event_listener/table_file_deleted] db: /nvme/jinghuan/node_40001/db, sst file: /nvme/jinghuan/node_40001/db/000084.sst, status: OK
I20230630 05:40:20.168678 1243406 event_listener.cc:127] [event_listener/table_file_deleted] db: /nvme/jinghuan/node_40001/db, sst file: /nvme/jinghuan/node_40001/db/000059.sst, status: OK
I20230630 05:40:20.174710 1243406 event_listener.cc:127] [event_listener/table_file_deleted] db: /nvme/jinghuan/node_40001/db, sst file: /nvme/jinghuan/node_40001/db/000055.sst, status: OK
I20230630 05:40:20.181053 1243406 event_listener.cc:127] [event_listener/table_file_deleted] db: /nvme/jinghuan/node_40001/db, sst file: /nvme/jinghuan/node_40001/db/000052.sst, status: OK
I20230630 05:40:20.187047 1243406 event_listener.cc:127] [event_listener/table_file_deleted] db: /nvme/jinghuan/node_40001/db, sst file: /nvme/jinghuan/node_40001/db/000045.sst, status: OK
I20230630 05:40:20.442938 1243407 event_listener.cc:138] [event_listener/table_file_created] column family: default, file path: /nvme/jinghuan/node_40001/db/000099.sst, file size: 85008112, job id: 39, reason: flush, status: OK
I20230630 05:40:20.449275 1243407 event_listener.cc:91] [event_listener/flush_completed] column family: default, thread_id: 1243407, job_id: 39, file: /nvme/jinghuan/node_40001/db/000099.sst, reason: 6, is_write_slowdown: no, is_write_stall: no, largest seqno: 14925426, smallest seqno: 14192014
W20230630 05:40:20.449360 1243407 event_listener.cc:132] [event_listener/stall_cond_changed] column family: default write stall condition was changed, from stop to normal
W20230630 05:40:20.449493 1243635 event_listener.cc:132] [event_listener/stall_cond_changed] column family: default write stall condition was changed, from delay to stop
I20230630 05:40:20.755465 1243407 event_listener.cc:84] [event_listener/flush_begin] column family: metadata, thread_id: 1243407, job_id: 43, reason: 13
W20230630 05:40:21.636351 1243636 event_listener.cc:132] [event_listener/stall_cond_changed] column family: default write stall condition was changed, from normal to delay
I20230630 05:40:21.936441 1243407 event_listener.cc:138] [event_listener/table_file_created] column family: metadata, file path: /nvme/jinghuan/node_40001/db/000104.sst, file size: 19250823, job id: 43, reason: flush, status: OK
I20230630 05:40:21.942785 1243407 event_listener.cc:91] [event_listener/flush_completed] column family: metadata, thread_id: 1243407, job_id: 43, file: /nvme/jinghuan/node_40001/db/000104.sst, reason: 13, is_write_slowdown: no, is_write_stall: no, largest seqno: 15737942, smallest seqno: 12590325
I20230630 05:40:22.849726 1243408 event_listener.cc:138] [event_listener/table_file_created] column family: default, file path: /nvme/jinghuan/node_40001/db/000102.sst, file size: 85043909, job id: 40, reason: flush, status: OK
I20230630 05:40:22.868177 1243408 event_listener.cc:91] [event_listener/flush_completed] column family: default, thread_id: 1243408, job_id: 40, file: /nvme/jinghuan/node_40001/db/000102.sst, reason: 6, is_write_slowdown: no, is_write_stall: no, largest seqno: 15659181, smallest seqno: 14925428
W20230630 05:40:22.868299 1243408 event_listener.cc:132] [event_listener/stall_cond_changed] column family: default write stall condition was changed, from stop to normal
W20230630 05:40:22.868435 1243632 event_listener.cc:132] [event_listener/stall_cond_changed] column family: default write stall condition was changed, from delay to stop
I20230630 05:40:22.878167 1243407 event_listener.cc:84] [event_listener/flush_begin] column family: default, thread_id: 1243407, job_id: 46, reason: 6
W20230630 05:40:24.053332 1243636 event_listener.cc:132] [event_listener/stall_cond_changed] column family: default write stall condition was changed, from normal to delay
I20230630 05:40:25.297804 1243408 event_listener.cc:84] [event_listener/flush_begin] column family: default, thread_id: 1243408, job_id: 50, reason: 6
I20230630 05:40:25.543395 1243407 event_listener.cc:138] [event_listener/table_file_created] column family: default, file path: /nvme/jinghuan/node_40001/db/000107.sst, file size: 75430035, job id: 46, reason: flush, status: OK
I20230630 05:40:25.549834 1243407 event_listener.cc:91] [event_listener/flush_completed] column family: default, thread_id: 1243407, job_id: 46, file: /nvme/jinghuan/node_40001/db/000107.sst, reason: 6, is_write_slowdown: no, is_write_stall: no, largest seqno: 16309952, smallest seqno: 15659183
W20230630 05:40:25.549893 1243407 event_listener.cc:132] [event_listener/stall_cond_changed] column family: default write stall condition was changed, from stop to normal
W20230630 05:40:25.550134 1243632 event_listener.cc:132] [event_listener/stall_cond_changed] column family: default write stall condition was changed, from delay to stop
W20230630 05:40:26.894052 1243632 event_listener.cc:132] [event_listener/stall_cond_changed] column family: default write stall condition was changed, from normal to delay
I20230630 05:40:28.325491 1243407 event_listener.cc:84] [event_listener/flush_begin] column family: default, thread_id: 1243407, job_id: 54, reason: 6
I20230630 05:40:28.444671 1243408 event_listener.cc:138] [event_listener/table_file_created] column family: default, file path: /nvme/jinghuan/node_40001/db/000110.sst, file size: 76377323, job id: 50, reason: flush, status: OK
I20230630 05:40:28.458350 1243408 event_listener.cc:91] [event_listener/flush_completed] column family: default, thread_id: 1243408, job_id: 50, file: /nvme/jinghuan/node_40001/db/000110.sst, reason: 6, is_write_slowdown: no, is_write_stall: no, largest seqno: 16968896, smallest seqno: 16309954
W20230630 05:40:28.458554 1243408 event_listener.cc:132] [event_listener/stall_cond_changed] column family: default write stall condition was changed, from stop to normal
W20230630 05:40:28.460696 1243632 event_listener.cc:132] [event_listener/stall_cond_changed] column family: default write stall condition was changed, from delay to stop
W20230630 05:40:29.813063 1243638 event_listener.cc:132] [event_listener/stall_cond_changed] column family: default write stall condition was changed, from normal to delay
I20230630 05:40:31.244594 1243408 event_listener.cc:84] [event_listener/flush_begin] column family: default, thread_id: 1243408, job_id: 56, reason: 6
I20230630 05:40:33.654474 1243407 event_listener.cc:138] [event_listener/table_file_created] column family: default, file path: /nvme/jinghuan/node_40001/db/000113.sst, file size: 85051454, job id: 54, reason: flush, status: OK
I20230630 05:40:33.660805 1243407 event_listener.cc:91] [event_listener/flush_completed] column family: default, thread_id: 1243407, job_id: 54, file: /nvme/jinghuan/node_40001/db/000113.sst, reason: 6, is_write_slowdown: no, is_write_stall: no, largest seqno: 17702684, smallest seqno: 16968898
W20230630 05:40:33.660871 1243407 event_listener.cc:132] [event_listener/stall_cond_changed] column family: default write stall condition was changed, from stop to normal
W20230630 05:40:33.661378 1243632 event_listener.cc:132] [event_listener/stall_cond_changed] column family: default write stall condition was changed, from delay to stop
W20230630 05:40:34.986091 1243635 event_listener.cc:132] [event_listener/stall_cond_changed] column family: default write stall condition was changed, from normal to delay
I20230630 05:40:35.327739 1243407 event_listener.cc:84] [event_listener/flush_begin] column family: metadata, thread_id: 1243407, job_id: 57, reason: 13
I20230630 05:40:37.046247 1243407 event_listener.cc:138] [event_listener/table_file_created] column family: metadata, file path: /nvme/jinghuan/node_40001/db/000120.sst, file size: 19249934, job id: 57, reason: flush, status: OK
I20230630 05:40:37.052520 1243407 event_listener.cc:91] [event_listener/flush_completed] column family: metadata, thread_id: 1243407, job_id: 57, file: /nvme/jinghuan/node_40001/db/000120.sst, reason: 13, is_write_slowdown: no, is_write_stall: no, largest seqno: 18885548, smallest seqno: 15737953
I20230630 05:40:37.073701 1243407 event_listener.cc:84] [event_listener/flush_begin] column family: default, thread_id: 1243407, job_id: 58, reason: 6
I20230630 05:40:37.247314 1243408 event_listener.cc:138] [event_listener/table_file_created] column family: default, file path: /nvme/jinghuan/node_40001/db/000117.sst, file size: 85048966, job id: 56, reason: flush, status: OK
I20230630 05:40:37.253520 1243408 event_listener.cc:91] [event_listener/flush_completed] column family: default, thread_id: 1243408, job_id: 56, file: /nvme/jinghuan/node_40001/db/000117.sst, reason: 6, is_write_slowdown: no, is_write_stall: no, largest seqno: 18436450, smallest seqno: 17702686
W20230630 05:40:37.253662 1243408 event_listener.cc:132] [event_listener/stall_cond_changed] column family: default write stall condition was changed, from stop to normal
W20230630 05:40:37.253818 1243635 event_listener.cc:132] [event_listener/stall_cond_changed] column family: default write stall condition was changed, from delay to stop
W20230630 05:40:38.745579 1243634 event_listener.cc:132] [event_listener/stall_cond_changed] column family: default write stall condition was changed, from normal to delay
I20230630 05:40:39.155134 1243405 event_listener.cc:138] [event_listener/table_file_created] column family: default, file path: /nvme/jinghuan/node_40001/db/000097.sst, file size: 312445014, job id: 38, reason: compaction, status: OK
I20230630 05:40:39.182224 1243405 event_listener.cc:71] [event_listener/compaction_completed] column family: default, compaction reason: 1, output compression type: no, base input level(files): 0(5), output level(files): 0(1), input bytes: 312575823, output bytes:312445014, is_manual_compaction:no, elapsed(micro): 25994761
I20230630 05:40:39.191974 1243405 event_listener.cc:127] [event_listener/table_file_deleted] db: /nvme/jinghuan/node_40001/db, sst file: /nvme/jinghuan/node_40001/db/000074.sst, status: OK
I20230630 05:40:39.197927 1243405 event_listener.cc:127] [event_listener/table_file_deleted] db: /nvme/jinghuan/node_40001/db, sst file: /nvme/jinghuan/node_40001/db/000071.sst, status: OK
I20230630 05:40:39.203626 1243405 event_listener.cc:127] [event_listener/table_file_deleted] db: /nvme/jinghuan/node_40001/db, sst file: /nvme/jinghuan/node_40001/db/000066.sst, status: OK
I20230630 05:40:39.210103 1243405 event_listener.cc:127] [event_listener/table_file_deleted] db: /nvme/jinghuan/node_40001/db, sst file: /nvme/jinghuan/node_40001/db/000062.sst, status: OK
I20230630 05:40:40.370910 1243408 event_listener.cc:84] [event_listener/flush_begin] column family: default, thread_id: 1243408, job_id: 61, reason: 6
I20230630 05:40:41.261545 1243407 event_listener.cc:138] [event_listener/table_file_created] column family: default, file path: /nvme/jinghuan/node_40001/db/000122.sst, file size: 84911772, job id: 58, reason: flush, status: OK
I20230630 05:40:41.277341 1243407 event_listener.cc:91] [event_listener/flush_completed] column family: default, thread_id: 1243407, job_id: 58, file: /nvme/jinghuan/node_40001/db/000122.sst, reason: 6, is_write_slowdown: no, is_write_stall: no, largest seqno: 19169039, smallest seqno: 18436452
W20230630 05:40:41.277449 1243407 event_listener.cc:132] [event_listener/stall_cond_changed] column family: default write stall condition was changed, from stop to normal
W20230630 05:40:41.277858 1243634 event_listener.cc:132] [event_listener/stall_cond_changed] column family: default write stall condition was changed, from delay to stop
W20230630 05:40:42.733229 1243635 event_listener.cc:132] [event_listener/stall_cond_changed] column family: default write stall condition was changed, from normal to delay
I20230630 05:40:43.359582 1243408 event_listener.cc:138] [event_listener/table_file_created] column family: default, file path: /nvme/jinghuan/node_40001/db/000125.sst, file size: 82967689, job id: 61, reason: flush, status: OK
I20230630 05:40:43.366807 1243408 event_listener.cc:91] [event_listener/flush_completed] column family: default, thread_id: 1243408, job_id: 61, file: /nvme/jinghuan/node_40001/db/000125.sst, reason: 6, is_write_slowdown: no, is_write_stall: no, largest seqno: 19884853, smallest seqno: 19169041
W20230630 05:40:43.366899 1243408 event_listener.cc:132] [event_listener/stall_cond_changed] column family: default write stall condition was changed, from delay to normal
I20230630 05:40:44.252277 1243407 event_listener.cc:84] [event_listener/flush_begin] column family: default, thread_id: 1243407, job_id: 65, reason: 6
