I20230417 23:26:37.514411 607570 event_listener.cc:127] [event_listener/table_file_deleted] db: node_40001/db, sst file: node_40001/db/001250.sst, status: OK
I20230417 23:26:37.515715 607570 event_listener.cc:127] [event_listener/table_file_deleted] db: node_40001/db, sst file: node_40001/db/001222.sst, status: OK
I20230417 23:26:37.516892 607570 event_listener.cc:127] [event_listener/table_file_deleted] db: node_40001/db, sst file: node_40001/db/001198.sst, status: OK
I20230417 23:26:37.524731 607570 event_listener.cc:127] [event_listener/table_file_deleted] db: node_40001/db, sst file: node_40001/db/001173.sst, status: OK
I20230417 23:26:39.131330 607572 event_listener.cc:84] [event_listener/flush_begin] column family: default, thread_id: 607572, job_id: 604, reason: 6
I20230417 23:26:39.217607 607570 event_listener.cc:138] [event_listener/table_file_created] column family: default, file path: node_40001/db/001291.sst, file size: 137828540, job id: 603, reason: compaction, status: OK
I20230417 23:26:39.545727 607572 event_listener.cc:138] [event_listener/table_file_created] column family: default, file path: node_40001/db/001293.sst, file size: 93048409, job id: 604, reason: flush, status: OK
I20230417 23:26:39.546187 607572 event_listener.cc:91] [event_listener/flush_completed] column family: default, thread_id: 607572, job_id: 604, file: node_40001/db/001293.sst, reason: 6, is_write_slowdown: no, is_write_stall: no, largest seqno: 205147865, smallest seqno: 204332096
I20230417 23:26:40.872475 607570 event_listener.cc:138] [event_listener/table_file_created] column family: default, file path: node_40001/db/001294.sst, file size: 137804445, job id: 603, reason: compaction, status: OK
I20230417 23:26:40.883514 607570 event_listener.cc:71] [event_listener/compaction_completed] column family: default, compaction reason: 2, output compression type: no, base input level(files): 1(2), output level(files): 2(2), input bytes: 275733887, output bytes:275632985, is_manual_compaction:no, elapsed(micro): 3347698
I20230417 23:26:41.121572 607571 event_listener.cc:138] [event_listener/table_file_created] column family: default, file path: node_40001/db/001281.sst, file size: 835773547, job id: 599, reason: compaction, status: OK
I20230417 23:26:41.155993 607571 event_listener.cc:71] [event_listener/compaction_completed] column family: default, compaction reason: 1, output compression type: no, base input level(files): 0(9), output level(files): 0(1), input bytes: 837494265, output bytes:835773547, is_manual_compaction:no, elapsed(micro): 9220435
I20230417 23:26:41.166121 607571 event_listener.cc:127] [event_listener/table_file_deleted] db: node_40001/db, sst file: node_40001/db/001276.sst, status: OK
I20230417 23:26:41.175617 607571 event_listener.cc:127] [event_listener/table_file_deleted] db: node_40001/db, sst file: node_40001/db/001257.sst, status: OK
I20230417 23:26:41.183595 607571 event_listener.cc:127] [event_listener/table_file_deleted] db: node_40001/db, sst file: node_40001/db/001158.sst, status: OK
I20230417 23:26:41.192230 607571 event_listener.cc:127] [event_listener/table_file_deleted] db: node_40001/db, sst file: node_40001/db/001090.sst, status: OK
I20230417 23:26:41.201468 607571 event_listener.cc:127] [event_listener/table_file_deleted] db: node_40001/db, sst file: node_40001/db/000913.sst, status: OK
I20230417 23:26:41.201896 607571 event_listener.cc:71] [event_listener/compaction_completed] column family: default, compaction reason: 2, output compression type: no, base input level(files): 2(1), output level(files): 3(1), input bytes: 0, output bytes:0, is_manual_compaction:no, elapsed(micro): 0
I20230417 23:26:41.202206 607571 event_listener.cc:71] [event_listener/compaction_completed] column family: default, compaction reason: 2, output compression type: no, base input level(files): 2(1), output level(files): 3(1), input bytes: 0, output bytes:0, is_manual_compaction:no, elapsed(micro): 0
I20230417 23:26:41.202503 607571 event_listener.cc:71] [event_listener/compaction_completed] column family: default, compaction reason: 2, output compression type: no, base input level(files): 2(1), output level(files): 3(1), input bytes: 0, output bytes:0, is_manual_compaction:no, elapsed(micro): 0
I20230417 23:26:41.202765 607571 event_listener.cc:71] [event_listener/compaction_completed] column family: default, compaction reason: 2, output compression type: no, base input level(files): 2(1), output level(files): 3(1), input bytes: 0, output bytes:0, is_manual_compaction:no, elapsed(micro): 0
I20230417 23:26:41.203419 607571 event_listener.cc:71] [event_listener/compaction_completed] column family: default, compaction reason: 2, output compression type: no, base input level(files): 2(1), output level(files): 3(1), input bytes: 0, output bytes:0, is_manual_compaction:no, elapsed(micro): 0
I20230417 23:26:41.203903 607571 event_listener.cc:71] [event_listener/compaction_completed] column family: default, compaction reason: 2, output compression type: no, base input level(files): 2(1), output level(files): 3(1), input bytes: 0, output bytes:0, is_manual_compaction:no, elapsed(micro): 0
I20230417 23:26:41.204164 607571 event_listener.cc:71] [event_listener/compaction_completed] column family: default, compaction reason: 2, output compression type: no, base input level(files): 2(1), output level(files): 3(1), input bytes: 0, output bytes:0, is_manual_compaction:no, elapsed(micro): 0
I20230417 23:26:41.204413 607571 event_listener.cc:71] [event_listener/compaction_completed] column family: default, compaction reason: 2, output compression type: no, base input level(files): 2(1), output level(files): 3(1), input bytes: 0, output bytes:0, is_manual_compaction:no, elapsed(micro): 0
I20230417 23:26:41.204679 607571 event_listener.cc:71] [event_listener/compaction_completed] column family: default, compaction reason: 2, output compression type: no, base input level(files): 2(1), output level(files): 3(1), input bytes: 0, output bytes:0, is_manual_compaction:no, elapsed(micro): 0
I20230417 23:26:41.204928 607571 event_listener.cc:71] [event_listener/compaction_completed] column family: default, compaction reason: 2, output compression type: no, base input level(files): 2(1), output level(files): 3(1), input bytes: 0, output bytes:0, is_manual_compaction:no, elapsed(micro): 0
I20230417 23:26:41.205168 607571 event_listener.cc:71] [event_listener/compaction_completed] column family: default, compaction reason: 2, output compression type: no, base input level(files): 2(1), output level(files): 3(1), input bytes: 0, output bytes:0, is_manual_compaction:no, elapsed(micro): 0
I20230417 23:26:41.205406 607571 event_listener.cc:71] [event_listener/compaction_completed] column family: default, compaction reason: 2, output compression type: no, base input level(files): 2(1), output level(files): 3(1), input bytes: 0, output bytes:0, is_manual_compaction:no, elapsed(micro): 0
I20230417 23:26:41.205649 607571 event_listener.cc:71] [event_listener/compaction_completed] column family: default, compaction reason: 2, output compression type: no, base input level(files): 2(1), output level(files): 3(1), input bytes: 0, output bytes:0, is_manual_compaction:no, elapsed(micro): 0
I20230417 23:26:41.205883 607571 event_listener.cc:71] [event_listener/compaction_completed] column family: default, compaction reason: 2, output compression type: no, base input level(files): 2(1), output level(files): 3(1), input bytes: 0, output bytes:0, is_manual_compaction:no, elapsed(micro): 0
I20230417 23:26:41.206127 607571 event_listener.cc:71] [event_listener/compaction_completed] column family: default, compaction reason: 2, output compression type: no, base input level(files): 2(1), output level(files): 3(1), input bytes: 0, output bytes:0, is_manual_compaction:no, elapsed(micro): 0
I20230417 23:26:41.206389 607571 event_listener.cc:71] [event_listener/compaction_completed] column family: default, compaction reason: 2, output compression type: no, base input level(files): 2(1), output level(files): 3(1), input bytes: 0, output bytes:0, is_manual_compaction:no, elapsed(micro): 0
I20230417 23:26:41.206635 607571 event_listener.cc:71] [event_listener/compaction_completed] column family: default, compaction reason: 2, output compression type: no, base input level(files): 2(1), output level(files): 3(1), input bytes: 0, output bytes:0, is_manual_compaction:no, elapsed(micro): 0
I20230417 23:26:41.206874 607571 event_listener.cc:71] [event_listener/compaction_completed] column family: default, compaction reason: 2, output compression type: no, base input level(files): 2(1), output level(files): 3(1), input bytes: 0, output bytes:0, is_manual_compaction:no, elapsed(micro): 0
I20230417 23:26:41.207116 607571 event_listener.cc:71] [event_listener/compaction_completed] column family: default, compaction reason: 2, output compression type: no, base input level(files): 2(1), output level(files): 3(1), input bytes: 0, output bytes:0, is_manual_compaction:no, elapsed(micro): 0
I20230417 23:26:41.207366 607571 event_listener.cc:71] [event_listener/compaction_completed] column family: default, compaction reason: 2, output compression type: no, base input level(files): 2(1), output level(files): 3(1), input bytes: 0, output bytes:0, is_manual_compaction:no, elapsed(micro): 0
I20230417 23:26:41.207626 607571 event_listener.cc:71] [event_listener/compaction_completed] column family: default, compaction reason: 2, output compression type: no, base input level(files): 2(1), output level(files): 3(1), input bytes: 0, output bytes:0, is_manual_compaction:no, elapsed(micro): 0
I20230417 23:26:42.158766 607573 event_listener.cc:84] [event_listener/flush_begin] column family: default, thread_id: 607573, job_id: 628, reason: 6
I20230417 23:26:42.538141 607570 event_listener.cc:138] [event_listener/table_file_created] column family: default, file path: node_40001/db/001296.sst, file size: 137862306, job id: 605, reason: compaction, status: OK
I20230417 23:26:42.574218 607573 event_listener.cc:138] [event_listener/table_file_created] column family: default, file path: node_40001/db/001299.sst, file size: 93051051, job id: 628, reason: flush, status: OK
I20230417 23:26:42.574708 607573 event_listener.cc:91] [event_listener/flush_completed] column family: default, thread_id: 607573, job_id: 628, file: node_40001/db/001299.sst, reason: 6, is_write_slowdown: no, is_write_stall: no, largest seqno: 205963614, smallest seqno: 205147867
I20230417 23:26:42.894016 607571 event_listener.cc:138] [event_listener/table_file_created] column family: default, file path: node_40001/db/001297.sst, file size: 137870045, job id: 627, reason: compaction, status: OK
I20230417 23:26:44.171854 607570 event_listener.cc:138] [event_listener/table_file_created] column family: default, file path: node_40001/db/001300.sst, file size: 137832067, job id: 605, reason: compaction, status: OK
I20230417 23:26:44.183216 607570 event_listener.cc:71] [event_listener/compaction_completed] column family: default, compaction reason: 2, output compression type: no, base input level(files): 1(2), output level(files): 2(2), input bytes: 275661625, output bytes:275694373, is_manual_compaction:no, elapsed(micro): 3288274
I20230417 23:26:44.190250 607570 event_listener.cc:127] [event_listener/table_file_deleted] db: node_40001/db, sst file: node_40001/db/001275.sst, status: OK
I20230417 23:26:44.197813 607570 event_listener.cc:127] [event_listener/table_file_deleted] db: node_40001/db, sst file: node_40001/db/001269.sst, status: OK
I20230417 23:26:44.205154 607570 event_listener.cc:127] [event_listener/table_file_deleted] db: node_40001/db, sst file: node_40001/db/001262.sst, status: OK
I20230417 23:26:44.212946 607570 event_listener.cc:127] [event_listener/table_file_deleted] db: node_40001/db, sst file: node_40001/db/001256.sst, status: OK
I20230417 23:26:44.219336 607570 event_listener.cc:127] [event_listener/table_file_deleted] db: node_40001/db, sst file: node_40001/db/001247.sst, status: OK
I20230417 23:26:44.228858 607570 event_listener.cc:127] [event_listener/table_file_deleted] db: node_40001/db, sst file: node_40001/db/001241.sst, status: OK
I20230417 23:26:44.234557 607570 event_listener.cc:127] [event_listener/table_file_deleted] db: node_40001/db, sst file: node_40001/db/001235.sst, status: OK
I20230417 23:26:44.240242 607570 event_listener.cc:127] [event_listener/table_file_deleted] db: node_40001/db, sst file: node_40001/db/001229.sst, status: OK
I20230417 23:26:44.246007 607570 event_listener.cc:127] [event_listener/table_file_deleted] db: node_40001/db, sst file: node_40001/db/001225.sst, status: OK
I20230417 23:26:44.497965 607571 event_listener.cc:138] [event_listener/table_file_created] column family: default, file path: node_40001/db/001301.sst, file size: 137600476, job id: 627, reason: compaction, status: OK
I20230417 23:26:44.509090 607571 event_listener.cc:71] [event_listener/compaction_completed] column family: default, compaction reason: 2, output compression type: no, base input level(files): 2(2), output level(files): 3(2), input bytes: 275481962, output bytes:275470521, is_manual_compaction:no, elapsed(micro): 3290303
I20230417 23:26:44.518882 607571 event_listener.cc:127] [event_listener/table_file_deleted] db: node_40001/db, sst file: node_40001/db/001294.sst, status: OK
I20230417 23:26:44.526897 607571 event_listener.cc:127] [event_listener/table_file_deleted] db: node_40001/db, sst file: node_40001/db/001160.sst, status: OK
I20230417 23:26:44.527269 607571 event_listener.cc:71] [event_listener/compaction_completed] column family: default, compaction reason: 2, output compression type: no, base input level(files): 2(1), output level(files): 3(1), input bytes: 0, output bytes:0, is_manual_compaction:no, elapsed(micro): 0
I20230417 23:26:44.527555 607571 event_listener.cc:71] [event_listener/compaction_completed] column family: default, compaction reason: 2, output compression type: no, base input level(files): 2(1), output level(files): 3(1), input bytes: 0, output bytes:0, is_manual_compaction:no, elapsed(micro): 0
I20230417 23:26:45.092044 607572 event_listener.cc:84] [event_listener/flush_begin] column family: metadata, thread_id: 607572, job_id: 633, reason: 13
I20230417 23:26:45.099872 607573 event_listener.cc:84] [event_listener/flush_begin] column family: default, thread_id: 607573, job_id: 634, reason: 6
I20230417 23:26:45.255734 607572 event_listener.cc:138] [event_listener/table_file_created] column family: metadata, file path: node_40001/db/001307.sst, file size: 16697143, job id: 633, reason: flush, status: OK
I20230417 23:26:45.255993 607572 event_listener.cc:91] [event_listener/flush_completed] column family: metadata, thread_id: 607572, job_id: 633, file: node_40001/db/001307.sst, reason: 13, is_write_slowdown: no, is_write_stall: no, largest seqno: 206748157, smallest seqno: 203184949
I20230417 23:26:45.519469 607573 event_listener.cc:138] [event_listener/table_file_created] column family: default, file path: node_40001/db/001308.sst, file size: 93047595, job id: 634, reason: flush, status: OK
I20230417 23:26:45.519897 607573 event_listener.cc:91] [event_listener/flush_completed] column family: default, thread_id: 607573, job_id: 634, file: node_40001/db/001308.sst, reason: 6, is_write_slowdown: no, is_write_stall: no, largest seqno: 206779319, smallest seqno: 205963616
I20230417 23:26:45.970975 607570 event_listener.cc:138] [event_listener/table_file_created] column family: default, file path: node_40001/db/001303.sst, file size: 137867660, job id: 629, reason: compaction, status: OK
I20230417 23:26:46.240734 607571 event_listener.cc:138] [event_listener/table_file_created] column family: default, file path: node_40001/db/001304.sst, file size: 137867231, job id: 632, reason: compaction, status: OK
I20230417 23:26:47.663375 607570 event_listener.cc:138] [event_listener/table_file_created] column family: default, file path: node_40001/db/001309.sst, file size: 137862537, job id: 629, reason: compaction, status: OK
I20230417 23:26:47.935123 607571 event_listener.cc:138] [event_listener/table_file_created] column family: default, file path: node_40001/db/001310.sst, file size: 137865064, job id: 632, reason: compaction, status: OK
I20230417 23:26:48.280717 607572 event_listener.cc:84] [event_listener/flush_begin] column family: default, thread_id: 607572, job_id: 635, reason: 6
I20230417 23:26:48.698865 607572 event_listener.cc:138] [event_listener/table_file_created] column family: default, file path: node_40001/db/001315.sst, file size: 93057794, job id: 635, reason: flush, status: OK
I20230417 23:26:48.699386 607572 event_listener.cc:91] [event_listener/flush_completed] column family: default, thread_id: 607572, job_id: 635, file: node_40001/db/001315.sst, reason: 6, is_write_slowdown: no, is_write_stall: no, largest seqno: 207595068, smallest seqno: 206779321
I20230417 23:26:49.401856 607570 event_listener.cc:138] [event_listener/table_file_created] column family: default, file path: node_40001/db/001312.sst, file size: 137865518, job id: 629, reason: compaction, status: OK
I20230417 23:26:49.675765 607571 event_listener.cc:138] [event_listener/table_file_created] column family: default, file path: node_40001/db/001313.sst, file size: 137865690, job id: 632, reason: compaction, status: OK
I20230417 23:26:51.044585 607570 event_listener.cc:138] [event_listener/table_file_created] column family: default, file path: node_40001/db/001316.sst, file size: 137860590, job id: 629, reason: compaction, status: OK
I20230417 23:26:51.370551 607573 event_listener.cc:84] [event_listener/flush_begin] column family: default, thread_id: 607573, job_id: 636, reason: 6
I20230417 23:26:51.403981 607571 event_listener.cc:138] [event_listener/table_file_created] column family: default, file path: node_40001/db/001318.sst, file size: 137865484, job id: 632, reason: compaction, status: OK
I20230417 23:26:51.786885 607573 event_listener.cc:138] [event_listener/table_file_created] column family: default, file path: node_40001/db/001321.sst, file size: 93056783, job id: 636, reason: flush, status: OK
I20230417 23:26:51.787375 607573 event_listener.cc:91] [event_listener/flush_completed] column family: default, thread_id: 607573, job_id: 636, file: node_40001/db/001321.sst, reason: 6, is_write_slowdown: no, is_write_stall: no, largest seqno: 208410894, smallest seqno: 207595070
I20230417 23:26:52.743045 607570 event_listener.cc:138] [event_listener/table_file_created] column family: default, file path: node_40001/db/001319.sst, file size: 137874661, job id: 629, reason: compaction, status: OK
I20230417 23:26:53.058836 607571 event_listener.cc:138] [event_listener/table_file_created] column family: default, file path: node_40001/db/001322.sst, file size: 137863326, job id: 632, reason: compaction, status: OK
I20230417 23:26:54.471619 607572 event_listener.cc:84] [event_listener/flush_begin] column family: default, thread_id: 607572, job_id: 637, reason: 6
I20230417 23:26:54.471910 607570 event_listener.cc:138] [event_listener/table_file_created] column family: default, file path: node_40001/db/001324.sst, file size: 137863349, job id: 629, reason: compaction, status: OK
I20230417 23:26:54.754768 607571 event_listener.cc:138] [event_listener/table_file_created] column family: default, file path: node_40001/db/001325.sst, file size: 137731433, job id: 632, reason: compaction, status: OK
I20230417 23:26:54.782967 607571 event_listener.cc:71] [event_listener/compaction_completed] column family: default, compaction reason: 2, output compression type: no, base input level(files): 2(6), output level(files): 3(6), input bytes: 827223233, output bytes:827058228, is_manual_compaction:no, elapsed(micro): 10227187
I20230417 23:26:54.889477 607572 event_listener.cc:138] [event_listener/table_file_created] column family: default, file path: node_40001/db/001327.sst, file size: 93064970, job id: 637, reason: flush, status: OK
I20230417 23:26:54.889935 607572 event_listener.cc:91] [event_listener/flush_completed] column family: default, thread_id: 607572, job_id: 637, file: node_40001/db/001327.sst, reason: 6, is_write_slowdown: no, is_write_stall: no, largest seqno: 209226687, smallest seqno: 208410896
I20230417 23:26:56.109691 607570 event_listener.cc:138] [event_listener/table_file_created] column family: default, file path: node_40001/db/001328.sst, file size: 137865677, job id: 629, reason: compaction, status: OK
I20230417 23:26:56.454674 607571 event_listener.cc:138] [event_listener/table_file_created] column family: default, file path: node_40001/db/001329.sst, file size: 137862962, job id: 638, reason: compaction, status: OK
I20230417 23:26:57.595155 607573 event_listener.cc:84] [event_listener/flush_begin] column family: default, thread_id: 607573, job_id: 639, reason: 6
I20230417 23:26:57.799741 607570 event_listener.cc:138] [event_listener/table_file_created] column family: default, file path: node_40001/db/001331.sst, file size: 137867475, job id: 629, reason: compaction, status: OK
I20230417 23:26:58.011387 607573 event_listener.cc:138] [event_listener/table_file_created] column family: default, file path: node_40001/db/001334.sst, file size: 93058550, job id: 639, reason: flush, status: OK
I20230417 23:26:58.011822 607573 event_listener.cc:91] [event_listener/flush_completed] column family: default, thread_id: 607573, job_id: 639, file: node_40001/db/001334.sst, reason: 6, is_write_slowdown: no, is_write_stall: no, largest seqno: 210042480, smallest seqno: 209226689
I20230417 23:26:58.185717 607571 event_listener.cc:138] [event_listener/table_file_created] column family: default, file path: node_40001/db/001332.sst, file size: 137814775, job id: 638, reason: compaction, status: OK
I20230417 23:26:58.196307 607571 event_listener.cc:71] [event_listener/compaction_completed] column family: default, compaction reason: 2, output compression type: no, base input level(files): 2(2), output level(files): 3(2), input bytes: 275712845, output bytes:275677737, is_manual_compaction:no, elapsed(micro): 3402569
I20230417 23:26:58.494479 607572 event_listener.cc:84] [event_listener/flush_begin] column family: metadata, thread_id: 607572, job_id: 641, reason: 13
I20230417 23:26:58.655079 607572 event_listener.cc:138] [event_listener/table_file_created] column family: metadata, file path: node_40001/db/001338.sst, file size: 16698087, job id: 641, reason: flush, status: OK
I20230417 23:26:58.655350 607572 event_listener.cc:91] [event_listener/flush_completed] column family: metadata, thread_id: 607572, job_id: 641, file: node_40001/db/001338.sst, reason: 13, is_write_slowdown: no, is_write_stall: no, largest seqno: 210311376, smallest seqno: 206748168
I20230417 23:26:59.449733 607570 event_listener.cc:138] [event_listener/table_file_created] column family: default, file path: node_40001/db/001335.sst, file size: 137873602, job id: 629, reason: compaction, status: OK
I20230417 23:27:00.635222 607573 event_listener.cc:84] [event_listener/flush_begin] column family: default, thread_id: 607573, job_id: 642, reason: 6
I20230417 23:27:01.046087 607573 event_listener.cc:138] [event_listener/table_file_created] column family: default, file path: node_40001/db/001342.sst, file size: 93051472, job id: 642, reason: flush, status: OK
I20230417 23:27:01.046521 607573 event_listener.cc:91] [event_listener/flush_completed] column family: default, thread_id: 607573, job_id: 642, file: node_40001/db/001342.sst, reason: 6, is_write_slowdown: no, is_write_stall: no, largest seqno: 210858229, smallest seqno: 210042482
I20230417 23:27:01.166141 607570 event_listener.cc:138] [event_listener/table_file_created] column family: default, file path: node_40001/db/001340.sst, file size: 137867253, job id: 629, reason: compaction, status: OK
I20230417 23:27:02.843389 607570 event_listener.cc:138] [event_listener/table_file_created] column family: default, file path: node_40001/db/001343.sst, file size: 137830753, job id: 629, reason: compaction, status: OK
I20230417 23:27:02.994637 607571 event_listener.cc:138] [event_listener/table_file_created] column family: default, file path: node_40001/db/001336.sst, file size: 464476583, job id: 640, reason: compaction, status: OK
I20230417 23:27:03.017771 607571 event_listener.cc:71] [event_listener/compaction_completed] column family: default, compaction reason: 1, output compression type: no, base input level(files): 0(5), output level(files): 0(1), input bytes: 465285692, output bytes:464476583, is_manual_compaction:no, elapsed(micro): 4798384
I20230417 23:27:03.836853 607572 event_listener.cc:84] [event_listener/flush_begin] column family: default, thread_id: 607572, job_id: 644, reason: 6
I20230417 23:27:04.257043 607572 event_listener.cc:138] [event_listener/table_file_created] column family: default, file path: node_40001/db/001348.sst, file size: 93053927, job id: 644, reason: flush, status: OK
I20230417 23:27:04.257761 607572 event_listener.cc:91] [event_listener/flush_completed] column family: default, thread_id: 607572, job_id: 644, file: node_40001/db/001348.sst, reason: 6, is_write_slowdown: no, is_write_stall: no, largest seqno: 211673978, smallest seqno: 210858231
I20230417 23:27:04.611579 607570 event_listener.cc:138] [event_listener/table_file_created] column family: default, file path: node_40001/db/001345.sst, file size: 137865524, job id: 629, reason: compaction, status: OK
I20230417 23:27:04.792227 607571 event_listener.cc:138] [event_listener/table_file_created] column family: default, file path: node_40001/db/001346.sst, file size: 137871452, job id: 643, reason: compaction, status: OK
I20230417 23:27:06.299105 607570 event_listener.cc:138] [event_listener/table_file_created] column family: default, file path: node_40001/db/001349.sst, file size: 137865978, job id: 629, reason: compaction, status: OK
I20230417 23:27:06.474720 607571 event_listener.cc:138] [event_listener/table_file_created] column family: default, file path: node_40001/db/001350.sst, file size: 137812756, job id: 643, reason: compaction, status: OK
I20230417 23:27:06.486191 607571 event_listener.cc:71] [event_listener/compaction_completed] column family: default, compaction reason: 2, output compression type: no, base input level(files): 2(2), output level(files): 3(2), input bytes: 275709498, output bytes:275684208, is_manual_compaction:no, elapsed(micro): 3456871
I20230417 23:27:06.938984 607573 event_listener.cc:84] [event_listener/flush_begin] column family: default, thread_id: 607573, job_id: 646, reason: 6
I20230417 23:27:07.351344 607573 event_listener.cc:138] [event_listener/table_file_created] column family: default, file path: node_40001/db/001355.sst, file size: 93066374, job id: 646, reason: flush, status: OK
I20230417 23:27:07.352139 607573 event_listener.cc:91] [event_listener/flush_completed] column family: default, thread_id: 607573, job_id: 646, file: node_40001/db/001355.sst, reason: 6, is_write_slowdown: no, is_write_stall: no, largest seqno: 212489771, smallest seqno: 211673980
I20230417 23:27:08.039703 607570 event_listener.cc:138] [event_listener/table_file_created] column family: default, file path: node_40001/db/001352.sst, file size: 137866584, job id: 629, reason: compaction, status: OK
I20230417 23:27:08.251171 607571 event_listener.cc:138] [event_listener/table_file_created] column family: default, file path: node_40001/db/001353.sst, file size: 137859422, job id: 645, reason: compaction, status: OK
I20230417 23:27:09.708303 607570 event_listener.cc:138] [event_listener/table_file_created] column family: default, file path: node_40001/db/001356.sst, file size: 137856528, job id: 629, reason: compaction, status: OK
I20230417 23:27:10.033484 607571 event_listener.cc:138] [event_listener/table_file_created] column family: default, file path: node_40001/db/001357.sst, file size: 137822733, job id: 645, reason: compaction, status: OK
I20230417 23:27:10.065608 607571 event_listener.cc:71] [event_listener/compaction_completed] column family: default, compaction reason: 2, output compression type: no, base input level(files): 2(2), output level(files): 3(2), input bytes: 275656419, output bytes:275682155, is_manual_compaction:no, elapsed(micro): 3547280
I20230417 23:27:10.069860 607572 event_listener.cc:84] [event_listener/flush_begin] column family: default, thread_id: 607572, job_id: 647, reason: 6
I20230417 23:27:10.484505 607572 event_listener.cc:138] [event_listener/table_file_created] column family: default, file path: node_40001/db/001362.sst, file size: 93058345, job id: 647, reason: flush, status: OK
I20230417 23:27:10.484925 607572 event_listener.cc:91] [event_listener/flush_completed] column family: default, thread_id: 607572, job_id: 647, file: node_40001/db/001362.sst, reason: 6, is_write_slowdown: no, is_write_stall: no, largest seqno: 213305564, smallest seqno: 212489773
I20230417 23:27:11.458567 607570 event_listener.cc:138] [event_listener/table_file_created] column family: default, file path: node_40001/db/001359.sst, file size: 137868848, job id: 629, reason: compaction, status: OK
I20230417 23:27:11.760010 607571 event_listener.cc:138] [event_listener/table_file_created] column family: default, file path: node_40001/db/001361.sst, file size: 137872528, job id: 648, reason: compaction, status: OK
I20230417 23:27:12.181476 607573 event_listener.cc:84] [event_listener/flush_begin] column family: metadata, thread_id: 607573, job_id: 649, reason: 13
I20230417 23:27:12.341784 607573 event_listener.cc:138] [event_listener/table_file_created] column family: metadata, file path: node_40001/db/001367.sst, file size: 16697119, job id: 649, reason: flush, status: OK
I20230417 23:27:12.342046 607573 event_listener.cc:91] [event_listener/flush_completed] column family: metadata, thread_id: 607573, job_id: 649, file: node_40001/db/001367.sst, reason: 13, is_write_slowdown: no, is_write_stall: no, largest seqno: 213874595, smallest seqno: 210311387
I20230417 23:27:13.046443 607572 event_listener.cc:84] [event_listener/flush_begin] column family: default, thread_id: 607572, job_id: 650, reason: 6
I20230417 23:27:13.185600 607570 event_listener.cc:138] [event_listener/table_file_created] column family: default, file path: node_40001/db/001364.sst, file size: 137854389, job id: 629, reason: compaction, status: OK
I20230417 23:27:13.457535 607572 event_listener.cc:138] [event_listener/table_file_created] column family: default, file path: node_40001/db/001369.sst, file size: 93066058, job id: 650, reason: flush, status: OK
I20230417 23:27:13.457973 607572 event_listener.cc:91] [event_listener/flush_completed] column family: default, thread_id: 607572, job_id: 650, file: node_40001/db/001369.sst, reason: 6, is_write_slowdown: no, is_write_stall: no, largest seqno: 214121401, smallest seqno: 213305566
I20230417 23:27:13.508473 607571 event_listener.cc:138] [event_listener/table_file_created] column family: default, file path: node_40001/db/001365.sst, file size: 137823153, job id: 648, reason: compaction, status: OK
I20230417 23:27:13.519402 607571 event_listener.cc:71] [event_listener/compaction_completed] column family: default, compaction reason: 2, output compression type: no, base input level(files): 2(2), output level(files): 3(2), input bytes: 275715062, output bytes:275695681, is_manual_compaction:no, elapsed(micro): 3442808
I20230417 23:27:14.894104 607570 event_listener.cc:138] [event_listener/table_file_created] column family: default, file path: node_40001/db/001370.sst, file size: 137869014, job id: 629, reason: compaction, status: OK
I20230417 23:27:16.365873 607573 event_listener.cc:84] [event_listener/flush_begin] column family: default, thread_id: 607573, job_id: 652, reason: 6
I20230417 23:27:16.664705 607570 event_listener.cc:138] [event_listener/table_file_created] column family: default, file path: node_40001/db/001373.sst, file size: 137864294, job id: 629, reason: compaction, status: OK
I20230417 23:27:16.785012 607573 event_listener.cc:138] [event_listener/table_file_created] column family: default, file path: node_40001/db/001375.sst, file size: 93051134, job id: 652, reason: flush, status: OK
I20230417 23:27:16.785447 607573 event_listener.cc:91] [event_listener/flush_completed] column family: default, thread_id: 607573, job_id: 652, file: node_40001/db/001375.sst, reason: 6, is_write_slowdown: no, is_write_stall: no, largest seqno: 214937161, smallest seqno: 214121403
I20230417 23:27:18.341292 607571 event_listener.cc:138] [event_listener/table_file_created] column family: default, file path: node_40001/db/001371.sst, file size: 464482691, job id: 651, reason: compaction, status: OK
I20230417 23:27:18.369129 607571 event_listener.cc:71] [event_listener/compaction_completed] column family: default, compaction reason: 1, output compression type: no, base input level(files): 0(5), output level(files): 0(1), input bytes: 465296176, output bytes:464482691, is_manual_compaction:no, elapsed(micro): 4821945
I20230417 23:27:18.370410 607570 event_listener.cc:138] [event_listener/table_file_created] column family: default, file path: node_40001/db/001376.sst, file size: 137826260, job id: 629, reason: compaction, status: OK
I20230417 23:27:19.534226 607572 event_listener.cc:84] [event_listener/flush_begin] column family: default, thread_id: 607572, job_id: 654, reason: 6
I20230417 23:27:19.948231 607572 event_listener.cc:138] [event_listener/table_file_created] column family: default, file path: node_40001/db/001381.sst, file size: 93062315, job id: 654, reason: flush, status: OK
I20230417 23:27:19.948966 607572 event_listener.cc:91] [event_listener/flush_completed] column family: default, thread_id: 607572, job_id: 654, file: node_40001/db/001381.sst, reason: 6, is_write_slowdown: no, is_write_stall: no, largest seqno: 215752976, smallest seqno: 214937163
I20230417 23:27:20.107787 607570 event_listener.cc:138] [event_listener/table_file_created] column family: default, file path: node_40001/db/001378.sst, file size: 137861122, job id: 629, reason: compaction, status: OK
I20230417 23:27:20.192207 607571 event_listener.cc:138] [event_listener/table_file_created] column family: default, file path: node_40001/db/001379.sst, file size: 137871889, job id: 653, reason: compaction, status: OK
I20230417 23:27:21.815186 607570 event_listener.cc:138] [event_listener/table_file_created] column family: default, file path: node_40001/db/001382.sst, file size: 137864582, job id: 629, reason: compaction, status: OK
I20230417 23:27:21.919486 607571 event_listener.cc:138] [event_listener/table_file_created] column family: default, file path: node_40001/db/001383.sst, file size: 137813063, job id: 653, reason: compaction, status: OK
I20230417 23:27:21.930754 607571 event_listener.cc:71] [event_listener/compaction_completed] column family: default, compaction reason: 2, output compression type: no, base input level(files): 2(2), output level(files): 3(2), input bytes: 275729241, output bytes:275684952, is_manual_compaction:no, elapsed(micro): 3550089
I20230417 23:27:22.704278 607573 event_listener.cc:84] [event_listener/flush_begin] column family: default, thread_id: 607573, job_id: 656, reason: 6
I20230417 23:27:22.728065 607570 event_listener.cc:138] [event_listener/table_file_created] column family: default, file path: node_40001/db/001385.sst, file size: 67415565, job id: 629, reason: compaction, status: OK
I20230417 23:27:23.123489 607573 event_listener.cc:138] [event_listener/table_file_created] column family: default, file path: node_40001/db/001388.sst, file size: 93051992, job id: 656, reason: flush, status: OK
I20230417 23:27:23.124801 607573 event_listener.cc:91] [event_listener/flush_completed] column family: default, thread_id: 607573, job_id: 656, file: node_40001/db/001388.sst, reason: 6, is_write_slowdown: no, is_write_stall: no, largest seqno: 216568725, smallest seqno: 215752978
I20230417 23:27:23.748080 607571 event_listener.cc:138] [event_listener/table_file_created] column family: default, file path: node_40001/db/001386.sst, file size: 137869887, job id: 655, reason: compaction, status: OK
I20230417 23:27:24.434418 607570 event_listener.cc:138] [event_listener/table_file_created] column family: default, file path: node_40001/db/001389.sst, file size: 137867243, job id: 629, reason: compaction, status: OK
I20230417 23:27:25.483887 607571 event_listener.cc:138] [event_listener/table_file_created] column family: default, file path: node_40001/db/001390.sst, file size: 137804311, job id: 655, reason: compaction, status: OK
I20230417 23:27:25.494123 607571 event_listener.cc:71] [event_listener/compaction_completed] column family: default, compaction reason: 2, output compression type: no, base input level(files): 2(2), output level(files): 3(2), input bytes: 275731243, output bytes:275674198, is_manual_compaction:no, elapsed(micro): 3552763
I20230417 23:27:25.890897 607572 event_listener.cc:84] [event_listener/flush_begin] column family: default, thread_id: 607572, job_id: 658, reason: 6
I20230417 23:27:25.907150 607573 event_listener.cc:84] [event_listener/flush_begin] column family: metadata, thread_id: 607573, job_id: 659, reason: 13
I20230417 23:27:26.070950 607573 event_listener.cc:138] [event_listener/table_file_created] column family: metadata, file path: node_40001/db/001397.sst, file size: 16696977, job id: 659, reason: flush, status: OK
I20230417 23:27:26.071293 607573 event_listener.cc:91] [event_listener/flush_completed] column family: metadata, thread_id: 607573, job_id: 659, file: node_40001/db/001397.sst, reason: 13, is_write_slowdown: no, is_write_stall: no, largest seqno: 217437803, smallest seqno: 213874606
I20230417 23:27:26.166324 607570 event_listener.cc:138] [event_listener/table_file_created] column family: default, file path: node_40001/db/001392.sst, file size: 137860755, job id: 629, reason: compaction, status: OK
I20230417 23:27:26.308497 607572 event_listener.cc:138] [event_listener/table_file_created] column family: default, file path: node_40001/db/001396.sst, file size: 93058445, job id: 658, reason: flush, status: OK
I20230417 23:27:26.308926 607572 event_listener.cc:91] [event_listener/flush_completed] column family: default, thread_id: 607572, job_id: 658, file: node_40001/db/001396.sst, reason: 6, is_write_slowdown: no, is_write_stall: no, largest seqno: 217384496, smallest seqno: 216568727
I20230417 23:27:27.299994 607571 event_listener.cc:138] [event_listener/table_file_created] column family: default, file path: node_40001/db/001393.sst, file size: 137863919, job id: 657, reason: compaction, status: OK
I20230417 23:27:27.944366 607570 event_listener.cc:138] [event_listener/table_file_created] column family: default, file path: node_40001/db/001398.sst, file size: 137866550, job id: 629, reason: compaction, status: OK
I20230417 23:27:29.036054 607573 event_listener.cc:84] [event_listener/flush_begin] column family: default, thread_id: 607573, job_id: 660, reason: 6
I20230417 23:27:29.149626 607571 event_listener.cc:138] [event_listener/table_file_created] column family: default, file path: node_40001/db/001400.sst, file size: 137816226, job id: 657, reason: compaction, status: OK
I20230417 23:27:29.160310 607571 event_listener.cc:71] [event_listener/compaction_completed] column family: default, compaction reason: 2, output compression type: no, base input level(files): 2(2), output level(files): 3(2), input bytes: 275718159, output bytes:275680145, is_manual_compaction:no, elapsed(micro): 3655443
I20230417 23:27:29.452978 607573 event_listener.cc:138] [event_listener/table_file_created] column family: default, file path: node_40001/db/001403.sst, file size: 93059944, job id: 660, reason: flush, status: OK
I20230417 23:27:29.454162 607573 event_listener.cc:91] [event_listener/flush_completed] column family: default, thread_id: 607573, job_id: 660, file: node_40001/db/001403.sst, reason: 6, is_write_slowdown: no, is_write_stall: no, largest seqno: 218200278, smallest seqno: 217384498
I20230417 23:27:29.786978 607570 event_listener.cc:138] [event_listener/table_file_created] column family: default, file path: node_40001/db/001401.sst, file size: 137865745, job id: 629, reason: compaction, status: OK
I20230417 23:27:31.559864 607570 event_listener.cc:138] [event_listener/table_file_created] column family: default, file path: node_40001/db/001405.sst, file size: 137863550, job id: 629, reason: compaction, status: OK
I20230417 23:27:32.278741 607572 event_listener.cc:84] [event_listener/flush_begin] column family: default, thread_id: 607572, job_id: 662, reason: 6
I20230417 23:27:32.692216 607572 event_listener.cc:138] [event_listener/table_file_created] column family: default, file path: node_40001/db/001409.sst, file size: 93054747, job id: 662, reason: flush, status: OK
I20230417 23:27:32.692664 607572 event_listener.cc:91] [event_listener/flush_completed] column family: default, thread_id: 607572, job_id: 662, file: node_40001/db/001409.sst, reason: 6, is_write_slowdown: no, is_write_stall: no, largest seqno: 219016093, smallest seqno: 218200280
I20230417 23:27:33.079897 607571 event_listener.cc:138] [event_listener/table_file_created] column family: default, file path: node_40001/db/001404.sst, file size: 371642923, job id: 661, reason: compaction, status: OK
I20230417 23:27:33.096331 607571 event_listener.cc:71] [event_listener/compaction_completed] column family: default, compaction reason: 1, output compression type: no, base input level(files): 0(4), output level(files): 0(1), input bytes: 372223886, output bytes:371642923, is_manual_compaction:no, elapsed(micro): 3919444
I20230417 23:27:33.366606 607570 event_listener.cc:138] [event_listener/table_file_created] column family: default, file path: node_40001/db/001407.sst, file size: 137843661, job id: 629, reason: compaction, status: OK
I20230417 23:27:35.076968 607570 event_listener.cc:138] [event_listener/table_file_created] column family: default, file path: node_40001/db/001411.sst, file size: 137863645, job id: 629, reason: compaction, status: OK
I20230417 23:27:35.134405 607571 event_listener.cc:138] [event_listener/table_file_created] column family: metadata, file path: node_40001/db/001410.sst, file size: 138932397, job id: 663, reason: compaction, status: OK
I20230417 23:27:35.458441 607573 event_listener.cc:84] [event_listener/flush_begin] column family: default, thread_id: 607573, job_id: 664, reason: 6
I20230417 23:27:35.872395 607573 event_listener.cc:138] [event_listener/table_file_created] column family: default, file path: node_40001/db/001416.sst, file size: 93065489, job id: 664, reason: flush, status: OK
I20230417 23:27:35.873133 607573 event_listener.cc:91] [event_listener/flush_completed] column family: default, thread_id: 607573, job_id: 664, file: node_40001/db/001416.sst, reason: 6, is_write_slowdown: no, is_write_stall: no, largest seqno: 219831875, smallest seqno: 219016095
I20230417 23:27:36.158136 607708 cluster.cc:260] MASTER MODE enabled by cluster topology setting
I20230417 23:27:36.166152 607715 cluster.cc:260] MASTER MODE enabled by cluster topology setting
I20230417 23:27:36.394574 607713 slot_migrate_batched_impl.cc:166] [migrate] Start migrating slots, from slot: 0 to slot: 8190. Slots are moving to 127.0.0.1:40002
I20230417 23:27:36.394614 607713 cluster.cc:849] [cluster migration] Finished slot migration cmds sending, start to set nodes
I20230417 23:27:36.394659 607703 slot_migrate.cc:150] [migrate] migrate_slot: -1, dst_ip: 127.0.0.1, dst_port: 40002, speed_limit: 0, pipeline_size_limit: 16
I20230417 23:27:36.821470 607703 slot_migrate.cc:273] [migrate] Start migrating slot -1, connect destination fd 170
I20230417 23:27:36.821504 607703 slot_migrate.cc:178] [migrate] Succeed to start migrating slot -1
I20230417 23:27:36.821935 607703 slot_migrate_leveled_impl.cc:43] meta level: 7 subkey level: 7
I20230417 23:27:36.829604 607703 slot_migrate_leveled_impl.cc:122] Found 4 META SSTs in Level 0
I20230417 23:27:36.829638 607703 slot_migrate.cc:876] [migrate] No commands to send
I20230417 23:27:36.829648 607703 slot_migrate_batched_impl.cc:264] [Level-based] Send File Success, total # of files: 4, file_list: 001307.sst,001338.sst,001367.sst,001397.sst
I20230417 23:27:36.830986 607703 slot_migrate_leveled_impl.cc:122] Found 1 META SSTs in Level 1
I20230417 23:27:36.831000 607703 slot_migrate.cc:876] [migrate] No commands to send
I20230417 23:27:36.831009 607703 slot_migrate_batched_impl.cc:264] [Level-based] Send File Success, total # of files: 1, file_list: 001286.sst
I20230417 23:27:36.832314 607703 slot_migrate_leveled_impl.cc:122] Found 3 META SSTs in Level 2
I20230417 23:27:36.832324 607703 slot_migrate.cc:876] [migrate] No commands to send
I20230417 23:27:36.832329 607703 slot_migrate_batched_impl.cc:264] [Level-based] Send File Success, total # of files: 3, file_list: 001177.sst,001182.sst,001185.sst
I20230417 23:27:36.832346 607703 slot_migrate_leveled_impl.cc:122] Found 0 META SSTs in Level 3
I20230417 23:27:36.832363 607703 slot_migrate_leveled_impl.cc:122] Found 0 META SSTs in Level 4
I20230417 23:27:36.832381 607703 slot_migrate_leveled_impl.cc:122] Found 0 META SSTs in Level 5
I20230417 23:27:36.832396 607703 slot_migrate_leveled_impl.cc:122] Found 0 META SSTs in Level 6
I20230417 23:27:36.848042 607570 event_listener.cc:138] [event_listener/table_file_created] column family: default, file path: node_40001/db/001413.sst, file size: 137865567, job id: 629, reason: compaction, status: OK
I20230417 23:27:36.852597 607703 slot_migrate_leveled_impl.cc:104] Found 15 Subkey SSTs in Level 0
I20230417 23:27:36.852629 607703 slot_migrate.cc:876] [migrate] No commands to send
I20230417 23:27:36.852634 607703 slot_migrate_batched_impl.cc:264] [Level-based] Send File Success, total # of files: 15, file_list: 001042.sst,001071.sst,001135.sst,001218.sst,001281.sst,001283.sst,001288.sst,001293.sst,001299.sst,001336.sst,001371.sst,001403.sst,001404.sst,001409.sst,001416.sst
I20230417 23:27:36.853897 607703 slot_migrate_leveled_impl.cc:104] Found 7 Subkey SSTs in Level 1
I20230417 23:27:36.853907 607703 slot_migrate.cc:876] [migrate] No commands to send
I20230417 23:27:36.853912 607703 slot_migrate_batched_impl.cc:264] [Level-based] Send File Success, total # of files: 7, file_list: 000933.sst,000938.sst,000942.sst,000949.sst,000956.sst,000960.sst,000967.sst
I20230417 23:27:36.855177 607703 slot_migrate_leveled_impl.cc:104] Found 23 Subkey SSTs in Level 2
I20230417 23:27:36.855192 607703 slot_migrate.cc:876] [migrate] No commands to send
I20230417 23:27:36.855201 607703 slot_migrate_batched_impl.cc:264] [Level-based] Send File Success, total # of files: 23, file_list: 000602.sst,000617.sst,000986.sst,000997.sst,000999.sst,001007.sst,001013.sst,001021.sst,001025.sst,001034.sst,001043.sst,001053.sst,001055.sst,001056.sst,001059.sst,001060.sst,001062.sst,001063.sst,001064.sst,001065.sst,001068.sst,001242.sst,001245.sst
I20230417 23:27:36.857749 607703 slot_migrate_leveled_impl.cc:104] Found 34 Subkey SSTs in Level 3
I20230417 23:27:36.857766 607703 slot_migrate.cc:876] [migrate] No commands to send
I20230417 23:27:36.857770 607703 slot_migrate_batched_impl.cc:264] [Level-based] Send File Success, total # of files: 34, file_list: 000515.sst,000519.sst,000559.sst,000560.sst,000563.sst,000564.sst,000867.sst,000875.sst,000876.sst,000883.sst,000885.sst,000888.sst,001297.sst,001301.sst,001304.sst,001310.sst,001313.sst,001318.sst,001322.sst,001325.sst,001329.sst,001332.sst,001346.sst,001350.sst,001353.sst,001357.sst,001361.sst,001365.sst,001379.sst,001383.sst,001386.sst,001390.sst,001393.sst,001400.sst
I20230417 23:27:36.857790 607703 slot_migrate_leveled_impl.cc:104] Found 0 Subkey SSTs in Level 4
I20230417 23:27:36.857807 607703 slot_migrate_leveled_impl.cc:104] Found 0 Subkey SSTs in Level 5
I20230417 23:27:36.857823 607703 slot_migrate_leveled_impl.cc:104] Found 0 Subkey SSTs in Level 6
I20230417 23:27:36.857828 607703 slot_migrate.cc:352] [Level-based], current migration method uses double writing, can skip the WAL syncing
I20230417 23:27:36.857832 607703 slot_migrate.cc:203] [migrate] Succeed to sync WAL for a slot -1
I20230417 23:27:36.971704 607571 event_listener.cc:138] [event_listener/table_file_created] column family: metadata, file path: node_40001/db/001414.sst, file size: 120766911, job id: 663, reason: compaction, status: OK
I20230417 23:27:36.986276 607571 event_listener.cc:71] [event_listener/compaction_completed] column family: metadata, compaction reason: 1, output compression type: no, base input level(files): 0(6), output level(files): 1(2), input bytes: 261769086, output bytes:259699308, is_manual_compaction:no, elapsed(micro): 3875274
I20230417 23:27:36.990789 607571 event_listener.cc:127] [event_listener/table_file_deleted] db: node_40001/db, sst file: node_40001/db/001289.sst, status: OK
I20230417 23:27:37.002844 607571 event_listener.cc:127] [event_listener/table_file_deleted] db: node_40001/db, sst file: node_40001/db/001286.sst, status: OK
I20230417 23:27:37.171351 607703 slot_migrate.cc:386] [Level-based] slot 0 has been migrated to server 127.0.0.1:40002
I20230417 23:27:37.171373 607703 slot_migrate.cc:386] [Level-based] slot 1 has been migrated to server 127.0.0.1:40002
I20230417 23:27:37.171381 607703 slot_migrate.cc:386] [Level-based] slot 2 has been migrated to server 127.0.0.1:40002
I20230417 23:27:37.171389 607703 slot_migrate.cc:386] [Level-based] slot 3 has been migrated to server 127.0.0.1:40002
I20230417 23:27:37.171396 607703 slot_migrate.cc:386] [Level-based] slot 4 has been migrated to server 127.0.0.1:40002
I20230417 23:27:37.171403 607703 slot_migrate.cc:386] [Level-based] slot 5 has been migrated to server 127.0.0.1:40002
