Log file created at: 2023/04/17 23:18:35
Running on machine: en4217754l
Running duration (h:mm:ss): 0:00:00
Log line format: [IWEF]yyyymmdd hh:mm:ss.uuuuuu threadid file:line] msg
I20230417 23:18:35.003970 607558 main.cc:327] kvrocks unstable (commit 66d8ac8)
I20230417 23:18:35.035485 607558 storage.cc:324] [storage] Success to load the data from disk: 10 ms
I20230417 23:18:35.035868 607558 worker.cc:71] [worker] Listening on: 127.0.0.1:40001
I20230417 23:18:35.036023 607558 worker.cc:71] [worker] Listening on: 127.0.0.1:40001
I20230417 23:18:35.036130 607558 worker.cc:71] [worker] Listening on: 127.0.0.1:40001
I20230417 23:18:35.036235 607558 worker.cc:71] [worker] Listening on: 127.0.0.1:40001
I20230417 23:18:35.036332 607558 worker.cc:71] [worker] Listening on: 127.0.0.1:40001
I20230417 23:18:35.036423 607558 worker.cc:71] [worker] Listening on: 127.0.0.1:40001
I20230417 23:18:35.036516 607558 worker.cc:71] [worker] Listening on: 127.0.0.1:40001
I20230417 23:18:35.036608 607558 worker.cc:71] [worker] Listening on: 127.0.0.1:40001
W20230417 23:18:35.036692 607558 server.cc:1606] [server] Increased maximum number of open files to 14224 (it's originally set to 1024)
I20230417 23:18:35.036875 607558 cluster.cc:597] The cluster nodes file node_40001/nodes.conf is not found. Use CLUSTERX subcommands to specify it.
I20230417 23:18:35.036937 607558 worker.cc:534] [worker] Thread #140329032308480 started
I20230417 23:18:35.036962 607558 worker.cc:534] [worker] Thread #140329040701184 started
I20230417 23:18:35.037006 607558 worker.cc:534] [worker] Thread #140329116235520 started
I20230417 23:18:35.037048 607558 worker.cc:534] [worker] Thread #140329107842816 started
I20230417 23:18:35.037086 607558 worker.cc:534] [worker] Thread #140329099450112 started
I20230417 23:18:35.037140 607558 worker.cc:534] [worker] Thread #140329091057408 started
I20230417 23:18:35.037178 607558 worker.cc:534] [worker] Thread #140329082664704 started
I20230417 23:18:35.037216 607558 worker.cc:534] [worker] Thread #140329074272000 started
I20230417 23:18:35.037353 607558 server.cc:197] [server] Ready to accept connections
I20230417 23:18:36.036936 607708 cluster.cc:260] MASTER MODE enabled by cluster topology setting
I20230417 23:18:37.473721 607572 event_listener.cc:84] [event_listener/flush_begin] column family: default, thread_id: 607572, job_id: 3, reason: 6
W20230417 23:18:37.916450 607715 event_listener.cc:132] [event_listener/stall_cond_changed] column family: default write stall condition was changed, from normal to delay
I20230417 23:18:37.981647 607572 event_listener.cc:138] [event_listener/table_file_created] column family: default, file path: node_40001/db/000016.sst, file size: 91979654, job id: 3, reason: flush, status: OK
I20230417 23:18:37.981926 607572 event_listener.cc:91] [event_listener/flush_completed] column family: default, thread_id: 607572, job_id: 3, file: node_40001/db/000016.sst, reason: 6, is_write_slowdown: no, is_write_stall: no, largest seqno: 806222, smallest seqno: 1
W20230417 23:18:37.981986 607572 event_listener.cc:132] [event_listener/stall_cond_changed] column family: default write stall condition was changed, from delay to normal
I20230417 23:18:38.724208 607573 event_listener.cc:84] [event_listener/flush_begin] column family: default, thread_id: 607573, job_id: 5, reason: 6
I20230417 23:18:38.852581 607570 event_listener.cc:138] [event_listener/table_file_created] column family: default, file path: node_40001/db/000018.sst, file size: 91983234, job id: 4, reason: compaction, status: OK
I20230417 23:18:38.858390 607570 event_listener.cc:71] [event_listener/compaction_completed] column family: default, compaction reason: 11, output compression type: no, base input level(files): 0(1), output level(files): 0(1), input bytes: 91979654, output bytes:91983234, is_manual_compaction:no, elapsed(micro): 870553
W20230417 23:18:39.132381 607715 event_listener.cc:132] [event_listener/stall_cond_changed] column family: default write stall condition was changed, from normal to delay
I20230417 23:18:39.154371 607573 event_listener.cc:138] [event_listener/table_file_created] column family: default, file path: node_40001/db/000020.sst, file size: 91314092, job id: 5, reason: flush, status: OK
I20230417 23:18:39.154657 607573 event_listener.cc:91] [event_listener/flush_completed] column family: default, thread_id: 607573, job_id: 5, file: node_40001/db/000020.sst, reason: 6, is_write_slowdown: no, is_write_stall: no, largest seqno: 1606648, smallest seqno: 806224
I20230417 23:18:39.162185 607573 event_listener.cc:127] [event_listener/table_file_deleted] db: node_40001/db, sst file: node_40001/db/000016.sst, status: OK
W20230417 23:18:39.162209 607573 event_listener.cc:132] [event_listener/stall_cond_changed] column family: default write stall condition was changed, from delay to normal
I20230417 23:18:39.922995 607572 event_listener.cc:84] [event_listener/flush_begin] column family: default, thread_id: 607572, job_id: 6, reason: 6
W20230417 23:18:40.330047 607715 event_listener.cc:132] [event_listener/stall_cond_changed] column family: default write stall condition was changed, from normal to delay
I20230417 23:18:40.360524 607572 event_listener.cc:138] [event_listener/table_file_created] column family: default, file path: node_40001/db/000023.sst, file size: 92716437, job id: 6, reason: flush, status: OK
I20230417 23:18:40.360800 607572 event_listener.cc:91] [event_listener/flush_completed] column family: default, thread_id: 607572, job_id: 6, file: node_40001/db/000023.sst, reason: 6, is_write_slowdown: no, is_write_stall: no, largest seqno: 2419361, smallest seqno: 1606650
W20230417 23:18:40.360837 607572 event_listener.cc:132] [event_listener/stall_cond_changed] column family: default write stall condition was changed, from delay to normal
I20230417 23:18:41.119983 607573 event_listener.cc:84] [event_listener/flush_begin] column family: default, thread_id: 607573, job_id: 8, reason: 6
I20230417 23:18:41.522645 607572 event_listener.cc:84] [event_listener/flush_begin] column family: metadata, thread_id: 607572, job_id: 9, reason: 13
W20230417 23:18:41.528630 607713 event_listener.cc:132] [event_listener/stall_cond_changed] column family: default write stall condition was changed, from normal to delay
I20230417 23:18:41.581868 607573 event_listener.cc:138] [event_listener/table_file_created] column family: default, file path: node_40001/db/000027.sst, file size: 92186457, job id: 8, reason: flush, status: OK
I20230417 23:18:41.582113 607573 event_listener.cc:91] [event_listener/flush_completed] column family: default, thread_id: 607573, job_id: 8, file: node_40001/db/000027.sst, reason: 6, is_write_slowdown: no, is_write_stall: no, largest seqno: 3227421, smallest seqno: 2419363
W20230417 23:18:41.582151 607573 event_listener.cc:132] [event_listener/stall_cond_changed] column family: default write stall condition was changed, from delay to normal
I20230417 23:18:41.615689 607571 event_listener.cc:138] [event_listener/table_file_created] column family: default, file path: node_40001/db/000025.sst, file size: 137851912, job id: 7, reason: compaction, status: OK
I20230417 23:18:41.701431 607572 event_listener.cc:138] [event_listener/table_file_created] column family: metadata, file path: node_40001/db/000029.sst, file size: 16709805, job id: 9, reason: flush, status: OK
I20230417 23:18:41.701665 607572 event_listener.cc:91] [event_listener/flush_completed] column family: metadata, thread_id: 607572, job_id: 9, file: node_40001/db/000029.sst, reason: 13, is_write_slowdown: no, is_write_stall: no, largest seqno: 3565639, smallest seqno: 11
I20230417 23:18:42.247882 607573 event_listener.cc:84] [event_listener/flush_begin] column family: default, thread_id: 607573, job_id: 10, reason: 6
I20230417 23:18:42.731926 607573 event_listener.cc:138] [event_listener/table_file_created] column family: default, file path: node_40001/db/000033.sst, file size: 92583577, job id: 10, reason: flush, status: OK
I20230417 23:18:42.732211 607573 event_listener.cc:91] [event_listener/flush_completed] column family: default, thread_id: 607573, job_id: 10, file: node_40001/db/000033.sst, reason: 6, is_write_slowdown: no, is_write_stall: no, largest seqno: 4038990, smallest seqno: 3227423
I20230417 23:18:43.118135 607571 event_listener.cc:138] [event_listener/table_file_created] column family: default, file path: node_40001/db/000031.sst, file size: 137743525, job id: 7, reason: compaction, status: OK
I20230417 23:18:43.126579 607571 event_listener.cc:71] [event_listener/compaction_completed] column family: default, compaction reason: 1, output compression type: no, base input level(files): 0(3), output level(files): 1(2), input bytes: 276013763, output bytes:275595437, is_manual_compaction:no, elapsed(micro): 2757031
I20230417 23:18:43.134090 607571 event_listener.cc:127] [event_listener/table_file_deleted] db: node_40001/db, sst file: node_40001/db/000023.sst, status: OK
I20230417 23:18:43.141461 607571 event_listener.cc:127] [event_listener/table_file_deleted] db: node_40001/db, sst file: node_40001/db/000020.sst, status: OK
I20230417 23:18:43.149935 607571 event_listener.cc:127] [event_listener/table_file_deleted] db: node_40001/db, sst file: node_40001/db/000018.sst, status: OK
I20230417 23:18:43.358820 607571 event_listener.cc:138] [event_listener/table_file_created] column family: metadata, file path: node_40001/db/000035.sst, file size: 16708777, job id: 11, reason: compaction, status: OK
I20230417 23:18:43.359499 607571 event_listener.cc:71] [event_listener/compaction_completed] column family: metadata, compaction reason: 11, output compression type: no, base input level(files): 0(1), output level(files): 0(1), input bytes: 16709805, output bytes:16708777, is_manual_compaction:no, elapsed(micro): 208826
I20230417 23:18:43.360949 607571 event_listener.cc:127] [event_listener/table_file_deleted] db: node_40001/db, sst file: node_40001/db/000029.sst, status: OK
I20230417 23:18:43.361153 607571 event_listener.cc:71] [event_listener/compaction_completed] column family: default, compaction reason: 2, output compression type: no, base input level(files): 1(1), output level(files): 2(1), input bytes: 0, output bytes:0, is_manual_compaction:no, elapsed(micro): 0
I20230417 23:18:43.566295 607572 event_listener.cc:84] [event_listener/flush_begin] column family: default, thread_id: 607572, job_id: 13, reason: 6
W20230417 23:18:43.996799 607713 event_listener.cc:132] [event_listener/stall_cond_changed] column family: default write stall condition was changed, from normal to delay
I20230417 23:18:44.027926 607572 event_listener.cc:138] [event_listener/table_file_created] column family: default, file path: node_40001/db/000037.sst, file size: 91876081, job id: 13, reason: flush, status: OK
I20230417 23:18:44.028251 607572 event_listener.cc:91] [event_listener/flush_completed] column family: default, thread_id: 607572, job_id: 13, file: node_40001/db/000037.sst, reason: 6, is_write_slowdown: no, is_write_stall: no, largest seqno: 4844322, smallest seqno: 4038992
W20230417 23:18:44.028314 607572 event_listener.cc:132] [event_listener/stall_cond_changed] column family: default write stall condition was changed, from delay to normal
I20230417 23:18:44.800325 607573 event_listener.cc:84] [event_listener/flush_begin] column family: default, thread_id: 607573, job_id: 15, reason: 6
I20230417 23:18:45.228040 607573 event_listener.cc:138] [event_listener/table_file_created] column family: default, file path: node_40001/db/000041.sst, file size: 90957450, job id: 15, reason: flush, status: OK
I20230417 23:18:45.228304 607573 event_listener.cc:91] [event_listener/flush_completed] column family: default, thread_id: 607573, job_id: 15, file: node_40001/db/000041.sst, reason: 6, is_write_slowdown: no, is_write_stall: no, largest seqno: 5641635, smallest seqno: 4844324
I20230417 23:18:45.395133 607570 event_listener.cc:138] [event_listener/table_file_created] column family: default, file path: node_40001/db/000039.sst, file size: 137856898, job id: 14, reason: compaction, status: OK
I20230417 23:18:46.115274 607572 event_listener.cc:84] [event_listener/flush_begin] column family: default, thread_id: 607572, job_id: 16, reason: 6
I20230417 23:18:46.553670 607572 event_listener.cc:138] [event_listener/table_file_created] column family: default, file path: node_40001/db/000045.sst, file size: 92347446, job id: 16, reason: flush, status: OK
I20230417 23:18:46.553931 607572 event_listener.cc:91] [event_listener/flush_completed] column family: default, thread_id: 607572, job_id: 16, file: node_40001/db/000045.sst, reason: 6, is_write_slowdown: no, is_write_stall: no, largest seqno: 6451158, smallest seqno: 5641637
I20230417 23:18:46.798158 607570 event_listener.cc:138] [event_listener/table_file_created] column family: default, file path: node_40001/db/000043.sst, file size: 137859091, job id: 14, reason: compaction, status: OK
I20230417 23:18:47.259281 607573 event_listener.cc:84] [event_listener/flush_begin] column family: metadata, thread_id: 607573, job_id: 17, reason: 13
I20230417 23:18:47.322518 607572 event_listener.cc:84] [event_listener/flush_begin] column family: default, thread_id: 607572, job_id: 18, reason: 6
I20230417 23:18:47.452744 607573 event_listener.cc:138] [event_listener/table_file_created] column family: metadata, file path: node_40001/db/000049.sst, file size: 16707782, job id: 17, reason: flush, status: OK
I20230417 23:18:47.453003 607573 event_listener.cc:91] [event_listener/flush_completed] column family: metadata, thread_id: 607573, job_id: 17, file: node_40001/db/000049.sst, reason: 13, is_write_slowdown: no, is_write_stall: no, largest seqno: 7131124, smallest seqno: 3565650
I20230417 23:18:47.763644 607572 event_listener.cc:138] [event_listener/table_file_created] column family: default, file path: node_40001/db/000051.sst, file size: 89969852, job id: 18, reason: flush, status: OK
I20230417 23:18:47.763918 607572 event_listener.cc:91] [event_listener/flush_completed] column family: default, thread_id: 607572, job_id: 18, file: node_40001/db/000051.sst, reason: 6, is_write_slowdown: no, is_write_stall: no, largest seqno: 7239803, smallest seqno: 6451160
I20230417 23:18:48.229926 607570 event_listener.cc:138] [event_listener/table_file_created] column family: default, file path: node_40001/db/000047.sst, file size: 137860385, job id: 14, reason: compaction, status: OK
I20230417 23:18:48.233175 607570 event_listener.cc:138] [event_listener/table_file_created] column family: default, file path: node_40001/db/000053.sst, file size: 250408, job id: 14, reason: compaction, status: OK
I20230417 23:18:48.242606 607570 event_listener.cc:71] [event_listener/compaction_completed] column family: default, compaction reason: 1, output compression type: no, base input level(files): 0(4), output level(files): 1(4), input bytes: 414389640, output bytes:413826782, is_manual_compaction:no, elapsed(micro): 4204646
I20230417 23:18:48.250916 607570 event_listener.cc:127] [event_listener/table_file_deleted] db: node_40001/db, sst file: node_40001/db/000037.sst, status: OK
I20230417 23:18:48.259517 607570 event_listener.cc:127] [event_listener/table_file_deleted] db: node_40001/db, sst file: node_40001/db/000033.sst, status: OK
I20230417 23:18:48.271821 607570 event_listener.cc:127] [event_listener/table_file_deleted] db: node_40001/db, sst file: node_40001/db/000031.sst, status: OK
I20230417 23:18:48.282166 607570 event_listener.cc:127] [event_listener/table_file_deleted] db: node_40001/db, sst file: node_40001/db/000027.sst, status: OK
I20230417 23:18:48.282513 607570 event_listener.cc:71] [event_listener/compaction_completed] column family: default, compaction reason: 2, output compression type: no, base input level(files): 1(1), output level(files): 2(1), input bytes: 0, output bytes:0, is_manual_compaction:no, elapsed(micro): 0
I20230417 23:18:48.282691 607570 event_listener.cc:71] [event_listener/compaction_completed] column family: default, compaction reason: 2, output compression type: no, base input level(files): 1(1), output level(files): 2(1), input bytes: 0, output bytes:0, is_manual_compaction:no, elapsed(micro): 0
I20230417 23:18:48.880789 607573 event_listener.cc:84] [event_listener/flush_begin] column family: default, thread_id: 607573, job_id: 22, reason: 6
W20230417 23:18:49.313738 607711 event_listener.cc:132] [event_listener/stall_cond_changed] column family: default write stall condition was changed, from normal to delay
I20230417 23:18:49.318467 607573 event_listener.cc:138] [event_listener/table_file_created] column family: default, file path: node_40001/db/000056.sst, file size: 91893422, job id: 22, reason: flush, status: OK
I20230417 23:18:49.318737 607573 event_listener.cc:91] [event_listener/flush_completed] column family: default, thread_id: 607573, job_id: 22, file: node_40001/db/000056.sst, reason: 6, is_write_slowdown: no, is_write_stall: no, largest seqno: 8045289, smallest seqno: 7239805
W20230417 23:18:49.318775 607573 event_listener.cc:132] [event_listener/stall_cond_changed] column family: default write stall condition was changed, from delay to normal
I20230417 23:18:49.771008 607570 event_listener.cc:138] [event_listener/table_file_created] column family: default, file path: node_40001/db/000054.sst, file size: 137855938, job id: 21, reason: compaction, status: OK
I20230417 23:18:50.147372 607572 event_listener.cc:84] [event_listener/flush_begin] column family: default, thread_id: 607572, job_id: 24, reason: 6
W20230417 23:18:50.591959 607711 event_listener.cc:132] [event_listener/stall_cond_changed] column family: default write stall condition was changed, from normal to delay
I20230417 23:18:50.610582 607572 event_listener.cc:138] [event_listener/table_file_created] column family: default, file path: node_40001/db/000061.sst, file size: 91405854, job id: 24, reason: flush, status: OK
I20230417 23:18:50.610877 607572 event_listener.cc:91] [event_listener/flush_completed] column family: default, thread_id: 607572, job_id: 24, file: node_40001/db/000061.sst, reason: 6, is_write_slowdown: no, is_write_stall: no, largest seqno: 8846562, smallest seqno: 8045291
W20230417 23:18:50.610915 607572 event_listener.cc:132] [event_listener/stall_cond_changed] column family: default write stall condition was changed, from delay to normal
I20230417 23:18:50.796675 607571 event_listener.cc:138] [event_listener/table_file_created] column family: default, file path: node_40001/db/000058.sst, file size: 137859873, job id: 23, reason: compaction, status: OK
I20230417 23:18:50.800002 607571 event_listener.cc:71] [event_listener/compaction_completed] column family: default, compaction reason: 11, output compression type: no, base input level(files): 2(1), output level(files): 2(1), input bytes: 137860385, output bytes:137859873, is_manual_compaction:no, elapsed(micro): 1482955
I20230417 23:18:51.394474 607570 event_listener.cc:138] [event_listener/table_file_created] column family: default, file path: node_40001/db/000059.sst, file size: 137855171, job id: 21, reason: compaction, status: OK
I20230417 23:18:51.408802 607573 event_listener.cc:84] [event_listener/flush_begin] column family: default, thread_id: 607573, job_id: 25, reason: 6
I20230417 23:18:51.836845 607573 event_listener.cc:138] [event_listener/table_file_created] column family: default, file path: node_40001/db/000065.sst, file size: 91329816, job id: 25, reason: flush, status: OK
I20230417 23:18:51.837890 607573 event_listener.cc:91] [event_listener/flush_completed] column family: default, thread_id: 607573, job_id: 25, file: node_40001/db/000065.sst, reason: 6, is_write_slowdown: no, is_write_stall: no, largest seqno: 9647098, smallest seqno: 8846564
I20230417 23:18:52.658699 607572 event_listener.cc:84] [event_listener/flush_begin] column family: default, thread_id: 607572, job_id: 26, reason: 6
I20230417 23:18:52.926872 607573 event_listener.cc:84] [event_listener/flush_begin] column family: metadata, thread_id: 607573, job_id: 27, reason: 13
I20230417 23:18:52.926985 607570 event_listener.cc:138] [event_listener/table_file_created] column family: default, file path: node_40001/db/000064.sst, file size: 137690028, job id: 21, reason: compaction, status: OK
I20230417 23:18:52.941638 607570 event_listener.cc:71] [event_listener/compaction_completed] column family: default, compaction reason: 2, output compression type: no, base input level(files): 1(3), output level(files): 2(3), input bytes: 413567901, output bytes:413401137, is_manual_compaction:no, elapsed(micro): 4644268
I20230417 23:18:52.951864 607570 event_listener.cc:127] [event_listener/table_file_deleted] db: node_40001/db, sst file: node_40001/db/000047.sst, status: OK
I20230417 23:18:53.097018 607573 event_listener.cc:138] [event_listener/table_file_created] column family: metadata, file path: node_40001/db/000070.sst, file size: 16707704, job id: 27, reason: flush, status: OK
I20230417 23:18:53.097442 607573 event_listener.cc:91] [event_listener/flush_completed] column family: metadata, thread_id: 607573, job_id: 27, file: node_40001/db/000070.sst, reason: 13, is_write_slowdown: no, is_write_stall: no, largest seqno: 10696598, smallest seqno: 7131135
I20230417 23:18:53.098685 607572 event_listener.cc:138] [event_listener/table_file_created] column family: default, file path: node_40001/db/000068.sst, file size: 91732400, job id: 26, reason: flush, status: OK
I20230417 23:18:53.098949 607572 event_listener.cc:91] [event_listener/flush_completed] column family: default, thread_id: 607572, job_id: 26, file: node_40001/db/000068.sst, reason: 6, is_write_slowdown: no, is_write_stall: no, largest seqno: 10451176, smallest seqno: 9647100
I20230417 23:18:53.109824 607572 event_listener.cc:127] [event_listener/table_file_deleted] db: node_40001/db, sst file: node_40001/db/000043.sst, status: OK
I20230417 23:18:53.120815 607572 event_listener.cc:127] [event_listener/table_file_deleted] db: node_40001/db, sst file: node_40001/db/000039.sst, status: OK
I20230417 23:18:53.132306 607572 event_listener.cc:127] [event_listener/table_file_deleted] db: node_40001/db, sst file: node_40001/db/000025.sst, status: OK
I20230417 23:18:53.843567 607573 event_listener.cc:84] [event_listener/flush_begin] column family: default, thread_id: 607573, job_id: 29, reason: 6
I20230417 23:18:54.287544 607573 event_listener.cc:138] [event_listener/table_file_created] column family: default, file path: node_40001/db/000074.sst, file size: 91238888, job id: 29, reason: flush, status: OK
I20230417 23:18:54.287832 607573 event_listener.cc:91] [event_listener/flush_completed] column family: default, thread_id: 607573, job_id: 29, file: node_40001/db/000074.sst, reason: 6, is_write_slowdown: no, is_write_stall: no, largest seqno: 11250964, smallest seqno: 10451178
I20230417 23:18:54.298383 607571 event_listener.cc:138] [event_listener/table_file_created] column family: default, file path: node_40001/db/000075.sst, file size: 250408, job id: 30, reason: compaction, status: OK
I20230417 23:18:54.298700 607571 event_listener.cc:71] [event_listener/compaction_completed] column family: default, compaction reason: 11, output compression type: no, base input level(files): 2(1), output level(files): 2(1), input bytes: 250408, output bytes:250408, is_manual_compaction:no, elapsed(micro): 10364
I20230417 23:18:54.406476 607570 event_listener.cc:138] [event_listener/table_file_created] column family: default, file path: node_40001/db/000071.sst, file size: 137860753, job id: 28, reason: compaction, status: OK
I20230417 23:18:55.164887 607572 event_listener.cc:84] [event_listener/flush_begin] column family: default, thread_id: 607572, job_id: 31, reason: 6
I20230417 23:18:55.576436 607572 event_listener.cc:138] [event_listener/table_file_created] column family: default, file path: node_40001/db/000079.sst, file size: 90968891, job id: 31, reason: flush, status: OK
I20230417 23:18:55.576731 607572 event_listener.cc:91] [event_listener/flush_completed] column family: default, thread_id: 607572, job_id: 31, file: node_40001/db/000079.sst, reason: 6, is_write_slowdown: no, is_write_stall: no, largest seqno: 12048343, smallest seqno: 11250966
I20230417 23:18:55.892616 607570 event_listener.cc:138] [event_listener/table_file_created] column family: default, file path: node_40001/db/000077.sst, file size: 137857596, job id: 28, reason: compaction, status: OK
I20230417 23:18:56.398896 607573 event_listener.cc:84] [event_listener/flush_begin] column family: default, thread_id: 607573, job_id: 35, reason: 6
I20230417 23:18:56.805096 607573 event_listener.cc:138] [event_listener/table_file_created] column family: default, file path: node_40001/db/000083.sst, file size: 90241664, job id: 35, reason: flush, status: OK
I20230417 23:18:56.805372 607573 event_listener.cc:91] [event_listener/flush_completed] column family: default, thread_id: 607573, job_id: 35, file: node_40001/db/000083.sst, reason: 6, is_write_slowdown: no, is_write_stall: no, largest seqno: 12839342, smallest seqno: 12048345
I20230417 23:18:57.374534 607570 event_listener.cc:138] [event_listener/table_file_created] column family: default, file path: node_40001/db/000081.sst, file size: 137861302, job id: 28, reason: compaction, status: OK
I20230417 23:18:57.671258 607572 event_listener.cc:84] [event_listener/flush_begin] column family: default, thread_id: 607572, job_id: 37, reason: 6
I20230417 23:18:58.081419 607572 event_listener.cc:138] [event_listener/table_file_created] column family: default, file path: node_40001/db/000088.sst, file size: 90957000, job id: 37, reason: flush, status: OK
I20230417 23:18:58.083310 607572 event_listener.cc:91] [event_listener/flush_completed] column family: default, thread_id: 607572, job_id: 37, file: node_40001/db/000088.sst, reason: 6, is_write_slowdown: no, is_write_stall: no, largest seqno: 13636611, smallest seqno: 12839344
I20230417 23:18:58.623703 607573 event_listener.cc:84] [event_listener/flush_begin] column family: metadata, thread_id: 607573, job_id: 38, reason: 13
I20230417 23:18:58.804710 607572 event_listener.cc:84] [event_listener/flush_begin] column family: default, thread_id: 607572, job_id: 39, reason: 6
I20230417 23:18:58.811055 607573 event_listener.cc:138] [event_listener/table_file_created] column family: metadata, file path: node_40001/db/000091.sst, file size: 16706810, job id: 38, reason: flush, status: OK
I20230417 23:18:58.811376 607573 event_listener.cc:91] [event_listener/flush_completed] column family: metadata, thread_id: 607573, job_id: 38, file: node_40001/db/000091.sst, reason: 13, is_write_slowdown: no, is_write_stall: no, largest seqno: 14261654, smallest seqno: 10696609
W20230417 23:18:58.811600 607713 event_listener.cc:132] [event_listener/stall_cond_changed] column family: default write stall condition was changed, from normal to delay
I20230417 23:18:58.823453 607573 event_listener.cc:84] [event_listener/flush_begin] column family: default, thread_id: 607573, job_id: 40, reason: 13
I20230417 23:18:58.852200 607573 event_listener.cc:138] [event_listener/table_file_created] column family: default, file path: node_40001/db/000095.sst, file size: 4727692, job id: 40, reason: flush, status: OK
I20230417 23:18:58.879801 607570 event_listener.cc:138] [event_listener/table_file_created] column family: default, file path: node_40001/db/000086.sst, file size: 133208811, job id: 28, reason: compaction, status: OK
I20230417 23:18:58.891934 607570 event_listener.cc:71] [event_listener/compaction_completed] column family: default, compaction reason: 1, output compression type: no, base input level(files): 0(6), output level(files): 1(4), input bytes: 547903840, output bytes:546788462, is_manual_compaction:no, elapsed(micro): 5927900
I20230417 23:18:58.892041 607570 event_listener.cc:127] [event_listener/table_file_deleted] db: node_40001/db, sst file: node_40001/db/000053.sst, status: OK
I20230417 23:18:59.215484 607572 event_listener.cc:138] [event_listener/table_file_created] column family: default, file path: node_40001/db/000093.sst, file size: 91670350, job id: 39, reason: flush, status: OK
I20230417 23:18:59.215760 607572 event_listener.cc:91] [event_listener/flush_completed] column family: default, thread_id: 607572, job_id: 39, file: node_40001/db/000093.sst, reason: 13, is_write_slowdown: no, is_write_stall: no, largest seqno: 14440183, smallest seqno: 13636613
I20230417 23:18:59.215773 607572 event_listener.cc:91] [event_listener/flush_completed] column family: default, thread_id: 607573, job_id: 40, file: node_40001/db/000095.sst, reason: 13, is_write_slowdown: no, is_write_stall: no, largest seqno: 14481444, smallest seqno: 14440185
W20230417 23:18:59.215868 607572 event_listener.cc:132] [event_listener/stall_cond_changed] column family: default write stall condition was changed, from delay to normal
I20230417 23:18:59.815678 607570 event_listener.cc:138] [event_listener/table_file_created] column family: metadata, file path: node_40001/db/000096.sst, file size: 65878679, job id: 41, reason: compaction, status: OK
I20230417 23:18:59.817785 607570 event_listener.cc:71] [event_listener/compaction_completed] column family: metadata, compaction reason: 1, output compression type: no, base input level(files): 0(4), output level(files): 1(1), input bytes: 66831073, output bytes:65878679, is_manual_compaction:no, elapsed(micro): 923626
I20230417 23:18:59.819514 607570 event_listener.cc:127] [event_listener/table_file_deleted] db: node_40001/db, sst file: node_40001/db/000070.sst, status: OK
I20230417 23:18:59.821450 607570 event_listener.cc:127] [event_listener/table_file_deleted] db: node_40001/db, sst file: node_40001/db/000049.sst, status: OK
I20230417 23:18:59.823089 607570 event_listener.cc:127] [event_listener/table_file_deleted] db: node_40001/db, sst file: node_40001/db/000035.sst, status: OK
I20230417 23:19:00.273849 607573 event_listener.cc:84] [event_listener/flush_begin] column family: default, thread_id: 607573, job_id: 42, reason: 6
I20230417 23:19:00.528606 607571 event_listener.cc:138] [event_listener/table_file_created] column family: default, file path: node_40001/db/000084.sst, file size: 363549736, job id: 36, reason: compaction, status: OK
I20230417 23:19:00.538480 607571 event_listener.cc:71] [event_listener/compaction_completed] column family: default, compaction reason: 1, output compression type: no, base input level(files): 0(4), output level(files): 0(1), input bytes: 364181843, output bytes:363549736, is_manual_compaction:no, elapsed(micro): 3723633
I20230417 23:19:00.540000 607571 event_listener.cc:127] [event_listener/table_file_deleted] db: node_40001/db, sst file: node_40001/db/000091.sst, status: OK
I20230417 23:19:00.547176 607571 event_listener.cc:127] [event_listener/table_file_deleted] db: node_40001/db, sst file: node_40001/db/000065.sst, status: OK
I20230417 23:19:00.554423 607571 event_listener.cc:127] [event_listener/table_file_deleted] db: node_40001/db, sst file: node_40001/db/000061.sst, status: OK
I20230417 23:19:00.561117 607571 event_listener.cc:127] [event_listener/table_file_deleted] db: node_40001/db, sst file: node_40001/db/000056.sst, status: OK
I20230417 23:19:00.568502 607571 event_listener.cc:127] [event_listener/table_file_deleted] db: node_40001/db, sst file: node_40001/db/000051.sst, status: OK
I20230417 23:19:00.576036 607571 event_listener.cc:127] [event_listener/table_file_deleted] db: node_40001/db, sst file: node_40001/db/000045.sst, status: OK
I20230417 23:19:00.583317 607571 event_listener.cc:127] [event_listener/table_file_deleted] db: node_40001/db, sst file: node_40001/db/000041.sst, status: OK
I20230417 23:19:00.689117 607573 event_listener.cc:138] [event_listener/table_file_created] column family: default, file path: node_40001/db/000099.sst, file size: 91981094, job id: 42, reason: flush, status: OK
I20230417 23:19:00.689365 607573 event_listener.cc:91] [event_listener/flush_completed] column family: default, thread_id: 607573, job_id: 42, file: node_40001/db/000099.sst, reason: 6, is_write_slowdown: no, is_write_stall: no, largest seqno: 15287722, smallest seqno: 14481446
I20230417 23:19:00.696482 607573 event_listener.cc:127] [event_listener/table_file_deleted] db: node_40001/db, sst file: node_40001/db/000083.sst, status: OK
I20230417 23:19:00.703632 607573 event_listener.cc:127] [event_listener/table_file_deleted] db: node_40001/db, sst file: node_40001/db/000079.sst, status: OK
I20230417 23:19:00.710819 607573 event_listener.cc:127] [event_listener/table_file_deleted] db: node_40001/db, sst file: node_40001/db/000074.sst, status: OK
I20230417 23:19:00.718195 607573 event_listener.cc:127] [event_listener/table_file_deleted] db: node_40001/db, sst file: node_40001/db/000068.sst, status: OK
I20230417 23:19:01.521720 607572 event_listener.cc:84] [event_listener/flush_begin] column family: default, thread_id: 607572, job_id: 44, reason: 6
I20230417 23:19:01.934441 607572 event_listener.cc:138] [event_listener/table_file_created] column family: default, file path: node_40001/db/000103.sst, file size: 91277489, job id: 44, reason: flush, status: OK
I20230417 23:19:01.934702 607572 event_listener.cc:91] [event_listener/flush_completed] column family: default, thread_id: 607572, job_id: 44, file: node_40001/db/000103.sst, reason: 6, is_write_slowdown: no, is_write_stall: no, largest seqno: 16087807, smallest seqno: 15287724
I20230417 23:19:02.164381 607571 event_listener.cc:138] [event_listener/table_file_created] column family: default, file path: node_40001/db/000100.sst, file size: 137858546, job id: 43, reason: compaction, status: OK
I20230417 23:19:02.763341 607573 event_listener.cc:84] [event_listener/flush_begin] column family: default, thread_id: 607573, job_id: 45, reason: 6
I20230417 23:19:03.174659 607573 event_listener.cc:138] [event_listener/table_file_created] column family: default, file path: node_40001/db/000107.sst, file size: 91652899, job id: 45, reason: flush, status: OK
I20230417 23:19:03.174911 607573 event_listener.cc:91] [event_listener/flush_completed] column family: default, thread_id: 607573, job_id: 45, file: node_40001/db/000107.sst, reason: 6, is_write_slowdown: no, is_write_stall: no, largest seqno: 16891126, smallest seqno: 16087809
I20230417 23:19:03.702801 607571 event_listener.cc:138] [event_listener/table_file_created] column family: default, file path: node_40001/db/000105.sst, file size: 137853982, job id: 43, reason: compaction, status: OK
I20230417 23:19:04.026474 607572 event_listener.cc:84] [event_listener/flush_begin] column family: default, thread_id: 607572, job_id: 46, reason: 6
I20230417 23:19:04.089422 607573 event_listener.cc:84] [event_listener/flush_begin] column family: metadata, thread_id: 607573, job_id: 47, reason: 13
I20230417 23:19:04.255481 607573 event_listener.cc:138] [event_listener/table_file_created] column family: metadata, file path: node_40001/db/000113.sst, file size: 16705259, job id: 47, reason: flush, status: OK
I20230417 23:19:04.255976 607573 event_listener.cc:91] [event_listener/flush_completed] column family: metadata, thread_id: 607573, job_id: 47, file: node_40001/db/000113.sst, reason: 13, is_write_slowdown: no, is_write_stall: no, largest seqno: 17826655, smallest seqno: 14261665
I20230417 23:19:04.439152 607572 event_listener.cc:138] [event_listener/table_file_created] column family: default, file path: node_40001/db/000111.sst, file size: 91572728, job id: 46, reason: flush, status: OK
I20230417 23:19:04.439999 607572 event_listener.cc:91] [event_listener/flush_completed] column family: default, thread_id: 607572, job_id: 46, file: node_40001/db/000111.sst, reason: 6, is_write_slowdown: no, is_write_stall: no, largest seqno: 17693829, smallest seqno: 16891128
I20230417 23:19:05.259212 607573 event_listener.cc:84] [event_listener/flush_begin] column family: default, thread_id: 607573, job_id: 49, reason: 6
I20230417 23:19:05.359418 607571 event_listener.cc:138] [event_listener/table_file_created] column family: default, file path: node_40001/db/000109.sst, file size: 137865315, job id: 43, reason: compaction, status: OK
I20230417 23:19:05.700392 607573 event_listener.cc:138] [event_listener/table_file_created] column family: default, file path: node_40001/db/000117.sst, file size: 91993578, job id: 49, reason: flush, status: OK
I20230417 23:19:05.700685 607573 event_listener.cc:91] [event_listener/flush_completed] column family: default, thread_id: 607573, job_id: 49, file: node_40001/db/000117.sst, reason: 6, is_write_slowdown: no, is_write_stall: no, largest seqno: 18500228, smallest seqno: 17693831
I20230417 23:19:06.575177 607572 event_listener.cc:84] [event_listener/flush_begin] column family: default, thread_id: 607572, job_id: 50, reason: 6
I20230417 23:19:06.980902 607571 event_listener.cc:138] [event_listener/table_file_created] column family: default, file path: node_40001/db/000118.sst, file size: 137866129, job id: 43, reason: compaction, status: OK
I20230417 23:19:07.002406 607572 event_listener.cc:138] [event_listener/table_file_created] column family: default, file path: node_40001/db/000121.sst, file size: 91186527, job id: 50, reason: flush, status: OK
I20230417 23:19:07.002686 607572 event_listener.cc:91] [event_listener/flush_completed] column family: default, thread_id: 607572, job_id: 50, file: node_40001/db/000121.sst, reason: 6, is_write_slowdown: no, is_write_stall: no, largest seqno: 19299587, smallest seqno: 18500230
I20230417 23:19:07.869477 607573 event_listener.cc:84] [event_listener/flush_begin] column family: default, thread_id: 607573, job_id: 51, reason: 6
I20230417 23:19:08.283264 607573 event_listener.cc:138] [event_listener/table_file_created] column family: default, file path: node_40001/db/000125.sst, file size: 91438674, job id: 51, reason: flush, status: OK
I20230417 23:19:08.284201 607573 event_listener.cc:91] [event_listener/flush_completed] column family: default, thread_id: 607573, job_id: 51, file: node_40001/db/000125.sst, reason: 6, is_write_slowdown: no, is_write_stall: no, largest seqno: 20101179, smallest seqno: 19299589
I20230417 23:19:08.342833 607570 event_listener.cc:138] [event_listener/table_file_created] column family: default, file path: node_40001/db/000114.sst, file size: 365871606, job id: 48, reason: compaction, status: OK
I20230417 23:19:08.352720 607570 event_listener.cc:71] [event_listener/compaction_completed] column family: default, compaction reason: 1, output compression type: no, base input level(files): 0(4), output level(files): 0(1), input bytes: 366484210, output bytes:365871606, is_manual_compaction:no, elapsed(micro): 3902845
I20230417 23:19:08.360800 607570 event_listener.cc:127] [event_listener/table_file_deleted] db: node_40001/db, sst file: node_40001/db/000099.sst, status: OK
I20230417 23:19:08.598546 607571 event_listener.cc:138] [event_listener/table_file_created] column family: default, file path: node_40001/db/000122.sst, file size: 137839400, job id: 43, reason: compaction, status: OK
I20230417 23:19:09.118304 607572 event_listener.cc:84] [event_listener/flush_begin] column family: default, thread_id: 607572, job_id: 53, reason: 6
I20230417 23:19:09.527711 607572 event_listener.cc:138] [event_listener/table_file_created] column family: default, file path: node_40001/db/000129.sst, file size: 90617381, job id: 53, reason: flush, status: OK
I20230417 23:19:09.527985 607572 event_listener.cc:91] [event_listener/flush_completed] column family: default, thread_id: 607572, job_id: 53, file: node_40001/db/000129.sst, reason: 6, is_write_slowdown: no, is_write_stall: no, largest seqno: 20895467, smallest seqno: 20101181
I20230417 23:19:09.870800 607573 event_listener.cc:84] [event_listener/flush_begin] column family: metadata, thread_id: 607573, job_id: 56, reason: 13
I20230417 23:19:10.036638 607573 event_listener.cc:138] [event_listener/table_file_created] column family: metadata, file path: node_40001/db/000133.sst, file size: 16704298, job id: 56, reason: flush, status: OK
I20230417 23:19:10.036900 607573 event_listener.cc:91] [event_listener/flush_completed] column family: metadata, thread_id: 607573, job_id: 56, file: node_40001/db/000133.sst, reason: 13, is_write_slowdown: no, is_write_stall: no, largest seqno: 21391645, smallest seqno: 17826666
I20230417 23:19:10.282716 607572 event_listener.cc:84] [event_listener/flush_begin] column family: default, thread_id: 607572, job_id: 57, reason: 6
I20230417 23:19:10.282955 607571 event_listener.cc:138] [event_listener/table_file_created] column family: default, file path: node_40001/db/000127.sst, file size: 137863452, job id: 43, reason: compaction, status: OK
I20230417 23:19:10.718394 607572 event_listener.cc:138] [event_listener/table_file_created] column family: default, file path: node_40001/db/000135.sst, file size: 90034771, job id: 57, reason: flush, status: OK
I20230417 23:19:10.718680 607572 event_listener.cc:91] [event_listener/flush_completed] column family: default, thread_id: 607572, job_id: 57, file: node_40001/db/000135.sst, reason: 6, is_write_slowdown: no, is_write_stall: no, largest seqno: 21684684, smallest seqno: 20895469
I20230417 23:19:11.685014 607573 event_listener.cc:84] [event_listener/flush_begin] column family: default, thread_id: 607573, job_id: 58, reason: 6
I20230417 23:19:11.952984 607571 event_listener.cc:138] [event_listener/table_file_created] column family: default, file path: node_40001/db/000136.sst, file size: 137868983, job id: 43, reason: compaction, status: OK
I20230417 23:19:12.105865 607573 event_listener.cc:138] [event_listener/table_file_created] column family: default, file path: node_40001/db/000139.sst, file size: 91470723, job id: 58, reason: flush, status: OK
I20230417 23:19:12.106137 607573 event_listener.cc:91] [event_listener/flush_completed] column family: default, thread_id: 607573, job_id: 58, file: node_40001/db/000139.sst, reason: 6, is_write_slowdown: no, is_write_stall: no, largest seqno: 22486485, smallest seqno: 21684686
I20230417 23:19:12.967607 607572 event_listener.cc:84] [event_listener/flush_begin] column family: default, thread_id: 607572, job_id: 59, reason: 6
I20230417 23:19:13.367180 607570 event_listener.cc:138] [event_listener/table_file_created] column family: default, file path: node_40001/db/000130.sst, file size: 364636486, job id: 55, reason: compaction, status: OK
I20230417 23:19:13.376195 607572 event_listener.cc:138] [event_listener/table_file_created] column family: default, file path: node_40001/db/000143.sst, file size: 90863492, job id: 59, reason: flush, status: OK
I20230417 23:19:13.376467 607572 event_listener.cc:91] [event_listener/flush_completed] column family: default, thread_id: 607572, job_id: 59, file: node_40001/db/000143.sst, reason: 6, is_write_slowdown: no, is_write_stall: no, largest seqno: 23283061, smallest seqno: 22486487
I20230417 23:19:13.381597 607570 event_listener.cc:71] [event_listener/compaction_completed] column family: default, compaction reason: 1, output compression type: no, base input level(files): 0(4), output level(files): 0(1), input bytes: 365236160, output bytes:364636486, is_manual_compaction:no, elapsed(micro): 3839189
I20230417 23:19:13.538029 607571 event_listener.cc:138] [event_listener/table_file_created] column family: default, file path: node_40001/db/000140.sst, file size: 131658099, job id: 43, reason: compaction, status: OK
I20230417 23:19:13.563481 607571 event_listener.cc:71] [event_listener/compaction_completed] column family: default, compaction reason: 1, output compression type: no, base input level(files): 0(8), output level(files): 1(8), input bytes: 1097693240, output bytes:1096673906, is_manual_compaction:no, elapsed(micro): 12954661
I20230417 23:19:13.569931 607571 event_listener.cc:127] [event_listener/table_file_deleted] db: node_40001/db, sst file: node_40001/db/000129.sst, status: OK
I20230417 23:19:13.576357 607571 event_listener.cc:127] [event_listener/table_file_deleted] db: node_40001/db, sst file: node_40001/db/000125.sst, status: OK
I20230417 23:19:13.582863 607571 event_listener.cc:127] [event_listener/table_file_deleted] db: node_40001/db, sst file: node_40001/db/000121.sst, status: OK
I20230417 23:19:13.589464 607571 event_listener.cc:127] [event_listener/table_file_deleted] db: node_40001/db, sst file: node_40001/db/000117.sst, status: OK
I20230417 23:19:13.596038 607571 event_listener.cc:127] [event_listener/table_file_deleted] db: node_40001/db, sst file: node_40001/db/000111.sst, status: OK
I20230417 23:19:13.603273 607571 event_listener.cc:127] [event_listener/table_file_deleted] db: node_40001/db, sst file: node_40001/db/000107.sst, status: OK
I20230417 23:19:13.610800 607571 event_listener.cc:127] [event_listener/table_file_deleted] db: node_40001/db, sst file: node_40001/db/000103.sst, status: OK
I20230417 23:19:13.611182 607571 event_listener.cc:127] [event_listener/table_file_deleted] db: node_40001/db, sst file: node_40001/db/000095.sst, status: OK
I20230417 23:19:13.618031 607571 event_listener.cc:127] [event_listener/table_file_deleted] db: node_40001/db, sst file: node_40001/db/000093.sst, status: OK
I20230417 23:19:13.624428 607571 event_listener.cc:127] [event_listener/table_file_deleted] db: node_40001/db, sst file: node_40001/db/000088.sst, status: OK
I20230417 23:19:13.634038 607571 event_listener.cc:127] [event_listener/table_file_deleted] db: node_40001/db, sst file: node_40001/db/000086.sst, status: OK
I20230417 23:19:13.667407 607571 event_listener.cc:127] [event_listener/table_file_deleted] db: node_40001/db, sst file: node_40001/db/000084.sst, status: OK
I20230417 23:19:13.680352 607571 event_listener.cc:127] [event_listener/table_file_deleted] db: node_40001/db, sst file: node_40001/db/000081.sst, status: OK
I20230417 23:19:13.690945 607571 event_listener.cc:127] [event_listener/table_file_deleted] db: node_40001/db, sst file: node_40001/db/000077.sst, status: OK
I20230417 23:19:13.704593 607571 event_listener.cc:127] [event_listener/table_file_deleted] db: node_40001/db, sst file: node_40001/db/000071.sst, status: OK
I20230417 23:19:14.253082 607573 event_listener.cc:84] [event_listener/flush_begin] column family: default, thread_id: 607573, job_id: 63, reason: 6
I20230417 23:19:14.664376 607573 event_listener.cc:138] [event_listener/table_file_created] column family: default, file path: node_40001/db/000147.sst, file size: 91314496, job id: 63, reason: flush, status: OK
I20230417 23:19:14.664638 607573 event_listener.cc:91] [event_listener/flush_completed] column family: default, thread_id: 607573, job_id: 63, file: node_40001/db/000147.sst, reason: 6, is_write_slowdown: no, is_write_stall: no, largest seqno: 24083509, smallest seqno: 23283063
I20230417 23:19:15.325907 607571 event_listener.cc:138] [event_listener/table_file_created] column family: default, file path: node_40001/db/000145.sst, file size: 137862878, job id: 62, reason: compaction, status: OK
I20230417 23:19:15.545855 607572 event_listener.cc:84] [event_listener/flush_begin] column family: default, thread_id: 607572, job_id: 64, reason: 6
I20230417 23:19:15.566603 607573 event_listener.cc:84] [event_listener/flush_begin] column family: metadata, thread_id: 607573, job_id: 65, reason: 13
I20230417 23:19:15.730149 607573 event_listener.cc:138] [event_listener/table_file_created] column family: metadata, file path: node_40001/db/000153.sst, file size: 16705514, job id: 65, reason: flush, status: OK
I20230417 23:19:15.730635 607573 event_listener.cc:91] [event_listener/flush_completed] column family: metadata, thread_id: 607573, job_id: 65, file: node_40001/db/000153.sst, reason: 13, is_write_slowdown: no, is_write_stall: no, largest seqno: 24956503, smallest seqno: 21391656
W20230417 23:19:15.730914 607715 event_listener.cc:132] [event_listener/stall_cond_changed] column family: default write stall condition was changed, from normal to delay
I20230417 23:19:15.777783 607573 event_listener.cc:84] [event_listener/flush_begin] column family: default, thread_id: 607573, job_id: 67, reason: 13
I20230417 23:19:15.912623 607573 event_listener.cc:138] [event_listener/table_file_created] column family: default, file path: node_40001/db/000156.sst, file size: 26756178, job id: 67, reason: flush, status: OK
I20230417 23:19:15.966873 607572 event_listener.cc:138] [event_listener/table_file_created] column family: default, file path: node_40001/db/000152.sst, file size: 90807465, job id: 64, reason: flush, status: OK
I20230417 23:19:15.967157 607572 event_listener.cc:91] [event_listener/flush_completed] column family: default, thread_id: 607572, job_id: 64, file: node_40001/db/000152.sst, reason: 13, is_write_slowdown: no, is_write_stall: no, largest seqno: 24879502, smallest seqno: 24083511
I20230417 23:19:15.967170 607572 event_listener.cc:91] [event_listener/flush_completed] column family: default, thread_id: 607573, job_id: 67, file: node_40001/db/000156.sst, reason: 13, is_write_slowdown: no, is_write_stall: no, largest seqno: 25113483, smallest seqno: 24879504
W20230417 23:19:15.967290 607572 event_listener.cc:132] [event_listener/stall_cond_changed] column family: default write stall condition was changed, from delay to normal
I20230417 23:19:16.999421 607571 event_listener.cc:138] [event_listener/table_file_created] column family: default, file path: node_40001/db/000149.sst, file size: 137629663, job id: 62, reason: compaction, status: OK
