Log file created at: 2023/06/30 02:21:18
Running on machine: en4217754l
Running duration (h:mm:ss): 0:00:00
Log line format: [IWEF]yyyymmdd hh:mm:ss.uuuuuu threadid file:line] msg
I20230630 02:21:18.123986 1192485 main.cc:328] kvrocks unstable (commit 4a10c89)
I20230630 02:21:18.441224 1192485 storage.cc:322] [storage] Success to load the data from disk: 76 ms
I20230630 02:21:18.441890 1192485 worker.cc:72] [worker] Listening on: 10.218.109.65:40002
I20230630 02:21:18.441931 1192485 worker.cc:72] [worker] Listening on: 127.0.0.1:40002
I20230630 02:21:18.442242 1192485 worker.cc:72] [worker] Listening on: 10.218.109.65:40002
I20230630 02:21:18.442273 1192485 worker.cc:72] [worker] Listening on: 127.0.0.1:40002
I20230630 02:21:18.442517 1192485 worker.cc:72] [worker] Listening on: 10.218.109.65:40002
I20230630 02:21:18.442545 1192485 worker.cc:72] [worker] Listening on: 127.0.0.1:40002
I20230630 02:21:18.442770 1192485 worker.cc:72] [worker] Listening on: 10.218.109.65:40002
I20230630 02:21:18.442796 1192485 worker.cc:72] [worker] Listening on: 127.0.0.1:40002
I20230630 02:21:18.443010 1192485 worker.cc:72] [worker] Listening on: 10.218.109.65:40002
I20230630 02:21:18.443037 1192485 worker.cc:72] [worker] Listening on: 127.0.0.1:40002
I20230630 02:21:18.443245 1192485 worker.cc:72] [worker] Listening on: 10.218.109.65:40002
I20230630 02:21:18.443271 1192485 worker.cc:72] [worker] Listening on: 127.0.0.1:40002
I20230630 02:21:18.443490 1192485 worker.cc:72] [worker] Listening on: 10.218.109.65:40002
I20230630 02:21:18.443524 1192485 worker.cc:72] [worker] Listening on: 127.0.0.1:40002
I20230630 02:21:18.443738 1192485 worker.cc:72] [worker] Listening on: 10.218.109.65:40002
I20230630 02:21:18.443765 1192485 worker.cc:72] [worker] Listening on: 127.0.0.1:40002
W20230630 02:21:18.443938 1192485 server.cc:1650] [server] Increased maximum number of open files to 14224 (it's originally set to 1024)
I20230630 02:21:18.444240 1192485 cluster.cc:643] The cluster nodes file /nvme/jinghuan/node_40002/nodes.conf is not found. Use CLUSTERX subcommands to specify it.
I20230630 02:21:18.444272 1192485 cluster.cc:643] The cluster nodes file /nvme/jinghuan/node_40002/nodes.conf is not found. Use CLUSTERX subcommands to specify it.
I20230630 02:21:18.449329 1192485 worker.cc:519] [worker] Thread #139669517891328 started
I20230630 02:21:18.449388 1192485 worker.cc:519] [worker] Thread #139669601752832 started
I20230630 02:21:18.449470 1192485 worker.cc:519] [worker] Thread #139669897045760 started
I20230630 02:21:18.449558 1192485 worker.cc:519] [worker] Thread #139669888653056 started
I20230630 02:21:18.449631 1192485 worker.cc:519] [worker] Thread #139669880260352 started
I20230630 02:21:18.449707 1192485 worker.cc:519] [worker] Thread #139669871867648 started
I20230630 02:21:18.449779 1192485 worker.cc:519] [worker] Thread #139669863474944 started
I20230630 02:21:18.449853 1192485 worker.cc:519] [worker] Thread #139669652109056 started
I20230630 02:21:18.450103 1192485 server.cc:211] [server] Ready to accept connections
I20230630 02:24:46.769759 1192727 cluster.cc:286] MASTER MODE enabled by cluster topology setting
I20230630 02:24:46.775553 1192732 cluster.cc:286] MASTER MODE enabled by cluster topology setting
I20230630 02:24:46.899683 1192728 cluster.cc:387] [import] Start importing slot 0
I20230630 02:24:59.209112 1192496 event_listener.cc:84] [event_listener/flush_begin] column family: default, thread_id: 1192496, job_id: 3, reason: 6
I20230630 02:25:02.736032 1192496 event_listener.cc:138] [event_listener/table_file_created] column family: default, file path: /nvme/jinghuan/node_40002/db/000016.sst, file size: 92300571, job id: 3, reason: flush, status: OK
I20230630 02:25:02.745465 1192496 event_listener.cc:91] [event_listener/flush_completed] column family: default, thread_id: 1192496, job_id: 3, file: /nvme/jinghuan/node_40002/db/000016.sst, reason: 6, is_write_slowdown: no, is_write_stall: no, largest seqno: 206585, smallest seqno: 5
I20230630 02:25:06.230194 1192494 event_listener.cc:138] [event_listener/table_file_created] column family: default, file path: /nvme/jinghuan/node_40002/db/000017.sst, file size: 92300567, job id: 4, reason: compaction, status: OK
I20230630 02:25:06.244853 1192494 event_listener.cc:71] [event_listener/compaction_completed] column family: default, compaction reason: 11, output compression type: no, base input level(files): 0(1), output level(files): 0(1), input bytes: 92300571, output bytes:92300567, is_manual_compaction:no, elapsed(micro): 3484776
I20230630 02:25:06.258195 1192494 event_listener.cc:127] [event_listener/table_file_deleted] db: /nvme/jinghuan/node_40002/db, sst file: /nvme/jinghuan/node_40002/db/000016.sst, status: OK
I20230630 02:25:09.407582 1192497 event_listener.cc:84] [event_listener/flush_begin] column family: default, thread_id: 1192497, job_id: 5, reason: 6
I20230630 02:25:12.535706 1192497 event_listener.cc:138] [event_listener/table_file_created] column family: default, file path: /nvme/jinghuan/node_40002/db/000020.sst, file size: 84924114, job id: 5, reason: flush, status: OK
I20230630 02:25:12.549324 1192497 event_listener.cc:91] [event_listener/flush_completed] column family: default, thread_id: 1192497, job_id: 5, file: /nvme/jinghuan/node_40002/db/000020.sst, reason: 6, is_write_slowdown: no, is_write_stall: no, largest seqno: 388763, smallest seqno: 206586
I20230630 02:30:58.860404 1192726 cmd_cluster.cc:350] Receive Ingest command:/nvme/jinghuan/node_40001/db/000948.sst.out
I20230630 02:30:58.860466 1192726 cmd_cluster.cc:354] Ingesting files from: local
I20230630 02:30:58.860473 1192726 cmd_cluster.cc:368] Ingesting files: /nvme/jinghuan/node_40001/db/000948.sst.out
I20230630 02:30:59.000593 1192496 event_listener.cc:84] [event_listener/flush_begin] column family: metadata, thread_id: 1192496, job_id: 6, reason: 3
I20230630 02:30:59.437849 1192496 event_listener.cc:138] [event_listener/table_file_created] column family: metadata, file path: /nvme/jinghuan/node_40002/db/000024.sst, file size: 11275908, job id: 6, reason: flush, status: OK
I20230630 02:30:59.454855 1192496 event_listener.cc:91] [event_listener/flush_completed] column family: metadata, thread_id: 1192496, job_id: 6, file: /nvme/jinghuan/node_40002/db/000024.sst, reason: 3, is_write_slowdown: no, is_write_stall: no, largest seqno: 536137, smallest seqno: 1
I20230630 02:30:59.481186 1192726 cluster.cc:897] Ingestion completed, Time taken(us): 620692
I20230630 02:30:59.486881 1192727 cmd_cluster.cc:350] Receive Ingest command:/nvme/jinghuan/node_40001/db/000949.sst.out
I20230630 02:30:59.486960 1192727 cmd_cluster.cc:354] Ingesting files from: local
I20230630 02:30:59.486981 1192727 cmd_cluster.cc:368] Ingesting files: /nvme/jinghuan/node_40001/db/000949.sst.out
I20230630 02:31:14.127926 1192497 event_listener.cc:84] [event_listener/flush_begin] column family: default, thread_id: 1192497, job_id: 7, reason: 3
I20230630 02:31:16.790326 1192497 event_listener.cc:138] [event_listener/table_file_created] column family: default, file path: /nvme/jinghuan/node_40002/db/000026.sst, file size: 70502514, job id: 7, reason: flush, status: OK
I20230630 02:31:16.814945 1192497 event_listener.cc:91] [event_listener/flush_completed] column family: default, thread_id: 1192497, job_id: 7, file: /nvme/jinghuan/node_40002/db/000026.sst, reason: 3, is_write_slowdown: no, is_write_stall: no, largest seqno: 536139, smallest seqno: 388764
I20230630 02:31:17.068619 1192727 cluster.cc:897] Ingestion completed, Time taken(us): 17581604
I20230630 02:31:19.101147 1192728 cluster.cc:397] [import] Succeed to import slot 0
I20230630 02:31:22.207360 1192495 event_listener.cc:138] [event_listener/table_file_created] column family: default, file path: /nvme/jinghuan/node_40002/db/000027.sst, file size: 136948175, job id: 8, reason: compaction, status: OK
I20230630 02:31:27.308650 1192495 event_listener.cc:138] [event_listener/table_file_created] column family: default, file path: /nvme/jinghuan/node_40002/db/000028.sst, file size: 137263383, job id: 8, reason: compaction, status: OK
I20230630 02:31:32.219314 1192495 event_listener.cc:138] [event_listener/table_file_created] column family: default, file path: /nvme/jinghuan/node_40002/db/000029.sst, file size: 136978534, job id: 8, reason: compaction, status: OK
I20230630 02:31:37.117437 1192495 event_listener.cc:138] [event_listener/table_file_created] column family: default, file path: /nvme/jinghuan/node_40002/db/000030.sst, file size: 137263315, job id: 8, reason: compaction, status: OK
I20230630 02:31:41.827455 1192495 event_listener.cc:138] [event_listener/table_file_created] column family: default, file path: /nvme/jinghuan/node_40002/db/000031.sst, file size: 137029213, job id: 8, reason: compaction, status: OK
I20230630 02:31:43.474982 1192496 event_listener.cc:84] [event_listener/flush_begin] column family: default, thread_id: 1192496, job_id: 9, reason: 6
I20230630 02:31:47.834244 1192496 event_listener.cc:138] [event_listener/table_file_created] column family: default, file path: /nvme/jinghuan/node_40002/db/000035.sst, file size: 79808111, job id: 9, reason: flush, status: OK
I20230630 02:31:47.848448 1192496 event_listener.cc:91] [event_listener/flush_completed] column family: default, thread_id: 1192496, job_id: 9, file: /nvme/jinghuan/node_40002/db/000035.sst, reason: 6, is_write_slowdown: no, is_write_stall: no, largest seqno: 639927, smallest seqno: 536142
I20230630 02:31:49.124193 1192495 event_listener.cc:138] [event_listener/table_file_created] column family: default, file path: /nvme/jinghuan/node_40002/db/000033.sst, file size: 137340034, job id: 8, reason: compaction, status: OK
I20230630 02:31:53.648663 1192495 event_listener.cc:138] [event_listener/table_file_created] column family: default, file path: /nvme/jinghuan/node_40002/db/000037.sst, file size: 137043988, job id: 8, reason: compaction, status: OK
I20230630 02:31:53.695199 1192497 event_listener.cc:84] [event_listener/flush_begin] column family: default, thread_id: 1192497, job_id: 10, reason: 6
I20230630 02:31:57.830238 1192497 event_listener.cc:138] [event_listener/table_file_created] column family: default, file path: /nvme/jinghuan/node_40002/db/000040.sst, file size: 85619963, job id: 10, reason: flush, status: OK
I20230630 02:31:57.839068 1192497 event_listener.cc:91] [event_listener/flush_completed] column family: default, thread_id: 1192497, job_id: 10, file: /nvme/jinghuan/node_40002/db/000040.sst, reason: 6, is_write_slowdown: no, is_write_stall: no, largest seqno: 751825, smallest seqno: 639928
I20230630 02:32:00.636478 1192495 event_listener.cc:138] [event_listener/table_file_created] column family: default, file path: /nvme/jinghuan/node_40002/db/000039.sst, file size: 137340029, job id: 8, reason: compaction, status: OK
I20230630 02:32:03.699345 1192496 event_listener.cc:84] [event_listener/flush_begin] column family: default, thread_id: 1192496, job_id: 11, reason: 6
I20230630 02:32:07.141237 1192495 event_listener.cc:138] [event_listener/table_file_created] column family: default, file path: /nvme/jinghuan/node_40002/db/000042.sst, file size: 137043948, job id: 8, reason: compaction, status: OK
I20230630 02:32:07.437214 1192496 event_listener.cc:138] [event_listener/table_file_created] column family: default, file path: /nvme/jinghuan/node_40002/db/000044.sst, file size: 80040878, job id: 11, reason: flush, status: OK
I20230630 02:32:07.453646 1192496 event_listener.cc:91] [event_listener/flush_completed] column family: default, thread_id: 1192496, job_id: 11, file: /nvme/jinghuan/node_40002/db/000044.sst, reason: 6, is_write_slowdown: no, is_write_stall: no, largest seqno: 855984, smallest seqno: 751827
I20230630 02:32:11.441906 1192495 event_listener.cc:138] [event_listener/table_file_created] column family: default, file path: /nvme/jinghuan/node_40002/db/000045.sst, file size: 137340116, job id: 8, reason: compaction, status: OK
I20230630 02:32:14.395685 1192497 event_listener.cc:84] [event_listener/flush_begin] column family: default, thread_id: 1192497, job_id: 12, reason: 6
I20230630 02:32:17.345746 1192495 event_listener.cc:138] [event_listener/table_file_created] column family: default, file path: /nvme/jinghuan/node_40002/db/000047.sst, file size: 137043874, job id: 8, reason: compaction, status: OK
I20230630 02:32:17.951596 1192497 event_listener.cc:138] [event_listener/table_file_created] column family: default, file path: /nvme/jinghuan/node_40002/db/000049.sst, file size: 80799154, job id: 12, reason: flush, status: OK
I20230630 02:32:17.963332 1192497 event_listener.cc:91] [event_listener/flush_completed] column family: default, thread_id: 1192497, job_id: 12, file: /nvme/jinghuan/node_40002/db/000049.sst, reason: 6, is_write_slowdown: no, is_write_stall: no, largest seqno: 960842, smallest seqno: 855985
I20230630 02:32:19.043195 1192494 event_listener.cc:138] [event_listener/table_file_created] column family: metadata, file path: /nvme/jinghuan/node_40002/db/000051.sst, file size: 11275981, job id: 13, reason: compaction, status: OK
I20230630 02:32:19.053524 1192494 event_listener.cc:71] [event_listener/compaction_completed] column family: metadata, compaction reason: 11, output compression type: no, base input level(files): 0(1), output level(files): 0(1), input bytes: 11275908, output bytes:11275981, is_manual_compaction:no, elapsed(micro): 1079649
I20230630 02:32:19.055577 1192494 event_listener.cc:127] [event_listener/table_file_deleted] db: /nvme/jinghuan/node_40002/db, sst file: /nvme/jinghuan/node_40002/db/000024.sst, status: OK
I20230630 02:32:23.846251 1192495 event_listener.cc:138] [event_listener/table_file_created] column family: default, file path: /nvme/jinghuan/node_40002/db/000050.sst, file size: 137339997, job id: 8, reason: compaction, status: OK
I20230630 02:32:25.347090 1192496 event_listener.cc:84] [event_listener/flush_begin] column family: default, thread_id: 1192496, job_id: 15, reason: 6
I20230630 02:32:30.953011 1192496 event_listener.cc:138] [event_listener/table_file_created] column family: default, file path: /nvme/jinghuan/node_40002/db/000056.sst, file size: 79504215, job id: 15, reason: flush, status: OK
I20230630 02:32:30.962016 1192496 event_listener.cc:91] [event_listener/flush_completed] column family: default, thread_id: 1192496, job_id: 15, file: /nvme/jinghuan/node_40002/db/000056.sst, reason: 6, is_write_slowdown: no, is_write_stall: no, largest seqno: 1064156, smallest seqno: 960844
I20230630 02:32:32.352854 1192495 event_listener.cc:138] [event_listener/table_file_created] column family: default, file path: /nvme/jinghuan/node_40002/db/000054.sst, file size: 137043979, job id: 8, reason: compaction, status: OK
I20230630 02:32:37.426856 1192497 event_listener.cc:84] [event_listener/flush_begin] column family: default, thread_id: 1192497, job_id: 16, reason: 6
I20230630 02:32:40.260800 1192495 event_listener.cc:138] [event_listener/table_file_created] column family: default, file path: /nvme/jinghuan/node_40002/db/000058.sst, file size: 137340071, job id: 8, reason: compaction, status: OK
I20230630 02:32:42.061107 1192494 event_listener.cc:138] [event_listener/table_file_created] column family: default, file path: /nvme/jinghuan/node_40002/db/000052.sst, file size: 296835885, job id: 14, reason: compaction, status: OK
I20230630 02:32:42.083021 1192494 event_listener.cc:71] [event_listener/compaction_completed] column family: default, compaction reason: 1, output compression type: no, base input level(files): 0(4), output level(files): 0(1), input bytes: 326268106, output bytes:296835885, is_manual_compaction:no, elapsed(micro): 23005497
I20230630 02:32:42.167084 1192497 event_listener.cc:138] [event_listener/table_file_created] column family: default, file path: /nvme/jinghuan/node_40002/db/000060.sst, file size: 81280630, job id: 16, reason: flush, status: OK
I20230630 02:32:42.181813 1192497 event_listener.cc:91] [event_listener/flush_completed] column family: default, thread_id: 1192497, job_id: 16, file: /nvme/jinghuan/node_40002/db/000060.sst, reason: 6, is_write_slowdown: no, is_write_stall: no, largest seqno: 1169630, smallest seqno: 1064157
I20230630 02:32:45.163504 1192495 event_listener.cc:138] [event_listener/table_file_created] column family: default, file path: /nvme/jinghuan/node_40002/db/000061.sst, file size: 137043960, job id: 8, reason: compaction, status: OK
I20230630 02:32:48.468621 1192495 event_listener.cc:138] [event_listener/table_file_created] column family: default, file path: /nvme/jinghuan/node_40002/db/000063.sst, file size: 137340036, job id: 8, reason: compaction, status: OK
I20230630 02:32:49.862176 1192496 event_listener.cc:84] [event_listener/flush_begin] column family: default, thread_id: 1192496, job_id: 17, reason: 6
I20230630 02:32:52.967613 1192496 event_listener.cc:138] [event_listener/table_file_created] column family: default, file path: /nvme/jinghuan/node_40002/db/000066.sst, file size: 81174032, job id: 17, reason: flush, status: OK
I20230630 02:32:52.976892 1192496 event_listener.cc:91] [event_listener/flush_completed] column family: default, thread_id: 1192496, job_id: 17, file: /nvme/jinghuan/node_40002/db/000066.sst, reason: 6, is_write_slowdown: no, is_write_stall: no, largest seqno: 1275222, smallest seqno: 1169631
I20230630 02:32:53.867136 1192495 event_listener.cc:138] [event_listener/table_file_created] column family: default, file path: /nvme/jinghuan/node_40002/db/000064.sst, file size: 137043840, job id: 8, reason: compaction, status: OK
I20230630 02:32:57.072145 1192495 event_listener.cc:138] [event_listener/table_file_created] column family: default, file path: /nvme/jinghuan/node_40002/db/000067.sst, file size: 137340048, job id: 8, reason: compaction, status: OK
I20230630 02:33:00.280371 1192495 event_listener.cc:138] [event_listener/table_file_created] column family: default, file path: /nvme/jinghuan/node_40002/db/000069.sst, file size: 137043909, job id: 8, reason: compaction, status: OK
I20230630 02:33:02.114338 1192497 event_listener.cc:84] [event_listener/flush_begin] column family: default, thread_id: 1192497, job_id: 20, reason: 6
I20230630 02:33:05.074229 1192497 event_listener.cc:138] [event_listener/table_file_created] column family: default, file path: /nvme/jinghuan/node_40002/db/000072.sst, file size: 79230145, job id: 20, reason: flush, status: OK
I20230630 02:33:05.083106 1192497 event_listener.cc:91] [event_listener/flush_completed] column family: default, thread_id: 1192497, job_id: 20, file: /nvme/jinghuan/node_40002/db/000072.sst, reason: 6, is_write_slowdown: no, is_write_stall: no, largest seqno: 1378268, smallest seqno: 1275224
I20230630 02:33:05.480298 1192495 event_listener.cc:138] [event_listener/table_file_created] column family: default, file path: /nvme/jinghuan/node_40002/db/000070.sst, file size: 137340051, job id: 8, reason: compaction, status: OK
I20230630 02:33:10.777132 1192495 event_listener.cc:138] [event_listener/table_file_created] column family: default, file path: /nvme/jinghuan/node_40002/db/000074.sst, file size: 137043809, job id: 8, reason: compaction, status: OK
I20230630 02:33:14.730435 1192496 event_listener.cc:84] [event_listener/flush_begin] column family: default, thread_id: 1192496, job_id: 23, reason: 6
I20230630 02:33:16.982530 1192495 event_listener.cc:138] [event_listener/table_file_created] column family: default, file path: /nvme/jinghuan/node_40002/db/000076.sst, file size: 137340067, job id: 8, reason: compaction, status: OK
I20230630 02:33:18.290133 1192496 event_listener.cc:138] [event_listener/table_file_created] column family: default, file path: /nvme/jinghuan/node_40002/db/000078.sst, file size: 79740981, job id: 23, reason: flush, status: OK
I20230630 02:33:18.302745 1192496 event_listener.cc:91] [event_listener/flush_completed] column family: default, thread_id: 1192496, job_id: 23, file: /nvme/jinghuan/node_40002/db/000078.sst, reason: 6, is_write_slowdown: no, is_write_stall: no, largest seqno: 1481848, smallest seqno: 1378269
I20230630 02:33:21.893628 1192494 event_listener.cc:138] [event_listener/table_file_created] column family: default, file path: /nvme/jinghuan/node_40002/db/000073.sst, file size: 292262194, job id: 22, reason: compaction, status: OK
I20230630 02:33:21.916994 1192494 event_listener.cc:71] [event_listener/compaction_completed] column family: default, compaction reason: 1, output compression type: no, base input level(files): 0(4), output level(files): 0(1), input bytes: 321189022, output bytes:292262194, is_manual_compaction:no, elapsed(micro): 16810436
I20230630 02:33:22.395648 1192495 event_listener.cc:138] [event_listener/table_file_created] column family: default, file path: /nvme/jinghuan/node_40002/db/000079.sst, file size: 137043808, job id: 8, reason: compaction, status: OK
I20230630 02:33:25.293840 1192495 event_listener.cc:138] [event_listener/table_file_created] column family: default, file path: /nvme/jinghuan/node_40002/db/000081.sst, file size: 137340071, job id: 8, reason: compaction, status: OK
I20230630 02:33:26.058468 1192497 event_listener.cc:84] [event_listener/flush_begin] column family: default, thread_id: 1192497, job_id: 24, reason: 6
I20230630 02:33:28.694841 1192497 event_listener.cc:138] [event_listener/table_file_created] column family: default, file path: /nvme/jinghuan/node_40002/db/000084.sst, file size: 80508437, job id: 24, reason: flush, status: OK
I20230630 02:33:28.706179 1192497 event_listener.cc:91] [event_listener/flush_completed] column family: default, thread_id: 1192497, job_id: 24, file: /nvme/jinghuan/node_40002/db/000084.sst, reason: 6, is_write_slowdown: no, is_write_stall: no, largest seqno: 1586446, smallest seqno: 1481849
I20230630 02:33:29.694865 1192495 event_listener.cc:138] [event_listener/table_file_created] column family: default, file path: /nvme/jinghuan/node_40002/db/000082.sst, file size: 137043768, job id: 8, reason: compaction, status: OK
I20230630 02:33:32.494309 1192495 event_listener.cc:138] [event_listener/table_file_created] column family: default, file path: /nvme/jinghuan/node_40002/db/000085.sst, file size: 137340040, job id: 8, reason: compaction, status: OK
I20230630 02:33:35.197027 1192495 event_listener.cc:138] [event_listener/table_file_created] column family: default, file path: /nvme/jinghuan/node_40002/db/000087.sst, file size: 137044006, job id: 8, reason: compaction, status: OK
I20230630 02:33:37.092803 1192496 event_listener.cc:84] [event_listener/flush_begin] column family: default, thread_id: 1192496, job_id: 28, reason: 6
I20230630 02:33:38.696987 1192495 event_listener.cc:138] [event_listener/table_file_created] column family: default, file path: /nvme/jinghuan/node_40002/db/000088.sst, file size: 137340024, job id: 8, reason: compaction, status: OK
I20230630 02:33:39.799679 1192496 event_listener.cc:138] [event_listener/table_file_created] column family: default, file path: /nvme/jinghuan/node_40002/db/000090.sst, file size: 80199249, job id: 28, reason: flush, status: OK
I20230630 02:33:39.808624 1192496 event_listener.cc:91] [event_listener/flush_completed] column family: default, thread_id: 1192496, job_id: 28, file: /nvme/jinghuan/node_40002/db/000090.sst, reason: 6, is_write_slowdown: no, is_write_stall: no, largest seqno: 1690785, smallest seqno: 1586447
I20230630 02:33:42.010226 1192495 event_listener.cc:138] [event_listener/table_file_created] column family: default, file path: /nvme/jinghuan/node_40002/db/000091.sst, file size: 137043897, job id: 8, reason: compaction, status: OK
I20230630 02:33:44.698741 1192495 event_listener.cc:138] [event_listener/table_file_created] column family: default, file path: /nvme/jinghuan/node_40002/db/000092.sst, file size: 137339986, job id: 8, reason: compaction, status: OK
I20230630 02:33:47.209621 1192495 event_listener.cc:138] [event_listener/table_file_created] column family: default, file path: /nvme/jinghuan/node_40002/db/000094.sst, file size: 137043783, job id: 8, reason: compaction, status: OK
I20230630 02:33:49.014000 1192497 event_listener.cc:84] [event_listener/flush_begin] column family: default, thread_id: 1192497, job_id: 32, reason: 6
I20230630 02:33:50.805272 1192495 event_listener.cc:138] [event_listener/table_file_created] column family: default, file path: /nvme/jinghuan/node_40002/db/000095.sst, file size: 137340081, job id: 8, reason: compaction, status: OK
I20230630 02:33:51.318898 1192497 event_listener.cc:138] [event_listener/table_file_created] column family: default, file path: /nvme/jinghuan/node_40002/db/000097.sst, file size: 82818779, job id: 32, reason: flush, status: OK
I20230630 02:33:51.330745 1192497 event_listener.cc:91] [event_listener/flush_completed] column family: default, thread_id: 1192497, job_id: 32, file: /nvme/jinghuan/node_40002/db/000097.sst, reason: 6, is_write_slowdown: no, is_write_stall: no, largest seqno: 1798535, smallest seqno: 1690786
I20230630 02:33:55.709681 1192495 event_listener.cc:138] [event_listener/table_file_created] column family: default, file path: /nvme/jinghuan/node_40002/db/000098.sst, file size: 137043968, job id: 8, reason: compaction, status: OK
I20230630 02:33:59.519721 1192495 event_listener.cc:138] [event_listener/table_file_created] column family: default, file path: /nvme/jinghuan/node_40002/db/000101.sst, file size: 137340056, job id: 8, reason: compaction, status: OK
I20230630 02:34:01.177970 1192496 event_listener.cc:84] [event_listener/flush_begin] column family: default, thread_id: 1192496, job_id: 34, reason: 6
I20230630 02:34:04.021746 1192496 event_listener.cc:138] [event_listener/table_file_created] column family: default, file path: /nvme/jinghuan/node_40002/db/000104.sst, file size: 85721634, job id: 34, reason: flush, status: OK
I20230630 02:34:04.034322 1192496 event_listener.cc:91] [event_listener/flush_completed] column family: default, thread_id: 1192496, job_id: 34, file: /nvme/jinghuan/node_40002/db/000104.sst, reason: 6, is_write_slowdown: no, is_write_stall: no, largest seqno: 1910542, smallest seqno: 1798539
I20230630 02:34:05.014034 1192494 event_listener.cc:138] [event_listener/table_file_created] column family: default, file path: /nvme/jinghuan/node_40002/db/000099.sst, file size: 293952566, job id: 33, reason: compaction, status: OK
I20230630 02:34:05.032415 1192494 event_listener.cc:71] [event_listener/compaction_completed] column family: default, compaction reason: 1, output compression type: no, base input level(files): 0(4), output level(files): 0(1), input bytes: 323267446, output bytes:293952566, is_manual_compaction:no, elapsed(micro): 13683171
I20230630 02:34:05.218122 1192495 event_listener.cc:138] [event_listener/table_file_created] column family: default, file path: /nvme/jinghuan/node_40002/db/000102.sst, file size: 137043958, job id: 8, reason: compaction, status: OK
I20230630 02:34:09.217550 1192495 event_listener.cc:138] [event_listener/table_file_created] column family: default, file path: /nvme/jinghuan/node_40002/db/000106.sst, file size: 137340055, job id: 8, reason: compaction, status: OK
I20230630 02:34:12.916517 1192495 event_listener.cc:138] [event_listener/table_file_created] column family: default, file path: /nvme/jinghuan/node_40002/db/000108.sst, file size: 137044111, job id: 8, reason: compaction, status: OK
I20230630 02:34:13.422029 1192497 event_listener.cc:84] [event_listener/flush_begin] column family: default, thread_id: 1192497, job_id: 36, reason: 6
I20230630 02:34:16.120672 1192497 event_listener.cc:138] [event_listener/table_file_created] column family: default, file path: /nvme/jinghuan/node_40002/db/000111.sst, file size: 86289088, job id: 36, reason: flush, status: OK
I20230630 02:34:16.131961 1192497 event_listener.cc:91] [event_listener/flush_completed] column family: default, thread_id: 1192497, job_id: 36, file: /nvme/jinghuan/node_40002/db/000111.sst, reason: 6, is_write_slowdown: no, is_write_stall: no, largest seqno: 2023042, smallest seqno: 1910543
I20230630 02:34:18.319135 1192495 event_listener.cc:138] [event_listener/table_file_created] column family: default, file path: /nvme/jinghuan/node_40002/db/000109.sst, file size: 137340014, job id: 8, reason: compaction, status: OK
I20230630 02:34:21.922003 1192495 event_listener.cc:138] [event_listener/table_file_created] column family: default, file path: /nvme/jinghuan/node_40002/db/000112.sst, file size: 137043934, job id: 8, reason: compaction, status: OK
I20230630 02:34:24.862331 1192496 event_listener.cc:84] [event_listener/flush_begin] column family: default, thread_id: 1192496, job_id: 37, reason: 6
I20230630 02:34:26.031502 1192495 event_listener.cc:138] [event_listener/table_file_created] column family: default, file path: /nvme/jinghuan/node_40002/db/000114.sst, file size: 137340020, job id: 8, reason: compaction, status: OK
I20230630 02:34:27.633280 1192496 event_listener.cc:138] [event_listener/table_file_created] column family: default, file path: /nvme/jinghuan/node_40002/db/000116.sst, file size: 79595550, job id: 37, reason: flush, status: OK
I20230630 02:34:27.645884 1192496 event_listener.cc:91] [event_listener/flush_completed] column family: default, thread_id: 1192496, job_id: 37, file: /nvme/jinghuan/node_40002/db/000116.sst, reason: 6, is_write_slowdown: no, is_write_stall: no, largest seqno: 2126398, smallest seqno: 2023043
I20230630 02:34:30.138599 1192495 event_listener.cc:138] [event_listener/table_file_created] column family: default, file path: /nvme/jinghuan/node_40002/db/000117.sst, file size: 137044039, job id: 8, reason: compaction, status: OK
I20230630 02:34:33.427556 1192495 event_listener.cc:138] [event_listener/table_file_created] column family: default, file path: /nvme/jinghuan/node_40002/db/000118.sst, file size: 137340465, job id: 8, reason: compaction, status: OK
I20230630 02:34:36.647430 1192495 event_listener.cc:138] [event_listener/table_file_created] column family: default, file path: /nvme/jinghuan/node_40002/db/000120.sst, file size: 137064540, job id: 8, reason: compaction, status: OK
I20230630 02:34:36.989282 1192497 event_listener.cc:84] [event_listener/flush_begin] column family: default, thread_id: 1192497, job_id: 38, reason: 6
I20230630 02:34:39.339233 1192497 event_listener.cc:138] [event_listener/table_file_created] column family: default, file path: /nvme/jinghuan/node_40002/db/000123.sst, file size: 82496110, job id: 38, reason: flush, status: OK
I20230630 02:34:39.348099 1192497 event_listener.cc:91] [event_listener/flush_completed] column family: default, thread_id: 1192497, job_id: 38, file: /nvme/jinghuan/node_40002/db/000123.sst, reason: 6, is_write_slowdown: no, is_write_stall: no, largest seqno: 2233582, smallest seqno: 2126399
I20230630 02:34:41.235687 1192495 event_listener.cc:138] [event_listener/table_file_created] column family: default, file path: /nvme/jinghuan/node_40002/db/000121.sst, file size: 137414897, job id: 8, reason: compaction, status: OK
I20230630 02:34:41.836645 1192494 event_listener.cc:138] [event_listener/table_file_created] column family: default, file path: /nvme/jinghuan/node_40002/db/000105.sst, file size: 860369612, job id: 35, reason: compaction, status: OK
I20230630 02:34:41.886487 1192494 event_listener.cc:71] [event_listener/compaction_completed] column family: default, compaction reason: 1, output compression type: no, base input level(files): 0(4), output level(files): 0(1), input bytes: 968772279, output bytes:860369612, is_manual_compaction:no, elapsed(micro): 36804177
I20230630 02:34:43.536864 1192495 event_listener.cc:138] [event_listener/table_file_created] column family: default, file path: /nvme/jinghuan/node_40002/db/000124.sst, file size: 137064216, job id: 8, reason: compaction, status: OK
I20230630 02:34:45.445128 1192495 event_listener.cc:138] [event_listener/table_file_created] column family: default, file path: /nvme/jinghuan/node_40002/db/000126.sst, file size: 137414898, job id: 8, reason: compaction, status: OK
I20230630 02:34:47.340588 1192495 event_listener.cc:138] [event_listener/table_file_created] column family: default, file path: /nvme/jinghuan/node_40002/db/000127.sst, file size: 137064328, job id: 8, reason: compaction, status: OK
I20230630 02:34:48.588291 1192496 event_listener.cc:84] [event_listener/flush_begin] column family: default, thread_id: 1192496, job_id: 42, reason: 6
I20230630 02:34:50.248288 1192495 event_listener.cc:138] [event_listener/table_file_created] column family: default, file path: /nvme/jinghuan/node_40002/db/000128.sst, file size: 137414805, job id: 8, reason: compaction, status: OK
I20230630 02:34:50.340188 1192496 event_listener.cc:138] [event_listener/table_file_created] column family: default, file path: /nvme/jinghuan/node_40002/db/000130.sst, file size: 79415321, job id: 42, reason: flush, status: OK
I20230630 02:34:50.355195 1192496 event_listener.cc:91] [event_listener/flush_completed] column family: default, thread_id: 1192496, job_id: 42, file: /nvme/jinghuan/node_40002/db/000130.sst, reason: 6, is_write_slowdown: no, is_write_stall: no, largest seqno: 2336734, smallest seqno: 2233583
I20230630 02:34:53.341637 1192495 event_listener.cc:138] [event_listener/table_file_created] column family: default, file path: /nvme/jinghuan/node_40002/db/000131.sst, file size: 137064479, job id: 8, reason: compaction, status: OK
I20230630 02:34:56.551877 1192495 event_listener.cc:138] [event_listener/table_file_created] column family: default, file path: /nvme/jinghuan/node_40002/db/000133.sst, file size: 137414895, job id: 8, reason: compaction, status: OK
I20230630 02:34:59.655258 1192495 event_listener.cc:138] [event_listener/table_file_created] column family: default, file path: /nvme/jinghuan/node_40002/db/000135.sst, file size: 137064425, job id: 8, reason: compaction, status: OK
I20230630 02:34:59.755476 1192494 event_listener.cc:138] [event_listener/table_file_created] column family: default, file path: /nvme/jinghuan/node_40002/db/000132.sst, file size: 298080105, job id: 43, reason: compaction, status: OK
I20230630 02:34:59.780570 1192494 event_listener.cc:71] [event_listener/compaction_completed] column family: default, compaction reason: 1, output compression type: no, base input level(files): 0(4), output level(files): 0(1), input bytes: 327796069, output bytes:298080105, is_manual_compaction:no, elapsed(micro): 9400138
I20230630 02:35:00.055243 1192497 event_listener.cc:84] [event_listener/flush_begin] column family: default, thread_id: 1192497, job_id: 44, reason: 6
I20230630 02:35:01.756331 1192497 event_listener.cc:138] [event_listener/table_file_created] column family: default, file path: /nvme/jinghuan/node_40002/db/000138.sst, file size: 80501770, job id: 44, reason: flush, status: OK
I20230630 02:35:01.767714 1192497 event_listener.cc:91] [event_listener/flush_completed] column family: default, thread_id: 1192497, job_id: 44, file: /nvme/jinghuan/node_40002/db/000138.sst, reason: 6, is_write_slowdown: no, is_write_stall: no, largest seqno: 2441409, smallest seqno: 2336735
I20230630 02:35:02.568487 1192495 event_listener.cc:138] [event_listener/table_file_created] column family: default, file path: /nvme/jinghuan/node_40002/db/000136.sst, file size: 137414850, job id: 8, reason: compaction, status: OK
I20230630 02:35:04.361874 1192495 event_listener.cc:138] [event_listener/table_file_created] column family: default, file path: /nvme/jinghuan/node_40002/db/000139.sst, file size: 137064479, job id: 8, reason: compaction, status: OK
I20230630 02:35:06.064474 1192495 event_listener.cc:138] [event_listener/table_file_created] column family: default, file path: /nvme/jinghuan/node_40002/db/000140.sst, file size: 137414876, job id: 8, reason: compaction, status: OK
I20230630 02:35:07.776373 1192495 event_listener.cc:138] [event_listener/table_file_created] column family: default, file path: /nvme/jinghuan/node_40002/db/000142.sst, file size: 137064414, job id: 8, reason: compaction, status: OK
I20230630 02:35:09.560828 1192495 event_listener.cc:138] [event_listener/table_file_created] column family: default, file path: /nvme/jinghuan/node_40002/db/000143.sst, file size: 137414857, job id: 8, reason: compaction, status: OK
I20230630 02:35:11.063238 1192496 event_listener.cc:84] [event_listener/flush_begin] column family: default, thread_id: 1192496, job_id: 45, reason: 6
I20230630 02:35:11.354096 1192495 event_listener.cc:138] [event_listener/table_file_created] column family: default, file path: /nvme/jinghuan/node_40002/db/000144.sst, file size: 137064443, job id: 8, reason: compaction, status: OK
I20230630 02:35:12.665297 1192496 event_listener.cc:138] [event_listener/table_file_created] column family: default, file path: /nvme/jinghuan/node_40002/db/000146.sst, file size: 80677591, job id: 45, reason: flush, status: OK
I20230630 02:35:12.685135 1192496 event_listener.cc:91] [event_listener/flush_completed] column family: default, thread_id: 1192496, job_id: 45, file: /nvme/jinghuan/node_40002/db/000146.sst, reason: 6, is_write_slowdown: no, is_write_stall: no, largest seqno: 2546338, smallest seqno: 2441410
I20230630 02:35:13.962713 1192495 event_listener.cc:138] [event_listener/table_file_created] column family: default, file path: /nvme/jinghuan/node_40002/db/000147.sst, file size: 137414871, job id: 8, reason: compaction, status: OK
I20230630 02:35:15.566242 1192495 event_listener.cc:138] [event_listener/table_file_created] column family: default, file path: /nvme/jinghuan/node_40002/db/000148.sst, file size: 137064681, job id: 8, reason: compaction, status: OK
I20230630 02:35:17.175906 1192495 event_listener.cc:138] [event_listener/table_file_created] column family: default, file path: /nvme/jinghuan/node_40002/db/000149.sst, file size: 137414816, job id: 8, reason: compaction, status: OK
I20230630 02:35:18.859407 1192495 event_listener.cc:138] [event_listener/table_file_created] column family: default, file path: /nvme/jinghuan/node_40002/db/000151.sst, file size: 137064547, job id: 8, reason: compaction, status: OK
I20230630 02:35:20.477337 1192495 event_listener.cc:138] [event_listener/table_file_created] column family: default, file path: /nvme/jinghuan/node_40002/db/000152.sst, file size: 137414877, job id: 8, reason: compaction, status: OK
I20230630 02:35:21.915457 1192497 event_listener.cc:84] [event_listener/flush_begin] column family: default, thread_id: 1192497, job_id: 49, reason: 6
I20230630 02:35:22.167788 1192495 event_listener.cc:138] [event_listener/table_file_created] column family: default, file path: /nvme/jinghuan/node_40002/db/000153.sst, file size: 137064494, job id: 8, reason: compaction, status: OK
I20230630 02:35:23.765735 1192497 event_listener.cc:138] [event_listener/table_file_created] column family: default, file path: /nvme/jinghuan/node_40002/db/000155.sst, file size: 80032144, job id: 49, reason: flush, status: OK
I20230630 02:35:23.778424 1192497 event_listener.cc:91] [event_listener/flush_completed] column family: default, thread_id: 1192497, job_id: 49, file: /nvme/jinghuan/node_40002/db/000155.sst, reason: 6, is_write_slowdown: no, is_write_stall: no, largest seqno: 2650253, smallest seqno: 2546339
I20230630 02:35:24.660097 1192495 event_listener.cc:138] [event_listener/table_file_created] column family: default, file path: /nvme/jinghuan/node_40002/db/000156.sst, file size: 137414857, job id: 8, reason: compaction, status: OK
I20230630 02:35:26.173595 1192495 event_listener.cc:138] [event_listener/table_file_created] column family: default, file path: /nvme/jinghuan/node_40002/db/000157.sst, file size: 137064596, job id: 8, reason: compaction, status: OK
I20230630 02:35:27.764055 1192495 event_listener.cc:138] [event_listener/table_file_created] column family: default, file path: /nvme/jinghuan/node_40002/db/000158.sst, file size: 137414890, job id: 8, reason: compaction, status: OK
I20230630 02:35:29.280181 1192495 event_listener.cc:138] [event_listener/table_file_created] column family: default, file path: /nvme/jinghuan/node_40002/db/000160.sst, file size: 137064350, job id: 8, reason: compaction, status: OK
I20230630 02:35:30.783215 1192495 event_listener.cc:138] [event_listener/table_file_created] column family: default, file path: /nvme/jinghuan/node_40002/db/000161.sst, file size: 137414831, job id: 8, reason: compaction, status: OK
I20230630 02:35:32.375192 1192495 event_listener.cc:138] [event_listener/table_file_created] column family: default, file path: /nvme/jinghuan/node_40002/db/000162.sst, file size: 137064586, job id: 8, reason: compaction, status: OK
I20230630 02:35:33.224936 1192496 event_listener.cc:84] [event_listener/flush_begin] column family: default, thread_id: 1192496, job_id: 53, reason: 6
I20230630 02:35:34.678004 1192496 event_listener.cc:138] [event_listener/table_file_created] column family: default, file path: /nvme/jinghuan/node_40002/db/000165.sst, file size: 81100686, job id: 53, reason: flush, status: OK
I20230630 02:35:34.685986 1192496 event_listener.cc:91] [event_listener/flush_completed] column family: default, thread_id: 1192496, job_id: 53, file: /nvme/jinghuan/node_40002/db/000165.sst, reason: 6, is_write_slowdown: no, is_write_stall: no, largest seqno: 2755476, smallest seqno: 2650254
I20230630 02:35:34.865748 1192495 event_listener.cc:138] [event_listener/table_file_created] column family: default, file path: /nvme/jinghuan/node_40002/db/000163.sst, file size: 137414912, job id: 8, reason: compaction, status: OK
I20230630 02:35:37.282135 1192495 event_listener.cc:138] [event_listener/table_file_created] column family: default, file path: /nvme/jinghuan/node_40002/db/000167.sst, file size: 137064567, job id: 8, reason: compaction, status: OK
I20230630 02:35:39.880110 1192495 event_listener.cc:138] [event_listener/table_file_created] column family: default, file path: /nvme/jinghuan/node_40002/db/000168.sst, file size: 137414860, job id: 8, reason: compaction, status: OK
I20230630 02:35:42.372695 1192494 event_listener.cc:138] [event_listener/table_file_created] column family: default, file path: /nvme/jinghuan/node_40002/db/000166.sst, file size: 293471719, job id: 54, reason: compaction, status: OK
I20230630 02:35:42.382210 1192495 event_listener.cc:138] [event_listener/table_file_created] column family: default, file path: /nvme/jinghuan/node_40002/db/000170.sst, file size: 137064438, job id: 8, reason: compaction, status: OK
I20230630 02:35:42.397461 1192494 event_listener.cc:71] [event_listener/compaction_completed] column family: default, compaction reason: 1, output compression type: no, base input level(files): 0(4), output level(files): 0(1), input bytes: 322312191, output bytes:293471719, is_manual_compaction:no, elapsed(micro): 7686794
I20230630 02:35:43.873772 1192495 event_listener.cc:138] [event_listener/table_file_created] column family: default, file path: /nvme/jinghuan/node_40002/db/000171.sst, file size: 137414856, job id: 8, reason: compaction, status: OK
I20230630 02:35:45.038987 1192497 event_listener.cc:84] [event_listener/flush_begin] column family: default, thread_id: 1192497, job_id: 55, reason: 6
I20230630 02:35:45.579984 1192495 event_listener.cc:138] [event_listener/table_file_created] column family: default, file path: /nvme/jinghuan/node_40002/db/000172.sst, file size: 137064428, job id: 8, reason: compaction, status: OK
I20230630 02:35:46.298096 1192497 event_listener.cc:138] [event_listener/table_file_created] column family: default, file path: /nvme/jinghuan/node_40002/db/000174.sst, file size: 80540405, job id: 55, reason: flush, status: OK
I20230630 02:35:46.310762 1192497 event_listener.cc:91] [event_listener/flush_completed] column family: default, thread_id: 1192497, job_id: 55, file: /nvme/jinghuan/node_40002/db/000174.sst, reason: 6, is_write_slowdown: no, is_write_stall: no, largest seqno: 2860228, smallest seqno: 2755477
I20230630 02:35:47.489730 1192495 event_listener.cc:138] [event_listener/table_file_created] column family: default, file path: /nvme/jinghuan/node_40002/db/000175.sst, file size: 137414889, job id: 8, reason: compaction, status: OK
I20230630 02:35:48.892361 1192495 event_listener.cc:138] [event_listener/table_file_created] column family: default, file path: /nvme/jinghuan/node_40002/db/000176.sst, file size: 137064357, job id: 8, reason: compaction, status: OK
I20230630 02:35:49.593376 1192495 event_listener.cc:138] [event_listener/table_file_created] column family: default, file path: /nvme/jinghuan/node_40002/db/000177.sst, file size: 68296656, job id: 8, reason: compaction, status: OK
I20230630 02:35:50.109827 1192495 event_listener.cc:71] [event_listener/compaction_completed] column family: default, compaction reason: 1, output compression type: no, base input level(files): 0(4), output level(files): 1(78), input bytes: 10859184249, output bytes:10633244221, is_manual_compaction:no, elapsed(micro): 272524669
I20230630 02:35:50.120456 1192495 event_listener.cc:127] [event_listener/table_file_deleted] db: /nvme/jinghuan/node_40002/db, sst file: /nvme/jinghuan/node_40002/db/000165.sst, status: OK
I20230630 02:35:50.127252 1192495 event_listener.cc:127] [event_listener/table_file_deleted] db: /nvme/jinghuan/node_40002/db, sst file: /nvme/jinghuan/node_40002/db/000155.sst, status: OK
I20230630 02:35:50.134146 1192495 event_listener.cc:127] [event_listener/table_file_deleted] db: /nvme/jinghuan/node_40002/db, sst file: /nvme/jinghuan/node_40002/db/000146.sst, status: OK
I20230630 02:35:50.141258 1192495 event_listener.cc:127] [event_listener/table_file_deleted] db: /nvme/jinghuan/node_40002/db, sst file: /nvme/jinghuan/node_40002/db/000138.sst, status: OK
I20230630 02:35:50.148169 1192495 event_listener.cc:127] [event_listener/table_file_deleted] db: /nvme/jinghuan/node_40002/db, sst file: /nvme/jinghuan/node_40002/db/000130.sst, status: OK
I20230630 02:35:50.155146 1192495 event_listener.cc:127] [event_listener/table_file_deleted] db: /nvme/jinghuan/node_40002/db, sst file: /nvme/jinghuan/node_40002/db/000123.sst, status: OK
I20230630 02:35:50.161942 1192495 event_listener.cc:127] [event_listener/table_file_deleted] db: /nvme/jinghuan/node_40002/db, sst file: /nvme/jinghuan/node_40002/db/000116.sst, status: OK
I20230630 02:35:50.169225 1192495 event_listener.cc:127] [event_listener/table_file_deleted] db: /nvme/jinghuan/node_40002/db, sst file: /nvme/jinghuan/node_40002/db/000111.sst, status: OK
I20230630 02:35:50.176709 1192495 event_listener.cc:127] [event_listener/table_file_deleted] db: /nvme/jinghuan/node_40002/db, sst file: /nvme/jinghuan/node_40002/db/000104.sst, status: OK
I20230630 02:35:50.199029 1192495 event_listener.cc:127] [event_listener/table_file_deleted] db: /nvme/jinghuan/node_40002/db, sst file: /nvme/jinghuan/node_40002/db/000099.sst, status: OK
I20230630 02:35:50.206140 1192495 event_listener.cc:127] [event_listener/table_file_deleted] db: /nvme/jinghuan/node_40002/db, sst file: /nvme/jinghuan/node_40002/db/000097.sst, status: OK
I20230630 02:35:50.213124 1192495 event_listener.cc:127] [event_listener/table_file_deleted] db: /nvme/jinghuan/node_40002/db, sst file: /nvme/jinghuan/node_40002/db/000090.sst, status: OK
I20230630 02:35:50.220489 1192495 event_listener.cc:127] [event_listener/table_file_deleted] db: /nvme/jinghuan/node_40002/db, sst file: /nvme/jinghuan/node_40002/db/000084.sst, status: OK
I20230630 02:35:50.226930 1192495 event_listener.cc:127] [event_listener/table_file_deleted] db: /nvme/jinghuan/node_40002/db, sst file: /nvme/jinghuan/node_40002/db/000078.sst, status: OK
I20230630 02:35:50.249182 1192495 event_listener.cc:127] [event_listener/table_file_deleted] db: /nvme/jinghuan/node_40002/db, sst file: /nvme/jinghuan/node_40002/db/000073.sst, status: OK
I20230630 02:35:50.256799 1192495 event_listener.cc:127] [event_listener/table_file_deleted] db: /nvme/jinghuan/node_40002/db, sst file: /nvme/jinghuan/node_40002/db/000072.sst, status: OK
I20230630 02:35:50.264055 1192495 event_listener.cc:127] [event_listener/table_file_deleted] db: /nvme/jinghuan/node_40002/db, sst file: /nvme/jinghuan/node_40002/db/000066.sst, status: OK
I20230630 02:35:50.271255 1192495 event_listener.cc:127] [event_listener/table_file_deleted] db: /nvme/jinghuan/node_40002/db, sst file: /nvme/jinghuan/node_40002/db/000060.sst, status: OK
I20230630 02:35:50.277585 1192495 event_listener.cc:127] [event_listener/table_file_deleted] db: /nvme/jinghuan/node_40002/db, sst file: /nvme/jinghuan/node_40002/db/000056.sst, status: OK
I20230630 02:35:50.301443 1192495 event_listener.cc:127] [event_listener/table_file_deleted] db: /nvme/jinghuan/node_40002/db, sst file: /nvme/jinghuan/node_40002/db/000052.sst, status: OK
I20230630 02:35:50.307888 1192495 event_listener.cc:127] [event_listener/table_file_deleted] db: /nvme/jinghuan/node_40002/db, sst file: /nvme/jinghuan/node_40002/db/000049.sst, status: OK
I20230630 02:35:50.314924 1192495 event_listener.cc:127] [event_listener/table_file_deleted] db: /nvme/jinghuan/node_40002/db, sst file: /nvme/jinghuan/node_40002/db/000044.sst, status: OK
I20230630 02:35:50.321970 1192495 event_listener.cc:127] [event_listener/table_file_deleted] db: /nvme/jinghuan/node_40002/db, sst file: /nvme/jinghuan/node_40002/db/000040.sst, status: OK
I20230630 02:35:50.328655 1192495 event_listener.cc:127] [event_listener/table_file_deleted] db: /nvme/jinghuan/node_40002/db, sst file: /nvme/jinghuan/node_40002/db/000035.sst, status: OK
I20230630 02:35:50.334997 1192495 event_listener.cc:127] [event_listener/table_file_deleted] db: /nvme/jinghuan/node_40002/db, sst file: /nvme/jinghuan/node_40002/db/000026.sst, status: OK
I20230630 02:35:51.233268 1192495 event_listener.cc:127] [event_listener/table_file_deleted] db: /nvme/jinghuan/node_40002/db, sst file: /nvme/jinghuan/node_40002/db/000025.sst, status: OK
