Log file created at: 2023/06/30 02:21:18
Running on machine: en4217754l
Running duration (h:mm:ss): 0:00:00
Log line format: [IWEF]yyyymmdd hh:mm:ss.uuuuuu threadid file:line] msg
I20230630 02:21:18.108976 1192472 main.cc:328] kvrocks unstable (commit 4a10c89)
I20230630 02:21:18.435050 1192472 storage.cc:322] [storage] Success to load the data from disk: 76 ms
I20230630 02:21:18.435539 1192472 worker.cc:72] [worker] Listening on: 10.218.109.65:40001
I20230630 02:21:18.435564 1192472 worker.cc:72] [worker] Listening on: 127.0.0.1:40001
I20230630 02:21:18.435750 1192472 worker.cc:72] [worker] Listening on: 10.218.109.65:40001
I20230630 02:21:18.435765 1192472 worker.cc:72] [worker] Listening on: 127.0.0.1:40001
I20230630 02:21:18.435890 1192472 worker.cc:72] [worker] Listening on: 10.218.109.65:40001
I20230630 02:21:18.435905 1192472 worker.cc:72] [worker] Listening on: 127.0.0.1:40001
I20230630 02:21:18.436023 1192472 worker.cc:72] [worker] Listening on: 10.218.109.65:40001
I20230630 02:21:18.436038 1192472 worker.cc:72] [worker] Listening on: 127.0.0.1:40001
I20230630 02:21:18.436158 1192472 worker.cc:72] [worker] Listening on: 10.218.109.65:40001
I20230630 02:21:18.436173 1192472 worker.cc:72] [worker] Listening on: 127.0.0.1:40001
I20230630 02:21:18.436286 1192472 worker.cc:72] [worker] Listening on: 10.218.109.65:40001
I20230630 02:21:18.436300 1192472 worker.cc:72] [worker] Listening on: 127.0.0.1:40001
I20230630 02:21:18.436412 1192472 worker.cc:72] [worker] Listening on: 10.218.109.65:40001
I20230630 02:21:18.436426 1192472 worker.cc:72] [worker] Listening on: 127.0.0.1:40001
I20230630 02:21:18.436537 1192472 worker.cc:72] [worker] Listening on: 10.218.109.65:40001
I20230630 02:21:18.436553 1192472 worker.cc:72] [worker] Listening on: 127.0.0.1:40001
W20230630 02:21:18.436650 1192472 server.cc:1650] [server] Increased maximum number of open files to 14224 (it's originally set to 1024)
I20230630 02:21:18.436826 1192472 cluster.cc:643] The cluster nodes file /nvme/jinghuan/node_40001/nodes.conf is not found. Use CLUSTERX subcommands to specify it.
I20230630 02:21:18.436844 1192472 cluster.cc:643] The cluster nodes file /nvme/jinghuan/node_40001/nodes.conf is not found. Use CLUSTERX subcommands to specify it.
I20230630 02:21:18.439489 1192472 worker.cc:519] [worker] Thread #140065225291520 started
I20230630 02:21:18.439527 1192472 worker.cc:519] [worker] Thread #140065233684224 started
I20230630 02:21:18.439577 1192472 worker.cc:519] [worker] Thread #140065460188928 started
I20230630 02:21:18.439622 1192472 worker.cc:519] [worker] Thread #140065451796224 started
I20230630 02:21:18.439666 1192472 worker.cc:519] [worker] Thread #140065443403520 started
I20230630 02:21:18.439718 1192472 worker.cc:519] [worker] Thread #140065435010816 started
I20230630 02:21:18.439764 1192472 worker.cc:519] [worker] Thread #140065426618112 started
I20230630 02:21:18.439807 1192472 worker.cc:519] [worker] Thread #140065418225408 started
I20230630 02:21:18.439985 1192472 server.cc:211] [server] Ready to accept connections
I20230630 02:21:19.137863 1192712 cluster.cc:286] MASTER MODE enabled by cluster topology setting
I20230630 02:21:20.180636 1192489 event_listener.cc:84] [event_listener/flush_begin] column family: default, thread_id: 1192489, job_id: 3, reason: 6
W20230630 02:21:20.578645 1192715 event_listener.cc:132] [event_listener/stall_cond_changed] column family: default write stall condition was changed, from normal to delay
I20230630 02:21:20.643692 1192489 event_listener.cc:138] [event_listener/table_file_created] column family: default, file path: /nvme/jinghuan/node_40001/db/000016.sst, file size: 128499941, job id: 3, reason: flush, status: OK
I20230630 02:21:20.652668 1192489 event_listener.cc:91] [event_listener/flush_completed] column family: default, thread_id: 1192489, job_id: 3, file: /nvme/jinghuan/node_40001/db/000016.sst, reason: 6, is_write_slowdown: no, is_write_stall: no, largest seqno: 133264, smallest seqno: 1
W20230630 02:21:20.652720 1192489 event_listener.cc:132] [event_listener/stall_cond_changed] column family: default write stall condition was changed, from delay to normal
I20230630 02:21:21.166991 1192487 event_listener.cc:138] [event_listener/table_file_created] column family: default, file path: /nvme/jinghuan/node_40001/db/000018.sst, file size: 128499937, job id: 4, reason: compaction, status: OK
I20230630 02:21:21.174232 1192490 event_listener.cc:84] [event_listener/flush_begin] column family: default, thread_id: 1192490, job_id: 5, reason: 6
I20230630 02:21:21.186156 1192487 event_listener.cc:71] [event_listener/compaction_completed] column family: default, compaction reason: 11, output compression type: no, base input level(files): 0(1), output level(files): 0(1), input bytes: 128499941, output bytes:128499937, is_manual_compaction:no, elapsed(micro): 514190
W20230630 02:21:21.515548 1192718 event_listener.cc:132] [event_listener/stall_cond_changed] column family: default write stall condition was changed, from normal to delay
I20230630 02:21:21.650156 1192490 event_listener.cc:138] [event_listener/table_file_created] column family: default, file path: /nvme/jinghuan/node_40001/db/000020.sst, file size: 128765771, job id: 5, reason: flush, status: OK
I20230630 02:21:21.665560 1192490 event_listener.cc:91] [event_listener/flush_completed] column family: default, thread_id: 1192490, job_id: 5, file: /nvme/jinghuan/node_40001/db/000020.sst, reason: 6, is_write_slowdown: no, is_write_stall: no, largest seqno: 266804, smallest seqno: 133266
I20230630 02:21:21.681569 1192490 event_listener.cc:127] [event_listener/table_file_deleted] db: /nvme/jinghuan/node_40001/db, sst file: /nvme/jinghuan/node_40001/db/000016.sst, status: OK
W20230630 02:21:21.681593 1192490 event_listener.cc:132] [event_listener/stall_cond_changed] column family: default write stall condition was changed, from delay to normal
I20230630 02:21:22.038314 1192489 event_listener.cc:84] [event_listener/flush_begin] column family: default, thread_id: 1192489, job_id: 6, reason: 6
W20230630 02:21:22.408010 1192718 event_listener.cc:132] [event_listener/stall_cond_changed] column family: default write stall condition was changed, from normal to delay
I20230630 02:21:22.480713 1192489 event_listener.cc:138] [event_listener/table_file_created] column family: default, file path: /nvme/jinghuan/node_40001/db/000023.sst, file size: 118052470, job id: 6, reason: flush, status: OK
I20230630 02:21:22.496739 1192489 event_listener.cc:91] [event_listener/flush_completed] column family: default, thread_id: 1192489, job_id: 6, file: /nvme/jinghuan/node_40001/db/000023.sst, reason: 6, is_write_slowdown: no, is_write_stall: no, largest seqno: 389234, smallest seqno: 266806
W20230630 02:21:22.496829 1192489 event_listener.cc:132] [event_listener/stall_cond_changed] column family: default write stall condition was changed, from delay to normal
I20230630 02:21:22.926661 1192490 event_listener.cc:84] [event_listener/flush_begin] column family: default, thread_id: 1192490, job_id: 8, reason: 6
I20230630 02:21:22.997717 1192488 event_listener.cc:138] [event_listener/table_file_created] column family: default, file path: /nvme/jinghuan/node_40001/db/000025.sst, file size: 137031659, job id: 7, reason: compaction, status: OK
I20230630 02:21:23.021499 1192489 event_listener.cc:84] [event_listener/flush_begin] column family: metadata, thread_id: 1192489, job_id: 9, reason: 13
I20230630 02:21:23.092932 1192489 event_listener.cc:138] [event_listener/table_file_created] column family: metadata, file path: /nvme/jinghuan/node_40001/db/000030.sst, file size: 3350304, job id: 9, reason: flush, status: OK
I20230630 02:21:23.110867 1192489 event_listener.cc:91] [event_listener/flush_completed] column family: metadata, thread_id: 1192489, job_id: 9, file: /nvme/jinghuan/node_40001/db/000030.sst, reason: 13, is_write_slowdown: no, is_write_stall: no, largest seqno: 542487, smallest seqno: 11
W20230630 02:21:23.244653 1192718 event_listener.cc:132] [event_listener/stall_cond_changed] column family: default write stall condition was changed, from normal to delay
I20230630 02:21:23.376762 1192487 event_listener.cc:138] [event_listener/table_file_created] column family: metadata, file path: /nvme/jinghuan/node_40001/db/000032.sst, file size: 3350300, job id: 10, reason: compaction, status: OK
I20230630 02:21:23.395495 1192487 event_listener.cc:71] [event_listener/compaction_completed] column family: metadata, compaction reason: 11, output compression type: no, base input level(files): 0(1), output level(files): 0(1), input bytes: 3350304, output bytes:3350300, is_manual_compaction:no, elapsed(micro): 132032
I20230630 02:21:23.682407 1192490 event_listener.cc:138] [event_listener/table_file_created] column family: default, file path: /nvme/jinghuan/node_40001/db/000027.sst, file size: 123706248, job id: 8, reason: flush, status: OK
I20230630 02:21:23.709125 1192490 event_listener.cc:91] [event_listener/flush_completed] column family: default, thread_id: 1192490, job_id: 8, file: /nvme/jinghuan/node_40001/db/000027.sst, reason: 6, is_write_slowdown: no, is_write_stall: no, largest seqno: 517527, smallest seqno: 389236
W20230630 02:21:23.709442 1192490 event_listener.cc:132] [event_listener/stall_cond_changed] column family: default write stall condition was changed, from stop to normal
W20230630 02:21:23.709574 1192715 event_listener.cc:132] [event_listener/stall_cond_changed] column family: default write stall condition was changed, from delay to stop
I20230630 02:21:23.772574 1192489 event_listener.cc:84] [event_listener/flush_begin] column family: default, thread_id: 1192489, job_id: 11, reason: 6
W20230630 02:21:24.169065 1192715 event_listener.cc:132] [event_listener/stall_cond_changed] column family: default write stall condition was changed, from normal to delay
I20230630 02:21:24.386572 1192488 event_listener.cc:138] [event_listener/table_file_created] column family: default, file path: /nvme/jinghuan/node_40001/db/000029.sst, file size: 137333729, job id: 7, reason: compaction, status: OK
I20230630 02:21:24.494081 1192489 event_listener.cc:138] [event_listener/table_file_created] column family: default, file path: /nvme/jinghuan/node_40001/db/000034.sst, file size: 122868546, job id: 11, reason: flush, status: OK
I20230630 02:21:24.508342 1192489 event_listener.cc:91] [event_listener/flush_completed] column family: default, thread_id: 1192489, job_id: 11, file: /nvme/jinghuan/node_40001/db/000034.sst, reason: 6, is_write_slowdown: no, is_write_stall: no, largest seqno: 644951, smallest seqno: 517529
W20230630 02:21:24.508574 1192489 event_listener.cc:132] [event_listener/stall_cond_changed] column family: default write stall condition was changed, from delay to normal
I20230630 02:21:24.685520 1192490 event_listener.cc:84] [event_listener/flush_begin] column family: default, thread_id: 1192490, job_id: 12, reason: 6
W20230630 02:21:25.066838 1192715 event_listener.cc:132] [event_listener/stall_cond_changed] column family: default write stall condition was changed, from normal to delay
I20230630 02:21:25.169884 1192488 event_listener.cc:138] [event_listener/table_file_created] column family: default, file path: /nvme/jinghuan/node_40001/db/000036.sst, file size: 101594998, job id: 7, reason: compaction, status: OK
I20230630 02:21:25.191197 1192488 event_listener.cc:71] [event_listener/compaction_completed] column family: default, compaction reason: 1, output compression type: no, base input level(files): 0(3), output level(files): 1(3), input bytes: 375318178, output bytes:375960386, is_manual_compaction:no, elapsed(micro): 2672980
I20230630 02:21:25.192025 1192488 event_listener.cc:127] [event_listener/table_file_deleted] db: /nvme/jinghuan/node_40001/db, sst file: /nvme/jinghuan/node_40001/db/000030.sst, status: OK
I20230630 02:21:25.196656 1192487 event_listener.cc:71] [event_listener/compaction_completed] column family: default, compaction reason: 2, output compression type: no, base input level(files): 1(1), output level(files): 2(1), input bytes: 0, output bytes:0, is_manual_compaction:no, elapsed(micro): 0
I20230630 02:21:25.318274 1192490 event_listener.cc:138] [event_listener/table_file_created] column family: default, file path: /nvme/jinghuan/node_40001/db/000038.sst, file size: 123006160, job id: 12, reason: flush, status: OK
I20230630 02:21:25.324692 1192490 event_listener.cc:91] [event_listener/flush_completed] column family: default, thread_id: 1192490, job_id: 12, file: /nvme/jinghuan/node_40001/db/000038.sst, reason: 6, is_write_slowdown: no, is_write_stall: no, largest seqno: 772518, smallest seqno: 644953
I20230630 02:21:25.334612 1192490 event_listener.cc:127] [event_listener/table_file_deleted] db: /nvme/jinghuan/node_40001/db, sst file: /nvme/jinghuan/node_40001/db/000023.sst, status: OK
I20230630 02:21:25.345389 1192490 event_listener.cc:127] [event_listener/table_file_deleted] db: /nvme/jinghuan/node_40001/db, sst file: /nvme/jinghuan/node_40001/db/000020.sst, status: OK
I20230630 02:21:25.355161 1192490 event_listener.cc:127] [event_listener/table_file_deleted] db: /nvme/jinghuan/node_40001/db, sst file: /nvme/jinghuan/node_40001/db/000018.sst, status: OK
W20230630 02:21:25.355180 1192490 event_listener.cc:132] [event_listener/stall_cond_changed] column family: default write stall condition was changed, from delay to normal
I20230630 02:21:25.566480 1192489 event_listener.cc:84] [event_listener/flush_begin] column family: default, thread_id: 1192489, job_id: 15, reason: 6
W20230630 02:21:25.934073 1192715 event_listener.cc:132] [event_listener/stall_cond_changed] column family: default write stall condition was changed, from normal to delay
I20230630 02:21:26.288372 1192489 event_listener.cc:138] [event_listener/table_file_created] column family: default, file path: /nvme/jinghuan/node_40001/db/000042.sst, file size: 122125455, job id: 15, reason: flush, status: OK
I20230630 02:21:26.297036 1192489 event_listener.cc:91] [event_listener/flush_completed] column family: default, thread_id: 1192489, job_id: 15, file: /nvme/jinghuan/node_40001/db/000042.sst, reason: 6, is_write_slowdown: no, is_write_stall: no, largest seqno: 899172, smallest seqno: 772520
W20230630 02:21:26.297076 1192489 event_listener.cc:132] [event_listener/stall_cond_changed] column family: default write stall condition was changed, from delay to normal
I20230630 02:21:26.316509 1192488 event_listener.cc:138] [event_listener/table_file_created] column family: default, file path: /nvme/jinghuan/node_40001/db/000040.sst, file size: 137038926, job id: 14, reason: compaction, status: OK
I20230630 02:21:26.417006 1192490 event_listener.cc:84] [event_listener/flush_begin] column family: default, thread_id: 1192490, job_id: 16, reason: 6
W20230630 02:21:26.770233 1192715 event_listener.cc:132] [event_listener/stall_cond_changed] column family: default write stall condition was changed, from normal to delay
I20230630 02:21:26.838131 1192489 event_listener.cc:84] [event_listener/flush_begin] column family: metadata, thread_id: 1192489, job_id: 17, reason: 13
I20230630 02:21:26.895186 1192489 event_listener.cc:138] [event_listener/table_file_created] column family: metadata, file path: /nvme/jinghuan/node_40001/db/000049.sst, file size: 3347854, job id: 17, reason: flush, status: OK
I20230630 02:21:26.901618 1192489 event_listener.cc:91] [event_listener/flush_completed] column family: metadata, thread_id: 1192489, job_id: 17, file: /nvme/jinghuan/node_40001/db/000049.sst, reason: 13, is_write_slowdown: no, is_write_stall: no, largest seqno: 1084974, smallest seqno: 542498
I20230630 02:21:27.081347 1192490 event_listener.cc:138] [event_listener/table_file_created] column family: default, file path: /nvme/jinghuan/node_40001/db/000046.sst, file size: 118286709, job id: 16, reason: flush, status: OK
I20230630 02:21:27.092806 1192490 event_listener.cc:91] [event_listener/flush_completed] column family: default, thread_id: 1192490, job_id: 16, file: /nvme/jinghuan/node_40001/db/000046.sst, reason: 6, is_write_slowdown: no, is_write_stall: no, largest seqno: 1021844, smallest seqno: 899174
W20230630 02:21:27.092901 1192490 event_listener.cc:132] [event_listener/stall_cond_changed] column family: default write stall condition was changed, from delay to normal
I20230630 02:21:27.227258 1192489 event_listener.cc:84] [event_listener/flush_begin] column family: default, thread_id: 1192489, job_id: 18, reason: 6
I20230630 02:21:27.393508 1192488 event_listener.cc:138] [event_listener/table_file_created] column family: default, file path: /nvme/jinghuan/node_40001/db/000044.sst, file size: 137027941, job id: 14, reason: compaction, status: OK
W20230630 02:21:27.626950 1192715 event_listener.cc:132] [event_listener/stall_cond_changed] column family: default write stall condition was changed, from normal to delay
I20230630 02:21:27.890867 1192489 event_listener.cc:138] [event_listener/table_file_created] column family: default, file path: /nvme/jinghuan/node_40001/db/000051.sst, file size: 115019208, job id: 18, reason: flush, status: OK
I20230630 02:21:27.896593 1192489 event_listener.cc:91] [event_listener/flush_completed] column family: default, thread_id: 1192489, job_id: 18, file: /nvme/jinghuan/node_40001/db/000051.sst, reason: 6, is_write_slowdown: no, is_write_stall: no, largest seqno: 1141128, smallest seqno: 1021846
W20230630 02:21:27.896796 1192489 event_listener.cc:132] [event_listener/stall_cond_changed] column family: default write stall condition was changed, from delay to normal
I20230630 02:21:28.113345 1192490 event_listener.cc:84] [event_listener/flush_begin] column family: default, thread_id: 1192490, job_id: 19, reason: 6
W20230630 02:21:28.473816 1192715 event_listener.cc:132] [event_listener/stall_cond_changed] column family: default write stall condition was changed, from normal to delay
I20230630 02:21:28.580566 1192488 event_listener.cc:138] [event_listener/table_file_created] column family: default, file path: /nvme/jinghuan/node_40001/db/000052.sst, file size: 137301782, job id: 14, reason: compaction, status: OK
I20230630 02:21:28.784111 1192490 event_listener.cc:138] [event_listener/table_file_created] column family: default, file path: /nvme/jinghuan/node_40001/db/000055.sst, file size: 115581467, job id: 19, reason: flush, status: OK
I20230630 02:21:28.796480 1192490 event_listener.cc:91] [event_listener/flush_completed] column family: default, thread_id: 1192490, job_id: 19, file: /nvme/jinghuan/node_40001/db/000055.sst, reason: 6, is_write_slowdown: no, is_write_stall: no, largest seqno: 1260995, smallest seqno: 1141130
W20230630 02:21:28.796525 1192490 event_listener.cc:132] [event_listener/stall_cond_changed] column family: default write stall condition was changed, from delay to normal
I20230630 02:21:28.932907 1192489 event_listener.cc:84] [event_listener/flush_begin] column family: default, thread_id: 1192489, job_id: 21, reason: 6
W20230630 02:21:29.358214 1192715 event_listener.cc:132] [event_listener/stall_cond_changed] column family: default write stall condition was changed, from normal to delay
I20230630 02:21:29.682718 1192489 event_listener.cc:138] [event_listener/table_file_created] column family: default, file path: /nvme/jinghuan/node_40001/db/000059.sst, file size: 114626752, job id: 21, reason: flush, status: OK
I20230630 02:21:29.690483 1192489 event_listener.cc:91] [event_listener/flush_completed] column family: default, thread_id: 1192489, job_id: 21, file: /nvme/jinghuan/node_40001/db/000059.sst, reason: 6, is_write_slowdown: no, is_write_stall: no, largest seqno: 1379872, smallest seqno: 1260997
W20230630 02:21:29.690544 1192489 event_listener.cc:132] [event_listener/stall_cond_changed] column family: default write stall condition was changed, from delay to normal
I20230630 02:21:29.782428 1192488 event_listener.cc:138] [event_listener/table_file_created] column family: default, file path: /nvme/jinghuan/node_40001/db/000057.sst, file size: 137026910, job id: 14, reason: compaction, status: OK
I20230630 02:21:29.858045 1192490 event_listener.cc:84] [event_listener/flush_begin] column family: default, thread_id: 1192490, job_id: 23, reason: 6
W20230630 02:21:30.220471 1192718 event_listener.cc:132] [event_listener/stall_cond_changed] column family: default write stall condition was changed, from normal to delay
I20230630 02:21:30.393573 1192488 event_listener.cc:138] [event_listener/table_file_created] column family: default, file path: /nvme/jinghuan/node_40001/db/000062.sst, file size: 60386836, job id: 14, reason: compaction, status: OK
I20230630 02:21:30.421869 1192488 event_listener.cc:71] [event_listener/compaction_completed] column family: default, compaction reason: 1, output compression type: no, base input level(files): 0(5), output level(files): 1(5), input bytes: 608509681, output bytes:608782395, is_manual_compaction:no, elapsed(micro): 5068892
I20230630 02:21:30.428323 1192488 event_listener.cc:71] [event_listener/compaction_completed] column family: default, compaction reason: 2, output compression type: no, base input level(files): 1(1), output level(files): 2(1), input bytes: 0, output bytes:0, is_manual_compaction:no, elapsed(micro): 0
I20230630 02:21:30.444007 1192488 event_listener.cc:71] [event_listener/compaction_completed] column family: default, compaction reason: 2, output compression type: no, base input level(files): 1(1), output level(files): 2(1), input bytes: 0, output bytes:0, is_manual_compaction:no, elapsed(micro): 0
I20230630 02:21:30.450636 1192488 event_listener.cc:71] [event_listener/compaction_completed] column family: default, compaction reason: 2, output compression type: no, base input level(files): 1(1), output level(files): 2(1), input bytes: 0, output bytes:0, is_manual_compaction:no, elapsed(micro): 0
I20230630 02:21:30.698882 1192489 event_listener.cc:84] [event_listener/flush_begin] column family: default, thread_id: 1192489, job_id: 28, reason: 6
I20230630 02:21:30.979940 1192490 event_listener.cc:138] [event_listener/table_file_created] column family: default, file path: /nvme/jinghuan/node_40001/db/000064.sst, file size: 115730084, job id: 23, reason: flush, status: OK
I20230630 02:21:30.992904 1192490 event_listener.cc:91] [event_listener/flush_completed] column family: default, thread_id: 1192490, job_id: 23, file: /nvme/jinghuan/node_40001/db/000064.sst, reason: 6, is_write_slowdown: no, is_write_stall: no, largest seqno: 1499893, smallest seqno: 1379874
W20230630 02:21:30.992991 1192490 event_listener.cc:132] [event_listener/stall_cond_changed] column family: default write stall condition was changed, from stop to normal
W20230630 02:21:30.993356 1192718 event_listener.cc:132] [event_listener/stall_cond_changed] column family: default write stall condition was changed, from delay to stop
I20230630 02:21:31.048884 1192490 event_listener.cc:84] [event_listener/flush_begin] column family: metadata, thread_id: 1192490, job_id: 29, reason: 13
I20230630 02:21:31.096403 1192490 event_listener.cc:138] [event_listener/table_file_created] column family: metadata, file path: /nvme/jinghuan/node_40001/db/000070.sst, file size: 3348770, job id: 29, reason: flush, status: OK
I20230630 02:21:31.102699 1192490 event_listener.cc:91] [event_listener/flush_completed] column family: metadata, thread_id: 1192490, job_id: 29, file: /nvme/jinghuan/node_40001/db/000070.sst, reason: 13, is_write_slowdown: no, is_write_stall: no, largest seqno: 1627461, smallest seqno: 1084985
I20230630 02:21:31.382089 1192488 event_listener.cc:138] [event_listener/table_file_created] column family: default, file path: /nvme/jinghuan/node_40001/db/000066.sst, file size: 60386836, job id: 27, reason: compaction, status: OK
W20230630 02:21:31.384193 1192713 event_listener.cc:132] [event_listener/stall_cond_changed] column family: default write stall condition was changed, from normal to delay
I20230630 02:21:31.390288 1192488 event_listener.cc:71] [event_listener/compaction_completed] column family: default, compaction reason: 11, output compression type: no, base input level(files): 1(1), output level(files): 1(1), input bytes: 60386836, output bytes:60386836, is_manual_compaction:no, elapsed(micro): 931356
I20230630 02:21:31.696755 1192489 event_listener.cc:138] [event_listener/table_file_created] column family: default, file path: /nvme/jinghuan/node_40001/db/000068.sst, file size: 118424185, job id: 28, reason: flush, status: OK
I20230630 02:21:31.703092 1192489 event_listener.cc:91] [event_listener/flush_completed] column family: default, thread_id: 1192489, job_id: 28, file: /nvme/jinghuan/node_40001/db/000068.sst, reason: 6, is_write_slowdown: no, is_write_stall: no, largest seqno: 1622708, smallest seqno: 1499895
W20230630 02:21:31.703187 1192489 event_listener.cc:132] [event_listener/stall_cond_changed] column family: default write stall condition was changed, from delay to normal
I20230630 02:21:31.867552 1192490 event_listener.cc:84] [event_listener/flush_begin] column family: default, thread_id: 1192490, job_id: 31, reason: 6
W20230630 02:21:32.206010 1192713 event_listener.cc:132] [event_listener/stall_cond_changed] column family: default write stall condition was changed, from normal to delay
I20230630 02:21:32.640332 1192489 event_listener.cc:84] [event_listener/flush_begin] column family: default, thread_id: 1192489, job_id: 32, reason: 6
I20230630 02:21:32.881812 1192490 event_listener.cc:138] [event_listener/table_file_created] column family: default, file path: /nvme/jinghuan/node_40001/db/000074.sst, file size: 121309144, job id: 31, reason: flush, status: OK
I20230630 02:21:32.888842 1192490 event_listener.cc:91] [event_listener/flush_completed] column family: default, thread_id: 1192490, job_id: 31, file: /nvme/jinghuan/node_40001/db/000074.sst, reason: 6, is_write_slowdown: no, is_write_stall: no, largest seqno: 1748515, smallest seqno: 1622710
W20230630 02:21:32.889052 1192490 event_listener.cc:132] [event_listener/stall_cond_changed] column family: default write stall condition was changed, from stop to normal
W20230630 02:21:32.889174 1192713 event_listener.cc:132] [event_listener/stall_cond_changed] column family: default write stall condition was changed, from delay to stop
W20230630 02:21:33.315989 1192719 event_listener.cc:132] [event_listener/stall_cond_changed] column family: default write stall condition was changed, from normal to delay
I20230630 02:21:33.588500 1192489 event_listener.cc:138] [event_listener/table_file_created] column family: default, file path: /nvme/jinghuan/node_40001/db/000077.sst, file size: 117320739, job id: 32, reason: flush, status: OK
I20230630 02:21:33.609464 1192489 event_listener.cc:91] [event_listener/flush_completed] column family: default, thread_id: 1192489, job_id: 32, file: /nvme/jinghuan/node_40001/db/000077.sst, reason: 6, is_write_slowdown: no, is_write_stall: no, largest seqno: 1870186, smallest seqno: 1748517
W20230630 02:21:33.609511 1192489 event_listener.cc:132] [event_listener/stall_cond_changed] column family: default write stall condition was changed, from delay to normal
I20230630 02:21:33.685395 1192488 event_listener.cc:138] [event_listener/table_file_created] column family: default, file path: /nvme/jinghuan/node_40001/db/000072.sst, file size: 137027941, job id: 30, reason: compaction, status: OK
I20230630 02:21:33.699044 1192488 event_listener.cc:71] [event_listener/compaction_completed] column family: default, compaction reason: 11, output compression type: no, base input level(files): 2(1), output level(files): 2(1), input bytes: 137027941, output bytes:137027941, is_manual_compaction:no, elapsed(micro): 2295041
I20230630 02:21:33.708667 1192488 event_listener.cc:127] [event_listener/table_file_deleted] db: /nvme/jinghuan/node_40001/db, sst file: /nvme/jinghuan/node_40001/db/000044.sst, status: OK
I20230630 02:21:33.766108 1192490 event_listener.cc:84] [event_listener/flush_begin] column family: default, thread_id: 1192490, job_id: 34, reason: 6
W20230630 02:21:34.193065 1192718 event_listener.cc:132] [event_listener/stall_cond_changed] column family: default write stall condition was changed, from normal to delay
I20230630 02:21:34.782114 1192489 event_listener.cc:84] [event_listener/flush_begin] column family: default, thread_id: 1192489, job_id: 35, reason: 6
I20230630 02:21:34.986254 1192490 event_listener.cc:138] [event_listener/table_file_created] column family: default, file path: /nvme/jinghuan/node_40001/db/000081.sst, file size: 122623514, job id: 34, reason: flush, status: OK
I20230630 02:21:35.001726 1192490 event_listener.cc:91] [event_listener/flush_completed] column family: default, thread_id: 1192490, job_id: 34, file: /nvme/jinghuan/node_40001/db/000081.sst, reason: 6, is_write_slowdown: no, is_write_stall: no, largest seqno: 1997357, smallest seqno: 1870188
W20230630 02:21:35.001766 1192490 event_listener.cc:132] [event_listener/stall_cond_changed] column family: default write stall condition was changed, from stop to normal
W20230630 02:21:35.002157 1192719 event_listener.cc:132] [event_listener/stall_cond_changed] column family: default write stall condition was changed, from delay to stop
I20230630 02:21:35.299364 1192490 event_listener.cc:84] [event_listener/flush_begin] column family: metadata, thread_id: 1192490, job_id: 36, reason: 13
W20230630 02:21:35.467979 1192719 event_listener.cc:132] [event_listener/stall_cond_changed] column family: default write stall condition was changed, from normal to delay
I20230630 02:21:35.482815 1192490 event_listener.cc:138] [event_listener/table_file_created] column family: metadata, file path: /nvme/jinghuan/node_40001/db/000086.sst, file size: 3353256, job id: 36, reason: flush, status: OK
I20230630 02:21:35.488207 1192490 event_listener.cc:91] [event_listener/flush_completed] column family: metadata, thread_id: 1192490, job_id: 36, file: /nvme/jinghuan/node_40001/db/000086.sst, reason: 13, is_write_slowdown: no, is_write_stall: no, largest seqno: 2169948, smallest seqno: 1627472
I20230630 02:21:35.587121 1192487 event_listener.cc:138] [event_listener/table_file_created] column family: default, file path: /nvme/jinghuan/node_40001/db/000061.sst, file size: 471053246, job id: 22, reason: compaction, status: OK
I20230630 02:21:35.611266 1192487 event_listener.cc:71] [event_listener/compaction_completed] column family: default, compaction reason: 1, output compression type: no, base input level(files): 0(4), output level(files): 0(1), input bytes: 471012839, output bytes:471053246, is_manual_compaction:no, elapsed(micro): 6228966
I20230630 02:21:35.618609 1192487 event_listener.cc:127] [event_listener/table_file_deleted] db: /nvme/jinghuan/node_40001/db, sst file: /nvme/jinghuan/node_40001/db/000062.sst, status: OK
I20230630 02:21:35.630028 1192487 event_listener.cc:127] [event_listener/table_file_deleted] db: /nvme/jinghuan/node_40001/db, sst file: /nvme/jinghuan/node_40001/db/000038.sst, status: OK
I20230630 02:21:35.637771 1192487 event_listener.cc:127] [event_listener/table_file_deleted] db: /nvme/jinghuan/node_40001/db, sst file: /nvme/jinghuan/node_40001/db/000036.sst, status: OK
I20230630 02:21:35.647058 1192487 event_listener.cc:127] [event_listener/table_file_deleted] db: /nvme/jinghuan/node_40001/db, sst file: /nvme/jinghuan/node_40001/db/000034.sst, status: OK
I20230630 02:21:35.657721 1192487 event_listener.cc:127] [event_listener/table_file_deleted] db: /nvme/jinghuan/node_40001/db, sst file: /nvme/jinghuan/node_40001/db/000029.sst, status: OK
I20230630 02:21:35.667326 1192487 event_listener.cc:127] [event_listener/table_file_deleted] db: /nvme/jinghuan/node_40001/db, sst file: /nvme/jinghuan/node_40001/db/000027.sst, status: OK
I20230630 02:21:35.880350 1192489 event_listener.cc:138] [event_listener/table_file_created] column family: default, file path: /nvme/jinghuan/node_40001/db/000084.sst, file size: 128765276, job id: 35, reason: flush, status: OK
I20230630 02:21:35.885558 1192489 event_listener.cc:91] [event_listener/flush_completed] column family: default, thread_id: 1192489, job_id: 35, file: /nvme/jinghuan/node_40001/db/000084.sst, reason: 6, is_write_slowdown: no, is_write_stall: no, largest seqno: 2130897, smallest seqno: 1997359
W20230630 02:21:35.885653 1192489 event_listener.cc:132] [event_listener/stall_cond_changed] column family: default write stall condition was changed, from delay to normal
I20230630 02:21:35.996958 1192490 event_listener.cc:84] [event_listener/flush_begin] column family: default, thread_id: 1192490, job_id: 38, reason: 6
W20230630 02:21:36.408345 1192717 event_listener.cc:132] [event_listener/stall_cond_changed] column family: default write stall condition was changed, from normal to delay
I20230630 02:21:36.933921 1192489 event_listener.cc:84] [event_listener/flush_begin] column family: default, thread_id: 1192489, job_id: 39, reason: 6
I20230630 02:21:36.986696 1192490 event_listener.cc:138] [event_listener/table_file_created] column family: default, file path: /nvme/jinghuan/node_40001/db/000090.sst, file size: 128755389, job id: 38, reason: flush, status: OK
I20230630 02:21:36.999806 1192490 event_listener.cc:91] [event_listener/flush_completed] column family: default, thread_id: 1192490, job_id: 38, file: /nvme/jinghuan/node_40001/db/000090.sst, reason: 6, is_write_slowdown: no, is_write_stall: no, largest seqno: 2264426, smallest seqno: 2130899
W20230630 02:21:37.000056 1192490 event_listener.cc:132] [event_listener/stall_cond_changed] column family: default write stall condition was changed, from stop to normal
W20230630 02:21:37.000224 1192719 event_listener.cc:132] [event_listener/stall_cond_changed] column family: default write stall condition was changed, from delay to stop
W20230630 02:21:37.428606 1192719 event_listener.cc:132] [event_listener/stall_cond_changed] column family: default write stall condition was changed, from normal to delay
I20230630 02:21:37.585392 1192487 event_listener.cc:138] [event_listener/table_file_created] column family: default, file path: /nvme/jinghuan/node_40001/db/000088.sst, file size: 137301782, job id: 37, reason: compaction, status: OK
I20230630 02:21:37.606948 1192487 event_listener.cc:71] [event_listener/compaction_completed] column family: default, compaction reason: 11, output compression type: no, base input level(files): 2(1), output level(files): 2(1), input bytes: 137301782, output bytes:137301782, is_manual_compaction:no, elapsed(micro): 1918091
I20230630 02:21:37.908880 1192489 event_listener.cc:138] [event_listener/table_file_created] column family: default, file path: /nvme/jinghuan/node_40001/db/000093.sst, file size: 128765370, job id: 39, reason: flush, status: OK
I20230630 02:21:37.919080 1192490 event_listener.cc:84] [event_listener/flush_begin] column family: default, thread_id: 1192490, job_id: 41, reason: 6
I20230630 02:21:37.923920 1192489 event_listener.cc:91] [event_listener/flush_completed] column family: default, thread_id: 1192489, job_id: 39, file: /nvme/jinghuan/node_40001/db/000093.sst, reason: 6, is_write_slowdown: no, is_write_stall: no, largest seqno: 2397966, smallest seqno: 2264428
W20230630 02:21:37.923997 1192489 event_listener.cc:132] [event_listener/stall_cond_changed] column family: default write stall condition was changed, from stop to normal
W20230630 02:21:37.934074 1192715 event_listener.cc:132] [event_listener/stall_cond_changed] column family: default write stall condition was changed, from delay to stop
I20230630 02:21:38.195879 1192487 event_listener.cc:138] [event_listener/table_file_created] column family: metadata, file path: /nvme/jinghuan/node_40001/db/000095.sst, file size: 13295488, job id: 40, reason: compaction, status: OK
I20230630 02:21:38.210702 1192487 event_listener.cc:71] [event_listener/compaction_completed] column family: metadata, compaction reason: 1, output compression type: no, base input level(files): 0(4), output level(files): 1(1), input bytes: 13400180, output bytes:13295488, is_manual_compaction:no, elapsed(micro): 588912
I20230630 02:21:38.211413 1192487 event_listener.cc:127] [event_listener/table_file_deleted] db: /nvme/jinghuan/node_40001/db, sst file: /nvme/jinghuan/node_40001/db/000070.sst, status: OK
I20230630 02:21:38.212042 1192487 event_listener.cc:127] [event_listener/table_file_deleted] db: /nvme/jinghuan/node_40001/db, sst file: /nvme/jinghuan/node_40001/db/000049.sst, status: OK
I20230630 02:21:38.212728 1192487 event_listener.cc:127] [event_listener/table_file_deleted] db: /nvme/jinghuan/node_40001/db, sst file: /nvme/jinghuan/node_40001/db/000032.sst, status: OK
W20230630 02:21:38.371471 1192715 event_listener.cc:132] [event_listener/stall_cond_changed] column family: default write stall condition was changed, from normal to delay
I20230630 02:21:38.695047 1192490 event_listener.cc:138] [event_listener/table_file_created] column family: default, file path: /nvme/jinghuan/node_40001/db/000097.sst, file size: 117310678, job id: 41, reason: flush, status: OK
I20230630 02:21:38.703847 1192490 event_listener.cc:91] [event_listener/flush_completed] column family: default, thread_id: 1192490, job_id: 41, file: /nvme/jinghuan/node_40001/db/000097.sst, reason: 6, is_write_slowdown: no, is_write_stall: no, largest seqno: 2519626, smallest seqno: 2397968
W20230630 02:21:38.703900 1192490 event_listener.cc:132] [event_listener/stall_cond_changed] column family: default write stall condition was changed, from delay to normal
I20230630 02:21:38.865666 1192489 event_listener.cc:84] [event_listener/flush_begin] column family: default, thread_id: 1192489, job_id: 43, reason: 6
W20230630 02:21:39.275571 1192715 event_listener.cc:132] [event_listener/stall_cond_changed] column family: default write stall condition was changed, from normal to delay
I20230630 02:21:39.424688 1192490 event_listener.cc:84] [event_listener/flush_begin] column family: metadata, thread_id: 1192490, job_id: 44, reason: 13
I20230630 02:21:39.579097 1192490 event_listener.cc:138] [event_listener/table_file_created] column family: metadata, file path: /nvme/jinghuan/node_40001/db/000104.sst, file size: 3355667, job id: 44, reason: flush, status: OK
I20230630 02:21:39.587011 1192490 event_listener.cc:91] [event_listener/flush_completed] column family: metadata, thread_id: 1192490, job_id: 44, file: /nvme/jinghuan/node_40001/db/000104.sst, reason: 13, is_write_slowdown: no, is_write_stall: no, largest seqno: 2712435, smallest seqno: 2169959
I20230630 02:21:39.783800 1192489 event_listener.cc:138] [event_listener/table_file_created] column family: default, file path: /nvme/jinghuan/node_40001/db/000101.sst, file size: 116069732, job id: 43, reason: flush, status: OK
I20230630 02:21:39.784476 1192490 event_listener.cc:84] [event_listener/flush_begin] column family: default, thread_id: 1192490, job_id: 45, reason: 6
I20230630 02:21:39.789742 1192489 event_listener.cc:91] [event_listener/flush_completed] column family: default, thread_id: 1192489, job_id: 43, file: /nvme/jinghuan/node_40001/db/000101.sst, reason: 6, is_write_slowdown: no, is_write_stall: no, largest seqno: 2639999, smallest seqno: 2519628
W20230630 02:21:39.789988 1192489 event_listener.cc:132] [event_listener/stall_cond_changed] column family: default write stall condition was changed, from stop to normal
W20230630 02:21:39.790134 1192719 event_listener.cc:132] [event_listener/stall_cond_changed] column family: default write stall condition was changed, from delay to stop
W20230630 02:21:40.244033 1192719 event_listener.cc:132] [event_listener/stall_cond_changed] column family: default write stall condition was changed, from normal to delay
I20230630 02:21:40.686866 1192490 event_listener.cc:138] [event_listener/table_file_created] column family: default, file path: /nvme/jinghuan/node_40001/db/000106.sst, file size: 115125623, job id: 45, reason: flush, status: OK
I20230630 02:21:40.695724 1192490 event_listener.cc:91] [event_listener/flush_completed] column family: default, thread_id: 1192490, job_id: 45, file: /nvme/jinghuan/node_40001/db/000106.sst, reason: 6, is_write_slowdown: no, is_write_stall: no, largest seqno: 2759393, smallest seqno: 2640001
W20230630 02:21:40.695888 1192490 event_listener.cc:132] [event_listener/stall_cond_changed] column family: default write stall condition was changed, from stop to normal
W20230630 02:21:40.695988 1192719 event_listener.cc:132] [event_listener/stall_cond_changed] column family: default write stall condition was changed, from delay to stop
I20230630 02:21:40.722211 1192489 event_listener.cc:84] [event_listener/flush_begin] column family: default, thread_id: 1192489, job_id: 46, reason: 6
W20230630 02:21:41.143234 1192715 event_listener.cc:132] [event_listener/stall_cond_changed] column family: default write stall condition was changed, from normal to delay
I20230630 02:21:41.590837 1192488 event_listener.cc:138] [event_listener/table_file_created] column family: default, file path: /nvme/jinghuan/node_40001/db/000079.sst, file size: 587481441, job id: 33, reason: compaction, status: OK
I20230630 02:21:41.603160 1192489 event_listener.cc:138] [event_listener/table_file_created] column family: default, file path: /nvme/jinghuan/node_40001/db/000109.sst, file size: 116239767, job id: 46, reason: flush, status: OK
I20230630 02:21:41.624652 1192489 event_listener.cc:91] [event_listener/flush_completed] column family: default, thread_id: 1192489, job_id: 46, file: /nvme/jinghuan/node_40001/db/000109.sst, reason: 6, is_write_slowdown: no, is_write_stall: no, largest seqno: 2879942, smallest seqno: 2759395
W20230630 02:21:41.624836 1192489 event_listener.cc:132] [event_listener/stall_cond_changed] column family: default write stall condition was changed, from stop to normal
W20230630 02:21:41.625495 1192715 event_listener.cc:132] [event_listener/stall_cond_changed] column family: default write stall condition was changed, from delay to stop
I20230630 02:21:41.633545 1192488 event_listener.cc:71] [event_listener/compaction_completed] column family: default, compaction reason: 1, output compression type: no, base input level(files): 0(5), output level(files): 0(1), input bytes: 587410904, output bytes:587481441, is_manual_compaction:no, elapsed(micro): 7882156
I20230630 02:21:41.634385 1192488 event_listener.cc:127] [event_listener/table_file_deleted] db: /nvme/jinghuan/node_40001/db, sst file: /nvme/jinghuan/node_40001/db/000086.sst, status: OK
I20230630 02:21:41.640564 1192490 event_listener.cc:84] [event_listener/flush_begin] column family: default, thread_id: 1192490, job_id: 47, reason: 6
I20230630 02:21:41.646135 1192488 event_listener.cc:127] [event_listener/table_file_deleted] db: /nvme/jinghuan/node_40001/db, sst file: /nvme/jinghuan/node_40001/db/000055.sst, status: OK
I20230630 02:21:41.656261 1192488 event_listener.cc:127] [event_listener/table_file_deleted] db: /nvme/jinghuan/node_40001/db, sst file: /nvme/jinghuan/node_40001/db/000052.sst, status: OK
I20230630 02:21:41.664137 1192488 event_listener.cc:127] [event_listener/table_file_deleted] db: /nvme/jinghuan/node_40001/db, sst file: /nvme/jinghuan/node_40001/db/000051.sst, status: OK
I20230630 02:21:41.672272 1192488 event_listener.cc:127] [event_listener/table_file_deleted] db: /nvme/jinghuan/node_40001/db, sst file: /nvme/jinghuan/node_40001/db/000046.sst, status: OK
I20230630 02:21:41.681695 1192488 event_listener.cc:127] [event_listener/table_file_deleted] db: /nvme/jinghuan/node_40001/db, sst file: /nvme/jinghuan/node_40001/db/000042.sst, status: OK
W20230630 02:21:42.052496 1192715 event_listener.cc:132] [event_listener/stall_cond_changed] column family: default write stall condition was changed, from normal to delay
I20230630 02:21:42.538473 1192489 event_listener.cc:84] [event_listener/flush_begin] column family: default, thread_id: 1192489, job_id: 49, reason: 6
I20230630 02:21:42.589772 1192490 event_listener.cc:138] [event_listener/table_file_created] column family: default, file path: /nvme/jinghuan/node_40001/db/000112.sst, file size: 116769671, job id: 47, reason: flush, status: OK
I20230630 02:21:42.603281 1192490 event_listener.cc:91] [event_listener/flush_completed] column family: default, thread_id: 1192490, job_id: 47, file: /nvme/jinghuan/node_40001/db/000112.sst, reason: 6, is_write_slowdown: no, is_write_stall: no, largest seqno: 3001041, smallest seqno: 2879944
W20230630 02:21:42.603329 1192490 event_listener.cc:132] [event_listener/stall_cond_changed] column family: default write stall condition was changed, from stop to normal
W20230630 02:21:42.603709 1192719 event_listener.cc:132] [event_listener/stall_cond_changed] column family: default write stall condition was changed, from delay to stop
W20230630 02:21:43.125840 1192713 event_listener.cc:132] [event_listener/stall_cond_changed] column family: default write stall condition was changed, from normal to delay
I20230630 02:21:43.403998 1192489 event_listener.cc:138] [event_listener/table_file_created] column family: default, file path: /nvme/jinghuan/node_40001/db/000116.sst, file size: 116779372, job id: 49, reason: flush, status: OK
I20230630 02:21:43.414800 1192489 event_listener.cc:91] [event_listener/flush_completed] column family: default, thread_id: 1192489, job_id: 49, file: /nvme/jinghuan/node_40001/db/000116.sst, reason: 6, is_write_slowdown: no, is_write_stall: no, largest seqno: 3122151, smallest seqno: 3001043
W20230630 02:21:43.414839 1192489 event_listener.cc:132] [event_listener/stall_cond_changed] column family: default write stall condition was changed, from delay to normal
I20230630 02:21:43.624790 1192490 event_listener.cc:84] [event_listener/flush_begin] column family: default, thread_id: 1192490, job_id: 50, reason: 6
I20230630 02:21:43.634774 1192489 event_listener.cc:84] [event_listener/flush_begin] column family: metadata, thread_id: 1192489, job_id: 51, reason: 13
I20230630 02:21:43.700140 1192489 event_listener.cc:138] [event_listener/table_file_created] column family: metadata, file path: /nvme/jinghuan/node_40001/db/000121.sst, file size: 3352059, job id: 51, reason: flush, status: OK
I20230630 02:21:43.711683 1192489 event_listener.cc:91] [event_listener/flush_completed] column family: metadata, thread_id: 1192489, job_id: 51, file: /nvme/jinghuan/node_40001/db/000121.sst, reason: 13, is_write_slowdown: no, is_write_stall: no, largest seqno: 3254922, smallest seqno: 2712446
W20230630 02:21:44.050781 1192713 event_listener.cc:132] [event_listener/stall_cond_changed] column family: default write stall condition was changed, from normal to delay
I20230630 02:21:44.603684 1192489 event_listener.cc:84] [event_listener/flush_begin] column family: default, thread_id: 1192489, job_id: 52, reason: 6
I20230630 02:21:44.608717 1192490 event_listener.cc:138] [event_listener/table_file_created] column family: default, file path: /nvme/jinghuan/node_40001/db/000120.sst, file size: 123016259, job id: 50, reason: flush, status: OK
I20230630 02:21:44.628078 1192490 event_listener.cc:91] [event_listener/flush_completed] column family: default, thread_id: 1192490, job_id: 50, file: /nvme/jinghuan/node_40001/db/000120.sst, reason: 6, is_write_slowdown: no, is_write_stall: no, largest seqno: 3249729, smallest seqno: 3122153
W20230630 02:21:44.628254 1192490 event_listener.cc:132] [event_listener/stall_cond_changed] column family: default write stall condition was changed, from stop to normal
W20230630 02:21:44.628437 1192714 event_listener.cc:132] [event_listener/stall_cond_changed] column family: default write stall condition was changed, from delay to stop
I20230630 02:21:44.800771 1192487 event_listener.cc:138] [event_listener/table_file_created] column family: default, file path: /nvme/jinghuan/node_40001/db/000098.sst, file size: 508959332, job id: 42, reason: compaction, status: OK
I20230630 02:21:44.829828 1192487 event_listener.cc:71] [event_listener/compaction_completed] column family: default, compaction reason: 1, output compression type: no, base input level(files): 0(4), output level(files): 0(1), input bytes: 508909549, output bytes:508959332, is_manual_compaction:no, elapsed(micro): 6588046
I20230630 02:21:44.845355 1192487 event_listener.cc:127] [event_listener/table_file_deleted] db: /nvme/jinghuan/node_40001/db, sst file: /nvme/jinghuan/node_40001/db/000077.sst, status: OK
I20230630 02:21:44.853823 1192487 event_listener.cc:127] [event_listener/table_file_deleted] db: /nvme/jinghuan/node_40001/db, sst file: /nvme/jinghuan/node_40001/db/000074.sst, status: OK
I20230630 02:21:44.862149 1192487 event_listener.cc:127] [event_listener/table_file_deleted] db: /nvme/jinghuan/node_40001/db, sst file: /nvme/jinghuan/node_40001/db/000068.sst, status: OK
I20230630 02:21:44.870307 1192487 event_listener.cc:127] [event_listener/table_file_deleted] db: /nvme/jinghuan/node_40001/db, sst file: /nvme/jinghuan/node_40001/db/000064.sst, status: OK
I20230630 02:21:44.878564 1192487 event_listener.cc:127] [event_listener/table_file_deleted] db: /nvme/jinghuan/node_40001/db, sst file: /nvme/jinghuan/node_40001/db/000059.sst, status: OK
W20230630 02:21:45.088893 1192714 event_listener.cc:132] [event_listener/stall_cond_changed] column family: default write stall condition was changed, from normal to delay
I20230630 02:21:45.612905 1192489 event_listener.cc:138] [event_listener/table_file_created] column family: default, file path: /nvme/jinghuan/node_40001/db/000124.sst, file size: 128765373, job id: 52, reason: flush, status: OK
I20230630 02:21:45.619972 1192490 event_listener.cc:84] [event_listener/flush_begin] column family: default, thread_id: 1192490, job_id: 54, reason: 6
