Log file created at: 2023/03/17 09:12:33
Running on machine: en4217754l
Running duration (h:mm:ss): 0:00:00
Log line format: [IWEF]yyyymmdd hh:mm:ss.uuuuuu threadid file:line] msg
I20230317 09:12:33.233870 1107113 main.cc:325] kvrocks unstable (commit dfe5733)
I20230317 09:12:33.267844 1107113 storage.cc:335] [storage] Success to load the data from disk: 13 ms
I20230317 09:12:33.268086 1107113 worker.cc:71] [worker] Listening on: 127.0.0.1:40001
I20230317 09:12:33.268239 1107113 worker.cc:71] [worker] Listening on: 127.0.0.1:40001
I20230317 09:12:33.268342 1107113 worker.cc:71] [worker] Listening on: 127.0.0.1:40001
I20230317 09:12:33.268442 1107113 worker.cc:71] [worker] Listening on: 127.0.0.1:40001
I20230317 09:12:33.268543 1107113 worker.cc:71] [worker] Listening on: 127.0.0.1:40001
I20230317 09:12:33.268632 1107113 worker.cc:71] [worker] Listening on: 127.0.0.1:40001
I20230317 09:12:33.268719 1107113 worker.cc:71] [worker] Listening on: 127.0.0.1:40001
I20230317 09:12:33.268808 1107113 worker.cc:71] [worker] Listening on: 127.0.0.1:40001
W20230317 09:12:33.268888 1107113 server.cc:1618] [server] Increased maximum number of open files to 14224 (it's originally set to 1024)
I20230317 09:12:33.269035 1107113 cluster.cc:607] The cluster nodes file node_40001/nodes.conf is not found. Use CLUSTERX subcommands to specify it.
I20230317 09:12:33.269095 1107113 worker.cc:530] [worker] Thread #140608018536192 started
I20230317 09:12:33.269119 1107113 worker.cc:530] [worker] Thread #140608026928896 started
I20230317 09:12:33.269160 1107113 worker.cc:530] [worker] Thread #140608102463232 started
I20230317 09:12:33.269201 1107113 worker.cc:530] [worker] Thread #140608094070528 started
I20230317 09:12:33.269237 1107113 worker.cc:530] [worker] Thread #140608085677824 started
I20230317 09:12:33.269273 1107113 worker.cc:530] [worker] Thread #140608077285120 started
I20230317 09:12:33.269316 1107113 worker.cc:530] [worker] Thread #140608068892416 started
I20230317 09:12:33.269362 1107113 worker.cc:530] [worker] Thread #140608060499712 started
I20230317 09:12:33.269481 1107113 server.cc:210] [server] Ready to accept connections
I20230317 09:12:38.270303 1107265 cluster.cc:257] MASTER MODE enabled by cluster topology setting
I20230317 09:12:39.493477 1107127 event_listener.cc:84] [event_listener/flush_begin] column family: default, thread_id: 1107127, job_id: 3, reason: 6
W20230317 09:12:39.858590 1107261 event_listener.cc:132] [event_listener/stall_cond_changed] column family: default write stall condition was changed, from normal to delay
I20230317 09:12:39.946326 1107127 event_listener.cc:138] [event_listener/table_file_created] column family: default, file path: node_40001/db/000016.sst, file size: 92960542, job id: 3, reason: flush, status: OK
I20230317 09:12:39.946588 1107127 event_listener.cc:91] [event_listener/flush_completed] column family: default, thread_id: 1107127, job_id: 3, file: node_40001/db/000016.sst, reason: 6, is_write_slowdown: no, is_write_stall: no, largest seqno: 814839, smallest seqno: 1
W20230317 09:12:39.946630 1107127 event_listener.cc:132] [event_listener/stall_cond_changed] column family: default write stall condition was changed, from delay to normal
I20230317 09:12:40.582626 1107128 event_listener.cc:84] [event_listener/flush_begin] column family: default, thread_id: 1107128, job_id: 5, reason: 6
I20230317 09:12:40.754498 1107125 event_listener.cc:138] [event_listener/table_file_created] column family: default, file path: node_40001/db/000018.sst, file size: 92959002, job id: 4, reason: compaction, status: OK
I20230317 09:12:40.757035 1107125 event_listener.cc:71] [event_listener/compaction_completed] column family: default, compaction reason: 11, output compression type: no, base input level(files): 0(1), output level(files): 0(1), input bytes: 92960542, output bytes:92959002, is_manual_compaction:no, elapsed(micro): 807725
W20230317 09:12:40.923635 1107261 event_listener.cc:132] [event_listener/stall_cond_changed] column family: default write stall condition was changed, from normal to delay
I20230317 09:12:41.035077 1107128 event_listener.cc:138] [event_listener/table_file_created] column family: default, file path: node_40001/db/000020.sst, file size: 93568412, job id: 5, reason: flush, status: OK
I20230317 09:12:41.035384 1107128 event_listener.cc:91] [event_listener/flush_completed] column family: default, thread_id: 1107128, job_id: 5, file: node_40001/db/000020.sst, reason: 6, is_write_slowdown: no, is_write_stall: no, largest seqno: 1635032, smallest seqno: 814841
I20230317 09:12:41.043896 1107128 event_listener.cc:127] [event_listener/table_file_deleted] db: node_40001/db, sst file: node_40001/db/000016.sst, status: OK
W20230317 09:12:41.043924 1107128 event_listener.cc:132] [event_listener/stall_cond_changed] column family: default write stall condition was changed, from delay to normal
I20230317 09:12:41.623242 1107127 event_listener.cc:84] [event_listener/flush_begin] column family: default, thread_id: 1107127, job_id: 6, reason: 6
W20230317 09:12:41.953399 1107260 event_listener.cc:132] [event_listener/stall_cond_changed] column family: default write stall condition was changed, from normal to delay
I20230317 09:12:42.042168 1107127 event_listener.cc:138] [event_listener/table_file_created] column family: default, file path: node_40001/db/000023.sst, file size: 92981727, job id: 6, reason: flush, status: OK
I20230317 09:12:42.042490 1107127 event_listener.cc:91] [event_listener/flush_completed] column family: default, thread_id: 1107127, job_id: 6, file: node_40001/db/000023.sst, reason: 6, is_write_slowdown: no, is_write_stall: no, largest seqno: 2450066, smallest seqno: 1635034
W20230317 09:12:42.042544 1107127 event_listener.cc:132] [event_listener/stall_cond_changed] column family: default write stall condition was changed, from delay to normal
I20230317 09:12:42.640386 1107128 event_listener.cc:84] [event_listener/flush_begin] column family: default, thread_id: 1107128, job_id: 8, reason: 6
I20230317 09:12:42.995712 1107127 event_listener.cc:84] [event_listener/flush_begin] column family: metadata, thread_id: 1107127, job_id: 9, reason: 13
W20230317 09:12:43.010954 1107260 event_listener.cc:132] [event_listener/stall_cond_changed] column family: default write stall condition was changed, from normal to delay
I20230317 09:12:43.128075 1107128 event_listener.cc:138] [event_listener/table_file_created] column family: default, file path: node_40001/db/000027.sst, file size: 90595601, job id: 8, reason: flush, status: OK
I20230317 09:12:43.128365 1107128 event_listener.cc:91] [event_listener/flush_completed] column family: default, thread_id: 1107128, job_id: 8, file: node_40001/db/000027.sst, reason: 6, is_write_slowdown: no, is_write_stall: no, largest seqno: 3244123, smallest seqno: 2450068
W20230317 09:12:43.128405 1107128 event_listener.cc:132] [event_listener/stall_cond_changed] column family: default write stall condition was changed, from delay to normal
I20230317 09:12:43.186048 1107127 event_listener.cc:138] [event_listener/table_file_created] column family: metadata, file path: node_40001/db/000029.sst, file size: 16729060, job id: 9, reason: flush, status: OK
I20230317 09:12:43.186376 1107127 event_listener.cc:91] [event_listener/flush_completed] column family: metadata, thread_id: 1107127, job_id: 9, file: node_40001/db/000029.sst, reason: 13, is_write_slowdown: no, is_write_stall: no, largest seqno: 3569922, smallest seqno: 4
I20230317 09:12:43.238603 1107128 event_listener.cc:84] [event_listener/flush_begin] column family: default, thread_id: 1107128, job_id: 10, reason: 13
I20230317 09:12:43.262213 1107126 event_listener.cc:138] [event_listener/table_file_created] column family: default, file path: node_40001/db/000025.sst, file size: 137846623, job id: 7, reason: compaction, status: OK
I20230317 09:12:43.540877 1107128 event_listener.cc:138] [event_listener/table_file_created] column family: default, file path: node_40001/db/000032.sst, file size: 62202274, job id: 10, reason: flush, status: OK
I20230317 09:12:43.541155 1107128 event_listener.cc:91] [event_listener/flush_completed] column family: default, thread_id: 1107128, job_id: 10, file: node_40001/db/000032.sst, reason: 13, is_write_slowdown: no, is_write_stall: no, largest seqno: 3788920, smallest seqno: 3244125
I20230317 09:12:44.445655 1107127 event_listener.cc:84] [event_listener/flush_begin] column family: default, thread_id: 1107127, job_id: 11, reason: 6
I20230317 09:12:44.751133 1107126 event_listener.cc:138] [event_listener/table_file_created] column family: default, file path: node_40001/db/000033.sst, file size: 137845698, job id: 7, reason: compaction, status: OK
I20230317 09:12:44.789652 1107126 event_listener.cc:138] [event_listener/table_file_created] column family: default, file path: node_40001/db/000037.sst, file size: 3386288, job id: 7, reason: compaction, status: OK
I20230317 09:12:44.796147 1107126 event_listener.cc:71] [event_listener/compaction_completed] column family: default, compaction reason: 1, output compression type: no, base input level(files): 0(3), output level(files): 1(3), input bytes: 279509141, output bytes:279078609, is_manual_compaction:no, elapsed(micro): 2746798
W20230317 09:12:44.809397 1107260 event_listener.cc:132] [event_listener/stall_cond_changed] column family: default write stall condition was changed, from normal to delay
I20230317 09:12:44.809986 1107125 event_listener.cc:71] [event_listener/compaction_completed] column family: default, compaction reason: 2, output compression type: no, base input level(files): 1(1), output level(files): 2(1), input bytes: 0, output bytes:0, is_manual_compaction:no, elapsed(micro): 0
I20230317 09:12:44.863968 1107127 event_listener.cc:138] [event_listener/table_file_created] column family: default, file path: node_40001/db/000036.sst, file size: 92187204, job id: 11, reason: flush, status: OK
I20230317 09:12:44.864209 1107127 event_listener.cc:91] [event_listener/flush_completed] column family: default, thread_id: 1107127, job_id: 11, file: node_40001/db/000036.sst, reason: 6, is_write_slowdown: no, is_write_stall: no, largest seqno: 4596969, smallest seqno: 3788922
I20230317 09:12:44.871162 1107127 event_listener.cc:127] [event_listener/table_file_deleted] db: node_40001/db, sst file: node_40001/db/000023.sst, status: OK
I20230317 09:12:44.879130 1107127 event_listener.cc:127] [event_listener/table_file_deleted] db: node_40001/db, sst file: node_40001/db/000020.sst, status: OK
I20230317 09:12:44.886719 1107127 event_listener.cc:127] [event_listener/table_file_deleted] db: node_40001/db, sst file: node_40001/db/000018.sst, status: OK
W20230317 09:12:44.886744 1107127 event_listener.cc:132] [event_listener/stall_cond_changed] column family: default write stall condition was changed, from delay to normal
I20230317 09:12:44.993475 1107126 event_listener.cc:138] [event_listener/table_file_created] column family: metadata, file path: node_40001/db/000038.sst, file size: 16728032, job id: 12, reason: compaction, status: OK
I20230317 09:12:44.994123 1107126 event_listener.cc:71] [event_listener/compaction_completed] column family: metadata, compaction reason: 11, output compression type: no, base input level(files): 0(1), output level(files): 0(1), input bytes: 16729060, output bytes:16728032, is_manual_compaction:no, elapsed(micro): 197160
I20230317 09:12:44.995672 1107126 event_listener.cc:127] [event_listener/table_file_deleted] db: node_40001/db, sst file: node_40001/db/000029.sst, status: OK
I20230317 09:12:45.507339 1107128 event_listener.cc:84] [event_listener/flush_begin] column family: default, thread_id: 1107128, job_id: 14, reason: 6
W20230317 09:12:45.870576 1107267 event_listener.cc:132] [event_listener/stall_cond_changed] column family: default write stall condition was changed, from normal to delay
I20230317 09:12:46.000056 1107128 event_listener.cc:138] [event_listener/table_file_created] column family: default, file path: node_40001/db/000041.sst, file size: 92715385, job id: 14, reason: flush, status: OK
I20230317 09:12:46.000356 1107128 event_listener.cc:91] [event_listener/flush_completed] column family: default, thread_id: 1107128, job_id: 14, file: node_40001/db/000041.sst, reason: 6, is_write_slowdown: no, is_write_stall: no, largest seqno: 5409660, smallest seqno: 4596971
W20230317 09:12:46.000492 1107128 event_listener.cc:132] [event_listener/stall_cond_changed] column family: default write stall condition was changed, from delay to normal
I20230317 09:12:46.582809 1107127 event_listener.cc:84] [event_listener/flush_begin] column family: default, thread_id: 1107127, job_id: 16, reason: 6
W20230317 09:12:46.912307 1107262 event_listener.cc:132] [event_listener/stall_cond_changed] column family: default write stall condition was changed, from normal to delay
I20230317 09:12:46.998652 1107127 event_listener.cc:138] [event_listener/table_file_created] column family: default, file path: node_40001/db/000045.sst, file size: 92570159, job id: 16, reason: flush, status: OK
I20230317 09:12:46.998915 1107127 event_listener.cc:91] [event_listener/flush_completed] column family: default, thread_id: 1107127, job_id: 16, file: node_40001/db/000045.sst, reason: 6, is_write_slowdown: no, is_write_stall: no, largest seqno: 6221075, smallest seqno: 5409662
W20230317 09:12:46.998952 1107127 event_listener.cc:132] [event_listener/stall_cond_changed] column family: default write stall condition was changed, from delay to normal
I20230317 09:12:47.608079 1107128 event_listener.cc:84] [event_listener/flush_begin] column family: default, thread_id: 1107128, job_id: 17, reason: 6
I20230317 09:12:47.637081 1107127 event_listener.cc:84] [event_listener/flush_begin] column family: metadata, thread_id: 1107127, job_id: 18, reason: 13
I20230317 09:12:47.784714 1107125 event_listener.cc:138] [event_listener/table_file_created] column family: default, file path: node_40001/db/000043.sst, file size: 166698526, job id: 15, reason: compaction, status: OK
I20230317 09:12:47.797902 1107127 event_listener.cc:138] [event_listener/table_file_created] column family: metadata, file path: node_40001/db/000050.sst, file size: 16726006, job id: 18, reason: flush, status: OK
I20230317 09:12:47.798419 1107127 event_listener.cc:91] [event_listener/flush_completed] column family: metadata, thread_id: 1107127, job_id: 18, file: node_40001/db/000050.sst, reason: 13, is_write_slowdown: no, is_write_stall: no, largest seqno: 7139455, smallest seqno: 3569933
W20230317 09:12:47.953502 1107260 event_listener.cc:132] [event_listener/stall_cond_changed] column family: default write stall condition was changed, from normal to delay
I20230317 09:12:48.055755 1107128 event_listener.cc:138] [event_listener/table_file_created] column family: default, file path: node_40001/db/000049.sst, file size: 91921526, job id: 17, reason: flush, status: OK
I20230317 09:12:48.056056 1107128 event_listener.cc:91] [event_listener/flush_completed] column family: default, thread_id: 1107128, job_id: 17, file: node_40001/db/000049.sst, reason: 6, is_write_slowdown: no, is_write_stall: no, largest seqno: 7026770, smallest seqno: 6221077
W20230317 09:12:48.056166 1107128 event_listener.cc:132] [event_listener/stall_cond_changed] column family: default write stall condition was changed, from delay to normal
I20230317 09:12:48.651861 1107127 event_listener.cc:84] [event_listener/flush_begin] column family: default, thread_id: 1107127, job_id: 19, reason: 6
W20230317 09:12:49.032943 1107262 event_listener.cc:132] [event_listener/stall_cond_changed] column family: default write stall condition was changed, from normal to delay
I20230317 09:12:49.099227 1107127 event_listener.cc:138] [event_listener/table_file_created] column family: default, file path: node_40001/db/000054.sst, file size: 92940595, job id: 19, reason: flush, status: OK
I20230317 09:12:49.099501 1107127 event_listener.cc:91] [event_listener/flush_completed] column family: default, thread_id: 1107127, job_id: 19, file: node_40001/db/000054.sst, reason: 6, is_write_slowdown: no, is_write_stall: no, largest seqno: 7841441, smallest seqno: 7026772
W20230317 09:12:49.099671 1107127 event_listener.cc:132] [event_listener/stall_cond_changed] column family: default write stall condition was changed, from delay to normal
I20230317 09:12:49.762394 1107128 event_listener.cc:84] [event_listener/flush_begin] column family: default, thread_id: 1107128, job_id: 20, reason: 6
W20230317 09:12:50.116464 1107260 event_listener.cc:132] [event_listener/stall_cond_changed] column family: default write stall condition was changed, from normal to delay
I20230317 09:12:50.236459 1107128 event_listener.cc:138] [event_listener/table_file_created] column family: default, file path: node_40001/db/000057.sst, file size: 93252588, job id: 20, reason: flush, status: OK
I20230317 09:12:50.236824 1107128 event_listener.cc:91] [event_listener/flush_completed] column family: default, thread_id: 1107128, job_id: 20, file: node_40001/db/000057.sst, reason: 6, is_write_slowdown: no, is_write_stall: no, largest seqno: 8658851, smallest seqno: 7841443
W20230317 09:12:50.236925 1107128 event_listener.cc:132] [event_listener/stall_cond_changed] column family: default write stall condition was changed, from delay to normal
I20230317 09:12:50.871686 1107127 event_listener.cc:84] [event_listener/flush_begin] column family: default, thread_id: 1107127, job_id: 23, reason: 6
I20230317 09:12:50.872207 1107125 event_listener.cc:138] [event_listener/table_file_created] column family: default, file path: node_40001/db/000051.sst, file size: 275708157, job id: 15, reason: compaction, status: OK
W20230317 09:12:51.223932 1107262 event_listener.cc:132] [event_listener/stall_cond_changed] column family: default write stall condition was changed, from normal to delay
I20230317 09:12:51.256695 1107125 event_listener.cc:138] [event_listener/table_file_created] column family: default, file path: node_40001/db/000062.sst, file size: 35725968, job id: 15, reason: compaction, status: OK
I20230317 09:12:51.270887 1107125 event_listener.cc:71] [event_listener/compaction_completed] column family: default, compaction reason: 1, output compression type: no, base input level(files): 0(6), output level(files): 1(3), input bytes: 478932450, output bytes:478132651, is_manual_compaction:no, elapsed(micro): 5256261
I20230317 09:12:51.271291 1107125 event_listener.cc:71] [event_listener/compaction_completed] column family: default, compaction reason: 2, output compression type: no, base input level(files): 1(1), output level(files): 2(1), input bytes: 0, output bytes:0, is_manual_compaction:no, elapsed(micro): 0
I20230317 09:12:51.305922 1107127 event_listener.cc:138] [event_listener/table_file_created] column family: default, file path: node_40001/db/000061.sst, file size: 91970036, job id: 23, reason: flush, status: OK
I20230317 09:12:51.306555 1107127 event_listener.cc:91] [event_listener/flush_completed] column family: default, thread_id: 1107127, job_id: 23, file: node_40001/db/000061.sst, reason: 6, is_write_slowdown: no, is_write_stall: no, largest seqno: 9465085, smallest seqno: 8658853
W20230317 09:12:51.306592 1107127 event_listener.cc:132] [event_listener/stall_cond_changed] column family: default write stall condition was changed, from delay to normal
I20230317 09:12:51.627667 1107125 event_listener.cc:138] [event_listener/table_file_created] column family: default, file path: node_40001/db/000064.sst, file size: 35720336, job id: 25, reason: compaction, status: OK
I20230317 09:12:51.630367 1107125 event_listener.cc:71] [event_listener/compaction_completed] column family: default, compaction reason: 11, output compression type: no, base input level(files): 1(1), output level(files): 1(1), input bytes: 35725968, output bytes:35720336, is_manual_compaction:no, elapsed(micro): 356357
I20230317 09:12:51.967161 1107128 event_listener.cc:84] [event_listener/flush_begin] column family: default, thread_id: 1107128, job_id: 26, reason: 6
W20230317 09:12:52.327582 1107267 event_listener.cc:132] [event_listener/stall_cond_changed] column family: default write stall condition was changed, from normal to delay
I20230317 09:12:52.494565 1107127 event_listener.cc:84] [event_listener/flush_begin] column family: metadata, thread_id: 1107127, job_id: 28, reason: 13
I20230317 09:12:52.500377 1107128 event_listener.cc:138] [event_listener/table_file_created] column family: default, file path: node_40001/db/000066.sst, file size: 93451657, job id: 26, reason: flush, status: OK
I20230317 09:12:52.500725 1107128 event_listener.cc:91] [event_listener/flush_completed] column family: default, thread_id: 1107128, job_id: 26, file: node_40001/db/000066.sst, reason: 6, is_write_slowdown: no, is_write_stall: no, largest seqno: 10284321, smallest seqno: 9465087
W20230317 09:12:52.500764 1107128 event_listener.cc:132] [event_listener/stall_cond_changed] column family: default write stall condition was changed, from delay to normal
I20230317 09:12:52.662322 1107127 event_listener.cc:138] [event_listener/table_file_created] column family: metadata, file path: node_40001/db/000070.sst, file size: 16726535, job id: 28, reason: flush, status: OK
I20230317 09:12:52.662550 1107127 event_listener.cc:91] [event_listener/flush_completed] column family: metadata, thread_id: 1107127, job_id: 28, file: node_40001/db/000070.sst, reason: 13, is_write_slowdown: no, is_write_stall: no, largest seqno: 10708966, smallest seqno: 7139466
I20230317 09:12:52.720947 1107128 event_listener.cc:84] [event_listener/flush_begin] column family: default, thread_id: 1107128, job_id: 29, reason: 13
I20230317 09:12:53.076627 1107128 event_listener.cc:138] [event_listener/table_file_created] column family: default, file path: node_40001/db/000072.sst, file size: 73910369, job id: 29, reason: flush, status: OK
I20230317 09:12:53.076897 1107128 event_listener.cc:91] [event_listener/flush_completed] column family: default, thread_id: 1107128, job_id: 29, file: node_40001/db/000072.sst, reason: 13, is_write_slowdown: no, is_write_stall: no, largest seqno: 10931957, smallest seqno: 10284323
I20230317 09:12:53.784008 1107125 event_listener.cc:138] [event_listener/table_file_created] column family: default, file path: node_40001/db/000068.sst, file size: 137840135, job id: 27, reason: compaction, status: OK
I20230317 09:12:54.012074 1107127 event_listener.cc:84] [event_listener/flush_begin] column family: default, thread_id: 1107127, job_id: 30, reason: 6
I20230317 09:12:54.033006 1107126 event_listener.cc:138] [event_listener/table_file_created] column family: default, file path: node_40001/db/000059.sst, file size: 370060978, job id: 22, reason: compaction, status: OK
I20230317 09:12:54.047982 1107126 event_listener.cc:71] [event_listener/compaction_completed] column family: default, compaction reason: 1, output compression type: no, base input level(files): 0(4), output level(files): 0(1), input bytes: 370684868, output bytes:370060978, is_manual_compaction:no, elapsed(micro): 3796201
I20230317 09:12:54.051156 1107126 event_listener.cc:127] [event_listener/table_file_deleted] db: node_40001/db, sst file: node_40001/db/000062.sst, status: OK
I20230317 09:12:54.059661 1107126 event_listener.cc:127] [event_listener/table_file_deleted] db: node_40001/db, sst file: node_40001/db/000041.sst, status: OK
I20230317 09:12:54.060053 1107126 event_listener.cc:127] [event_listener/table_file_deleted] db: node_40001/db, sst file: node_40001/db/000037.sst, status: OK
I20230317 09:12:54.066610 1107126 event_listener.cc:127] [event_listener/table_file_deleted] db: node_40001/db, sst file: node_40001/db/000036.sst, status: OK
I20230317 09:12:54.079917 1107126 event_listener.cc:127] [event_listener/table_file_deleted] db: node_40001/db, sst file: node_40001/db/000033.sst, status: OK
I20230317 09:12:54.085582 1107126 event_listener.cc:127] [event_listener/table_file_deleted] db: node_40001/db, sst file: node_40001/db/000032.sst, status: OK
I20230317 09:12:54.093901 1107126 event_listener.cc:127] [event_listener/table_file_deleted] db: node_40001/db, sst file: node_40001/db/000027.sst, status: OK
W20230317 09:12:54.439605 1107260 event_listener.cc:132] [event_listener/stall_cond_changed] column family: default write stall condition was changed, from normal to delay
I20230317 09:12:54.466230 1107127 event_listener.cc:138] [event_listener/table_file_created] column family: default, file path: node_40001/db/000076.sst, file size: 91922533, job id: 30, reason: flush, status: OK
I20230317 09:12:54.466778 1107127 event_listener.cc:91] [event_listener/flush_completed] column family: default, thread_id: 1107127, job_id: 30, file: node_40001/db/000076.sst, reason: 6, is_write_slowdown: no, is_write_stall: no, largest seqno: 11737762, smallest seqno: 10931959
W20230317 09:12:54.466881 1107127 event_listener.cc:132] [event_listener/stall_cond_changed] column family: default write stall condition was changed, from delay to normal
I20230317 09:12:55.226595 1107128 event_listener.cc:84] [event_listener/flush_begin] column family: default, thread_id: 1107128, job_id: 32, reason: 6
I20230317 09:12:55.338843 1107125 event_listener.cc:138] [event_listener/table_file_created] column family: default, file path: node_40001/db/000074.sst, file size: 137854636, job id: 27, reason: compaction, status: OK
I20230317 09:12:55.345448 1107125 event_listener.cc:71] [event_listener/compaction_completed] column family: default, compaction reason: 11, output compression type: no, base input level(files): 2(1), output level(files): 2(2), input bytes: 275708157, output bytes:275694771, is_manual_compaction:no, elapsed(micro): 3011249
I20230317 09:12:55.352519 1107125 event_listener.cc:127] [event_listener/table_file_deleted] db: node_40001/db, sst file: node_40001/db/000057.sst, status: OK
I20230317 09:12:55.360072 1107125 event_listener.cc:127] [event_listener/table_file_deleted] db: node_40001/db, sst file: node_40001/db/000054.sst, status: OK
I20230317 09:12:55.366842 1107125 event_listener.cc:127] [event_listener/table_file_deleted] db: node_40001/db, sst file: node_40001/db/000049.sst, status: OK
I20230317 09:12:55.374310 1107125 event_listener.cc:127] [event_listener/table_file_deleted] db: node_40001/db, sst file: node_40001/db/000045.sst, status: OK
W20230317 09:12:55.599485 1107262 event_listener.cc:132] [event_listener/stall_cond_changed] column family: default write stall condition was changed, from normal to delay
I20230317 09:12:55.648721 1107128 event_listener.cc:138] [event_listener/table_file_created] column family: default, file path: node_40001/db/000080.sst, file size: 91899157, job id: 32, reason: flush, status: OK
I20230317 09:12:55.649345 1107128 event_listener.cc:91] [event_listener/flush_completed] column family: default, thread_id: 1107128, job_id: 32, file: node_40001/db/000080.sst, reason: 6, is_write_slowdown: no, is_write_stall: no, largest seqno: 12543314, smallest seqno: 11737764
W20230317 09:12:55.649385 1107128 event_listener.cc:132] [event_listener/stall_cond_changed] column family: default write stall condition was changed, from delay to normal
I20230317 09:12:56.377732 1107127 event_listener.cc:84] [event_listener/flush_begin] column family: default, thread_id: 1107127, job_id: 33, reason: 6
W20230317 09:12:56.767547 1107262 event_listener.cc:132] [event_listener/stall_cond_changed] column family: default write stall condition was changed, from normal to delay
I20230317 09:12:56.801715 1107127 event_listener.cc:138] [event_listener/table_file_created] column family: default, file path: node_40001/db/000083.sst, file size: 92030186, job id: 33, reason: flush, status: OK
I20230317 09:12:56.801975 1107127 event_listener.cc:91] [event_listener/flush_completed] column family: default, thread_id: 1107127, job_id: 33, file: node_40001/db/000083.sst, reason: 6, is_write_slowdown: no, is_write_stall: no, largest seqno: 13350010, smallest seqno: 12543316
W20230317 09:12:56.802009 1107127 event_listener.cc:132] [event_listener/stall_cond_changed] column family: default write stall condition was changed, from delay to normal
I20230317 09:12:57.533133 1107128 event_listener.cc:84] [event_listener/flush_begin] column family: default, thread_id: 1107128, job_id: 34, reason: 6
I20230317 09:12:57.561749 1107126 event_listener.cc:138] [event_listener/table_file_created] column family: default, file path: node_40001/db/000078.sst, file size: 275716890, job id: 31, reason: compaction, status: OK
I20230317 09:12:57.570129 1107127 event_listener.cc:84] [event_listener/flush_begin] column family: metadata, thread_id: 1107127, job_id: 35, reason: 13
I20230317 09:12:57.744397 1107127 event_listener.cc:138] [event_listener/table_file_created] column family: metadata, file path: node_40001/db/000089.sst, file size: 16730917, job id: 35, reason: flush, status: OK
I20230317 09:12:57.744900 1107127 event_listener.cc:91] [event_listener/flush_completed] column family: metadata, thread_id: 1107127, job_id: 35, file: node_40001/db/000089.sst, reason: 13, is_write_slowdown: no, is_write_stall: no, largest seqno: 14279368, smallest seqno: 10708977
W20230317 09:12:57.932566 1107261 event_listener.cc:132] [event_listener/stall_cond_changed] column family: default write stall condition was changed, from normal to delay
I20230317 09:12:57.963080 1107128 event_listener.cc:138] [event_listener/table_file_created] column family: default, file path: node_40001/db/000087.sst, file size: 91672254, job id: 34, reason: flush, status: OK
I20230317 09:12:57.963361 1107128 event_listener.cc:91] [event_listener/flush_completed] column family: default, thread_id: 1107128, job_id: 34, file: node_40001/db/000087.sst, reason: 6, is_write_slowdown: no, is_write_stall: no, largest seqno: 14153571, smallest seqno: 13350012
W20230317 09:12:57.963447 1107128 event_listener.cc:132] [event_listener/stall_cond_changed] column family: default write stall condition was changed, from delay to normal
I20230317 09:12:58.675981 1107127 event_listener.cc:84] [event_listener/flush_begin] column family: default, thread_id: 1107127, job_id: 38, reason: 6
I20230317 09:12:58.921967 1107125 event_listener.cc:138] [event_listener/table_file_created] column family: metadata, file path: node_40001/db/000091.sst, file size: 65960479, job id: 37, reason: compaction, status: OK
I20230317 09:12:58.924630 1107125 event_listener.cc:71] [event_listener/compaction_completed] column family: metadata, compaction reason: 1, output compression type: no, base input level(files): 0(4), output level(files): 1(1), input bytes: 66911490, output bytes:65960479, is_manual_compaction:no, elapsed(micro): 989328
I20230317 09:12:58.926568 1107125 event_listener.cc:127] [event_listener/table_file_deleted] db: node_40001/db, sst file: node_40001/db/000070.sst, status: OK
I20230317 09:12:58.928171 1107125 event_listener.cc:127] [event_listener/table_file_deleted] db: node_40001/db, sst file: node_40001/db/000050.sst, status: OK
I20230317 09:12:58.929823 1107125 event_listener.cc:127] [event_listener/table_file_deleted] db: node_40001/db, sst file: node_40001/db/000038.sst, status: OK
W20230317 09:12:59.113313 1107261 event_listener.cc:132] [event_listener/stall_cond_changed] column family: default write stall condition was changed, from normal to delay
I20230317 09:12:59.146562 1107127 event_listener.cc:138] [event_listener/table_file_created] column family: default, file path: node_40001/db/000093.sst, file size: 91655859, job id: 38, reason: flush, status: OK
I20230317 09:12:59.148209 1107127 event_listener.cc:91] [event_listener/flush_completed] column family: default, thread_id: 1107127, job_id: 38, file: node_40001/db/000093.sst, reason: 6, is_write_slowdown: no, is_write_stall: no, largest seqno: 14956967, smallest seqno: 14153573
W20230317 09:12:59.148293 1107127 event_listener.cc:132] [event_listener/stall_cond_changed] column family: default write stall condition was changed, from delay to normal
I20230317 09:12:59.893049 1107128 event_listener.cc:84] [event_listener/flush_begin] column family: default, thread_id: 1107128, job_id: 40, reason: 6
I20230317 09:12:59.960114 1107126 event_listener.cc:138] [event_listener/table_file_created] column family: default, file path: node_40001/db/000088.sst, file size: 200827965, job id: 31, reason: compaction, status: OK
W20230317 09:13:00.279179 1107261 event_listener.cc:132] [event_listener/stall_cond_changed] column family: default write stall condition was changed, from normal to delay
I20230317 09:13:00.322371 1107128 event_listener.cc:138] [event_listener/table_file_created] column family: default, file path: node_40001/db/000097.sst, file size: 91532746, job id: 40, reason: flush, status: OK
I20230317 09:13:00.322639 1107128 event_listener.cc:91] [event_listener/flush_completed] column family: default, thread_id: 1107128, job_id: 40, file: node_40001/db/000097.sst, reason: 6, is_write_slowdown: no, is_write_stall: no, largest seqno: 15759307, smallest seqno: 14956969
W20230317 09:13:00.322679 1107128 event_listener.cc:132] [event_listener/stall_cond_changed] column family: default write stall condition was changed, from delay to normal
I20230317 09:13:01.077056 1107127 event_listener.cc:84] [event_listener/flush_begin] column family: default, thread_id: 1107127, job_id: 41, reason: 6
W20230317 09:13:01.485308 1107265 event_listener.cc:132] [event_listener/stall_cond_changed] column family: default write stall condition was changed, from normal to delay
I20230317 09:13:01.501636 1107127 event_listener.cc:138] [event_listener/table_file_created] column family: default, file path: node_40001/db/000101.sst, file size: 91270725, job id: 41, reason: flush, status: OK
I20230317 09:13:01.501890 1107127 event_listener.cc:91] [event_listener/flush_completed] column family: default, thread_id: 1107127, job_id: 41, file: node_40001/db/000101.sst, reason: 6, is_write_slowdown: no, is_write_stall: no, largest seqno: 16559425, smallest seqno: 15759309
W20230317 09:13:01.501927 1107127 event_listener.cc:132] [event_listener/stall_cond_changed] column family: default write stall condition was changed, from delay to normal
I20230317 09:13:02.267592 1107128 event_listener.cc:84] [event_listener/flush_begin] column family: default, thread_id: 1107128, job_id: 42, reason: 6
W20230317 09:13:02.658888 1107267 event_listener.cc:132] [event_listener/stall_cond_changed] column family: default write stall condition was changed, from normal to delay
I20230317 09:13:02.710546 1107128 event_listener.cc:138] [event_listener/table_file_created] column family: default, file path: node_40001/db/000104.sst, file size: 92271831, job id: 42, reason: flush, status: OK
I20230317 09:13:02.710840 1107128 event_listener.cc:91] [event_listener/flush_completed] column family: default, thread_id: 1107128, job_id: 42, file: node_40001/db/000104.sst, reason: 6, is_write_slowdown: no, is_write_stall: no, largest seqno: 17368398, smallest seqno: 16559427
W20230317 09:13:02.710897 1107128 event_listener.cc:132] [event_listener/stall_cond_changed] column family: default write stall condition was changed, from delay to normal
I20230317 09:13:02.890039 1107127 event_listener.cc:84] [event_listener/flush_begin] column family: metadata, thread_id: 1107127, job_id: 43, reason: 13
I20230317 09:13:02.963707 1107125 event_listener.cc:138] [event_listener/table_file_created] column family: default, file path: node_40001/db/000094.sst, file size: 366926793, job id: 39, reason: compaction, status: OK
I20230317 09:13:02.973287 1107125 event_listener.cc:71] [event_listener/compaction_completed] column family: default, compaction reason: 1, output compression type: no, base input level(files): 0(4), output level(files): 0(1), input bytes: 367524130, output bytes:366926793, is_manual_compaction:no, elapsed(micro): 4033868
I20230317 09:13:02.980952 1107125 event_listener.cc:127] [event_listener/table_file_deleted] db: node_40001/db, sst file: node_40001/db/000076.sst, status: OK
I20230317 09:13:03.066150 1107127 event_listener.cc:138] [event_listener/table_file_created] column family: metadata, file path: node_40001/db/000107.sst, file size: 16731058, job id: 43, reason: flush, status: OK
I20230317 09:13:03.068248 1107127 event_listener.cc:91] [event_listener/flush_completed] column family: metadata, thread_id: 1107127, job_id: 43, file: node_40001/db/000107.sst, reason: 13, is_write_slowdown: no, is_write_stall: no, largest seqno: 17849880, smallest seqno: 14279379
I20230317 09:13:03.141620 1107126 event_listener.cc:138] [event_listener/table_file_created] column family: default, file path: node_40001/db/000098.sst, file size: 275702627, job id: 31, reason: compaction, status: OK
I20230317 09:13:03.320894 1107128 event_listener.cc:84] [event_listener/flush_begin] column family: default, thread_id: 1107128, job_id: 45, reason: 6
I20230317 09:13:03.753036 1107128 event_listener.cc:138] [event_listener/table_file_created] column family: default, file path: node_40001/db/000111.sst, file size: 92459909, job id: 45, reason: flush, status: OK
I20230317 09:13:03.753297 1107128 event_listener.cc:91] [event_listener/flush_completed] column family: default, thread_id: 1107128, job_id: 45, file: node_40001/db/000111.sst, reason: 6, is_write_slowdown: no, is_write_stall: no, largest seqno: 18178867, smallest seqno: 17368400
I20230317 09:13:04.055509 1107126 event_listener.cc:138] [event_listener/table_file_created] column family: default, file path: node_40001/db/000109.sst, file size: 78571597, job id: 31, reason: compaction, status: OK
I20230317 09:13:04.077376 1107126 event_listener.cc:71] [event_listener/compaction_completed] column family: default, compaction reason: 1, output compression type: no, base input level(files): 0(6), output level(files): 1(4), input bytes: 831811902, output bytes:830819079, is_manual_compaction:no, elapsed(micro): 9615937
I20230317 09:13:04.078763 1107126 event_listener.cc:127] [event_listener/table_file_deleted] db: node_40001/db, sst file: node_40001/db/000089.sst, status: OK
I20230317 09:13:04.085054 1107126 event_listener.cc:127] [event_listener/table_file_deleted] db: node_40001/db, sst file: node_40001/db/000087.sst, status: OK
I20230317 09:13:04.091343 1107126 event_listener.cc:127] [event_listener/table_file_deleted] db: node_40001/db, sst file: node_40001/db/000083.sst, status: OK
I20230317 09:13:04.097734 1107126 event_listener.cc:127] [event_listener/table_file_deleted] db: node_40001/db, sst file: node_40001/db/000080.sst, status: OK
I20230317 09:13:04.119222 1107126 event_listener.cc:127] [event_listener/table_file_deleted] db: node_40001/db, sst file: node_40001/db/000051.sst, status: OK
I20230317 09:13:04.618834 1107127 event_listener.cc:84] [event_listener/flush_begin] column family: default, thread_id: 1107127, job_id: 46, reason: 6
W20230317 09:13:05.005748 1107265 event_listener.cc:132] [event_listener/stall_cond_changed] column family: default write stall condition was changed, from normal to delay
I20230317 09:13:05.060895 1107127 event_listener.cc:138] [event_listener/table_file_created] column family: default, file path: node_40001/db/000114.sst, file size: 92858249, job id: 46, reason: flush, status: OK
I20230317 09:13:05.061288 1107127 event_listener.cc:91] [event_listener/flush_completed] column family: default, thread_id: 1107127, job_id: 46, file: node_40001/db/000114.sst, reason: 6, is_write_slowdown: no, is_write_stall: no, largest seqno: 18992845, smallest seqno: 18178869
W20230317 09:13:05.061326 1107127 event_listener.cc:132] [event_listener/stall_cond_changed] column family: default write stall condition was changed, from delay to normal
I20230317 09:13:05.800051 1107128 event_listener.cc:84] [event_listener/flush_begin] column family: default, thread_id: 1107128, job_id: 48, reason: 6
W20230317 09:13:06.173815 1107267 event_listener.cc:132] [event_listener/stall_cond_changed] column family: default write stall condition was changed, from normal to delay
I20230317 09:13:06.229764 1107128 event_listener.cc:138] [event_listener/table_file_created] column family: default, file path: node_40001/db/000118.sst, file size: 92325685, job id: 48, reason: flush, status: OK
I20230317 09:13:06.230368 1107128 event_listener.cc:91] [event_listener/flush_completed] column family: default, thread_id: 1107128, job_id: 48, file: node_40001/db/000118.sst, reason: 6, is_write_slowdown: no, is_write_stall: no, largest seqno: 19802269, smallest seqno: 18992847
W20230317 09:13:06.230407 1107128 event_listener.cc:132] [event_listener/stall_cond_changed] column family: default write stall condition was changed, from delay to normal
I20230317 09:13:06.577930 1107126 event_listener.cc:138] [event_listener/table_file_created] column family: default, file path: node_40001/db/000116.sst, file size: 137849320, job id: 47, reason: compaction, status: OK
I20230317 09:13:06.749698 1107125 event_listener.cc:138] [event_listener/table_file_created] column family: default, file path: node_40001/db/000108.sst, file size: 366156377, job id: 44, reason: compaction, status: OK
I20230317 09:13:06.836875 1107125 event_listener.cc:71] [event_listener/compaction_completed] column family: default, compaction reason: 1, output compression type: no, base input level(files): 0(4), output level(files): 0(1), input bytes: 366731161, output bytes:366156377, is_manual_compaction:no, elapsed(micro): 3768736
I20230317 09:13:06.842147 1107125 event_listener.cc:127] [event_listener/table_file_deleted] db: node_40001/db, sst file: node_40001/db/000072.sst, status: OK
I20230317 09:13:06.849007 1107125 event_listener.cc:127] [event_listener/table_file_deleted] db: node_40001/db, sst file: node_40001/db/000066.sst, status: OK
I20230317 09:13:06.851598 1107125 event_listener.cc:127] [event_listener/table_file_deleted] db: node_40001/db, sst file: node_40001/db/000064.sst, status: OK
I20230317 09:13:06.858469 1107125 event_listener.cc:127] [event_listener/table_file_deleted] db: node_40001/db, sst file: node_40001/db/000061.sst, status: OK
I20230317 09:13:06.885936 1107125 event_listener.cc:127] [event_listener/table_file_deleted] db: node_40001/db, sst file: node_40001/db/000059.sst, status: OK
I20230317 09:13:06.899045 1107125 event_listener.cc:127] [event_listener/table_file_deleted] db: node_40001/db, sst file: node_40001/db/000043.sst, status: OK
I20230317 09:13:06.945060 1107127 event_listener.cc:84] [event_listener/flush_begin] column family: default, thread_id: 1107127, job_id: 49, reason: 6
W20230317 09:13:07.356873 1107265 event_listener.cc:132] [event_listener/stall_cond_changed] column family: default write stall condition was changed, from normal to delay
I20230317 09:13:07.385038 1107127 event_listener.cc:138] [event_listener/table_file_created] column family: default, file path: node_40001/db/000122.sst, file size: 92858529, job id: 49, reason: flush, status: OK
I20230317 09:13:07.385592 1107127 event_listener.cc:91] [event_listener/flush_completed] column family: default, thread_id: 1107127, job_id: 49, file: node_40001/db/000122.sst, reason: 6, is_write_slowdown: no, is_write_stall: no, largest seqno: 20616247, smallest seqno: 19802271
W20230317 09:13:07.385702 1107127 event_listener.cc:132] [event_listener/stall_cond_changed] column family: default write stall condition was changed, from delay to normal
I20230317 09:13:08.112906 1107128 event_listener.cc:84] [event_listener/flush_begin] column family: metadata, thread_id: 1107128, job_id: 51, reason: 13
I20230317 09:13:08.113560 1107127 event_listener.cc:84] [event_listener/flush_begin] column family: default, thread_id: 1107127, job_id: 52, reason: 6
I20230317 09:13:08.281208 1107128 event_listener.cc:138] [event_listener/table_file_created] column family: metadata, file path: node_40001/db/000126.sst, file size: 16730439, job id: 51, reason: flush, status: OK
I20230317 09:13:08.281718 1107128 event_listener.cc:91] [event_listener/flush_completed] column family: metadata, thread_id: 1107128, job_id: 51, file: node_40001/db/000126.sst, reason: 13, is_write_slowdown: no, is_write_stall: no, largest seqno: 21420161, smallest seqno: 17849891
I20230317 09:13:08.331439 1107126 event_listener.cc:138] [event_listener/table_file_created] column family: default, file path: node_40001/db/000120.sst, file size: 137854801, job id: 47, reason: compaction, status: OK
W20230317 09:13:08.503887 1107260 event_listener.cc:132] [event_listener/stall_cond_changed] column family: default write stall condition was changed, from normal to delay
I20230317 09:13:08.547731 1107127 event_listener.cc:138] [event_listener/table_file_created] column family: default, file path: node_40001/db/000127.sst, file size: 91947175, job id: 52, reason: flush, status: OK
I20230317 09:13:08.547984 1107127 event_listener.cc:91] [event_listener/flush_completed] column family: default, thread_id: 1107127, job_id: 52, file: node_40001/db/000127.sst, reason: 6, is_write_slowdown: no, is_write_stall: no, largest seqno: 21422195, smallest seqno: 20616249
W20230317 09:13:08.548081 1107127 event_listener.cc:132] [event_listener/stall_cond_changed] column family: default write stall condition was changed, from delay to normal
I20230317 09:13:09.279181 1107128 event_listener.cc:84] [event_listener/flush_begin] column family: default, thread_id: 1107128, job_id: 54, reason: 6
W20230317 09:13:09.668792 1107260 event_listener.cc:132] [event_listener/stall_cond_changed] column family: default write stall condition was changed, from normal to delay
I20230317 09:13:09.715541 1107128 event_listener.cc:138] [event_listener/table_file_created] column family: default, file path: node_40001/db/000132.sst, file size: 92314645, job id: 54, reason: flush, status: OK
I20230317 09:13:09.715821 1107128 event_listener.cc:91] [event_listener/flush_completed] column family: default, thread_id: 1107128, job_id: 54, file: node_40001/db/000132.sst, reason: 6, is_write_slowdown: no, is_write_stall: no, largest seqno: 22231399, smallest seqno: 21422197
W20230317 09:13:09.715863 1107128 event_listener.cc:132] [event_listener/stall_cond_changed] column family: default write stall condition was changed, from delay to normal
I20230317 09:13:09.915755 1107126 event_listener.cc:138] [event_listener/table_file_created] column family: default, file path: node_40001/db/000128.sst, file size: 137862668, job id: 47, reason: compaction, status: OK
I20230317 09:13:10.470885 1107127 event_listener.cc:84] [event_listener/flush_begin] column family: default, thread_id: 1107127, job_id: 55, reason: 6
W20230317 09:13:10.860644 1107260 event_listener.cc:132] [event_listener/stall_cond_changed] column family: default write stall condition was changed, from normal to delay
I20230317 09:13:10.912653 1107127 event_listener.cc:138] [event_listener/table_file_created] column family: default, file path: node_40001/db/000136.sst, file size: 92985747, job id: 55, reason: flush, status: OK
I20230317 09:13:10.912919 1107127 event_listener.cc:91] [event_listener/flush_completed] column family: default, thread_id: 1107127, job_id: 55, file: node_40001/db/000136.sst, reason: 6, is_write_slowdown: no, is_write_stall: no, largest seqno: 23046477, smallest seqno: 22231401
W20230317 09:13:10.912954 1107127 event_listener.cc:132] [event_listener/stall_cond_changed] column family: default write stall condition was changed, from delay to normal
I20230317 09:13:11.570772 1107126 event_listener.cc:138] [event_listener/table_file_created] column family: default, file path: node_40001/db/000134.sst, file size: 137858998, job id: 47, reason: compaction, status: OK
I20230317 09:13:11.666328 1107128 event_listener.cc:84] [event_listener/flush_begin] column family: default, thread_id: 1107128, job_id: 56, reason: 6
W20230317 09:13:12.059018 1107261 event_listener.cc:132] [event_listener/stall_cond_changed] column family: default write stall condition was changed, from normal to delay
I20230317 09:13:12.121178 1107128 event_listener.cc:138] [event_listener/table_file_created] column family: default, file path: node_40001/db/000140.sst, file size: 92977451, job id: 56, reason: flush, status: OK
I20230317 09:13:12.121462 1107128 event_listener.cc:91] [event_listener/flush_completed] column family: default, thread_id: 1107128, job_id: 56, file: node_40001/db/000140.sst, reason: 6, is_write_slowdown: no, is_write_stall: no, largest seqno: 23861588, smallest seqno: 23046479
W20230317 09:13:12.121508 1107128 event_listener.cc:132] [event_listener/stall_cond_changed] column family: default write stall condition was changed, from delay to normal
I20230317 09:13:12.294766 1107126 event_listener.cc:138] [event_listener/table_file_created] column family: default, file path: node_40001/db/000139.sst, file size: 62738148, job id: 47, reason: compaction, status: OK
I20230317 09:13:12.309113 1107126 event_listener.cc:71] [event_listener/compaction_completed] column family: default, compaction reason: 2, output compression type: no, base input level(files): 1(3), output level(files): 2(5), input bytes: 614391478, output bytes:614163935, is_manual_compaction:no, elapsed(micro): 7288964
I20230317 09:13:12.316082 1107126 event_listener.cc:127] [event_listener/table_file_deleted] db: node_40001/db, sst file: node_40001/db/000104.sst, status: OK
I20230317 09:13:12.323143 1107126 event_listener.cc:127] [event_listener/table_file_deleted] db: node_40001/db, sst file: node_40001/db/000101.sst, status: OK
I20230317 09:13:12.329876 1107126 event_listener.cc:127] [event_listener/table_file_deleted] db: node_40001/db, sst file: node_40001/db/000097.sst, status: OK
