I20230706 11:59:11.744289 3128127 slot_migrate.cc:165] [migrate] Migrating slot: -1, dst_ip: 0.0.0.0, dst_port: 40002, max_speed: 0, max_pipeline_size: 16
I20230706 11:59:11.745975 3128127 slot_migrate.cc:305] [migrate] Start migrating slot 7910, connect destination fd 95
I20230706 11:59:11.746007 3128127 slot_migrate.cc:195] [migrate] Succeed to start migrating slot 7910
I20230706 11:59:11.746250 3128127 slot_migrate_level.cc:110] Meta SSTs:[000117.sst,000102.sst,000090.sst]
I20230706 11:59:11.746271 3128127 slot_migrate_level.cc:111] Subkey SSTs:[000127.sst,000124.sst,000120.sst,000115.sst,000112.sst,000109.sst,000106.sst,000097.sst,000076.sst,000063.sst,000045.sst,000043.sst,000031.sst]
I20230706 11:59:11.746289 3128127 slot_migrate_level.cc:112] SST collected, Time taken(us): 40
I20230706 11:59:11.746310 3128127 slot_migrate_level.cc:129] SST waiting for ingestion: /nvme/jinghuan/node_40001/db/000117.sst /nvme/jinghuan/node_40001/db/000102.sst /nvme/jinghuan/node_40001/db/000090.sst /nvme/jinghuan/node_40001/db/000127.sst /nvme/jinghuan/node_40001/db/000124.sst /nvme/jinghuan/node_40001/db/000120.sst /nvme/jinghuan/node_40001/db/000115.sst /nvme/jinghuan/node_40001/db/000112.sst /nvme/jinghuan/node_40001/db/000109.sst /nvme/jinghuan/node_40001/db/000106.sst /nvme/jinghuan/node_40001/db/000097.sst /nvme/jinghuan/node_40001/db/000076.sst /nvme/jinghuan/node_40001/db/000063.sst /nvme/jinghuan/node_40001/db/000045.sst /nvme/jinghuan/node_40001/db/000043.sst /nvme/jinghuan/node_40001/db/000031.sst
I20230706 11:59:11.746335 3128127 slot_migrate_level.cc:211] redis-cli -h 0.0.0.0 -p 40002 sst_ingest local metadata /nvme/jinghuan/node_40001/db/000117.sst,/nvme/jinghuan/node_40001/db/000102.sst kvrockskvrockskvrockskvrockskvrocksnode2 fast 0
I20230706 11:59:11.760430 3127903 event_listener.cc:84] [event_listener/flush_begin] column family: metadata, thread_id: 3127903, job_id: 66, reason: 13
I20230706 11:59:11.849067 3128127 slot_migrate_level.cc:211] redis-cli -h 0.0.0.0 -p 40002 sst_ingest local metadata /nvme/jinghuan/node_40001/db/000090.sst kvrockskvrockskvrockskvrockskvrocksnode2 fast 1
I20230706 11:59:11.958087 3128127 slot_migrate_level.cc:222] Level ingestion on column family [metadata] finished, Time taken(us)211752
I20230706 11:59:11.958164 3128127 slot_migrate_level.cc:211] redis-cli -h 0.0.0.0 -p 40002 sst_ingest local default /nvme/jinghuan/node_40001/db/000127.sst,/nvme/jinghuan/node_40001/db/000124.sst,/nvme/jinghuan/node_40001/db/000120.sst,/nvme/jinghuan/node_40001/db/000115.sst,/nvme/jinghuan/node_40001/db/000112.sst,/nvme/jinghuan/node_40001/db/000109.sst,/nvme/jinghuan/node_40001/db/000106.sst,/nvme/jinghuan/node_40001/db/000097.sst,/nvme/jinghuan/node_40001/db/000076.sst,/nvme/jinghuan/node_40001/db/000063.sst,/nvme/jinghuan/node_40001/db/000045.sst kvrockskvrockskvrockskvrockskvrocksnode2 fast 0
I20230706 11:59:12.957921 3127904 event_listener.cc:138] [event_listener/table_file_created] column family: default, file path: /nvme/jinghuan/node_40001/db/000130.sst, file size: 84963155, job id: 64, reason: flush, status: OK
I20230706 11:59:12.973399 3127904 event_listener.cc:91] [event_listener/flush_completed] column family: default, thread_id: 3127904, job_id: 64, file: /nvme/jinghuan/node_40001/db/000130.sst, reason: 6, is_write_slowdown: no, is_write_stall: no, largest seqno: 21483153, smallest seqno: 20750115
W20230706 11:59:12.973480 3127904 event_listener.cc:132] [event_listener/stall_cond_changed] column family: default write stall condition was changed, from stop to normal
W20230706 11:59:12.973647 3128130 event_listener.cc:132] [event_listener/stall_cond_changed] column family: default write stall condition was changed, from delay to stop
I20230706 11:59:12.997200 3127904 event_listener.cc:84] [event_listener/flush_begin] column family: default, thread_id: 3127904, job_id: 69, reason: 6
I20230706 11:59:13.059088 3127903 event_listener.cc:138] [event_listener/table_file_created] column family: metadata, file path: /nvme/jinghuan/node_40001/db/000133.sst, file size: 19089365, job id: 66, reason: flush, status: OK
I20230706 11:59:13.107617 3127903 event_listener.cc:91] [event_listener/flush_completed] column family: metadata, thread_id: 3127903, job_id: 66, file: /nvme/jinghuan/node_40001/db/000133.sst, reason: 13, is_write_slowdown: no, is_write_stall: no, largest seqno: 22035656, smallest seqno: 18885394
I20230706 11:59:14.029546 3128127 slot_migrate_level.cc:211] redis-cli -h 0.0.0.0 -p 40002 sst_ingest local default /nvme/jinghuan/node_40001/db/000043.sst kvrockskvrockskvrockskvrockskvrocksnode2 fast 1
I20230706 11:59:14.201225 3128127 slot_migrate_level.cc:211] redis-cli -h 0.0.0.0 -p 40002 sst_ingest local default /nvme/jinghuan/node_40001/db/000031.sst kvrockskvrockskvrockskvrockskvrocksnode2 fast 2
W20230706 11:59:14.226997 3128131 event_listener.cc:132] [event_listener/stall_cond_changed] column family: default write stall condition was changed, from normal to delay
I20230706 11:59:14.377261 3128127 slot_migrate_level.cc:222] Level ingestion on column family [default] finished, Time taken(us)2419105
I20230706 11:59:14.377341 3128127 slot_migrate.cc:209] Finished sending snapshot, time taken(us): 2631317, seek time taken(us): 0, network response time taken(us): 0
I20230706 11:59:14.377359 3128127 slot_migrate.cc:225] [migrate] Succeed to sync from WAL for a slot 7910
I20230706 11:59:14.379050 3128127 slot_migrate.cc:237] [migrate] Succeed to migrate slot 7910
I20230706 11:59:14.379074 3128127 slot_migrate.cc:438] [migrate] Clean resources of migrating slot 7910
I20230706 11:59:15.349781 3127904 event_listener.cc:138] [event_listener/table_file_created] column family: default, file path: /nvme/jinghuan/node_40001/db/000135.sst, file size: 72462940, job id: 69, reason: flush, status: OK
I20230706 11:59:15.363655 3127904 event_listener.cc:91] [event_listener/flush_completed] column family: default, thread_id: 3127904, job_id: 69, file: /nvme/jinghuan/node_40001/db/000135.sst, reason: 6, is_write_slowdown: no, is_write_stall: no, largest seqno: 22220152, smallest seqno: 21483155
W20230706 11:59:15.363822 3127904 event_listener.cc:132] [event_listener/stall_cond_changed] column family: default write stall condition was changed, from delay to normal
I20230706 11:59:15.662488 3127903 event_listener.cc:84] [event_listener/flush_begin] column family: default, thread_id: 3127903, job_id: 72, reason: 6
W20230706 11:59:17.076407 3128130 event_listener.cc:132] [event_listener/stall_cond_changed] column family: default write stall condition was changed, from normal to delay
I20230706 11:59:17.248378 3127903 event_listener.cc:138] [event_listener/table_file_created] column family: default, file path: /nvme/jinghuan/node_40001/db/000139.sst, file size: 34588938, job id: 72, reason: flush, status: OK
I20230706 11:59:17.254724 3127903 event_listener.cc:91] [event_listener/flush_completed] column family: default, thread_id: 3127903, job_id: 72, file: /nvme/jinghuan/node_40001/db/000139.sst, reason: 6, is_write_slowdown: no, is_write_stall: no, largest seqno: 22956518, smallest seqno: 22220154
W20230706 11:59:17.254765 3127903 event_listener.cc:132] [event_listener/stall_cond_changed] column family: default write stall condition was changed, from delay to normal
I20230706 11:59:17.350199 3127902 event_listener.cc:138] [event_listener/table_file_created] column family: default, file path: /nvme/jinghuan/node_40001/db/000121.sst, file size: 331896522, job id: 56, reason: compaction, status: OK
I20230706 11:59:17.369083 3127902 event_listener.cc:71] [event_listener/compaction_completed] column family: default, compaction reason: 1, output compression type: no, base input level(files): 0(4), output level(files): 0(1), input bytes: 332019404, output bytes:331896522, is_manual_compaction:no, elapsed(micro): 18393969
I20230706 11:59:17.379029 3127902 event_listener.cc:127] [event_listener/table_file_deleted] db: /nvme/jinghuan/node_40001/db, sst file: /nvme/jinghuan/node_40001/db/000105.sst, status: OK
I20230706 11:59:17.385896 3127902 event_listener.cc:127] [event_listener/table_file_deleted] db: /nvme/jinghuan/node_40001/db, sst file: /nvme/jinghuan/node_40001/db/000100.sst, status: OK
I20230706 11:59:17.391742 3127902 event_listener.cc:127] [event_listener/table_file_deleted] db: /nvme/jinghuan/node_40001/db, sst file: /nvme/jinghuan/node_40001/db/000096.sst, status: OK
I20230706 11:59:17.397738 3127902 event_listener.cc:127] [event_listener/table_file_deleted] db: /nvme/jinghuan/node_40001/db, sst file: /nvme/jinghuan/node_40001/db/000093.sst, status: OK
I20230706 11:59:18.627036 3127904 event_listener.cc:84] [event_listener/flush_begin] column family: default, thread_id: 3127904, job_id: 75, reason: 6
I20230706 11:59:19.751947 3127904 event_listener.cc:138] [event_listener/table_file_created] column family: default, file path: /nvme/jinghuan/node_40001/db/000142.sst, file size: 34694374, job id: 75, reason: flush, status: OK
I20230706 11:59:19.758461 3127904 event_listener.cc:91] [event_listener/flush_completed] column family: default, thread_id: 3127904, job_id: 75, file: /nvme/jinghuan/node_40001/db/000142.sst, reason: 6, is_write_slowdown: no, is_write_stall: no, largest seqno: 23685801, smallest seqno: 22956530
I20230706 11:59:21.837311 3127903 event_listener.cc:84] [event_listener/flush_begin] column family: default, thread_id: 3127903, job_id: 79, reason: 6
I20230706 11:59:22.961186 3127903 event_listener.cc:138] [event_listener/table_file_created] column family: default, file path: /nvme/jinghuan/node_40001/db/000145.sst, file size: 34849001, job id: 79, reason: flush, status: OK
I20230706 11:59:22.967715 3127903 event_listener.cc:91] [event_listener/flush_completed] column family: default, thread_id: 3127903, job_id: 79, file: /nvme/jinghuan/node_40001/db/000145.sst, reason: 6, is_write_slowdown: no, is_write_stall: no, largest seqno: 24409366, smallest seqno: 23685832
I20230706 11:59:24.751161 3127901 event_listener.cc:138] [event_listener/table_file_created] column family: default, file path: /nvme/jinghuan/node_40001/db/000137.sst, file size: 326785788, job id: 71, reason: compaction, status: OK
I20230706 11:59:24.772939 3127901 event_listener.cc:71] [event_listener/compaction_completed] column family: default, compaction reason: 1, output compression type: no, base input level(files): 0(4), output level(files): 0(1), input bytes: 327352261, output bytes:326785788, is_manual_compaction:no, elapsed(micro): 9387532
I20230706 11:59:24.780683 3127901 event_listener.cc:127] [event_listener/table_file_deleted] db: /nvme/jinghuan/node_40001/db, sst file: /nvme/jinghuan/node_40001/db/000135.sst, status: OK
I20230706 11:59:24.787202 3127901 event_listener.cc:127] [event_listener/table_file_deleted] db: /nvme/jinghuan/node_40001/db, sst file: /nvme/jinghuan/node_40001/db/000130.sst, status: OK
I20230706 11:59:24.792821 3127901 event_listener.cc:127] [event_listener/table_file_deleted] db: /nvme/jinghuan/node_40001/db, sst file: /nvme/jinghuan/node_40001/db/000127.sst, status: OK
I20230706 11:59:24.798170 3127901 event_listener.cc:127] [event_listener/table_file_deleted] db: /nvme/jinghuan/node_40001/db, sst file: /nvme/jinghuan/node_40001/db/000124.sst, status: OK
I20230706 11:59:24.804039 3127901 event_listener.cc:127] [event_listener/table_file_deleted] db: /nvme/jinghuan/node_40001/db, sst file: /nvme/jinghuan/node_40001/db/000120.sst, status: OK
I20230706 11:59:24.809871 3127901 event_listener.cc:127] [event_listener/table_file_deleted] db: /nvme/jinghuan/node_40001/db, sst file: /nvme/jinghuan/node_40001/db/000115.sst, status: OK
I20230706 11:59:24.815340 3127901 event_listener.cc:127] [event_listener/table_file_deleted] db: /nvme/jinghuan/node_40001/db, sst file: /nvme/jinghuan/node_40001/db/000112.sst, status: OK
I20230706 11:59:24.821187 3127901 event_listener.cc:127] [event_listener/table_file_deleted] db: /nvme/jinghuan/node_40001/db, sst file: /nvme/jinghuan/node_40001/db/000109.sst, status: OK
I20230706 11:59:25.356186 3127904 event_listener.cc:84] [event_listener/flush_begin] column family: default, thread_id: 3127904, job_id: 83, reason: 6
I20230706 11:59:26.373860 3127904 event_listener.cc:138] [event_listener/table_file_created] column family: default, file path: /nvme/jinghuan/node_40001/db/000149.sst, file size: 34694258, job id: 83, reason: flush, status: OK
I20230706 11:59:26.390455 3127904 event_listener.cc:91] [event_listener/flush_completed] column family: default, thread_id: 3127904, job_id: 83, file: /nvme/jinghuan/node_40001/db/000149.sst, reason: 6, is_write_slowdown: no, is_write_stall: no, largest seqno: 25129844, smallest seqno: 24409397
I20230706 11:59:26.474916 3127903 event_listener.cc:84] [event_listener/flush_begin] column family: metadata, thread_id: 3127903, job_id: 84, reason: 13
I20230706 11:59:26.572877 3127903 event_listener.cc:138] [event_listener/table_file_created] column family: metadata, file path: /nvme/jinghuan/node_40001/db/000151.sst, file size: 2700268, job id: 84, reason: flush, status: OK
I20230706 11:59:26.585688 3127903 event_listener.cc:91] [event_listener/flush_completed] column family: metadata, thread_id: 3127903, job_id: 84, file: /nvme/jinghuan/node_40001/db/000151.sst, reason: 13, is_write_slowdown: no, is_write_stall: no, largest seqno: 25356124, smallest seqno: 22035697
I20230706 11:59:29.084903 3127904 event_listener.cc:84] [event_listener/flush_begin] column family: default, thread_id: 3127904, job_id: 86, reason: 6
I20230706 11:59:29.878142 3127902 event_listener.cc:138] [event_listener/table_file_created] column family: default, file path: /nvme/jinghuan/node_40001/db/000147.sst, file size: 138660715, job id: 82, reason: compaction, status: OK
I20230706 11:59:30.676008 3127904 event_listener.cc:138] [event_listener/table_file_created] column family: default, file path: /nvme/jinghuan/node_40001/db/000155.sst, file size: 34875396, job id: 86, reason: flush, status: OK
I20230706 11:59:30.685129 3127904 event_listener.cc:91] [event_listener/flush_completed] column family: default, thread_id: 3127904, job_id: 86, file: /nvme/jinghuan/node_40001/db/000155.sst, reason: 6, is_write_slowdown: no, is_write_stall: no, largest seqno: 25848266, smallest seqno: 25129885
I20230706 11:59:32.881660 3127901 event_listener.cc:138] [event_listener/table_file_created] column family: metadata, file path: /nvme/jinghuan/node_40001/db/000152.sst, file size: 135707895, job id: 85, reason: compaction, status: OK
I20230706 11:59:32.907191 3127901 event_listener.cc:71] [event_listener/compaction_completed] column family: metadata, compaction reason: 1, output compression type: no, base input level(files): 0(5), output level(files): 1(1), input bytes: 136563623, output bytes:135707895, is_manual_compaction:no, elapsed(micro): 6295849
I20230706 11:59:32.910120 3127901 event_listener.cc:127] [event_listener/table_file_deleted] db: /nvme/jinghuan/node_40001/db, sst file: /nvme/jinghuan/node_40001/db/000133.sst, status: OK
I20230706 11:59:32.912583 3127901 event_listener.cc:127] [event_listener/table_file_deleted] db: /nvme/jinghuan/node_40001/db, sst file: /nvme/jinghuan/node_40001/db/000117.sst, status: OK
I20230706 11:59:32.914562 3127901 event_listener.cc:127] [event_listener/table_file_deleted] db: /nvme/jinghuan/node_40001/db, sst file: /nvme/jinghuan/node_40001/db/000102.sst, status: OK
I20230706 11:59:32.918707 3127903 event_listener.cc:84] [event_listener/flush_begin] column family: default, thread_id: 3127903, job_id: 87, reason: 6
I20230706 11:59:32.921407 3127901 event_listener.cc:127] [event_listener/table_file_deleted] db: /nvme/jinghuan/node_40001/db, sst file: /nvme/jinghuan/node_40001/db/000090.sst, status: OK
I20230706 11:59:33.984496 3127903 event_listener.cc:138] [event_listener/table_file_created] column family: default, file path: /nvme/jinghuan/node_40001/db/000159.sst, file size: 34515389, job id: 87, reason: flush, status: OK
I20230706 11:59:33.991966 3127903 event_listener.cc:91] [event_listener/flush_completed] column family: default, thread_id: 3127903, job_id: 87, file: /nvme/jinghuan/node_40001/db/000159.sst, reason: 6, is_write_slowdown: no, is_write_stall: no, largest seqno: 26565534, smallest seqno: 25848318
I20230706 11:59:34.678408 3127902 event_listener.cc:138] [event_listener/table_file_created] column family: default, file path: /nvme/jinghuan/node_40001/db/000156.sst, file size: 138702340, job id: 82, reason: compaction, status: OK
I20230706 11:59:36.994864 3127904 event_listener.cc:84] [event_listener/flush_begin] column family: default, thread_id: 3127904, job_id: 88, reason: 6
I20230706 11:59:37.482159 3127902 event_listener.cc:138] [event_listener/table_file_created] column family: default, file path: /nvme/jinghuan/node_40001/db/000160.sst, file size: 138698502, job id: 82, reason: compaction, status: OK
I20230706 11:59:38.080698 3127904 event_listener.cc:138] [event_listener/table_file_created] column family: default, file path: /nvme/jinghuan/node_40001/db/000163.sst, file size: 34517712, job id: 88, reason: flush, status: OK
I20230706 11:59:38.089371 3127904 event_listener.cc:91] [event_listener/flush_completed] column family: default, thread_id: 3127904, job_id: 88, file: /nvme/jinghuan/node_40001/db/000163.sst, reason: 6, is_write_slowdown: no, is_write_stall: no, largest seqno: 27281682, smallest seqno: 26565565
I20230706 11:59:40.580022 3127901 event_listener.cc:138] [event_listener/table_file_created] column family: default, file path: /nvme/jinghuan/node_40001/db/000165.sst, file size: 73620434, job id: 89, reason: compaction, status: OK
I20230706 11:59:40.588577 3127901 event_listener.cc:71] [event_listener/compaction_completed] column family: default, compaction reason: 1, output compression type: no, base input level(files): 0(4), output level(files): 0(1), input bytes: 138602755, output bytes:73620434, is_manual_compaction:no, elapsed(micro): 2490543
I20230706 11:59:41.153650 3127903 event_listener.cc:84] [event_listener/flush_begin] column family: default, thread_id: 3127903, job_id: 90, reason: 6
I20230706 11:59:42.090211 3127903 event_listener.cc:138] [event_listener/table_file_created] column family: default, file path: /nvme/jinghuan/node_40001/db/000168.sst, file size: 34616693, job id: 90, reason: flush, status: OK
I20230706 11:59:42.096694 3127903 event_listener.cc:91] [event_listener/flush_completed] column family: default, thread_id: 3127903, job_id: 90, file: /nvme/jinghuan/node_40001/db/000168.sst, reason: 6, is_write_slowdown: no, is_write_stall: no, largest seqno: 27997137, smallest seqno: 27281683
I20230706 11:59:42.378301 3127902 event_listener.cc:138] [event_listener/table_file_created] column family: default, file path: /nvme/jinghuan/node_40001/db/000164.sst, file size: 138698514, job id: 82, reason: compaction, status: OK
I20230706 11:59:44.785225 3127904 event_listener.cc:84] [event_listener/flush_begin] column family: metadata, thread_id: 3127904, job_id: 91, reason: 13
I20230706 11:59:44.801182 3127904 event_listener.cc:138] [event_listener/table_file_created] column family: metadata, file path: /nvme/jinghuan/node_40001/db/000172.sst, file size: 239074, job id: 91, reason: flush, status: OK
I20230706 11:59:44.811069 3127904 event_listener.cc:91] [event_listener/flush_completed] column family: metadata, thread_id: 3127904, job_id: 91, file: /nvme/jinghuan/node_40001/db/000172.sst, reason: 13, is_write_slowdown: no, is_write_stall: no, largest seqno: 28641611, smallest seqno: 25356545
I20230706 11:59:44.820019 3127903 event_listener.cc:84] [event_listener/flush_begin] column family: default, thread_id: 3127903, job_id: 92, reason: 13
I20230706 11:59:44.878556 3127902 event_listener.cc:138] [event_listener/table_file_created] column family: default, file path: /nvme/jinghuan/node_40001/db/000169.sst, file size: 138764140, job id: 82, reason: compaction, status: OK
I20230706 11:59:45.785105 3127903 event_listener.cc:138] [event_listener/table_file_created] column family: default, file path: /nvme/jinghuan/node_40001/db/000174.sst, file size: 32569555, job id: 92, reason: flush, status: OK
I20230706 11:59:45.793877 3127903 event_listener.cc:91] [event_listener/flush_completed] column family: default, thread_id: 3127903, job_id: 92, file: /nvme/jinghuan/node_40001/db/000174.sst, reason: 13, is_write_slowdown: no, is_write_stall: no, largest seqno: 28657884, smallest seqno: 27997228
I20230706 11:59:47.882591 3127902 event_listener.cc:138] [event_listener/table_file_created] column family: default, file path: /nvme/jinghuan/node_40001/db/000175.sst, file size: 138794856, job id: 82, reason: compaction, status: OK
I20230706 11:59:49.059119 3127904 event_listener.cc:84] [event_listener/flush_begin] column family: default, thread_id: 3127904, job_id: 93, reason: 6
I20230706 11:59:50.080909 3127904 event_listener.cc:138] [event_listener/table_file_created] column family: default, file path: /nvme/jinghuan/node_40001/db/000179.sst, file size: 34521728, job id: 93, reason: flush, status: OK
I20230706 11:59:50.087392 3127904 event_listener.cc:91] [event_listener/flush_completed] column family: default, thread_id: 3127904, job_id: 93, file: /nvme/jinghuan/node_40001/db/000179.sst, reason: 6, is_write_slowdown: no, is_write_stall: no, largest seqno: 29373593, smallest seqno: 28657915
I20230706 11:59:50.890426 3127902 event_listener.cc:138] [event_listener/table_file_created] column family: default, file path: /nvme/jinghuan/node_40001/db/000177.sst, file size: 138794616, job id: 82, reason: compaction, status: OK
I20230706 11:59:53.383246 3127902 event_listener.cc:138] [event_listener/table_file_created] column family: default, file path: /nvme/jinghuan/node_40001/db/000180.sst, file size: 138797975, job id: 82, reason: compaction, status: OK
I20230706 11:59:53.408918 3127903 event_listener.cc:84] [event_listener/flush_begin] column family: default, thread_id: 3127903, job_id: 97, reason: 6
I20230706 11:59:54.292505 3127903 event_listener.cc:138] [event_listener/table_file_created] column family: default, file path: /nvme/jinghuan/node_40001/db/000184.sst, file size: 34456685, job id: 97, reason: flush, status: OK
I20230706 11:59:54.305881 3127903 event_listener.cc:91] [event_listener/flush_completed] column family: default, thread_id: 3127903, job_id: 97, file: /nvme/jinghuan/node_40001/db/000184.sst, reason: 6, is_write_slowdown: no, is_write_stall: no, largest seqno: 30088635, smallest seqno: 29373684
I20230706 11:59:56.783437 3127901 event_listener.cc:138] [event_listener/table_file_created] column family: default, file path: /nvme/jinghuan/node_40001/db/000185.sst, file size: 73037822, job id: 98, reason: compaction, status: OK
I20230706 11:59:56.791692 3127901 event_listener.cc:71] [event_listener/compaction_completed] column family: default, compaction reason: 1, output compression type: no, base input level(files): 0(4), output level(files): 0(1), input bytes: 136164661, output bytes:73037822, is_manual_compaction:no, elapsed(micro): 2477393
I20230706 11:59:57.489941 3127902 event_listener.cc:138] [event_listener/table_file_created] column family: default, file path: /nvme/jinghuan/node_40001/db/000183.sst, file size: 138651602, job id: 82, reason: compaction, status: OK
I20230706 11:59:57.864926 3127904 event_listener.cc:84] [event_listener/flush_begin] column family: default, thread_id: 3127904, job_id: 99, reason: 6
I20230706 11:59:58.802433 3127904 event_listener.cc:138] [event_listener/table_file_created] column family: default, file path: /nvme/jinghuan/node_40001/db/000189.sst, file size: 34704070, job id: 99, reason: flush, status: OK
I20230706 11:59:58.809062 3127904 event_listener.cc:91] [event_listener/flush_completed] column family: default, thread_id: 3127904, job_id: 99, file: /nvme/jinghuan/node_40001/db/000189.sst, reason: 6, is_write_slowdown: no, is_write_stall: no, largest seqno: 30804245, smallest seqno: 30088646
I20230706 12:00:00.311425 3127902 event_listener.cc:138] [event_listener/table_file_created] column family: default, file path: /nvme/jinghuan/node_40001/db/000187.sst, file size: 138680227, job id: 82, reason: compaction, status: OK
I20230706 12:00:02.300691 3127903 event_listener.cc:84] [event_listener/flush_begin] column family: default, thread_id: 3127903, job_id: 100, reason: 6
I20230706 12:00:03.107622 3127902 event_listener.cc:138] [event_listener/table_file_created] column family: default, file path: /nvme/jinghuan/node_40001/db/000191.sst, file size: 138680187, job id: 82, reason: compaction, status: OK
I20230706 12:00:03.295265 3127903 event_listener.cc:138] [event_listener/table_file_created] column family: default, file path: /nvme/jinghuan/node_40001/db/000193.sst, file size: 34580192, job id: 100, reason: flush, status: OK
I20230706 12:00:03.307648 3127903 event_listener.cc:91] [event_listener/flush_completed] column family: default, thread_id: 3127903, job_id: 100, file: /nvme/jinghuan/node_40001/db/000193.sst, reason: 6, is_write_slowdown: no, is_write_stall: no, largest seqno: 31519654, smallest seqno: 30804256
I20230706 12:00:04.916599 3127904 event_listener.cc:84] [event_listener/flush_begin] column family: metadata, thread_id: 3127904, job_id: 103, reason: 13
I20230706 12:00:04.930274 3127904 event_listener.cc:138] [event_listener/table_file_created] column family: metadata, file path: /nvme/jinghuan/node_40001/db/000197.sst, file size: 24422, job id: 103, reason: flush, status: OK
I20230706 12:00:04.936484 3127904 event_listener.cc:91] [event_listener/flush_completed] column family: metadata, thread_id: 3127904, job_id: 103, file: /nvme/jinghuan/node_40001/db/000197.sst, reason: 13, is_write_slowdown: no, is_write_stall: no, largest seqno: 31915146, smallest seqno: 28645862
I20230706 12:00:04.953451 3127903 event_listener.cc:84] [event_listener/flush_begin] column family: default, thread_id: 3127903, job_id: 105, reason: 13
I20230706 12:00:05.501754 3127903 event_listener.cc:138] [event_listener/table_file_created] column family: default, file path: /nvme/jinghuan/node_40001/db/000199.sst, file size: 22360775, job id: 105, reason: flush, status: OK
I20230706 12:00:05.510026 3127903 event_listener.cc:91] [event_listener/flush_completed] column family: default, thread_id: 3127903, job_id: 105, file: /nvme/jinghuan/node_40001/db/000199.sst, reason: 13, is_write_slowdown: no, is_write_stall: no, largest seqno: 31936807, smallest seqno: 31519655
I20230706 12:00:05.805996 3127902 event_listener.cc:138] [event_listener/table_file_created] column family: default, file path: /nvme/jinghuan/node_40001/db/000194.sst, file size: 138680260, job id: 82, reason: compaction, status: OK
I20230706 12:00:08.003759 3127902 event_listener.cc:138] [event_listener/table_file_created] column family: default, file path: /nvme/jinghuan/node_40001/db/000200.sst, file size: 138680093, job id: 82, reason: compaction, status: OK
I20230706 12:00:09.594341 3127904 event_listener.cc:84] [event_listener/flush_begin] column family: default, thread_id: 3127904, job_id: 108, reason: 6
I20230706 12:00:10.518358 3127904 event_listener.cc:138] [event_listener/table_file_created] column family: default, file path: /nvme/jinghuan/node_40001/db/000204.sst, file size: 34485252, job id: 108, reason: flush, status: OK
I20230706 12:00:10.526820 3127904 event_listener.cc:91] [event_listener/flush_completed] column family: default, thread_id: 3127904, job_id: 108, file: /nvme/jinghuan/node_40001/db/000204.sst, reason: 6, is_write_slowdown: no, is_write_stall: no, largest seqno: 32652256, smallest seqno: 31936818
I20230706 12:00:10.898831 3127902 event_listener.cc:138] [event_listener/table_file_created] column family: default, file path: /nvme/jinghuan/node_40001/db/000202.sst, file size: 138723833, job id: 82, reason: compaction, status: OK
I20230706 12:00:12.802729 3127901 event_listener.cc:138] [event_listener/table_file_created] column family: default, file path: /nvme/jinghuan/node_40001/db/000205.sst, file size: 70892025, job id: 110, reason: compaction, status: OK
I20230706 12:00:12.816234 3127901 event_listener.cc:71] [event_listener/compaction_completed] column family: default, compaction reason: 1, output compression type: no, base input level(files): 0(4), output level(files): 0(1), input bytes: 126130289, output bytes:70892025, is_manual_compaction:no, elapsed(micro): 2275577
I20230706 12:00:14.015343 3127902 event_listener.cc:138] [event_listener/table_file_created] column family: default, file path: /nvme/jinghuan/node_40001/db/000206.sst, file size: 138730192, job id: 82, reason: compaction, status: OK
I20230706 12:00:14.212460 3127903 event_listener.cc:84] [event_listener/flush_begin] column family: default, thread_id: 3127903, job_id: 111, reason: 6
I20230706 12:00:15.111424 3127903 event_listener.cc:138] [event_listener/table_file_created] column family: default, file path: /nvme/jinghuan/node_40001/db/000210.sst, file size: 34516583, job id: 111, reason: flush, status: OK
I20230706 12:00:15.119666 3127903 event_listener.cc:91] [event_listener/flush_completed] column family: default, thread_id: 3127903, job_id: 111, file: /nvme/jinghuan/node_40001/db/000210.sst, reason: 6, is_write_slowdown: no, is_write_stall: no, largest seqno: 33367406, smallest seqno: 32652267
I20230706 12:00:17.732249 3127901 event_listener.cc:138] [event_listener/table_file_created] column family: default, file path: /nvme/jinghuan/node_40001/db/000211.sst, file size: 83280066, job id: 112, reason: compaction, status: OK
I20230706 12:00:17.741080 3127901 event_listener.cc:71] [event_listener/compaction_completed] column family: default, compaction reason: 1, output compression type: no, base input level(files): 0(4), output level(files): 0(1), input bytes: 252066864, output bytes:83280066, is_manual_compaction:no, elapsed(micro): 2612402
I20230706 12:00:17.915135 3127902 event_listener.cc:138] [event_listener/table_file_created] column family: default, file path: /nvme/jinghuan/node_40001/db/000208.sst, file size: 138730116, job id: 82, reason: compaction, status: OK
I20230706 12:00:18.610920 3127904 event_listener.cc:84] [event_listener/flush_begin] column family: default, thread_id: 3127904, job_id: 113, reason: 6
I20230706 12:00:19.424948 3127904 event_listener.cc:138] [event_listener/table_file_created] column family: default, file path: /nvme/jinghuan/node_40001/db/000215.sst, file size: 34562785, job id: 113, reason: flush, status: OK
I20230706 12:00:19.431386 3127904 event_listener.cc:91] [event_listener/flush_completed] column family: default, thread_id: 3127904, job_id: 113, file: /nvme/jinghuan/node_40001/db/000215.sst, reason: 6, is_write_slowdown: no, is_write_stall: no, largest seqno: 34082632, smallest seqno: 33367437
I20230706 12:00:20.522399 3127902 event_listener.cc:138] [event_listener/table_file_created] column family: default, file path: /nvme/jinghuan/node_40001/db/000213.sst, file size: 138730140, job id: 82, reason: compaction, status: OK
I20230706 12:00:22.333050 3127902 event_listener.cc:138] [event_listener/table_file_created] column family: default, file path: /nvme/jinghuan/node_40001/db/000216.sst, file size: 119381013, job id: 82, reason: compaction, status: OK
I20230706 12:00:22.425834 3127902 event_listener.cc:71] [event_listener/compaction_completed] column family: default, compaction reason: 1, output compression type: no, base input level(files): 0(12), output level(files): 1(18), input bytes: 2526475636, output bytes:2477579321, is_manual_compaction:no, elapsed(micro): 57560219
I20230706 12:00:22.428903 3127902 event_listener.cc:127] [event_listener/table_file_deleted] db: /nvme/jinghuan/node_40001/db, sst file: /nvme/jinghuan/node_40001/db/000210.sst, status: OK
I20230706 12:00:22.434489 3127902 event_listener.cc:127] [event_listener/table_file_deleted] db: /nvme/jinghuan/node_40001/db, sst file: /nvme/jinghuan/node_40001/db/000205.sst, status: OK
I20230706 12:00:22.437624 3127902 event_listener.cc:127] [event_listener/table_file_deleted] db: /nvme/jinghuan/node_40001/db, sst file: /nvme/jinghuan/node_40001/db/000204.sst, status: OK
I20230706 12:00:22.439484 3127902 event_listener.cc:127] [event_listener/table_file_deleted] db: /nvme/jinghuan/node_40001/db, sst file: /nvme/jinghuan/node_40001/db/000199.sst, status: OK
I20230706 12:00:22.442637 3127902 event_listener.cc:127] [event_listener/table_file_deleted] db: /nvme/jinghuan/node_40001/db, sst file: /nvme/jinghuan/node_40001/db/000193.sst, status: OK
I20230706 12:00:22.445276 3127902 event_listener.cc:127] [event_listener/table_file_deleted] db: /nvme/jinghuan/node_40001/db, sst file: /nvme/jinghuan/node_40001/db/000189.sst, status: OK
I20230706 12:00:22.450345 3127902 event_listener.cc:127] [event_listener/table_file_deleted] db: /nvme/jinghuan/node_40001/db, sst file: /nvme/jinghuan/node_40001/db/000185.sst, status: OK
I20230706 12:00:22.452872 3127902 event_listener.cc:127] [event_listener/table_file_deleted] db: /nvme/jinghuan/node_40001/db, sst file: /nvme/jinghuan/node_40001/db/000184.sst, status: OK
I20230706 12:00:22.455333 3127902 event_listener.cc:127] [event_listener/table_file_deleted] db: /nvme/jinghuan/node_40001/db, sst file: /nvme/jinghuan/node_40001/db/000179.sst, status: OK
I20230706 12:00:22.457645 3127902 event_listener.cc:127] [event_listener/table_file_deleted] db: /nvme/jinghuan/node_40001/db, sst file: /nvme/jinghuan/node_40001/db/000174.sst, status: OK
I20230706 12:00:22.460191 3127902 event_listener.cc:127] [event_listener/table_file_deleted] db: /nvme/jinghuan/node_40001/db, sst file: /nvme/jinghuan/node_40001/db/000168.sst, status: OK
I20230706 12:00:22.465402 3127902 event_listener.cc:127] [event_listener/table_file_deleted] db: /nvme/jinghuan/node_40001/db, sst file: /nvme/jinghuan/node_40001/db/000165.sst, status: OK
I20230706 12:00:22.468079 3127902 event_listener.cc:127] [event_listener/table_file_deleted] db: /nvme/jinghuan/node_40001/db, sst file: /nvme/jinghuan/node_40001/db/000163.sst, status: OK
I20230706 12:00:22.470750 3127902 event_listener.cc:127] [event_listener/table_file_deleted] db: /nvme/jinghuan/node_40001/db, sst file: /nvme/jinghuan/node_40001/db/000159.sst, status: OK
I20230706 12:00:22.473501 3127902 event_listener.cc:127] [event_listener/table_file_deleted] db: /nvme/jinghuan/node_40001/db, sst file: /nvme/jinghuan/node_40001/db/000155.sst, status: OK
I20230706 12:00:22.473757 3127902 event_listener.cc:127] [event_listener/table_file_deleted] db: /nvme/jinghuan/node_40001/db, sst file: /nvme/jinghuan/node_40001/db/000151.sst, status: OK
I20230706 12:00:22.476469 3127902 event_listener.cc:127] [event_listener/table_file_deleted] db: /nvme/jinghuan/node_40001/db, sst file: /nvme/jinghuan/node_40001/db/000149.sst, status: OK
I20230706 12:00:22.478955 3127902 event_listener.cc:127] [event_listener/table_file_deleted] db: /nvme/jinghuan/node_40001/db, sst file: /nvme/jinghuan/node_40001/db/000145.sst, status: OK
I20230706 12:00:22.481448 3127902 event_listener.cc:127] [event_listener/table_file_deleted] db: /nvme/jinghuan/node_40001/db, sst file: /nvme/jinghuan/node_40001/db/000142.sst, status: OK
I20230706 12:00:22.483887 3127902 event_listener.cc:127] [event_listener/table_file_deleted] db: /nvme/jinghuan/node_40001/db, sst file: /nvme/jinghuan/node_40001/db/000139.sst, status: OK
I20230706 12:00:22.504412 3127902 event_listener.cc:127] [event_listener/table_file_deleted] db: /nvme/jinghuan/node_40001/db, sst file: /nvme/jinghuan/node_40001/db/000137.sst, status: OK
I20230706 12:00:22.525144 3127902 event_listener.cc:127] [event_listener/table_file_deleted] db: /nvme/jinghuan/node_40001/db, sst file: /nvme/jinghuan/node_40001/db/000121.sst, status: OK
I20230706 12:00:22.545248 3127902 event_listener.cc:127] [event_listener/table_file_deleted] db: /nvme/jinghuan/node_40001/db, sst file: /nvme/jinghuan/node_40001/db/000106.sst, status: OK
I20230706 12:00:22.565168 3127902 event_listener.cc:127] [event_listener/table_file_deleted] db: /nvme/jinghuan/node_40001/db, sst file: /nvme/jinghuan/node_40001/db/000097.sst, status: OK
I20230706 12:00:22.585038 3127902 event_listener.cc:127] [event_listener/table_file_deleted] db: /nvme/jinghuan/node_40001/db, sst file: /nvme/jinghuan/node_40001/db/000076.sst, status: OK
I20230706 12:00:22.604578 3127902 event_listener.cc:127] [event_listener/table_file_deleted] db: /nvme/jinghuan/node_40001/db, sst file: /nvme/jinghuan/node_40001/db/000063.sst, status: OK
I20230706 12:00:22.607146 3127902 event_listener.cc:127] [event_listener/table_file_deleted] db: /nvme/jinghuan/node_40001/db, sst file: /nvme/jinghuan/node_40001/db/000053.sst, status: OK
I20230706 12:00:22.629698 3127902 event_listener.cc:127] [event_listener/table_file_deleted] db: /nvme/jinghuan/node_40001/db, sst file: /nvme/jinghuan/node_40001/db/000045.sst, status: OK
I20230706 12:00:22.641238 3127902 event_listener.cc:127] [event_listener/table_file_deleted] db: /nvme/jinghuan/node_40001/db, sst file: /nvme/jinghuan/node_40001/db/000043.sst, status: OK
I20230706 12:00:22.661739 3127902 event_listener.cc:71] [event_listener/compaction_completed] column family: default, compaction reason: 2, output compression type: no, base input level(files): 1(1), output level(files): 2(1), input bytes: 0, output bytes:0, is_manual_compaction:no, elapsed(micro): 0
I20230706 12:00:22.668430 3127902 event_listener.cc:71] [event_listener/compaction_completed] column family: default, compaction reason: 2, output compression type: no, base input level(files): 1(1), output level(files): 2(1), input bytes: 0, output bytes:0, is_manual_compaction:no, elapsed(micro): 0
I20230706 12:00:22.683880 3127902 event_listener.cc:71] [event_listener/compaction_completed] column family: default, compaction reason: 2, output compression type: no, base input level(files): 1(1), output level(files): 2(1), input bytes: 0, output bytes:0, is_manual_compaction:no, elapsed(micro): 0
I20230706 12:00:22.690369 3127902 event_listener.cc:71] [event_listener/compaction_completed] column family: default, compaction reason: 2, output compression type: no, base input level(files): 1(1), output level(files): 2(1), input bytes: 0, output bytes:0, is_manual_compaction:no, elapsed(micro): 0
I20230706 12:00:22.704840 3127902 event_listener.cc:71] [event_listener/compaction_completed] column family: default, compaction reason: 2, output compression type: no, base input level(files): 1(1), output level(files): 2(1), input bytes: 0, output bytes:0, is_manual_compaction:no, elapsed(micro): 0
I20230706 12:00:22.711263 3127902 event_listener.cc:71] [event_listener/compaction_completed] column family: default, compaction reason: 2, output compression type: no, base input level(files): 1(1), output level(files): 2(1), input bytes: 0, output bytes:0, is_manual_compaction:no, elapsed(micro): 0
I20230706 12:00:22.723856 3127902 event_listener.cc:71] [event_listener/compaction_completed] column family: default, compaction reason: 2, output compression type: no, base input level(files): 1(1), output level(files): 2(1), input bytes: 0, output bytes:0, is_manual_compaction:no, elapsed(micro): 0
I20230706 12:00:22.732591 3127902 event_listener.cc:71] [event_listener/compaction_completed] column family: default, compaction reason: 2, output compression type: no, base input level(files): 1(1), output level(files): 2(1), input bytes: 0, output bytes:0, is_manual_compaction:no, elapsed(micro): 0
I20230706 12:00:22.745841 3127902 event_listener.cc:71] [event_listener/compaction_completed] column family: default, compaction reason: 2, output compression type: no, base input level(files): 1(1), output level(files): 2(1), input bytes: 0, output bytes:0, is_manual_compaction:no, elapsed(micro): 0
I20230706 12:00:22.754643 3127902 event_listener.cc:71] [event_listener/compaction_completed] column family: default, compaction reason: 2, output compression type: no, base input level(files): 1(1), output level(files): 2(1), input bytes: 0, output bytes:0, is_manual_compaction:no, elapsed(micro): 0
I20230706 12:00:22.842934 3127903 event_listener.cc:84] [event_listener/flush_begin] column family: default, thread_id: 3127903, job_id: 125, reason: 6
I20230706 12:00:23.617589 3127903 event_listener.cc:138] [event_listener/table_file_created] column family: default, file path: /nvme/jinghuan/node_40001/db/000220.sst, file size: 34517762, job id: 125, reason: flush, status: OK
I20230706 12:00:23.628142 3127903 event_listener.cc:91] [event_listener/flush_completed] column family: default, thread_id: 3127903, job_id: 125, file: /nvme/jinghuan/node_40001/db/000220.sst, reason: 6, is_write_slowdown: no, is_write_stall: no, largest seqno: 34798365, smallest seqno: 34082673
I20230706 12:00:25.171191 3127904 event_listener.cc:84] [event_listener/flush_begin] column family: metadata, thread_id: 3127904, job_id: 126, reason: 13
I20230706 12:00:25.178404 3127904 event_listener.cc:138] [event_listener/table_file_created] column family: metadata, file path: /nvme/jinghuan/node_40001/db/000223.sst, file size: 3467, job id: 126, reason: flush, status: OK
I20230706 12:00:25.187404 3127904 event_listener.cc:91] [event_listener/flush_completed] column family: metadata, thread_id: 3127904, job_id: 126, file: /nvme/jinghuan/node_40001/db/000223.sst, reason: 13, is_write_slowdown: no, is_write_stall: no, largest seqno: 35128548, smallest seqno: 31928977
I20230706 12:00:25.311662 3127902 event_listener.cc:138] [event_listener/table_file_created] column family: default, file path: /nvme/jinghuan/node_40001/db/000218.sst, file size: 138656095, job id: 124, reason: compaction, status: OK
I20230706 12:00:26.871692 3127903 event_listener.cc:84] [event_listener/flush_begin] column family: default, thread_id: 3127903, job_id: 127, reason: 6
I20230706 12:00:27.710839 3127903 event_listener.cc:138] [event_listener/table_file_created] column family: default, file path: /nvme/jinghuan/node_40001/db/000226.sst, file size: 34456523, job id: 127, reason: flush, status: OK
I20230706 12:00:27.717643 3127903 event_listener.cc:91] [event_listener/flush_completed] column family: default, thread_id: 3127903, job_id: 127, file: /nvme/jinghuan/node_40001/db/000226.sst, reason: 6, is_write_slowdown: no, is_write_stall: no, largest seqno: 35514113, smallest seqno: 34798366
I20230706 12:00:27.732385 3127902 event_listener.cc:138] [event_listener/table_file_created] column family: default, file path: /nvme/jinghuan/node_40001/db/000224.sst, file size: 138701425, job id: 124, reason: compaction, status: OK
I20230706 12:00:29.733323 3127902 event_listener.cc:138] [event_listener/table_file_created] column family: default, file path: /nvme/jinghuan/node_40001/db/000227.sst, file size: 138701362, job id: 124, reason: compaction, status: OK
I20230706 12:00:30.926898 3127904 event_listener.cc:84] [event_listener/flush_begin] column family: default, thread_id: 3127904, job_id: 128, reason: 6
I20230706 12:00:31.713266 3127904 event_listener.cc:138] [event_listener/table_file_created] column family: default, file path: /nvme/jinghuan/node_40001/db/000231.sst, file size: 34435445, job id: 128, reason: flush, status: OK
I20230706 12:00:31.721042 3127904 event_listener.cc:91] [event_listener/flush_completed] column family: default, thread_id: 3127904, job_id: 128, file: /nvme/jinghuan/node_40001/db/000231.sst, reason: 6, is_write_slowdown: no, is_write_stall: no, largest seqno: 36229648, smallest seqno: 35514114
I20230706 12:00:32.228021 3127902 event_listener.cc:138] [event_listener/table_file_created] column family: default, file path: /nvme/jinghuan/node_40001/db/000229.sst, file size: 138701302, job id: 124, reason: compaction, status: OK
I20230706 12:00:34.212476 3127902 event_listener.cc:138] [event_listener/table_file_created] column family: default, file path: /nvme/jinghuan/node_40001/db/000232.sst, file size: 138702600, job id: 124, reason: compaction, status: OK
I20230706 12:00:35.255455 3127903 event_listener.cc:84] [event_listener/flush_begin] column family: default, thread_id: 3127903, job_id: 129, reason: 6
I20230706 12:00:36.028951 3127903 event_listener.cc:138] [event_listener/table_file_created] column family: default, file path: /nvme/jinghuan/node_40001/db/000236.sst, file size: 34729159, job id: 129, reason: flush, status: OK
I20230706 12:00:36.035439 3127903 event_listener.cc:91] [event_listener/flush_completed] column family: default, thread_id: 3127903, job_id: 129, file: /nvme/jinghuan/node_40001/db/000236.sst, reason: 6, is_write_slowdown: no, is_write_stall: no, largest seqno: 36944543, smallest seqno: 36229649
I20230706 12:00:36.611891 3127902 event_listener.cc:138] [event_listener/table_file_created] column family: default, file path: /nvme/jinghuan/node_40001/db/000234.sst, file size: 138797577, job id: 124, reason: compaction, status: OK
I20230706 12:00:38.512929 3127902 event_listener.cc:138] [event_listener/table_file_created] column family: default, file path: /nvme/jinghuan/node_40001/db/000237.sst, file size: 138797459, job id: 124, reason: compaction, status: OK
I20230706 12:00:39.691570 3127904 event_listener.cc:84] [event_listener/flush_begin] column family: default, thread_id: 3127904, job_id: 130, reason: 6
I20230706 12:00:40.425101 3127904 event_listener.cc:138] [event_listener/table_file_created] column family: default, file path: /nvme/jinghuan/node_40001/db/000241.sst, file size: 34542734, job id: 130, reason: flush, status: OK
I20230706 12:00:40.439008 3127904 event_listener.cc:91] [event_listener/flush_completed] column family: default, thread_id: 3127904, job_id: 130, file: /nvme/jinghuan/node_40001/db/000241.sst, reason: 6, is_write_slowdown: no, is_write_stall: no, largest seqno: 37660146, smallest seqno: 36944564
I20230706 12:00:40.836510 3127902 event_listener.cc:138] [event_listener/table_file_created] column family: default, file path: /nvme/jinghuan/node_40001/db/000239.sst, file size: 138797432, job id: 124, reason: compaction, status: OK
I20230706 12:00:42.733225 3127902 event_listener.cc:138] [event_listener/table_file_created] column family: default, file path: /nvme/jinghuan/node_40001/db/000242.sst, file size: 138657818, job id: 124, reason: compaction, status: OK
I20230706 12:00:42.780366 3127902 event_listener.cc:71] [event_listener/compaction_completed] column family: default, compaction reason: 2, output compression type: no, base input level(files): 1(9), output level(files): 2(9), input bytes: 1248642404, output bytes:1248513070, is_manual_compaction:no, elapsed(micro): 19978413
I20230706 12:00:42.791693 3127902 event_listener.cc:127] [event_listener/table_file_deleted] db: /nvme/jinghuan/node_40001/db, sst file: /nvme/jinghuan/node_40001/db/000180.sst, status: OK
I20230706 12:00:42.801265 3127902 event_listener.cc:127] [event_listener/table_file_deleted] db: /nvme/jinghuan/node_40001/db, sst file: /nvme/jinghuan/node_40001/db/000177.sst, status: OK
I20230706 12:00:42.809207 3127902 event_listener.cc:127] [event_listener/table_file_deleted] db: /nvme/jinghuan/node_40001/db, sst file: /nvme/jinghuan/node_40001/db/000175.sst, status: OK
I20230706 12:00:42.817346 3127902 event_listener.cc:127] [event_listener/table_file_deleted] db: /nvme/jinghuan/node_40001/db, sst file: /nvme/jinghuan/node_40001/db/000169.sst, status: OK
I20230706 12:00:42.828191 3127902 event_listener.cc:127] [event_listener/table_file_deleted] db: /nvme/jinghuan/node_40001/db, sst file: /nvme/jinghuan/node_40001/db/000164.sst, status: OK
I20230706 12:00:42.836493 3127902 event_listener.cc:127] [event_listener/table_file_deleted] db: /nvme/jinghuan/node_40001/db, sst file: /nvme/jinghuan/node_40001/db/000160.sst, status: OK
I20230706 12:00:42.844779 3127902 event_listener.cc:127] [event_listener/table_file_deleted] db: /nvme/jinghuan/node_40001/db, sst file: /nvme/jinghuan/node_40001/db/000156.sst, status: OK
I20230706 12:00:42.854138 3127902 event_listener.cc:127] [event_listener/table_file_deleted] db: /nvme/jinghuan/node_40001/db, sst file: /nvme/jinghuan/node_40001/db/000147.sst, status: OK
I20230706 12:00:42.867272 3127902 event_listener.cc:127] [event_listener/table_file_deleted] db: /nvme/jinghuan/node_40001/db, sst file: /nvme/jinghuan/node_40001/db/000031.sst, status: OK
I20230706 12:00:44.348510 3127903 event_listener.cc:84] [event_listener/flush_begin] column family: default, thread_id: 3127903, job_id: 132, reason: 6
I20230706 12:00:44.355603 3127901 event_listener.cc:138] [event_listener/table_file_created] column family: default, file path: /nvme/jinghuan/node_40001/db/000244.sst, file size: 83408989, job id: 131, reason: compaction, status: OK
I20230706 12:00:44.372637 3127901 event_listener.cc:71] [event_listener/compaction_completed] column family: default, compaction reason: 1, output compression type: no, base input level(files): 0(7), output level(files): 1(1), input bytes: 290524474, output bytes:83408989, is_manual_compaction:no, elapsed(micro): 1487576
I20230706 12:00:45.034832 3127904 event_listener.cc:84] [event_listener/flush_begin] column family: metadata, thread_id: 3127904, job_id: 134, reason: 13
I20230706 12:00:45.041736 3127904 event_listener.cc:138] [event_listener/table_file_created] column family: metadata, file path: /nvme/jinghuan/node_40001/db/000249.sst, file size: 2616, job id: 134, reason: flush, status: OK
I20230706 12:00:45.048051 3127904 event_listener.cc:91] [event_listener/flush_completed] column family: metadata, thread_id: 3127904, job_id: 134, file: /nvme/jinghuan/node_40001/db/000249.sst, reason: 13, is_write_slowdown: no, is_write_stall: no, largest seqno: 38485859, smallest seqno: 35222449
I20230706 12:00:45.057665 3127903 event_listener.cc:138] [event_listener/table_file_created] column family: default, file path: /nvme/jinghuan/node_40001/db/000246.sst, file size: 34511298, job id: 132, reason: flush, status: OK
