Log file created at: 2023/07/06 11:56:53
Running on machine: en4217754l
Running duration (h:mm:ss): 0:00:00
Log line format: [IWEF]yyyymmdd hh:mm:ss.uuuuuu threadid file:line] msg
I20230706 11:56:53.070111 3127888 main.cc:328] kvrocks unstable (commit 4a10c89)
I20230706 11:56:53.404778 3127888 storage.cc:322] [storage] Success to load the data from disk: 68 ms
I20230706 11:56:53.405267 3127888 worker.cc:72] [worker] Listening on: 10.218.109.65:40001
I20230706 11:56:53.405292 3127888 worker.cc:72] [worker] Listening on: 127.0.0.1:40001
I20230706 11:56:53.405489 3127888 worker.cc:72] [worker] Listening on: 10.218.109.65:40001
I20230706 11:56:53.405506 3127888 worker.cc:72] [worker] Listening on: 127.0.0.1:40001
I20230706 11:56:53.405637 3127888 worker.cc:72] [worker] Listening on: 10.218.109.65:40001
I20230706 11:56:53.405652 3127888 worker.cc:72] [worker] Listening on: 127.0.0.1:40001
I20230706 11:56:53.405776 3127888 worker.cc:72] [worker] Listening on: 10.218.109.65:40001
I20230706 11:56:53.405790 3127888 worker.cc:72] [worker] Listening on: 127.0.0.1:40001
I20230706 11:56:53.405912 3127888 worker.cc:72] [worker] Listening on: 10.218.109.65:40001
I20230706 11:56:53.405927 3127888 worker.cc:72] [worker] Listening on: 127.0.0.1:40001
I20230706 11:56:53.406047 3127888 worker.cc:72] [worker] Listening on: 10.218.109.65:40001
I20230706 11:56:53.406061 3127888 worker.cc:72] [worker] Listening on: 127.0.0.1:40001
I20230706 11:56:53.406175 3127888 worker.cc:72] [worker] Listening on: 10.218.109.65:40001
I20230706 11:56:53.406190 3127888 worker.cc:72] [worker] Listening on: 127.0.0.1:40001
I20230706 11:56:53.406306 3127888 worker.cc:72] [worker] Listening on: 10.218.109.65:40001
I20230706 11:56:53.406322 3127888 worker.cc:72] [worker] Listening on: 127.0.0.1:40001
W20230706 11:56:53.406419 3127888 server.cc:1650] [server] Increased maximum number of open files to 14224 (it's originally set to 1024)
I20230706 11:56:53.406594 3127888 cluster.cc:643] The cluster nodes file /nvme/jinghuan/node_40001/nodes.conf is not found. Use CLUSTERX subcommands to specify it.
I20230706 11:56:53.406608 3127888 cluster.cc:643] The cluster nodes file /nvme/jinghuan/node_40001/nodes.conf is not found. Use CLUSTERX subcommands to specify it.
I20230706 11:56:53.409312 3127888 worker.cc:519] [worker] Thread #140340287739648 started
I20230706 11:56:53.409351 3127888 worker.cc:519] [worker] Thread #140340296132352 started
I20230706 11:56:53.409402 3127888 worker.cc:519] [worker] Thread #140340658534144 started
I20230706 11:56:53.409449 3127888 worker.cc:519] [worker] Thread #140340650141440 started
I20230706 11:56:53.409493 3127888 worker.cc:519] [worker] Thread #140340641748736 started
I20230706 11:56:53.409538 3127888 worker.cc:519] [worker] Thread #140340633356032 started
I20230706 11:56:53.409582 3127888 worker.cc:519] [worker] Thread #140340624963328 started
I20230706 11:56:53.409641 3127888 worker.cc:519] [worker] Thread #140340616570624 started
I20230706 11:56:53.409787 3127888 server.cc:211] [server] Ready to accept connections
I20230706 11:56:54.107671 3128132 cluster.cc:286] MASTER MODE enabled by cluster topology setting
I20230706 11:56:56.594337 3127903 event_listener.cc:84] [event_listener/flush_begin] column family: default, thread_id: 3127903, job_id: 3, reason: 6
I20230706 11:56:57.020747 3127903 event_listener.cc:138] [event_listener/table_file_created] column family: default, file path: /nvme/jinghuan/node_40001/db/000016.sst, file size: 83088722, job id: 3, reason: flush, status: OK
I20230706 11:56:57.027077 3127903 event_listener.cc:91] [event_listener/flush_completed] column family: default, thread_id: 3127903, job_id: 3, file: /nvme/jinghuan/node_40001/db/000016.sst, reason: 6, is_write_slowdown: no, is_write_stall: no, largest seqno: 716869, smallest seqno: 1
I20230706 11:56:57.730760 3127901 event_listener.cc:138] [event_listener/table_file_created] column family: default, file path: /nvme/jinghuan/node_40001/db/000017.sst, file size: 83088718, job id: 4, reason: compaction, status: OK
I20230706 11:56:57.740175 3127901 event_listener.cc:71] [event_listener/compaction_completed] column family: default, compaction reason: 11, output compression type: no, base input level(files): 0(1), output level(files): 0(1), input bytes: 83088722, output bytes:83088718, is_manual_compaction:no, elapsed(micro): 703619
I20230706 11:56:57.749625 3127901 event_listener.cc:127] [event_listener/table_file_deleted] db: /nvme/jinghuan/node_40001/db, sst file: /nvme/jinghuan/node_40001/db/000016.sst, status: OK
I20230706 11:56:58.898105 3127904 event_listener.cc:84] [event_listener/flush_begin] column family: default, thread_id: 3127904, job_id: 5, reason: 6
I20230706 11:56:59.317994 3127904 event_listener.cc:138] [event_listener/table_file_created] column family: default, file path: /nvme/jinghuan/node_40001/db/000020.sst, file size: 79390924, job id: 5, reason: flush, status: OK
I20230706 11:56:59.324259 3127904 event_listener.cc:91] [event_listener/flush_completed] column family: default, thread_id: 3127904, job_id: 5, file: /nvme/jinghuan/node_40001/db/000020.sst, reason: 6, is_write_slowdown: no, is_write_stall: no, largest seqno: 1401828, smallest seqno: 716871
I20230706 11:57:01.124357 3127903 event_listener.cc:84] [event_listener/flush_begin] column family: default, thread_id: 3127903, job_id: 6, reason: 6
I20230706 11:57:01.500453 3127903 event_listener.cc:138] [event_listener/table_file_created] column family: default, file path: /nvme/jinghuan/node_40001/db/000023.sst, file size: 76839667, job id: 6, reason: flush, status: OK
I20230706 11:57:01.506804 3127903 event_listener.cc:91] [event_listener/flush_completed] column family: default, thread_id: 3127903, job_id: 6, file: /nvme/jinghuan/node_40001/db/000023.sst, reason: 6, is_write_slowdown: no, is_write_stall: no, largest seqno: 2064699, smallest seqno: 1401830
I20230706 11:57:03.346875 3127904 event_listener.cc:84] [event_listener/flush_begin] column family: default, thread_id: 3127904, job_id: 7, reason: 6
W20230706 11:57:04.417202 3128134 event_listener.cc:132] [event_listener/stall_cond_changed] column family: default write stall condition was changed, from normal to delay
I20230706 11:57:04.779038 3127903 event_listener.cc:84] [event_listener/flush_begin] column family: metadata, thread_id: 3127903, job_id: 8, reason: 13
I20230706 11:57:06.369625 3127903 event_listener.cc:138] [event_listener/table_file_created] column family: metadata, file path: /nvme/jinghuan/node_40001/db/000029.sst, file size: 19243701, job id: 8, reason: flush, status: OK
I20230706 11:57:06.378605 3127904 event_listener.cc:138] [event_listener/table_file_created] column family: default, file path: /nvme/jinghuan/node_40001/db/000026.sst, file size: 76503519, job id: 7, reason: flush, status: OK
I20230706 11:57:06.382807 3127903 event_listener.cc:91] [event_listener/flush_completed] column family: metadata, thread_id: 3127903, job_id: 8, file: /nvme/jinghuan/node_40001/db/000029.sst, reason: 13, is_write_slowdown: no, is_write_stall: no, largest seqno: 3147562, smallest seqno: 11
I20230706 11:57:06.393618 3127904 event_listener.cc:91] [event_listener/flush_completed] column family: default, thread_id: 3127904, job_id: 7, file: /nvme/jinghuan/node_40001/db/000026.sst, reason: 6, is_write_slowdown: no, is_write_stall: no, largest seqno: 2724688, smallest seqno: 2064701
W20230706 11:57:06.393898 3127904 event_listener.cc:132] [event_listener/stall_cond_changed] column family: default write stall condition was changed, from stop to normal
W20230706 11:57:06.394222 3128134 event_listener.cc:132] [event_listener/stall_cond_changed] column family: default write stall condition was changed, from delay to stop
I20230706 11:57:06.415838 3127903 event_listener.cc:84] [event_listener/flush_begin] column family: default, thread_id: 3127903, job_id: 9, reason: 6
W20230706 11:57:07.647235 3128135 event_listener.cc:132] [event_listener/stall_cond_changed] column family: default write stall condition was changed, from normal to delay
I20230706 11:57:08.955435 3127904 event_listener.cc:84] [event_listener/flush_begin] column family: default, thread_id: 3127904, job_id: 12, reason: 6
I20230706 11:57:09.563416 3127901 event_listener.cc:138] [event_listener/table_file_created] column family: metadata, file path: /nvme/jinghuan/node_40001/db/000034.sst, file size: 19243697, job id: 11, reason: compaction, status: OK
I20230706 11:57:09.570508 3127901 event_listener.cc:71] [event_listener/compaction_completed] column family: metadata, compaction reason: 11, output compression type: no, base input level(files): 0(1), output level(files): 0(1), input bytes: 19243701, output bytes:19243697, is_manual_compaction:no, elapsed(micro): 1916205
I20230706 11:57:09.572674 3127901 event_listener.cc:127] [event_listener/table_file_deleted] db: /nvme/jinghuan/node_40001/db, sst file: /nvme/jinghuan/node_40001/db/000029.sst, status: OK
I20230706 11:57:13.678632 3127903 event_listener.cc:138] [event_listener/table_file_created] column family: default, file path: /nvme/jinghuan/node_40001/db/000032.sst, file size: 76266367, job id: 9, reason: flush, status: OK
I20230706 11:57:13.686654 3127903 event_listener.cc:91] [event_listener/flush_completed] column family: default, thread_id: 3127903, job_id: 9, file: /nvme/jinghuan/node_40001/db/000032.sst, reason: 6, is_write_slowdown: no, is_write_stall: no, largest seqno: 3382653, smallest seqno: 2724690
W20230706 11:57:13.686821 3127903 event_listener.cc:132] [event_listener/stall_cond_changed] column family: default write stall condition was changed, from stop to normal
W20230706 11:57:13.687129 3128129 event_listener.cc:132] [event_listener/stall_cond_changed] column family: default write stall condition was changed, from delay to stop
W20230706 11:57:14.945633 3128133 event_listener.cc:132] [event_listener/stall_cond_changed] column family: default write stall condition was changed, from normal to delay
I20230706 11:57:15.875361 3127904 event_listener.cc:138] [event_listener/table_file_created] column family: default, file path: /nvme/jinghuan/node_40001/db/000036.sst, file size: 83190951, job id: 12, reason: flush, status: OK
I20230706 11:57:15.881955 3127904 event_listener.cc:91] [event_listener/flush_completed] column family: default, thread_id: 3127904, job_id: 12, file: /nvme/jinghuan/node_40001/db/000036.sst, reason: 6, is_write_slowdown: no, is_write_stall: no, largest seqno: 4100403, smallest seqno: 3382655
W20230706 11:57:15.882001 3127904 event_listener.cc:132] [event_listener/stall_cond_changed] column family: default write stall condition was changed, from delay to normal
I20230706 11:57:16.294073 3127903 event_listener.cc:84] [event_listener/flush_begin] column family: default, thread_id: 3127903, job_id: 13, reason: 6
W20230706 11:57:17.507050 3128128 event_listener.cc:132] [event_listener/stall_cond_changed] column family: default write stall condition was changed, from normal to delay
I20230706 11:57:18.840849 3127904 event_listener.cc:84] [event_listener/flush_begin] column family: default, thread_id: 3127904, job_id: 14, reason: 6
I20230706 11:57:21.781404 3127902 event_listener.cc:138] [event_listener/table_file_created] column family: default, file path: /nvme/jinghuan/node_40001/db/000031.sst, file size: 138730746, job id: 10, reason: compaction, status: OK
I20230706 11:57:24.384716 3127903 event_listener.cc:138] [event_listener/table_file_created] column family: default, file path: /nvme/jinghuan/node_40001/db/000039.sst, file size: 85035805, job id: 13, reason: flush, status: OK
I20230706 11:57:24.395105 3127903 event_listener.cc:91] [event_listener/flush_completed] column family: default, thread_id: 3127903, job_id: 13, file: /nvme/jinghuan/node_40001/db/000039.sst, reason: 6, is_write_slowdown: no, is_write_stall: no, largest seqno: 4834081, smallest seqno: 4100405
W20230706 11:57:24.395164 3127903 event_listener.cc:132] [event_listener/stall_cond_changed] column family: default write stall condition was changed, from stop to normal
W20230706 11:57:24.395715 3128128 event_listener.cc:132] [event_listener/stall_cond_changed] column family: default write stall condition was changed, from delay to stop
W20230706 11:57:25.554679 3128135 event_listener.cc:132] [event_listener/stall_cond_changed] column family: default write stall condition was changed, from normal to delay
I20230706 11:57:25.782739 3127904 event_listener.cc:138] [event_listener/table_file_created] column family: default, file path: /nvme/jinghuan/node_40001/db/000042.sst, file size: 85052187, job id: 14, reason: flush, status: OK
I20230706 11:57:25.789227 3127904 event_listener.cc:91] [event_listener/flush_completed] column family: default, thread_id: 3127904, job_id: 14, file: /nvme/jinghuan/node_40001/db/000042.sst, reason: 6, is_write_slowdown: no, is_write_stall: no, largest seqno: 5567869, smallest seqno: 4834083
W20230706 11:57:25.789275 3127904 event_listener.cc:132] [event_listener/stall_cond_changed] column family: default write stall condition was changed, from delay to normal
I20230706 11:57:26.720574 3127903 event_listener.cc:84] [event_listener/flush_begin] column family: default, thread_id: 3127903, job_id: 16, reason: 6
I20230706 11:57:26.930116 3127904 event_listener.cc:84] [event_listener/flush_begin] column family: metadata, thread_id: 3127904, job_id: 17, reason: 13
W20230706 11:57:27.803028 3128135 event_listener.cc:132] [event_listener/stall_cond_changed] column family: default write stall condition was changed, from normal to delay
I20230706 11:57:29.885573 3127904 event_listener.cc:138] [event_listener/table_file_created] column family: metadata, file path: /nvme/jinghuan/node_40001/db/000049.sst, file size: 19237897, job id: 17, reason: flush, status: OK
I20230706 11:57:29.894248 3127904 event_listener.cc:91] [event_listener/flush_completed] column family: metadata, thread_id: 3127904, job_id: 17, file: /nvme/jinghuan/node_40001/db/000049.sst, reason: 13, is_write_slowdown: no, is_write_stall: no, largest seqno: 6295113, smallest seqno: 3147573
I20230706 11:57:29.942431 3127904 event_listener.cc:84] [event_listener/flush_begin] column family: default, thread_id: 3127904, job_id: 18, reason: 6
I20230706 11:57:34.981613 3127902 event_listener.cc:138] [event_listener/table_file_created] column family: default, file path: /nvme/jinghuan/node_40001/db/000043.sst, file size: 138698126, job id: 10, reason: compaction, status: OK
I20230706 11:57:37.296298 3127904 event_listener.cc:138] [event_listener/table_file_created] column family: default, file path: /nvme/jinghuan/node_40001/db/000052.sst, file size: 76708809, job id: 18, reason: flush, status: OK
I20230706 11:57:37.892535 3127903 event_listener.cc:138] [event_listener/table_file_created] column family: default, file path: /nvme/jinghuan/node_40001/db/000047.sst, file size: 75929350, job id: 16, reason: flush, status: OK
I20230706 11:57:37.903290 3127903 event_listener.cc:91] [event_listener/flush_completed] column family: default, thread_id: 3127903, job_id: 16, file: /nvme/jinghuan/node_40001/db/000047.sst, reason: 6, is_write_slowdown: no, is_write_stall: no, largest seqno: 6222941, smallest seqno: 5567871
I20230706 11:57:37.903316 3127903 event_listener.cc:91] [event_listener/flush_completed] column family: default, thread_id: 3127904, job_id: 18, file: /nvme/jinghuan/node_40001/db/000052.sst, reason: 6, is_write_slowdown: no, is_write_stall: no, largest seqno: 6884723, smallest seqno: 6222943
W20230706 11:57:37.903577 3127903 event_listener.cc:132] [event_listener/stall_cond_changed] column family: default write stall condition was changed, from stop to normal
W20230706 11:57:37.903860 3128135 event_listener.cc:132] [event_listener/stall_cond_changed] column family: default write stall condition was changed, from delay to stop
I20230706 11:57:38.590869 3127902 event_listener.cc:138] [event_listener/table_file_created] column family: default, file path: /nvme/jinghuan/node_40001/db/000053.sst, file size: 38243711, job id: 10, reason: compaction, status: OK
I20230706 11:57:38.617022 3127902 event_listener.cc:71] [event_listener/compaction_completed] column family: default, compaction reason: 1, output compression type: no, base input level(files): 0(4), output level(files): 1(3), input bytes: 315822828, output bytes:315672583, is_manual_compaction:no, elapsed(micro): 32197304
I20230706 11:57:40.464046 3127904 event_listener.cc:84] [event_listener/flush_begin] column family: default, thread_id: 3127904, job_id: 19, reason: 6
W20230706 11:57:41.585368 3128131 event_listener.cc:132] [event_listener/stall_cond_changed] column family: default write stall condition was changed, from normal to delay
I20230706 11:57:41.591961 3127902 event_listener.cc:71] [event_listener/compaction_completed] column family: default, compaction reason: 2, output compression type: no, base input level(files): 1(1), output level(files): 2(1), input bytes: 0, output bytes:0, is_manual_compaction:no, elapsed(micro): 0
I20230706 11:57:42.793432 3127903 event_listener.cc:84] [event_listener/flush_begin] column family: default, thread_id: 3127903, job_id: 21, reason: 6
I20230706 11:57:45.993682 3127904 event_listener.cc:138] [event_listener/table_file_created] column family: default, file path: /nvme/jinghuan/node_40001/db/000056.sst, file size: 80770102, job id: 19, reason: flush, status: OK
I20230706 11:57:46.000077 3127904 event_listener.cc:91] [event_listener/flush_completed] column family: default, thread_id: 3127904, job_id: 19, file: /nvme/jinghuan/node_40001/db/000056.sst, reason: 6, is_write_slowdown: no, is_write_stall: no, largest seqno: 7581573, smallest seqno: 6884725
W20230706 11:57:46.000270 3127904 event_listener.cc:132] [event_listener/stall_cond_changed] column family: default write stall condition was changed, from stop to normal
W20230706 11:57:46.000399 3128131 event_listener.cc:132] [event_listener/stall_cond_changed] column family: default write stall condition was changed, from delay to stop
W20230706 11:57:47.155238 3128131 event_listener.cc:132] [event_listener/stall_cond_changed] column family: default write stall condition was changed, from normal to delay
I20230706 11:57:48.354739 3127904 event_listener.cc:84] [event_listener/flush_begin] column family: default, thread_id: 3127904, job_id: 22, reason: 6
I20230706 11:57:48.504731 3127903 event_listener.cc:138] [event_listener/table_file_created] column family: default, file path: /nvme/jinghuan/node_40001/db/000059.sst, file size: 76860300, job id: 21, reason: flush, status: OK
I20230706 11:57:48.521776 3127903 event_listener.cc:91] [event_listener/flush_completed] column family: default, thread_id: 3127903, job_id: 21, file: /nvme/jinghuan/node_40001/db/000059.sst, reason: 6, is_write_slowdown: no, is_write_stall: no, largest seqno: 8244686, smallest seqno: 7581575
W20230706 11:57:48.521989 3127903 event_listener.cc:132] [event_listener/stall_cond_changed] column family: default write stall condition was changed, from stop to normal
W20230706 11:57:48.524710 3128131 event_listener.cc:132] [event_listener/stall_cond_changed] column family: default write stall condition was changed, from delay to stop
W20230706 11:57:49.732663 3128132 event_listener.cc:132] [event_listener/stall_cond_changed] column family: default write stall condition was changed, from normal to delay
I20230706 11:57:50.511354 3127903 event_listener.cc:84] [event_listener/flush_begin] column family: metadata, thread_id: 3127903, job_id: 24, reason: 13
I20230706 11:57:52.400697 3127903 event_listener.cc:138] [event_listener/table_file_created] column family: metadata, file path: /nvme/jinghuan/node_40001/db/000066.sst, file size: 19219040, job id: 24, reason: flush, status: OK
I20230706 11:57:52.409512 3127903 event_listener.cc:91] [event_listener/flush_completed] column family: metadata, thread_id: 3127903, job_id: 24, file: /nvme/jinghuan/node_40001/db/000066.sst, reason: 13, is_write_slowdown: no, is_write_stall: no, largest seqno: 9442642, smallest seqno: 6295124
I20230706 11:57:52.422448 3127903 event_listener.cc:84] [event_listener/flush_begin] column family: default, thread_id: 3127903, job_id: 25, reason: 6
I20230706 11:57:55.609341 3127904 event_listener.cc:138] [event_listener/table_file_created] column family: default, file path: /nvme/jinghuan/node_40001/db/000062.sst, file size: 75842325, job id: 22, reason: flush, status: OK
I20230706 11:57:55.616044 3127904 event_listener.cc:91] [event_listener/flush_completed] column family: default, thread_id: 3127904, job_id: 22, file: /nvme/jinghuan/node_40001/db/000062.sst, reason: 6, is_write_slowdown: no, is_write_stall: no, largest seqno: 8898999, smallest seqno: 8244688
W20230706 11:57:55.616200 3127904 event_listener.cc:132] [event_listener/stall_cond_changed] column family: default write stall condition was changed, from stop to normal
W20230706 11:57:55.616464 3128132 event_listener.cc:132] [event_listener/stall_cond_changed] column family: default write stall condition was changed, from delay to stop
W20230706 11:57:56.789593 3128133 event_listener.cc:132] [event_listener/stall_cond_changed] column family: default write stall condition was changed, from normal to delay
I20230706 11:57:58.035105 3127904 event_listener.cc:84] [event_listener/flush_begin] column family: default, thread_id: 3127904, job_id: 26, reason: 6
I20230706 11:57:59.311633 3127903 event_listener.cc:138] [event_listener/table_file_created] column family: default, file path: /nvme/jinghuan/node_40001/db/000068.sst, file size: 76097517, job id: 25, reason: flush, status: OK
I20230706 11:57:59.324261 3127903 event_listener.cc:91] [event_listener/flush_completed] column family: default, thread_id: 3127903, job_id: 25, file: /nvme/jinghuan/node_40001/db/000068.sst, reason: 6, is_write_slowdown: no, is_write_stall: no, largest seqno: 9555501, smallest seqno: 8899001
W20230706 11:57:59.324637 3127903 event_listener.cc:132] [event_listener/stall_cond_changed] column family: default write stall condition was changed, from stop to normal
W20230706 11:57:59.324820 3128132 event_listener.cc:132] [event_listener/stall_cond_changed] column family: default write stall condition was changed, from delay to stop
W20230706 11:58:00.616216 3128131 event_listener.cc:132] [event_listener/stall_cond_changed] column family: default write stall condition was changed, from normal to delay
I20230706 11:58:01.698457 3127901 event_listener.cc:138] [event_listener/table_file_created] column family: default, file path: /nvme/jinghuan/node_40001/db/000045.sst, file size: 329428163, job id: 15, reason: compaction, status: OK
I20230706 11:58:01.720578 3127901 event_listener.cc:71] [event_listener/compaction_completed] column family: default, compaction reason: 1, output compression type: no, base input level(files): 0(4), output level(files): 0(1), input bytes: 329545310, output bytes:329428163, is_manual_compaction:no, elapsed(micro): 35909195
I20230706 11:58:01.730497 3127901 event_listener.cc:127] [event_listener/table_file_deleted] db: /nvme/jinghuan/node_40001/db, sst file: /nvme/jinghuan/node_40001/db/000026.sst, status: OK
I20230706 11:58:01.736590 3127901 event_listener.cc:127] [event_listener/table_file_deleted] db: /nvme/jinghuan/node_40001/db, sst file: /nvme/jinghuan/node_40001/db/000023.sst, status: OK
I20230706 11:58:01.743284 3127901 event_listener.cc:127] [event_listener/table_file_deleted] db: /nvme/jinghuan/node_40001/db, sst file: /nvme/jinghuan/node_40001/db/000020.sst, status: OK
I20230706 11:58:01.749828 3127901 event_listener.cc:127] [event_listener/table_file_deleted] db: /nvme/jinghuan/node_40001/db, sst file: /nvme/jinghuan/node_40001/db/000017.sst, status: OK
I20230706 11:58:01.968005 3127903 event_listener.cc:84] [event_listener/flush_begin] column family: default, thread_id: 3127903, job_id: 29, reason: 6
I20230706 11:58:04.711423 3127904 event_listener.cc:138] [event_listener/table_file_created] column family: default, file path: /nvme/jinghuan/node_40001/db/000071.sst, file size: 77239575, job id: 26, reason: flush, status: OK
I20230706 11:58:04.717965 3127904 event_listener.cc:91] [event_listener/flush_completed] column family: default, thread_id: 3127904, job_id: 26, file: /nvme/jinghuan/node_40001/db/000071.sst, reason: 6, is_write_slowdown: no, is_write_stall: no, largest seqno: 10221892, smallest seqno: 9555503
W20230706 11:58:04.718014 3127904 event_listener.cc:132] [event_listener/stall_cond_changed] column family: default write stall condition was changed, from stop to normal
W20230706 11:58:04.718247 3128133 event_listener.cc:132] [event_listener/stall_cond_changed] column family: default write stall condition was changed, from delay to stop
W20230706 11:58:05.904059 3128135 event_listener.cc:132] [event_listener/stall_cond_changed] column family: default write stall condition was changed, from normal to delay
I20230706 11:58:07.017884 3127903 event_listener.cc:138] [event_listener/table_file_created] column family: default, file path: /nvme/jinghuan/node_40001/db/000074.sst, file size: 85049475, job id: 29, reason: flush, status: OK
I20230706 11:58:07.024490 3127903 event_listener.cc:91] [event_listener/flush_completed] column family: default, thread_id: 3127903, job_id: 29, file: /nvme/jinghuan/node_40001/db/000074.sst, reason: 6, is_write_slowdown: no, is_write_stall: no, largest seqno: 10955669, smallest seqno: 10221894
W20230706 11:58:07.024770 3127903 event_listener.cc:132] [event_listener/stall_cond_changed] column family: default write stall condition was changed, from delay to normal
I20230706 11:58:07.173622 3127904 event_listener.cc:84] [event_listener/flush_begin] column family: default, thread_id: 3127904, job_id: 33, reason: 6
W20230706 11:58:08.305411 3128130 event_listener.cc:132] [event_listener/stall_cond_changed] column family: default write stall condition was changed, from normal to delay
I20230706 11:58:09.539878 3127903 event_listener.cc:84] [event_listener/flush_begin] column family: default, thread_id: 3127903, job_id: 34, reason: 6
I20230706 11:58:14.215342 3127904 event_listener.cc:138] [event_listener/table_file_created] column family: default, file path: /nvme/jinghuan/node_40001/db/000078.sst, file size: 77309577, job id: 33, reason: flush, status: OK
I20230706 11:58:14.230870 3127904 event_listener.cc:91] [event_listener/flush_completed] column family: default, thread_id: 3127904, job_id: 33, file: /nvme/jinghuan/node_40001/db/000078.sst, reason: 6, is_write_slowdown: no, is_write_stall: no, largest seqno: 11622643, smallest seqno: 10955671
W20230706 11:58:14.230978 3127904 event_listener.cc:132] [event_listener/stall_cond_changed] column family: default write stall condition was changed, from stop to normal
W20230706 11:58:14.231750 3128135 event_listener.cc:132] [event_listener/stall_cond_changed] column family: default write stall condition was changed, from delay to stop
I20230706 11:58:15.319705 3127904 event_listener.cc:84] [event_listener/flush_begin] column family: metadata, thread_id: 3127904, job_id: 35, reason: 13
W20230706 11:58:15.372887 3128132 event_listener.cc:132] [event_listener/stall_cond_changed] column family: default write stall condition was changed, from normal to delay
I20230706 11:58:16.229861 3127903 event_listener.cc:138] [event_listener/table_file_created] column family: default, file path: /nvme/jinghuan/node_40001/db/000081.sst, file size: 76750607, job id: 34, reason: flush, status: OK
I20230706 11:58:16.245361 3127903 event_listener.cc:91] [event_listener/flush_completed] column family: default, thread_id: 3127903, job_id: 34, file: /nvme/jinghuan/node_40001/db/000081.sst, reason: 6, is_write_slowdown: no, is_write_stall: no, largest seqno: 12284832, smallest seqno: 11622645
W20230706 11:58:16.245469 3127903 event_listener.cc:132] [event_listener/stall_cond_changed] column family: default write stall condition was changed, from delay to normal
I20230706 11:58:16.540750 3127903 event_listener.cc:84] [event_listener/flush_begin] column family: default, thread_id: 3127903, job_id: 36, reason: 6
I20230706 11:58:17.317412 3127904 event_listener.cc:138] [event_listener/table_file_created] column family: metadata, file path: /nvme/jinghuan/node_40001/db/000083.sst, file size: 19220790, job id: 35, reason: flush, status: OK
I20230706 11:58:17.325949 3127904 event_listener.cc:91] [event_listener/flush_completed] column family: metadata, thread_id: 3127904, job_id: 35, file: /nvme/jinghuan/node_40001/db/000083.sst, reason: 13, is_write_slowdown: no, is_write_stall: no, largest seqno: 12590204, smallest seqno: 9442653
W20230706 11:58:17.684068 3128132 event_listener.cc:132] [event_listener/stall_cond_changed] column family: default write stall condition was changed, from normal to delay
I20230706 11:58:18.960655 3127904 event_listener.cc:84] [event_listener/flush_begin] column family: default, thread_id: 3127904, job_id: 37, reason: 6
I20230706 11:58:22.519294 3127902 event_listener.cc:138] [event_listener/table_file_created] column family: default, file path: /nvme/jinghuan/node_40001/db/000063.sst, file size: 310141633, job id: 23, reason: compaction, status: OK
I20230706 11:58:22.541927 3127902 event_listener.cc:71] [event_listener/compaction_completed] column family: default, compaction reason: 1, output compression type: no, base input level(files): 0(4), output level(files): 0(1), input bytes: 310268561, output bytes:310141633, is_manual_compaction:no, elapsed(micro): 33997377
I20230706 11:58:22.554150 3127902 event_listener.cc:127] [event_listener/table_file_deleted] db: /nvme/jinghuan/node_40001/db, sst file: /nvme/jinghuan/node_40001/db/000042.sst, status: OK
I20230706 11:58:22.560887 3127902 event_listener.cc:127] [event_listener/table_file_deleted] db: /nvme/jinghuan/node_40001/db, sst file: /nvme/jinghuan/node_40001/db/000039.sst, status: OK
I20230706 11:58:22.568874 3127902 event_listener.cc:127] [event_listener/table_file_deleted] db: /nvme/jinghuan/node_40001/db, sst file: /nvme/jinghuan/node_40001/db/000036.sst, status: OK
I20230706 11:58:22.574509 3127902 event_listener.cc:127] [event_listener/table_file_deleted] db: /nvme/jinghuan/node_40001/db, sst file: /nvme/jinghuan/node_40001/db/000032.sst, status: OK
I20230706 11:58:23.122905 3127903 event_listener.cc:138] [event_listener/table_file_created] column family: default, file path: /nvme/jinghuan/node_40001/db/000086.sst, file size: 75371553, job id: 36, reason: flush, status: OK
I20230706 11:58:23.138633 3127903 event_listener.cc:91] [event_listener/flush_completed] column family: default, thread_id: 3127903, job_id: 36, file: /nvme/jinghuan/node_40001/db/000086.sst, reason: 6, is_write_slowdown: no, is_write_stall: no, largest seqno: 12935108, smallest seqno: 12284834
W20230706 11:58:23.138788 3127903 event_listener.cc:132] [event_listener/stall_cond_changed] column family: default write stall condition was changed, from stop to normal
W20230706 11:58:23.138942 3128132 event_listener.cc:132] [event_listener/stall_cond_changed] column family: default write stall condition was changed, from delay to stop
W20230706 11:58:24.514169 3128135 event_listener.cc:132] [event_listener/stall_cond_changed] column family: default write stall condition was changed, from normal to delay
I20230706 11:58:25.128083 3127904 event_listener.cc:138] [event_listener/table_file_created] column family: default, file path: /nvme/jinghuan/node_40001/db/000089.sst, file size: 78416687, job id: 37, reason: flush, status: OK
I20230706 11:58:25.144014 3127904 event_listener.cc:91] [event_listener/flush_completed] column family: default, thread_id: 3127904, job_id: 37, file: /nvme/jinghuan/node_40001/db/000089.sst, reason: 6, is_write_slowdown: no, is_write_stall: no, largest seqno: 13611597, smallest seqno: 12935110
W20230706 11:58:25.144091 3127904 event_listener.cc:132] [event_listener/stall_cond_changed] column family: default write stall condition was changed, from delay to normal
I20230706 11:58:25.742467 3127903 event_listener.cc:84] [event_listener/flush_begin] column family: default, thread_id: 3127903, job_id: 40, reason: 6
W20230706 11:58:26.880383 3128135 event_listener.cc:132] [event_listener/stall_cond_changed] column family: default write stall condition was changed, from normal to delay
I20230706 11:58:28.161185 3127904 event_listener.cc:84] [event_listener/flush_begin] column family: default, thread_id: 3127904, job_id: 41, reason: 6
I20230706 11:58:29.316921 3127902 event_listener.cc:138] [event_listener/table_file_created] column family: metadata, file path: /nvme/jinghuan/node_40001/db/000090.sst, file size: 76273621, job id: 39, reason: compaction, status: OK
I20230706 11:58:29.327739 3127902 event_listener.cc:71] [event_listener/compaction_completed] column family: metadata, compaction reason: 1, output compression type: no, base input level(files): 0(4), output level(files): 1(1), input bytes: 76921424, output bytes:76273621, is_manual_compaction:no, elapsed(micro): 6742396
I20230706 11:58:29.329993 3127902 event_listener.cc:127] [event_listener/table_file_deleted] db: /nvme/jinghuan/node_40001/db, sst file: /nvme/jinghuan/node_40001/db/000066.sst, status: OK
I20230706 11:58:29.332332 3127902 event_listener.cc:127] [event_listener/table_file_deleted] db: /nvme/jinghuan/node_40001/db, sst file: /nvme/jinghuan/node_40001/db/000049.sst, status: OK
I20230706 11:58:29.334210 3127902 event_listener.cc:127] [event_listener/table_file_deleted] db: /nvme/jinghuan/node_40001/db, sst file: /nvme/jinghuan/node_40001/db/000034.sst, status: OK
I20230706 11:58:31.822180 3127903 event_listener.cc:138] [event_listener/table_file_created] column family: default, file path: /nvme/jinghuan/node_40001/db/000093.sst, file size: 78077909, job id: 40, reason: flush, status: OK
I20230706 11:58:31.828488 3127903 event_listener.cc:91] [event_listener/flush_completed] column family: default, thread_id: 3127903, job_id: 40, file: /nvme/jinghuan/node_40001/db/000093.sst, reason: 6, is_write_slowdown: no, is_write_stall: no, largest seqno: 14285171, smallest seqno: 13611599
W20230706 11:58:31.828547 3127903 event_listener.cc:132] [event_listener/stall_cond_changed] column family: default write stall condition was changed, from stop to normal
W20230706 11:58:31.828964 3128134 event_listener.cc:132] [event_listener/stall_cond_changed] column family: default write stall condition was changed, from delay to stop
W20230706 11:58:33.151577 3128130 event_listener.cc:132] [event_listener/stall_cond_changed] column family: default write stall condition was changed, from normal to delay
I20230706 11:58:34.027863 3127904 event_listener.cc:138] [event_listener/table_file_created] column family: default, file path: /nvme/jinghuan/node_40001/db/000096.sst, file size: 77427730, job id: 41, reason: flush, status: OK
I20230706 11:58:34.035164 3127904 event_listener.cc:91] [event_listener/flush_completed] column family: default, thread_id: 3127904, job_id: 41, file: /nvme/jinghuan/node_40001/db/000096.sst, reason: 6, is_write_slowdown: no, is_write_stall: no, largest seqno: 14953168, smallest seqno: 14285173
W20230706 11:58:34.035223 3127904 event_listener.cc:132] [event_listener/stall_cond_changed] column family: default write stall condition was changed, from delay to normal
I20230706 11:58:34.601866 3127903 event_listener.cc:84] [event_listener/flush_begin] column family: default, thread_id: 3127903, job_id: 43, reason: 6
I20230706 11:58:34.745271 3127904 event_listener.cc:84] [event_listener/flush_begin] column family: metadata, thread_id: 3127904, job_id: 44, reason: 13
W20230706 11:58:35.950075 3128130 event_listener.cc:132] [event_listener/stall_cond_changed] column family: default write stall condition was changed, from normal to delay
I20230706 11:58:36.629123 3127904 event_listener.cc:138] [event_listener/table_file_created] column family: metadata, file path: /nvme/jinghuan/node_40001/db/000102.sst, file size: 19250475, job id: 44, reason: flush, status: OK
I20230706 11:58:36.637073 3127904 event_listener.cc:91] [event_listener/flush_completed] column family: metadata, thread_id: 3127904, job_id: 44, file: /nvme/jinghuan/node_40001/db/000102.sst, reason: 13, is_write_slowdown: no, is_write_stall: no, largest seqno: 15737799, smallest seqno: 12590215
I20230706 11:58:37.318629 3127904 event_listener.cc:84] [event_listener/flush_begin] column family: default, thread_id: 3127904, job_id: 45, reason: 6
I20230706 11:58:38.922492 3127901 event_listener.cc:138] [event_listener/table_file_created] column family: default, file path: /nvme/jinghuan/node_40001/db/000076.sst, file size: 314067155, job id: 32, reason: compaction, status: OK
I20230706 11:58:38.946537 3127901 event_listener.cc:71] [event_listener/compaction_completed] column family: default, compaction reason: 1, output compression type: no, base input level(files): 0(4), output level(files): 0(1), input bytes: 314228892, output bytes:314067155, is_manual_compaction:no, elapsed(micro): 31897829
I20230706 11:58:38.949884 3127901 event_listener.cc:127] [event_listener/table_file_deleted] db: /nvme/jinghuan/node_40001/db, sst file: /nvme/jinghuan/node_40001/db/000083.sst, status: OK
I20230706 11:58:38.958631 3127901 event_listener.cc:127] [event_listener/table_file_deleted] db: /nvme/jinghuan/node_40001/db, sst file: /nvme/jinghuan/node_40001/db/000059.sst, status: OK
I20230706 11:58:38.964071 3127901 event_listener.cc:127] [event_listener/table_file_deleted] db: /nvme/jinghuan/node_40001/db, sst file: /nvme/jinghuan/node_40001/db/000056.sst, status: OK
I20230706 11:58:38.970592 3127901 event_listener.cc:127] [event_listener/table_file_deleted] db: /nvme/jinghuan/node_40001/db, sst file: /nvme/jinghuan/node_40001/db/000052.sst, status: OK
I20230706 11:58:38.975617 3127901 event_listener.cc:127] [event_listener/table_file_deleted] db: /nvme/jinghuan/node_40001/db, sst file: /nvme/jinghuan/node_40001/db/000047.sst, status: OK
I20230706 11:58:41.230737 3127903 event_listener.cc:138] [event_listener/table_file_created] column family: default, file path: /nvme/jinghuan/node_40001/db/000100.sst, file size: 84915656, job id: 43, reason: flush, status: OK
I20230706 11:58:41.237651 3127903 event_listener.cc:91] [event_listener/flush_completed] column family: default, thread_id: 3127903, job_id: 43, file: /nvme/jinghuan/node_40001/db/000100.sst, reason: 6, is_write_slowdown: no, is_write_stall: no, largest seqno: 15685812, smallest seqno: 14953170
W20230706 11:58:41.237726 3127903 event_listener.cc:132] [event_listener/stall_cond_changed] column family: default write stall condition was changed, from stop to normal
W20230706 11:58:41.237964 3128130 event_listener.cc:132] [event_listener/stall_cond_changed] column family: default write stall condition was changed, from delay to stop
I20230706 11:58:42.335695 3127904 event_listener.cc:138] [event_listener/table_file_created] column family: default, file path: /nvme/jinghuan/node_40001/db/000105.sst, file size: 85049655, job id: 45, reason: flush, status: OK
I20230706 11:58:42.347687 3127904 event_listener.cc:91] [event_listener/flush_completed] column family: default, thread_id: 3127904, job_id: 45, file: /nvme/jinghuan/node_40001/db/000105.sst, reason: 6, is_write_slowdown: no, is_write_stall: no, largest seqno: 16419589, smallest seqno: 15685814
I20230706 11:58:44.206517 3127903 event_listener.cc:84] [event_listener/flush_begin] column family: default, thread_id: 3127903, job_id: 49, reason: 6
W20230706 11:58:45.592368 3128133 event_listener.cc:132] [event_listener/stall_cond_changed] column family: default write stall condition was changed, from normal to delay
I20230706 11:58:47.088616 3127904 event_listener.cc:84] [event_listener/flush_begin] column family: default, thread_id: 3127904, job_id: 50, reason: 6
I20230706 11:58:49.233878 3127903 event_listener.cc:138] [event_listener/table_file_created] column family: default, file path: /nvme/jinghuan/node_40001/db/000109.sst, file size: 84887797, job id: 49, reason: flush, status: OK
I20230706 11:58:49.240079 3127903 event_listener.cc:91] [event_listener/flush_completed] column family: default, thread_id: 3127903, job_id: 49, file: /nvme/jinghuan/node_40001/db/000109.sst, reason: 6, is_write_slowdown: no, is_write_stall: no, largest seqno: 17151958, smallest seqno: 16419591
W20230706 11:58:49.240139 3127903 event_listener.cc:132] [event_listener/stall_cond_changed] column family: default write stall condition was changed, from stop to normal
W20230706 11:58:49.240634 3128133 event_listener.cc:132] [event_listener/stall_cond_changed] column family: default write stall condition was changed, from delay to stop
W20230706 11:58:50.668172 3128133 event_listener.cc:132] [event_listener/stall_cond_changed] column family: default write stall condition was changed, from normal to delay
I20230706 11:58:52.184569 3127903 event_listener.cc:84] [event_listener/flush_begin] column family: default, thread_id: 3127903, job_id: 51, reason: 6
I20230706 11:58:52.439803 3127904 event_listener.cc:138] [event_listener/table_file_created] column family: default, file path: /nvme/jinghuan/node_40001/db/000112.sst, file size: 85053704, job id: 50, reason: flush, status: OK
I20230706 11:58:52.452277 3127904 event_listener.cc:91] [event_listener/flush_completed] column family: default, thread_id: 3127904, job_id: 50, file: /nvme/jinghuan/node_40001/db/000112.sst, reason: 6, is_write_slowdown: no, is_write_stall: no, largest seqno: 17885768, smallest seqno: 17151960
W20230706 11:58:52.452383 3127904 event_listener.cc:132] [event_listener/stall_cond_changed] column family: default write stall condition was changed, from stop to normal
W20230706 11:58:52.452809 3128133 event_listener.cc:132] [event_listener/stall_cond_changed] column family: default write stall condition was changed, from delay to stop
I20230706 11:58:53.547068 3127904 event_listener.cc:84] [event_listener/flush_begin] column family: metadata, thread_id: 3127904, job_id: 52, reason: 13
W20230706 11:58:53.792655 3128129 event_listener.cc:132] [event_listener/stall_cond_changed] column family: default write stall condition was changed, from normal to delay
I20230706 11:58:55.143103 3127904 event_listener.cc:138] [event_listener/table_file_created] column family: metadata, file path: /nvme/jinghuan/node_40001/db/000117.sst, file size: 19249894, job id: 52, reason: flush, status: OK
I20230706 11:58:55.152256 3127904 event_listener.cc:91] [event_listener/flush_completed] column family: metadata, thread_id: 3127904, job_id: 52, file: /nvme/jinghuan/node_40001/db/000117.sst, reason: 13, is_write_slowdown: no, is_write_stall: no, largest seqno: 18885383, smallest seqno: 15737810
I20230706 11:58:55.199550 3127904 event_listener.cc:84] [event_listener/flush_begin] column family: default, thread_id: 3127904, job_id: 53, reason: 13
I20230706 11:58:55.645761 3127902 event_listener.cc:138] [event_listener/table_file_created] column family: default, file path: /nvme/jinghuan/node_40001/db/000097.sst, file size: 307726946, job id: 42, reason: compaction, status: OK
I20230706 11:58:55.670472 3127902 event_listener.cc:71] [event_listener/compaction_completed] column family: default, compaction reason: 1, output compression type: no, base input level(files): 0(4), output level(files): 0(1), input bytes: 307848424, output bytes:307726946, is_manual_compaction:no, elapsed(micro): 26311648
I20230706 11:58:55.677765 3127902 event_listener.cc:127] [event_listener/table_file_deleted] db: /nvme/jinghuan/node_40001/db, sst file: /nvme/jinghuan/node_40001/db/000074.sst, status: OK
I20230706 11:58:55.685469 3127902 event_listener.cc:127] [event_listener/table_file_deleted] db: /nvme/jinghuan/node_40001/db, sst file: /nvme/jinghuan/node_40001/db/000071.sst, status: OK
I20230706 11:58:55.691313 3127902 event_listener.cc:127] [event_listener/table_file_deleted] db: /nvme/jinghuan/node_40001/db, sst file: /nvme/jinghuan/node_40001/db/000068.sst, status: OK
I20230706 11:58:55.696846 3127902 event_listener.cc:127] [event_listener/table_file_deleted] db: /nvme/jinghuan/node_40001/db, sst file: /nvme/jinghuan/node_40001/db/000062.sst, status: OK
I20230706 11:58:58.846612 3127904 event_listener.cc:138] [event_listener/table_file_created] column family: default, file path: /nvme/jinghuan/node_40001/db/000120.sst, file size: 77022022, job id: 53, reason: flush, status: OK
I20230706 11:58:58.944466 3127903 event_listener.cc:138] [event_listener/table_file_created] column family: default, file path: /nvme/jinghuan/node_40001/db/000115.sst, file size: 85055881, job id: 51, reason: flush, status: OK
I20230706 11:58:58.956207 3127903 event_listener.cc:91] [event_listener/flush_completed] column family: default, thread_id: 3127903, job_id: 51, file: /nvme/jinghuan/node_40001/db/000115.sst, reason: 13, is_write_slowdown: no, is_write_stall: no, largest seqno: 18619589, smallest seqno: 17885770
I20230706 11:58:58.956236 3127903 event_listener.cc:91] [event_listener/flush_completed] column family: default, thread_id: 3127904, job_id: 53, file: /nvme/jinghuan/node_40001/db/000120.sst, reason: 13, is_write_slowdown: no, is_write_stall: no, largest seqno: 19284066, smallest seqno: 18619591
W20230706 11:58:58.956509 3127903 event_listener.cc:132] [event_listener/stall_cond_changed] column family: default write stall condition was changed, from stop to normal
W20230706 11:58:58.956914 3128129 event_listener.cc:132] [event_listener/stall_cond_changed] column family: default write stall condition was changed, from delay to stop
I20230706 11:59:01.698325 3127904 event_listener.cc:84] [event_listener/flush_begin] column family: default, thread_id: 3127904, job_id: 57, reason: 6
W20230706 11:59:02.930219 3128133 event_listener.cc:132] [event_listener/stall_cond_changed] column family: default write stall condition was changed, from normal to delay
I20230706 11:59:04.315034 3127903 event_listener.cc:84] [event_listener/flush_begin] column family: default, thread_id: 3127903, job_id: 58, reason: 6
I20230706 11:59:06.844384 3127901 event_listener.cc:138] [event_listener/table_file_created] column family: default, file path: /nvme/jinghuan/node_40001/db/000106.sst, file size: 325355279, job id: 48, reason: compaction, status: OK
I20230706 11:59:06.860145 3127901 event_listener.cc:71] [event_listener/compaction_completed] column family: default, compaction reason: 1, output compression type: no, base input level(files): 0(4), output level(files): 0(1), input bytes: 325470950, output bytes:325355279, is_manual_compaction:no, elapsed(micro): 24496600
I20230706 11:59:06.869190 3127901 event_listener.cc:127] [event_listener/table_file_deleted] db: /nvme/jinghuan/node_40001/db, sst file: /nvme/jinghuan/node_40001/db/000089.sst, status: OK
I20230706 11:59:06.875236 3127901 event_listener.cc:127] [event_listener/table_file_deleted] db: /nvme/jinghuan/node_40001/db, sst file: /nvme/jinghuan/node_40001/db/000086.sst, status: OK
I20230706 11:59:06.880245 3127901 event_listener.cc:127] [event_listener/table_file_deleted] db: /nvme/jinghuan/node_40001/db, sst file: /nvme/jinghuan/node_40001/db/000081.sst, status: OK
I20230706 11:59:06.885237 3127901 event_listener.cc:127] [event_listener/table_file_deleted] db: /nvme/jinghuan/node_40001/db, sst file: /nvme/jinghuan/node_40001/db/000078.sst, status: OK
I20230706 11:59:07.048660 3127904 event_listener.cc:138] [event_listener/table_file_created] column family: default, file path: /nvme/jinghuan/node_40001/db/000124.sst, file size: 84874958, job id: 57, reason: flush, status: OK
I20230706 11:59:07.055258 3127904 event_listener.cc:91] [event_listener/flush_completed] column family: default, thread_id: 3127904, job_id: 57, file: /nvme/jinghuan/node_40001/db/000124.sst, reason: 6, is_write_slowdown: no, is_write_stall: no, largest seqno: 20016325, smallest seqno: 19284068
W20230706 11:59:07.055298 3127904 event_listener.cc:132] [event_listener/stall_cond_changed] column family: default write stall condition was changed, from stop to normal
W20230706 11:59:07.055533 3128128 event_listener.cc:132] [event_listener/stall_cond_changed] column family: default write stall condition was changed, from delay to stop
W20230706 11:59:08.386624 3128134 event_listener.cc:132] [event_listener/stall_cond_changed] column family: default write stall condition was changed, from normal to delay
I20230706 11:59:08.653581 3127903 event_listener.cc:138] [event_listener/table_file_created] column family: default, file path: /nvme/jinghuan/node_40001/db/000127.sst, file size: 85051208, job id: 58, reason: flush, status: OK
I20230706 11:59:08.663857 3127903 event_listener.cc:91] [event_listener/flush_completed] column family: default, thread_id: 3127903, job_id: 58, file: /nvme/jinghuan/node_40001/db/000127.sst, reason: 6, is_write_slowdown: no, is_write_stall: no, largest seqno: 20750113, smallest seqno: 20016327
W20230706 11:59:08.663904 3127903 event_listener.cc:132] [event_listener/stall_cond_changed] column family: default write stall condition was changed, from delay to normal
I20230706 11:59:09.774893 3127904 event_listener.cc:84] [event_listener/flush_begin] column family: default, thread_id: 3127904, job_id: 64, reason: 6
W20230706 11:59:11.041882 3128131 event_listener.cc:132] [event_listener/stall_cond_changed] column family: default write stall condition was changed, from normal to delay
I20230706 11:59:11.744176 3128133 cluster.cc:923] function: Migrate level-migration
I20230706 11:59:11.744228 3128133 slot_migrate_parallel.cc:32] [migrate] Start migrating slots, from slot: 0 to slot: 7910. Slots are moving to 0.0.0.0:40002
I20230706 11:59:11.744251 3128133 cluster.cc:935] [cluster migration] Finished slot migration cmds sending, start to set nodes
