Log file created at: 2023/06/30 05:55:43
Running on machine: en4217754l
Running duration (h:mm:ss): 0:00:00
Log line format: [IWEF]yyyymmdd hh:mm:ss.uuuuuu threadid file:line] msg
I20230630 05:55:43.772614 1247660 main.cc:328] kvrocks unstable (commit 4a10c89)
I20230630 05:55:44.020339 1247660 storage.cc:322] [storage] Success to load the data from disk: 58 ms
I20230630 05:55:44.020823 1247660 worker.cc:72] [worker] Listening on: 10.218.109.65:40001
I20230630 05:55:44.020846 1247660 worker.cc:72] [worker] Listening on: 127.0.0.1:40001
I20230630 05:55:44.021046 1247660 worker.cc:72] [worker] Listening on: 10.218.109.65:40001
I20230630 05:55:44.021063 1247660 worker.cc:72] [worker] Listening on: 127.0.0.1:40001
I20230630 05:55:44.021193 1247660 worker.cc:72] [worker] Listening on: 10.218.109.65:40001
I20230630 05:55:44.021209 1247660 worker.cc:72] [worker] Listening on: 127.0.0.1:40001
I20230630 05:55:44.021330 1247660 worker.cc:72] [worker] Listening on: 10.218.109.65:40001
I20230630 05:55:44.021345 1247660 worker.cc:72] [worker] Listening on: 127.0.0.1:40001
I20230630 05:55:44.021468 1247660 worker.cc:72] [worker] Listening on: 10.218.109.65:40001
I20230630 05:55:44.021483 1247660 worker.cc:72] [worker] Listening on: 127.0.0.1:40001
I20230630 05:55:44.021605 1247660 worker.cc:72] [worker] Listening on: 10.218.109.65:40001
I20230630 05:55:44.021620 1247660 worker.cc:72] [worker] Listening on: 127.0.0.1:40001
I20230630 05:55:44.021733 1247660 worker.cc:72] [worker] Listening on: 10.218.109.65:40001
I20230630 05:55:44.021749 1247660 worker.cc:72] [worker] Listening on: 127.0.0.1:40001
I20230630 05:55:44.021863 1247660 worker.cc:72] [worker] Listening on: 10.218.109.65:40001
I20230630 05:55:44.021878 1247660 worker.cc:72] [worker] Listening on: 127.0.0.1:40001
W20230630 05:55:44.021975 1247660 server.cc:1650] [server] Increased maximum number of open files to 14224 (it's originally set to 1024)
I20230630 05:55:44.022156 1247660 cluster.cc:643] The cluster nodes file /nvme/jinghuan/node_40001/nodes.conf is not found. Use CLUSTERX subcommands to specify it.
I20230630 05:55:44.022171 1247660 cluster.cc:643] The cluster nodes file /nvme/jinghuan/node_40001/nodes.conf is not found. Use CLUSTERX subcommands to specify it.
I20230630 05:55:44.024868 1247660 worker.cc:519] [worker] Thread #139700790621952 started
I20230630 05:55:44.024904 1247660 worker.cc:519] [worker] Thread #139700874483456 started
I20230630 05:55:44.024953 1247660 worker.cc:519] [worker] Thread #139701169776384 started
I20230630 05:55:44.025002 1247660 worker.cc:519] [worker] Thread #139701161383680 started
I20230630 05:55:44.025048 1247660 worker.cc:519] [worker] Thread #139701152990976 started
I20230630 05:55:44.025100 1247660 worker.cc:519] [worker] Thread #139701144598272 started
I20230630 05:55:44.025149 1247660 worker.cc:519] [worker] Thread #139701136205568 started
I20230630 05:55:44.025197 1247660 worker.cc:519] [worker] Thread #139700924839680 started
I20230630 05:55:44.025352 1247660 server.cc:211] [server] Ready to accept connections
I20230630 05:55:44.811159 1247906 cluster.cc:286] MASTER MODE enabled by cluster topology setting
I20230630 05:55:47.369975 1247675 event_listener.cc:84] [event_listener/flush_begin] column family: default, thread_id: 1247675, job_id: 3, reason: 6
I20230630 05:55:47.809479 1247675 event_listener.cc:138] [event_listener/table_file_created] column family: default, file path: /nvme/jinghuan/node_40001/db/000016.sst, file size: 82645142, job id: 3, reason: flush, status: OK
I20230630 05:55:47.822943 1247675 event_listener.cc:91] [event_listener/flush_completed] column family: default, thread_id: 1247675, job_id: 3, file: /nvme/jinghuan/node_40001/db/000016.sst, reason: 6, is_write_slowdown: no, is_write_stall: no, largest seqno: 713041, smallest seqno: 1
I20230630 05:55:48.541497 1247673 event_listener.cc:138] [event_listener/table_file_created] column family: default, file path: /nvme/jinghuan/node_40001/db/000017.sst, file size: 82645138, job id: 4, reason: compaction, status: OK
I20230630 05:55:48.559000 1247673 event_listener.cc:71] [event_listener/compaction_completed] column family: default, compaction reason: 11, output compression type: no, base input level(files): 0(1), output level(files): 0(1), input bytes: 82645142, output bytes:82645138, is_manual_compaction:no, elapsed(micro): 718740
I20230630 05:55:48.570952 1247673 event_listener.cc:127] [event_listener/table_file_deleted] db: /nvme/jinghuan/node_40001/db, sst file: /nvme/jinghuan/node_40001/db/000016.sst, status: OK
I20230630 05:55:49.768846 1247676 event_listener.cc:84] [event_listener/flush_begin] column family: default, thread_id: 1247676, job_id: 5, reason: 6
I20230630 05:55:50.163842 1247676 event_listener.cc:138] [event_listener/table_file_created] column family: default, file path: /nvme/jinghuan/node_40001/db/000020.sst, file size: 78505288, job id: 5, reason: flush, status: OK
I20230630 05:55:50.175976 1247676 event_listener.cc:91] [event_listener/flush_completed] column family: default, thread_id: 1247676, job_id: 5, file: /nvme/jinghuan/node_40001/db/000020.sst, reason: 6, is_write_slowdown: no, is_write_stall: no, largest seqno: 1390355, smallest seqno: 713043
I20230630 05:55:52.056293 1247675 event_listener.cc:84] [event_listener/flush_begin] column family: default, thread_id: 1247675, job_id: 6, reason: 6
I20230630 05:55:52.468878 1247675 event_listener.cc:138] [event_listener/table_file_created] column family: default, file path: /nvme/jinghuan/node_40001/db/000023.sst, file size: 76654325, job id: 6, reason: flush, status: OK
I20230630 05:55:52.475222 1247675 event_listener.cc:91] [event_listener/flush_completed] column family: default, thread_id: 1247675, job_id: 6, file: /nvme/jinghuan/node_40001/db/000023.sst, reason: 6, is_write_slowdown: no, is_write_stall: no, largest seqno: 2051631, smallest seqno: 1390357
I20230630 05:55:54.350608 1247676 event_listener.cc:84] [event_listener/flush_begin] column family: default, thread_id: 1247676, job_id: 7, reason: 6
W20230630 05:55:55.455875 1247903 event_listener.cc:132] [event_listener/stall_cond_changed] column family: default write stall condition was changed, from normal to delay
I20230630 05:55:55.878505 1247675 event_listener.cc:84] [event_listener/flush_begin] column family: metadata, thread_id: 1247675, job_id: 8, reason: 13
I20230630 05:55:56.981007 1247676 event_listener.cc:138] [event_listener/table_file_created] column family: default, file path: /nvme/jinghuan/node_40001/db/000026.sst, file size: 76038969, job id: 7, reason: flush, status: OK
I20230630 05:55:56.997442 1247676 event_listener.cc:91] [event_listener/flush_completed] column family: default, thread_id: 1247676, job_id: 7, file: /nvme/jinghuan/node_40001/db/000026.sst, reason: 6, is_write_slowdown: no, is_write_stall: no, largest seqno: 2707616, smallest seqno: 2051633
W20230630 05:55:56.997496 1247676 event_listener.cc:132] [event_listener/stall_cond_changed] column family: default write stall condition was changed, from stop to normal
W20230630 05:55:56.997836 1247900 event_listener.cc:132] [event_listener/stall_cond_changed] column family: default write stall condition was changed, from delay to stop
I20230630 05:55:57.015556 1247676 event_listener.cc:84] [event_listener/flush_begin] column family: default, thread_id: 1247676, job_id: 10, reason: 6
I20230630 05:55:57.675802 1247675 event_listener.cc:138] [event_listener/table_file_created] column family: metadata, file path: /nvme/jinghuan/node_40001/db/000029.sst, file size: 19243701, job id: 8, reason: flush, status: OK
I20230630 05:55:57.684962 1247675 event_listener.cc:91] [event_listener/flush_completed] column family: metadata, thread_id: 1247675, job_id: 8, file: /nvme/jinghuan/node_40001/db/000029.sst, reason: 13, is_write_slowdown: no, is_write_stall: no, largest seqno: 3147562, smallest seqno: 11
W20230630 05:55:57.685273 1247902 event_listener.cc:132] [event_listener/stall_cond_changed] column family: default write stall condition was changed, from normal to delay
I20230630 05:55:57.703265 1247675 event_listener.cc:84] [event_listener/flush_begin] column family: default, thread_id: 1247675, job_id: 12, reason: 13
I20230630 05:55:59.570760 1247673 event_listener.cc:138] [event_listener/table_file_created] column family: metadata, file path: /nvme/jinghuan/node_40001/db/000034.sst, file size: 19243697, job id: 11, reason: compaction, status: OK
I20230630 05:55:59.589008 1247673 event_listener.cc:71] [event_listener/compaction_completed] column family: metadata, compaction reason: 11, output compression type: no, base input level(files): 0(1), output level(files): 0(1), input bytes: 19243701, output bytes:19243697, is_manual_compaction:no, elapsed(micro): 1885554
I20230630 05:55:59.593230 1247673 event_listener.cc:127] [event_listener/table_file_deleted] db: /nvme/jinghuan/node_40001/db, sst file: /nvme/jinghuan/node_40001/db/000029.sst, status: OK
I20230630 05:55:59.877930 1247675 event_listener.cc:138] [event_listener/table_file_created] column family: default, file path: /nvme/jinghuan/node_40001/db/000035.sst, file size: 22627269, job id: 12, reason: flush, status: OK
I20230630 05:56:03.978916 1247676 event_listener.cc:138] [event_listener/table_file_created] column family: default, file path: /nvme/jinghuan/node_40001/db/000032.sst, file size: 77557966, job id: 10, reason: flush, status: OK
I20230630 05:56:03.985394 1247676 event_listener.cc:91] [event_listener/flush_completed] column family: default, thread_id: 1247676, job_id: 10, file: /nvme/jinghuan/node_40001/db/000032.sst, reason: 13, is_write_slowdown: no, is_write_stall: no, largest seqno: 3376724, smallest seqno: 2707618
I20230630 05:56:03.985409 1247676 event_listener.cc:91] [event_listener/flush_completed] column family: default, thread_id: 1247675, job_id: 12, file: /nvme/jinghuan/node_40001/db/000035.sst, reason: 13, is_write_slowdown: no, is_write_stall: no, largest seqno: 3571864, smallest seqno: 3376726
W20230630 05:56:03.985522 1247676 event_listener.cc:132] [event_listener/stall_cond_changed] column family: default write stall condition was changed, from stop to normal
W20230630 05:56:03.985713 1247902 event_listener.cc:132] [event_listener/stall_cond_changed] column family: default write stall condition was changed, from delay to stop
I20230630 05:56:05.337870 1247675 event_listener.cc:84] [event_listener/flush_begin] column family: default, thread_id: 1247675, job_id: 13, reason: 6
W20230630 05:56:06.595115 1247899 event_listener.cc:132] [event_listener/stall_cond_changed] column family: default write stall condition was changed, from normal to delay
I20230630 05:56:07.979722 1247676 event_listener.cc:84] [event_listener/flush_begin] column family: default, thread_id: 1247676, job_id: 14, reason: 6
I20230630 05:56:10.276414 1247674 event_listener.cc:138] [event_listener/table_file_created] column family: default, file path: /nvme/jinghuan/node_40001/db/000031.sst, file size: 138728400, job id: 9, reason: compaction, status: OK
I20230630 05:56:12.687292 1247675 event_listener.cc:138] [event_listener/table_file_created] column family: default, file path: /nvme/jinghuan/node_40001/db/000038.sst, file size: 82984528, job id: 13, reason: flush, status: OK
I20230630 05:56:12.693584 1247675 event_listener.cc:91] [event_listener/flush_completed] column family: default, thread_id: 1247675, job_id: 13, file: /nvme/jinghuan/node_40001/db/000038.sst, reason: 6, is_write_slowdown: no, is_write_stall: no, largest seqno: 4287821, smallest seqno: 3571866
W20230630 05:56:12.693629 1247675 event_listener.cc:132] [event_listener/stall_cond_changed] column family: default write stall condition was changed, from stop to normal
W20230630 05:56:12.694042 1247902 event_listener.cc:132] [event_listener/stall_cond_changed] column family: default write stall condition was changed, from delay to stop
W20230630 05:56:14.035220 1247899 event_listener.cc:132] [event_listener/stall_cond_changed] column family: default write stall condition was changed, from normal to delay
I20230630 05:56:14.793367 1247676 event_listener.cc:138] [event_listener/table_file_created] column family: default, file path: /nvme/jinghuan/node_40001/db/000041.sst, file size: 85049385, job id: 14, reason: flush, status: OK
I20230630 05:56:14.809863 1247676 event_listener.cc:91] [event_listener/flush_completed] column family: default, thread_id: 1247676, job_id: 14, file: /nvme/jinghuan/node_40001/db/000041.sst, reason: 6, is_write_slowdown: no, is_write_stall: no, largest seqno: 5021565, smallest seqno: 4287823
W20230630 05:56:14.810029 1247676 event_listener.cc:132] [event_listener/stall_cond_changed] column family: default write stall condition was changed, from delay to normal
I20230630 05:56:15.421466 1247675 event_listener.cc:84] [event_listener/flush_begin] column family: default, thread_id: 1247675, job_id: 16, reason: 6
W20230630 05:56:16.662766 1247902 event_listener.cc:132] [event_listener/stall_cond_changed] column family: default write stall condition was changed, from normal to delay
I20230630 05:56:17.310122 1247676 event_listener.cc:84] [event_listener/flush_begin] column family: metadata, thread_id: 1247676, job_id: 17, reason: 13
I20230630 05:56:19.182097 1247676 event_listener.cc:138] [event_listener/table_file_created] column family: metadata, file path: /nvme/jinghuan/node_40001/db/000049.sst, file size: 19238267, job id: 17, reason: flush, status: OK
I20230630 05:56:19.188427 1247676 event_listener.cc:91] [event_listener/flush_completed] column family: metadata, thread_id: 1247676, job_id: 17, file: /nvme/jinghuan/node_40001/db/000049.sst, reason: 13, is_write_slowdown: no, is_write_stall: no, largest seqno: 6295157, smallest seqno: 3147573
I20230630 05:56:19.208598 1247676 event_listener.cc:84] [event_listener/flush_begin] column family: default, thread_id: 1247676, job_id: 18, reason: 6
I20230630 05:56:23.485947 1247674 event_listener.cc:138] [event_listener/table_file_created] column family: default, file path: /nvme/jinghuan/node_40001/db/000042.sst, file size: 138699115, job id: 9, reason: compaction, status: OK
I20230630 05:56:26.988023 1247674 event_listener.cc:138] [event_listener/table_file_created] column family: default, file path: /nvme/jinghuan/node_40001/db/000052.sst, file size: 36268061, job id: 9, reason: compaction, status: OK
I20230630 05:56:27.006283 1247674 event_listener.cc:71] [event_listener/compaction_completed] column family: default, compaction reason: 1, output compression type: no, base input level(files): 0(4), output level(files): 1(3), input bytes: 313843720, output bytes:313695576, is_manual_compaction:no, elapsed(micro): 29990548
I20230630 05:56:27.012667 1247674 event_listener.cc:71] [event_listener/compaction_completed] column family: default, compaction reason: 2, output compression type: no, base input level(files): 1(1), output level(files): 2(1), input bytes: 0, output bytes:0, is_manual_compaction:no, elapsed(micro): 0
I20230630 05:56:27.295903 1247676 event_listener.cc:138] [event_listener/table_file_created] column family: default, file path: /nvme/jinghuan/node_40001/db/000051.sst, file size: 85050444, job id: 18, reason: flush, status: OK
I20230630 05:56:27.694998 1247675 event_listener.cc:138] [event_listener/table_file_created] column family: default, file path: /nvme/jinghuan/node_40001/db/000046.sst, file size: 85056280, job id: 16, reason: flush, status: OK
I20230630 05:56:27.701671 1247675 event_listener.cc:91] [event_listener/flush_completed] column family: default, thread_id: 1247675, job_id: 16, file: /nvme/jinghuan/node_40001/db/000046.sst, reason: 6, is_write_slowdown: no, is_write_stall: no, largest seqno: 5755364, smallest seqno: 5021567
I20230630 05:56:27.701684 1247675 event_listener.cc:91] [event_listener/flush_completed] column family: default, thread_id: 1247676, job_id: 18, file: /nvme/jinghuan/node_40001/db/000051.sst, reason: 6, is_write_slowdown: no, is_write_stall: no, largest seqno: 6489152, smallest seqno: 5755366
W20230630 05:56:27.701831 1247675 event_listener.cc:132] [event_listener/stall_cond_changed] column family: default write stall condition was changed, from stop to normal
W20230630 05:56:27.701968 1247902 event_listener.cc:132] [event_listener/stall_cond_changed] column family: default write stall condition was changed, from delay to stop
I20230630 05:56:30.380496 1247676 event_listener.cc:84] [event_listener/flush_begin] column family: default, thread_id: 1247676, job_id: 20, reason: 6
W20230630 05:56:31.636318 1247904 event_listener.cc:132] [event_listener/stall_cond_changed] column family: default write stall condition was changed, from normal to delay
I20230630 05:56:32.993418 1247675 event_listener.cc:84] [event_listener/flush_begin] column family: default, thread_id: 1247675, job_id: 21, reason: 6
I20230630 05:56:36.200874 1247676 event_listener.cc:138] [event_listener/table_file_created] column family: default, file path: /nvme/jinghuan/node_40001/db/000055.sst, file size: 84954975, job id: 20, reason: flush, status: OK
I20230630 05:56:36.207402 1247676 event_listener.cc:91] [event_listener/flush_completed] column family: default, thread_id: 1247676, job_id: 20, file: /nvme/jinghuan/node_40001/db/000055.sst, reason: 6, is_write_slowdown: no, is_write_stall: no, largest seqno: 7222115, smallest seqno: 6489154
W20230630 05:56:36.207451 1247676 event_listener.cc:132] [event_listener/stall_cond_changed] column family: default write stall condition was changed, from stop to normal
W20230630 05:56:36.208043 1247904 event_listener.cc:132] [event_listener/stall_cond_changed] column family: default write stall condition was changed, from delay to stop
W20230630 05:56:37.536932 1247904 event_listener.cc:132] [event_listener/stall_cond_changed] column family: default write stall condition was changed, from normal to delay
I20230630 05:56:38.605427 1247675 event_listener.cc:138] [event_listener/table_file_created] column family: default, file path: /nvme/jinghuan/node_40001/db/000058.sst, file size: 85039689, job id: 21, reason: flush, status: OK
I20230630 05:56:38.613843 1247675 event_listener.cc:91] [event_listener/flush_completed] column family: default, thread_id: 1247675, job_id: 21, file: /nvme/jinghuan/node_40001/db/000058.sst, reason: 6, is_write_slowdown: no, is_write_stall: no, largest seqno: 7955815, smallest seqno: 7222117
W20230630 05:56:38.613998 1247675 event_listener.cc:132] [event_listener/stall_cond_changed] column family: default write stall condition was changed, from delay to normal
I20230630 05:56:38.949836 1247676 event_listener.cc:84] [event_listener/flush_begin] column family: default, thread_id: 1247676, job_id: 23, reason: 6
W20230630 05:56:40.220369 1247904 event_listener.cc:132] [event_listener/stall_cond_changed] column family: default write stall condition was changed, from normal to delay
I20230630 05:56:41.583391 1247675 event_listener.cc:84] [event_listener/flush_begin] column family: default, thread_id: 1247675, job_id: 24, reason: 6
I20230630 05:56:43.204054 1247673 event_listener.cc:138] [event_listener/table_file_created] column family: default, file path: /nvme/jinghuan/node_40001/db/000044.sst, file size: 268103039, job id: 15, reason: compaction, status: OK
I20230630 05:56:43.229678 1247673 event_listener.cc:71] [event_listener/compaction_completed] column family: default, compaction reason: 1, output compression type: no, base input level(files): 0(4), output level(files): 0(1), input bytes: 268219148, output bytes:268103039, is_manual_compaction:no, elapsed(micro): 28394153
I20230630 05:56:43.238613 1247673 event_listener.cc:127] [event_listener/table_file_deleted] db: /nvme/jinghuan/node_40001/db, sst file: /nvme/jinghuan/node_40001/db/000026.sst, status: OK
I20230630 05:56:43.244823 1247673 event_listener.cc:127] [event_listener/table_file_deleted] db: /nvme/jinghuan/node_40001/db, sst file: /nvme/jinghuan/node_40001/db/000023.sst, status: OK
I20230630 05:56:43.251089 1247673 event_listener.cc:127] [event_listener/table_file_deleted] db: /nvme/jinghuan/node_40001/db, sst file: /nvme/jinghuan/node_40001/db/000020.sst, status: OK
I20230630 05:56:43.257607 1247673 event_listener.cc:127] [event_listener/table_file_deleted] db: /nvme/jinghuan/node_40001/db, sst file: /nvme/jinghuan/node_40001/db/000017.sst, status: OK
I20230630 05:56:46.810413 1247676 event_listener.cc:138] [event_listener/table_file_created] column family: default, file path: /nvme/jinghuan/node_40001/db/000062.sst, file size: 84925392, job id: 23, reason: flush, status: OK
I20230630 05:56:46.818449 1247676 event_listener.cc:91] [event_listener/flush_completed] column family: default, thread_id: 1247676, job_id: 23, file: /nvme/jinghuan/node_40001/db/000062.sst, reason: 6, is_write_slowdown: no, is_write_stall: no, largest seqno: 8688536, smallest seqno: 7955817
W20230630 05:56:46.818506 1247676 event_listener.cc:132] [event_listener/stall_cond_changed] column family: default write stall condition was changed, from stop to normal
W20230630 05:56:46.818871 1247903 event_listener.cc:132] [event_listener/stall_cond_changed] column family: default write stall condition was changed, from delay to stop
I20230630 05:56:46.917094 1247676 event_listener.cc:84] [event_listener/flush_begin] column family: metadata, thread_id: 1247676, job_id: 25, reason: 13
W20230630 05:56:48.066457 1247907 event_listener.cc:132] [event_listener/stall_cond_changed] column family: default write stall condition was changed, from normal to delay
I20230630 05:56:48.608966 1247676 event_listener.cc:138] [event_listener/table_file_created] column family: metadata, file path: /nvme/jinghuan/node_40001/db/000067.sst, file size: 19219027, job id: 25, reason: flush, status: OK
I20230630 05:56:48.615581 1247676 event_listener.cc:91] [event_listener/flush_completed] column family: metadata, thread_id: 1247676, job_id: 25, file: /nvme/jinghuan/node_40001/db/000067.sst, reason: 13, is_write_slowdown: no, is_write_stall: no, largest seqno: 9442697, smallest seqno: 6295168
I20230630 05:56:49.007594 1247675 event_listener.cc:138] [event_listener/table_file_created] column family: default, file path: /nvme/jinghuan/node_40001/db/000065.sst, file size: 85049643, job id: 24, reason: flush, status: OK
I20230630 05:56:49.014153 1247675 event_listener.cc:91] [event_listener/flush_completed] column family: default, thread_id: 1247675, job_id: 24, file: /nvme/jinghuan/node_40001/db/000065.sst, reason: 6, is_write_slowdown: no, is_write_stall: no, largest seqno: 9422291, smallest seqno: 8688538
W20230630 05:56:49.014267 1247675 event_listener.cc:132] [event_listener/stall_cond_changed] column family: default write stall condition was changed, from delay to normal
I20230630 05:56:49.314466 1247676 event_listener.cc:84] [event_listener/flush_begin] column family: default, thread_id: 1247676, job_id: 27, reason: 6
W20230630 05:56:50.455119 1247900 event_listener.cc:132] [event_listener/stall_cond_changed] column family: default write stall condition was changed, from normal to delay
I20230630 05:56:51.683202 1247675 event_listener.cc:84] [event_listener/flush_begin] column family: default, thread_id: 1247675, job_id: 30, reason: 6
I20230630 05:56:53.809803 1247676 event_listener.cc:138] [event_listener/table_file_created] column family: default, file path: /nvme/jinghuan/node_40001/db/000070.sst, file size: 77991528, job id: 27, reason: flush, status: OK
I20230630 05:56:53.816561 1247676 event_listener.cc:91] [event_listener/flush_completed] column family: default, thread_id: 1247676, job_id: 27, file: /nvme/jinghuan/node_40001/db/000070.sst, reason: 6, is_write_slowdown: no, is_write_stall: no, largest seqno: 10095128, smallest seqno: 9422293
W20230630 05:56:53.816661 1247676 event_listener.cc:132] [event_listener/stall_cond_changed] column family: default write stall condition was changed, from stop to normal
W20230630 05:56:53.816978 1247900 event_listener.cc:132] [event_listener/stall_cond_changed] column family: default write stall condition was changed, from delay to stop
W20230630 05:56:55.017292 1247899 event_listener.cc:132] [event_listener/stall_cond_changed] column family: default write stall condition was changed, from normal to delay
I20230630 05:56:56.214267 1247675 event_listener.cc:138] [event_listener/table_file_created] column family: default, file path: /nvme/jinghuan/node_40001/db/000073.sst, file size: 76340856, job id: 30, reason: flush, status: OK
I20230630 05:56:56.225936 1247675 event_listener.cc:91] [event_listener/flush_completed] column family: default, thread_id: 1247675, job_id: 30, file: /nvme/jinghuan/node_40001/db/000073.sst, reason: 6, is_write_slowdown: no, is_write_stall: no, largest seqno: 10753742, smallest seqno: 10095130
W20230630 05:56:56.226305 1247675 event_listener.cc:132] [event_listener/stall_cond_changed] column family: default write stall condition was changed, from stop to normal
W20230630 05:56:56.226680 1247899 event_listener.cc:132] [event_listener/stall_cond_changed] column family: default write stall condition was changed, from delay to stop
I20230630 05:56:56.239398 1247676 event_listener.cc:84] [event_listener/flush_begin] column family: default, thread_id: 1247676, job_id: 34, reason: 6
W20230630 05:56:57.409598 1247899 event_listener.cc:132] [event_listener/stall_cond_changed] column family: default write stall condition was changed, from normal to delay
I20230630 05:56:58.704285 1247675 event_listener.cc:84] [event_listener/flush_begin] column family: default, thread_id: 1247675, job_id: 36, reason: 6
I20230630 05:57:02.921859 1247676 event_listener.cc:138] [event_listener/table_file_created] column family: default, file path: /nvme/jinghuan/node_40001/db/000077.sst, file size: 75677445, job id: 34, reason: flush, status: OK
I20230630 05:57:02.937315 1247676 event_listener.cc:91] [event_listener/flush_completed] column family: default, thread_id: 1247676, job_id: 34, file: /nvme/jinghuan/node_40001/db/000077.sst, reason: 6, is_write_slowdown: no, is_write_stall: no, largest seqno: 11406647, smallest seqno: 10753744
W20230630 05:57:02.937418 1247676 event_listener.cc:132] [event_listener/stall_cond_changed] column family: default write stall condition was changed, from stop to normal
W20230630 05:57:02.937940 1247907 event_listener.cc:132] [event_listener/stall_cond_changed] column family: default write stall condition was changed, from delay to stop
W20230630 05:57:04.143071 1247900 event_listener.cc:132] [event_listener/stall_cond_changed] column family: default write stall condition was changed, from normal to delay
I20230630 05:57:04.815817 1247676 event_listener.cc:84] [event_listener/flush_begin] column family: metadata, thread_id: 1247676, job_id: 37, reason: 13
I20230630 05:57:05.828578 1247675 event_listener.cc:138] [event_listener/table_file_created] column family: default, file path: /nvme/jinghuan/node_40001/db/000080.sst, file size: 78275466, job id: 36, reason: flush, status: OK
I20230630 05:57:05.844347 1247675 event_listener.cc:91] [event_listener/flush_completed] column family: default, thread_id: 1247675, job_id: 36, file: /nvme/jinghuan/node_40001/db/000080.sst, reason: 6, is_write_slowdown: no, is_write_stall: no, largest seqno: 12081970, smallest seqno: 11406649
W20230630 05:57:05.844456 1247675 event_listener.cc:132] [event_listener/stall_cond_changed] column family: default write stall condition was changed, from stop to normal
W20230630 05:57:05.846693 1247906 event_listener.cc:132] [event_listener/stall_cond_changed] column family: default write stall condition was changed, from delay to stop
I20230630 05:57:05.868724 1247675 event_listener.cc:84] [event_listener/flush_begin] column family: default, thread_id: 1247675, job_id: 38, reason: 6
I20230630 05:57:06.716910 1247676 event_listener.cc:138] [event_listener/table_file_created] column family: metadata, file path: /nvme/jinghuan/node_40001/db/000083.sst, file size: 19220996, job id: 37, reason: flush, status: OK
I20230630 05:57:06.723536 1247676 event_listener.cc:91] [event_listener/flush_completed] column family: metadata, thread_id: 1247676, job_id: 37, file: /nvme/jinghuan/node_40001/db/000083.sst, reason: 13, is_write_slowdown: no, is_write_stall: no, largest seqno: 12590281, smallest seqno: 9442708
W20230630 05:57:07.202075 1247904 event_listener.cc:132] [event_listener/stall_cond_changed] column family: default write stall condition was changed, from normal to delay
I20230630 05:57:08.587888 1247676 event_listener.cc:84] [event_listener/flush_begin] column family: default, thread_id: 1247676, job_id: 39, reason: 6
I20230630 05:57:12.531970 1247675 event_listener.cc:138] [event_listener/table_file_created] column family: default, file path: /nvme/jinghuan/node_40001/db/000085.sst, file size: 77410213, job id: 38, reason: flush, status: OK
I20230630 05:57:12.548683 1247675 event_listener.cc:91] [event_listener/flush_completed] column family: default, thread_id: 1247675, job_id: 38, file: /nvme/jinghuan/node_40001/db/000085.sst, reason: 6, is_write_slowdown: no, is_write_stall: no, largest seqno: 12749857, smallest seqno: 12081972
W20230630 05:57:12.549115 1247675 event_listener.cc:132] [event_listener/stall_cond_changed] column family: default write stall condition was changed, from stop to normal
W20230630 05:57:12.549293 1247902 event_listener.cc:132] [event_listener/stall_cond_changed] column family: default write stall condition was changed, from delay to stop
I20230630 05:57:12.625821 1247674 event_listener.cc:138] [event_listener/table_file_created] column family: default, file path: /nvme/jinghuan/node_40001/db/000060.sst, file size: 339971214, job id: 22, reason: compaction, status: OK
I20230630 05:57:12.647845 1247674 event_listener.cc:71] [event_listener/compaction_completed] column family: default, compaction reason: 1, output compression type: no, base input level(files): 0(4), output level(files): 0(1), input bytes: 340101388, output bytes:339971214, is_manual_compaction:no, elapsed(micro): 34011869
I20230630 05:57:12.654580 1247674 event_listener.cc:127] [event_listener/table_file_deleted] db: /nvme/jinghuan/node_40001/db, sst file: /nvme/jinghuan/node_40001/db/000041.sst, status: OK
I20230630 05:57:12.661077 1247674 event_listener.cc:127] [event_listener/table_file_deleted] db: /nvme/jinghuan/node_40001/db, sst file: /nvme/jinghuan/node_40001/db/000038.sst, status: OK
I20230630 05:57:12.662942 1247674 event_listener.cc:127] [event_listener/table_file_deleted] db: /nvme/jinghuan/node_40001/db, sst file: /nvme/jinghuan/node_40001/db/000035.sst, status: OK
I20230630 05:57:12.669076 1247674 event_listener.cc:127] [event_listener/table_file_deleted] db: /nvme/jinghuan/node_40001/db, sst file: /nvme/jinghuan/node_40001/db/000032.sst, status: OK
W20230630 05:57:13.813776 1247901 event_listener.cc:132] [event_listener/stall_cond_changed] column family: default write stall condition was changed, from normal to delay
I20230630 05:57:15.083688 1247675 event_listener.cc:84] [event_listener/flush_begin] column family: default, thread_id: 1247675, job_id: 42, reason: 6
I20230630 05:57:15.227084 1247676 event_listener.cc:138] [event_listener/table_file_created] column family: default, file path: /nvme/jinghuan/node_40001/db/000088.sst, file size: 85052781, job id: 39, reason: flush, status: OK
I20230630 05:57:15.235937 1247676 event_listener.cc:91] [event_listener/flush_completed] column family: default, thread_id: 1247676, job_id: 39, file: /nvme/jinghuan/node_40001/db/000088.sst, reason: 6, is_write_slowdown: no, is_write_stall: no, largest seqno: 13483656, smallest seqno: 12749859
W20230630 05:57:15.235981 1247676 event_listener.cc:132] [event_listener/stall_cond_changed] column family: default write stall condition was changed, from stop to normal
W20230630 05:57:15.239647 1247901 event_listener.cc:132] [event_listener/stall_cond_changed] column family: default write stall condition was changed, from delay to stop
W20230630 05:57:16.618376 1247907 event_listener.cc:132] [event_listener/stall_cond_changed] column family: default write stall condition was changed, from normal to delay
I20230630 05:57:18.035328 1247676 event_listener.cc:84] [event_listener/flush_begin] column family: default, thread_id: 1247676, job_id: 43, reason: 6
I20230630 05:57:20.522610 1247674 event_listener.cc:138] [event_listener/table_file_created] column family: metadata, file path: /nvme/jinghuan/node_40001/db/000089.sst, file size: 76274362, job id: 41, reason: compaction, status: OK
I20230630 05:57:20.539346 1247674 event_listener.cc:71] [event_listener/compaction_completed] column family: metadata, compaction reason: 1, output compression type: no, base input level(files): 0(4), output level(files): 1(1), input bytes: 76921987, output bytes:76274362, is_manual_compaction:no, elapsed(micro): 7853494
I20230630 05:57:20.541143 1247674 event_listener.cc:127] [event_listener/table_file_deleted] db: /nvme/jinghuan/node_40001/db, sst file: /nvme/jinghuan/node_40001/db/000067.sst, status: OK
I20230630 05:57:20.542737 1247674 event_listener.cc:127] [event_listener/table_file_deleted] db: /nvme/jinghuan/node_40001/db, sst file: /nvme/jinghuan/node_40001/db/000049.sst, status: OK
I20230630 05:57:20.544353 1247674 event_listener.cc:127] [event_listener/table_file_deleted] db: /nvme/jinghuan/node_40001/db, sst file: /nvme/jinghuan/node_40001/db/000034.sst, status: OK
I20230630 05:57:21.836517 1247675 event_listener.cc:138] [event_listener/table_file_created] column family: default, file path: /nvme/jinghuan/node_40001/db/000092.sst, file size: 78293291, job id: 42, reason: flush, status: OK
I20230630 05:57:21.853420 1247675 event_listener.cc:91] [event_listener/flush_completed] column family: default, thread_id: 1247675, job_id: 42, file: /nvme/jinghuan/node_40001/db/000092.sst, reason: 6, is_write_slowdown: no, is_write_stall: no, largest seqno: 14159111, smallest seqno: 13483658
W20230630 05:57:21.853534 1247675 event_listener.cc:132] [event_listener/stall_cond_changed] column family: default write stall condition was changed, from stop to normal
W20230630 05:57:21.854091 1247907 event_listener.cc:132] [event_listener/stall_cond_changed] column family: default write stall condition was changed, from delay to stop
W20230630 05:57:23.179682 1247900 event_listener.cc:132] [event_listener/stall_cond_changed] column family: default write stall condition was changed, from normal to delay
I20230630 05:57:24.554322 1247675 event_listener.cc:84] [event_listener/flush_begin] column family: default, thread_id: 1247675, job_id: 45, reason: 6
I20230630 05:57:24.829531 1247676 event_listener.cc:138] [event_listener/table_file_created] column family: default, file path: /nvme/jinghuan/node_40001/db/000095.sst, file size: 85057942, job id: 43, reason: flush, status: OK
I20230630 05:57:24.835904 1247676 event_listener.cc:91] [event_listener/flush_completed] column family: default, thread_id: 1247676, job_id: 43, file: /nvme/jinghuan/node_40001/db/000095.sst, reason: 6, is_write_slowdown: no, is_write_stall: no, largest seqno: 14892954, smallest seqno: 14159113
W20230630 05:57:24.835947 1247676 event_listener.cc:132] [event_listener/stall_cond_changed] column family: default write stall condition was changed, from stop to normal
W20230630 05:57:24.836263 1247907 event_listener.cc:132] [event_listener/stall_cond_changed] column family: default write stall condition was changed, from delay to stop
I20230630 05:57:25.252763 1247676 event_listener.cc:84] [event_listener/flush_begin] column family: metadata, thread_id: 1247676, job_id: 46, reason: 13
W20230630 05:57:26.148839 1247907 event_listener.cc:132] [event_listener/stall_cond_changed] column family: default write stall condition was changed, from normal to delay
I20230630 05:57:27.034569 1247676 event_listener.cc:138] [event_listener/table_file_created] column family: metadata, file path: /nvme/jinghuan/node_40001/db/000101.sst, file size: 19250523, job id: 46, reason: flush, status: OK
I20230630 05:57:27.047511 1247676 event_listener.cc:91] [event_listener/flush_completed] column family: metadata, thread_id: 1247676, job_id: 46, file: /nvme/jinghuan/node_40001/db/000101.sst, reason: 13, is_write_slowdown: no, is_write_stall: no, largest seqno: 15737854, smallest seqno: 12590292
I20230630 05:57:27.095880 1247676 event_listener.cc:84] [event_listener/flush_begin] column family: default, thread_id: 1247676, job_id: 47, reason: 13
I20230630 05:57:28.436025 1247673 event_listener.cc:138] [event_listener/table_file_created] column family: default, file path: /nvme/jinghuan/node_40001/db/000076.sst, file size: 324141997, job id: 35, reason: compaction, status: OK
I20230630 05:57:28.458259 1247673 event_listener.cc:71] [event_listener/compaction_completed] column family: default, compaction reason: 1, output compression type: no, base input level(files): 0(4), output level(files): 0(1), input bytes: 324307419, output bytes:324141997, is_manual_compaction:no, elapsed(micro): 32209824
I20230630 05:57:28.459947 1247673 event_listener.cc:127] [event_listener/table_file_deleted] db: /nvme/jinghuan/node_40001/db, sst file: /nvme/jinghuan/node_40001/db/000083.sst, status: OK
I20230630 05:57:28.467507 1247673 event_listener.cc:127] [event_listener/table_file_deleted] db: /nvme/jinghuan/node_40001/db, sst file: /nvme/jinghuan/node_40001/db/000058.sst, status: OK
I20230630 05:57:28.475087 1247673 event_listener.cc:127] [event_listener/table_file_deleted] db: /nvme/jinghuan/node_40001/db, sst file: /nvme/jinghuan/node_40001/db/000055.sst, status: OK
I20230630 05:57:28.481828 1247673 event_listener.cc:127] [event_listener/table_file_deleted] db: /nvme/jinghuan/node_40001/db, sst file: /nvme/jinghuan/node_40001/db/000051.sst, status: OK
I20230630 05:57:28.488559 1247673 event_listener.cc:127] [event_listener/table_file_deleted] db: /nvme/jinghuan/node_40001/db, sst file: /nvme/jinghuan/node_40001/db/000046.sst, status: OK
I20230630 05:57:31.441237 1247675 event_listener.cc:138] [event_listener/table_file_created] column family: default, file path: /nvme/jinghuan/node_40001/db/000099.sst, file size: 84942904, job id: 45, reason: flush, status: OK
I20230630 05:57:31.447816 1247675 event_listener.cc:91] [event_listener/flush_completed] column family: default, thread_id: 1247675, job_id: 45, file: /nvme/jinghuan/node_40001/db/000099.sst, reason: 13, is_write_slowdown: no, is_write_stall: no, largest seqno: 15625840, smallest seqno: 14892956
W20230630 05:57:31.447913 1247675 event_listener.cc:132] [event_listener/stall_cond_changed] column family: default write stall condition was changed, from stop to normal
W20230630 05:57:31.447988 1247903 event_listener.cc:132] [event_listener/stall_cond_changed] column family: default write stall condition was changed, from delay to stop
I20230630 05:57:31.737233 1247676 event_listener.cc:138] [event_listener/table_file_created] column family: default, file path: /nvme/jinghuan/node_40001/db/000104.sst, file size: 71948523, job id: 47, reason: flush, status: OK
I20230630 05:57:31.743644 1247676 event_listener.cc:91] [event_listener/flush_completed] column family: default, thread_id: 1247676, job_id: 47, file: /nvme/jinghuan/node_40001/db/000104.sst, reason: 13, is_write_slowdown: no, is_write_stall: no, largest seqno: 16246570, smallest seqno: 15625842
I20230630 05:57:34.112738 1247675 event_listener.cc:84] [event_listener/flush_begin] column family: default, thread_id: 1247675, job_id: 51, reason: 6
W20230630 05:57:35.381417 1247907 event_listener.cc:132] [event_listener/stall_cond_changed] column family: default write stall condition was changed, from normal to delay
I20230630 05:57:36.778112 1247676 event_listener.cc:84] [event_listener/flush_begin] column family: default, thread_id: 1247676, job_id: 52, reason: 6
I20230630 05:57:39.140360 1247675 event_listener.cc:138] [event_listener/table_file_created] column family: default, file path: /nvme/jinghuan/node_40001/db/000108.sst, file size: 84900034, job id: 51, reason: flush, status: OK
I20230630 05:57:39.146935 1247675 event_listener.cc:91] [event_listener/flush_completed] column family: default, thread_id: 1247675, job_id: 51, file: /nvme/jinghuan/node_40001/db/000108.sst, reason: 6, is_write_slowdown: no, is_write_stall: no, largest seqno: 16979071, smallest seqno: 16246572
W20230630 05:57:39.146988 1247675 event_listener.cc:132] [event_listener/stall_cond_changed] column family: default write stall condition was changed, from stop to normal
W20230630 05:57:39.147411 1247907 event_listener.cc:132] [event_listener/stall_cond_changed] column family: default write stall condition was changed, from delay to stop
W20230630 05:57:40.469245 1247900 event_listener.cc:132] [event_listener/stall_cond_changed] column family: default write stall condition was changed, from normal to delay
I20230630 05:57:42.027006 1247675 event_listener.cc:84] [event_listener/flush_begin] column family: default, thread_id: 1247675, job_id: 53, reason: 6
I20230630 05:57:44.343063 1247676 event_listener.cc:138] [event_listener/table_file_created] column family: default, file path: /nvme/jinghuan/node_40001/db/000111.sst, file size: 85049593, job id: 52, reason: flush, status: OK
I20230630 05:57:44.349424 1247676 event_listener.cc:91] [event_listener/flush_completed] column family: default, thread_id: 1247676, job_id: 52, file: /nvme/jinghuan/node_40001/db/000111.sst, reason: 6, is_write_slowdown: no, is_write_stall: no, largest seqno: 17712848, smallest seqno: 16979073
W20230630 05:57:44.349484 1247676 event_listener.cc:132] [event_listener/stall_cond_changed] column family: default write stall condition was changed, from stop to normal
W20230630 05:57:44.351058 1247899 event_listener.cc:132] [event_listener/stall_cond_changed] column family: default write stall condition was changed, from delay to stop
W20230630 05:57:45.559976 1247901 event_listener.cc:132] [event_listener/stall_cond_changed] column family: default write stall condition was changed, from normal to delay
I20230630 05:57:46.004572 1247676 event_listener.cc:84] [event_listener/flush_begin] column family: metadata, thread_id: 1247676, job_id: 54, reason: 13
I20230630 05:57:47.454030 1247674 event_listener.cc:138] [event_listener/table_file_created] column family: default, file path: /nvme/jinghuan/node_40001/db/000096.sst, file size: 316298252, job id: 44, reason: compaction, status: OK
I20230630 05:57:47.473793 1247674 event_listener.cc:71] [event_listener/compaction_completed] column family: default, compaction reason: 1, output compression type: no, base input level(files): 0(4), output level(files): 0(1), input bytes: 316415905, output bytes:316298252, is_manual_compaction:no, elapsed(micro): 26909679
I20230630 05:57:47.481441 1247674 event_listener.cc:127] [event_listener/table_file_deleted] db: /nvme/jinghuan/node_40001/db, sst file: /nvme/jinghuan/node_40001/db/000073.sst, status: OK
I20230630 05:57:47.487840 1247674 event_listener.cc:127] [event_listener/table_file_deleted] db: /nvme/jinghuan/node_40001/db, sst file: /nvme/jinghuan/node_40001/db/000070.sst, status: OK
I20230630 05:57:47.494655 1247674 event_listener.cc:127] [event_listener/table_file_deleted] db: /nvme/jinghuan/node_40001/db, sst file: /nvme/jinghuan/node_40001/db/000065.sst, status: OK
I20230630 05:57:47.501319 1247674 event_listener.cc:127] [event_listener/table_file_deleted] db: /nvme/jinghuan/node_40001/db, sst file: /nvme/jinghuan/node_40001/db/000062.sst, status: OK
I20230630 05:57:47.743976 1247676 event_listener.cc:138] [event_listener/table_file_created] column family: metadata, file path: /nvme/jinghuan/node_40001/db/000117.sst, file size: 19249695, job id: 54, reason: flush, status: OK
I20230630 05:57:47.753039 1247676 event_listener.cc:91] [event_listener/flush_completed] column family: metadata, thread_id: 1247676, job_id: 54, file: /nvme/jinghuan/node_40001/db/000117.sst, reason: 13, is_write_slowdown: no, is_write_stall: no, largest seqno: 18885427, smallest seqno: 15737865
I20230630 05:57:47.778003 1247676 event_listener.cc:84] [event_listener/flush_begin] column family: default, thread_id: 1247676, job_id: 56, reason: 6
I20230630 05:57:48.548962 1247675 event_listener.cc:138] [event_listener/table_file_created] column family: default, file path: /nvme/jinghuan/node_40001/db/000114.sst, file size: 85047743, job id: 53, reason: flush, status: OK
I20230630 05:57:48.555374 1247675 event_listener.cc:91] [event_listener/flush_completed] column family: default, thread_id: 1247675, job_id: 53, file: /nvme/jinghuan/node_40001/db/000114.sst, reason: 6, is_write_slowdown: no, is_write_stall: no, largest seqno: 18446603, smallest seqno: 17712850
W20230630 05:57:48.555553 1247675 event_listener.cc:132] [event_listener/stall_cond_changed] column family: default write stall condition was changed, from stop to normal
W20230630 05:57:48.555663 1247901 event_listener.cc:132] [event_listener/stall_cond_changed] column family: default write stall condition was changed, from delay to stop
W20230630 05:57:50.047757 1247903 event_listener.cc:132] [event_listener/stall_cond_changed] column family: default write stall condition was changed, from normal to delay
I20230630 05:57:50.645901 1247676 event_listener.cc:138] [event_listener/table_file_created] column family: default, file path: /nvme/jinghuan/node_40001/db/000119.sst, file size: 76945787, job id: 56, reason: flush, status: OK
I20230630 05:57:50.661763 1247676 event_listener.cc:91] [event_listener/flush_completed] column family: default, thread_id: 1247676, job_id: 56, file: /nvme/jinghuan/node_40001/db/000119.sst, reason: 6, is_write_slowdown: no, is_write_stall: no, largest seqno: 19110453, smallest seqno: 18446605
W20230630 05:57:50.662299 1247676 event_listener.cc:132] [event_listener/stall_cond_changed] column family: default write stall condition was changed, from delay to normal
I20230630 05:57:51.575435 1247675 event_listener.cc:84] [event_listener/flush_begin] column family: default, thread_id: 1247675, job_id: 60, reason: 6
W20230630 05:57:53.004360 1247903 event_listener.cc:132] [event_listener/stall_cond_changed] column family: default write stall condition was changed, from normal to delay
I20230630 05:57:53.352106 1247673 event_listener.cc:138] [event_listener/table_file_created] column family: default, file path: /nvme/jinghuan/node_40001/db/000105.sst, file size: 320131700, job id: 50, reason: compaction, status: OK
I20230630 05:57:53.374222 1247673 event_listener.cc:71] [event_listener/compaction_completed] column family: default, compaction reason: 1, output compression type: no, base input level(files): 0(4), output level(files): 0(1), input bytes: 320242660, output bytes:320131700, is_manual_compaction:no, elapsed(micro): 21608373
I20230630 05:57:53.385444 1247673 event_listener.cc:127] [event_listener/table_file_deleted] db: /nvme/jinghuan/node_40001/db, sst file: /nvme/jinghuan/node_40001/db/000088.sst, status: OK
I20230630 05:57:53.392040 1247673 event_listener.cc:127] [event_listener/table_file_deleted] db: /nvme/jinghuan/node_40001/db, sst file: /nvme/jinghuan/node_40001/db/000085.sst, status: OK
I20230630 05:57:53.397644 1247673 event_listener.cc:127] [event_listener/table_file_deleted] db: /nvme/jinghuan/node_40001/db, sst file: /nvme/jinghuan/node_40001/db/000080.sst, status: OK
I20230630 05:57:53.403095 1247673 event_listener.cc:127] [event_listener/table_file_deleted] db: /nvme/jinghuan/node_40001/db, sst file: /nvme/jinghuan/node_40001/db/000077.sst, status: OK
I20230630 05:57:54.564397 1247676 event_listener.cc:84] [event_listener/flush_begin] column family: default, thread_id: 1247676, job_id: 63, reason: 6
I20230630 05:57:56.255759 1247675 event_listener.cc:138] [event_listener/table_file_created] column family: default, file path: /nvme/jinghuan/node_40001/db/000123.sst, file size: 84967651, job id: 60, reason: flush, status: OK
I20230630 05:57:56.267591 1247675 event_listener.cc:91] [event_listener/flush_completed] column family: default, thread_id: 1247675, job_id: 60, file: /nvme/jinghuan/node_40001/db/000123.sst, reason: 6, is_write_slowdown: no, is_write_stall: no, largest seqno: 19843537, smallest seqno: 19110455
W20230630 05:57:56.267637 1247675 event_listener.cc:132] [event_listener/stall_cond_changed] column family: default write stall condition was changed, from stop to normal
W20230630 05:57:56.267841 1247903 event_listener.cc:132] [event_listener/stall_cond_changed] column family: default write stall condition was changed, from delay to stop
W20230630 05:57:57.508781 1247900 event_listener.cc:132] [event_listener/stall_cond_changed] column family: default write stall condition was changed, from normal to delay
I20230630 05:57:58.255403 1247676 event_listener.cc:138] [event_listener/table_file_created] column family: default, file path: /nvme/jinghuan/node_40001/db/000126.sst, file size: 85049551, job id: 63, reason: flush, status: OK
I20230630 05:57:58.261934 1247676 event_listener.cc:91] [event_listener/flush_completed] column family: default, thread_id: 1247676, job_id: 63, file: /nvme/jinghuan/node_40001/db/000126.sst, reason: 6, is_write_slowdown: no, is_write_stall: no, largest seqno: 20577314, smallest seqno: 19843539
W20230630 05:57:58.261989 1247676 event_listener.cc:132] [event_listener/stall_cond_changed] column family: default write stall condition was changed, from delay to normal
I20230630 05:57:58.785353 1247675 event_listener.cc:84] [event_listener/flush_begin] column family: default, thread_id: 1247675, job_id: 68, reason: 6
W20230630 05:57:59.947333 1247900 event_listener.cc:132] [event_listener/stall_cond_changed] column family: default write stall condition was changed, from normal to delay
