Log file created at: 2023/06/30 04:44:34
Running on machine: en4217754l
Running duration (h:mm:ss): 0:00:00
Log line format: [IWEF]yyyymmdd hh:mm:ss.uuuuuu threadid file:line] msg
I20230630 04:44:34.507206 1229608 main.cc:328] kvrocks unstable (commit 4a10c89)
I20230630 04:44:35.010011 1229608 storage.cc:322] [storage] Success to load the data from disk: 100 ms
I20230630 04:44:35.010413 1229608 worker.cc:72] [worker] Listening on: 10.218.109.65:40001
I20230630 04:44:35.010432 1229608 worker.cc:72] [worker] Listening on: 127.0.0.1:40001
I20230630 04:44:35.010594 1229608 worker.cc:72] [worker] Listening on: 10.218.109.65:40001
I20230630 04:44:35.010607 1229608 worker.cc:72] [worker] Listening on: 127.0.0.1:40001
I20230630 04:44:35.010710 1229608 worker.cc:72] [worker] Listening on: 10.218.109.65:40001
I20230630 04:44:35.010722 1229608 worker.cc:72] [worker] Listening on: 127.0.0.1:40001
I20230630 04:44:35.010828 1229608 worker.cc:72] [worker] Listening on: 10.218.109.65:40001
I20230630 04:44:35.010839 1229608 worker.cc:72] [worker] Listening on: 127.0.0.1:40001
I20230630 04:44:35.010934 1229608 worker.cc:72] [worker] Listening on: 10.218.109.65:40001
I20230630 04:44:35.010946 1229608 worker.cc:72] [worker] Listening on: 127.0.0.1:40001
I20230630 04:44:35.011037 1229608 worker.cc:72] [worker] Listening on: 10.218.109.65:40001
I20230630 04:44:35.011049 1229608 worker.cc:72] [worker] Listening on: 127.0.0.1:40001
I20230630 04:44:35.011140 1229608 worker.cc:72] [worker] Listening on: 10.218.109.65:40001
I20230630 04:44:35.011152 1229608 worker.cc:72] [worker] Listening on: 127.0.0.1:40001
I20230630 04:44:35.011242 1229608 worker.cc:72] [worker] Listening on: 10.218.109.65:40001
I20230630 04:44:35.011253 1229608 worker.cc:72] [worker] Listening on: 127.0.0.1:40001
W20230630 04:44:35.011337 1229608 server.cc:1650] [server] Increased maximum number of open files to 14224 (it's originally set to 1024)
I20230630 04:44:35.011485 1229608 cluster.cc:643] The cluster nodes file /nvme/jinghuan/node_40001/nodes.conf is not found. Use CLUSTERX subcommands to specify it.
I20230630 04:44:35.011500 1229608 cluster.cc:643] The cluster nodes file /nvme/jinghuan/node_40001/nodes.conf is not found. Use CLUSTERX subcommands to specify it.
I20230630 04:44:35.013798 1229608 worker.cc:519] [worker] Thread #140128668346112 started
I20230630 04:44:35.013832 1229608 worker.cc:519] [worker] Thread #140128676738816 started
I20230630 04:44:35.013873 1229608 worker.cc:519] [worker] Thread #140129177155328 started
I20230630 04:44:35.013909 1229608 worker.cc:519] [worker] Thread #140129168762624 started
I20230630 04:44:35.013947 1229608 worker.cc:519] [worker] Thread #140129160369920 started
I20230630 04:44:35.013990 1229608 worker.cc:519] [worker] Thread #140128810956544 started
I20230630 04:44:35.014027 1229608 worker.cc:519] [worker] Thread #140128802563840 started
I20230630 04:44:35.014065 1229608 worker.cc:519] [worker] Thread #140128794171136 started
I20230630 04:44:35.014185 1229608 server.cc:211] [server] Ready to accept connections
I20230630 04:44:35.530613 1229857 cluster.cc:286] MASTER MODE enabled by cluster topology setting
I20230630 04:44:38.004773 1229631 event_listener.cc:84] [event_listener/flush_begin] column family: default, thread_id: 1229631, job_id: 3, reason: 6
I20230630 04:44:38.501632 1229631 event_listener.cc:138] [event_listener/table_file_created] column family: default, file path: /nvme/jinghuan/node_40001/db/000016.sst, file size: 79791654, job id: 3, reason: flush, status: OK
I20230630 04:44:38.515161 1229631 event_listener.cc:91] [event_listener/flush_completed] column family: default, thread_id: 1229631, job_id: 3, file: /nvme/jinghuan/node_40001/db/000016.sst, reason: 6, is_write_slowdown: no, is_write_stall: no, largest seqno: 688412, smallest seqno: 1
I20230630 04:44:39.213593 1229627 event_listener.cc:138] [event_listener/table_file_created] column family: default, file path: /nvme/jinghuan/node_40001/db/000017.sst, file size: 79791650, job id: 4, reason: compaction, status: OK
I20230630 04:44:39.227213 1229627 event_listener.cc:71] [event_listener/compaction_completed] column family: default, compaction reason: 11, output compression type: no, base input level(files): 0(1), output level(files): 0(1), input bytes: 79791654, output bytes:79791650, is_manual_compaction:no, elapsed(micro): 698407
I20230630 04:44:39.235823 1229627 event_listener.cc:127] [event_listener/table_file_deleted] db: /nvme/jinghuan/node_40001/db, sst file: /nvme/jinghuan/node_40001/db/000016.sst, status: OK
I20230630 04:44:40.230415 1229630 event_listener.cc:84] [event_listener/flush_begin] column family: default, thread_id: 1229630, job_id: 5, reason: 6
I20230630 04:44:40.644167 1229630 event_listener.cc:138] [event_listener/table_file_created] column family: default, file path: /nvme/jinghuan/node_40001/db/000020.sst, file size: 76974227, job id: 5, reason: flush, status: OK
I20230630 04:44:40.653123 1229630 event_listener.cc:91] [event_listener/flush_completed] column family: default, thread_id: 1229630, job_id: 5, file: /nvme/jinghuan/node_40001/db/000020.sst, reason: 6, is_write_slowdown: no, is_write_stall: no, largest seqno: 1352515, smallest seqno: 688414
I20230630 04:44:42.445245 1229631 event_listener.cc:84] [event_listener/flush_begin] column family: default, thread_id: 1229631, job_id: 6, reason: 6
I20230630 04:44:42.894981 1229631 event_listener.cc:138] [event_listener/table_file_created] column family: default, file path: /nvme/jinghuan/node_40001/db/000023.sst, file size: 76697768, job id: 6, reason: flush, status: OK
I20230630 04:44:42.904399 1229631 event_listener.cc:91] [event_listener/flush_completed] column family: default, thread_id: 1229631, job_id: 6, file: /nvme/jinghuan/node_40001/db/000023.sst, reason: 6, is_write_slowdown: no, is_write_stall: no, largest seqno: 2014176, smallest seqno: 1352517
I20230630 04:44:44.718698 1229630 event_listener.cc:84] [event_listener/flush_begin] column family: default, thread_id: 1229630, job_id: 7, reason: 6
W20230630 04:44:45.789599 1229854 event_listener.cc:132] [event_listener/stall_cond_changed] column family: default write stall condition was changed, from normal to delay
I20230630 04:44:46.355736 1229631 event_listener.cc:84] [event_listener/flush_begin] column family: metadata, thread_id: 1229631, job_id: 8, reason: 13
I20230630 04:44:47.865743 1229631 event_listener.cc:138] [event_listener/table_file_created] column family: metadata, file path: /nvme/jinghuan/node_40001/db/000029.sst, file size: 19243819, job id: 8, reason: flush, status: OK
I20230630 04:44:47.880225 1229631 event_listener.cc:91] [event_listener/flush_completed] column family: metadata, thread_id: 1229631, job_id: 8, file: /nvme/jinghuan/node_40001/db/000029.sst, reason: 13, is_write_slowdown: no, is_write_stall: no, largest seqno: 3147584, smallest seqno: 11
I20230630 04:44:47.913609 1229631 event_listener.cc:84] [event_listener/flush_begin] column family: default, thread_id: 1229631, job_id: 9, reason: 6
I20230630 04:44:49.462605 1229630 event_listener.cc:138] [event_listener/table_file_created] column family: default, file path: /nvme/jinghuan/node_40001/db/000026.sst, file size: 76070274, job id: 7, reason: flush, status: OK
I20230630 04:44:49.479537 1229630 event_listener.cc:91] [event_listener/flush_completed] column family: default, thread_id: 1229630, job_id: 7, file: /nvme/jinghuan/node_40001/db/000026.sst, reason: 6, is_write_slowdown: no, is_write_stall: no, largest seqno: 2670447, smallest seqno: 2014178
W20230630 04:44:49.479926 1229630 event_listener.cc:132] [event_listener/stall_cond_changed] column family: default write stall condition was changed, from stop to normal
W20230630 04:44:49.480130 1229854 event_listener.cc:132] [event_listener/stall_cond_changed] column family: default write stall condition was changed, from delay to stop
I20230630 04:44:49.862519 1229628 event_listener.cc:138] [event_listener/table_file_created] column family: metadata, file path: /nvme/jinghuan/node_40001/db/000032.sst, file size: 19243815, job id: 10, reason: compaction, status: OK
I20230630 04:44:49.880543 1229628 event_listener.cc:71] [event_listener/compaction_completed] column family: metadata, compaction reason: 11, output compression type: no, base input level(files): 0(1), output level(files): 0(1), input bytes: 19243819, output bytes:19243815, is_manual_compaction:no, elapsed(micro): 1686668
I20230630 04:44:49.884160 1229628 event_listener.cc:127] [event_listener/table_file_deleted] db: /nvme/jinghuan/node_40001/db, sst file: /nvme/jinghuan/node_40001/db/000029.sst, status: OK
W20230630 04:44:50.684262 1229858 event_listener.cc:132] [event_listener/stall_cond_changed] column family: default write stall condition was changed, from normal to delay
I20230630 04:44:51.953547 1229630 event_listener.cc:84] [event_listener/flush_begin] column family: default, thread_id: 1229630, job_id: 12, reason: 6
I20230630 04:44:54.362726 1229631 event_listener.cc:138] [event_listener/table_file_created] column family: default, file path: /nvme/jinghuan/node_40001/db/000031.sst, file size: 77427650, job id: 9, reason: flush, status: OK
I20230630 04:44:54.375319 1229631 event_listener.cc:91] [event_listener/flush_completed] column family: default, thread_id: 1229631, job_id: 9, file: /nvme/jinghuan/node_40001/db/000031.sst, reason: 6, is_write_slowdown: no, is_write_stall: no, largest seqno: 3338433, smallest seqno: 2670449
W20230630 04:44:54.375754 1229631 event_listener.cc:132] [event_listener/stall_cond_changed] column family: default write stall condition was changed, from stop to normal
W20230630 04:44:54.375887 1229858 event_listener.cc:132] [event_listener/stall_cond_changed] column family: default write stall condition was changed, from delay to stop
W20230630 04:44:55.550485 1229853 event_listener.cc:132] [event_listener/stall_cond_changed] column family: default write stall condition was changed, from normal to delay
I20230630 04:44:56.780524 1229631 event_listener.cc:84] [event_listener/flush_begin] column family: default, thread_id: 1229631, job_id: 13, reason: 6
I20230630 04:44:58.469830 1229630 event_listener.cc:138] [event_listener/table_file_created] column family: default, file path: /nvme/jinghuan/node_40001/db/000036.sst, file size: 77283739, job id: 12, reason: flush, status: OK
I20230630 04:44:58.484416 1229630 event_listener.cc:91] [event_listener/flush_completed] column family: default, thread_id: 1229630, job_id: 12, file: /nvme/jinghuan/node_40001/db/000036.sst, reason: 6, is_write_slowdown: no, is_write_stall: no, largest seqno: 4005198, smallest seqno: 3338435
W20230630 04:44:58.484553 1229630 event_listener.cc:132] [event_listener/stall_cond_changed] column family: default write stall condition was changed, from stop to normal
W20230630 04:44:58.485908 1229852 event_listener.cc:132] [event_listener/stall_cond_changed] column family: default write stall condition was changed, from delay to stop
W20230630 04:44:59.787783 1229858 event_listener.cc:132] [event_listener/stall_cond_changed] column family: default write stall condition was changed, from normal to delay
I20230630 04:45:01.018496 1229630 event_listener.cc:84] [event_listener/flush_begin] column family: default, thread_id: 1229630, job_id: 14, reason: 6
I20230630 04:45:02.570748 1229631 event_listener.cc:138] [event_listener/table_file_created] column family: default, file path: /nvme/jinghuan/node_40001/db/000039.sst, file size: 77413587, job id: 13, reason: flush, status: OK
I20230630 04:45:02.587173 1229631 event_listener.cc:91] [event_listener/flush_completed] column family: default, thread_id: 1229631, job_id: 13, file: /nvme/jinghuan/node_40001/db/000039.sst, reason: 6, is_write_slowdown: no, is_write_stall: no, largest seqno: 4673107, smallest seqno: 4005200
W20230630 04:45:02.587271 1229631 event_listener.cc:132] [event_listener/stall_cond_changed] column family: default write stall condition was changed, from stop to normal
W20230630 04:45:02.591121 1229858 event_listener.cc:132] [event_listener/stall_cond_changed] column family: default write stall condition was changed, from delay to stop
W20230630 04:45:03.849803 1229851 event_listener.cc:132] [event_listener/stall_cond_changed] column family: default write stall condition was changed, from normal to delay
I20230630 04:45:04.461500 1229628 event_listener.cc:138] [event_listener/table_file_created] column family: default, file path: /nvme/jinghuan/node_40001/db/000033.sst, file size: 138728210, job id: 11, reason: compaction, status: OK
I20230630 04:45:05.097440 1229631 event_listener.cc:84] [event_listener/flush_begin] column family: default, thread_id: 1229631, job_id: 15, reason: 6
I20230630 04:45:07.172842 1229630 event_listener.cc:138] [event_listener/table_file_created] column family: default, file path: /nvme/jinghuan/node_40001/db/000042.sst, file size: 79500205, job id: 14, reason: flush, status: OK
I20230630 04:45:07.179463 1229630 event_listener.cc:91] [event_listener/flush_completed] column family: default, thread_id: 1229630, job_id: 14, file: /nvme/jinghuan/node_40001/db/000042.sst, reason: 6, is_write_slowdown: no, is_write_stall: no, largest seqno: 5358990, smallest seqno: 4673109
W20230630 04:45:07.179510 1229630 event_listener.cc:132] [event_listener/stall_cond_changed] column family: default write stall condition was changed, from stop to normal
W20230630 04:45:07.180183 1229851 event_listener.cc:132] [event_listener/stall_cond_changed] column family: default write stall condition was changed, from delay to stop
I20230630 04:45:08.114584 1229630 event_listener.cc:84] [event_listener/flush_begin] column family: metadata, thread_id: 1229630, job_id: 17, reason: 13
W20230630 04:45:08.473224 1229855 event_listener.cc:132] [event_listener/stall_cond_changed] column family: default write stall condition was changed, from normal to delay
I20230630 04:45:11.464895 1229630 event_listener.cc:138] [event_listener/table_file_created] column family: metadata, file path: /nvme/jinghuan/node_40001/db/000049.sst, file size: 19238341, job id: 17, reason: flush, status: OK
I20230630 04:45:11.471284 1229630 event_listener.cc:91] [event_listener/flush_completed] column family: metadata, thread_id: 1229630, job_id: 17, file: /nvme/jinghuan/node_40001/db/000049.sst, reason: 13, is_write_slowdown: no, is_write_stall: no, largest seqno: 6295201, smallest seqno: 3147595
I20230630 04:45:11.509474 1229630 event_listener.cc:84] [event_listener/flush_begin] column family: default, thread_id: 1229630, job_id: 18, reason: 6
I20230630 04:45:12.869016 1229631 event_listener.cc:138] [event_listener/table_file_created] column family: default, file path: /nvme/jinghuan/node_40001/db/000046.sst, file size: 79067786, job id: 15, reason: flush, status: OK
I20230630 04:45:12.875422 1229631 event_listener.cc:91] [event_listener/flush_completed] column family: default, thread_id: 1229631, job_id: 15, file: /nvme/jinghuan/node_40001/db/000046.sst, reason: 6, is_write_slowdown: no, is_write_stall: no, largest seqno: 6041133, smallest seqno: 5358992
W20230630 04:45:12.875682 1229631 event_listener.cc:132] [event_listener/stall_cond_changed] column family: default write stall condition was changed, from stop to normal
W20230630 04:45:12.876024 1229853 event_listener.cc:132] [event_listener/stall_cond_changed] column family: default write stall condition was changed, from delay to stop
W20230630 04:45:14.292587 1229857 event_listener.cc:132] [event_listener/stall_cond_changed] column family: default write stall condition was changed, from normal to delay
I20230630 04:45:15.779402 1229631 event_listener.cc:84] [event_listener/flush_begin] column family: default, thread_id: 1229631, job_id: 19, reason: 6
I20230630 04:45:19.176204 1229628 event_listener.cc:138] [event_listener/table_file_created] column family: default, file path: /nvme/jinghuan/node_40001/db/000044.sst, file size: 138700291, job id: 11, reason: compaction, status: OK
I20230630 04:45:20.381788 1229630 event_listener.cc:138] [event_listener/table_file_created] column family: default, file path: /nvme/jinghuan/node_40001/db/000052.sst, file size: 85051376, job id: 18, reason: flush, status: OK
I20230630 04:45:20.390882 1229630 event_listener.cc:91] [event_listener/flush_completed] column family: default, thread_id: 1229630, job_id: 18, file: /nvme/jinghuan/node_40001/db/000052.sst, reason: 6, is_write_slowdown: no, is_write_stall: no, largest seqno: 6774899, smallest seqno: 6041135
W20230630 04:45:20.391129 1229630 event_listener.cc:132] [event_listener/stall_cond_changed] column family: default write stall condition was changed, from stop to normal
W20230630 04:45:20.391592 1229853 event_listener.cc:132] [event_listener/stall_cond_changed] column family: default write stall condition was changed, from delay to stop
W20230630 04:45:21.683491 1229856 event_listener.cc:132] [event_listener/stall_cond_changed] column family: default write stall condition was changed, from normal to delay
I20230630 04:45:22.779130 1229628 event_listener.cc:138] [event_listener/table_file_created] column family: default, file path: /nvme/jinghuan/node_40001/db/000056.sst, file size: 31962249, job id: 11, reason: compaction, status: OK
I20230630 04:45:22.803805 1229628 event_listener.cc:71] [event_listener/compaction_completed] column family: default, compaction reason: 1, output compression type: no, base input level(files): 0(4), output level(files): 1(3), input bytes: 309533919, output bytes:309390750, is_manual_compaction:no, elapsed(micro): 32894924
I20230630 04:45:22.810174 1229628 event_listener.cc:71] [event_listener/compaction_completed] column family: default, compaction reason: 2, output compression type: no, base input level(files): 1(1), output level(files): 2(1), input bytes: 0, output bytes:0, is_manual_compaction:no, elapsed(micro): 0
I20230630 04:45:22.983803 1229630 event_listener.cc:84] [event_listener/flush_begin] column family: default, thread_id: 1229630, job_id: 21, reason: 6
I20230630 04:45:23.589689 1229631 event_listener.cc:138] [event_listener/table_file_created] column family: default, file path: /nvme/jinghuan/node_40001/db/000055.sst, file size: 84918612, job id: 19, reason: flush, status: OK
I20230630 04:45:23.604102 1229631 event_listener.cc:91] [event_listener/flush_completed] column family: default, thread_id: 1229631, job_id: 19, file: /nvme/jinghuan/node_40001/db/000055.sst, reason: 6, is_write_slowdown: no, is_write_stall: no, largest seqno: 7507543, smallest seqno: 6774901
W20230630 04:45:23.604178 1229631 event_listener.cc:132] [event_listener/stall_cond_changed] column family: default write stall condition was changed, from stop to normal
W20230630 04:45:23.604796 1229858 event_listener.cc:132] [event_listener/stall_cond_changed] column family: default write stall condition was changed, from delay to stop
W20230630 04:45:24.911504 1229852 event_listener.cc:132] [event_listener/stall_cond_changed] column family: default write stall condition was changed, from normal to delay
I20230630 04:45:26.268186 1229631 event_listener.cc:84] [event_listener/flush_begin] column family: default, thread_id: 1229631, job_id: 22, reason: 6
I20230630 04:45:27.887436 1229630 event_listener.cc:138] [event_listener/table_file_created] column family: default, file path: /nvme/jinghuan/node_40001/db/000059.sst, file size: 75975704, job id: 21, reason: flush, status: OK
I20230630 04:45:27.902771 1229630 event_listener.cc:91] [event_listener/flush_completed] column family: default, thread_id: 1229630, job_id: 21, file: /nvme/jinghuan/node_40001/db/000059.sst, reason: 6, is_write_slowdown: no, is_write_stall: no, largest seqno: 8163011, smallest seqno: 7507545
W20230630 04:45:27.902878 1229630 event_listener.cc:132] [event_listener/stall_cond_changed] column family: default write stall condition was changed, from stop to normal
W20230630 04:45:27.903442 1229852 event_listener.cc:132] [event_listener/stall_cond_changed] column family: default write stall condition was changed, from delay to stop
W20230630 04:45:29.243098 1229857 event_listener.cc:132] [event_listener/stall_cond_changed] column family: default write stall condition was changed, from normal to delay
I20230630 04:45:30.171891 1229630 event_listener.cc:84] [event_listener/flush_begin] column family: metadata, thread_id: 1229630, job_id: 24, reason: 13
I20230630 04:45:32.081769 1229630 event_listener.cc:138] [event_listener/table_file_created] column family: metadata, file path: /nvme/jinghuan/node_40001/db/000066.sst, file size: 19219195, job id: 24, reason: flush, status: OK
I20230630 04:45:32.088337 1229630 event_listener.cc:91] [event_listener/flush_completed] column family: metadata, thread_id: 1229630, job_id: 24, file: /nvme/jinghuan/node_40001/db/000066.sst, reason: 13, is_write_slowdown: no, is_write_stall: no, largest seqno: 9442741, smallest seqno: 6295212
I20230630 04:45:32.118216 1229630 event_listener.cc:84] [event_listener/flush_begin] column family: default, thread_id: 1229630, job_id: 25, reason: 6
I20230630 04:45:33.486698 1229631 event_listener.cc:138] [event_listener/table_file_created] column family: default, file path: /nvme/jinghuan/node_40001/db/000062.sst, file size: 78324427, job id: 22, reason: flush, status: OK
I20230630 04:45:33.499504 1229631 event_listener.cc:91] [event_listener/flush_completed] column family: default, thread_id: 1229631, job_id: 22, file: /nvme/jinghuan/node_40001/db/000062.sst, reason: 6, is_write_slowdown: no, is_write_stall: no, largest seqno: 8838752, smallest seqno: 8163013
W20230630 04:45:33.499675 1229631 event_listener.cc:132] [event_listener/stall_cond_changed] column family: default write stall condition was changed, from stop to normal
W20230630 04:45:33.499859 1229857 event_listener.cc:132] [event_listener/stall_cond_changed] column family: default write stall condition was changed, from delay to stop
W20230630 04:45:34.835597 1229857 event_listener.cc:132] [event_listener/stall_cond_changed] column family: default write stall condition was changed, from normal to delay
I20230630 04:45:36.223650 1229631 event_listener.cc:84] [event_listener/flush_begin] column family: default, thread_id: 1229631, job_id: 26, reason: 6
I20230630 04:45:40.089002 1229630 event_listener.cc:138] [event_listener/table_file_created] column family: default, file path: /nvme/jinghuan/node_40001/db/000068.sst, file size: 84821736, job id: 25, reason: flush, status: OK
I20230630 04:45:40.106256 1229630 event_listener.cc:91] [event_listener/flush_completed] column family: default, thread_id: 1229630, job_id: 25, file: /nvme/jinghuan/node_40001/db/000068.sst, reason: 6, is_write_slowdown: no, is_write_stall: no, largest seqno: 9570549, smallest seqno: 8838754
W20230630 04:45:40.106545 1229630 event_listener.cc:132] [event_listener/stall_cond_changed] column family: default write stall condition was changed, from stop to normal
W20230630 04:45:40.106830 1229857 event_listener.cc:132] [event_listener/stall_cond_changed] column family: default write stall condition was changed, from delay to stop
W20230630 04:45:41.335575 1229856 event_listener.cc:132] [event_listener/stall_cond_changed] column family: default write stall condition was changed, from normal to delay
I20230630 04:45:42.627213 1229630 event_listener.cc:84] [event_listener/flush_begin] column family: default, thread_id: 1229630, job_id: 27, reason: 6
I20230630 04:45:43.899708 1229631 event_listener.cc:138] [event_listener/table_file_created] column family: default, file path: /nvme/jinghuan/node_40001/db/000071.sst, file size: 84905490, job id: 26, reason: flush, status: OK
I20230630 04:45:43.914474 1229631 event_listener.cc:91] [event_listener/flush_completed] column family: default, thread_id: 1229631, job_id: 26, file: /nvme/jinghuan/node_40001/db/000071.sst, reason: 6, is_write_slowdown: no, is_write_stall: no, largest seqno: 10303105, smallest seqno: 9570551
W20230630 04:45:43.914599 1229631 event_listener.cc:132] [event_listener/stall_cond_changed] column family: default write stall condition was changed, from stop to normal
W20230630 04:45:43.915233 1229853 event_listener.cc:132] [event_listener/stall_cond_changed] column family: default write stall condition was changed, from delay to stop
W20230630 04:45:45.268518 1229857 event_listener.cc:132] [event_listener/stall_cond_changed] column family: default write stall condition was changed, from normal to delay
I20230630 04:45:46.658475 1229631 event_listener.cc:84] [event_listener/flush_begin] column family: default, thread_id: 1229631, job_id: 28, reason: 6
I20230630 04:45:48.992619 1229627 event_listener.cc:138] [event_listener/table_file_created] column family: default, file path: /nvme/jinghuan/node_40001/db/000047.sst, file size: 311510864, job id: 16, reason: compaction, status: OK
I20230630 04:45:49.009778 1229627 event_listener.cc:71] [event_listener/compaction_completed] column family: default, compaction reason: 1, output compression type: no, base input level(files): 0(4), output level(files): 0(1), input bytes: 311625181, output bytes:311510864, is_manual_compaction:no, elapsed(micro): 41813074
I20230630 04:45:49.016044 1229627 event_listener.cc:127] [event_listener/table_file_deleted] db: /nvme/jinghuan/node_40001/db, sst file: /nvme/jinghuan/node_40001/db/000026.sst, status: OK
I20230630 04:45:49.022104 1229627 event_listener.cc:127] [event_listener/table_file_deleted] db: /nvme/jinghuan/node_40001/db, sst file: /nvme/jinghuan/node_40001/db/000023.sst, status: OK
I20230630 04:45:49.028640 1229627 event_listener.cc:127] [event_listener/table_file_deleted] db: /nvme/jinghuan/node_40001/db, sst file: /nvme/jinghuan/node_40001/db/000020.sst, status: OK
I20230630 04:45:49.035892 1229627 event_listener.cc:127] [event_listener/table_file_deleted] db: /nvme/jinghuan/node_40001/db, sst file: /nvme/jinghuan/node_40001/db/000017.sst, status: OK
I20230630 04:45:49.097018 1229630 event_listener.cc:138] [event_listener/table_file_created] column family: default, file path: /nvme/jinghuan/node_40001/db/000074.sst, file size: 77106025, job id: 27, reason: flush, status: OK
I20230630 04:45:49.108024 1229630 event_listener.cc:91] [event_listener/flush_completed] column family: default, thread_id: 1229630, job_id: 27, file: /nvme/jinghuan/node_40001/db/000074.sst, reason: 6, is_write_slowdown: no, is_write_stall: no, largest seqno: 10968319, smallest seqno: 10303107
W20230630 04:45:49.108247 1229630 event_listener.cc:132] [event_listener/stall_cond_changed] column family: default write stall condition was changed, from stop to normal
W20230630 04:45:49.111166 1229857 event_listener.cc:132] [event_listener/stall_cond_changed] column family: default write stall condition was changed, from delay to stop
W20230630 04:45:50.384446 1229851 event_listener.cc:132] [event_listener/stall_cond_changed] column family: default write stall condition was changed, from normal to delay
I20230630 04:45:51.724495 1229630 event_listener.cc:84] [event_listener/flush_begin] column family: default, thread_id: 1229630, job_id: 31, reason: 6
I20230630 04:45:54.001648 1229631 event_listener.cc:138] [event_listener/table_file_created] column family: default, file path: /nvme/jinghuan/node_40001/db/000077.sst, file size: 85031108, job id: 28, reason: flush, status: OK
I20230630 04:45:54.015375 1229631 event_listener.cc:91] [event_listener/flush_completed] column family: default, thread_id: 1229631, job_id: 28, file: /nvme/jinghuan/node_40001/db/000077.sst, reason: 6, is_write_slowdown: no, is_write_stall: no, largest seqno: 11701931, smallest seqno: 10968321
W20230630 04:45:54.015491 1229631 event_listener.cc:132] [event_listener/stall_cond_changed] column family: default write stall condition was changed, from stop to normal
W20230630 04:45:54.016059 1229851 event_listener.cc:132] [event_listener/stall_cond_changed] column family: default write stall condition was changed, from delay to stop
I20230630 04:45:54.897383 1229631 event_listener.cc:84] [event_listener/flush_begin] column family: metadata, thread_id: 1229631, job_id: 32, reason: 13
W20230630 04:45:55.263593 1229856 event_listener.cc:132] [event_listener/stall_cond_changed] column family: default write stall condition was changed, from normal to delay
I20230630 04:45:56.798673 1229631 event_listener.cc:138] [event_listener/table_file_created] column family: metadata, file path: /nvme/jinghuan/node_40001/db/000083.sst, file size: 19220792, job id: 32, reason: flush, status: OK
I20230630 04:45:56.804984 1229631 event_listener.cc:91] [event_listener/flush_completed] column family: metadata, thread_id: 1229631, job_id: 32, file: /nvme/jinghuan/node_40001/db/000083.sst, reason: 13, is_write_slowdown: no, is_write_stall: no, largest seqno: 12590336, smallest seqno: 9442752
I20230630 04:45:56.842041 1229631 event_listener.cc:84] [event_listener/flush_begin] column family: default, thread_id: 1229631, job_id: 33, reason: 6
I20230630 04:45:58.898550 1229630 event_listener.cc:138] [event_listener/table_file_created] column family: default, file path: /nvme/jinghuan/node_40001/db/000081.sst, file size: 75647608, job id: 31, reason: flush, status: OK
I20230630 04:45:58.905114 1229630 event_listener.cc:91] [event_listener/flush_completed] column family: default, thread_id: 1229630, job_id: 31, file: /nvme/jinghuan/node_40001/db/000081.sst, reason: 6, is_write_slowdown: no, is_write_stall: no, largest seqno: 12354605, smallest seqno: 11701933
W20230630 04:45:58.905385 1229630 event_listener.cc:132] [event_listener/stall_cond_changed] column family: default write stall condition was changed, from stop to normal
W20230630 04:45:58.905577 1229856 event_listener.cc:132] [event_listener/stall_cond_changed] column family: default write stall condition was changed, from delay to stop
W20230630 04:46:00.149103 1229851 event_listener.cc:132] [event_listener/stall_cond_changed] column family: default write stall condition was changed, from normal to delay
I20230630 04:46:01.505371 1229630 event_listener.cc:84] [event_listener/flush_begin] column family: default, thread_id: 1229630, job_id: 34, reason: 6
I20230630 04:46:04.206077 1229631 event_listener.cc:138] [event_listener/table_file_created] column family: default, file path: /nvme/jinghuan/node_40001/db/000086.sst, file size: 79547832, job id: 33, reason: flush, status: OK
I20230630 04:46:04.217398 1229631 event_listener.cc:91] [event_listener/flush_completed] column family: default, thread_id: 1229631, job_id: 33, file: /nvme/jinghuan/node_40001/db/000086.sst, reason: 6, is_write_slowdown: no, is_write_stall: no, largest seqno: 13040939, smallest seqno: 12354607
W20230630 04:46:04.217797 1229631 event_listener.cc:132] [event_listener/stall_cond_changed] column family: default write stall condition was changed, from stop to normal
W20230630 04:46:04.218009 1229852 event_listener.cc:132] [event_listener/stall_cond_changed] column family: default write stall condition was changed, from delay to stop
I20230630 04:46:04.901383 1229628 event_listener.cc:138] [event_listener/table_file_created] column family: default, file path: /nvme/jinghuan/node_40001/db/000063.sst, file size: 324880524, job id: 23, reason: compaction, status: OK
I20230630 04:46:04.920256 1229628 event_listener.cc:71] [event_listener/compaction_completed] column family: default, compaction reason: 1, output compression type: no, base input level(files): 0(4), output level(files): 0(1), input bytes: 325013478, output bytes:324880524, is_manual_compaction:no, elapsed(micro): 36998617
I20230630 04:46:04.926863 1229628 event_listener.cc:127] [event_listener/table_file_deleted] db: /nvme/jinghuan/node_40001/db, sst file: /nvme/jinghuan/node_40001/db/000042.sst, status: OK
I20230630 04:46:04.933243 1229628 event_listener.cc:127] [event_listener/table_file_deleted] db: /nvme/jinghuan/node_40001/db, sst file: /nvme/jinghuan/node_40001/db/000039.sst, status: OK
I20230630 04:46:04.939548 1229628 event_listener.cc:127] [event_listener/table_file_deleted] db: /nvme/jinghuan/node_40001/db, sst file: /nvme/jinghuan/node_40001/db/000036.sst, status: OK
I20230630 04:46:04.945844 1229628 event_listener.cc:127] [event_listener/table_file_deleted] db: /nvme/jinghuan/node_40001/db, sst file: /nvme/jinghuan/node_40001/db/000031.sst, status: OK
W20230630 04:46:05.402971 1229856 event_listener.cc:132] [event_listener/stall_cond_changed] column family: default write stall condition was changed, from normal to delay
I20230630 04:46:06.646982 1229631 event_listener.cc:84] [event_listener/flush_begin] column family: default, thread_id: 1229631, job_id: 37, reason: 6
I20230630 04:46:07.609318 1229630 event_listener.cc:138] [event_listener/table_file_created] column family: default, file path: /nvme/jinghuan/node_40001/db/000089.sst, file size: 75602768, job id: 34, reason: flush, status: OK
I20230630 04:46:07.616250 1229630 event_listener.cc:91] [event_listener/flush_completed] column family: default, thread_id: 1229630, job_id: 34, file: /nvme/jinghuan/node_40001/db/000089.sst, reason: 6, is_write_slowdown: no, is_write_stall: no, largest seqno: 13693140, smallest seqno: 13040941
W20230630 04:46:07.616297 1229630 event_listener.cc:132] [event_listener/stall_cond_changed] column family: default write stall condition was changed, from stop to normal
W20230630 04:46:07.616632 1229856 event_listener.cc:132] [event_listener/stall_cond_changed] column family: default write stall condition was changed, from delay to stop
W20230630 04:46:09.130271 1229855 event_listener.cc:132] [event_listener/stall_cond_changed] column family: default write stall condition was changed, from normal to delay
I20230630 04:46:10.721246 1229630 event_listener.cc:84] [event_listener/flush_begin] column family: default, thread_id: 1229630, job_id: 38, reason: 6
I20230630 04:46:12.508188 1229631 event_listener.cc:138] [event_listener/table_file_created] column family: default, file path: /nvme/jinghuan/node_40001/db/000093.sst, file size: 75455992, job id: 37, reason: flush, status: OK
I20230630 04:46:12.514467 1229631 event_listener.cc:91] [event_listener/flush_completed] column family: default, thread_id: 1229631, job_id: 37, file: /nvme/jinghuan/node_40001/db/000093.sst, reason: 6, is_write_slowdown: no, is_write_stall: no, largest seqno: 14344076, smallest seqno: 13693142
W20230630 04:46:12.514528 1229631 event_listener.cc:132] [event_listener/stall_cond_changed] column family: default write stall condition was changed, from stop to normal
W20230630 04:46:12.515076 1229855 event_listener.cc:132] [event_listener/stall_cond_changed] column family: default write stall condition was changed, from delay to stop
I20230630 04:46:12.912142 1229628 event_listener.cc:138] [event_listener/table_file_created] column family: metadata, file path: /nvme/jinghuan/node_40001/db/000090.sst, file size: 76273992, job id: 36, reason: compaction, status: OK
I20230630 04:46:12.934080 1229628 event_listener.cc:71] [event_listener/compaction_completed] column family: metadata, compaction reason: 1, output compression type: no, base input level(files): 0(4), output level(files): 1(1), input bytes: 76922143, output bytes:76273992, is_manual_compaction:no, elapsed(micro): 7966364
I20230630 04:46:12.938266 1229628 event_listener.cc:127] [event_listener/table_file_deleted] db: /nvme/jinghuan/node_40001/db, sst file: /nvme/jinghuan/node_40001/db/000066.sst, status: OK
I20230630 04:46:12.942263 1229628 event_listener.cc:127] [event_listener/table_file_deleted] db: /nvme/jinghuan/node_40001/db, sst file: /nvme/jinghuan/node_40001/db/000049.sst, status: OK
I20230630 04:46:12.944890 1229628 event_listener.cc:127] [event_listener/table_file_deleted] db: /nvme/jinghuan/node_40001/db, sst file: /nvme/jinghuan/node_40001/db/000032.sst, status: OK
W20230630 04:46:13.991371 1229855 event_listener.cc:132] [event_listener/stall_cond_changed] column family: default write stall condition was changed, from normal to delay
I20230630 04:46:15.232659 1229631 event_listener.cc:84] [event_listener/flush_begin] column family: metadata, thread_id: 1229631, job_id: 40, reason: 13
I20230630 04:46:16.918500 1229630 event_listener.cc:138] [event_listener/table_file_created] column family: default, file path: /nvme/jinghuan/node_40001/db/000096.sst, file size: 84886389, job id: 38, reason: flush, status: OK
I20230630 04:46:16.931186 1229630 event_listener.cc:91] [event_listener/flush_completed] column family: default, thread_id: 1229630, job_id: 38, file: /nvme/jinghuan/node_40001/db/000096.sst, reason: 6, is_write_slowdown: no, is_write_stall: no, largest seqno: 15076445, smallest seqno: 14344078
W20230630 04:46:16.931298 1229630 event_listener.cc:132] [event_listener/stall_cond_changed] column family: default write stall condition was changed, from stop to normal
W20230630 04:46:16.931847 1229855 event_listener.cc:132] [event_listener/stall_cond_changed] column family: default write stall condition was changed, from delay to stop
I20230630 04:46:16.942587 1229630 event_listener.cc:84] [event_listener/flush_begin] column family: default, thread_id: 1229630, job_id: 41, reason: 6
I20230630 04:46:17.115334 1229631 event_listener.cc:138] [event_listener/table_file_created] column family: metadata, file path: /nvme/jinghuan/node_40001/db/000100.sst, file size: 19250676, job id: 40, reason: flush, status: OK
I20230630 04:46:17.124576 1229631 event_listener.cc:91] [event_listener/flush_completed] column family: metadata, thread_id: 1229631, job_id: 40, file: /nvme/jinghuan/node_40001/db/000100.sst, reason: 13, is_write_slowdown: no, is_write_stall: no, largest seqno: 15737942, smallest seqno: 12590347
W20230630 04:46:17.124881 1229856 event_listener.cc:132] [event_listener/stall_cond_changed] column family: default write stall condition was changed, from normal to delay
I20230630 04:46:17.139614 1229631 event_listener.cc:84] [event_listener/flush_begin] column family: default, thread_id: 1229631, job_id: 42, reason: 13
I20230630 04:46:17.715785 1229631 event_listener.cc:138] [event_listener/table_file_created] column family: default, file path: /nvme/jinghuan/node_40001/db/000104.sst, file size: 5978119, job id: 42, reason: flush, status: OK
I20230630 04:46:19.920622 1229627 event_listener.cc:138] [event_listener/table_file_created] column family: default, file path: /nvme/jinghuan/node_40001/db/000078.sst, file size: 324995767, job id: 30, reason: compaction, status: OK
I20230630 04:46:19.945492 1229627 event_listener.cc:71] [event_listener/compaction_completed] column family: default, compaction reason: 1, output compression type: no, base input level(files): 0(4), output level(files): 0(1), input bytes: 325157678, output bytes:324995767, is_manual_compaction:no, elapsed(micro): 30812557
I20230630 04:46:19.949802 1229627 event_listener.cc:127] [event_listener/table_file_deleted] db: /nvme/jinghuan/node_40001/db, sst file: /nvme/jinghuan/node_40001/db/000083.sst, status: OK
I20230630 04:46:19.959729 1229627 event_listener.cc:127] [event_listener/table_file_deleted] db: /nvme/jinghuan/node_40001/db, sst file: /nvme/jinghuan/node_40001/db/000059.sst, status: OK
I20230630 04:46:19.966756 1229627 event_listener.cc:127] [event_listener/table_file_deleted] db: /nvme/jinghuan/node_40001/db, sst file: /nvme/jinghuan/node_40001/db/000055.sst, status: OK
I20230630 04:46:19.973820 1229627 event_listener.cc:127] [event_listener/table_file_deleted] db: /nvme/jinghuan/node_40001/db, sst file: /nvme/jinghuan/node_40001/db/000052.sst, status: OK
I20230630 04:46:19.980291 1229627 event_listener.cc:127] [event_listener/table_file_deleted] db: /nvme/jinghuan/node_40001/db, sst file: /nvme/jinghuan/node_40001/db/000046.sst, status: OK
I20230630 04:46:21.218976 1229630 event_listener.cc:138] [event_listener/table_file_created] column family: default, file path: /nvme/jinghuan/node_40001/db/000102.sst, file size: 84960273, job id: 41, reason: flush, status: OK
I20230630 04:46:21.235863 1229630 event_listener.cc:91] [event_listener/flush_completed] column family: default, thread_id: 1229630, job_id: 41, file: /nvme/jinghuan/node_40001/db/000102.sst, reason: 13, is_write_slowdown: no, is_write_stall: no, largest seqno: 15809463, smallest seqno: 15076447
I20230630 04:46:21.235901 1229630 event_listener.cc:91] [event_listener/flush_completed] column family: default, thread_id: 1229631, job_id: 42, file: /nvme/jinghuan/node_40001/db/000104.sst, reason: 13, is_write_slowdown: no, is_write_stall: no, largest seqno: 15860987, smallest seqno: 15809465
W20230630 04:46:21.235999 1229630 event_listener.cc:132] [event_listener/stall_cond_changed] column family: default write stall condition was changed, from stop to normal
W20230630 04:46:21.236246 1229852 event_listener.cc:132] [event_listener/stall_cond_changed] column family: default write stall condition was changed, from delay to stop
I20230630 04:46:22.692878 1229631 event_listener.cc:84] [event_listener/flush_begin] column family: default, thread_id: 1229631, job_id: 46, reason: 6
W20230630 04:46:23.976780 1229855 event_listener.cc:132] [event_listener/stall_cond_changed] column family: default write stall condition was changed, from normal to delay
I20230630 04:46:25.320128 1229631 event_listener.cc:138] [event_listener/table_file_created] column family: default, file path: /nvme/jinghuan/node_40001/db/000107.sst, file size: 81039177, job id: 46, reason: flush, status: OK
I20230630 04:46:25.330193 1229631 event_listener.cc:91] [event_listener/flush_completed] column family: default, thread_id: 1229631, job_id: 46, file: /nvme/jinghuan/node_40001/db/000107.sst, reason: 6, is_write_slowdown: no, is_write_stall: no, largest seqno: 16560125, smallest seqno: 15860989
W20230630 04:46:25.330319 1229631 event_listener.cc:132] [event_listener/stall_cond_changed] column family: default write stall condition was changed, from stop to normal
W20230630 04:46:25.330546 1229854 event_listener.cc:132] [event_listener/stall_cond_changed] column family: default write stall condition was changed, from delay to stop
I20230630 04:46:25.361323 1229630 event_listener.cc:84] [event_listener/flush_begin] column family: default, thread_id: 1229630, job_id: 49, reason: 6
W20230630 04:46:26.657290 1229855 event_listener.cc:132] [event_listener/stall_cond_changed] column family: default write stall condition was changed, from normal to delay
I20230630 04:46:28.066645 1229631 event_listener.cc:84] [event_listener/flush_begin] column family: default, thread_id: 1229631, job_id: 51, reason: 6
I20230630 04:46:31.028462 1229630 event_listener.cc:138] [event_listener/table_file_created] column family: default, file path: /nvme/jinghuan/node_40001/db/000111.sst, file size: 85047724, job id: 49, reason: flush, status: OK
I20230630 04:46:31.037142 1229630 event_listener.cc:91] [event_listener/flush_completed] column family: default, thread_id: 1229630, job_id: 49, file: /nvme/jinghuan/node_40001/db/000111.sst, reason: 6, is_write_slowdown: no, is_write_stall: no, largest seqno: 17293858, smallest seqno: 16560127
W20230630 04:46:31.037214 1229630 event_listener.cc:132] [event_listener/stall_cond_changed] column family: default write stall condition was changed, from stop to normal
W20230630 04:46:31.037696 1229855 event_listener.cc:132] [event_listener/stall_cond_changed] column family: default write stall condition was changed, from delay to stop
W20230630 04:46:32.246094 1229851 event_listener.cc:132] [event_listener/stall_cond_changed] column family: default write stall condition was changed, from normal to delay
I20230630 04:46:33.426950 1229631 event_listener.cc:138] [event_listener/table_file_created] column family: default, file path: /nvme/jinghuan/node_40001/db/000114.sst, file size: 85057413, job id: 51, reason: flush, status: OK
I20230630 04:46:33.440062 1229631 event_listener.cc:91] [event_listener/flush_completed] column family: default, thread_id: 1229631, job_id: 51, file: /nvme/jinghuan/node_40001/db/000114.sst, reason: 6, is_write_slowdown: no, is_write_stall: no, largest seqno: 18027701, smallest seqno: 17293860
W20230630 04:46:33.440168 1229631 event_listener.cc:132] [event_listener/stall_cond_changed] column family: default write stall condition was changed, from delay to normal
I20230630 04:46:33.573158 1229630 event_listener.cc:84] [event_listener/flush_begin] column family: default, thread_id: 1229630, job_id: 52, reason: 6
I20230630 04:46:34.167716 1229631 event_listener.cc:84] [event_listener/flush_begin] column family: metadata, thread_id: 1229631, job_id: 53, reason: 13
W20230630 04:46:34.758828 1229851 event_listener.cc:132] [event_listener/stall_cond_changed] column family: default write stall condition was changed, from normal to delay
I20230630 04:46:35.819541 1229631 event_listener.cc:138] [event_listener/table_file_created] column family: metadata, file path: /nvme/jinghuan/node_40001/db/000119.sst, file size: 19250483, job id: 53, reason: flush, status: OK
I20230630 04:46:35.825873 1229631 event_listener.cc:91] [event_listener/flush_completed] column family: metadata, thread_id: 1229631, job_id: 53, file: /nvme/jinghuan/node_40001/db/000119.sst, reason: 13, is_write_slowdown: no, is_write_stall: no, largest seqno: 18885614, smallest seqno: 15737953
I20230630 04:46:35.859875 1229631 event_listener.cc:84] [event_listener/flush_begin] column family: default, thread_id: 1229631, job_id: 54, reason: 13
I20230630 04:46:39.736397 1229630 event_listener.cc:138] [event_listener/table_file_created] column family: default, file path: /nvme/jinghuan/node_40001/db/000117.sst, file size: 79353713, job id: 52, reason: flush, status: OK
I20230630 04:46:39.752482 1229630 event_listener.cc:91] [event_listener/flush_completed] column family: default, thread_id: 1229630, job_id: 52, file: /nvme/jinghuan/node_40001/db/000117.sst, reason: 13, is_write_slowdown: no, is_write_stall: no, largest seqno: 18712319, smallest seqno: 18027703
W20230630 04:46:39.752921 1229630 event_listener.cc:132] [event_listener/stall_cond_changed] column family: default write stall condition was changed, from stop to normal
W20230630 04:46:39.753110 1229856 event_listener.cc:132] [event_listener/stall_cond_changed] column family: default write stall condition was changed, from delay to stop
I20230630 04:46:41.036058 1229631 event_listener.cc:138] [event_listener/table_file_created] column family: default, file path: /nvme/jinghuan/node_40001/db/000122.sst, file size: 74573744, job id: 54, reason: flush, status: OK
I20230630 04:46:41.052138 1229631 event_listener.cc:91] [event_listener/flush_completed] column family: default, thread_id: 1229631, job_id: 54, file: /nvme/jinghuan/node_40001/db/000122.sst, reason: 13, is_write_slowdown: no, is_write_stall: no, largest seqno: 19355665, smallest seqno: 18712321
I20230630 04:46:42.717972 1229630 event_listener.cc:84] [event_listener/flush_begin] column family: default, thread_id: 1229630, job_id: 55, reason: 6
I20230630 04:46:43.331725 1229628 event_listener.cc:138] [event_listener/table_file_created] column family: default, file path: /nvme/jinghuan/node_40001/db/000097.sst, file size: 391126281, job id: 39, reason: compaction, status: OK
I20230630 04:46:43.360664 1229628 event_listener.cc:71] [event_listener/compaction_completed] column family: default, compaction reason: 1, output compression type: no, base input level(files): 0(5), output level(files): 0(1), input bytes: 391285308, output bytes:391126281, is_manual_compaction:no, elapsed(micro): 30386833
I20230630 04:46:43.370440 1229628 event_listener.cc:127] [event_listener/table_file_deleted] db: /nvme/jinghuan/node_40001/db, sst file: /nvme/jinghuan/node_40001/db/000074.sst, status: OK
I20230630 04:46:43.378993 1229628 event_listener.cc:127] [event_listener/table_file_deleted] db: /nvme/jinghuan/node_40001/db, sst file: /nvme/jinghuan/node_40001/db/000071.sst, status: OK
I20230630 04:46:43.386015 1229628 event_listener.cc:127] [event_listener/table_file_deleted] db: /nvme/jinghuan/node_40001/db, sst file: /nvme/jinghuan/node_40001/db/000068.sst, status: OK
I20230630 04:46:43.392477 1229628 event_listener.cc:127] [event_listener/table_file_deleted] db: /nvme/jinghuan/node_40001/db, sst file: /nvme/jinghuan/node_40001/db/000062.sst, status: OK
W20230630 04:46:44.137964 1229855 event_listener.cc:132] [event_listener/stall_cond_changed] column family: default write stall condition was changed, from normal to delay
I20230630 04:46:45.674568 1229631 event_listener.cc:84] [event_listener/flush_begin] column family: default, thread_id: 1229631, job_id: 57, reason: 6
I20230630 04:46:46.734875 1229627 event_listener.cc:138] [event_listener/table_file_created] column family: default, file path: /nvme/jinghuan/node_40001/db/000110.sst, file size: 256763537, job id: 50, reason: compaction, status: OK
I20230630 04:46:46.758013 1229627 event_listener.cc:71] [event_listener/compaction_completed] column family: default, compaction reason: 1, output compression type: no, base input level(files): 0(4), output level(files): 0(1), input bytes: 256863958, output bytes:256763537, is_manual_compaction:no, elapsed(micro): 21404623
I20230630 04:46:47.339829 1229630 event_listener.cc:138] [event_listener/table_file_created] column family: default, file path: /nvme/jinghuan/node_40001/db/000125.sst, file size: 84970007, job id: 55, reason: flush, status: OK
I20230630 04:46:47.356328 1229630 event_listener.cc:91] [event_listener/flush_completed] column family: default, thread_id: 1229630, job_id: 55, file: /nvme/jinghuan/node_40001/db/000125.sst, reason: 6, is_write_slowdown: no, is_write_stall: no, largest seqno: 20088738, smallest seqno: 19355667
