W20230630 04:46:47.356433 1229630 event_listener.cc:132] [event_listener/stall_cond_changed] column family: default write stall condition was changed, from stop to normal
W20230630 04:46:47.356778 1229855 event_listener.cc:132] [event_listener/stall_cond_changed] column family: default write stall condition was changed, from delay to stop
I20230630 04:46:47.371008 1229627 event_listener.cc:127] [event_listener/table_file_deleted] db: /nvme/jinghuan/node_40001/db, sst file: /nvme/jinghuan/node_40001/db/000093.sst, status: OK
I20230630 04:46:47.381136 1229627 event_listener.cc:127] [event_listener/table_file_deleted] db: /nvme/jinghuan/node_40001/db, sst file: /nvme/jinghuan/node_40001/db/000089.sst, status: OK
I20230630 04:46:47.389365 1229627 event_listener.cc:127] [event_listener/table_file_deleted] db: /nvme/jinghuan/node_40001/db, sst file: /nvme/jinghuan/node_40001/db/000086.sst, status: OK
I20230630 04:46:47.397156 1229627 event_listener.cc:127] [event_listener/table_file_deleted] db: /nvme/jinghuan/node_40001/db, sst file: /nvme/jinghuan/node_40001/db/000081.sst, status: OK
I20230630 04:46:47.405735 1229627 event_listener.cc:127] [event_listener/table_file_deleted] db: /nvme/jinghuan/node_40001/db, sst file: /nvme/jinghuan/node_40001/db/000077.sst, status: OK
W20230630 04:46:48.756074 1229857 event_listener.cc:132] [event_listener/stall_cond_changed] column family: default write stall condition was changed, from normal to delay
I20230630 04:46:49.233894 1229631 event_listener.cc:138] [event_listener/table_file_created] column family: default, file path: /nvme/jinghuan/node_40001/db/000129.sst, file size: 85046393, job id: 57, reason: flush, status: OK
I20230630 04:46:49.243338 1229631 event_listener.cc:91] [event_listener/flush_completed] column family: default, thread_id: 1229631, job_id: 57, file: /nvme/jinghuan/node_40001/db/000129.sst, reason: 6, is_write_slowdown: no, is_write_stall: no, largest seqno: 20822482, smallest seqno: 20088740
W20230630 04:46:49.243391 1229631 event_listener.cc:132] [event_listener/stall_cond_changed] column family: default write stall condition was changed, from delay to normal
I20230630 04:46:50.158962 1229630 event_listener.cc:84] [event_listener/flush_begin] column family: default, thread_id: 1229630, job_id: 63, reason: 6
W20230630 04:46:51.518070 1229857 event_listener.cc:132] [event_listener/stall_cond_changed] column family: default write stall condition was changed, from normal to delay
I20230630 04:46:52.042328 1229631 event_listener.cc:84] [event_listener/flush_begin] column family: metadata, thread_id: 1229631, job_id: 65, reason: 13
I20230630 04:46:53.139883 1229631 event_listener.cc:138] [event_listener/table_file_created] column family: metadata, file path: /nvme/jinghuan/node_40001/db/000135.sst, file size: 19219474, job id: 65, reason: flush, status: OK
I20230630 04:46:53.148757 1229631 event_listener.cc:91] [event_listener/flush_completed] column family: metadata, thread_id: 1229631, job_id: 65, file: /nvme/jinghuan/node_40001/db/000135.sst, reason: 13, is_write_slowdown: no, is_write_stall: no, largest seqno: 22033274, smallest seqno: 18885625
I20230630 04:46:53.306826 1229631 event_listener.cc:84] [event_listener/flush_begin] column family: default, thread_id: 1229631, job_id: 66, reason: 6
I20230630 04:46:53.446278 1229630 event_listener.cc:138] [event_listener/table_file_created] column family: default, file path: /nvme/jinghuan/node_40001/db/000132.sst, file size: 84961809, job id: 63, reason: flush, status: OK
I20230630 04:46:53.460829 1229630 event_listener.cc:91] [event_listener/flush_completed] column family: default, thread_id: 1229630, job_id: 63, file: /nvme/jinghuan/node_40001/db/000132.sst, reason: 6, is_write_slowdown: no, is_write_stall: no, largest seqno: 21555500, smallest seqno: 20822484
W20230630 04:46:53.460950 1229630 event_listener.cc:132] [event_listener/stall_cond_changed] column family: default write stall condition was changed, from stop to normal
W20230630 04:46:53.461239 1229856 event_listener.cc:132] [event_listener/stall_cond_changed] column family: default write stall condition was changed, from delay to stop
W20230630 04:46:54.737803 1229851 event_listener.cc:132] [event_listener/stall_cond_changed] column family: default write stall condition was changed, from normal to delay
I20230630 04:46:55.840304 1229631 event_listener.cc:138] [event_listener/table_file_created] column family: default, file path: /nvme/jinghuan/node_40001/db/000137.sst, file size: 85044134, job id: 66, reason: flush, status: OK
I20230630 04:46:55.854390 1229631 event_listener.cc:91] [event_listener/flush_completed] column family: default, thread_id: 1229631, job_id: 66, file: /nvme/jinghuan/node_40001/db/000137.sst, reason: 6, is_write_slowdown: no, is_write_stall: no, largest seqno: 22289210, smallest seqno: 21555502
W20230630 04:46:55.854748 1229631 event_listener.cc:132] [event_listener/stall_cond_changed] column family: default write stall condition was changed, from delay to normal
I20230630 04:46:56.081184 1229630 event_listener.cc:84] [event_listener/flush_begin] column family: default, thread_id: 1229630, job_id: 71, reason: 6
W20230630 04:46:57.351114 1229854 event_listener.cc:132] [event_listener/stall_cond_changed] column family: default write stall condition was changed, from normal to delay
I20230630 04:46:58.739989 1229631 event_listener.cc:84] [event_listener/flush_begin] column family: default, thread_id: 1229631, job_id: 72, reason: 6
I20230630 04:46:59.042150 1229630 event_listener.cc:138] [event_listener/table_file_created] column family: default, file path: /nvme/jinghuan/node_40001/db/000141.sst, file size: 75644099, job id: 71, reason: flush, status: OK
I20230630 04:46:59.054860 1229630 event_listener.cc:91] [event_listener/flush_completed] column family: default, thread_id: 1229630, job_id: 71, file: /nvme/jinghuan/node_40001/db/000141.sst, reason: 6, is_write_slowdown: no, is_write_stall: no, largest seqno: 22941785, smallest seqno: 22289212
W20230630 04:46:59.054980 1229630 event_listener.cc:132] [event_listener/stall_cond_changed] column family: default write stall condition was changed, from stop to normal
W20230630 04:46:59.055836 1229855 event_listener.cc:132] [event_listener/stall_cond_changed] column family: default write stall condition was changed, from delay to stop
W20230630 04:47:00.750073 1229856 event_listener.cc:132] [event_listener/stall_cond_changed] column family: default write stall condition was changed, from normal to delay
I20230630 04:47:01.744474 1229631 event_listener.cc:138] [event_listener/table_file_created] column family: default, file path: /nvme/jinghuan/node_40001/db/000144.sst, file size: 76470339, job id: 72, reason: flush, status: OK
I20230630 04:47:01.755548 1229631 event_listener.cc:91] [event_listener/flush_completed] column family: default, thread_id: 1229631, job_id: 72, file: /nvme/jinghuan/node_40001/db/000144.sst, reason: 6, is_write_slowdown: no, is_write_stall: no, largest seqno: 23601499, smallest seqno: 22941787
W20230630 04:47:01.755597 1229631 event_listener.cc:132] [event_listener/stall_cond_changed] column family: default write stall condition was changed, from delay to normal
I20230630 04:47:02.526333 1229630 event_listener.cc:84] [event_listener/flush_begin] column family: default, thread_id: 1229630, job_id: 73, reason: 6
W20230630 04:47:04.193425 1229856 event_listener.cc:132] [event_listener/stall_cond_changed] column family: default write stall condition was changed, from normal to delay
I20230630 04:47:04.745587 1229628 event_listener.cc:138] [event_listener/table_file_created] column family: default, file path: /nvme/jinghuan/node_40001/db/000126.sst, file size: 323906850, job id: 56, reason: compaction, status: OK
I20230630 04:47:04.768401 1229628 event_listener.cc:71] [event_listener/compaction_completed] column family: default, compaction reason: 1, output compression type: no, base input level(files): 0(4), output level(files): 0(1), input bytes: 324032594, output bytes:323906850, is_manual_compaction:no, elapsed(micro): 21353097
I20230630 04:47:04.774967 1229628 event_listener.cc:127] [event_listener/table_file_deleted] db: /nvme/jinghuan/node_40001/db, sst file: /nvme/jinghuan/node_40001/db/000107.sst, status: OK
I20230630 04:47:04.775504 1229628 event_listener.cc:127] [event_listener/table_file_deleted] db: /nvme/jinghuan/node_40001/db, sst file: /nvme/jinghuan/node_40001/db/000104.sst, status: OK
I20230630 04:47:04.782297 1229628 event_listener.cc:127] [event_listener/table_file_deleted] db: /nvme/jinghuan/node_40001/db, sst file: /nvme/jinghuan/node_40001/db/000102.sst, status: OK
I20230630 04:47:04.789165 1229628 event_listener.cc:127] [event_listener/table_file_deleted] db: /nvme/jinghuan/node_40001/db, sst file: /nvme/jinghuan/node_40001/db/000096.sst, status: OK
I20230630 04:47:05.961299 1229631 event_listener.cc:84] [event_listener/flush_begin] column family: default, thread_id: 1229631, job_id: 76, reason: 6
I20230630 04:47:06.148355 1229630 event_listener.cc:138] [event_listener/table_file_created] column family: default, file path: /nvme/jinghuan/node_40001/db/000147.sst, file size: 84875100, job id: 73, reason: flush, status: OK
I20230630 04:47:06.161597 1229630 event_listener.cc:91] [event_listener/flush_completed] column family: default, thread_id: 1229630, job_id: 73, file: /nvme/jinghuan/node_40001/db/000147.sst, reason: 6, is_write_slowdown: no, is_write_stall: no, largest seqno: 24333769, smallest seqno: 23601501
W20230630 04:47:06.161641 1229630 event_listener.cc:132] [event_listener/stall_cond_changed] column family: default write stall condition was changed, from stop to normal
W20230630 04:47:06.161899 1229856 event_listener.cc:132] [event_listener/stall_cond_changed] column family: default write stall condition was changed, from delay to stop
I20230630 04:47:06.626978 1229630 event_listener.cc:84] [event_listener/flush_begin] column family: metadata, thread_id: 1229630, job_id: 78, reason: 13
W20230630 04:47:07.478014 1229856 event_listener.cc:132] [event_listener/stall_cond_changed] column family: default write stall condition was changed, from normal to delay
I20230630 04:47:07.641909 1229630 event_listener.cc:138] [event_listener/table_file_created] column family: metadata, file path: /nvme/jinghuan/node_40001/db/000152.sst, file size: 19244574, job id: 78, reason: flush, status: OK
I20230630 04:47:07.647439 1229630 event_listener.cc:91] [event_listener/flush_completed] column family: metadata, thread_id: 1229630, job_id: 78, file: /nvme/jinghuan/node_40001/db/000152.sst, reason: 13, is_write_slowdown: no, is_write_stall: no, largest seqno: 25181760, smallest seqno: 22033285
I20230630 04:47:08.857230 1229630 event_listener.cc:84] [event_listener/flush_begin] column family: default, thread_id: 1229630, job_id: 81, reason: 6
I20230630 04:47:09.652594 1229631 event_listener.cc:138] [event_listener/table_file_created] column family: default, file path: /nvme/jinghuan/node_40001/db/000150.sst, file size: 84951369, job id: 76, reason: flush, status: OK
I20230630 04:47:09.660529 1229631 event_listener.cc:91] [event_listener/flush_completed] column family: default, thread_id: 1229631, job_id: 76, file: /nvme/jinghuan/node_40001/db/000150.sst, reason: 6, is_write_slowdown: no, is_write_stall: no, largest seqno: 25066699, smallest seqno: 24333771
W20230630 04:47:09.660774 1229631 event_listener.cc:132] [event_listener/stall_cond_changed] column family: default write stall condition was changed, from stop to normal
W20230630 04:47:09.660974 1229853 event_listener.cc:132] [event_listener/stall_cond_changed] column family: default write stall condition was changed, from delay to stop
W20230630 04:47:10.992892 1229852 event_listener.cc:132] [event_listener/stall_cond_changed] column family: default write stall condition was changed, from normal to delay
I20230630 04:47:12.100355 1229854 cluster.cc:286] MASTER MODE enabled by cluster topology setting
I20230630 04:47:12.237061 1229851 cluster.cc:923] function: Migrate parallel seek-and-insert
I20230630 04:47:12.237100 1229851 slot_migrate_parallel.cc:32] [migrate] Start migrating slots, from slot: 0 to slot: 0. Slots are moving to 127.0.0.1:40002
I20230630 04:47:12.237114 1229851 cluster.cc:935] [cluster migration] Finished slot migration cmds sending, start to set nodes
I20230630 04:47:12.237133 1229850 slot_migrate.cc:165] [migrate] Migrating slot: -1, dst_ip: 127.0.0.1, dst_port: 40002, max_speed: 0, max_pipeline_size: 16
I20230630 04:47:12.237612 1229850 slot_migrate.cc:305] [migrate] Start migrating slot 0, connect destination fd 91
I20230630 04:47:12.237623 1229850 slot_migrate.cc:195] [migrate] Succeed to start migrating slot 0
I20230630 04:47:12.237629 1229850 slot_migrate.cc:316] [migrate] Start migrating snapshot of slot 0
I20230630 04:47:12.237659 1229850 slot_migrate.cc:327] [migrate] Iterate keys of slot, key's prefix: __namespace  
I20230630 04:47:12.237960 1229850 slot_migrate.cc:354] [migrate] 0 keys has been migrated, current key is:{06S}1000000190637069813810000001906370698138
I20230630 04:47:12.346853 1229630 event_listener.cc:138] [event_listener/table_file_created] column family: default, file path: /nvme/jinghuan/node_40001/db/000156.sst, file size: 76819467, job id: 81, reason: flush, status: OK
I20230630 04:47:12.359557 1229630 event_listener.cc:91] [event_listener/flush_completed] column family: default, thread_id: 1229630, job_id: 81, file: /nvme/jinghuan/node_40001/db/000156.sst, reason: 6, is_write_slowdown: no, is_write_stall: no, largest seqno: 25729449, smallest seqno: 25066701
W20230630 04:47:12.359671 1229630 event_listener.cc:132] [event_listener/stall_cond_changed] column family: default write stall condition was changed, from delay to normal
I20230630 04:47:12.377944 1229850 slot_migrate.cc:354] [migrate] 1000 keys has been migrated, current key is:{06S}1001385682589816511010013856825898165110
I20230630 04:47:12.485160 1229631 event_listener.cc:84] [event_listener/flush_begin] column family: default, thread_id: 1229631, job_id: 82, reason: 6
I20230630 04:47:12.518884 1229850 slot_migrate.cc:354] [migrate] 2000 keys has been migrated, current key is:{06S}1002759826700734684210027598267007346842
I20230630 04:47:12.663463 1229850 slot_migrate.cc:354] [migrate] 3000 keys has been migrated, current key is:{06S}1004110175792994621410041101757929946214
I20230630 04:47:12.812340 1229850 slot_migrate.cc:354] [migrate] 4000 keys has been migrated, current key is:{06S}1005487687462101450810054876874621014508
I20230630 04:47:12.960825 1229850 slot_migrate.cc:354] [migrate] 5000 keys has been migrated, current key is:{06S}1006870445963943570810068704459639435708
I20230630 04:47:13.115561 1229850 slot_migrate.cc:354] [migrate] 6000 keys has been migrated, current key is:{06S}1008244485886348557010082444858863485570
I20230630 04:47:13.269970 1229850 slot_migrate.cc:354] [migrate] 7000 keys has been migrated, current key is:{06S}1009621661942610222810096216619426102228
I20230630 04:47:13.425179 1229850 slot_migrate.cc:354] [migrate] 8000 keys has been migrated, current key is:{06S}1011026634683002859810110266346830028598
I20230630 04:47:13.589082 1229850 slot_migrate.cc:354] [migrate] 9000 keys has been migrated, current key is:{06S}10123870000442433101012387000044243310
I20230630 04:47:13.744843 1229850 slot_migrate.cc:354] [migrate] 10000 keys has been migrated, current key is:{06S}10137751907085414921013775190708541492
I20230630 04:47:13.900687 1229850 slot_migrate.cc:354] [migrate] 11000 keys has been migrated, current key is:{06S}1015142940580305387610151429405803053876
I20230630 04:47:14.056489 1229850 slot_migrate.cc:354] [migrate] 12000 keys has been migrated, current key is:{06S}1016505815611549465410165058156115494654
I20230630 04:47:14.225114 1229850 slot_migrate.cc:354] [migrate] 13000 keys has been migrated, current key is:{06S}1017887835817594319410178878358175943194
I20230630 04:47:14.385641 1229850 slot_migrate.cc:354] [migrate] 14000 keys has been migrated, current key is:{06S}1019293546853784222410192935468537842224
I20230630 04:47:14.554927 1229850 slot_migrate.cc:354] [migrate] 15000 keys has been migrated, current key is:{06S}1020672199501640420210206721995016404202
W20230630 04:47:14.627748 1229857 event_listener.cc:132] [event_listener/stall_cond_changed] column family: default write stall condition was changed, from normal to delay
I20230630 04:47:14.713937 1229850 slot_migrate.cc:354] [migrate] 16000 keys has been migrated, current key is:{06S}1022044762832450874410220447628324508744
I20230630 04:47:14.886915 1229850 slot_migrate.cc:354] [migrate] 17000 keys has been migrated, current key is:{06S}1023417094738929352010234170947389293520
I20230630 04:47:15.047806 1229850 slot_migrate.cc:354] [migrate] 18000 keys has been migrated, current key is:{06S}1024812427653419973610248124276534199736
I20230630 04:47:15.221107 1229850 slot_migrate.cc:354] [migrate] 19000 keys has been migrated, current key is:{06S}1026236545568613386810262365455686133868
I20230630 04:47:15.383416 1229850 slot_migrate.cc:354] [migrate] 20000 keys has been migrated, current key is:{06S}1027636674159222835610276366741592228356
I20230630 04:47:15.540295 1229850 slot_migrate.cc:354] [migrate] 21000 keys has been migrated, current key is:{06S}10289854129399643701028985412939964370
I20230630 04:47:15.656047 1229631 event_listener.cc:138] [event_listener/table_file_created] column family: default, file path: /nvme/jinghuan/node_40001/db/000159.sst, file size: 81771345, job id: 82, reason: flush, status: OK
I20230630 04:47:15.671651 1229631 event_listener.cc:91] [event_listener/flush_completed] column family: default, thread_id: 1229631, job_id: 82, file: /nvme/jinghuan/node_40001/db/000159.sst, reason: 6, is_write_slowdown: no, is_write_stall: no, largest seqno: 26434934, smallest seqno: 25729451
W20230630 04:47:15.671777 1229631 event_listener.cc:132] [event_listener/stall_cond_changed] column family: default write stall condition was changed, from delay to normal
I20230630 04:47:15.700845 1229850 slot_migrate.cc:354] [migrate] 22000 keys has been migrated, current key is:{06S}1030338214828053163010303382148280531630
I20230630 04:47:15.871012 1229850 slot_migrate.cc:354] [migrate] 23000 keys has been migrated, current key is:{06S}1031729289226380314410317292892263803144
I20230630 04:47:16.033604 1229850 slot_migrate.cc:354] [migrate] 24000 keys has been migrated, current key is:{06S}10331660232069921321033166023206992132
I20230630 04:47:16.196522 1229850 slot_migrate.cc:354] [migrate] 25000 keys has been migrated, current key is:{06S}1034571644116747771210345716441167477712
I20230630 04:47:16.368988 1229850 slot_migrate.cc:354] [migrate] 26000 keys has been migrated, current key is:{06S}10359628408233052181035962840823305218
I20230630 04:47:16.533898 1229850 slot_migrate.cc:354] [migrate] 27000 keys has been migrated, current key is:{06S}1037333390879291252610373333908792912526
I20230630 04:47:16.696210 1229850 slot_migrate.cc:354] [migrate] 28000 keys has been migrated, current key is:{06S}1038718931305702310810387189313057023108
I20230630 04:47:16.857283 1229850 slot_migrate.cc:354] [migrate] 29000 keys has been migrated, current key is:{06S}1040134282167794229210401342821677942292
I20230630 04:47:16.987320 1229630 event_listener.cc:84] [event_listener/flush_begin] column family: default, thread_id: 1229630, job_id: 83, reason: 6
I20230630 04:47:17.020067 1229850 slot_migrate.cc:354] [migrate] 30000 keys has been migrated, current key is:{06S}1041505924252139801810415059242521398018
I20230630 04:47:17.182854 1229850 slot_migrate.cc:354] [migrate] 31000 keys has been migrated, current key is:{06S}10428795615006144081042879561500614408
I20230630 04:47:17.344641 1229850 slot_migrate.cc:354] [migrate] 32000 keys has been migrated, current key is:{06S}1044236921147363248010442369211473632480
I20230630 04:47:17.447710 1229627 event_listener.cc:138] [event_listener/table_file_created] column family: default, file path: /nvme/jinghuan/node_40001/db/000139.sst, file size: 339873422, job id: 70, reason: compaction, status: OK
I20230630 04:47:17.469887 1229627 event_listener.cc:71] [event_listener/compaction_completed] column family: default, compaction reason: 1, output compression type: no, base input level(files): 0(4), output level(files): 0(1), input bytes: 340022343, output bytes:339873422, is_manual_compaction:no, elapsed(micro): 21593179
I20230630 04:47:17.479359 1229627 event_listener.cc:127] [event_listener/table_file_deleted] db: /nvme/jinghuan/node_40001/db, sst file: /nvme/jinghuan/node_40001/db/000122.sst, status: OK
I20230630 04:47:17.487977 1229627 event_listener.cc:127] [event_listener/table_file_deleted] db: /nvme/jinghuan/node_40001/db, sst file: /nvme/jinghuan/node_40001/db/000117.sst, status: OK
I20230630 04:47:17.495823 1229627 event_listener.cc:127] [event_listener/table_file_deleted] db: /nvme/jinghuan/node_40001/db, sst file: /nvme/jinghuan/node_40001/db/000114.sst, status: OK
I20230630 04:47:17.503365 1229627 event_listener.cc:127] [event_listener/table_file_deleted] db: /nvme/jinghuan/node_40001/db, sst file: /nvme/jinghuan/node_40001/db/000111.sst, status: OK
I20230630 04:47:17.506289 1229850 slot_migrate.cc:354] [migrate] 33000 keys has been migrated, current key is:{06S}10456582570725305381045658257072530538
I20230630 04:47:17.655969 1229850 slot_migrate.cc:354] [migrate] 34000 keys has been migrated, current key is:{06S}1047054663961120774210470546639611207742
I20230630 04:47:17.822459 1229850 slot_migrate.cc:354] [migrate] 35000 keys has been migrated, current key is:{06S}1048461296243775558810484612962437755588
I20230630 04:47:17.976611 1229850 slot_migrate.cc:354] [migrate] 36000 keys has been migrated, current key is:{06S}1049825647866614168610498256478666141686
I20230630 04:47:18.049336 1229628 event_listener.cc:138] [event_listener/table_file_created] column family: metadata, file path: /nvme/jinghuan/node_40001/db/000154.sst, file size: 138145811, job id: 80, reason: compaction, status: OK
I20230630 04:47:18.131747 1229850 slot_migrate.cc:354] [migrate] 37000 keys has been migrated, current key is:{06S}1051184129904691521610511841299046915216
I20230630 04:47:18.277241 1229850 slot_migrate.cc:354] [migrate] 38000 keys has been migrated, current key is:{06S}1052568547948795789210525685479487957892
I20230630 04:47:18.422677 1229850 slot_migrate.cc:354] [migrate] 39000 keys has been migrated, current key is:{06S}1053996473223536209210539964732235362092
I20230630 04:47:18.574131 1229850 slot_migrate.cc:354] [migrate] 40000 keys has been migrated, current key is:{06S}1055379970021175595210553799700211755952
I20230630 04:47:18.726058 1229850 slot_migrate.cc:354] [migrate] 41000 keys has been migrated, current key is:{06S}1056756560443817543010567565604438175430
I20230630 04:47:18.881319 1229850 slot_migrate.cc:354] [migrate] 42000 keys has been migrated, current key is:{06S}10581050343846262161058105034384626216
I20230630 04:47:19.030614 1229850 slot_migrate.cc:354] [migrate] 43000 keys has been migrated, current key is:{06S}1059490693472897668810594906934728976688
I20230630 04:47:19.179929 1229850 slot_migrate.cc:354] [migrate] 44000 keys has been migrated, current key is:{06S}1060873787587584952410608737875875849524
W20230630 04:47:19.195962 1229851 event_listener.cc:132] [event_listener/stall_cond_changed] column family: default write stall condition was changed, from normal to delay
I20230630 04:47:19.249984 1229628 event_listener.cc:138] [event_listener/table_file_created] column family: metadata, file path: /nvme/jinghuan/node_40001/db/000164.sst, file size: 13905752, job id: 80, reason: compaction, status: OK
I20230630 04:47:19.268473 1229628 event_listener.cc:71] [event_listener/compaction_completed] column family: metadata, compaction reason: 1, output compression type: no, base input level(files): 0(5), output level(files): 1(2), input bytes: 153239199, output bytes:152051563, is_manual_compaction:no, elapsed(micro): 11602525
I20230630 04:47:19.354673 1229850 slot_migrate.cc:354] [migrate] 45000 keys has been migrated, current key is:{06S}1062263049781472408210622630497814724082
I20230630 04:47:19.493968 1229850 slot_migrate.cc:354] [migrate] 46000 keys has been migrated, current key is:{06S}1063637827999674660410636378279996746604
I20230630 04:47:19.630942 1229850 slot_migrate.cc:354] [migrate] 47000 keys has been migrated, current key is:{06S}1065018524276302530410650185242763025304
I20230630 04:47:19.766338 1229630 event_listener.cc:138] [event_listener/table_file_created] column family: default, file path: /nvme/jinghuan/node_40001/db/000162.sst, file size: 79489738, job id: 83, reason: flush, status: OK
I20230630 04:47:19.779745 1229630 event_listener.cc:91] [event_listener/flush_completed] column family: default, thread_id: 1229630, job_id: 83, file: /nvme/jinghuan/node_40001/db/000162.sst, reason: 6, is_write_slowdown: no, is_write_stall: no, largest seqno: 27121158, smallest seqno: 26434936
I20230630 04:47:19.781690 1229850 slot_migrate.cc:354] [migrate] 48000 keys has been migrated, current key is:{06S}1066409598674629681810664095986746296818
I20230630 04:47:19.791929 1229630 event_listener.cc:127] [event_listener/table_file_deleted] db: /nvme/jinghuan/node_40001/db, sst file: /nvme/jinghuan/node_40001/db/000137.sst, status: OK
I20230630 04:47:19.800873 1229630 event_listener.cc:127] [event_listener/table_file_deleted] db: /nvme/jinghuan/node_40001/db, sst file: /nvme/jinghuan/node_40001/db/000132.sst, status: OK
I20230630 04:47:19.809355 1229630 event_listener.cc:127] [event_listener/table_file_deleted] db: /nvme/jinghuan/node_40001/db, sst file: /nvme/jinghuan/node_40001/db/000129.sst, status: OK
I20230630 04:47:19.817996 1229630 event_listener.cc:127] [event_listener/table_file_deleted] db: /nvme/jinghuan/node_40001/db, sst file: /nvme/jinghuan/node_40001/db/000125.sst, status: OK
W20230630 04:47:19.818025 1229630 event_listener.cc:132] [event_listener/stall_cond_changed] column family: default write stall condition was changed, from delay to normal
I20230630 04:47:19.931962 1229850 slot_migrate.cc:354] [migrate] 49000 keys has been migrated, current key is:{06S}1067798965057030324610677989650570303246
I20230630 04:47:20.076992 1229850 slot_migrate.cc:354] [migrate] 50000 keys has been migrated, current key is:{06S}106915769985517572106915769985517572
I20230630 04:47:20.233654 1229850 slot_migrate.cc:354] [migrate] 51000 keys has been migrated, current key is:{06S}1070568337893925932410705683378939259324
I20230630 04:47:20.390139 1229850 slot_migrate.cc:354] [migrate] 52000 keys has been migrated, current key is:{06S}1071946837879604582210719468378796045822
I20230630 04:47:20.534754 1229850 slot_migrate.cc:354] [migrate] 53000 keys has been migrated, current key is:{06S}1073337326644312015610733373266443120156
I20230630 04:47:20.683518 1229850 slot_migrate.cc:354] [migrate] 54000 keys has been migrated, current key is:{06S}1074690409187476530010746904091874765300
I20230630 04:47:20.830045 1229850 slot_migrate.cc:354] [migrate] 55000 keys has been migrated, current key is:{06S}1076056133213396484810760561332133964848
I20230630 04:47:21.749657 1229627 event_listener.cc:138] [event_listener/table_file_created] column family: default, file path: /nvme/jinghuan/node_40001/db/000163.sst, file size: 138652577, job id: 84, reason: compaction, status: OK
I20230630 04:47:22.995502 1229850 slot_migrate.cc:541] Network overflow, retry
I20230630 04:47:24.019461 1229850 slot_migrate.cc:541] Network overflow, retry
I20230630 04:47:24.258373 1229627 event_listener.cc:138] [event_listener/table_file_created] column family: default, file path: /nvme/jinghuan/node_40001/db/000166.sst, file size: 138701392, job id: 84, reason: compaction, status: OK
I20230630 04:47:24.705626 1229850 slot_migrate.cc:354] [migrate] 56000 keys has been migrated, current key is:{06S}1077438257607954525810774382576079545258
I20230630 04:47:24.863377 1229850 slot_migrate.cc:354] [migrate] 57000 keys has been migrated, current key is:{06S}1078841570806085015210788415708060850152
I20230630 04:47:25.037262 1229850 slot_migrate.cc:354] [migrate] 58000 keys has been migrated, current key is:{06S}1080234304746674314210802343047466743142
I20230630 04:47:25.192349 1229850 slot_migrate.cc:354] [migrate] 59000 keys has been migrated, current key is:{06S}1081638203578424521610816382035784245216
I20230630 04:47:25.208844 1229631 event_listener.cc:84] [event_listener/flush_begin] column family: default, thread_id: 1229631, job_id: 85, reason: 6
I20230630 04:47:25.344205 1229850 slot_migrate.cc:354] [migrate] 60000 keys has been migrated, current key is:{06S}1083020376446646923610830203764466469236
I20230630 04:47:25.489264 1229850 slot_migrate.cc:354] [migrate] 61000 keys has been migrated, current key is:{06S}1084393446648922667210843934466489226672
I20230630 04:47:25.635569 1229850 slot_migrate.cc:354] [migrate] 62000 keys has been migrated, current key is:{06S}1085787888605438474810857878886054384748
I20230630 04:47:25.782300 1229850 slot_migrate.cc:354] [migrate] 63000 keys has been migrated, current key is:{06S}1087180671019692134810871806710196921348
I20230630 04:47:25.929785 1229850 slot_migrate.cc:354] [migrate] 64000 keys has been migrated, current key is:{06S}1088565193252309589410885651932523095894
I20230630 04:47:26.099300 1229850 slot_migrate.cc:354] [migrate] 65000 keys has been migrated, current key is:{06S}1089926073128446356010899260731284463560
I20230630 04:47:26.260067 1229850 slot_migrate.cc:354] [migrate] 66000 keys has been migrated, current key is:{06S}10913278499150815621091327849915081562
I20230630 04:47:26.420528 1229850 slot_migrate.cc:354] [migrate] 67000 keys has been migrated, current key is:{06S}10927331207386448301092733120738644830
I20230630 04:47:26.585779 1229850 slot_migrate.cc:354] [migrate] 68000 keys has been migrated, current key is:{06S}1094152894536582441410941528945365824414
I20230630 04:47:26.730033 1229850 slot_migrate.cc:354] [migrate] 69000 keys has been migrated, current key is:{06S}1095486313341433400410954863133414334004
I20230630 04:47:26.900758 1229850 slot_migrate.cc:354] [migrate] 70000 keys has been migrated, current key is:{06S}1096849188372677478210968491883726774782
I20230630 04:47:27.050423 1229850 slot_migrate.cc:354] [migrate] 71000 keys has been migrated, current key is:{06S}1098236156917018707410982361569170187074
I20230630 04:47:27.197444 1229850 slot_migrate.cc:354] [migrate] 72000 keys has been migrated, current key is:{06S}1099656504591071362010996565045910713620
I20230630 04:47:27.348323 1229850 slot_migrate.cc:354] [migrate] 73000 keys has been migrated, current key is:{06S}1101057267288964889811010572672889648898
I20230630 04:47:27.458292 1229631 event_listener.cc:138] [event_listener/table_file_created] column family: default, file path: /nvme/jinghuan/node_40001/db/000169.sst, file size: 81064257, job id: 85, reason: flush, status: OK
I20230630 04:47:27.465787 1229631 event_listener.cc:91] [event_listener/flush_completed] column family: default, thread_id: 1229631, job_id: 85, file: /nvme/jinghuan/node_40001/db/000169.sst, reason: 6, is_write_slowdown: no, is_write_stall: no, largest seqno: 27820978, smallest seqno: 27121160
I20230630 04:47:27.503254 1229850 slot_migrate.cc:354] [migrate] 74000 keys has been migrated, current key is:{06S}1102440947037271891411024409470372718914
I20230630 04:47:27.653765 1229850 slot_migrate.cc:354] [migrate] 75000 keys has been migrated, current key is:{06S}1103784158330202413811037841583302024138
I20230630 04:47:27.801139 1229850 slot_migrate.cc:354] [migrate] 76000 keys has been migrated, current key is:{06S}1105180815174110019411051808151741100194
I20230630 04:47:27.962810 1229850 slot_migrate.cc:354] [migrate] 77000 keys has been migrated, current key is:{06S}1106578545926660054611065785459266600546
I20230630 04:47:28.120288 1229850 slot_migrate.cc:354] [migrate] 78000 keys has been migrated, current key is:{06S}1107975941066364926211079759410663649262
I20230630 04:47:28.158710 1229627 event_listener.cc:138] [event_listener/table_file_created] column family: default, file path: /nvme/jinghuan/node_40001/db/000167.sst, file size: 138701315, job id: 84, reason: compaction, status: OK
I20230630 04:47:28.275198 1229850 slot_migrate.cc:354] [migrate] 79000 keys has been migrated, current key is:{06S}1109342586338749762611093425863387497626
I20230630 04:47:28.432132 1229850 slot_migrate.cc:354] [migrate] 80000 keys has been migrated, current key is:{06S}1110718438465594444411107184384655944444
I20230630 04:47:28.624639 1229850 slot_migrate.cc:354] [migrate] 81000 keys has been migrated, current key is:{06S}1112107804847995087211121078048479950872
I20230630 04:47:28.633472 1229630 event_listener.cc:84] [event_listener/flush_begin] column family: metadata, thread_id: 1229630, job_id: 86, reason: 13
I20230630 04:47:28.794917 1229850 slot_migrate.cc:354] [migrate] 82000 keys has been migrated, current key is:{06S}1113493192612228597411134931926122285974
I20230630 04:47:28.950403 1229850 slot_migrate.cc:354] [migrate] 83000 keys has been migrated, current key is:{06S}1114894212160812860211148942121608128602
I20230630 04:47:29.109913 1229850 slot_migrate.cc:354] [migrate] 84000 keys has been migrated, current key is:{06S}1116268252083217846411162682520832178464
I20230630 04:47:29.172904 1229630 event_listener.cc:138] [event_listener/table_file_created] column family: metadata, file path: /nvme/jinghuan/node_40001/db/000173.sst, file size: 19240098, job id: 86, reason: flush, status: OK
I20230630 04:47:29.179211 1229630 event_listener.cc:91] [event_listener/flush_completed] column family: metadata, thread_id: 1229630, job_id: 86, file: /nvme/jinghuan/node_40001/db/000173.sst, reason: 13, is_write_slowdown: no, is_write_stall: no, largest seqno: 28335559, smallest seqno: 25181771
I20230630 04:47:29.264839 1229850 slot_migrate.cc:354] [migrate] 85000 keys has been migrated, current key is:{06S}1117631529797414026611176315297974140266
I20230630 04:47:29.451160 1229850 slot_migrate.cc:354] [migrate] 86000 keys has been migrated, current key is:{06S}1119035764242009397611190357642420093976
I20230630 04:47:29.644773 1229850 slot_migrate.cc:354] [migrate] 87000 keys has been migrated, current key is:{06S}1120431347177274573611204313471772745736
I20230630 04:47:29.816900 1229850 slot_migrate.cc:354] [migrate] 88000 keys has been migrated, current key is:{06S}1121819236968080684411218192369680806844
I20230630 04:47:29.843230 1229631 event_listener.cc:84] [event_listener/flush_begin] column family: default, thread_id: 1229631, job_id: 87, reason: 6
I20230630 04:47:29.974690 1229850 slot_migrate.cc:354] [migrate] 89000 keys has been migrated, current key is:{06S}1123180605119240162611231806051192401626
I20230630 04:47:30.174015 1229850 slot_migrate.cc:354] [migrate] 90000 keys has been migrated, current key is:{06S}1124540594037402115211245405940374021152
I20230630 04:47:30.349272 1229850 slot_migrate.cc:354] [migrate] 91000 keys has been migrated, current key is:{06S}1125946305073592018211259463050735920182
I20230630 04:47:30.524143 1229850 slot_migrate.cc:354] [migrate] 92000 keys has been migrated, current key is:{06S}1127328477941814420211273284779418144202
I20230630 04:47:30.682068 1229850 slot_migrate.cc:354] [migrate] 93000 keys has been migrated, current key is:{06S}1128721211882403719211287212118824037192
I20230630 04:47:30.862207 1229850 slot_migrate.cc:354] [migrate] 94000 keys has been migrated, current key is:{06S}1130098387938665385011300983879386653850
I20230630 04:47:31.042984 1229850 slot_migrate.cc:354] [migrate] 95000 keys has been migrated, current key is:{06S}1131487802794730388811314878027947303888
I20230630 04:47:31.204581 1229850 slot_migrate.cc:354] [migrate] 96000 keys has been migrated, current key is:{06S}1132877217650795392611328772176507953926
I20230630 04:47:31.363780 1229850 slot_migrate.cc:354] [migrate] 97000 keys has been migrated, current key is:{06S}1134251209099536017811342512090995360178
I20230630 04:47:31.546720 1229850 slot_migrate.cc:354] [migrate] 98000 keys has been migrated, current key is:{06S}1135603370396235650611356033703962356506
I20230630 04:47:31.731077 1229850 slot_migrate.cc:354] [migrate] 99000 keys has been migrated, current key is:{06S}1136996891106286576611369968911062865766
I20230630 04:47:31.891942 1229850 slot_migrate.cc:354] [migrate] 100000 keys has been migrated, current key is:{06S}1138389625046875875611383896250468758756
I20230630 04:47:31.965394 1229631 event_listener.cc:138] [event_listener/table_file_created] column family: default, file path: /nvme/jinghuan/node_40001/db/000175.sst, file size: 80609121, job id: 87, reason: flush, status: OK
I20230630 04:47:31.971829 1229631 event_listener.cc:91] [event_listener/flush_completed] column family: default, thread_id: 1229631, job_id: 87, file: /nvme/jinghuan/node_40001/db/000175.sst, reason: 6, is_write_slowdown: no, is_write_stall: no, largest seqno: 28516860, smallest seqno: 27820980
I20230630 04:47:32.057754 1229850 slot_migrate.cc:354] [migrate] 101000 keys has been migrated, current key is:{06S}1139783835579059706611397838355790597066
I20230630 04:47:32.246116 1229850 slot_migrate.cc:354] [migrate] 102000 keys has been migrated, current key is:{06S}1141145789363838902811411457893638389028
I20230630 04:47:32.357143 1229627 event_listener.cc:138] [event_listener/table_file_created] column family: default, file path: /nvme/jinghuan/node_40001/db/000171.sst, file size: 138701346, job id: 84, reason: compaction, status: OK
I20230630 04:47:32.432624 1229850 slot_migrate.cc:354] [migrate] 103000 keys has been migrated, current key is:{06S}1142523703715897834611425237037158978346
I20230630 04:47:32.620450 1229850 slot_migrate.cc:354] [migrate] 104000 keys has been migrated, current key is:{06S}1143895345800243407211438953458002434072
I20230630 04:47:32.796556 1229850 slot_migrate.cc:354] [migrate] 105000 keys has been migrated, current key is:{06S}1145301056836433310211453010568364333102
I20230630 04:47:32.964179 1229850 slot_migrate.cc:354] [migrate] 106000 keys has been migrated, current key is:{06S}1146708427414885360811467084274148853608
I20230630 04:47:33.148109 1229850 slot_migrate.cc:354] [migrate] 107000 keys has been migrated, current key is:{06S}1148090447620930214811480904476209302148
I20230630 04:47:33.330195 1229850 slot_migrate.cc:354] [migrate] 108000 keys has been migrated, current key is:{06S}1149437764767846659411494377647678466594
I20230630 04:47:33.500432 1229850 slot_migrate.cc:354] [migrate] 109000 keys has been migrated, current key is:{06S}1150810834970122403011508108349701224030
I20230630 04:47:33.683527 1229850 slot_migrate.cc:354] [migrate] 110000 keys has been migrated, current key is:{06S}1152185210505372552811521852105053725528
I20230630 04:47:34.766733 1229627 event_listener.cc:138] [event_listener/table_file_created] column family: default, file path: /nvme/jinghuan/node_40001/db/000177.sst, file size: 138701167, job id: 84, reason: compaction, status: OK
I20230630 04:47:35.763480 1229850 slot_migrate.cc:541] Network overflow, retry
I20230630 04:47:36.787472 1229850 slot_migrate.cc:541] Network overflow, retry
I20230630 04:47:37.076252 1229627 event_listener.cc:138] [event_listener/table_file_created] column family: default, file path: /nvme/jinghuan/node_40001/db/000178.sst, file size: 138763743, job id: 84, reason: compaction, status: OK
I20230630 04:47:37.811478 1229850 slot_migrate.cc:541] Network overflow, retry
I20230630 04:47:38.174274 1229850 slot_migrate.cc:354] [migrate] 111000 keys has been migrated, current key is:{06S}1153602086432723364211536020864327233642
I20230630 04:47:38.349368 1229850 slot_migrate.cc:354] [migrate] 112000 keys has been migrated, current key is:{06S}11549702498749937281154970249874993728
I20230630 04:47:38.521899 1229850 slot_migrate.cc:354] [migrate] 113000 keys has been migrated, current key is:{06S}1156350117803868975611563501178038689756
I20230630 04:47:38.692184 1229850 slot_migrate.cc:354] [migrate] 114000 keys has been migrated, current key is:{06S}1157702864734188326411577028647341883264
I20230630 04:47:38.865001 1229850 slot_migrate.cc:354] [migrate] 115000 keys has been migrated, current key is:{06S}1159117782624838074811591177826248380748
I20230630 04:47:38.930220 1229630 event_listener.cc:84] [event_listener/flush_begin] column family: default, thread_id: 1229630, job_id: 88, reason: 6
I20230630 04:47:39.030493 1229850 slot_migrate.cc:354] [migrate] 116000 keys has been migrated, current key is:{06S}1160516099011007828011605160990110078280
I20230630 04:47:39.201750 1229850 slot_migrate.cc:354] [migrate] 117000 keys has been migrated, current key is:{06S}116188379636581144116188379636581144
I20230630 04:47:39.366742 1229850 slot_migrate.cc:354] [migrate] 118000 keys has been migrated, current key is:{06S}1163252678351811728411632526783518117284
I20230630 04:47:39.524842 1229850 slot_migrate.cc:354] [migrate] 119000 keys has been migrated, current key is:{06S}1164637249058093544011646372490580935440
I20230630 04:47:39.696213 1229850 slot_migrate.cc:354] [migrate] 120000 keys has been migrated, current key is:{06S}11660372613658957541166037261365895754
I20230630 04:47:39.863875 1229850 slot_migrate.cc:354] [migrate] 121000 keys has been migrated, current key is:{06S}1167423168095888605411674231680958886054
I20230630 04:47:40.031956 1229850 slot_migrate.cc:354] [migrate] 122000 keys has been migrated, current key is:{06S}1168789331923166910811687893319231669108
I20230630 04:47:40.201680 1229850 slot_migrate.cc:354] [migrate] 123000 keys has been migrated, current key is:{06S}1170155055949086865611701550559490868656
I20230630 04:47:40.283150 1229627 event_listener.cc:138] [event_listener/table_file_created] column family: default, file path: /nvme/jinghuan/node_40001/db/000179.sst, file size: 138797504, job id: 84, reason: compaction, status: OK
I20230630 04:47:40.366530 1229850 slot_migrate.cc:354] [migrate] 124000 keys has been migrated, current key is:{06S}1171539809606036296811715398096060362968
I20230630 04:47:40.524256 1229850 slot_migrate.cc:354] [migrate] 125000 keys has been migrated, current key is:{06S}1172934068611884488811729340686118844888
I20230630 04:47:40.685670 1229850 slot_migrate.cc:354] [migrate] 126000 keys has been migrated, current key is:{06S}1174334197202493937611743341972024939376
I20230630 04:47:40.843886 1229850 slot_migrate.cc:354] [migrate] 127000 keys has been migrated, current key is:{06S}1175709561054315907811757095610543159078
I20230630 04:47:40.885596 1229630 event_listener.cc:138] [event_listener/table_file_created] column family: default, file path: /nvme/jinghuan/node_40001/db/000181.sst, file size: 79498641, job id: 88, reason: flush, status: OK
I20230630 04:47:40.899755 1229630 event_listener.cc:91] [event_listener/flush_completed] column family: default, thread_id: 1229630, job_id: 88, file: /nvme/jinghuan/node_40001/db/000181.sst, reason: 6, is_write_slowdown: no, is_write_stall: no, largest seqno: 29203183, smallest seqno: 28516862
I20230630 04:47:41.005336 1229850 slot_migrate.cc:354] [migrate] 128000 keys has been migrated, current key is:{06S}11770821239828798001177082123982879800
I20230630 04:47:41.161401 1229850 slot_migrate.cc:354] [migrate] 129000 keys has been migrated, current key is:{06S}1178450503099796465411784505030997964654
I20230630 04:47:41.323458 1229850 slot_migrate.cc:354] [migrate] 130000 keys has been migrated, current key is:{06S}1179840503589481187211798405035894811872
I20230630 04:47:41.486238 1229850 slot_migrate.cc:354] [migrate] 131000 keys has been migrated, current key is:{06S}1181237496046233956411812374960462339564
I20230630 04:47:41.645407 1229850 slot_migrate.cc:354] [migrate] 132000 keys has been migrated, current key is:{06S}1182620358736589263411826203587365892634
I20230630 04:47:41.814110 1229850 slot_migrate.cc:354] [migrate] 133000 keys has been migrated, current key is:{06S}1183989450320697874411839894503206978744
I20230630 04:47:41.984010 1229850 slot_migrate.cc:354] [migrate] 134000 keys has been migrated, current key is:{06S}1185383075219261987411853830752192619874
I20230630 04:47:42.154219 1229850 slot_migrate.cc:354] [migrate] 135000 keys has been migrated, current key is:{06S}1186756224183692159611867562241836921596
I20230630 04:47:42.335142 1229850 slot_migrate.cc:354] [migrate] 136000 keys has been migrated, current key is:{06S}1188130368294610332811881303682946103328
I20230630 04:47:42.507714 1229850 slot_migrate.cc:354] [migrate] 137000 keys has been migrated, current key is:{06S}1189513126796452452811895131267964524528
I20230630 04:47:42.681993 1229850 slot_migrate.cc:354] [migrate] 138000 keys has been migrated, current key is:{06S}1190901065060922924611909010650609229246
I20230630 04:47:42.852869 1229850 slot_migrate.cc:354] [migrate] 139000 keys has been migrated, current key is:{06S}1192298460200627796211922984602006277962
I20230630 04:47:43.021862 1229850 slot_migrate.cc:354] [migrate] 140000 keys has been migrated, current key is:{06S}1193696190953177831411936961909531778314
I20230630 04:47:43.188908 1229850 slot_migrate.cc:354] [migrate] 141000 keys has been migrated, current key is:{06S}1195040323492573235411950403234925732354
I20230630 04:47:43.357501 1229850 slot_migrate.cc:354] [migrate] 142000 keys has been migrated, current key is:{06S}1196409183652349869811964091836523498698
I20230630 04:47:43.524551 1229850 slot_migrate.cc:354] [migrate] 143000 keys has been migrated, current key is:{06S}1197814156392742506811978141563927425068
I20230630 04:47:43.692816 1229850 slot_migrate.cc:354] [migrate] 144000 keys has been migrated, current key is:{06S}1199233765770997895411992337657709978954
I20230630 04:47:43.725371 1229631 event_listener.cc:84] [event_listener/flush_begin] column family: default, thread_id: 1229631, job_id: 90, reason: 6
I20230630 04:47:43.861232 1229850 slot_migrate.cc:354] [migrate] 145000 keys has been migrated, current key is:{06S}1200612649843186069812006126498431860698
I20230630 04:47:44.033819 1229850 slot_migrate.cc:354] [migrate] 146000 keys has been migrated, current key is:{06S}1201998141795932767012019981417959327670
I20230630 04:47:44.210666 1229850 slot_migrate.cc:354] [migrate] 147000 keys has been migrated, current key is:{06S}12033461184110348641203346118411034864
I20230630 04:47:46.284125 1229627 event_listener.cc:138] [event_listener/table_file_created] column family: default, file path: /nvme/jinghuan/node_40001/db/000182.sst, file size: 138797522, job id: 84, reason: compaction, status: OK
I20230630 04:47:46.355495 1229850 slot_migrate.cc:541] Network overflow, retry
I20230630 04:47:46.391561 1229631 event_listener.cc:138] [event_listener/table_file_created] column family: default, file path: /nvme/jinghuan/node_40001/db/000186.sst, file size: 81449152, job id: 90, reason: flush, status: OK
I20230630 04:47:46.404670 1229631 event_listener.cc:91] [event_listener/flush_completed] column family: default, thread_id: 1229631, job_id: 90, file: /nvme/jinghuan/node_40001/db/000186.sst, reason: 6, is_write_slowdown: no, is_write_stall: no, largest seqno: 29906347, smallest seqno: 29203185
I20230630 04:47:47.379474 1229850 slot_migrate.cc:541] Network overflow, retry
I20230630 04:47:48.403503 1229850 slot_migrate.cc:541] Network overflow, retry
I20230630 04:47:49.010176 1229850 slot_migrate.cc:354] [migrate] 148000 keys has been migrated, current key is:{06S}1204745251920613496812047452519206134968
I20230630 04:47:49.193914 1229850 slot_migrate.cc:354] [migrate] 149000 keys has been migrated, current key is:{06S}1206156545402383854012061565454023838540
I20230630 04:47:49.364018 1229850 slot_migrate.cc:354] [migrate] 150000 keys has been migrated, current key is:{06S}1207531323620586106212075313236205861062
I20230630 04:47:49.536067 1229850 slot_migrate.cc:354] [migrate] 151000 keys has been migrated, current key is:{06S}1208907761381050506012089077613810505060
I20230630 04:47:49.717661 1229850 slot_migrate.cc:354] [migrate] 152000 keys has been migrated, current key is:{06S}1210293253333797203212102932533337972032
I20230630 04:47:49.893546 1229850 slot_migrate.cc:354] [migrate] 153000 keys has been migrated, current key is:{06S}1211701410681710880812117014106817108808
I20230630 04:47:50.075850 1229850 slot_migrate.cc:354] [migrate] 154000 keys has been migrated, current key is:{06S}1213092485080038032212130924850800380322
I20230630 04:47:50.253422 1229850 slot_migrate.cc:354] [migrate] 155000 keys has been migrated, current key is:{06S}1214468922840502432012144689228405024320
I20230630 04:47:50.429852 1229850 slot_migrate.cc:354] [migrate] 156000 keys has been migrated, current key is:{06S}1215822512255132235812158225122551322358
I20230630 04:47:50.603055 1229850 slot_migrate.cc:354] [migrate] 157000 keys has been migrated, current key is:{06S}1217194154339477808412171941543394778084
I20230630 04:47:50.773934 1229850 slot_migrate.cc:354] [migrate] 158000 keys has been migrated, current key is:{06S}1218585228737804959812185852287378049598
I20230630 04:47:50.782507 1229627 event_listener.cc:138] [event_listener/table_file_created] column family: default, file path: /nvme/jinghuan/node_40001/db/000187.sst, file size: 138796889, job id: 84, reason: compaction, status: OK
I20230630 04:47:50.940907 1229850 slot_migrate.cc:354] [migrate] 159000 keys has been migrated, current key is:{06S}1220011158857438068612200111588574380686
I20230630 04:47:51.114351 1229850 slot_migrate.cc:354] [migrate] 160000 keys has been migrated, current key is:{06S}1221395912514387499812213959125143874998
