I20230630 04:50:16.349412 1229627 event_listener.cc:71] [event_listener/compaction_completed] column family: default, compaction reason: 2, output compression type: no, base input level(files): 2(1), output level(files): 3(1), input bytes: 0, output bytes:0, is_manual_compaction:no, elapsed(micro): 0
I20230630 04:50:16.362761 1229627 event_listener.cc:71] [event_listener/compaction_completed] column family: default, compaction reason: 2, output compression type: no, base input level(files): 2(1), output level(files): 3(1), input bytes: 0, output bytes:0, is_manual_compaction:no, elapsed(micro): 0
I20230630 04:50:16.424384 1229850 slot_migrate.cc:354] [migrate] 1071000 keys has been migrated, current key is:{06S}82135369065361795428213536906536179542
I20230630 04:50:16.557305 1229850 slot_migrate.cc:354] [migrate] 1072000 keys has been migrated, current key is:{06S}822745481970000076822745481970000076
I20230630 04:50:16.679997 1229850 slot_migrate.cc:354] [migrate] 1073000 keys has been migrated, current key is:{06S}82414733995427832908241473399542783290
I20230630 04:50:16.804085 1229850 slot_migrate.cc:354] [migrate] 1074000 keys has been migrated, current key is:{06S}82551061766847450928255106176684745092
I20230630 04:50:16.934156 1229850 slot_migrate.cc:354] [migrate] 1075000 keys has been migrated, current key is:{06S}82689518837475632488268951883747563248
I20230630 04:50:17.032320 1229628 event_listener.cc:138] [event_listener/table_file_created] column family: default, file path: /nvme/jinghuan/node_40001/db/000325.sst, file size: 85360586, job id: 157, reason: compaction, status: OK
I20230630 04:50:17.063364 1229850 slot_migrate.cc:354] [migrate] 1076000 keys has been migrated, current key is:{06S}82827583617771983388282758361777198338
I20230630 04:50:17.088250 1229628 event_listener.cc:71] [event_listener/compaction_completed] column family: default, compaction reason: 1, output compression type: no, base input level(files): 0(6), output level(files): 1(8), input bytes: 1056809400, output bytes:1056254851, is_manual_compaction:no, elapsed(micro): 16675440
I20230630 04:50:17.098989 1229628 event_listener.cc:127] [event_listener/table_file_deleted] db: /nvme/jinghuan/node_40001/db, sst file: /nvme/jinghuan/node_40001/db/000306.sst, status: OK
I20230630 04:50:17.107486 1229628 event_listener.cc:127] [event_listener/table_file_deleted] db: /nvme/jinghuan/node_40001/db, sst file: /nvme/jinghuan/node_40001/db/000299.sst, status: OK
I20230630 04:50:17.114284 1229628 event_listener.cc:127] [event_listener/table_file_deleted] db: /nvme/jinghuan/node_40001/db, sst file: /nvme/jinghuan/node_40001/db/000295.sst, status: OK
I20230630 04:50:17.121412 1229628 event_listener.cc:127] [event_listener/table_file_deleted] db: /nvme/jinghuan/node_40001/db, sst file: /nvme/jinghuan/node_40001/db/000289.sst, status: OK
I20230630 04:50:17.154706 1229850 slot_migrate.cc:354] [migrate] 1077000 keys has been migrated, current key is:{06S}82967175472583017348296717547258301734
I20230630 04:50:17.171216 1229628 event_listener.cc:127] [event_listener/table_file_deleted] db: /nvme/jinghuan/node_40001/db, sst file: /nvme/jinghuan/node_40001/db/000284.sst, status: OK
I20230630 04:50:17.183579 1229628 event_listener.cc:127] [event_listener/table_file_deleted] db: /nvme/jinghuan/node_40001/db, sst file: /nvme/jinghuan/node_40001/db/000249.sst, status: OK
I20230630 04:50:17.240686 1229850 slot_migrate.cc:354] [migrate] 1078000 keys has been migrated, current key is:{06S}83105137709381561388310513770938156138
I20230630 04:50:17.334189 1229850 slot_migrate.cc:354] [migrate] 1079000 keys has been migrated, current key is:{06S}83243760734235957708324376073423595770
I20230630 04:50:17.433997 1229850 slot_migrate.cc:354] [migrate] 1080000 keys has been migrated, current key is:{06S}83383426418626718268338342641862671826
I20230630 04:50:17.519544 1229850 slot_migrate.cc:354] [migrate] 1081000 keys has been migrated, current key is:{06S}83522294074653492048352229407465349204
I20230630 04:50:17.604436 1229850 slot_migrate.cc:354] [migrate] 1082000 keys has been migrated, current key is:{06S}83656452278569336288365645227856933628
I20230630 04:50:17.685948 1229850 slot_migrate.cc:354] [migrate] 1083000 keys has been migrated, current key is:{06S}83794185150413257668379418515041325766
I20230630 04:50:17.770661 1229850 slot_migrate.cc:354] [migrate] 1084000 keys has been migrated, current key is:{06S}83932494561881986028393249456188198602
I20230630 04:50:17.857821 1229850 slot_migrate.cc:354] [migrate] 1085000 keys has been migrated, current key is:{06S}84072884445057006768407288444505700676
I20230630 04:50:17.947636 1229850 slot_migrate.cc:354] [migrate] 1086000 keys has been migrated, current key is:{06S}84212823474538225048421282347453822504
I20230630 04:50:18.057375 1229850 slot_migrate.cc:354] [migrate] 1087000 keys has been migrated, current key is:{06S}843494185679313972843494185679313972
I20230630 04:50:18.152344 1229850 slot_migrate.cc:354] [migrate] 1088000 keys has been migrated, current key is:{06S}84486292311959202668448629231195920266
I20230630 04:50:18.252167 1229850 slot_migrate.cc:354] [migrate] 1089000 keys has been migrated, current key is:{06S}84627034217170843828462703421717084382
I20230630 04:50:18.350603 1229850 slot_migrate.cc:354] [migrate] 1090000 keys has been migrated, current key is:{06S}84765657242025240148476565724202524014
I20230630 04:50:18.447371 1229850 slot_migrate.cc:354] [migrate] 1091000 keys has been migrated, current key is:{06S}84903785433049998948490378543304999894
I20230630 04:50:18.551585 1229850 slot_migrate.cc:354] [migrate] 1092000 keys has been migrated, current key is:{06S}85039980811527918568503998081152791856
I20230630 04:50:18.652624 1229850 slot_migrate.cc:354] [migrate] 1093000 keys has been migrated, current key is:{06S}851801411264241110851801411264241110
I20230630 04:50:18.760735 1229850 slot_migrate.cc:354] [migrate] 1094000 keys has been migrated, current key is:{06S}85320383553763884188532038355376388418
I20230630 04:50:18.859400 1229850 slot_migrate.cc:354] [migrate] 1095000 keys has been migrated, current key is:{06S}854587489794129900854587489794129900
I20230630 04:50:18.966253 1229850 slot_migrate.cc:354] [migrate] 1096000 keys has been migrated, current key is:{06S}85597042644996551148559704264499655114
I20230630 04:50:18.970866 1229628 event_listener.cc:138] [event_listener/table_file_created] column family: default, file path: /nvme/jinghuan/node_40001/db/000326.sst, file size: 138731566, job id: 164, reason: compaction, status: OK
I20230630 04:50:19.073423 1229850 slot_migrate.cc:354] [migrate] 1097000 keys has been migrated, current key is:{06S}85733330148120958928573333014812095892
I20230630 04:50:19.173141 1229850 slot_migrate.cc:354] [migrate] 1098000 keys has been migrated, current key is:{06S}85871047753747125508587104775374712550
I20230630 04:50:19.282501 1229850 slot_migrate.cc:354] [migrate] 1099000 keys has been migrated, current key is:{06S}86010953221943827428601095322194382742
I20230630 04:50:19.382934 1229850 slot_migrate.cc:354] [migrate] 1100000 keys has been migrated, current key is:{06S}86152600546383698328615260054638369832
I20230630 04:50:19.477577 1229850 slot_migrate.cc:354] [migrate] 1101000 keys has been migrated, current key is:{06S}86289838584397982188628983858439798218
I20230630 04:50:19.571866 1229850 slot_migrate.cc:354] [migrate] 1102000 keys has been migrated, current key is:{06S}864249230461468658864249230461468658
I20230630 04:50:19.662125 1229850 slot_migrate.cc:354] [migrate] 1103000 keys has been migrated, current key is:{06S}86559855410972880428655985541097288042
I20230630 04:50:19.756740 1229850 slot_migrate.cc:354] [migrate] 1104000 keys has been migrated, current key is:{06S}86702506986298163108670250698629816310
I20230630 04:50:19.973848 1229850 slot_migrate.cc:354] [migrate] 1105000 keys has been migrated, current key is:{06S}86842206231973440028684220623197344002
I20230630 04:50:20.080093 1229850 slot_migrate.cc:354] [migrate] 1106000 keys has been migrated, current key is:{06S}86980492501008970728698049250100897072
I20230630 04:50:20.188953 1229850 slot_migrate.cc:354] [migrate] 1107000 keys has been migrated, current key is:{06S}87116662194417816848711666219441781684
I20230630 04:50:20.296412 1229850 slot_migrate.cc:354] [migrate] 1108000 keys has been migrated, current key is:{06S}872539860623774320872539860623774320
I20230630 04:50:20.406049 1229850 slot_migrate.cc:354] [migrate] 1109000 keys has been migrated, current key is:{06S}87392038842308178208739203884230817820
I20230630 04:50:20.514842 1229850 slot_migrate.cc:354] [migrate] 1110000 keys has been migrated, current key is:{06S}87531630697119212168753163069711921216
I20230630 04:50:20.628558 1229850 slot_migrate.cc:354] [migrate] 1111000 keys has been migrated, current key is:{06S}87668863887767059928766886388776705992
I20230630 04:50:20.734899 1229850 slot_migrate.cc:354] [migrate] 1112000 keys has been migrated, current key is:{06S}87806038515052935888780603851505293588
I20230630 04:50:20.787160 1229628 event_listener.cc:138] [event_listener/table_file_created] column family: default, file path: /nvme/jinghuan/node_40001/db/000328.sst, file size: 138676444, job id: 164, reason: compaction, status: OK
I20230630 04:50:20.798815 1229630 event_listener.cc:84] [event_listener/flush_begin] column family: default, thread_id: 1229630, job_id: 165, reason: 6
I20230630 04:50:20.812080 1229628 event_listener.cc:71] [event_listener/compaction_completed] column family: default, compaction reason: 2, output compression type: no, base input level(files): 1(2), output level(files): 2(2), input bytes: 277462841, output bytes:277408010, is_manual_compaction:no, elapsed(micro): 3603520
I20230630 04:50:20.838150 1229850 slot_migrate.cc:354] [migrate] 1113000 keys has been migrated, current key is:{06S}87943442507293434508794344250729343450
I20230630 04:50:20.955085 1229850 slot_migrate.cc:354] [migrate] 1114000 keys has been migrated, current key is:{06S}88082055113296512128808205511329651212
I20230630 04:50:21.063352 1229850 slot_migrate.cc:354] [migrate] 1115000 keys has been migrated, current key is:{06S}88218803888966041068821880388896604106
I20230630 04:50:21.173898 1229850 slot_migrate.cc:354] [migrate] 1116000 keys has been migrated, current key is:{06S}88357113300434769428835711330043476942
I20230630 04:50:21.280983 1229850 slot_migrate.cc:354] [migrate] 1117000 keys has been migrated, current key is:{06S}884948935524462412884948935524462412
I20230630 04:50:21.391744 1229850 slot_migrate.cc:354] [migrate] 1118000 keys has been migrated, current key is:{06S}88633214147109390968863321414710939096
I20230630 04:50:21.500733 1229850 slot_migrate.cc:354] [migrate] 1119000 keys has been migrated, current key is:{06S}88771416167713876368877141616771387636
I20230630 04:50:21.617543 1229850 slot_migrate.cc:354] [migrate] 1120000 keys has been migrated, current key is:{06S}88910689561772806268891068956177280626
I20230630 04:50:21.728754 1229850 slot_migrate.cc:354] [migrate] 1121000 keys has been migrated, current key is:{06S}89046874521399407188904687452139940718
I20230630 04:50:21.844359 1229850 slot_migrate.cc:354] [migrate] 1122000 keys has been migrated, current key is:{06S}89184196807844736348918419680784473634
I20230630 04:50:21.962726 1229850 slot_migrate.cc:354] [migrate] 1123000 keys has been migrated, current key is:{06S}89323544031483392848932354403148339284
I20230630 04:50:22.091217 1229850 slot_migrate.cc:354] [migrate] 1124000 keys has been migrated, current key is:{06S}89464525720500975368946452572050097536
I20230630 04:50:22.211676 1229850 slot_migrate.cc:354] [migrate] 1125000 keys has been migrated, current key is:{06S}89601445297763155168960144529776315516
I20230630 04:50:22.252022 1229630 event_listener.cc:138] [event_listener/table_file_created] column family: default, file path: /nvme/jinghuan/node_40001/db/000330.sst, file size: 79433277, job id: 165, reason: flush, status: OK
I20230630 04:50:22.260994 1229630 event_listener.cc:91] [event_listener/flush_completed] column family: default, thread_id: 1229630, job_id: 165, file: /nvme/jinghuan/node_40001/db/000330.sst, reason: 6, is_write_slowdown: no, is_write_stall: no, largest seqno: 45399363, smallest seqno: 44713636
I20230630 04:50:22.275336 1229630 event_listener.cc:127] [event_listener/table_file_deleted] db: /nvme/jinghuan/node_40001/db, sst file: /nvme/jinghuan/node_40001/db/000320.sst, status: OK
I20230630 04:50:22.287202 1229630 event_listener.cc:127] [event_listener/table_file_deleted] db: /nvme/jinghuan/node_40001/db, sst file: /nvme/jinghuan/node_40001/db/000212.sst, status: OK
I20230630 04:50:22.332806 1229850 slot_migrate.cc:354] [migrate] 1126000 keys has been migrated, current key is:{06S}89739328857615536508973932885761553650
I20230630 04:50:22.453961 1229850 slot_migrate.cc:354] [migrate] 1127000 keys has been migrated, current key is:{06S}89876806679435761728987680667943576172
I20230630 04:50:22.571164 1229850 slot_migrate.cc:354] [migrate] 1128000 keys has been migrated, current key is:{06S}90015189920484216689001518992048421668
I20230630 04:50:22.697052 1229850 slot_migrate.cc:354] [migrate] 1129000 keys has been migrated, current key is:{06S}90152423111132064449015242311113206444
I20230630 04:50:22.823753 1229850 slot_migrate.cc:354] [migrate] 1130000 keys has been migrated, current key is:{06S}90290625131736549849029062513173654984
I20230630 04:50:22.944650 1229850 slot_migrate.cc:354] [migrate] 1131000 keys has been migrated, current key is:{06S}90428620929819610249042862092981961024
I20230630 04:50:23.067307 1229850 slot_migrate.cc:354] [migrate] 1132000 keys has been migrated, current key is:{06S}90569158472154084189056915847215408418
I20230630 04:50:23.191190 1229850 slot_migrate.cc:354] [migrate] 1133000 keys has been migrated, current key is:{06S}90711877170048399589071187717004839958
I20230630 04:50:23.317663 1229850 slot_migrate.cc:354] [migrate] 1134000 keys has been migrated, current key is:{06S}90849018236049759189084901823604975918
I20230630 04:50:23.436318 1229850 slot_migrate.cc:354] [migrate] 1135000 keys has been migrated, current key is:{06S}90983676121161677049098367612116167704
I20230630 04:50:23.509829 1229628 event_listener.cc:138] [event_listener/table_file_created] column family: default, file path: /nvme/jinghuan/node_40001/db/000331.sst, file size: 138681476, job id: 166, reason: compaction, status: OK
I20230630 04:50:23.556564 1229850 slot_migrate.cc:354] [migrate] 1136000 keys has been migrated, current key is:{06S}91122020531587229112202053158722
I20230630 04:50:23.680346 1229850 slot_migrate.cc:354] [migrate] 1137000 keys has been migrated, current key is:{06S}91263081319522924769126308131952292476
I20230630 04:50:23.799814 1229850 slot_migrate.cc:354] [migrate] 1138000 keys has been migrated, current key is:{06S}914045923358562668914045923358562668
I20230630 04:50:23.923184 1229850 slot_migrate.cc:354] [migrate] 1139000 keys has been migrated, current key is:{06S}91543650015985105149154365001598510514
I20230630 04:50:24.053779 1229850 slot_migrate.cc:354] [migrate] 1140000 keys has been migrated, current key is:{06S}91679360979484705949167936097948470594
I20230630 04:50:24.180755 1229850 slot_migrate.cc:354] [migrate] 1141000 keys has been migrated, current key is:{06S}91815301307938929409181530130793892940
I20230630 04:50:24.308723 1229850 slot_migrate.cc:354] [migrate] 1142000 keys has been migrated, current key is:{06S}91953355669383961609195335566938396160
I20230630 04:50:24.445181 1229850 slot_migrate.cc:354] [migrate] 1143000 keys has been migrated, current key is:{06S}92096443515176910009209644351517691000
I20230630 04:50:24.583299 1229850 slot_migrate.cc:354] [migrate] 1144000 keys has been migrated, current key is:{06S}92235540536158306449223554053615830644
I20230630 04:50:24.716598 1229850 slot_migrate.cc:354] [migrate] 1145000 keys has been migrated, current key is:{06S}923718403112325722923718403112325722
I20230630 04:50:24.847745 1229850 slot_migrate.cc:354] [migrate] 1146000 keys has been migrated, current key is:{06S}92509767133648060609250976713364806060
I20230630 04:50:24.978174 1229850 slot_migrate.cc:354] [migrate] 1147000 keys has been migrated, current key is:{06S}92648889839698530549264888983969853054
I20230630 04:50:25.118043 1229850 slot_migrate.cc:354] [migrate] 1148000 keys has been migrated, current key is:{06S}92787982013313490889278798201331349088
I20230630 04:50:25.252293 1229850 slot_migrate.cc:354] [migrate] 1149000 keys has been migrated, current key is:{06S}92926306690999974049292630669099997404
I20230630 04:50:25.285560 1229628 event_listener.cc:138] [event_listener/table_file_created] column family: default, file path: /nvme/jinghuan/node_40001/db/000332.sst, file size: 138682742, job id: 166, reason: compaction, status: OK
I20230630 04:50:25.372308 1229850 slot_migrate.cc:354] [migrate] 1150000 keys has been migrated, current key is:{06S}93061655213611635729306165521361163572
I20230630 04:50:25.494366 1229850 slot_migrate.cc:354] [migrate] 1151000 keys has been migrated, current key is:{06S}93198740745100030289319874074510003028
I20230630 04:50:25.619942 1229850 slot_migrate.cc:354] [migrate] 1152000 keys has been migrated, current key is:{06S}93338890844469109669333889084446910966
I20230630 04:50:25.741066 1229850 slot_migrate.cc:354] [migrate] 1153000 keys has been migrated, current key is:{06S}93480925611874375129348092561187437512
I20230630 04:50:25.869522 1229850 slot_migrate.cc:354] [migrate] 1154000 keys has been migrated, current key is:{06S}936190685426791016936190685426791016
I20230630 04:50:25.994020 1229850 slot_migrate.cc:354] [migrate] 1155000 keys has been migrated, current key is:{06S}93752635467190171189375263546719017118
I20230630 04:50:26.121078 1229850 slot_migrate.cc:354] [migrate] 1156000 keys has been migrated, current key is:{06S}93891429293637218369389142929363721836
I20230630 04:50:26.242772 1229850 slot_migrate.cc:354] [migrate] 1157000 keys has been migrated, current key is:{06S}94030865613073356269403086561307335626
I20230630 04:50:26.363699 1229850 slot_migrate.cc:354] [migrate] 1158000 keys has been migrated, current key is:{06S}94168823002505464209416882300250546420
I20230630 04:50:26.484069 1229850 slot_migrate.cc:354] [migrate] 1159000 keys has been migrated, current key is:{06S}94307616828952511389430761682895251138
I20230630 04:50:26.610219 1229850 slot_migrate.cc:354] [migrate] 1160000 keys has been migrated, current key is:{06S}94445260604998951369444526060499895136
I20230630 04:50:26.734643 1229850 slot_migrate.cc:354] [migrate] 1161000 keys has been migrated, current key is:{06S}94582664597239449989458266459723944998
I20230630 04:50:26.859364 1229850 slot_migrate.cc:354] [migrate] 1162000 keys has been migrated, current key is:{06S}94719805663240809589471980566324080958
I20230630 04:50:26.981878 1229850 slot_migrate.cc:354] [migrate] 1163000 keys has been migrated, current key is:{06S}94857630659731219129485763065973121912
I20230630 04:50:27.105403 1229850 slot_migrate.cc:354] [migrate] 1164000 keys has been migrated, current key is:{06S}94996072464141645889499607246414164588
I20230630 04:50:27.106971 1229628 event_listener.cc:138] [event_listener/table_file_created] column family: default, file path: /nvme/jinghuan/node_40001/db/000334.sst, file size: 138712951, job id: 166, reason: compaction, status: OK
I20230630 04:50:27.224254 1229850 slot_migrate.cc:354] [migrate] 1165000 keys has been migrated, current key is:{06S}95134774165942204909513477416594220490
I20230630 04:50:27.349565 1229850 slot_migrate.cc:354] [migrate] 1166000 keys has been migrated, current key is:{06S}95275197610401742009527519761040174200
I20230630 04:50:27.408139 1229631 event_listener.cc:84] [event_listener/flush_begin] column family: default, thread_id: 1229631, job_id: 167, reason: 6
I20230630 04:50:27.485083 1229850 slot_migrate.cc:354] [migrate] 1167000 keys has been migrated, current key is:{06S}95412249580605620209541224958060562020
I20230630 04:50:27.613499 1229850 slot_migrate.cc:354] [migrate] 1168000 keys has been migrated, current key is:{06S}95547705494081524849554770549408152484
I20230630 04:50:27.748415 1229850 slot_migrate.cc:354] [migrate] 1169000 keys has been migrated, current key is:{06S}95684772730503157849568477273050315784
I20230630 04:50:27.879343 1229850 slot_migrate.cc:354] [migrate] 1170000 keys has been migrated, current key is:{06S}95824232192372493409582423219237249340
I20230630 04:50:28.001840 1229850 slot_migrate.cc:354] [migrate] 1171000 keys has been migrated, current key is:{06S}95964935688933182109596493568893318210
I20230630 04:50:28.128855 1229850 slot_migrate.cc:354] [migrate] 1172000 keys has been migrated, current key is:{06S}96104395150802517669610439515080251766
I20230630 04:50:28.251148 1229850 slot_migrate.cc:354] [migrate] 1173000 keys has been migrated, current key is:{06S}96241373291426669269624137329142666926
I20230630 04:50:28.376710 1229850 slot_migrate.cc:354] [migrate] 1174000 keys has been migrated, current key is:{06S}96375860374945936269637586037494593626
I20230630 04:50:28.493607 1229850 slot_migrate.cc:354] [migrate] 1175000 keys has been migrated, current key is:{06S}96514243615994391229651424361599439122
I20230630 04:50:28.624022 1229850 slot_migrate.cc:354] [migrate] 1176000 keys has been migrated, current key is:{06S}966570556086421160966570556086421160
I20230630 04:50:28.739605 1229631 event_listener.cc:138] [event_listener/table_file_created] column family: default, file path: /nvme/jinghuan/node_40001/db/000337.sst, file size: 78192550, job id: 167, reason: flush, status: OK
I20230630 04:50:28.747885 1229850 slot_migrate.cc:354] [migrate] 1177000 keys has been migrated, current key is:{06S}96796668266574677429679666826657467742
I20230630 04:50:28.748829 1229631 event_listener.cc:91] [event_listener/flush_completed] column family: default, thread_id: 1229631, job_id: 167, file: /nvme/jinghuan/node_40001/db/000337.sst, reason: 6, is_write_slowdown: no, is_write_stall: no, largest seqno: 46074378, smallest seqno: 45399365
I20230630 04:50:28.875067 1229850 slot_migrate.cc:354] [migrate] 1178000 keys has been migrated, current key is:{06S}96934179649679419009693417964967941900
I20230630 04:50:29.000394 1229850 slot_migrate.cc:354] [migrate] 1179000 keys has been migrated, current key is:{06S}97070507421099037029707050742109903702
I20230630 04:50:29.123993 1229850 slot_migrate.cc:354] [migrate] 1180000 keys has been migrated, current key is:{06S}97212047354674664969721204735467466496
I20230630 04:50:29.246850 1229850 slot_migrate.cc:354] [migrate] 1181000 keys has been migrated, current key is:{06S}97352281702474789649735228170247478964
I20230630 04:50:29.372387 1229850 slot_migrate.cc:354] [migrate] 1182000 keys has been migrated, current key is:{06S}97490336063919821849749033606391982184
I20230630 04:50:29.497730 1229850 slot_migrate.cc:354] [migrate] 1183000 keys has been migrated, current key is:{06S}97626878617067925789762687861706792578
I20230630 04:50:29.626943 1229850 slot_migrate.cc:354] [migrate] 1184000 keys has been migrated, current key is:{06S}97764733463002226869776473346300222686
I20230630 04:50:29.760408 1229850 slot_migrate.cc:354] [migrate] 1185000 keys has been migrated, current key is:{06S}97906028765405477349790602876540547734
I20230630 04:50:29.888737 1229850 slot_migrate.cc:354] [migrate] 1186000 keys has been migrated, current key is:{06S}98047265504446756029804726550444675602
I20230630 04:50:29.893656 1229628 event_listener.cc:138] [event_listener/table_file_created] column family: default, file path: /nvme/jinghuan/node_40001/db/000335.sst, file size: 138478201, job id: 166, reason: compaction, status: OK
I20230630 04:50:29.929291 1229628 event_listener.cc:71] [event_listener/compaction_completed] column family: default, compaction reason: 2, output compression type: no, base input level(files): 1(4), output level(files): 2(4), input bytes: 554650983, output bytes:554555370, is_manual_compaction:no, elapsed(micro): 9081382
I20230630 04:50:29.944190 1229628 event_listener.cc:127] [event_listener/table_file_deleted] db: /nvme/jinghuan/node_40001/db, sst file: /nvme/jinghuan/node_40001/db/000314.sst, status: OK
I20230630 04:50:29.954566 1229628 event_listener.cc:127] [event_listener/table_file_deleted] db: /nvme/jinghuan/node_40001/db, sst file: /nvme/jinghuan/node_40001/db/000304.sst, status: OK
I20230630 04:50:29.965873 1229628 event_listener.cc:127] [event_listener/table_file_deleted] db: /nvme/jinghuan/node_40001/db, sst file: /nvme/jinghuan/node_40001/db/000303.sst, status: OK
I20230630 04:50:29.977138 1229628 event_listener.cc:127] [event_listener/table_file_deleted] db: /nvme/jinghuan/node_40001/db, sst file: /nvme/jinghuan/node_40001/db/000301.sst, status: OK
I20230630 04:50:30.016753 1229850 slot_migrate.cc:354] [migrate] 1187000 keys has been migrated, current key is:{06S}98186612728085412529818661272808541252
I20230630 04:50:30.140373 1229850 slot_migrate.cc:354] [migrate] 1188000 keys has been migrated, current key is:{06S}98321565931516236789832156593151623678
I20230630 04:50:30.262176 1229850 slot_migrate.cc:354] [migrate] 1189000 keys has been migrated, current key is:{06S}98457672214196675009845767221419667500
I20230630 04:50:30.386477 1229850 slot_migrate.cc:354] [migrate] 1190000 keys has been migrated, current key is:{06S}98596539870223448789859653987022344878
I20230630 04:50:30.509498 1229850 slot_migrate.cc:354] [migrate] 1191000 keys has been migrated, current key is:{06S}98739783251391293249873978325139129324
I20230630 04:50:30.640661 1229850 slot_migrate.cc:354] [migrate] 1192000 keys has been migrated, current key is:{06S}98879071911667977949887907191166797794
I20230630 04:50:30.770582 1229850 slot_migrate.cc:354] [migrate] 1193000 keys has been migrated, current key is:{06S}99016139148089610949901613914808961094
I20230630 04:50:30.896353 1229850 slot_migrate.cc:354] [migrate] 1194000 keys has been migrated, current key is:{06S}99151340011541819429915134001154181942
I20230630 04:50:31.019183 1229850 slot_migrate.cc:354] [migrate] 1195000 keys has been migrated, current key is:{06S}99287956394269649969928795639426964996
I20230630 04:50:31.142971 1229850 slot_migrate.cc:354] [migrate] 1196000 keys has been migrated, current key is:{06S}99427851443615033189942785144361503318
I20230630 04:50:31.264075 1229850 slot_migrate.cc:354] [migrate] 1197000 keys has been migrated, current key is:{06S}99566655688913399069956665568891339906
I20230630 04:50:31.383791 1229850 slot_migrate.cc:354] [migrate] 1198000 keys has been migrated, current key is:{06S}997022543739576646997022543739576646
I20230630 04:50:31.504585 1229850 slot_migrate.cc:354] [migrate] 1199000 keys has been migrated, current key is:{06S}99838923788787240549983892378878724054
I20230630 04:50:31.630246 1229850 slot_migrate.cc:354] [migrate] 1200000 keys has been migrated, current key is:{06S}99977472984061910269997747298406191026
I20230630 04:50:31.648995 1229850 slot_migrate.cc:376] [migrate] Succeed to migrate slot snapshot, slot: 0, Migrated keys: 1200154, Expired keys: 0, Emtpy keys: 0
I20230630 04:50:31.651743 1229850 event_listener.cc:127] [event_listener/table_file_deleted] db: /nvme/jinghuan/node_40001/db, sst file: /nvme/jinghuan/node_40001/db/000152.sst, status: OK
I20230630 04:50:31.653919 1229850 event_listener.cc:127] [event_listener/table_file_deleted] db: /nvme/jinghuan/node_40001/db, sst file: /nvme/jinghuan/node_40001/db/000135.sst, status: OK
I20230630 04:50:31.656018 1229850 event_listener.cc:127] [event_listener/table_file_deleted] db: /nvme/jinghuan/node_40001/db, sst file: /nvme/jinghuan/node_40001/db/000119.sst, status: OK
I20230630 04:50:31.658274 1229850 event_listener.cc:127] [event_listener/table_file_deleted] db: /nvme/jinghuan/node_40001/db, sst file: /nvme/jinghuan/node_40001/db/000100.sst, status: OK
I20230630 04:50:31.665457 1229850 event_listener.cc:127] [event_listener/table_file_deleted] db: /nvme/jinghuan/node_40001/db, sst file: /nvme/jinghuan/node_40001/db/000090.sst, status: OK
I20230630 04:50:31.665490 1229850 slot_migrate.cc:209] Finished sending snapshot, time taken(us): 199427861, seek time taken(us): 394595, network response time taken(us): 106594693
I20230630 04:50:31.775542 1229628 event_listener.cc:138] [event_listener/table_file_created] column family: default, file path: /nvme/jinghuan/node_40001/db/000338.sst, file size: 138733155, job id: 168, reason: compaction, status: OK
I20230630 04:50:33.546535 1229628 event_listener.cc:138] [event_listener/table_file_created] column family: default, file path: /nvme/jinghuan/node_40001/db/000340.sst, file size: 138733001, job id: 168, reason: compaction, status: OK
I20230630 04:50:34.092492 1229630 event_listener.cc:84] [event_listener/flush_begin] column family: default, thread_id: 1229630, job_id: 169, reason: 6
I20230630 04:50:35.462155 1229630 event_listener.cc:138] [event_listener/table_file_created] column family: default, file path: /nvme/jinghuan/node_40001/db/000343.sst, file size: 78650974, job id: 169, reason: flush, status: OK
I20230630 04:50:35.475572 1229630 event_listener.cc:91] [event_listener/flush_completed] column family: default, thread_id: 1229630, job_id: 169, file: /nvme/jinghuan/node_40001/db/000343.sst, reason: 6, is_write_slowdown: no, is_write_stall: no, largest seqno: 46753342, smallest seqno: 46074380
I20230630 04:50:35.687590 1229850 slot_migrate.cc:1022] [migrate] Migrate incremental data an epoch OK, seq from 26403376, to 46518119
I20230630 04:50:35.687625 1229850 slot_migrate.cc:903] [migrate] No commands to send
I20230630 04:50:35.772485 1229850 slot_migrate.cc:1022] [migrate] Migrate incremental data an epoch OK, seq from 46518119, to 46925999
I20230630 04:50:35.772516 1229850 slot_migrate.cc:903] [migrate] No commands to send
I20230630 04:50:35.772527 1229850 slot_migrate.cc:1050] [migrate] Incremental data sequence: 8228, less than limit: 10000, go to set forbidden slot
I20230630 04:50:35.772532 1229850 slot_migrate.cc:1074] [migrate] Succeed to migrate incremental data before setting forbidden slot, end epoch: 2
I20230630 04:50:35.772537 1229850 slot_migrate.cc:932] [migrate] Setting forbidden slot 0
I20230630 04:50:35.773142 1229850 slot_migrate.cc:940] [migrate] To set forbidden slot, server was blocked for 601us
I20230630 04:50:35.786526 1229850 slot_migrate.cc:1022] [migrate] Migrate incremental data an epoch OK, seq from 46925999, to 46934282
I20230630 04:50:35.786557 1229850 slot_migrate.cc:903] [migrate] No commands to send
I20230630 04:50:35.786571 1229850 slot_migrate.cc:225] [migrate] Succeed to sync from WAL for a slot 0
I20230630 04:50:35.787061 1229850 slot_migrate.cc:237] [migrate] Succeed to migrate slot 0
I20230630 04:50:35.787104 1229850 slot_migrate.cc:438] [migrate] Clean resources of migrating slot 0
I20230630 04:50:36.274600 1229628 event_listener.cc:138] [event_listener/table_file_created] column family: default, file path: /nvme/jinghuan/node_40001/db/000341.sst, file size: 138733017, job id: 168, reason: compaction, status: OK
I20230630 04:50:38.061553 1229628 event_listener.cc:138] [event_listener/table_file_created] column family: default, file path: /nvme/jinghuan/node_40001/db/000344.sst, file size: 138605018, job id: 168, reason: compaction, status: OK
I20230630 04:50:38.091508 1229628 event_listener.cc:71] [event_listener/compaction_completed] column family: default, compaction reason: 2, output compression type: no, base input level(files): 1(4), output level(files): 2(4), input bytes: 554870180, output bytes:554804191, is_manual_compaction:no, elapsed(micro): 8084385
I20230630 04:50:38.105266 1229628 event_listener.cc:127] [event_listener/table_file_deleted] db: /nvme/jinghuan/node_40001/db, sst file: /nvme/jinghuan/node_40001/db/000328.sst, status: OK
I20230630 04:50:38.115821 1229628 event_listener.cc:127] [event_listener/table_file_deleted] db: /nvme/jinghuan/node_40001/db, sst file: /nvme/jinghuan/node_40001/db/000322.sst, status: OK
I20230630 04:50:38.126705 1229628 event_listener.cc:127] [event_listener/table_file_deleted] db: /nvme/jinghuan/node_40001/db, sst file: /nvme/jinghuan/node_40001/db/000280.sst, status: OK
I20230630 04:50:38.138705 1229628 event_listener.cc:127] [event_listener/table_file_deleted] db: /nvme/jinghuan/node_40001/db, sst file: /nvme/jinghuan/node_40001/db/000278.sst, status: OK
I20230630 04:50:39.191045 1229631 event_listener.cc:84] [event_listener/flush_begin] column family: metadata, thread_id: 1229631, job_id: 171, reason: 13
I20230630 04:50:39.564666 1229631 event_listener.cc:138] [event_listener/table_file_created] column family: metadata, file path: /nvme/jinghuan/node_40001/db/000348.sst, file size: 19196383, job id: 171, reason: flush, status: OK
I20230630 04:50:39.579520 1229631 event_listener.cc:91] [event_listener/flush_completed] column family: metadata, thread_id: 1229631, job_id: 171, file: /nvme/jinghuan/node_40001/db/000348.sst, reason: 13, is_write_slowdown: no, is_write_stall: no, largest seqno: 47277009, smallest seqno: 44120130
I20230630 04:50:40.183718 1229628 event_listener.cc:138] [event_listener/table_file_created] column family: default, file path: /nvme/jinghuan/node_40001/db/000346.sst, file size: 138575976, job id: 170, reason: compaction, status: OK
I20230630 04:50:40.788272 1229630 event_listener.cc:84] [event_listener/flush_begin] column family: default, thread_id: 1229630, job_id: 172, reason: 6
I20230630 04:50:42.125486 1229630 event_listener.cc:138] [event_listener/table_file_created] column family: default, file path: /nvme/jinghuan/node_40001/db/000351.sst, file size: 81166060, job id: 172, reason: flush, status: OK
I20230630 04:50:42.137239 1229630 event_listener.cc:91] [event_listener/flush_completed] column family: default, thread_id: 1229630, job_id: 172, file: /nvme/jinghuan/node_40001/db/000351.sst, reason: 6, is_write_slowdown: no, is_write_stall: no, largest seqno: 47454042, smallest seqno: 46753344
I20230630 04:50:42.957479 1229628 event_listener.cc:138] [event_listener/table_file_created] column family: default, file path: /nvme/jinghuan/node_40001/db/000349.sst, file size: 138650512, job id: 170, reason: compaction, status: OK
I20230630 04:50:44.782476 1229628 event_listener.cc:138] [event_listener/table_file_created] column family: default, file path: /nvme/jinghuan/node_40001/db/000352.sst, file size: 138682922, job id: 170, reason: compaction, status: OK
I20230630 04:50:46.681378 1229628 event_listener.cc:138] [event_listener/table_file_created] column family: default, file path: /nvme/jinghuan/node_40001/db/000354.sst, file size: 138589588, job id: 170, reason: compaction, status: OK
I20230630 04:50:46.708982 1229628 event_listener.cc:71] [event_listener/compaction_completed] column family: default, compaction reason: 2, output compression type: no, base input level(files): 1(4), output level(files): 2(4), input bytes: 554589785, output bytes:554498998, is_manual_compaction:no, elapsed(micro): 8542642
I20230630 04:50:46.726300 1229628 event_listener.cc:127] [event_listener/table_file_deleted] db: /nvme/jinghuan/node_40001/db, sst file: /nvme/jinghuan/node_40001/db/000307.sst, status: OK
I20230630 04:50:46.737007 1229628 event_listener.cc:127] [event_listener/table_file_deleted] db: /nvme/jinghuan/node_40001/db, sst file: /nvme/jinghuan/node_40001/db/000285.sst, status: OK
I20230630 04:50:46.748981 1229628 event_listener.cc:127] [event_listener/table_file_deleted] db: /nvme/jinghuan/node_40001/db, sst file: /nvme/jinghuan/node_40001/db/000255.sst, status: OK
I20230630 04:50:46.761175 1229628 event_listener.cc:127] [event_listener/table_file_deleted] db: /nvme/jinghuan/node_40001/db, sst file: /nvme/jinghuan/node_40001/db/000253.sst, status: OK
I20230630 04:50:47.390142 1229631 event_listener.cc:84] [event_listener/flush_begin] column family: default, thread_id: 1229631, job_id: 174, reason: 6
I20230630 04:50:48.996625 1229631 event_listener.cc:138] [event_listener/table_file_created] column family: default, file path: /nvme/jinghuan/node_40001/db/000357.sst, file size: 79737615, job id: 174, reason: flush, status: OK
I20230630 04:50:49.007222 1229631 event_listener.cc:91] [event_listener/flush_completed] column family: default, thread_id: 1229631, job_id: 174, file: /nvme/jinghuan/node_40001/db/000357.sst, reason: 6, is_write_slowdown: no, is_write_stall: no, largest seqno: 48142400, smallest seqno: 47454044
I20230630 04:50:50.091511 1229628 event_listener.cc:138] [event_listener/table_file_created] column family: metadata, file path: /nvme/jinghuan/node_40001/db/000355.sst, file size: 138160306, job id: 173, reason: compaction, status: OK
I20230630 04:50:50.106487 1229628 event_listener.cc:71] [event_listener/compaction_completed] column family: metadata, compaction reason: 11, output compression type: no, base input level(files): 1(1), output level(files): 1(1), input bytes: 138160306, output bytes:138160306, is_manual_compaction:no, elapsed(micro): 3330290
I20230630 04:50:50.117609 1229628 event_listener.cc:127] [event_listener/table_file_deleted] db: /nvme/jinghuan/node_40001/db, sst file: /nvme/jinghuan/node_40001/db/000274.sst, status: OK
I20230630 04:50:52.394243 1229628 event_listener.cc:138] [event_listener/table_file_created] column family: metadata, file path: /nvme/jinghuan/node_40001/db/000359.sst, file size: 89440496, job id: 176, reason: compaction, status: OK
I20230630 04:50:52.405437 1229628 event_listener.cc:71] [event_listener/compaction_completed] column family: metadata, compaction reason: 11, output compression type: no, base input level(files): 1(1), output level(files): 1(1), input bytes: 89440496, output bytes:89440496, is_manual_compaction:no, elapsed(micro): 2276600
I20230630 04:50:52.412668 1229628 event_listener.cc:127] [event_listener/table_file_deleted] db: /nvme/jinghuan/node_40001/db, sst file: /nvme/jinghuan/node_40001/db/000275.sst, status: OK
I20230630 04:50:52.423550 1229628 event_listener.cc:71] [event_listener/compaction_completed] column family: default, compaction reason: 2, output compression type: no, base input level(files): 2(1), output level(files): 3(1), input bytes: 0, output bytes:0, is_manual_compaction:no, elapsed(micro): 0
I20230630 04:50:52.434757 1229628 event_listener.cc:71] [event_listener/compaction_completed] column family: default, compaction reason: 2, output compression type: no, base input level(files): 2(1), output level(files): 3(1), input bytes: 0, output bytes:0, is_manual_compaction:no, elapsed(micro): 0
I20230630 04:50:52.443799 1229628 event_listener.cc:71] [event_listener/compaction_completed] column family: default, compaction reason: 2, output compression type: no, base input level(files): 2(1), output level(files): 3(1), input bytes: 0, output bytes:0, is_manual_compaction:no, elapsed(micro): 0
I20230630 04:50:52.453095 1229628 event_listener.cc:71] [event_listener/compaction_completed] column family: default, compaction reason: 2, output compression type: no, base input level(files): 2(1), output level(files): 3(1), input bytes: 0, output bytes:0, is_manual_compaction:no, elapsed(micro): 0
I20230630 04:50:52.597340 1229627 event_listener.cc:138] [event_listener/table_file_created] column family: default, file path: /nvme/jinghuan/node_40001/db/000358.sst, file size: 138655470, job id: 175, reason: compaction, status: OK
I20230630 04:50:53.920852 1229630 event_listener.cc:84] [event_listener/flush_begin] column family: default, thread_id: 1229630, job_id: 182, reason: 6
I20230630 04:50:56.205646 1229630 event_listener.cc:138] [event_listener/table_file_created] column family: default, file path: /nvme/jinghuan/node_40001/db/000364.sst, file size: 78057781, job id: 182, reason: flush, status: OK
I20230630 04:50:56.214305 1229630 event_listener.cc:91] [event_listener/flush_completed] column family: default, thread_id: 1229630, job_id: 182, file: /nvme/jinghuan/node_40001/db/000364.sst, reason: 6, is_write_slowdown: no, is_write_stall: no, largest seqno: 48816293, smallest seqno: 48142402
I20230630 04:50:56.898190 1229628 event_listener.cc:138] [event_listener/table_file_created] column family: default, file path: /nvme/jinghuan/node_40001/db/000361.sst, file size: 138682265, job id: 181, reason: compaction, status: OK
I20230630 04:50:56.912127 1229628 event_listener.cc:71] [event_listener/compaction_completed] column family: default, compaction reason: 11, output compression type: no, base input level(files): 2(1), output level(files): 2(1), input bytes: 138682265, output bytes:138682265, is_manual_compaction:no, elapsed(micro): 4445091
I20230630 04:50:57.402791 1229627 event_listener.cc:138] [event_listener/table_file_created] column family: default, file path: /nvme/jinghuan/node_40001/db/000362.sst, file size: 138679357, job id: 175, reason: compaction, status: OK
I20230630 04:51:00.529217 1229628 event_listener.cc:138] [event_listener/table_file_created] column family: default, file path: /nvme/jinghuan/node_40001/db/000365.sst, file size: 138682257, job id: 183, reason: compaction, status: OK
I20230630 04:51:00.546861 1229631 event_listener.cc:84] [event_listener/flush_begin] column family: default, thread_id: 1229631, job_id: 184, reason: 6
I20230630 04:51:00.561020 1229628 event_listener.cc:71] [event_listener/compaction_completed] column family: default, compaction reason: 11, output compression type: no, base input level(files): 2(1), output level(files): 2(1), input bytes: 138682257, output bytes:138682257, is_manual_compaction:no, elapsed(micro): 3617076
I20230630 04:51:01.397485 1229627 event_listener.cc:138] [event_listener/table_file_created] column family: default, file path: /nvme/jinghuan/node_40001/db/000367.sst, file size: 138679462, job id: 175, reason: compaction, status: OK
I20230630 04:51:02.810210 1229631 event_listener.cc:138] [event_listener/table_file_created] column family: default, file path: /nvme/jinghuan/node_40001/db/000369.sst, file size: 80243787, job id: 184, reason: flush, status: OK
I20230630 04:51:02.827426 1229631 event_listener.cc:91] [event_listener/flush_completed] column family: default, thread_id: 1229631, job_id: 184, file: /nvme/jinghuan/node_40001/db/000369.sst, reason: 6, is_write_slowdown: no, is_write_stall: no, largest seqno: 49509051, smallest seqno: 48816295
I20230630 04:51:05.203841 1229628 event_listener.cc:138] [event_listener/table_file_created] column family: default, file path: /nvme/jinghuan/node_40001/db/000370.sst, file size: 138525657, job id: 185, reason: compaction, status: OK
I20230630 04:51:05.219954 1229628 event_listener.cc:71] [event_listener/compaction_completed] column family: default, compaction reason: 11, output compression type: no, base input level(files): 2(1), output level(files): 2(1), input bytes: 138525657, output bytes:138525657, is_manual_compaction:no, elapsed(micro): 4642438
I20230630 04:51:05.610025 1229627 event_listener.cc:138] [event_listener/table_file_created] column family: default, file path: /nvme/jinghuan/node_40001/db/000371.sst, file size: 138679270, job id: 175, reason: compaction, status: OK
I20230630 04:51:07.213763 1229630 event_listener.cc:84] [event_listener/flush_begin] column family: default, thread_id: 1229630, job_id: 187, reason: 6
I20230630 04:51:09.111085 1229630 event_listener.cc:138] [event_listener/table_file_created] column family: default, file path: /nvme/jinghuan/node_40001/db/000376.sst, file size: 77476509, job id: 187, reason: flush, status: OK
I20230630 04:51:09.120563 1229630 event_listener.cc:91] [event_listener/flush_completed] column family: default, thread_id: 1229630, job_id: 187, file: /nvme/jinghuan/node_40001/db/000376.sst, reason: 6, is_write_slowdown: no, is_write_stall: no, largest seqno: 50177873, smallest seqno: 49509053
I20230630 04:51:09.629666 1229628 event_listener.cc:138] [event_listener/table_file_created] column family: default, file path: /nvme/jinghuan/node_40001/db/000373.sst, file size: 138682267, job id: 186, reason: compaction, status: OK
I20230630 04:51:09.650354 1229628 event_listener.cc:71] [event_listener/compaction_completed] column family: default, compaction reason: 11, output compression type: no, base input level(files): 2(1), output level(files): 2(1), input bytes: 138682267, output bytes:138682267, is_manual_compaction:no, elapsed(micro): 4409627
I20230630 04:51:09.734400 1229631 event_listener.cc:84] [event_listener/flush_begin] column family: metadata, thread_id: 1229631, job_id: 189, reason: 13
I20230630 04:51:10.116617 1229627 event_listener.cc:138] [event_listener/table_file_created] column family: default, file path: /nvme/jinghuan/node_40001/db/000374.sst, file size: 138704692, job id: 175, reason: compaction, status: OK
I20230630 04:51:10.329752 1229631 event_listener.cc:138] [event_listener/table_file_created] column family: metadata, file path: /nvme/jinghuan/node_40001/db/000379.sst, file size: 19194430, job id: 189, reason: flush, status: OK
I20230630 04:51:10.346035 1229631 event_listener.cc:91] [event_listener/flush_completed] column family: metadata, thread_id: 1229631, job_id: 189, file: /nvme/jinghuan/node_40001/db/000379.sst, reason: 13, is_write_slowdown: no, is_write_stall: no, largest seqno: 50433899, smallest seqno: 47277020
I20230630 04:51:13.307516 1229628 event_listener.cc:138] [event_listener/table_file_created] column family: default, file path: /nvme/jinghuan/node_40001/db/000377.sst, file size: 138682184, job id: 188, reason: compaction, status: OK
I20230630 04:51:13.323989 1229628 event_listener.cc:71] [event_listener/compaction_completed] column family: default, compaction reason: 11, output compression type: no, base input level(files): 2(1), output level(files): 2(1), input bytes: 138682184, output bytes:138682184, is_manual_compaction:no, elapsed(micro): 3656957
I20230630 04:51:13.717190 1229627 event_listener.cc:138] [event_listener/table_file_created] column family: default, file path: /nvme/jinghuan/node_40001/db/000380.sst, file size: 138729282, job id: 175, reason: compaction, status: OK
I20230630 04:51:14.228852 1229630 event_listener.cc:84] [event_listener/flush_begin] column family: default, thread_id: 1229630, job_id: 191, reason: 6
I20230630 04:51:16.115653 1229630 event_listener.cc:138] [event_listener/table_file_created] column family: default, file path: /nvme/jinghuan/node_40001/db/000385.sst, file size: 80130831, job id: 191, reason: flush, status: OK
I20230630 04:51:16.124866 1229630 event_listener.cc:91] [event_listener/flush_completed] column family: default, thread_id: 1229630, job_id: 191, file: /nvme/jinghuan/node_40001/db/000385.sst, reason: 6, is_write_slowdown: no, is_write_stall: no, largest seqno: 50869641, smallest seqno: 50177875
I20230630 04:51:17.624773 1229628 event_listener.cc:138] [event_listener/table_file_created] column family: default, file path: /nvme/jinghuan/node_40001/db/000382.sst, file size: 138681476, job id: 190, reason: compaction, status: OK
I20230630 04:51:17.647998 1229628 event_listener.cc:71] [event_listener/compaction_completed] column family: default, compaction reason: 11, output compression type: no, base input level(files): 2(1), output level(files): 2(1), input bytes: 138681476, output bytes:138681476, is_manual_compaction:no, elapsed(micro): 4300807
I20230630 04:51:18.021327 1229627 event_listener.cc:138] [event_listener/table_file_created] column family: default, file path: /nvme/jinghuan/node_40001/db/000383.sst, file size: 138730082, job id: 175, reason: compaction, status: OK
I20230630 04:51:20.917737 1229628 event_listener.cc:138] [event_listener/table_file_created] column family: metadata, file path: /nvme/jinghuan/node_40001/db/000386.sst, file size: 138151713, job id: 192, reason: compaction, status: OK
I20230630 04:51:21.233633 1229627 event_listener.cc:138] [event_listener/table_file_created] column family: default, file path: /nvme/jinghuan/node_40001/db/000388.sst, file size: 138731765, job id: 175, reason: compaction, status: OK
I20230630 04:51:21.661440 1229631 event_listener.cc:84] [event_listener/flush_begin] column family: default, thread_id: 1229631, job_id: 193, reason: 6
I20230630 04:51:22.028745 1229627 event_listener.cc:138] [event_listener/table_file_created] column family: default, file path: /nvme/jinghuan/node_40001/db/000390.sst, file size: 26134721, job id: 175, reason: compaction, status: OK
I20230630 04:51:22.073102 1229627 event_listener.cc:71] [event_listener/compaction_completed] column family: default, compaction reason: 1, output compression type: no, base input level(files): 0(12), output level(files): 1(9), input bytes: 1136362201, output bytes:1135724101, is_manual_compaction:no, elapsed(micro): 33021123
I20230630 04:51:22.083894 1229627 event_listener.cc:127] [event_listener/table_file_deleted] db: /nvme/jinghuan/node_40001/db, sst file: /nvme/jinghuan/node_40001/db/000331.sst, status: OK
I20230630 04:51:22.095623 1229627 event_listener.cc:127] [event_listener/table_file_deleted] db: /nvme/jinghuan/node_40001/db, sst file: /nvme/jinghuan/node_40001/db/000300.sst, status: OK
I20230630 04:51:22.106573 1229627 event_listener.cc:127] [event_listener/table_file_deleted] db: /nvme/jinghuan/node_40001/db, sst file: /nvme/jinghuan/node_40001/db/000296.sst, status: OK
I20230630 04:51:22.117741 1229627 event_listener.cc:127] [event_listener/table_file_deleted] db: /nvme/jinghuan/node_40001/db, sst file: /nvme/jinghuan/node_40001/db/000293.sst, status: OK
I20230630 04:51:22.128720 1229627 event_listener.cc:127] [event_listener/table_file_deleted] db: /nvme/jinghuan/node_40001/db, sst file: /nvme/jinghuan/node_40001/db/000287.sst, status: OK
