Log file created at: 2023/06/30 06:28:28
Running on machine: en4217754l
Running duration (h:mm:ss): 0:00:00
Log line format: [IWEF]yyyymmdd hh:mm:ss.uuuuuu threadid file:line] msg
I20230630 06:28:28.653760 1256031 main.cc:328] kvrocks unstable (commit 4a10c89)
I20230630 06:28:28.895519 1256031 storage.cc:322] [storage] Success to load the data from disk: 54 ms
I20230630 06:28:28.896005 1256031 worker.cc:72] [worker] Listening on: 10.218.109.65:40001
I20230630 06:28:28.896028 1256031 worker.cc:72] [worker] Listening on: 127.0.0.1:40001
I20230630 06:28:28.896222 1256031 worker.cc:72] [worker] Listening on: 10.218.109.65:40001
I20230630 06:28:28.896239 1256031 worker.cc:72] [worker] Listening on: 127.0.0.1:40001
I20230630 06:28:28.896373 1256031 worker.cc:72] [worker] Listening on: 10.218.109.65:40001
I20230630 06:28:28.896389 1256031 worker.cc:72] [worker] Listening on: 127.0.0.1:40001
I20230630 06:28:28.896505 1256031 worker.cc:72] [worker] Listening on: 10.218.109.65:40001
I20230630 06:28:28.896520 1256031 worker.cc:72] [worker] Listening on: 127.0.0.1:40001
I20230630 06:28:28.896633 1256031 worker.cc:72] [worker] Listening on: 10.218.109.65:40001
I20230630 06:28:28.896647 1256031 worker.cc:72] [worker] Listening on: 127.0.0.1:40001
I20230630 06:28:28.896762 1256031 worker.cc:72] [worker] Listening on: 10.218.109.65:40001
I20230630 06:28:28.896777 1256031 worker.cc:72] [worker] Listening on: 127.0.0.1:40001
I20230630 06:28:28.896888 1256031 worker.cc:72] [worker] Listening on: 10.218.109.65:40001
I20230630 06:28:28.896903 1256031 worker.cc:72] [worker] Listening on: 127.0.0.1:40001
I20230630 06:28:28.897029 1256031 worker.cc:72] [worker] Listening on: 10.218.109.65:40001
I20230630 06:28:28.897044 1256031 worker.cc:72] [worker] Listening on: 127.0.0.1:40001
W20230630 06:28:28.897141 1256031 server.cc:1650] [server] Increased maximum number of open files to 14224 (it's originally set to 1024)
I20230630 06:28:28.897308 1256031 cluster.cc:643] The cluster nodes file /nvme/jinghuan/node_40001/nodes.conf is not found. Use CLUSTERX subcommands to specify it.
I20230630 06:28:28.897327 1256031 cluster.cc:643] The cluster nodes file /nvme/jinghuan/node_40001/nodes.conf is not found. Use CLUSTERX subcommands to specify it.
I20230630 06:28:28.899907 1256031 worker.cc:519] [worker] Thread #140581032412928 started
I20230630 06:28:28.899945 1256031 worker.cc:519] [worker] Thread #140581040805632 started
I20230630 06:28:28.899994 1256031 worker.cc:519] [worker] Thread #140581413955328 started
I20230630 06:28:28.900048 1256031 worker.cc:519] [worker] Thread #140581405562624 started
I20230630 06:28:28.900091 1256031 worker.cc:519] [worker] Thread #140581317633792 started
I20230630 06:28:28.900138 1256031 worker.cc:519] [worker] Thread #140581309241088 started
I20230630 06:28:28.900182 1256031 worker.cc:519] [worker] Thread #140581300848384 started
I20230630 06:28:28.900225 1256031 worker.cc:519] [worker] Thread #140581292455680 started
I20230630 06:28:28.900430 1256031 server.cc:211] [server] Ready to accept connections
I20230630 06:28:29.694583 1256274 cluster.cc:286] MASTER MODE enabled by cluster topology setting
I20230630 06:28:32.181880 1256043 event_listener.cc:84] [event_listener/flush_begin] column family: default, thread_id: 1256043, job_id: 3, reason: 6
I20230630 06:28:32.598564 1256043 event_listener.cc:138] [event_listener/table_file_created] column family: default, file path: /nvme/jinghuan/node_40001/db/000016.sst, file size: 80631217, job id: 3, reason: flush, status: OK
I20230630 06:28:32.605329 1256043 event_listener.cc:91] [event_listener/flush_completed] column family: default, thread_id: 1256043, job_id: 3, file: /nvme/jinghuan/node_40001/db/000016.sst, reason: 6, is_write_slowdown: no, is_write_stall: no, largest seqno: 695661, smallest seqno: 1
I20230630 06:28:33.307372 1256040 event_listener.cc:138] [event_listener/table_file_created] column family: default, file path: /nvme/jinghuan/node_40001/db/000017.sst, file size: 80631213, job id: 4, reason: compaction, status: OK
I20230630 06:28:33.318325 1256040 event_listener.cc:71] [event_listener/compaction_completed] column family: default, compaction reason: 11, output compression type: no, base input level(files): 0(1), output level(files): 0(1), input bytes: 80631217, output bytes:80631213, is_manual_compaction:no, elapsed(micro): 702026
I20230630 06:28:33.330183 1256040 event_listener.cc:127] [event_listener/table_file_deleted] db: /nvme/jinghuan/node_40001/db, sst file: /nvme/jinghuan/node_40001/db/000016.sst, status: OK
I20230630 06:28:34.467155 1256044 event_listener.cc:84] [event_listener/flush_begin] column family: default, thread_id: 1256044, job_id: 5, reason: 6
I20230630 06:28:34.860072 1256044 event_listener.cc:138] [event_listener/table_file_created] column family: default, file path: /nvme/jinghuan/node_40001/db/000020.sst, file size: 75410446, job id: 5, reason: flush, status: OK
I20230630 06:28:34.876935 1256044 event_listener.cc:91] [event_listener/flush_completed] column family: default, thread_id: 1256044, job_id: 5, file: /nvme/jinghuan/node_40001/db/000020.sst, reason: 6, is_write_slowdown: no, is_write_stall: no, largest seqno: 1346267, smallest seqno: 695663
I20230630 06:28:36.764726 1256043 event_listener.cc:84] [event_listener/flush_begin] column family: default, thread_id: 1256043, job_id: 6, reason: 6
I20230630 06:28:37.147512 1256043 event_listener.cc:138] [event_listener/table_file_created] column family: default, file path: /nvme/jinghuan/node_40001/db/000023.sst, file size: 76037513, job id: 6, reason: flush, status: OK
I20230630 06:28:37.155525 1256043 event_listener.cc:91] [event_listener/flush_completed] column family: default, thread_id: 1256043, job_id: 6, file: /nvme/jinghuan/node_40001/db/000023.sst, reason: 6, is_write_slowdown: no, is_write_stall: no, largest seqno: 2002230, smallest seqno: 1346269
I20230630 06:28:39.087208 1256044 event_listener.cc:84] [event_listener/flush_begin] column family: default, thread_id: 1256044, job_id: 7, reason: 6
W20230630 06:28:40.189054 1256273 event_listener.cc:132] [event_listener/stall_cond_changed] column family: default write stall condition was changed, from normal to delay
I20230630 06:28:40.782578 1256043 event_listener.cc:84] [event_listener/flush_begin] column family: metadata, thread_id: 1256043, job_id: 8, reason: 13
I20230630 06:28:42.217595 1256043 event_listener.cc:138] [event_listener/table_file_created] column family: metadata, file path: /nvme/jinghuan/node_40001/db/000029.sst, file size: 19243637, job id: 8, reason: flush, status: OK
I20230630 06:28:42.224076 1256043 event_listener.cc:91] [event_listener/flush_completed] column family: metadata, thread_id: 1256043, job_id: 8, file: /nvme/jinghuan/node_40001/db/000029.sst, reason: 13, is_write_slowdown: no, is_write_stall: no, largest seqno: 3147551, smallest seqno: 11
I20230630 06:28:42.240537 1256043 event_listener.cc:84] [event_listener/flush_begin] column family: default, thread_id: 1256043, job_id: 9, reason: 6
I20230630 06:28:43.019523 1256044 event_listener.cc:138] [event_listener/table_file_created] column family: default, file path: /nvme/jinghuan/node_40001/db/000026.sst, file size: 76243219, job id: 7, reason: flush, status: OK
I20230630 06:28:43.031759 1256044 event_listener.cc:91] [event_listener/flush_completed] column family: default, thread_id: 1256044, job_id: 7, file: /nvme/jinghuan/node_40001/db/000026.sst, reason: 6, is_write_slowdown: no, is_write_stall: no, largest seqno: 2659997, smallest seqno: 2002232
W20230630 06:28:43.032264 1256044 event_listener.cc:132] [event_listener/stall_cond_changed] column family: default write stall condition was changed, from stop to normal
W20230630 06:28:43.032446 1256273 event_listener.cc:132] [event_listener/stall_cond_changed] column family: default write stall condition was changed, from delay to stop
W20230630 06:28:44.316265 1256270 event_listener.cc:132] [event_listener/stall_cond_changed] column family: default write stall condition was changed, from normal to delay
I20230630 06:28:45.528568 1256044 event_listener.cc:84] [event_listener/flush_begin] column family: default, thread_id: 1256044, job_id: 12, reason: 6
I20230630 06:28:46.516667 1256040 event_listener.cc:138] [event_listener/table_file_created] column family: metadata, file path: /nvme/jinghuan/node_40001/db/000034.sst, file size: 19243633, job id: 11, reason: compaction, status: OK
I20230630 06:28:46.530346 1256040 event_listener.cc:71] [event_listener/compaction_completed] column family: metadata, compaction reason: 11, output compression type: no, base input level(files): 0(1), output level(files): 0(1), input bytes: 19243637, output bytes:19243633, is_manual_compaction:no, elapsed(micro): 2200409
I20230630 06:28:46.534639 1256040 event_listener.cc:127] [event_listener/table_file_deleted] db: /nvme/jinghuan/node_40001/db, sst file: /nvme/jinghuan/node_40001/db/000029.sst, status: OK
I20230630 06:28:49.027276 1256043 event_listener.cc:138] [event_listener/table_file_created] column family: default, file path: /nvme/jinghuan/node_40001/db/000031.sst, file size: 78003949, job id: 9, reason: flush, status: OK
I20230630 06:28:49.042862 1256043 event_listener.cc:91] [event_listener/flush_completed] column family: default, thread_id: 1256043, job_id: 9, file: /nvme/jinghuan/node_40001/db/000031.sst, reason: 6, is_write_slowdown: no, is_write_stall: no, largest seqno: 3332955, smallest seqno: 2659999
W20230630 06:28:49.042982 1256043 event_listener.cc:132] [event_listener/stall_cond_changed] column family: default write stall condition was changed, from stop to normal
W20230630 06:28:49.043402 1256276 event_listener.cc:132] [event_listener/stall_cond_changed] column family: default write stall condition was changed, from delay to stop
W20230630 06:28:50.238423 1256271 event_listener.cc:132] [event_listener/stall_cond_changed] column family: default write stall condition was changed, from normal to delay
I20230630 06:28:51.442417 1256043 event_listener.cc:84] [event_listener/flush_begin] column family: default, thread_id: 1256043, job_id: 13, reason: 6
I20230630 06:28:52.527981 1256044 event_listener.cc:138] [event_listener/table_file_created] column family: default, file path: /nvme/jinghuan/node_40001/db/000036.sst, file size: 79626314, job id: 12, reason: flush, status: OK
I20230630 06:28:52.534507 1256044 event_listener.cc:91] [event_listener/flush_completed] column family: default, thread_id: 1256044, job_id: 12, file: /nvme/jinghuan/node_40001/db/000036.sst, reason: 6, is_write_slowdown: no, is_write_stall: no, largest seqno: 4019938, smallest seqno: 3332957
W20230630 06:28:52.534548 1256044 event_listener.cc:132] [event_listener/stall_cond_changed] column family: default write stall condition was changed, from stop to normal
W20230630 06:28:52.535008 1256273 event_listener.cc:132] [event_listener/stall_cond_changed] column family: default write stall condition was changed, from delay to stop
W20230630 06:28:53.731232 1256276 event_listener.cc:132] [event_listener/stall_cond_changed] column family: default write stall condition was changed, from normal to delay
I20230630 06:28:55.001209 1256044 event_listener.cc:84] [event_listener/flush_begin] column family: default, thread_id: 1256044, job_id: 14, reason: 6
I20230630 06:28:57.225518 1256043 event_listener.cc:138] [event_listener/table_file_created] column family: default, file path: /nvme/jinghuan/node_40001/db/000039.sst, file size: 76127859, job id: 13, reason: flush, status: OK
I20230630 06:28:57.231882 1256043 event_listener.cc:91] [event_listener/flush_completed] column family: default, thread_id: 1256043, job_id: 13, file: /nvme/jinghuan/node_40001/db/000039.sst, reason: 6, is_write_slowdown: no, is_write_stall: no, largest seqno: 4676748, smallest seqno: 4019940
W20230630 06:28:57.231925 1256043 event_listener.cc:132] [event_listener/stall_cond_changed] column family: default write stall condition was changed, from stop to normal
W20230630 06:28:57.232250 1256274 event_listener.cc:132] [event_listener/stall_cond_changed] column family: default write stall condition was changed, from delay to stop
W20230630 06:28:58.441550 1256273 event_listener.cc:132] [event_listener/stall_cond_changed] column family: default write stall condition was changed, from normal to delay
I20230630 06:28:58.827339 1256042 event_listener.cc:138] [event_listener/table_file_created] column family: default, file path: /nvme/jinghuan/node_40001/db/000032.sst, file size: 138729314, job id: 10, reason: compaction, status: OK
I20230630 06:28:59.785185 1256043 event_listener.cc:84] [event_listener/flush_begin] column family: default, thread_id: 1256043, job_id: 15, reason: 6
I20230630 06:29:01.638837 1256044 event_listener.cc:138] [event_listener/table_file_created] column family: default, file path: /nvme/jinghuan/node_40001/db/000042.sst, file size: 77435187, job id: 14, reason: flush, status: OK
I20230630 06:29:01.651525 1256044 event_listener.cc:91] [event_listener/flush_completed] column family: default, thread_id: 1256044, job_id: 14, file: /nvme/jinghuan/node_40001/db/000042.sst, reason: 6, is_write_slowdown: no, is_write_stall: no, largest seqno: 5344811, smallest seqno: 4676750
W20230630 06:29:01.651644 1256044 event_listener.cc:132] [event_listener/stall_cond_changed] column family: default write stall condition was changed, from stop to normal
W20230630 06:29:01.652381 1256276 event_listener.cc:132] [event_listener/stall_cond_changed] column family: default write stall condition was changed, from delay to stop
I20230630 06:29:02.620438 1256044 event_listener.cc:84] [event_listener/flush_begin] column family: metadata, thread_id: 1256044, job_id: 17, reason: 13
W20230630 06:29:02.959699 1256269 event_listener.cc:132] [event_listener/stall_cond_changed] column family: default write stall condition was changed, from normal to delay
I20230630 06:29:06.038683 1256044 event_listener.cc:138] [event_listener/table_file_created] column family: metadata, file path: /nvme/jinghuan/node_40001/db/000049.sst, file size: 19238132, job id: 17, reason: flush, status: OK
I20230630 06:29:06.047343 1256044 event_listener.cc:91] [event_listener/flush_completed] column family: metadata, thread_id: 1256044, job_id: 17, file: /nvme/jinghuan/node_40001/db/000049.sst, reason: 13, is_write_slowdown: no, is_write_stall: no, largest seqno: 6295157, smallest seqno: 3147562
I20230630 06:29:06.085858 1256044 event_listener.cc:84] [event_listener/flush_begin] column family: default, thread_id: 1256044, job_id: 18, reason: 6
I20230630 06:29:07.441252 1256043 event_listener.cc:138] [event_listener/table_file_created] column family: default, file path: /nvme/jinghuan/node_40001/db/000046.sst, file size: 79571455, job id: 15, reason: flush, status: OK
I20230630 06:29:07.454710 1256043 event_listener.cc:91] [event_listener/flush_completed] column family: default, thread_id: 1256043, job_id: 15, file: /nvme/jinghuan/node_40001/db/000046.sst, reason: 6, is_write_slowdown: no, is_write_stall: no, largest seqno: 6031299, smallest seqno: 5344813
W20230630 06:29:07.455008 1256043 event_listener.cc:132] [event_listener/stall_cond_changed] column family: default write stall condition was changed, from stop to normal
W20230630 06:29:07.455196 1256269 event_listener.cc:132] [event_listener/stall_cond_changed] column family: default write stall condition was changed, from delay to stop
W20230630 06:29:08.637796 1256273 event_listener.cc:132] [event_listener/stall_cond_changed] column family: default write stall condition was changed, from normal to delay
I20230630 06:29:09.862509 1256043 event_listener.cc:84] [event_listener/flush_begin] column family: default, thread_id: 1256043, job_id: 19, reason: 6
I20230630 06:29:13.740432 1256042 event_listener.cc:138] [event_listener/table_file_created] column family: default, file path: /nvme/jinghuan/node_40001/db/000044.sst, file size: 138696747, job id: 10, reason: compaction, status: OK
I20230630 06:29:14.444841 1256044 event_listener.cc:138] [event_listener/table_file_created] column family: default, file path: /nvme/jinghuan/node_40001/db/000052.sst, file size: 84949676, job id: 18, reason: flush, status: OK
I20230630 06:29:14.456614 1256044 event_listener.cc:91] [event_listener/flush_completed] column family: default, thread_id: 1256044, job_id: 18, file: /nvme/jinghuan/node_40001/db/000052.sst, reason: 6, is_write_slowdown: no, is_write_stall: no, largest seqno: 6764185, smallest seqno: 6031301
W20230630 06:29:14.457038 1256044 event_listener.cc:132] [event_listener/stall_cond_changed] column family: default write stall condition was changed, from stop to normal
W20230630 06:29:14.457186 1256273 event_listener.cc:132] [event_listener/stall_cond_changed] column family: default write stall condition was changed, from delay to stop
W20230630 06:29:15.760140 1256271 event_listener.cc:132] [event_listener/stall_cond_changed] column family: default write stall condition was changed, from normal to delay
I20230630 06:29:16.840361 1256042 event_listener.cc:138] [event_listener/table_file_created] column family: default, file path: /nvme/jinghuan/node_40001/db/000056.sst, file size: 30754580, job id: 10, reason: compaction, status: OK
I20230630 06:29:16.866647 1256042 event_listener.cc:71] [event_listener/compaction_completed] column family: default, compaction reason: 1, output compression type: no, base input level(files): 0(4), output level(files): 1(3), input bytes: 308322391, output bytes:308180641, is_manual_compaction:no, elapsed(micro): 33808523
I20230630 06:29:16.872982 1256042 event_listener.cc:71] [event_listener/compaction_completed] column family: default, compaction reason: 2, output compression type: no, base input level(files): 1(1), output level(files): 2(1), input bytes: 0, output bytes:0, is_manual_compaction:no, elapsed(micro): 0
I20230630 06:29:17.113104 1256044 event_listener.cc:84] [event_listener/flush_begin] column family: default, thread_id: 1256044, job_id: 21, reason: 6
I20230630 06:29:17.244554 1256043 event_listener.cc:138] [event_listener/table_file_created] column family: default, file path: /nvme/jinghuan/node_40001/db/000055.sst, file size: 76438993, job id: 19, reason: flush, status: OK
I20230630 06:29:17.255103 1256043 event_listener.cc:91] [event_listener/flush_completed] column family: default, thread_id: 1256043, job_id: 19, file: /nvme/jinghuan/node_40001/db/000055.sst, reason: 6, is_write_slowdown: no, is_write_stall: no, largest seqno: 7423646, smallest seqno: 6764187
W20230630 06:29:17.255175 1256043 event_listener.cc:132] [event_listener/stall_cond_changed] column family: default write stall condition was changed, from stop to normal
W20230630 06:29:17.255560 1256271 event_listener.cc:132] [event_listener/stall_cond_changed] column family: default write stall condition was changed, from delay to stop
W20230630 06:29:18.584386 1256276 event_listener.cc:132] [event_listener/stall_cond_changed] column family: default write stall condition was changed, from normal to delay
I20230630 06:29:19.958823 1256043 event_listener.cc:84] [event_listener/flush_begin] column family: default, thread_id: 1256043, job_id: 22, reason: 6
I20230630 06:29:22.860962 1256044 event_listener.cc:138] [event_listener/table_file_created] column family: default, file path: /nvme/jinghuan/node_40001/db/000059.sst, file size: 84871259, job id: 21, reason: flush, status: OK
I20230630 06:29:22.871825 1256044 event_listener.cc:91] [event_listener/flush_completed] column family: default, thread_id: 1256044, job_id: 21, file: /nvme/jinghuan/node_40001/db/000059.sst, reason: 6, is_write_slowdown: no, is_write_stall: no, largest seqno: 8155883, smallest seqno: 7423648
W20230630 06:29:22.872033 1256044 event_listener.cc:132] [event_listener/stall_cond_changed] column family: default write stall condition was changed, from stop to normal
W20230630 06:29:22.872861 1256275 event_listener.cc:132] [event_listener/stall_cond_changed] column family: default write stall condition was changed, from delay to stop
W20230630 06:29:24.193033 1256276 event_listener.cc:132] [event_listener/stall_cond_changed] column family: default write stall condition was changed, from normal to delay
I20230630 06:29:24.908844 1256044 event_listener.cc:84] [event_listener/flush_begin] column family: metadata, thread_id: 1256044, job_id: 24, reason: 13
I20230630 06:29:26.744467 1256044 event_listener.cc:138] [event_listener/table_file_created] column family: metadata, file path: /nvme/jinghuan/node_40001/db/000066.sst, file size: 19219005, job id: 24, reason: flush, status: OK
I20230630 06:29:26.751036 1256044 event_listener.cc:91] [event_listener/flush_completed] column family: metadata, thread_id: 1256044, job_id: 24, file: /nvme/jinghuan/node_40001/db/000066.sst, reason: 13, is_write_slowdown: no, is_write_stall: no, largest seqno: 9442719, smallest seqno: 6295168
I20230630 06:29:26.765846 1256044 event_listener.cc:84] [event_listener/flush_begin] column family: default, thread_id: 1256044, job_id: 25, reason: 6
I20230630 06:29:28.048738 1256043 event_listener.cc:138] [event_listener/table_file_created] column family: default, file path: /nvme/jinghuan/node_40001/db/000062.sst, file size: 85046853, job id: 22, reason: flush, status: OK
I20230630 06:29:28.055035 1256043 event_listener.cc:91] [event_listener/flush_completed] column family: default, thread_id: 1256043, job_id: 22, file: /nvme/jinghuan/node_40001/db/000062.sst, reason: 6, is_write_slowdown: no, is_write_stall: no, largest seqno: 8889638, smallest seqno: 8155885
W20230630 06:29:28.055207 1256043 event_listener.cc:132] [event_listener/stall_cond_changed] column family: default write stall condition was changed, from stop to normal
W20230630 06:29:28.055379 1256275 event_listener.cc:132] [event_listener/stall_cond_changed] column family: default write stall condition was changed, from delay to stop
W20230630 06:29:29.365669 1256269 event_listener.cc:132] [event_listener/stall_cond_changed] column family: default write stall condition was changed, from normal to delay
I20230630 06:29:30.741025 1256043 event_listener.cc:84] [event_listener/flush_begin] column family: default, thread_id: 1256043, job_id: 26, reason: 6
I20230630 06:29:34.653517 1256044 event_listener.cc:138] [event_listener/table_file_created] column family: default, file path: /nvme/jinghuan/node_40001/db/000068.sst, file size: 85051868, job id: 25, reason: flush, status: OK
I20230630 06:29:34.667870 1256044 event_listener.cc:91] [event_listener/flush_completed] column family: default, thread_id: 1256044, job_id: 25, file: /nvme/jinghuan/node_40001/db/000068.sst, reason: 6, is_write_slowdown: no, is_write_stall: no, largest seqno: 9623415, smallest seqno: 8889640
W20230630 06:29:34.668203 1256044 event_listener.cc:132] [event_listener/stall_cond_changed] column family: default write stall condition was changed, from stop to normal
W20230630 06:29:34.668347 1256272 event_listener.cc:132] [event_listener/stall_cond_changed] column family: default write stall condition was changed, from delay to stop
W20230630 06:29:35.891839 1256273 event_listener.cc:132] [event_listener/stall_cond_changed] column family: default write stall condition was changed, from normal to delay
I20230630 06:29:37.138617 1256044 event_listener.cc:84] [event_listener/flush_begin] column family: default, thread_id: 1256044, job_id: 27, reason: 6
I20230630 06:29:38.456648 1256043 event_listener.cc:138] [event_listener/table_file_created] column family: default, file path: /nvme/jinghuan/node_40001/db/000071.sst, file size: 84900089, job id: 26, reason: flush, status: OK
I20230630 06:29:38.463079 1256043 event_listener.cc:91] [event_listener/flush_completed] column family: default, thread_id: 1256043, job_id: 26, file: /nvme/jinghuan/node_40001/db/000071.sst, reason: 6, is_write_slowdown: no, is_write_stall: no, largest seqno: 10355927, smallest seqno: 9623417
W20230630 06:29:38.463133 1256043 event_listener.cc:132] [event_listener/stall_cond_changed] column family: default write stall condition was changed, from stop to normal
W20230630 06:29:38.463531 1256273 event_listener.cc:132] [event_listener/stall_cond_changed] column family: default write stall condition was changed, from delay to stop
W20230630 06:29:39.707681 1256270 event_listener.cc:132] [event_listener/stall_cond_changed] column family: default write stall condition was changed, from normal to delay
I20230630 06:29:40.981222 1256043 event_listener.cc:84] [event_listener/flush_begin] column family: default, thread_id: 1256043, job_id: 28, reason: 6
I20230630 06:29:42.054987 1256040 event_listener.cc:138] [event_listener/table_file_created] column family: default, file path: /nvme/jinghuan/node_40001/db/000047.sst, file size: 311078626, job id: 16, reason: compaction, status: OK
I20230630 06:29:42.080164 1256040 event_listener.cc:71] [event_listener/compaction_completed] column family: default, compaction reason: 1, output compression type: no, base input level(files): 0(4), output level(files): 0(1), input bytes: 311193309, output bytes:311078626, is_manual_compaction:no, elapsed(micro): 40403339
I20230630 06:29:42.088426 1256040 event_listener.cc:127] [event_listener/table_file_deleted] db: /nvme/jinghuan/node_40001/db, sst file: /nvme/jinghuan/node_40001/db/000026.sst, status: OK
I20230630 06:29:42.094451 1256040 event_listener.cc:127] [event_listener/table_file_deleted] db: /nvme/jinghuan/node_40001/db, sst file: /nvme/jinghuan/node_40001/db/000023.sst, status: OK
I20230630 06:29:42.100492 1256040 event_listener.cc:127] [event_listener/table_file_deleted] db: /nvme/jinghuan/node_40001/db, sst file: /nvme/jinghuan/node_40001/db/000020.sst, status: OK
I20230630 06:29:42.106849 1256040 event_listener.cc:127] [event_listener/table_file_deleted] db: /nvme/jinghuan/node_40001/db, sst file: /nvme/jinghuan/node_40001/db/000017.sst, status: OK
I20230630 06:29:44.161939 1256044 event_listener.cc:138] [event_listener/table_file_created] column family: default, file path: /nvme/jinghuan/node_40001/db/000074.sst, file size: 76894378, job id: 27, reason: flush, status: OK
I20230630 06:29:44.168354 1256044 event_listener.cc:91] [event_listener/flush_completed] column family: default, thread_id: 1256044, job_id: 27, file: /nvme/jinghuan/node_40001/db/000074.sst, reason: 6, is_write_slowdown: no, is_write_stall: no, largest seqno: 11019315, smallest seqno: 10355929
W20230630 06:29:44.168399 1256044 event_listener.cc:132] [event_listener/stall_cond_changed] column family: default write stall condition was changed, from stop to normal
W20230630 06:29:44.170598 1256270 event_listener.cc:132] [event_listener/stall_cond_changed] column family: default write stall condition was changed, from delay to stop
W20230630 06:29:45.618573 1256273 event_listener.cc:132] [event_listener/stall_cond_changed] column family: default write stall condition was changed, from normal to delay
I20230630 06:29:46.971168 1256043 event_listener.cc:138] [event_listener/table_file_created] column family: default, file path: /nvme/jinghuan/node_40001/db/000077.sst, file size: 77959147, job id: 28, reason: flush, status: OK
I20230630 06:29:46.981074 1256043 event_listener.cc:91] [event_listener/flush_completed] column family: default, thread_id: 1256043, job_id: 28, file: /nvme/jinghuan/node_40001/db/000077.sst, reason: 6, is_write_slowdown: no, is_write_stall: no, largest seqno: 11691888, smallest seqno: 11019317
W20230630 06:29:46.981118 1256043 event_listener.cc:132] [event_listener/stall_cond_changed] column family: default write stall condition was changed, from delay to normal
I20230630 06:29:47.105028 1256044 event_listener.cc:84] [event_listener/flush_begin] column family: default, thread_id: 1256044, job_id: 31, reason: 6
I20230630 06:29:47.787053 1256043 event_listener.cc:84] [event_listener/flush_begin] column family: metadata, thread_id: 1256043, job_id: 32, reason: 13
W20230630 06:29:48.443601 1256273 event_listener.cc:132] [event_listener/stall_cond_changed] column family: default write stall condition was changed, from normal to delay
I20230630 06:29:49.659682 1256043 event_listener.cc:138] [event_listener/table_file_created] column family: metadata, file path: /nvme/jinghuan/node_40001/db/000083.sst, file size: 19220978, job id: 32, reason: flush, status: OK
I20230630 06:29:49.674945 1256043 event_listener.cc:91] [event_listener/flush_completed] column family: metadata, thread_id: 1256043, job_id: 32, file: /nvme/jinghuan/node_40001/db/000083.sst, reason: 13, is_write_slowdown: no, is_write_stall: no, largest seqno: 12590336, smallest seqno: 9442730
I20230630 06:29:49.902472 1256043 event_listener.cc:84] [event_listener/flush_begin] column family: default, thread_id: 1256043, job_id: 33, reason: 6
I20230630 06:29:55.168663 1256044 event_listener.cc:138] [event_listener/table_file_created] column family: default, file path: /nvme/jinghuan/node_40001/db/000081.sst, file size: 82834612, job id: 31, reason: flush, status: OK
I20230630 06:29:55.175097 1256044 event_listener.cc:91] [event_listener/flush_completed] column family: default, thread_id: 1256044, job_id: 31, file: /nvme/jinghuan/node_40001/db/000081.sst, reason: 6, is_write_slowdown: no, is_write_stall: no, largest seqno: 12406591, smallest seqno: 11691890
W20230630 06:29:55.175323 1256044 event_listener.cc:132] [event_listener/stall_cond_changed] column family: default write stall condition was changed, from stop to normal
W20230630 06:29:55.175423 1256273 event_listener.cc:132] [event_listener/stall_cond_changed] column family: default write stall condition was changed, from delay to stop
W20230630 06:29:56.388401 1256274 event_listener.cc:132] [event_listener/stall_cond_changed] column family: default write stall condition was changed, from normal to delay
I20230630 06:29:57.271735 1256043 event_listener.cc:138] [event_listener/table_file_created] column family: default, file path: /nvme/jinghuan/node_40001/db/000086.sst, file size: 83045503, job id: 33, reason: flush, status: OK
I20230630 06:29:57.278115 1256043 event_listener.cc:91] [event_listener/flush_completed] column family: default, thread_id: 1256043, job_id: 33, file: /nvme/jinghuan/node_40001/db/000086.sst, reason: 6, is_write_slowdown: no, is_write_stall: no, largest seqno: 13123109, smallest seqno: 12406593
W20230630 06:29:57.278200 1256043 event_listener.cc:132] [event_listener/stall_cond_changed] column family: default write stall condition was changed, from delay to normal
I20230630 06:29:57.657334 1256044 event_listener.cc:84] [event_listener/flush_begin] column family: default, thread_id: 1256044, job_id: 34, reason: 6
W20230630 06:29:58.830727 1256274 event_listener.cc:132] [event_listener/stall_cond_changed] column family: default write stall condition was changed, from normal to delay
I20230630 06:29:59.670235 1256042 event_listener.cc:138] [event_listener/table_file_created] column family: default, file path: /nvme/jinghuan/node_40001/db/000063.sst, file size: 325697878, job id: 23, reason: compaction, status: OK
I20230630 06:29:59.686856 1256042 event_listener.cc:71] [event_listener/compaction_completed] column family: default, compaction reason: 1, output compression type: no, base input level(files): 0(4), output level(files): 0(1), input bytes: 325831383, output bytes:325697878, is_manual_compaction:no, elapsed(micro): 36798295
I20230630 06:29:59.693506 1256042 event_listener.cc:127] [event_listener/table_file_deleted] db: /nvme/jinghuan/node_40001/db, sst file: /nvme/jinghuan/node_40001/db/000042.sst, status: OK
I20230630 06:29:59.700973 1256042 event_listener.cc:127] [event_listener/table_file_deleted] db: /nvme/jinghuan/node_40001/db, sst file: /nvme/jinghuan/node_40001/db/000039.sst, status: OK
I20230630 06:29:59.707283 1256042 event_listener.cc:127] [event_listener/table_file_deleted] db: /nvme/jinghuan/node_40001/db, sst file: /nvme/jinghuan/node_40001/db/000036.sst, status: OK
I20230630 06:29:59.713575 1256042 event_listener.cc:127] [event_listener/table_file_deleted] db: /nvme/jinghuan/node_40001/db, sst file: /nvme/jinghuan/node_40001/db/000031.sst, status: OK
I20230630 06:30:00.074610 1256043 event_listener.cc:84] [event_listener/flush_begin] column family: default, thread_id: 1256043, job_id: 37, reason: 6
I20230630 06:30:04.678972 1256044 event_listener.cc:138] [event_listener/table_file_created] column family: default, file path: /nvme/jinghuan/node_40001/db/000089.sst, file size: 77605744, job id: 34, reason: flush, status: OK
I20230630 06:30:04.691572 1256044 event_listener.cc:91] [event_listener/flush_completed] column family: default, thread_id: 1256044, job_id: 34, file: /nvme/jinghuan/node_40001/db/000089.sst, reason: 6, is_write_slowdown: no, is_write_stall: no, largest seqno: 13792624, smallest seqno: 13123111
W20230630 06:30:04.691637 1256044 event_listener.cc:132] [event_listener/stall_cond_changed] column family: default write stall condition was changed, from stop to normal
W20230630 06:30:04.692116 1256274 event_listener.cc:132] [event_listener/stall_cond_changed] column family: default write stall condition was changed, from delay to stop
W20230630 06:30:05.924484 1256274 event_listener.cc:132] [event_listener/stall_cond_changed] column family: default write stall condition was changed, from normal to delay
I20230630 06:30:06.376646 1256043 event_listener.cc:138] [event_listener/table_file_created] column family: default, file path: /nvme/jinghuan/node_40001/db/000093.sst, file size: 75711758, job id: 37, reason: flush, status: OK
I20230630 06:30:06.383179 1256043 event_listener.cc:91] [event_listener/flush_completed] column family: default, thread_id: 1256043, job_id: 37, file: /nvme/jinghuan/node_40001/db/000093.sst, reason: 6, is_write_slowdown: no, is_write_stall: no, largest seqno: 14445782, smallest seqno: 13792626
W20230630 06:30:06.383219 1256043 event_listener.cc:132] [event_listener/stall_cond_changed] column family: default write stall condition was changed, from delay to normal
I20230630 06:30:06.672164 1256042 event_listener.cc:138] [event_listener/table_file_created] column family: metadata, file path: /nvme/jinghuan/node_40001/db/000091.sst, file size: 76274541, job id: 36, reason: compaction, status: OK
I20230630 06:30:06.680625 1256042 event_listener.cc:71] [event_listener/compaction_completed] column family: metadata, compaction reason: 1, output compression type: no, base input level(files): 0(4), output level(files): 1(1), input bytes: 76921748, output bytes:76274541, is_manual_compaction:no, elapsed(micro): 6958549
I20230630 06:30:06.683100 1256042 event_listener.cc:127] [event_listener/table_file_deleted] db: /nvme/jinghuan/node_40001/db, sst file: /nvme/jinghuan/node_40001/db/000066.sst, status: OK
I20230630 06:30:06.685434 1256042 event_listener.cc:127] [event_listener/table_file_deleted] db: /nvme/jinghuan/node_40001/db, sst file: /nvme/jinghuan/node_40001/db/000049.sst, status: OK
I20230630 06:30:06.687819 1256042 event_listener.cc:127] [event_listener/table_file_deleted] db: /nvme/jinghuan/node_40001/db, sst file: /nvme/jinghuan/node_40001/db/000034.sst, status: OK
I20230630 06:30:07.184661 1256044 event_listener.cc:84] [event_listener/flush_begin] column family: default, thread_id: 1256044, job_id: 39, reason: 6
W20230630 06:30:08.452629 1256276 event_listener.cc:132] [event_listener/stall_cond_changed] column family: default write stall condition was changed, from normal to delay
I20230630 06:30:09.579305 1256043 event_listener.cc:84] [event_listener/flush_begin] column family: metadata, thread_id: 1256043, job_id: 40, reason: 13
I20230630 06:30:11.477516 1256043 event_listener.cc:138] [event_listener/table_file_created] column family: metadata, file path: /nvme/jinghuan/node_40001/db/000100.sst, file size: 19250331, job id: 40, reason: flush, status: OK
I20230630 06:30:11.486366 1256043 event_listener.cc:91] [event_listener/flush_completed] column family: metadata, thread_id: 1256043, job_id: 40, file: /nvme/jinghuan/node_40001/db/000100.sst, reason: 13, is_write_slowdown: no, is_write_stall: no, largest seqno: 15737920, smallest seqno: 12590347
I20230630 06:30:11.505457 1256043 event_listener.cc:84] [event_listener/flush_begin] column family: default, thread_id: 1256043, job_id: 41, reason: 6
I20230630 06:30:13.078616 1256044 event_listener.cc:138] [event_listener/table_file_created] column family: default, file path: /nvme/jinghuan/node_40001/db/000097.sst, file size: 75729995, job id: 39, reason: flush, status: OK
I20230630 06:30:13.094179 1256044 event_listener.cc:91] [event_listener/flush_completed] column family: default, thread_id: 1256044, job_id: 39, file: /nvme/jinghuan/node_40001/db/000097.sst, reason: 6, is_write_slowdown: no, is_write_stall: no, largest seqno: 15099138, smallest seqno: 14445784
W20230630 06:30:13.094403 1256044 event_listener.cc:132] [event_listener/stall_cond_changed] column family: default write stall condition was changed, from stop to normal
W20230630 06:30:13.094511 1256274 event_listener.cc:132] [event_listener/stall_cond_changed] column family: default write stall condition was changed, from delay to stop
W20230630 06:30:14.420956 1256276 event_listener.cc:132] [event_listener/stall_cond_changed] column family: default write stall condition was changed, from normal to delay
I20230630 06:30:15.076284 1256040 event_listener.cc:138] [event_listener/table_file_created] column family: default, file path: /nvme/jinghuan/node_40001/db/000078.sst, file size: 331729802, job id: 30, reason: compaction, status: OK
I20230630 06:30:15.097991 1256040 event_listener.cc:71] [event_listener/compaction_completed] column family: default, compaction reason: 1, output compression type: no, base input level(files): 0(4), output level(files): 0(1), input bytes: 331893188, output bytes:331729802, is_manual_compaction:no, elapsed(micro): 30907700
I20230630 06:30:15.099581 1256040 event_listener.cc:127] [event_listener/table_file_deleted] db: /nvme/jinghuan/node_40001/db, sst file: /nvme/jinghuan/node_40001/db/000083.sst, status: OK
I20230630 06:30:15.109755 1256040 event_listener.cc:127] [event_listener/table_file_deleted] db: /nvme/jinghuan/node_40001/db, sst file: /nvme/jinghuan/node_40001/db/000059.sst, status: OK
I20230630 06:30:15.116465 1256040 event_listener.cc:127] [event_listener/table_file_deleted] db: /nvme/jinghuan/node_40001/db, sst file: /nvme/jinghuan/node_40001/db/000055.sst, status: OK
I20230630 06:30:15.123118 1256040 event_listener.cc:127] [event_listener/table_file_deleted] db: /nvme/jinghuan/node_40001/db, sst file: /nvme/jinghuan/node_40001/db/000052.sst, status: OK
I20230630 06:30:15.129341 1256040 event_listener.cc:127] [event_listener/table_file_deleted] db: /nvme/jinghuan/node_40001/db, sst file: /nvme/jinghuan/node_40001/db/000046.sst, status: OK
I20230630 06:30:15.822271 1256044 event_listener.cc:84] [event_listener/flush_begin] column family: default, thread_id: 1256044, job_id: 44, reason: 6
I20230630 06:30:16.885386 1256043 event_listener.cc:138] [event_listener/table_file_created] column family: default, file path: /nvme/jinghuan/node_40001/db/000102.sst, file size: 78046962, job id: 41, reason: flush, status: OK
I20230630 06:30:16.891960 1256043 event_listener.cc:91] [event_listener/flush_completed] column family: default, thread_id: 1256043, job_id: 41, file: /nvme/jinghuan/node_40001/db/000102.sst, reason: 6, is_write_slowdown: no, is_write_stall: no, largest seqno: 15772492, smallest seqno: 15099140
W20230630 06:30:16.892138 1256043 event_listener.cc:132] [event_listener/stall_cond_changed] column family: default write stall condition was changed, from stop to normal
W20230630 06:30:16.892212 1256275 event_listener.cc:132] [event_listener/stall_cond_changed] column family: default write stall condition was changed, from delay to stop
W20230630 06:30:18.098505 1256273 event_listener.cc:132] [event_listener/stall_cond_changed] column family: default write stall condition was changed, from normal to delay
I20230630 06:30:19.085270 1256044 event_listener.cc:138] [event_listener/table_file_created] column family: default, file path: /nvme/jinghuan/node_40001/db/000105.sst, file size: 85049324, job id: 44, reason: flush, status: OK
I20230630 06:30:19.101223 1256044 event_listener.cc:91] [event_listener/flush_completed] column family: default, thread_id: 1256044, job_id: 44, file: /nvme/jinghuan/node_40001/db/000105.sst, reason: 6, is_write_slowdown: no, is_write_stall: no, largest seqno: 16506247, smallest seqno: 15772494
W20230630 06:30:19.101305 1256044 event_listener.cc:132] [event_listener/stall_cond_changed] column family: default write stall condition was changed, from delay to normal
I20230630 06:30:19.358518 1256043 event_listener.cc:84] [event_listener/flush_begin] column family: default, thread_id: 1256043, job_id: 48, reason: 6
W20230630 06:30:20.495139 1256273 event_listener.cc:132] [event_listener/stall_cond_changed] column family: default write stall condition was changed, from normal to delay
I20230630 06:30:21.745581 1256044 event_listener.cc:84] [event_listener/flush_begin] column family: default, thread_id: 1256044, job_id: 52, reason: 6
I20230630 06:30:21.892890 1256043 event_listener.cc:138] [event_listener/table_file_created] column family: default, file path: /nvme/jinghuan/node_40001/db/000108.sst, file size: 76485478, job id: 48, reason: flush, status: OK
I20230630 06:30:21.903614 1256043 event_listener.cc:91] [event_listener/flush_completed] column family: default, thread_id: 1256043, job_id: 48, file: /nvme/jinghuan/node_40001/db/000108.sst, reason: 6, is_write_slowdown: no, is_write_stall: no, largest seqno: 17166093, smallest seqno: 16506249
W20230630 06:30:21.903738 1256043 event_listener.cc:132] [event_listener/stall_cond_changed] column family: default write stall condition was changed, from stop to normal
W20230630 06:30:21.904634 1256276 event_listener.cc:132] [event_listener/stall_cond_changed] column family: default write stall condition was changed, from delay to stop
W20230630 06:30:23.357757 1256275 event_listener.cc:132] [event_listener/stall_cond_changed] column family: default write stall condition was changed, from normal to delay
I20230630 06:30:24.897810 1256043 event_listener.cc:84] [event_listener/flush_begin] column family: default, thread_id: 1256043, job_id: 54, reason: 6
I20230630 06:30:25.789712 1256044 event_listener.cc:138] [event_listener/table_file_created] column family: default, file path: /nvme/jinghuan/node_40001/db/000111.sst, file size: 75837413, job id: 52, reason: flush, status: OK
I20230630 06:30:25.796336 1256044 event_listener.cc:91] [event_listener/flush_completed] column family: default, thread_id: 1256044, job_id: 52, file: /nvme/jinghuan/node_40001/db/000111.sst, reason: 6, is_write_slowdown: no, is_write_stall: no, largest seqno: 17820362, smallest seqno: 17166095
W20230630 06:30:25.796386 1256044 event_listener.cc:132] [event_listener/stall_cond_changed] column family: default write stall condition was changed, from stop to normal
W20230630 06:30:25.796720 1256275 event_listener.cc:132] [event_listener/stall_cond_changed] column family: default write stall condition was changed, from delay to stop
I20230630 06:30:27.040421 1256044 event_listener.cc:84] [event_listener/flush_begin] column family: metadata, thread_id: 1256044, job_id: 55, reason: 13
W20230630 06:30:27.142421 1256271 event_listener.cc:132] [event_listener/stall_cond_changed] column family: default write stall condition was changed, from normal to delay
I20230630 06:30:28.792354 1256044 event_listener.cc:138] [event_listener/table_file_created] column family: metadata, file path: /nvme/jinghuan/node_40001/db/000117.sst, file size: 19249736, job id: 55, reason: flush, status: OK
I20230630 06:30:28.800086 1256044 event_listener.cc:91] [event_listener/flush_completed] column family: metadata, thread_id: 1256044, job_id: 55, file: /nvme/jinghuan/node_40001/db/000117.sst, reason: 13, is_write_slowdown: no, is_write_stall: no, largest seqno: 18885493, smallest seqno: 15737931
I20230630 06:30:28.845132 1256044 event_listener.cc:84] [event_listener/flush_begin] column family: default, thread_id: 1256044, job_id: 56, reason: 6
I20230630 06:30:31.292680 1256043 event_listener.cc:138] [event_listener/table_file_created] column family: default, file path: /nvme/jinghuan/node_40001/db/000115.sst, file size: 85057929, job id: 54, reason: flush, status: OK
I20230630 06:30:31.306447 1256043 event_listener.cc:91] [event_listener/flush_completed] column family: default, thread_id: 1256043, job_id: 54, file: /nvme/jinghuan/node_40001/db/000115.sst, reason: 6, is_write_slowdown: no, is_write_stall: no, largest seqno: 18554205, smallest seqno: 17820364
W20230630 06:30:31.306747 1256043 event_listener.cc:132] [event_listener/stall_cond_changed] column family: default write stall condition was changed, from stop to normal
W20230630 06:30:31.306931 1256271 event_listener.cc:132] [event_listener/stall_cond_changed] column family: default write stall condition was changed, from delay to stop
W20230630 06:30:32.690124 1256269 event_listener.cc:132] [event_listener/stall_cond_changed] column family: default write stall condition was changed, from normal to delay
I20230630 06:30:33.795958 1256044 event_listener.cc:138] [event_listener/table_file_created] column family: default, file path: /nvme/jinghuan/node_40001/db/000120.sst, file size: 84953095, job id: 56, reason: flush, status: OK
I20230630 06:30:33.802675 1256044 event_listener.cc:91] [event_listener/flush_completed] column family: default, thread_id: 1256044, job_id: 56, file: /nvme/jinghuan/node_40001/db/000120.sst, reason: 6, is_write_slowdown: no, is_write_stall: no, largest seqno: 19287135, smallest seqno: 18554207
W20230630 06:30:33.802755 1256044 event_listener.cc:132] [event_listener/stall_cond_changed] column family: default write stall condition was changed, from delay to normal
I20230630 06:30:34.126114 1256043 event_listener.cc:84] [event_listener/flush_begin] column family: default, thread_id: 1256043, job_id: 57, reason: 6
W20230630 06:30:35.435860 1256269 event_listener.cc:132] [event_listener/stall_cond_changed] column family: default write stall condition was changed, from normal to delay
I20230630 06:30:36.843349 1256044 event_listener.cc:84] [event_listener/flush_begin] column family: default, thread_id: 1256044, job_id: 58, reason: 6
I20230630 06:30:38.599375 1256043 event_listener.cc:138] [event_listener/table_file_created] column family: default, file path: /nvme/jinghuan/node_40001/db/000123.sst, file size: 85049422, job id: 57, reason: flush, status: OK
I20230630 06:30:38.609810 1256043 event_listener.cc:91] [event_listener/flush_completed] column family: default, thread_id: 1256043, job_id: 57, file: /nvme/jinghuan/node_40001/db/000123.sst, reason: 6, is_write_slowdown: no, is_write_stall: no, largest seqno: 20020901, smallest seqno: 19287137
W20230630 06:30:38.609858 1256043 event_listener.cc:132] [event_listener/stall_cond_changed] column family: default write stall condition was changed, from stop to normal
W20230630 06:30:38.610239 1256271 event_listener.cc:132] [event_listener/stall_cond_changed] column family: default write stall condition was changed, from delay to stop
W20230630 06:30:39.849025 1256273 event_listener.cc:132] [event_listener/stall_cond_changed] column family: default write stall condition was changed, from normal to delay
I20230630 06:30:40.595320 1256042 event_listener.cc:138] [event_listener/table_file_created] column family: default, file path: /nvme/jinghuan/node_40001/db/000095.sst, file size: 397000763, job id: 38, reason: compaction, status: OK
I20230630 06:30:40.627033 1256042 event_listener.cc:71] [event_listener/compaction_completed] column family: default, compaction reason: 1, output compression type: no, base input level(files): 0(5), output level(files): 0(1), input bytes: 397156764, output bytes:397000763, is_manual_compaction:no, elapsed(micro): 33907577
I20230630 06:30:40.638455 1256042 event_listener.cc:127] [event_listener/table_file_deleted] db: /nvme/jinghuan/node_40001/db, sst file: /nvme/jinghuan/node_40001/db/000074.sst, status: OK
I20230630 06:30:40.644749 1256042 event_listener.cc:127] [event_listener/table_file_deleted] db: /nvme/jinghuan/node_40001/db, sst file: /nvme/jinghuan/node_40001/db/000071.sst, status: OK
I20230630 06:30:40.651160 1256042 event_listener.cc:127] [event_listener/table_file_deleted] db: /nvme/jinghuan/node_40001/db, sst file: /nvme/jinghuan/node_40001/db/000068.sst, status: OK
I20230630 06:30:40.658068 1256042 event_listener.cc:127] [event_listener/table_file_deleted] db: /nvme/jinghuan/node_40001/db, sst file: /nvme/jinghuan/node_40001/db/000062.sst, status: OK
I20230630 06:30:41.160917 1256043 event_listener.cc:84] [event_listener/flush_begin] column family: default, thread_id: 1256043, job_id: 60, reason: 6
I20230630 06:30:41.601550 1256044 event_listener.cc:138] [event_listener/table_file_created] column family: default, file path: /nvme/jinghuan/node_40001/db/000126.sst, file size: 85042286, job id: 58, reason: flush, status: OK
I20230630 06:30:41.614728 1256044 event_listener.cc:91] [event_listener/flush_completed] column family: default, thread_id: 1256044, job_id: 58, file: /nvme/jinghuan/node_40001/db/000126.sst, reason: 6, is_write_slowdown: no, is_write_stall: no, largest seqno: 20754612, smallest seqno: 20020903
W20230630 06:30:41.614768 1256044 event_listener.cc:132] [event_listener/stall_cond_changed] column family: default write stall condition was changed, from stop to normal
W20230630 06:30:41.617141 1256273 event_listener.cc:132] [event_listener/stall_cond_changed] column family: default write stall condition was changed, from delay to stop
