W20230630 06:30:42.948498 1256276 event_listener.cc:132] [event_listener/stall_cond_changed] column family: default write stall condition was changed, from normal to delay
I20230630 06:30:43.975911 1256044 event_listener.cc:84] [event_listener/flush_begin] column family: metadata, thread_id: 1256044, job_id: 61, reason: 13
I20230630 06:30:45.505497 1256044 event_listener.cc:138] [event_listener/table_file_created] column family: metadata, file path: /nvme/jinghuan/node_40001/db/000133.sst, file size: 19219353, job id: 61, reason: flush, status: OK
I20230630 06:30:45.514111 1256044 event_listener.cc:91] [event_listener/flush_completed] column family: metadata, thread_id: 1256044, job_id: 61, file: /nvme/jinghuan/node_40001/db/000133.sst, reason: 13, is_write_slowdown: no, is_write_stall: no, largest seqno: 22033087, smallest seqno: 18885504
I20230630 06:30:45.529314 1256044 event_listener.cc:84] [event_listener/flush_begin] column family: default, thread_id: 1256044, job_id: 62, reason: 6
I20230630 06:30:46.100857 1256043 event_listener.cc:138] [event_listener/table_file_created] column family: default, file path: /nvme/jinghuan/node_40001/db/000130.sst, file size: 76987171, job id: 60, reason: flush, status: OK
I20230630 06:30:46.109565 1256043 event_listener.cc:91] [event_listener/flush_completed] column family: default, thread_id: 1256043, job_id: 60, file: /nvme/jinghuan/node_40001/db/000130.sst, reason: 6, is_write_slowdown: no, is_write_stall: no, largest seqno: 21418814, smallest seqno: 20754614
W20230630 06:30:46.109948 1256043 event_listener.cc:132] [event_listener/stall_cond_changed] column family: default write stall condition was changed, from stop to normal
W20230630 06:30:46.110157 1256274 event_listener.cc:132] [event_listener/stall_cond_changed] column family: default write stall condition was changed, from delay to stop
W20230630 06:30:47.536434 1256275 event_listener.cc:132] [event_listener/stall_cond_changed] column family: default write stall condition was changed, from normal to delay
I20230630 06:30:48.999104 1256043 event_listener.cc:84] [event_listener/flush_begin] column family: default, thread_id: 1256043, job_id: 63, reason: 6
I20230630 06:30:49.905412 1256040 event_listener.cc:138] [event_listener/table_file_created] column family: default, file path: /nvme/jinghuan/node_40001/db/000112.sst, file size: 315189971, job id: 53, reason: compaction, status: OK
I20230630 06:30:49.930178 1256040 event_listener.cc:71] [event_listener/compaction_completed] column family: default, compaction reason: 1, output compression type: no, base input level(files): 0(4), output level(files): 0(1), input bytes: 315311759, output bytes:315189971, is_manual_compaction:no, elapsed(micro): 28001734
I20230630 06:30:49.938830 1256040 event_listener.cc:127] [event_listener/table_file_deleted] db: /nvme/jinghuan/node_40001/db, sst file: /nvme/jinghuan/node_40001/db/000093.sst, status: OK
I20230630 06:30:49.945858 1256040 event_listener.cc:127] [event_listener/table_file_deleted] db: /nvme/jinghuan/node_40001/db, sst file: /nvme/jinghuan/node_40001/db/000089.sst, status: OK
I20230630 06:30:49.951980 1256040 event_listener.cc:127] [event_listener/table_file_deleted] db: /nvme/jinghuan/node_40001/db, sst file: /nvme/jinghuan/node_40001/db/000086.sst, status: OK
I20230630 06:30:49.958088 1256040 event_listener.cc:127] [event_listener/table_file_deleted] db: /nvme/jinghuan/node_40001/db, sst file: /nvme/jinghuan/node_40001/db/000081.sst, status: OK
I20230630 06:30:49.964187 1256040 event_listener.cc:127] [event_listener/table_file_deleted] db: /nvme/jinghuan/node_40001/db, sst file: /nvme/jinghuan/node_40001/db/000077.sst, status: OK
I20230630 06:30:50.112481 1256044 event_listener.cc:138] [event_listener/table_file_created] column family: default, file path: /nvme/jinghuan/node_40001/db/000135.sst, file size: 83725497, job id: 62, reason: flush, status: OK
I20230630 06:30:50.129133 1256044 event_listener.cc:91] [event_listener/flush_completed] column family: default, thread_id: 1256044, job_id: 62, file: /nvme/jinghuan/node_40001/db/000135.sst, reason: 6, is_write_slowdown: no, is_write_stall: no, largest seqno: 22141172, smallest seqno: 21418816
W20230630 06:30:50.129249 1256044 event_listener.cc:132] [event_listener/stall_cond_changed] column family: default write stall condition was changed, from stop to normal
W20230630 06:30:50.129431 1256269 event_listener.cc:132] [event_listener/stall_cond_changed] column family: default write stall condition was changed, from delay to stop
W20230630 06:30:51.388653 1256271 event_listener.cc:132] [event_listener/stall_cond_changed] column family: default write stall condition was changed, from normal to delay
I20230630 06:30:52.407295 1256043 event_listener.cc:138] [event_listener/table_file_created] column family: default, file path: /nvme/jinghuan/node_40001/db/000138.sst, file size: 84707868, job id: 63, reason: flush, status: OK
I20230630 06:30:52.413753 1256043 event_listener.cc:91] [event_listener/flush_completed] column family: default, thread_id: 1256043, job_id: 63, file: /nvme/jinghuan/node_40001/db/000138.sst, reason: 6, is_write_slowdown: no, is_write_stall: no, largest seqno: 22871990, smallest seqno: 22141174
W20230630 06:30:52.413857 1256043 event_listener.cc:132] [event_listener/stall_cond_changed] column family: default write stall condition was changed, from delay to normal
I20230630 06:30:52.688128 1256044 event_listener.cc:84] [event_listener/flush_begin] column family: default, thread_id: 1256044, job_id: 68, reason: 6
W20230630 06:30:53.874253 1256276 event_listener.cc:132] [event_listener/stall_cond_changed] column family: default write stall condition was changed, from normal to delay
I20230630 06:30:55.174479 1256043 event_listener.cc:84] [event_listener/flush_begin] column family: default, thread_id: 1256043, job_id: 69, reason: 6
I20230630 06:30:56.214880 1256044 event_listener.cc:138] [event_listener/table_file_created] column family: default, file path: /nvme/jinghuan/node_40001/db/000142.sst, file size: 77228042, job id: 68, reason: flush, status: OK
I20230630 06:30:56.230898 1256044 event_listener.cc:91] [event_listener/flush_completed] column family: default, thread_id: 1256044, job_id: 68, file: /nvme/jinghuan/node_40001/db/000142.sst, reason: 6, is_write_slowdown: no, is_write_stall: no, largest seqno: 23538249, smallest seqno: 22871992
W20230630 06:30:56.230945 1256044 event_listener.cc:132] [event_listener/stall_cond_changed] column family: default write stall condition was changed, from stop to normal
W20230630 06:30:56.231304 1256270 event_listener.cc:132] [event_listener/stall_cond_changed] column family: default write stall condition was changed, from delay to stop
W20230630 06:30:58.092325 1256275 event_listener.cc:132] [event_listener/stall_cond_changed] column family: default write stall condition was changed, from normal to delay
I20230630 06:30:58.715884 1256043 event_listener.cc:138] [event_listener/table_file_created] column family: default, file path: /nvme/jinghuan/node_40001/db/000145.sst, file size: 75697167, job id: 69, reason: flush, status: OK
I20230630 06:30:58.727367 1256043 event_listener.cc:91] [event_listener/flush_completed] column family: default, thread_id: 1256043, job_id: 69, file: /nvme/jinghuan/node_40001/db/000145.sst, reason: 6, is_write_slowdown: no, is_write_stall: no, largest seqno: 24191308, smallest seqno: 23538251
W20230630 06:30:58.727458 1256043 event_listener.cc:132] [event_listener/stall_cond_changed] column family: default write stall condition was changed, from delay to normal
I20230630 06:31:00.048395 1256044 event_listener.cc:84] [event_listener/flush_begin] column family: default, thread_id: 1256044, job_id: 70, reason: 6
I20230630 06:31:01.415031 1256043 event_listener.cc:84] [event_listener/flush_begin] column family: metadata, thread_id: 1256043, job_id: 71, reason: 13
W20230630 06:31:01.981853 1256275 event_listener.cc:132] [event_listener/stall_cond_changed] column family: default write stall condition was changed, from normal to delay
I20230630 06:31:03.109202 1256043 event_listener.cc:138] [event_listener/table_file_created] column family: metadata, file path: /nvme/jinghuan/node_40001/db/000150.sst, file size: 19245015, job id: 71, reason: flush, status: OK
I20230630 06:31:03.124202 1256043 event_listener.cc:91] [event_listener/flush_completed] column family: metadata, thread_id: 1256043, job_id: 71, file: /nvme/jinghuan/node_40001/db/000150.sst, reason: 13, is_write_slowdown: no, is_write_stall: no, largest seqno: 25181606, smallest seqno: 22033098
I20230630 06:31:03.210136 1256042 event_listener.cc:138] [event_listener/table_file_created] column family: default, file path: /nvme/jinghuan/node_40001/db/000128.sst, file size: 330762724, job id: 59, reason: compaction, status: OK
I20230630 06:31:03.226598 1256042 event_listener.cc:71] [event_listener/compaction_completed] column family: default, compaction reason: 1, output compression type: no, base input level(files): 0(4), output level(files): 0(1), input bytes: 330897859, output bytes:330762724, is_manual_compaction:no, elapsed(micro): 22552053
I20230630 06:31:03.234885 1256042 event_listener.cc:127] [event_listener/table_file_deleted] db: /nvme/jinghuan/node_40001/db, sst file: /nvme/jinghuan/node_40001/db/000108.sst, status: OK
I20230630 06:31:03.242460 1256042 event_listener.cc:127] [event_listener/table_file_deleted] db: /nvme/jinghuan/node_40001/db, sst file: /nvme/jinghuan/node_40001/db/000105.sst, status: OK
I20230630 06:31:03.249094 1256042 event_listener.cc:127] [event_listener/table_file_deleted] db: /nvme/jinghuan/node_40001/db, sst file: /nvme/jinghuan/node_40001/db/000102.sst, status: OK
I20230630 06:31:03.255165 1256042 event_listener.cc:127] [event_listener/table_file_deleted] db: /nvme/jinghuan/node_40001/db, sst file: /nvme/jinghuan/node_40001/db/000097.sst, status: OK
I20230630 06:31:03.820602 1256044 event_listener.cc:138] [event_listener/table_file_created] column family: default, file path: /nvme/jinghuan/node_40001/db/000148.sst, file size: 84906520, job id: 70, reason: flush, status: OK
I20230630 06:31:03.833523 1256044 event_listener.cc:91] [event_listener/flush_completed] column family: default, thread_id: 1256044, job_id: 70, file: /nvme/jinghuan/node_40001/db/000148.sst, reason: 6, is_write_slowdown: no, is_write_stall: no, largest seqno: 24923864, smallest seqno: 24191310
W20230630 06:31:03.833612 1256044 event_listener.cc:132] [event_listener/stall_cond_changed] column family: default write stall condition was changed, from delay to normal
I20230630 06:31:03.897454 1256271 cluster.cc:286] MASTER MODE enabled by cluster topology setting
I20230630 06:31:03.928684 1256043 event_listener.cc:84] [event_listener/flush_begin] column family: default, thread_id: 1256043, job_id: 74, reason: 6
I20230630 06:31:04.035760 1256270 cluster.cc:923] function: Migrate level-migration
I20230630 06:31:04.035789 1256270 slot_migrate_parallel.cc:32] [migrate] Start migrating slots, from slot: 0 to slot: 0. Slots are moving to 127.0.0.1:40002
I20230630 06:31:04.035797 1256270 cluster.cc:935] [cluster migration] Finished slot migration cmds sending, start to set nodes
I20230630 06:31:04.035843 1256268 slot_migrate.cc:165] [migrate] Migrating slot: -1, dst_ip: 127.0.0.1, dst_port: 40002, max_speed: 0, max_pipeline_size: 16
I20230630 06:31:04.036196 1256268 slot_migrate.cc:305] [migrate] Start migrating slot 0, connect destination fd 89
I20230630 06:31:04.036227 1256268 slot_migrate.cc:195] [migrate] Succeed to start migrating slot 0
I20230630 06:31:04.036407 1256268 slot_migrate_level.cc:110] Meta SSTs:[000150.sst,000133.sst,000117.sst,000100.sst,000091.sst]
I20230630 06:31:04.036427 1256268 slot_migrate_level.cc:111] Subkey SSTs:[000148.sst,000145.sst,000142.sst,000138.sst,000135.sst,000130.sst,000126.sst,000128.sst,000112.sst,000095.sst,000078.sst,000063.sst,000047.sst,000044.sst,000032.sst]
I20230630 06:31:04.036442 1256268 slot_migrate_level.cc:112] SST collected, Time taken(us): 28
I20230630 06:31:04.036466 1256268 slot_migrate_level.cc:129] SST waiting for ingestion: /nvme/jinghuan/node_40001/db/000150.sst /nvme/jinghuan/node_40001/db/000133.sst /nvme/jinghuan/node_40001/db/000117.sst /nvme/jinghuan/node_40001/db/000100.sst /nvme/jinghuan/node_40001/db/000091.sst /nvme/jinghuan/node_40001/db/000148.sst /nvme/jinghuan/node_40001/db/000145.sst /nvme/jinghuan/node_40001/db/000142.sst /nvme/jinghuan/node_40001/db/000138.sst /nvme/jinghuan/node_40001/db/000135.sst /nvme/jinghuan/node_40001/db/000130.sst /nvme/jinghuan/node_40001/db/000126.sst /nvme/jinghuan/node_40001/db/000128.sst /nvme/jinghuan/node_40001/db/000112.sst /nvme/jinghuan/node_40001/db/000095.sst /nvme/jinghuan/node_40001/db/000078.sst /nvme/jinghuan/node_40001/db/000063.sst /nvme/jinghuan/node_40001/db/000047.sst /nvme/jinghuan/node_40001/db/000044.sst /nvme/jinghuan/node_40001/db/000032.sst
I20230630 06:31:04.036491 1256268 slot_migrate_level.cc:211] redis-cli -h 127.0.0.1 -p 40002 sst_ingest local metadata /nvme/jinghuan/node_40001/db/000150.sst,/nvme/jinghuan/node_40001/db/000133.sst,/nvme/jinghuan/node_40001/db/000117.sst,/nvme/jinghuan/node_40001/db/000100.sst kvrockskvrockskvrockskvrockskvrocksnode2 fast 0
I20230630 06:31:04.037998 1256272 cluster.cc:923] function: Migrate level-migration
I20230630 06:31:04.191527 1256268 slot_migrate_level.cc:211] redis-cli -h 127.0.0.1 -p 40002 sst_ingest local metadata /nvme/jinghuan/node_40001/db/000091.sst kvrockskvrockskvrockskvrockskvrocksnode2 fast 1
I20230630 06:31:04.305939 1256268 slot_migrate_level.cc:222] Level ingestion on column family [metadata] finished, Time taken(us)269450
I20230630 06:31:04.305979 1256268 slot_migrate_level.cc:211] redis-cli -h 127.0.0.1 -p 40002 sst_ingest local default /nvme/jinghuan/node_40001/db/000148.sst,/nvme/jinghuan/node_40001/db/000145.sst,/nvme/jinghuan/node_40001/db/000142.sst,/nvme/jinghuan/node_40001/db/000138.sst,/nvme/jinghuan/node_40001/db/000135.sst,/nvme/jinghuan/node_40001/db/000130.sst,/nvme/jinghuan/node_40001/db/000126.sst,/nvme/jinghuan/node_40001/db/000128.sst,/nvme/jinghuan/node_40001/db/000112.sst,/nvme/jinghuan/node_40001/db/000095.sst,/nvme/jinghuan/node_40001/db/000078.sst,/nvme/jinghuan/node_40001/db/000063.sst,/nvme/jinghuan/node_40001/db/000047.sst kvrockskvrockskvrockskvrockskvrocksnode2 fast 0
W20230630 06:31:06.289260 1256271 event_listener.cc:132] [event_listener/stall_cond_changed] column family: default write stall condition was changed, from normal to delay
I20230630 06:31:06.900236 1256268 slot_migrate_level.cc:211] redis-cli -h 127.0.0.1 -p 40002 sst_ingest local default /nvme/jinghuan/node_40001/db/000044.sst kvrockskvrockskvrockskvrockskvrocksnode2 fast 1
I20230630 06:31:06.917793 1256043 event_listener.cc:138] [event_listener/table_file_created] column family: default, file path: /nvme/jinghuan/node_40001/db/000154.sst, file size: 84976744, job id: 74, reason: flush, status: OK
I20230630 06:31:06.924326 1256043 event_listener.cc:91] [event_listener/flush_completed] column family: default, thread_id: 1256043, job_id: 74, file: /nvme/jinghuan/node_40001/db/000154.sst, reason: 6, is_write_slowdown: no, is_write_stall: no, largest seqno: 25657036, smallest seqno: 24923866
W20230630 06:31:06.924549 1256043 event_listener.cc:132] [event_listener/stall_cond_changed] column family: default write stall condition was changed, from delay to normal
I20230630 06:31:07.055058 1256268 slot_migrate_level.cc:211] redis-cli -h 127.0.0.1 -p 40002 sst_ingest local default /nvme/jinghuan/node_40001/db/000032.sst kvrockskvrockskvrockskvrockskvrocksnode2 fast 2
I20230630 06:31:07.264111 1256268 slot_migrate_level.cc:222] Level ingestion on column family [default] finished, Time taken(us)2958131
I20230630 06:31:07.264204 1256268 slot_migrate.cc:209] Finished sending snapshot, time taken(us): 3227965, seek time taken(us): 0, network response time taken(us): 0
I20230630 06:31:07.264225 1256268 slot_migrate.cc:225] [migrate] Succeed to sync from WAL for a slot 0
I20230630 06:31:07.265383 1256268 slot_migrate.cc:237] [migrate] Succeed to migrate slot 0
I20230630 06:31:07.265404 1256268 slot_migrate.cc:438] [migrate] Clean resources of migrating slot 0
I20230630 06:31:08.796613 1256044 event_listener.cc:84] [event_listener/flush_begin] column family: default, thread_id: 1256044, job_id: 75, reason: 6
W20230630 06:31:11.146317 1256275 event_listener.cc:132] [event_listener/stall_cond_changed] column family: default write stall condition was changed, from normal to delay
I20230630 06:31:11.915288 1256044 event_listener.cc:138] [event_listener/table_file_created] column family: default, file path: /nvme/jinghuan/node_40001/db/000157.sst, file size: 85795620, job id: 75, reason: flush, status: OK
I20230630 06:31:11.920732 1256044 event_listener.cc:91] [event_listener/flush_completed] column family: default, thread_id: 1256044, job_id: 75, file: /nvme/jinghuan/node_40001/db/000157.sst, reason: 6, is_write_slowdown: no, is_write_stall: no, largest seqno: 26397677, smallest seqno: 25657038
W20230630 06:31:11.920794 1256044 event_listener.cc:132] [event_listener/stall_cond_changed] column family: default write stall condition was changed, from delay to normal
I20230630 06:31:12.512753 1256042 event_listener.cc:138] [event_listener/table_file_created] column family: metadata, file path: /nvme/jinghuan/node_40001/db/000152.sst, file size: 138145813, job id: 73, reason: compaction, status: OK
I20230630 06:31:13.112504 1256042 event_listener.cc:138] [event_listener/table_file_created] column family: metadata, file path: /nvme/jinghuan/node_40001/db/000159.sst, file size: 13905544, job id: 73, reason: compaction, status: OK
I20230630 06:31:13.122555 1256042 event_listener.cc:71] [event_listener/compaction_completed] column family: metadata, compaction reason: 1, output compression type: no, base input level(files): 0(5), output level(files): 1(2), input bytes: 153238976, output bytes:152051357, is_manual_compaction:no, elapsed(micro): 9857284
I20230630 06:31:13.124959 1256042 event_listener.cc:127] [event_listener/table_file_deleted] db: /nvme/jinghuan/node_40001/db, sst file: /nvme/jinghuan/node_40001/db/000133.sst, status: OK
I20230630 06:31:13.127388 1256042 event_listener.cc:127] [event_listener/table_file_deleted] db: /nvme/jinghuan/node_40001/db, sst file: /nvme/jinghuan/node_40001/db/000117.sst, status: OK
I20230630 06:31:13.129935 1256042 event_listener.cc:127] [event_listener/table_file_deleted] db: /nvme/jinghuan/node_40001/db, sst file: /nvme/jinghuan/node_40001/db/000100.sst, status: OK
I20230630 06:31:13.137964 1256042 event_listener.cc:127] [event_listener/table_file_deleted] db: /nvme/jinghuan/node_40001/db, sst file: /nvme/jinghuan/node_40001/db/000091.sst, status: OK
I20230630 06:31:13.319862 1256040 event_listener.cc:138] [event_listener/table_file_created] column family: default, file path: /nvme/jinghuan/node_40001/db/000140.sst, file size: 330317580, job id: 67, reason: compaction, status: OK
I20230630 06:31:13.342010 1256040 event_listener.cc:71] [event_listener/compaction_completed] column family: default, compaction reason: 1, output compression type: no, base input level(files): 0(4), output level(files): 0(1), input bytes: 330462822, output bytes:330317580, is_manual_compaction:no, elapsed(micro): 20906099
I20230630 06:31:13.344750 1256040 event_listener.cc:127] [event_listener/table_file_deleted] db: /nvme/jinghuan/node_40001/db, sst file: /nvme/jinghuan/node_40001/db/000150.sst, status: OK
I20230630 06:31:13.353592 1256040 event_listener.cc:127] [event_listener/table_file_deleted] db: /nvme/jinghuan/node_40001/db, sst file: /nvme/jinghuan/node_40001/db/000123.sst, status: OK
I20230630 06:31:13.361187 1256040 event_listener.cc:127] [event_listener/table_file_deleted] db: /nvme/jinghuan/node_40001/db, sst file: /nvme/jinghuan/node_40001/db/000120.sst, status: OK
I20230630 06:31:13.368276 1256040 event_listener.cc:127] [event_listener/table_file_deleted] db: /nvme/jinghuan/node_40001/db, sst file: /nvme/jinghuan/node_40001/db/000115.sst, status: OK
I20230630 06:31:13.374449 1256040 event_listener.cc:127] [event_listener/table_file_deleted] db: /nvme/jinghuan/node_40001/db, sst file: /nvme/jinghuan/node_40001/db/000111.sst, status: OK
I20230630 06:31:13.582072 1256043 event_listener.cc:84] [event_listener/flush_begin] column family: default, thread_id: 1256043, job_id: 78, reason: 6
W20230630 06:31:15.738332 1256274 event_listener.cc:132] [event_listener/stall_cond_changed] column family: default write stall condition was changed, from normal to delay
I20230630 06:31:15.930786 1256043 event_listener.cc:138] [event_listener/table_file_created] column family: default, file path: /nvme/jinghuan/node_40001/db/000162.sst, file size: 85828937, job id: 78, reason: flush, status: OK
I20230630 06:31:15.944048 1256043 event_listener.cc:91] [event_listener/flush_completed] column family: default, thread_id: 1256043, job_id: 78, file: /nvme/jinghuan/node_40001/db/000162.sst, reason: 6, is_write_slowdown: no, is_write_stall: no, largest seqno: 27138648, smallest seqno: 26397679
W20230630 06:31:15.944169 1256043 event_listener.cc:132] [event_listener/stall_cond_changed] column family: default write stall condition was changed, from delay to normal
I20230630 06:31:19.730747 1256044 event_listener.cc:84] [event_listener/flush_begin] column family: default, thread_id: 1256044, job_id: 82, reason: 6
I20230630 06:31:22.023705 1256044 event_listener.cc:138] [event_listener/table_file_created] column family: default, file path: /nvme/jinghuan/node_40001/db/000165.sst, file size: 85831521, job id: 82, reason: flush, status: OK
I20230630 06:31:22.030694 1256044 event_listener.cc:91] [event_listener/flush_completed] column family: default, thread_id: 1256044, job_id: 82, file: /nvme/jinghuan/node_40001/db/000165.sst, reason: 6, is_write_slowdown: no, is_write_stall: no, largest seqno: 27879619, smallest seqno: 27138650
I20230630 06:31:22.654821 1256043 event_listener.cc:84] [event_listener/flush_begin] column family: metadata, thread_id: 1256043, job_id: 86, reason: 13
I20230630 06:31:23.227830 1256043 event_listener.cc:138] [event_listener/table_file_created] column family: metadata, file path: /nvme/jinghuan/node_40001/db/000168.sst, file size: 19223804, job id: 86, reason: flush, status: OK
I20230630 06:31:23.234094 1256043 event_listener.cc:91] [event_listener/flush_completed] column family: metadata, thread_id: 1256043, job_id: 86, file: /nvme/jinghuan/node_40001/db/000168.sst, reason: 13, is_write_slowdown: no, is_write_stall: no, largest seqno: 28337154, smallest seqno: 25181617
I20230630 06:31:24.025734 1256042 event_listener.cc:138] [event_listener/table_file_created] column family: default, file path: /nvme/jinghuan/node_40001/db/000160.sst, file size: 408465547, job id: 76, reason: compaction, status: OK
I20230630 06:31:24.046978 1256042 event_listener.cc:71] [event_listener/compaction_completed] column family: default, compaction reason: 1, output compression type: no, base input level(files): 0(5), output level(files): 0(1), input bytes: 408604093, output bytes:408465547, is_manual_compaction:no, elapsed(micro): 10887741
I20230630 06:31:24.054949 1256274 event_listener.cc:127] [event_listener/table_file_deleted] db: /nvme/jinghuan/node_40001/db, sst file: /nvme/jinghuan/node_40001/db/000157.sst, status: OK
I20230630 06:31:24.058521 1256042 event_listener.cc:127] [event_listener/table_file_deleted] db: /nvme/jinghuan/node_40001/db, sst file: /nvme/jinghuan/node_40001/db/000138.sst, status: OK
I20230630 06:31:24.062301 1256274 event_listener.cc:127] [event_listener/table_file_deleted] db: /nvme/jinghuan/node_40001/db, sst file: /nvme/jinghuan/node_40001/db/000154.sst, status: OK
I20230630 06:31:24.066022 1256042 event_listener.cc:127] [event_listener/table_file_deleted] db: /nvme/jinghuan/node_40001/db, sst file: /nvme/jinghuan/node_40001/db/000135.sst, status: OK
I20230630 06:31:24.069633 1256274 event_listener.cc:127] [event_listener/table_file_deleted] db: /nvme/jinghuan/node_40001/db, sst file: /nvme/jinghuan/node_40001/db/000148.sst, status: OK
I20230630 06:31:24.072976 1256042 event_listener.cc:127] [event_listener/table_file_deleted] db: /nvme/jinghuan/node_40001/db, sst file: /nvme/jinghuan/node_40001/db/000130.sst, status: OK
I20230630 06:31:24.076189 1256274 event_listener.cc:127] [event_listener/table_file_deleted] db: /nvme/jinghuan/node_40001/db, sst file: /nvme/jinghuan/node_40001/db/000145.sst, status: OK
I20230630 06:31:24.080597 1256042 event_listener.cc:127] [event_listener/table_file_deleted] db: /nvme/jinghuan/node_40001/db, sst file: /nvme/jinghuan/node_40001/db/000126.sst, status: OK
I20230630 06:31:24.082876 1256274 event_listener.cc:127] [event_listener/table_file_deleted] db: /nvme/jinghuan/node_40001/db, sst file: /nvme/jinghuan/node_40001/db/000142.sst, status: OK
I20230630 06:31:24.450415 1256044 event_listener.cc:84] [event_listener/flush_begin] column family: default, thread_id: 1256044, job_id: 88, reason: 6
W20230630 06:31:26.618305 1256271 event_listener.cc:132] [event_listener/stall_cond_changed] column family: default write stall condition was changed, from normal to delay
I20230630 06:31:26.735227 1256044 event_listener.cc:138] [event_listener/table_file_created] column family: default, file path: /nvme/jinghuan/node_40001/db/000171.sst, file size: 85810445, job id: 88, reason: flush, status: OK
I20230630 06:31:26.741569 1256044 event_listener.cc:91] [event_listener/flush_completed] column family: default, thread_id: 1256044, job_id: 88, file: /nvme/jinghuan/node_40001/db/000171.sst, reason: 6, is_write_slowdown: no, is_write_stall: no, largest seqno: 28620458, smallest seqno: 27879621
W20230630 06:31:26.741703 1256044 event_listener.cc:132] [event_listener/stall_cond_changed] column family: default write stall condition was changed, from delay to normal
I20230630 06:31:27.936604 1256040 event_listener.cc:138] [event_listener/table_file_created] column family: default, file path: /nvme/jinghuan/node_40001/db/000169.sst, file size: 138654645, job id: 87, reason: compaction, status: OK
I20230630 06:31:28.942538 1256043 event_listener.cc:84] [event_listener/flush_begin] column family: default, thread_id: 1256043, job_id: 89, reason: 6
I20230630 06:31:31.040990 1256043 event_listener.cc:138] [event_listener/table_file_created] column family: default, file path: /nvme/jinghuan/node_40001/db/000175.sst, file size: 85828610, job id: 89, reason: flush, status: OK
I20230630 06:31:31.047500 1256043 event_listener.cc:91] [event_listener/flush_completed] column family: default, thread_id: 1256043, job_id: 89, file: /nvme/jinghuan/node_40001/db/000175.sst, reason: 6, is_write_slowdown: no, is_write_stall: no, largest seqno: 29361429, smallest seqno: 28620460
I20230630 06:31:31.737927 1256040 event_listener.cc:138] [event_listener/table_file_created] column family: default, file path: /nvme/jinghuan/node_40001/db/000173.sst, file size: 138702709, job id: 87, reason: compaction, status: OK
I20230630 06:31:34.044062 1256040 event_listener.cc:138] [event_listener/table_file_created] column family: default, file path: /nvme/jinghuan/node_40001/db/000176.sst, file size: 138702725, job id: 87, reason: compaction, status: OK
I20230630 06:31:36.360677 1256040 event_listener.cc:138] [event_listener/table_file_created] column family: default, file path: /nvme/jinghuan/node_40001/db/000178.sst, file size: 138702545, job id: 87, reason: compaction, status: OK
I20230630 06:31:36.464185 1256044 event_listener.cc:84] [event_listener/flush_begin] column family: default, thread_id: 1256044, job_id: 90, reason: 6
I20230630 06:31:38.543493 1256044 event_listener.cc:138] [event_listener/table_file_created] column family: default, file path: /nvme/jinghuan/node_40001/db/000181.sst, file size: 85831815, job id: 90, reason: flush, status: OK
I20230630 06:31:38.556499 1256044 event_listener.cc:91] [event_listener/flush_completed] column family: default, thread_id: 1256044, job_id: 90, file: /nvme/jinghuan/node_40001/db/000181.sst, reason: 6, is_write_slowdown: no, is_write_stall: no, largest seqno: 30102466, smallest seqno: 29361431
I20230630 06:31:40.065070 1256040 event_listener.cc:138] [event_listener/table_file_created] column family: default, file path: /nvme/jinghuan/node_40001/db/000179.sst, file size: 138702542, job id: 87, reason: compaction, status: OK
I20230630 06:31:41.466852 1256043 event_listener.cc:84] [event_listener/flush_begin] column family: default, thread_id: 1256043, job_id: 91, reason: 6
I20230630 06:31:43.464105 1256043 event_listener.cc:138] [event_listener/table_file_created] column family: default, file path: /nvme/jinghuan/node_40001/db/000185.sst, file size: 85836513, job id: 91, reason: flush, status: OK
I20230630 06:31:43.476142 1256043 event_listener.cc:91] [event_listener/flush_completed] column family: default, thread_id: 1256043, job_id: 91, file: /nvme/jinghuan/node_40001/db/000185.sst, reason: 6, is_write_slowdown: no, is_write_stall: no, largest seqno: 30843481, smallest seqno: 30102468
I20230630 06:31:43.756999 1256040 event_listener.cc:138] [event_listener/table_file_created] column family: default, file path: /nvme/jinghuan/node_40001/db/000183.sst, file size: 138776614, job id: 87, reason: compaction, status: OK
I20230630 06:31:46.083166 1256044 event_listener.cc:84] [event_listener/flush_begin] column family: metadata, thread_id: 1256044, job_id: 93, reason: 13
I20230630 06:31:46.682494 1256043 event_listener.cc:84] [event_listener/flush_begin] column family: default, thread_id: 1256043, job_id: 94, reason: 6
I20230630 06:31:46.868647 1256044 event_listener.cc:138] [event_listener/table_file_created] column family: metadata, file path: /nvme/jinghuan/node_40001/db/000190.sst, file size: 19185889, job id: 93, reason: flush, status: OK
I20230630 06:31:46.874902 1256044 event_listener.cc:91] [event_listener/flush_completed] column family: metadata, thread_id: 1256044, job_id: 93, file: /nvme/jinghuan/node_40001/db/000190.sst, reason: 13, is_write_slowdown: no, is_write_stall: no, largest seqno: 31494110, smallest seqno: 28337165
W20230630 06:31:49.199815 1256271 event_listener.cc:132] [event_listener/stall_cond_changed] column family: default write stall condition was changed, from normal to delay
I20230630 06:31:49.559751 1256040 event_listener.cc:138] [event_listener/table_file_created] column family: default, file path: /nvme/jinghuan/node_40001/db/000187.sst, file size: 138794832, job id: 87, reason: compaction, status: OK
I20230630 06:31:49.770510 1256043 event_listener.cc:138] [event_listener/table_file_created] column family: default, file path: /nvme/jinghuan/node_40001/db/000192.sst, file size: 85832437, job id: 94, reason: flush, status: OK
I20230630 06:31:49.778895 1256043 event_listener.cc:91] [event_listener/flush_completed] column family: default, thread_id: 1256043, job_id: 94, file: /nvme/jinghuan/node_40001/db/000192.sst, reason: 6, is_write_slowdown: no, is_write_stall: no, largest seqno: 31584485, smallest seqno: 30843483
W20230630 06:31:49.779060 1256043 event_listener.cc:132] [event_listener/stall_cond_changed] column family: default write stall condition was changed, from delay to normal
I20230630 06:31:53.963908 1256040 event_listener.cc:138] [event_listener/table_file_created] column family: default, file path: /nvme/jinghuan/node_40001/db/000194.sst, file size: 138794622, job id: 87, reason: compaction, status: OK
I20230630 06:31:54.761682 1256044 event_listener.cc:84] [event_listener/flush_begin] column family: default, thread_id: 1256044, job_id: 95, reason: 6
I20230630 06:31:56.060329 1256042 event_listener.cc:138] [event_listener/table_file_created] column family: default, file path: /nvme/jinghuan/node_40001/db/000186.sst, file size: 343178654, job id: 92, reason: compaction, status: OK
I20230630 06:31:56.080572 1256042 event_listener.cc:71] [event_listener/compaction_completed] column family: default, compaction reason: 1, output compression type: no, base input level(files): 0(4), output level(files): 0(1), input bytes: 343307383, output bytes:343178654, is_manual_compaction:no, elapsed(micro): 12584071
I20230630 06:31:57.162569 1256044 event_listener.cc:138] [event_listener/table_file_created] column family: default, file path: /nvme/jinghuan/node_40001/db/000197.sst, file size: 85837235, job id: 95, reason: flush, status: OK
I20230630 06:31:57.171447 1256044 event_listener.cc:91] [event_listener/flush_completed] column family: default, thread_id: 1256044, job_id: 95, file: /nvme/jinghuan/node_40001/db/000197.sst, reason: 6, is_write_slowdown: no, is_write_stall: no, largest seqno: 32325500, smallest seqno: 31584487
I20230630 06:31:58.277989 1256040 event_listener.cc:138] [event_listener/table_file_created] column family: default, file path: /nvme/jinghuan/node_40001/db/000195.sst, file size: 138797525, job id: 87, reason: compaction, status: OK
I20230630 06:32:00.047511 1256043 event_listener.cc:84] [event_listener/flush_begin] column family: default, thread_id: 1256043, job_id: 100, reason: 6
I20230630 06:32:00.972328 1256040 event_listener.cc:138] [event_listener/table_file_created] column family: default, file path: /nvme/jinghuan/node_40001/db/000199.sst, file size: 138731591, job id: 87, reason: compaction, status: OK
I20230630 06:32:01.782758 1256043 event_listener.cc:138] [event_listener/table_file_created] column family: default, file path: /nvme/jinghuan/node_40001/db/000201.sst, file size: 85795295, job id: 100, reason: flush, status: OK
I20230630 06:32:01.789153 1256043 event_listener.cc:91] [event_listener/flush_completed] column family: default, thread_id: 1256043, job_id: 100, file: /nvme/jinghuan/node_40001/db/000201.sst, reason: 6, is_write_slowdown: no, is_write_stall: no, largest seqno: 33066174, smallest seqno: 32325502
I20230630 06:32:03.579674 1256040 event_listener.cc:138] [event_listener/table_file_created] column family: default, file path: /nvme/jinghuan/node_40001/db/000202.sst, file size: 138645384, job id: 87, reason: compaction, status: OK
I20230630 06:32:05.473042 1256044 event_listener.cc:84] [event_listener/flush_begin] column family: default, thread_id: 1256044, job_id: 104, reason: 6
I20230630 06:32:05.684899 1256040 event_listener.cc:138] [event_listener/table_file_created] column family: default, file path: /nvme/jinghuan/node_40001/db/000204.sst, file size: 138682253, job id: 87, reason: compaction, status: OK
I20230630 06:32:07.284873 1256044 event_listener.cc:138] [event_listener/table_file_created] column family: default, file path: /nvme/jinghuan/node_40001/db/000206.sst, file size: 85837115, job id: 104, reason: flush, status: OK
I20230630 06:32:07.296568 1256044 event_listener.cc:91] [event_listener/flush_completed] column family: default, thread_id: 1256044, job_id: 104, file: /nvme/jinghuan/node_40001/db/000206.sst, reason: 6, is_write_slowdown: no, is_write_stall: no, largest seqno: 33807189, smallest seqno: 33066176
I20230630 06:32:10.487241 1256040 event_listener.cc:138] [event_listener/table_file_created] column family: default, file path: /nvme/jinghuan/node_40001/db/000207.sst, file size: 138682222, job id: 87, reason: compaction, status: OK
I20230630 06:32:11.049823 1256043 event_listener.cc:84] [event_listener/flush_begin] column family: default, thread_id: 1256043, job_id: 106, reason: 6
I20230630 06:32:11.788125 1256044 event_listener.cc:84] [event_listener/flush_begin] column family: metadata, thread_id: 1256044, job_id: 107, reason: 13
I20230630 06:32:12.784564 1256044 event_listener.cc:138] [event_listener/table_file_created] column family: metadata, file path: /nvme/jinghuan/node_40001/db/000214.sst, file size: 19196203, job id: 107, reason: flush, status: OK
I20230630 06:32:12.797801 1256044 event_listener.cc:91] [event_listener/flush_completed] column family: metadata, thread_id: 1256044, job_id: 107, file: /nvme/jinghuan/node_40001/db/000214.sst, reason: 13, is_write_slowdown: no, is_write_stall: no, largest seqno: 34651088, smallest seqno: 31494121
I20230630 06:32:13.692965 1256043 event_listener.cc:138] [event_listener/table_file_created] column family: default, file path: /nvme/jinghuan/node_40001/db/000212.sst, file size: 85823035, job id: 106, reason: flush, status: OK
I20230630 06:32:13.701225 1256043 event_listener.cc:91] [event_listener/flush_completed] column family: default, thread_id: 1256043, job_id: 106, file: /nvme/jinghuan/node_40001/db/000212.sst, reason: 6, is_write_slowdown: no, is_write_stall: no, largest seqno: 34548116, smallest seqno: 33807191
I20230630 06:32:16.084077 1256040 event_listener.cc:138] [event_listener/table_file_created] column family: default, file path: /nvme/jinghuan/node_40001/db/000210.sst, file size: 138682305, job id: 87, reason: compaction, status: OK
I20230630 06:32:16.638468 1256044 event_listener.cc:84] [event_listener/flush_begin] column family: default, thread_id: 1256044, job_id: 108, reason: 6
I20230630 06:32:17.992586 1256042 event_listener.cc:138] [event_listener/table_file_created] column family: default, file path: /nvme/jinghuan/node_40001/db/000208.sst, file size: 343171685, job id: 105, reason: compaction, status: OK
I20230630 06:32:18.012485 1256042 event_listener.cc:71] [event_listener/compaction_completed] column family: default, compaction reason: 1, output compression type: no, base input level(files): 0(4), output level(files): 0(1), input bytes: 343302082, output bytes:343171685, is_manual_compaction:no, elapsed(micro): 10695861
I20230630 06:32:18.898211 1256044 event_listener.cc:138] [event_listener/table_file_created] column family: default, file path: /nvme/jinghuan/node_40001/db/000218.sst, file size: 85833749, job id: 108, reason: flush, status: OK
I20230630 06:32:18.904554 1256044 event_listener.cc:91] [event_listener/flush_completed] column family: default, thread_id: 1256044, job_id: 108, file: /nvme/jinghuan/node_40001/db/000218.sst, reason: 6, is_write_slowdown: no, is_write_stall: no, largest seqno: 35289109, smallest seqno: 34548118
I20230630 06:32:19.936584 1256040 event_listener.cc:138] [event_listener/table_file_created] column family: default, file path: /nvme/jinghuan/node_40001/db/000216.sst, file size: 138682402, job id: 87, reason: compaction, status: OK
I20230630 06:32:21.787364 1256040 event_listener.cc:138] [event_listener/table_file_created] column family: default, file path: /nvme/jinghuan/node_40001/db/000220.sst, file size: 138682388, job id: 87, reason: compaction, status: OK
I20230630 06:32:22.161736 1256043 event_listener.cc:84] [event_listener/flush_begin] column family: default, thread_id: 1256043, job_id: 113, reason: 6
I20230630 06:32:23.693804 1256043 event_listener.cc:138] [event_listener/table_file_created] column family: default, file path: /nvme/jinghuan/node_40001/db/000223.sst, file size: 85828214, job id: 113, reason: flush, status: OK
I20230630 06:32:23.703929 1256043 event_listener.cc:91] [event_listener/flush_completed] column family: default, thread_id: 1256043, job_id: 113, file: /nvme/jinghuan/node_40001/db/000223.sst, reason: 6, is_write_slowdown: no, is_write_stall: no, largest seqno: 36030080, smallest seqno: 35289111
I20230630 06:32:24.889446 1256040 event_listener.cc:138] [event_listener/table_file_created] column family: default, file path: /nvme/jinghuan/node_40001/db/000221.sst, file size: 138706046, job id: 87, reason: compaction, status: OK
I20230630 06:32:26.777674 1256040 event_listener.cc:138] [event_listener/table_file_created] column family: default, file path: /nvme/jinghuan/node_40001/db/000224.sst, file size: 138732239, job id: 87, reason: compaction, status: OK
I20230630 06:32:27.834551 1256044 event_listener.cc:84] [event_listener/flush_begin] column family: default, thread_id: 1256044, job_id: 116, reason: 6
I20230630 06:32:29.331964 1256044 event_listener.cc:138] [event_listener/table_file_created] column family: default, file path: /nvme/jinghuan/node_40001/db/000228.sst, file size: 85832703, job id: 116, reason: flush, status: OK
I20230630 06:32:29.338589 1256044 event_listener.cc:91] [event_listener/flush_completed] column family: default, thread_id: 1256044, job_id: 116, file: /nvme/jinghuan/node_40001/db/000228.sst, reason: 6, is_write_slowdown: no, is_write_stall: no, largest seqno: 36771073, smallest seqno: 36030082
I20230630 06:32:30.026053 1256040 event_listener.cc:138] [event_listener/table_file_created] column family: default, file path: /nvme/jinghuan/node_40001/db/000226.sst, file size: 138732353, job id: 87, reason: compaction, status: OK
I20230630 06:32:33.561841 1256043 event_listener.cc:84] [event_listener/flush_begin] column family: default, thread_id: 1256043, job_id: 119, reason: 6
I20230630 06:32:34.427081 1256040 event_listener.cc:138] [event_listener/table_file_created] column family: default, file path: /nvme/jinghuan/node_40001/db/000230.sst, file size: 138732598, job id: 87, reason: compaction, status: OK
I20230630 06:32:35.904429 1256044 event_listener.cc:84] [event_listener/flush_begin] column family: metadata, thread_id: 1256044, job_id: 120, reason: 13
I20230630 06:32:36.225575 1256043 event_listener.cc:138] [event_listener/table_file_created] column family: default, file path: /nvme/jinghuan/node_40001/db/000233.sst, file size: 85771885, job id: 119, reason: flush, status: OK
I20230630 06:32:36.238126 1256043 event_listener.cc:91] [event_listener/flush_completed] column family: default, thread_id: 1256043, job_id: 119, file: /nvme/jinghuan/node_40001/db/000233.sst, reason: 6, is_write_slowdown: no, is_write_stall: no, largest seqno: 37511560, smallest seqno: 36771075
I20230630 06:32:36.618883 1256044 event_listener.cc:138] [event_listener/table_file_created] column family: metadata, file path: /nvme/jinghuan/node_40001/db/000236.sst, file size: 19191483, job id: 120, reason: flush, status: OK
I20230630 06:32:36.625298 1256044 event_listener.cc:91] [event_listener/flush_completed] column family: metadata, thread_id: 1256044, job_id: 120, file: /nvme/jinghuan/node_40001/db/000236.sst, reason: 13, is_write_slowdown: no, is_write_stall: no, largest seqno: 37808033, smallest seqno: 34651099
I20230630 06:32:38.927623 1256042 event_listener.cc:138] [event_listener/table_file_created] column family: default, file path: /nvme/jinghuan/node_40001/db/000229.sst, file size: 343191697, job id: 118, reason: compaction, status: OK
I20230630 06:32:38.946904 1256042 event_listener.cc:71] [event_listener/compaction_completed] column family: default, compaction reason: 1, output compression type: no, base input level(files): 0(4), output level(files): 0(1), input bytes: 343317701, output bytes:343191697, is_manual_compaction:no, elapsed(micro): 9588888
I20230630 06:32:39.328589 1256040 event_listener.cc:138] [event_listener/table_file_created] column family: default, file path: /nvme/jinghuan/node_40001/db/000234.sst, file size: 138732336, job id: 87, reason: compaction, status: OK
I20230630 06:32:39.528019 1256043 event_listener.cc:84] [event_listener/flush_begin] column family: default, thread_id: 1256043, job_id: 122, reason: 6
I20230630 06:32:41.728991 1256043 event_listener.cc:138] [event_listener/table_file_created] column family: default, file path: /nvme/jinghuan/node_40001/db/000241.sst, file size: 85799086, job id: 122, reason: flush, status: OK
I20230630 06:32:41.742673 1256043 event_listener.cc:91] [event_listener/flush_completed] column family: default, thread_id: 1256043, job_id: 122, file: /nvme/jinghuan/node_40001/db/000241.sst, reason: 6, is_write_slowdown: no, is_write_stall: no, largest seqno: 38252256, smallest seqno: 37511562
I20230630 06:32:43.823707 1256040 event_listener.cc:138] [event_listener/table_file_created] column family: default, file path: /nvme/jinghuan/node_40001/db/000239.sst, file size: 138732282, job id: 87, reason: compaction, status: OK
I20230630 06:32:44.822707 1256040 event_listener.cc:138] [event_listener/table_file_created] column family: default, file path: /nvme/jinghuan/node_40001/db/000243.sst, file size: 37169067, job id: 87, reason: compaction, status: OK
I20230630 06:32:44.930642 1256040 event_listener.cc:71] [event_listener/compaction_completed] column family: default, compaction reason: 1, output compression type: no, base input level(files): 0(12), output level(files): 1(23), input bytes: 3091354676, output bytes:3088954225, is_manual_compaction:no, elapsed(micro): 80776900
I20230630 06:32:44.937683 1256040 event_listener.cc:127] [event_listener/table_file_deleted] db: /nvme/jinghuan/node_40001/db, sst file: /nvme/jinghuan/node_40001/db/000228.sst, status: OK
I20230630 06:32:44.944505 1256040 event_listener.cc:127] [event_listener/table_file_deleted] db: /nvme/jinghuan/node_40001/db, sst file: /nvme/jinghuan/node_40001/db/000223.sst, status: OK
I20230630 06:32:44.951380 1256040 event_listener.cc:127] [event_listener/table_file_deleted] db: /nvme/jinghuan/node_40001/db, sst file: /nvme/jinghuan/node_40001/db/000218.sst, status: OK
I20230630 06:32:44.958039 1256040 event_listener.cc:127] [event_listener/table_file_deleted] db: /nvme/jinghuan/node_40001/db, sst file: /nvme/jinghuan/node_40001/db/000212.sst, status: OK
I20230630 06:32:44.964978 1256040 event_listener.cc:127] [event_listener/table_file_deleted] db: /nvme/jinghuan/node_40001/db, sst file: /nvme/jinghuan/node_40001/db/000206.sst, status: OK
I20230630 06:32:44.972112 1256040 event_listener.cc:127] [event_listener/table_file_deleted] db: /nvme/jinghuan/node_40001/db, sst file: /nvme/jinghuan/node_40001/db/000201.sst, status: OK
I20230630 06:32:44.979264 1256040 event_listener.cc:127] [event_listener/table_file_deleted] db: /nvme/jinghuan/node_40001/db, sst file: /nvme/jinghuan/node_40001/db/000197.sst, status: OK
I20230630 06:32:44.986301 1256040 event_listener.cc:127] [event_listener/table_file_deleted] db: /nvme/jinghuan/node_40001/db, sst file: /nvme/jinghuan/node_40001/db/000192.sst, status: OK
I20230630 06:32:44.993338 1256040 event_listener.cc:127] [event_listener/table_file_deleted] db: /nvme/jinghuan/node_40001/db, sst file: /nvme/jinghuan/node_40001/db/000185.sst, status: OK
I20230630 06:32:45.001042 1256040 event_listener.cc:127] [event_listener/table_file_deleted] db: /nvme/jinghuan/node_40001/db, sst file: /nvme/jinghuan/node_40001/db/000181.sst, status: OK
I20230630 06:32:45.008594 1256040 event_listener.cc:127] [event_listener/table_file_deleted] db: /nvme/jinghuan/node_40001/db, sst file: /nvme/jinghuan/node_40001/db/000175.sst, status: OK
I20230630 06:32:45.015842 1256040 event_listener.cc:127] [event_listener/table_file_deleted] db: /nvme/jinghuan/node_40001/db, sst file: /nvme/jinghuan/node_40001/db/000171.sst, status: OK
I20230630 06:32:45.215502 1256044 event_listener.cc:84] [event_listener/flush_begin] column family: default, thread_id: 1256044, job_id: 123, reason: 6
I20230630 06:32:46.743710 1256044 event_listener.cc:138] [event_listener/table_file_created] column family: default, file path: /nvme/jinghuan/node_40001/db/000245.sst, file size: 85792776, job id: 123, reason: flush, status: OK
I20230630 06:32:46.750208 1256044 event_listener.cc:91] [event_listener/flush_completed] column family: default, thread_id: 1256044, job_id: 123, file: /nvme/jinghuan/node_40001/db/000245.sst, reason: 6, is_write_slowdown: no, is_write_stall: no, largest seqno: 38992930, smallest seqno: 38252258
I20230630 06:32:49.867182 1256043 event_listener.cc:84] [event_listener/flush_begin] column family: default, thread_id: 1256043, job_id: 124, reason: 6
I20230630 06:32:51.486316 1256043 event_listener.cc:138] [event_listener/table_file_created] column family: default, file path: /nvme/jinghuan/node_40001/db/000248.sst, file size: 85796885, job id: 124, reason: flush, status: OK
I20230630 06:32:51.495091 1256043 event_listener.cc:91] [event_listener/flush_completed] column family: default, thread_id: 1256043, job_id: 124, file: /nvme/jinghuan/node_40001/db/000248.sst, reason: 6, is_write_slowdown: no, is_write_stall: no, largest seqno: 39733615, smallest seqno: 38992932
I20230630 06:32:54.765990 1256044 event_listener.cc:84] [event_listener/flush_begin] column family: default, thread_id: 1256044, job_id: 125, reason: 6
I20230630 06:32:56.360141 1256044 event_listener.cc:138] [event_listener/table_file_created] column family: default, file path: /nvme/jinghuan/node_40001/db/000251.sst, file size: 85833790, job id: 125, reason: flush, status: OK
I20230630 06:32:56.371368 1256044 event_listener.cc:91] [event_listener/flush_completed] column family: default, thread_id: 1256044, job_id: 125, file: /nvme/jinghuan/node_40001/db/000251.sst, reason: 6, is_write_slowdown: no, is_write_stall: no, largest seqno: 40474619, smallest seqno: 39733617
I20230630 06:32:58.084380 1256043 event_listener.cc:84] [event_listener/flush_begin] column family: metadata, thread_id: 1256043, job_id: 127, reason: 13
I20230630 06:32:58.671337 1256043 event_listener.cc:138] [event_listener/table_file_created] column family: metadata, file path: /nvme/jinghuan/node_40001/db/000255.sst, file size: 19195712, job id: 127, reason: flush, status: OK
I20230630 06:32:58.680877 1256043 event_listener.cc:91] [event_listener/flush_completed] column family: metadata, thread_id: 1256043, job_id: 127, file: /nvme/jinghuan/node_40001/db/000255.sst, reason: 13, is_write_slowdown: no, is_write_stall: no, largest seqno: 40964956, smallest seqno: 37808044
I20230630 06:32:59.776688 1256044 event_listener.cc:84] [event_listener/flush_begin] column family: default, thread_id: 1256044, job_id: 128, reason: 6
I20230630 06:33:00.462570 1256040 event_listener.cc:138] [event_listener/table_file_created] column family: metadata, file path: /nvme/jinghuan/node_40001/db/000252.sst, file size: 138160189, job id: 126, reason: compaction, status: OK
