I20230630 05:05:58.251490 1234359 event_listener.cc:71] [event_listener/compaction_completed] column family: default, compaction reason: 1, output compression type: no, base input level(files): 0(4), output level(files): 0(1), input bytes: 340101429, output bytes:339983325, is_manual_compaction:no, elapsed(micro): 26199876
I20230630 05:05:58.261571 1234359 event_listener.cc:127] [event_listener/table_file_deleted] db: /nvme/jinghuan/node_40001/db, sst file: /nvme/jinghuan/node_40001/db/000089.sst, status: OK
I20230630 05:05:58.268985 1234359 event_listener.cc:127] [event_listener/table_file_deleted] db: /nvme/jinghuan/node_40001/db, sst file: /nvme/jinghuan/node_40001/db/000086.sst, status: OK
I20230630 05:05:58.274577 1234359 event_listener.cc:127] [event_listener/table_file_deleted] db: /nvme/jinghuan/node_40001/db, sst file: /nvme/jinghuan/node_40001/db/000081.sst, status: OK
I20230630 05:05:58.281872 1234359 event_listener.cc:127] [event_listener/table_file_deleted] db: /nvme/jinghuan/node_40001/db, sst file: /nvme/jinghuan/node_40001/db/000078.sst, status: OK
I20230630 05:05:59.227815 1234363 event_listener.cc:138] [event_listener/table_file_created] column family: metadata, file path: /nvme/jinghuan/node_40001/db/000133.sst, file size: 19219146, job id: 63, reason: flush, status: OK
I20230630 05:05:59.242447 1234363 event_listener.cc:91] [event_listener/flush_completed] column family: metadata, thread_id: 1234363, job_id: 63, file: /nvme/jinghuan/node_40001/db/000133.sst, reason: 13, is_write_slowdown: no, is_write_stall: no, largest seqno: 22033021, smallest seqno: 18885449
I20230630 05:05:59.270845 1234363 event_listener.cc:84] [event_listener/flush_begin] column family: default, thread_id: 1234363, job_id: 66, reason: 6
I20230630 05:06:01.031589 1234362 event_listener.cc:138] [event_listener/table_file_created] column family: default, file path: /nvme/jinghuan/node_40001/db/000130.sst, file size: 84936279, job id: 62, reason: flush, status: OK
I20230630 05:06:01.044382 1234362 event_listener.cc:91] [event_listener/flush_completed] column family: default, thread_id: 1234362, job_id: 62, file: /nvme/jinghuan/node_40001/db/000130.sst, reason: 6, is_write_slowdown: no, is_write_stall: no, largest seqno: 21673750, smallest seqno: 20940954
W20230630 05:06:01.044461 1234362 event_listener.cc:132] [event_listener/stall_cond_changed] column family: default write stall condition was changed, from stop to normal
W20230630 05:06:01.044809 1234599 event_listener.cc:132] [event_listener/stall_cond_changed] column family: default write stall condition was changed, from delay to stop
I20230630 05:06:02.333082 1234363 event_listener.cc:138] [event_listener/table_file_created] column family: default, file path: /nvme/jinghuan/node_40001/db/000135.sst, file size: 79705909, job id: 66, reason: flush, status: OK
I20230630 05:06:02.339653 1234363 event_listener.cc:91] [event_listener/flush_completed] column family: default, thread_id: 1234363, job_id: 66, file: /nvme/jinghuan/node_40001/db/000135.sst, reason: 6, is_write_slowdown: no, is_write_stall: no, largest seqno: 22361392, smallest seqno: 21673752
I20230630 05:06:03.862493 1234362 event_listener.cc:84] [event_listener/flush_begin] column family: default, thread_id: 1234362, job_id: 69, reason: 6
W20230630 05:06:05.240362 1234598 event_listener.cc:132] [event_listener/stall_cond_changed] column family: default write stall condition was changed, from normal to delay
I20230630 05:06:06.778621 1234363 event_listener.cc:84] [event_listener/flush_begin] column family: default, thread_id: 1234363, job_id: 70, reason: 6
I20230630 05:06:06.931176 1234362 event_listener.cc:138] [event_listener/table_file_created] column family: default, file path: /nvme/jinghuan/node_40001/db/000139.sst, file size: 76589354, job id: 69, reason: flush, status: OK
I20230630 05:06:06.937510 1234362 event_listener.cc:91] [event_listener/flush_completed] column family: default, thread_id: 1234362, job_id: 69, file: /nvme/jinghuan/node_40001/db/000139.sst, reason: 6, is_write_slowdown: no, is_write_stall: no, largest seqno: 23022118, smallest seqno: 22361394
W20230630 05:06:06.937548 1234362 event_listener.cc:132] [event_listener/stall_cond_changed] column family: default write stall condition was changed, from stop to normal
W20230630 05:06:06.937927 1234598 event_listener.cc:132] [event_listener/stall_cond_changed] column family: default write stall condition was changed, from delay to stop
W20230630 05:06:08.691787 1234596 event_listener.cc:132] [event_listener/stall_cond_changed] column family: default write stall condition was changed, from normal to delay
I20230630 05:06:10.541007 1234363 event_listener.cc:138] [event_listener/table_file_created] column family: default, file path: /nvme/jinghuan/node_40001/db/000142.sst, file size: 79057354, job id: 70, reason: flush, status: OK
I20230630 05:06:10.560343 1234363 event_listener.cc:91] [event_listener/flush_completed] column family: default, thread_id: 1234363, job_id: 70, file: /nvme/jinghuan/node_40001/db/000142.sst, reason: 6, is_write_slowdown: no, is_write_stall: no, largest seqno: 23704151, smallest seqno: 23022120
W20230630 05:06:10.560408 1234363 event_listener.cc:132] [event_listener/stall_cond_changed] column family: default write stall condition was changed, from stop to normal
W20230630 05:06:10.560719 1234598 event_listener.cc:132] [event_listener/stall_cond_changed] column family: default write stall condition was changed, from delay to stop
I20230630 05:06:10.588388 1234362 event_listener.cc:84] [event_listener/flush_begin] column family: default, thread_id: 1234362, job_id: 71, reason: 6
W20230630 05:06:12.410043 1234598 event_listener.cc:132] [event_listener/stall_cond_changed] column family: default write stall condition was changed, from normal to delay
I20230630 05:06:13.645978 1234362 event_listener.cc:138] [event_listener/table_file_created] column family: default, file path: /nvme/jinghuan/node_40001/db/000145.sst, file size: 84804478, job id: 71, reason: flush, status: OK
I20230630 05:06:13.659260 1234362 event_listener.cc:91] [event_listener/flush_completed] column family: default, thread_id: 1234362, job_id: 71, file: /nvme/jinghuan/node_40001/db/000145.sst, reason: 6, is_write_slowdown: no, is_write_stall: no, largest seqno: 24435794, smallest seqno: 23704153
W20230630 05:06:13.659371 1234362 event_listener.cc:132] [event_listener/stall_cond_changed] column family: default write stall condition was changed, from delay to normal
I20230630 05:06:13.943696 1234360 event_listener.cc:138] [event_listener/table_file_created] column family: default, file path: /nvme/jinghuan/node_40001/db/000122.sst, file size: 339888686, job id: 59, reason: compaction, status: OK
I20230630 05:06:13.967332 1234360 event_listener.cc:71] [event_listener/compaction_completed] column family: default, compaction reason: 1, output compression type: no, base input level(files): 0(4), output level(files): 0(1), input bytes: 340014232, output bytes:339888686, is_manual_compaction:no, elapsed(micro): 25599974
I20230630 05:06:13.979336 1234360 event_listener.cc:127] [event_listener/table_file_deleted] db: /nvme/jinghuan/node_40001/db, sst file: /nvme/jinghuan/node_40001/db/000105.sst, status: OK
I20230630 05:06:13.988471 1234360 event_listener.cc:127] [event_listener/table_file_deleted] db: /nvme/jinghuan/node_40001/db, sst file: /nvme/jinghuan/node_40001/db/000102.sst, status: OK
I20230630 05:06:13.997009 1234360 event_listener.cc:127] [event_listener/table_file_deleted] db: /nvme/jinghuan/node_40001/db, sst file: /nvme/jinghuan/node_40001/db/000097.sst, status: OK
I20230630 05:06:14.004164 1234360 event_listener.cc:127] [event_listener/table_file_deleted] db: /nvme/jinghuan/node_40001/db, sst file: /nvme/jinghuan/node_40001/db/000093.sst, status: OK
I20230630 05:06:14.356760 1234363 event_listener.cc:84] [event_listener/flush_begin] column family: default, thread_id: 1234363, job_id: 74, reason: 6
I20230630 05:06:14.377660 1234362 event_listener.cc:84] [event_listener/flush_begin] column family: metadata, thread_id: 1234362, job_id: 75, reason: 13
I20230630 05:06:15.354918 1234362 event_listener.cc:138] [event_listener/table_file_created] column family: metadata, file path: /nvme/jinghuan/node_40001/db/000150.sst, file size: 19244785, job id: 75, reason: flush, status: OK
I20230630 05:06:15.364187 1234362 event_listener.cc:91] [event_listener/flush_completed] column family: metadata, thread_id: 1234362, job_id: 75, file: /nvme/jinghuan/node_40001/db/000150.sst, reason: 13, is_write_slowdown: no, is_write_stall: no, largest seqno: 25181551, smallest seqno: 22033032
W20230630 05:06:16.121793 1234597 event_listener.cc:132] [event_listener/stall_cond_changed] column family: default write stall condition was changed, from normal to delay
I20230630 05:06:17.741760 1234597 cluster.cc:286] MASTER MODE enabled by cluster topology setting
I20230630 05:06:17.750983 1234363 event_listener.cc:138] [event_listener/table_file_created] column family: default, file path: /nvme/jinghuan/node_40001/db/000148.sst, file size: 84994284, job id: 74, reason: flush, status: OK
I20230630 05:06:17.767937 1234363 event_listener.cc:91] [event_listener/flush_completed] column family: default, thread_id: 1234363, job_id: 74, file: /nvme/jinghuan/node_40001/db/000148.sst, reason: 6, is_write_slowdown: no, is_write_stall: no, largest seqno: 25169076, smallest seqno: 24435796
W20230630 05:06:17.768023 1234363 event_listener.cc:132] [event_listener/stall_cond_changed] column family: default write stall condition was changed, from delay to normal
I20230630 05:06:17.872761 1234594 cluster.cc:923] function: Migrate level-migration
I20230630 05:06:17.872789 1234594 slot_migrate_parallel.cc:32] [migrate] Start migrating slots, from slot: 0 to slot: 0. Slots are moving to 127.0.0.1:40002
I20230630 05:06:17.872797 1234594 cluster.cc:935] [cluster migration] Finished slot migration cmds sending, start to set nodes
I20230630 05:06:17.872825 1234589 slot_migrate.cc:165] [migrate] Migrating slot: -1, dst_ip: 127.0.0.1, dst_port: 40002, max_speed: 0, max_pipeline_size: 16
I20230630 05:06:17.873471 1234589 slot_migrate.cc:305] [migrate] Start migrating slot 0, connect destination fd 100
I20230630 05:06:17.873502 1234589 slot_migrate.cc:195] [migrate] Succeed to start migrating slot 0
I20230630 05:06:17.873756 1234589 slot_migrate_level.cc:110] Meta SSTs:[000150.sst,000133.sst,000117.sst,000100.sst,000090.sst]
I20230630 05:06:17.873773 1234589 slot_migrate_level.cc:111] Subkey SSTs:[000148.sst,000145.sst,000142.sst,000139.sst,000135.sst,000130.sst,000127.sst,000124.sst,000122.sst,000107.sst,000095.sst,000076.sst,000061.sst,000045.sst,000043.sst,000032.sst]
I20230630 05:06:17.873787 1234589 slot_migrate_level.cc:112] SST collected, Time taken(us): 38
I20230630 05:06:17.873809 1234589 slot_migrate_level.cc:129] SST waiting for ingestion: /nvme/jinghuan/node_40001/db/000150.sst /nvme/jinghuan/node_40001/db/000133.sst /nvme/jinghuan/node_40001/db/000117.sst /nvme/jinghuan/node_40001/db/000100.sst /nvme/jinghuan/node_40001/db/000090.sst /nvme/jinghuan/node_40001/db/000148.sst /nvme/jinghuan/node_40001/db/000145.sst /nvme/jinghuan/node_40001/db/000142.sst /nvme/jinghuan/node_40001/db/000139.sst /nvme/jinghuan/node_40001/db/000135.sst /nvme/jinghuan/node_40001/db/000130.sst /nvme/jinghuan/node_40001/db/000127.sst /nvme/jinghuan/node_40001/db/000124.sst /nvme/jinghuan/node_40001/db/000122.sst /nvme/jinghuan/node_40001/db/000107.sst /nvme/jinghuan/node_40001/db/000095.sst /nvme/jinghuan/node_40001/db/000076.sst /nvme/jinghuan/node_40001/db/000061.sst /nvme/jinghuan/node_40001/db/000045.sst /nvme/jinghuan/node_40001/db/000043.sst /nvme/jinghuan/node_40001/db/000032.sst
I20230630 05:06:17.873845 1234589 slot_migrate_level.cc:211] redis-cli -h 127.0.0.1 -p 40002 sst_ingest local metadata /nvme/jinghuan/node_40001/db/000150.sst,/nvme/jinghuan/node_40001/db/000133.sst,/nvme/jinghuan/node_40001/db/000117.sst,/nvme/jinghuan/node_40001/db/000100.sst kvrockskvrockskvrockskvrockskvrocksnode2 fast 0
W20230630 05:06:17.886780 1234595 cluster.cc:907] Slot 0 is not valid for migration
W20230630 05:06:17.886821 1234595 cluster.cc:907] Slot 32751 is not valid for migration
E20230630 05:06:17.887118 1234593 main.cc:84] ======= Ooops! kvrocks unstable (commit 4a10c89) got signal: Segmentation fault (11) =======
E20230630 05:06:17.887804 1234593 main.cc:101] /lib/x86_64-linux-gnu/libpthread.so.0(+0x1441f) [0x7ff01d10c41f]
E20230630 05:06:17.888203 1234593 main.cc:99] ../../../incubator-kvrocks/build//kvrocks(+0x2f20b5) [0x55d7165540b5]  rocksdb::lru_cache::LRUHandleTable::FindPointer()
E20230630 05:06:17.888571 1234593 main.cc:99] ../../../incubator-kvrocks/build//kvrocks(+0x2f22a1) [0x55d7165542a1]  rocksdb::lru_cache::LRUHandleTable::Insert()
E20230630 05:06:17.888866 1234593 main.cc:99] ../../../incubator-kvrocks/build//kvrocks(+0x2f3fad) [0x55d716555fad]  rocksdb::lru_cache::LRUCacheShard::InsertItem()
E20230630 05:06:17.889089 1234593 main.cc:99] ../../../incubator-kvrocks/build//kvrocks(+0x2f43c4) [0x55d7165563c4]  rocksdb::lru_cache::LRUCacheShard::Insert()
E20230630 05:06:17.889588 1234593 main.cc:99] ../../../incubator-kvrocks/build//kvrocks(+0x2f5b10) [0x55d716557b10]  rocksdb::lru_cache::LRUCacheShard::Insert()
E20230630 05:06:17.889839 1234593 main.cc:99] ../../../incubator-kvrocks/build//kvrocks(+0x2f6221) [0x55d716558221]  rocksdb::ShardedCache::Insert()
E20230630 05:06:17.890091 1234593 main.cc:99] ../../../incubator-kvrocks/build//kvrocks(+0x561958) [0x55d7167c3958]  rocksdb::BlockBasedTable::NewDataBlockIterator<>()
E20230630 05:06:17.890462 1234593 main.cc:99] ../../../incubator-kvrocks/build//kvrocks(+0x74e051) [0x55d7169b0051]  rocksdb::BlockBasedTableIterator::InitDataBlock()
E20230630 05:06:17.890725 1234593 main.cc:99] ../../../incubator-kvrocks/build//kvrocks(+0x751167) [0x55d7169b3167]  rocksdb::BlockBasedTableIterator::SeekImpl()
E20230630 05:06:17.891363 1234593 main.cc:99] ../../../incubator-kvrocks/build//kvrocks(+0x592b92) [0x55d7167f4b92]  rocksdb::MergingIterator::SeekImpl()
E20230630 05:06:17.891618 1234593 main.cc:99] ../../../incubator-kvrocks/build//kvrocks(+0x59a4e2) [0x55d7167fc4e2]  rocksdb::MergingIterator::Seek()
E20230630 05:06:17.891903 1234593 main.cc:99] ../../../incubator-kvrocks/build//kvrocks(+0x3a6bed) [0x55d716608bed]  rocksdb::DBIter::Seek()
E20230630 05:06:17.892421 1234593 main.cc:99] ../../../incubator-kvrocks/build//kvrocks(+0x27b0f9) [0x55d7164dd0f9]  redis::Hash::GetAll()
E20230630 05:06:17.892704 1234593 main.cc:99] ../../../incubator-kvrocks/build//kvrocks(+0x188179) [0x55d7163ea179]  redis::CommandHGetAll::Execute()
E20230630 05:06:17.893352 1234593 main.cc:99] ../../../incubator-kvrocks/build//kvrocks(+0x20f149) [0x55d716471149]  redis::Connection::ExecuteCommands()
E20230630 05:06:17.893857 1234593 main.cc:99] ../../../incubator-kvrocks/build//kvrocks(+0x20f87f) [0x55d71647187f]  redis::Connection::OnRead()
E20230630 05:06:17.894057 1234593 main.cc:99] ../../../incubator-kvrocks/build//kvrocks(+0x7c3df1) [0x55d716a25df1]  bufferevent_run_deferred_callbacks_unlocked
E20230630 05:06:17.894258 1234593 main.cc:99] ../../../incubator-kvrocks/build//kvrocks(+0x7cb7b1) [0x55d716a2d7b1]  event_process_active_single_queue.isra.0
E20230630 05:06:17.894661 1234593 main.cc:99] ../../../incubator-kvrocks/build//kvrocks(+0x7cbed6) [0x55d716a2ded6]  event_base_loop
E20230630 05:06:17.894987 1234593 main.cc:99] ../../../incubator-kvrocks/build//kvrocks(+0x239f5d) [0x55d71649bf5d]  Worker::Run()
E20230630 05:06:17.895153 1234593 main.cc:99] ../../../incubator-kvrocks/build//kvrocks(+0x9ce233) [0x55d716c30233]  execute_native_thread_routine
E20230630 05:06:17.895365 1234593 main.cc:99] /lib/x86_64-linux-gnu/libpthread.so.0(+0x8608) [0x7ff01d100608]        start_thread
E20230630 05:06:17.895560 1234593 main.cc:99] /lib/x86_64-linux-gnu/libc.so.6(clone+0x42) [0x7ff01ced6132]           clone
