Log file created at: 2023/06/30 06:28:28
Running on machine: en4217754l
Running duration (h:mm:ss): 0:00:00
Log line format: [IWEF]yyyymmdd hh:mm:ss.uuuuuu threadid file:line] msg
I20230630 06:28:28.673003 1256046 main.cc:328] kvrocks unstable (commit 4a10c89)
I20230630 06:28:28.916611 1256046 storage.cc:322] [storage] Success to load the data from disk: 53 ms
I20230630 06:28:28.917083 1256046 worker.cc:72] [worker] Listening on: 10.218.109.65:40002
I20230630 06:28:28.917104 1256046 worker.cc:72] [worker] Listening on: 127.0.0.1:40002
I20230630 06:28:28.917286 1256046 worker.cc:72] [worker] Listening on: 10.218.109.65:40002
I20230630 06:28:28.917304 1256046 worker.cc:72] [worker] Listening on: 127.0.0.1:40002
I20230630 06:28:28.917435 1256046 worker.cc:72] [worker] Listening on: 10.218.109.65:40002
I20230630 06:28:28.917450 1256046 worker.cc:72] [worker] Listening on: 127.0.0.1:40002
I20230630 06:28:28.917575 1256046 worker.cc:72] [worker] Listening on: 10.218.109.65:40002
I20230630 06:28:28.917590 1256046 worker.cc:72] [worker] Listening on: 127.0.0.1:40002
I20230630 06:28:28.917711 1256046 worker.cc:72] [worker] Listening on: 10.218.109.65:40002
I20230630 06:28:28.917726 1256046 worker.cc:72] [worker] Listening on: 127.0.0.1:40002
I20230630 06:28:28.917850 1256046 worker.cc:72] [worker] Listening on: 10.218.109.65:40002
I20230630 06:28:28.917865 1256046 worker.cc:72] [worker] Listening on: 127.0.0.1:40002
I20230630 06:28:28.917981 1256046 worker.cc:72] [worker] Listening on: 10.218.109.65:40002
I20230630 06:28:28.917996 1256046 worker.cc:72] [worker] Listening on: 127.0.0.1:40002
I20230630 06:28:28.918114 1256046 worker.cc:72] [worker] Listening on: 10.218.109.65:40002
I20230630 06:28:28.918129 1256046 worker.cc:72] [worker] Listening on: 127.0.0.1:40002
W20230630 06:28:28.918231 1256046 server.cc:1650] [server] Increased maximum number of open files to 14224 (it's originally set to 1024)
I20230630 06:28:28.918407 1256046 cluster.cc:643] The cluster nodes file /nvme/jinghuan/node_40002/nodes.conf is not found. Use CLUSTERX subcommands to specify it.
I20230630 06:28:28.918424 1256046 cluster.cc:643] The cluster nodes file /nvme/jinghuan/node_40002/nodes.conf is not found. Use CLUSTERX subcommands to specify it.
I20230630 06:28:28.921190 1256046 worker.cc:519] [worker] Thread #139669056489216 started
I20230630 06:28:28.921227 1256046 worker.cc:519] [worker] Thread #139669064881920 started
I20230630 06:28:28.921277 1256046 worker.cc:519] [worker] Thread #139669488338688 started
I20230630 06:28:28.921332 1256046 worker.cc:519] [worker] Thread #139669479945984 started
I20230630 06:28:28.921376 1256046 worker.cc:519] [worker] Thread #139669471553280 started
I20230630 06:28:28.921423 1256046 worker.cc:519] [worker] Thread #139669463160576 started
I20230630 06:28:28.921466 1256046 worker.cc:519] [worker] Thread #139669115238144 started
I20230630 06:28:28.921519 1256046 worker.cc:519] [worker] Thread #139669106845440 started
I20230630 06:28:28.921667 1256046 server.cc:211] [server] Ready to accept connections
I20230630 06:31:03.912187 1256284 cluster.cc:286] MASTER MODE enabled by cluster topology setting
I20230630 06:31:03.916196 1256286 cluster.cc:286] MASTER MODE enabled by cluster topology setting
I20230630 06:31:04.036136 1256282 cluster.cc:387] [import] Start importing slot 0
I20230630 06:31:04.041175 1256287 cmd_cluster.cc:350] Receive Ingest command:/nvme/jinghuan/node_40001/db/000150.sst,/nvme/jinghuan/node_40001/db/000133.sst,/nvme/jinghuan/node_40001/db/000117.sst,/nvme/jinghuan/node_40001/db/000100.sst
I20230630 06:31:04.041250 1256287 cmd_cluster.cc:354] Ingesting files from: local
I20230630 06:31:04.041270 1256287 cmd_cluster.cc:368] Ingesting files: /nvme/jinghuan/node_40001/db/000150.sst,/nvme/jinghuan/node_40001/db/000133.sst,/nvme/jinghuan/node_40001/db/000117.sst,/nvme/jinghuan/node_40001/db/000100.sst
I20230630 06:31:04.190271 1256287 cluster.cc:897] Ingestion completed, Time taken(us): 148971
I20230630 06:31:04.196153 1256286 cmd_cluster.cc:350] Receive Ingest command:/nvme/jinghuan/node_40001/db/000091.sst
I20230630 06:31:04.196187 1256286 cmd_cluster.cc:354] Ingesting files from: local
I20230630 06:31:04.196193 1256286 cmd_cluster.cc:368] Ingesting files: /nvme/jinghuan/node_40001/db/000091.sst
I20230630 06:31:04.305156 1256286 cluster.cc:897] Ingestion completed, Time taken(us): 108949
I20230630 06:31:04.309337 1256283 cmd_cluster.cc:350] Receive Ingest command:/nvme/jinghuan/node_40001/db/000148.sst,/nvme/jinghuan/node_40001/db/000145.sst,/nvme/jinghuan/node_40001/db/000142.sst,/nvme/jinghuan/node_40001/db/000138.sst,/nvme/jinghuan/node_40001/db/000135.sst,/nvme/jinghuan/node_40001/db/000130.sst,/nvme/jinghuan/node_40001/db/000126.sst,/nvme/jinghuan/node_40001/db/000128.sst,/nvme/jinghuan/node_40001/db/000112.sst,/nvme/jinghuan/node_40001/db/000095.sst,/nvme/jinghuan/node_40001/db/000078.sst,/nvme/jinghuan/node_40001/db/000063.sst,/nvme/jinghuan/node_40001/db/000047.sst
I20230630 06:31:04.309401 1256283 cmd_cluster.cc:354] Ingesting files from: local
I20230630 06:31:04.309429 1256283 cmd_cluster.cc:368] Ingesting files: /nvme/jinghuan/node_40001/db/000148.sst,/nvme/jinghuan/node_40001/db/000145.sst,/nvme/jinghuan/node_40001/db/000142.sst,/nvme/jinghuan/node_40001/db/000138.sst,/nvme/jinghuan/node_40001/db/000135.sst,/nvme/jinghuan/node_40001/db/000130.sst,/nvme/jinghuan/node_40001/db/000126.sst,/nvme/jinghuan/node_40001/db/000128.sst,/nvme/jinghuan/node_40001/db/000112.sst,/nvme/jinghuan/node_40001/db/000095.sst,/nvme/jinghuan/node_40001/db/000078.sst,/nvme/jinghuan/node_40001/db/000063.sst,/nvme/jinghuan/node_40001/db/000047.sst
I20230630 06:31:06.899113 1256283 cluster.cc:897] Ingestion completed, Time taken(us): 2589654
I20230630 06:31:06.903331 1256289 cmd_cluster.cc:350] Receive Ingest command:/nvme/jinghuan/node_40001/db/000044.sst
I20230630 06:31:06.903365 1256289 cmd_cluster.cc:354] Ingesting files from: local
I20230630 06:31:06.903373 1256289 cmd_cluster.cc:368] Ingesting files: /nvme/jinghuan/node_40001/db/000044.sst
I20230630 06:31:07.054177 1256289 cluster.cc:897] Ingestion completed, Time taken(us): 150787
I20230630 06:31:07.058075 1256287 cmd_cluster.cc:350] Receive Ingest command:/nvme/jinghuan/node_40001/db/000032.sst
I20230630 06:31:07.058128 1256287 cmd_cluster.cc:354] Ingesting files from: local
I20230630 06:31:07.058145 1256287 cmd_cluster.cc:368] Ingesting files: /nvme/jinghuan/node_40001/db/000032.sst
I20230630 06:31:07.263013 1256287 cluster.cc:897] Ingestion completed, Time taken(us): 204841
I20230630 06:31:07.264391 1256282 cluster.cc:397] [import] Succeed to import slot 0
I20230630 06:31:08.609601 1256053 event_listener.cc:84] [event_listener/flush_begin] column family: default, thread_id: 1256053, job_id: 3, reason: 6
W20230630 06:31:10.587764 1256288 event_listener.cc:132] [event_listener/stall_cond_changed] column family: default write stall condition was changed, from normal to delay
I20230630 06:31:11.661386 1256053 event_listener.cc:138] [event_listener/table_file_created] column family: default, file path: /nvme/jinghuan/node_40002/db/000036.sst, file size: 79009909, job id: 3, reason: flush, status: OK
I20230630 06:31:11.668298 1256053 event_listener.cc:91] [event_listener/flush_completed] column family: default, thread_id: 1256053, job_id: 3, file: /nvme/jinghuan/node_40002/db/000036.sst, reason: 6, is_write_slowdown: no, is_write_stall: no, largest seqno: 681528, smallest seqno: 3
W20230630 06:31:11.668395 1256053 event_listener.cc:132] [event_listener/stall_cond_changed] column family: default write stall condition was changed, from delay to normal
I20230630 06:31:12.758057 1256054 event_listener.cc:84] [event_listener/flush_begin] column family: default, thread_id: 1256054, job_id: 5, reason: 6
W20230630 06:31:14.679623 1256285 event_listener.cc:132] [event_listener/stall_cond_changed] column family: default write stall condition was changed, from normal to delay
I20230630 06:31:16.231551 1256051 event_listener.cc:138] [event_listener/table_file_created] column family: default, file path: /nvme/jinghuan/node_40002/db/000038.sst, file size: 79009905, job id: 4, reason: compaction, status: OK
I20230630 06:31:16.249089 1256051 event_listener.cc:71] [event_listener/compaction_completed] column family: default, compaction reason: 11, output compression type: no, base input level(files): 0(1), output level(files): 0(1), input bytes: 79009909, output bytes:79009905, is_manual_compaction:no, elapsed(micro): 4563062
I20230630 06:31:16.644975 1256053 event_listener.cc:84] [event_listener/flush_begin] column family: default, thread_id: 1256053, job_id: 6, reason: 6
I20230630 06:31:18.237838 1256054 event_listener.cc:138] [event_listener/table_file_created] column family: default, file path: /nvme/jinghuan/node_40002/db/000040.sst, file size: 74013521, job id: 5, reason: flush, status: OK
I20230630 06:31:18.244411 1256054 event_listener.cc:91] [event_listener/flush_completed] column family: default, thread_id: 1256054, job_id: 5, file: /nvme/jinghuan/node_40002/db/000040.sst, reason: 6, is_write_slowdown: no, is_write_stall: no, largest seqno: 1319946, smallest seqno: 681530
I20230630 06:31:18.253212 1256054 event_listener.cc:127] [event_listener/table_file_deleted] db: /nvme/jinghuan/node_40002/db, sst file: /nvme/jinghuan/node_40002/db/000036.sst, status: OK
W20230630 06:31:18.253245 1256054 event_listener.cc:132] [event_listener/stall_cond_changed] column family: default write stall condition was changed, from stop to normal
W20230630 06:31:18.253449 1256285 event_listener.cc:132] [event_listener/stall_cond_changed] column family: default write stall condition was changed, from delay to stop
W20230630 06:31:20.204977 1256289 event_listener.cc:132] [event_listener/stall_cond_changed] column family: default write stall condition was changed, from normal to delay
I20230630 06:31:20.245189 1256053 event_listener.cc:138] [event_listener/table_file_created] column family: default, file path: /nvme/jinghuan/node_40002/db/000043.sst, file size: 74630328, job id: 6, reason: flush, status: OK
I20230630 06:31:20.260779 1256053 event_listener.cc:91] [event_listener/flush_completed] column family: default, thread_id: 1256053, job_id: 6, file: /nvme/jinghuan/node_40002/db/000043.sst, reason: 6, is_write_slowdown: no, is_write_stall: no, largest seqno: 1963677, smallest seqno: 1319948
W20230630 06:31:20.260912 1256053 event_listener.cc:132] [event_listener/stall_cond_changed] column family: default write stall condition was changed, from delay to normal
I20230630 06:31:22.285805 1256054 event_listener.cc:84] [event_listener/flush_begin] column family: default, thread_id: 1256054, job_id: 7, reason: 6
W20230630 06:31:24.259284 1256284 event_listener.cc:132] [event_listener/stall_cond_changed] column family: default write stall condition was changed, from normal to delay
I20230630 06:31:24.822649 1256054 event_listener.cc:138] [event_listener/table_file_created] column family: default, file path: /nvme/jinghuan/node_40002/db/000046.sst, file size: 72637271, job id: 7, reason: flush, status: OK
I20230630 06:31:24.828959 1256054 event_listener.cc:91] [event_listener/flush_completed] column family: default, thread_id: 1256054, job_id: 7, file: /nvme/jinghuan/node_40002/db/000046.sst, reason: 6, is_write_slowdown: no, is_write_stall: no, largest seqno: 2590226, smallest seqno: 1963679
W20230630 06:31:24.829097 1256054 event_listener.cc:132] [event_listener/stall_cond_changed] column family: default write stall condition was changed, from delay to normal
I20230630 06:31:25.700387 1256053 event_listener.cc:84] [event_listener/flush_begin] column family: metadata, thread_id: 1256053, job_id: 9, reason: 13
I20230630 06:31:26.162670 1256054 event_listener.cc:84] [event_listener/flush_begin] column family: default, thread_id: 1256054, job_id: 10, reason: 6
I20230630 06:31:27.621148 1256053 event_listener.cc:138] [event_listener/table_file_created] column family: metadata, file path: /nvme/jinghuan/node_40002/db/000050.sst, file size: 19105263, job id: 9, reason: flush, status: OK
I20230630 06:31:27.629452 1256053 event_listener.cc:91] [event_listener/flush_completed] column family: metadata, thread_id: 1256053, job_id: 9, file: /nvme/jinghuan/node_40002/db/000050.sst, reason: 13, is_write_slowdown: no, is_write_stall: no, largest seqno: 3138423, smallest seqno: 1
W20230630 06:31:28.086251 1256289 event_listener.cc:132] [event_listener/stall_cond_changed] column family: default write stall condition was changed, from normal to delay
I20230630 06:31:29.815289 1256051 event_listener.cc:138] [event_listener/table_file_created] column family: metadata, file path: /nvme/jinghuan/node_40002/db/000054.sst, file size: 19105338, job id: 11, reason: compaction, status: OK
I20230630 06:31:29.822749 1256051 event_listener.cc:71] [event_listener/compaction_completed] column family: metadata, compaction reason: 11, output compression type: no, base input level(files): 0(1), output level(files): 0(1), input bytes: 19105263, output bytes:19105338, is_manual_compaction:no, elapsed(micro): 1729017
I20230630 06:31:30.316699 1256053 event_listener.cc:84] [event_listener/flush_begin] column family: default, thread_id: 1256053, job_id: 12, reason: 6
I20230630 06:31:32.922791 1256054 event_listener.cc:138] [event_listener/table_file_created] column family: default, file path: /nvme/jinghuan/node_40002/db/000052.sst, file size: 73303565, job id: 10, reason: flush, status: OK
I20230630 06:31:32.929159 1256054 event_listener.cc:91] [event_listener/flush_completed] column family: default, thread_id: 1256054, job_id: 10, file: /nvme/jinghuan/node_40002/db/000052.sst, reason: 6, is_write_slowdown: no, is_write_stall: no, largest seqno: 3222539, smallest seqno: 2590228
W20230630 06:31:32.929404 1256054 event_listener.cc:132] [event_listener/stall_cond_changed] column family: default write stall condition was changed, from stop to normal
W20230630 06:31:32.929667 1256286 event_listener.cc:132] [event_listener/stall_cond_changed] column family: default write stall condition was changed, from delay to stop
W20230630 06:31:35.264694 1256285 event_listener.cc:132] [event_listener/stall_cond_changed] column family: default write stall condition was changed, from normal to delay
I20230630 06:31:35.924501 1256053 event_listener.cc:138] [event_listener/table_file_created] column family: default, file path: /nvme/jinghuan/node_40002/db/000056.sst, file size: 77813480, job id: 12, reason: flush, status: OK
I20230630 06:31:35.931077 1256053 event_listener.cc:91] [event_listener/flush_completed] column family: default, thread_id: 1256053, job_id: 12, file: /nvme/jinghuan/node_40002/db/000056.sst, reason: 6, is_write_slowdown: no, is_write_stall: no, largest seqno: 3893770, smallest seqno: 3222541
W20230630 06:31:35.931142 1256053 event_listener.cc:132] [event_listener/stall_cond_changed] column family: default write stall condition was changed, from delay to normal
I20230630 06:31:36.725234 1256052 event_listener.cc:138] [event_listener/table_file_created] column family: default, file path: /nvme/jinghuan/node_40002/db/000048.sst, file size: 138689416, job id: 8, reason: compaction, status: OK
I20230630 06:31:37.421347 1256054 event_listener.cc:84] [event_listener/flush_begin] column family: default, thread_id: 1256054, job_id: 13, reason: 6
W20230630 06:31:39.534152 1256285 event_listener.cc:132] [event_listener/stall_cond_changed] column family: default write stall condition was changed, from normal to delay
I20230630 06:31:41.785550 1256053 event_listener.cc:84] [event_listener/flush_begin] column family: default, thread_id: 1256053, job_id: 14, reason: 6
I20230630 06:31:41.832859 1256054 event_listener.cc:138] [event_listener/table_file_created] column family: default, file path: /nvme/jinghuan/node_40002/db/000060.sst, file size: 77350803, job id: 13, reason: flush, status: OK
I20230630 06:31:41.847057 1256054 event_listener.cc:91] [event_listener/flush_completed] column family: default, thread_id: 1256054, job_id: 13, file: /nvme/jinghuan/node_40002/db/000060.sst, reason: 6, is_write_slowdown: no, is_write_stall: no, largest seqno: 4561019, smallest seqno: 3893772
W20230630 06:31:41.847107 1256054 event_listener.cc:132] [event_listener/stall_cond_changed] column family: default write stall condition was changed, from stop to normal
W20230630 06:31:41.847505 1256285 event_listener.cc:132] [event_listener/stall_cond_changed] column family: default write stall condition was changed, from delay to stop
W20230630 06:31:43.999570 1256288 event_listener.cc:132] [event_listener/stall_cond_changed] column family: default write stall condition was changed, from normal to delay
I20230630 06:31:46.030243 1256053 event_listener.cc:138] [event_listener/table_file_created] column family: default, file path: /nvme/jinghuan/node_40002/db/000063.sst, file size: 74259704, job id: 14, reason: flush, status: OK
I20230630 06:31:46.036396 1256053 event_listener.cc:91] [event_listener/flush_completed] column family: default, thread_id: 1256053, job_id: 14, file: /nvme/jinghuan/node_40002/db/000063.sst, reason: 6, is_write_slowdown: no, is_write_stall: no, largest seqno: 5201549, smallest seqno: 4561021
W20230630 06:31:46.036435 1256053 event_listener.cc:132] [event_listener/stall_cond_changed] column family: default write stall condition was changed, from delay to normal
I20230630 06:31:46.236479 1256054 event_listener.cc:84] [event_listener/flush_begin] column family: default, thread_id: 1256054, job_id: 16, reason: 6
I20230630 06:31:48.229795 1256052 event_listener.cc:138] [event_listener/table_file_created] column family: default, file path: /nvme/jinghuan/node_40002/db/000058.sst, file size: 138779622, job id: 8, reason: compaction, status: OK
W20230630 06:31:48.349998 1256286 event_listener.cc:132] [event_listener/stall_cond_changed] column family: default write stall condition was changed, from normal to delay
I20230630 06:31:49.312338 1256053 event_listener.cc:84] [event_listener/flush_begin] column family: metadata, thread_id: 1256053, job_id: 17, reason: 13
I20230630 06:31:51.228958 1256053 event_listener.cc:138] [event_listener/table_file_created] column family: metadata, file path: /nvme/jinghuan/node_40002/db/000071.sst, file size: 19098789, job id: 17, reason: flush, status: OK
I20230630 06:31:51.244767 1256053 event_listener.cc:91] [event_listener/flush_completed] column family: metadata, thread_id: 1256053, job_id: 17, file: /nvme/jinghuan/node_40002/db/000071.sst, reason: 13, is_write_slowdown: no, is_write_stall: no, largest seqno: 6276943, smallest seqno: 3138434
I20230630 06:31:51.265357 1256053 event_listener.cc:84] [event_listener/flush_begin] column family: default, thread_id: 1256053, job_id: 18, reason: 6
I20230630 06:31:51.529325 1256052 event_listener.cc:138] [event_listener/table_file_created] column family: default, file path: /nvme/jinghuan/node_40002/db/000068.sst, file size: 22683694, job id: 8, reason: compaction, status: OK
I20230630 06:31:51.547098 1256052 event_listener.cc:71] [event_listener/compaction_completed] column family: default, compaction reason: 1, output compression type: no, base input level(files): 0(4), output level(files): 1(3), input bytes: 300291025, output bytes:300152732, is_manual_compaction:no, elapsed(micro): 26700355
I20230630 06:31:51.549345 1256052 event_listener.cc:127] [event_listener/table_file_deleted] db: /nvme/jinghuan/node_40002/db, sst file: /nvme/jinghuan/node_40002/db/000050.sst, status: OK
I20230630 06:31:51.564841 1256052 event_listener.cc:71] [event_listener/compaction_completed] column family: default, compaction reason: 2, output compression type: no, base input level(files): 1(1), output level(files): 2(1), input bytes: 0, output bytes:0, is_manual_compaction:no, elapsed(micro): 0
I20230630 06:31:53.434401 1256054 event_listener.cc:138] [event_listener/table_file_created] column family: default, file path: /nvme/jinghuan/node_40002/db/000067.sst, file size: 72693759, job id: 16, reason: flush, status: OK
I20230630 06:31:53.441130 1256054 event_listener.cc:91] [event_listener/flush_completed] column family: default, thread_id: 1256054, job_id: 16, file: /nvme/jinghuan/node_40002/db/000067.sst, reason: 6, is_write_slowdown: no, is_write_stall: no, largest seqno: 5828582, smallest seqno: 5201551
W20230630 06:31:53.441314 1256054 event_listener.cc:132] [event_listener/stall_cond_changed] column family: default write stall condition was changed, from stop to normal
W20230630 06:31:53.441568 1256289 event_listener.cc:132] [event_listener/stall_cond_changed] column family: default write stall condition was changed, from delay to stop
W20230630 06:31:56.033828 1256286 event_listener.cc:132] [event_listener/stall_cond_changed] column family: default write stall condition was changed, from normal to delay
I20230630 06:31:56.040324 1256053 event_listener.cc:138] [event_listener/table_file_created] column family: default, file path: /nvme/jinghuan/node_40002/db/000073.sst, file size: 74600554, job id: 18, reason: flush, status: OK
I20230630 06:31:56.055557 1256053 event_listener.cc:91] [event_listener/flush_completed] column family: default, thread_id: 1256053, job_id: 18, file: /nvme/jinghuan/node_40002/db/000073.sst, reason: 6, is_write_slowdown: no, is_write_stall: no, largest seqno: 6472049, smallest seqno: 5828584
W20230630 06:31:56.055676 1256053 event_listener.cc:132] [event_listener/stall_cond_changed] column family: default write stall condition was changed, from delay to normal
I20230630 06:31:58.300539 1256054 event_listener.cc:84] [event_listener/flush_begin] column family: default, thread_id: 1256054, job_id: 20, reason: 6
W20230630 06:32:00.511709 1256282 event_listener.cc:132] [event_listener/stall_cond_changed] column family: default write stall condition was changed, from normal to delay
I20230630 06:32:01.842602 1256054 event_listener.cc:138] [event_listener/table_file_created] column family: default, file path: /nvme/jinghuan/node_40002/db/000076.sst, file size: 76511816, job id: 20, reason: flush, status: OK
I20230630 06:32:01.848979 1256054 event_listener.cc:91] [event_listener/flush_completed] column family: default, thread_id: 1256054, job_id: 20, file: /nvme/jinghuan/node_40002/db/000076.sst, reason: 6, is_write_slowdown: no, is_write_stall: no, largest seqno: 7132027, smallest seqno: 6472051
W20230630 06:32:01.849054 1256054 event_listener.cc:132] [event_listener/stall_cond_changed] column family: default write stall condition was changed, from delay to normal
I20230630 06:32:02.817530 1256053 event_listener.cc:84] [event_listener/flush_begin] column family: default, thread_id: 1256053, job_id: 21, reason: 6
W20230630 06:32:05.190510 1256288 event_listener.cc:132] [event_listener/stall_cond_changed] column family: default write stall condition was changed, from normal to delay
I20230630 06:32:06.243624 1256053 event_listener.cc:138] [event_listener/table_file_created] column family: default, file path: /nvme/jinghuan/node_40002/db/000079.sst, file size: 73368095, job id: 21, reason: flush, status: OK
I20230630 06:32:06.250003 1256053 event_listener.cc:91] [event_listener/flush_completed] column family: default, thread_id: 1256053, job_id: 21, file: /nvme/jinghuan/node_40002/db/000079.sst, reason: 6, is_write_slowdown: no, is_write_stall: no, largest seqno: 7764857, smallest seqno: 7132029
W20230630 06:32:06.250144 1256053 event_listener.cc:132] [event_listener/stall_cond_changed] column family: default write stall condition was changed, from delay to normal
I20230630 06:32:07.590549 1256054 event_listener.cc:84] [event_listener/flush_begin] column family: default, thread_id: 1256054, job_id: 23, reason: 6
W20230630 06:32:09.848248 1256285 event_listener.cc:132] [event_listener/stall_cond_changed] column family: default write stall condition was changed, from normal to delay
I20230630 06:32:10.144029 1256051 event_listener.cc:138] [event_listener/table_file_created] column family: default, file path: /nvme/jinghuan/node_40002/db/000065.sst, file size: 302594807, job id: 15, reason: compaction, status: OK
I20230630 06:32:10.168563 1256051 event_listener.cc:71] [event_listener/compaction_completed] column family: default, compaction reason: 1, output compression type: no, base input level(files): 0(4), output level(files): 0(1), input bytes: 302727552, output bytes:302594807, is_manual_compaction:no, elapsed(micro): 24107563
I20230630 06:32:10.176826 1256051 event_listener.cc:127] [event_listener/table_file_deleted] db: /nvme/jinghuan/node_40002/db, sst file: /nvme/jinghuan/node_40002/db/000046.sst, status: OK
I20230630 06:32:10.185667 1256051 event_listener.cc:127] [event_listener/table_file_deleted] db: /nvme/jinghuan/node_40002/db, sst file: /nvme/jinghuan/node_40002/db/000043.sst, status: OK
I20230630 06:32:10.191999 1256051 event_listener.cc:127] [event_listener/table_file_deleted] db: /nvme/jinghuan/node_40002/db, sst file: /nvme/jinghuan/node_40002/db/000040.sst, status: OK
I20230630 06:32:10.199561 1256051 event_listener.cc:127] [event_listener/table_file_deleted] db: /nvme/jinghuan/node_40002/db, sst file: /nvme/jinghuan/node_40002/db/000038.sst, status: OK
I20230630 06:32:12.246407 1256054 event_listener.cc:138] [event_listener/table_file_created] column family: default, file path: /nvme/jinghuan/node_40002/db/000083.sst, file size: 73634077, job id: 23, reason: flush, status: OK
I20230630 06:32:12.252794 1256054 event_listener.cc:91] [event_listener/flush_completed] column family: default, thread_id: 1256054, job_id: 23, file: /nvme/jinghuan/node_40002/db/000083.sst, reason: 6, is_write_slowdown: no, is_write_stall: no, largest seqno: 8399997, smallest seqno: 7764859
W20230630 06:32:12.252851 1256054 event_listener.cc:132] [event_listener/stall_cond_changed] column family: default write stall condition was changed, from stop to normal
W20230630 06:32:12.253049 1256286 event_listener.cc:132] [event_listener/stall_cond_changed] column family: default write stall condition was changed, from delay to stop
I20230630 06:32:12.298727 1256053 event_listener.cc:84] [event_listener/flush_begin] column family: default, thread_id: 1256053, job_id: 25, reason: 6
W20230630 06:32:14.636477 1256286 event_listener.cc:132] [event_listener/stall_cond_changed] column family: default write stall condition was changed, from normal to delay
I20230630 06:32:15.242682 1256054 event_listener.cc:84] [event_listener/flush_begin] column family: metadata, thread_id: 1256054, job_id: 28, reason: 13
I20230630 06:32:15.950489 1256053 event_listener.cc:138] [event_listener/table_file_created] column family: default, file path: /nvme/jinghuan/node_40002/db/000086.sst, file size: 72553250, job id: 25, reason: flush, status: OK
I20230630 06:32:15.956938 1256053 event_listener.cc:91] [event_listener/flush_completed] column family: default, thread_id: 1256053, job_id: 25, file: /nvme/jinghuan/node_40002/db/000086.sst, reason: 6, is_write_slowdown: no, is_write_stall: no, largest seqno: 9025798, smallest seqno: 8399999
W20230630 06:32:15.957000 1256053 event_listener.cc:132] [event_listener/stall_cond_changed] column family: default write stall condition was changed, from delay to normal
I20230630 06:32:16.445696 1256054 event_listener.cc:138] [event_listener/table_file_created] column family: metadata, file path: /nvme/jinghuan/node_40002/db/000089.sst, file size: 19107800, job id: 28, reason: flush, status: OK
I20230630 06:32:16.452020 1256054 event_listener.cc:91] [event_listener/flush_completed] column family: metadata, thread_id: 1256054, job_id: 28, file: /nvme/jinghuan/node_40002/db/000089.sst, reason: 13, is_write_slowdown: no, is_write_stall: no, largest seqno: 9415463, smallest seqno: 6276954
I20230630 06:32:17.092911 1256053 event_listener.cc:84] [event_listener/flush_begin] column family: default, thread_id: 1256053, job_id: 29, reason: 6
W20230630 06:32:19.450223 1256288 event_listener.cc:132] [event_listener/stall_cond_changed] column family: default write stall condition was changed, from normal to delay
I20230630 06:32:20.250408 1256053 event_listener.cc:138] [event_listener/table_file_created] column family: default, file path: /nvme/jinghuan/node_40002/db/000091.sst, file size: 74004754, job id: 29, reason: flush, status: OK
I20230630 06:32:20.256825 1256053 event_listener.cc:91] [event_listener/flush_completed] column family: default, thread_id: 1256053, job_id: 29, file: /nvme/jinghuan/node_40002/db/000091.sst, reason: 6, is_write_slowdown: no, is_write_stall: no, largest seqno: 9664128, smallest seqno: 9025800
W20230630 06:32:20.256887 1256053 event_listener.cc:132] [event_listener/stall_cond_changed] column family: default write stall condition was changed, from delay to normal
I20230630 06:32:21.897864 1256054 event_listener.cc:84] [event_listener/flush_begin] column family: default, thread_id: 1256054, job_id: 33, reason: 6
W20230630 06:32:24.274457 1256286 event_listener.cc:132] [event_listener/stall_cond_changed] column family: default write stall condition was changed, from normal to delay
I20230630 06:32:25.054093 1256054 event_listener.cc:138] [event_listener/table_file_created] column family: default, file path: /nvme/jinghuan/node_40002/db/000094.sst, file size: 74641389, job id: 33, reason: flush, status: OK
I20230630 06:32:25.069411 1256054 event_listener.cc:91] [event_listener/flush_completed] column family: default, thread_id: 1256054, job_id: 33, file: /nvme/jinghuan/node_40002/db/000094.sst, reason: 6, is_write_slowdown: no, is_write_stall: no, largest seqno: 10307969, smallest seqno: 9664130
W20230630 06:32:25.069638 1256054 event_listener.cc:132] [event_listener/stall_cond_changed] column family: default write stall condition was changed, from delay to normal
I20230630 06:32:26.253433 1256052 event_listener.cc:138] [event_listener/table_file_created] column family: default, file path: /nvme/jinghuan/node_40002/db/000081.sst, file size: 297039766, job id: 22, reason: compaction, status: OK
I20230630 06:32:26.271827 1256052 event_listener.cc:71] [event_listener/compaction_completed] column family: default, compaction reason: 1, output compression type: no, base input level(files): 0(4), output level(files): 0(1), input bytes: 297174224, output bytes:297039766, is_manual_compaction:no, elapsed(micro): 20003332
I20230630 06:32:26.280395 1256052 event_listener.cc:127] [event_listener/table_file_deleted] db: /nvme/jinghuan/node_40002/db, sst file: /nvme/jinghuan/node_40002/db/000063.sst, status: OK
I20230630 06:32:26.287117 1256052 event_listener.cc:127] [event_listener/table_file_deleted] db: /nvme/jinghuan/node_40002/db, sst file: /nvme/jinghuan/node_40002/db/000060.sst, status: OK
I20230630 06:32:26.294935 1256052 event_listener.cc:127] [event_listener/table_file_deleted] db: /nvme/jinghuan/node_40002/db, sst file: /nvme/jinghuan/node_40002/db/000056.sst, status: OK
I20230630 06:32:26.300623 1256052 event_listener.cc:127] [event_listener/table_file_deleted] db: /nvme/jinghuan/node_40002/db, sst file: /nvme/jinghuan/node_40002/db/000052.sst, status: OK
I20230630 06:32:26.813833 1256053 event_listener.cc:84] [event_listener/flush_begin] column family: default, thread_id: 1256053, job_id: 36, reason: 6
W20230630 06:32:29.174747 1256286 event_listener.cc:132] [event_listener/stall_cond_changed] column family: default write stall condition was changed, from normal to delay
I20230630 06:32:29.758347 1256053 event_listener.cc:138] [event_listener/table_file_created] column family: default, file path: /nvme/jinghuan/node_40002/db/000098.sst, file size: 74010310, job id: 36, reason: flush, status: OK
I20230630 06:32:29.764905 1256053 event_listener.cc:91] [event_listener/flush_completed] column family: default, thread_id: 1256053, job_id: 36, file: /nvme/jinghuan/node_40002/db/000098.sst, reason: 6, is_write_slowdown: no, is_write_stall: no, largest seqno: 10946354, smallest seqno: 10307971
W20230630 06:32:29.764961 1256053 event_listener.cc:132] [event_listener/stall_cond_changed] column family: default write stall condition was changed, from delay to normal
I20230630 06:32:31.657276 1256054 event_listener.cc:84] [event_listener/flush_begin] column family: default, thread_id: 1256054, job_id: 38, reason: 6
W20230630 06:32:34.207741 1256284 event_listener.cc:132] [event_listener/stall_cond_changed] column family: default write stall condition was changed, from normal to delay
I20230630 06:32:34.469545 1256054 event_listener.cc:138] [event_listener/table_file_created] column family: default, file path: /nvme/jinghuan/node_40002/db/000101.sst, file size: 73865880, job id: 38, reason: flush, status: OK
I20230630 06:32:34.476073 1256054 event_listener.cc:91] [event_listener/flush_completed] column family: default, thread_id: 1256054, job_id: 38, file: /nvme/jinghuan/node_40002/db/000101.sst, reason: 6, is_write_slowdown: no, is_write_stall: no, largest seqno: 11583507, smallest seqno: 10946356
W20230630 06:32:34.476153 1256054 event_listener.cc:132] [event_listener/stall_cond_changed] column family: default write stall condition was changed, from delay to normal
I20230630 06:32:36.859476 1256053 event_listener.cc:84] [event_listener/flush_begin] column family: default, thread_id: 1256053, job_id: 42, reason: 6
W20230630 06:32:39.438347 1256285 event_listener.cc:132] [event_listener/stall_cond_changed] column family: default write stall condition was changed, from normal to delay
I20230630 06:32:39.446204 1256054 event_listener.cc:84] [event_listener/flush_begin] column family: metadata, thread_id: 1256054, job_id: 43, reason: 13
I20230630 06:32:39.462262 1256051 event_listener.cc:138] [event_listener/table_file_created] column family: default, file path: /nvme/jinghuan/node_40002/db/000096.sst, file size: 294699389, job id: 35, reason: compaction, status: OK
I20230630 06:32:39.481549 1256051 event_listener.cc:71] [event_listener/compaction_completed] column family: default, compaction reason: 1, output compression type: no, base input level(files): 0(4), output level(files): 0(1), input bytes: 294833470, output bytes:294699389, is_manual_compaction:no, elapsed(micro): 14392721
I20230630 06:32:39.491472 1256051 event_listener.cc:127] [event_listener/table_file_deleted] db: /nvme/jinghuan/node_40002/db, sst file: /nvme/jinghuan/node_40002/db/000079.sst, status: OK
I20230630 06:32:39.498632 1256051 event_listener.cc:127] [event_listener/table_file_deleted] db: /nvme/jinghuan/node_40002/db, sst file: /nvme/jinghuan/node_40002/db/000076.sst, status: OK
I20230630 06:32:39.505501 1256051 event_listener.cc:127] [event_listener/table_file_deleted] db: /nvme/jinghuan/node_40002/db, sst file: /nvme/jinghuan/node_40002/db/000073.sst, status: OK
I20230630 06:32:39.511868 1256051 event_listener.cc:127] [event_listener/table_file_deleted] db: /nvme/jinghuan/node_40002/db, sst file: /nvme/jinghuan/node_40002/db/000067.sst, status: OK
I20230630 06:32:40.471529 1256053 event_listener.cc:138] [event_listener/table_file_created] column family: default, file path: /nvme/jinghuan/node_40002/db/000104.sst, file size: 75283919, job id: 42, reason: flush, status: OK
I20230630 06:32:40.484233 1256053 event_listener.cc:91] [event_listener/flush_completed] column family: default, thread_id: 1256053, job_id: 42, file: /nvme/jinghuan/node_40002/db/000104.sst, reason: 6, is_write_slowdown: no, is_write_stall: no, largest seqno: 12232870, smallest seqno: 11583509
I20230630 06:32:40.494336 1256053 event_listener.cc:127] [event_listener/table_file_deleted] db: /nvme/jinghuan/node_40002/db, sst file: /nvme/jinghuan/node_40002/db/000094.sst, status: OK
I20230630 06:32:40.502987 1256053 event_listener.cc:127] [event_listener/table_file_deleted] db: /nvme/jinghuan/node_40002/db, sst file: /nvme/jinghuan/node_40002/db/000091.sst, status: OK
I20230630 06:32:40.509891 1256053 event_listener.cc:127] [event_listener/table_file_deleted] db: /nvme/jinghuan/node_40002/db, sst file: /nvme/jinghuan/node_40002/db/000086.sst, status: OK
I20230630 06:32:40.516690 1256053 event_listener.cc:127] [event_listener/table_file_deleted] db: /nvme/jinghuan/node_40002/db, sst file: /nvme/jinghuan/node_40002/db/000083.sst, status: OK
W20230630 06:32:40.516719 1256053 event_listener.cc:132] [event_listener/stall_cond_changed] column family: default write stall condition was changed, from delay to normal
I20230630 06:32:40.671751 1256054 event_listener.cc:138] [event_listener/table_file_created] column family: metadata, file path: /nvme/jinghuan/node_40002/db/000107.sst, file size: 19102573, job id: 43, reason: flush, status: OK
I20230630 06:32:40.678515 1256054 event_listener.cc:91] [event_listener/flush_completed] column family: metadata, thread_id: 1256054, job_id: 43, file: /nvme/jinghuan/node_40002/db/000107.sst, reason: 13, is_write_slowdown: no, is_write_stall: no, largest seqno: 12553939, smallest seqno: 9415474
I20230630 06:32:40.706207 1256053 event_listener.cc:84] [event_listener/flush_begin] column family: default, thread_id: 1256053, job_id: 46, reason: 13
I20230630 06:32:42.773856 1256053 event_listener.cc:138] [event_listener/table_file_created] column family: default, file path: /nvme/jinghuan/node_40002/db/000110.sst, file size: 56583639, job id: 46, reason: flush, status: OK
I20230630 06:32:42.781046 1256053 event_listener.cc:91] [event_listener/flush_completed] column family: default, thread_id: 1256053, job_id: 46, file: /nvme/jinghuan/node_40002/db/000110.sst, reason: 13, is_write_slowdown: no, is_write_stall: no, largest seqno: 12720896, smallest seqno: 12232872
I20230630 06:32:45.371717 1256052 event_listener.cc:138] [event_listener/table_file_created] column family: default, file path: /nvme/jinghuan/node_40002/db/000108.sst, file size: 138665138, job id: 45, reason: compaction, status: OK
I20230630 06:32:45.466892 1256054 event_listener.cc:84] [event_listener/flush_begin] column family: default, thread_id: 1256054, job_id: 47, reason: 6
W20230630 06:32:47.386652 1256288 event_listener.cc:132] [event_listener/stall_cond_changed] column family: default write stall condition was changed, from normal to delay
I20230630 06:32:48.370721 1256054 event_listener.cc:138] [event_listener/table_file_created] column family: default, file path: /nvme/jinghuan/node_40002/db/000114.sst, file size: 72503077, job id: 47, reason: flush, status: OK
I20230630 06:32:48.384308 1256054 event_listener.cc:91] [event_listener/flush_completed] column family: default, thread_id: 1256054, job_id: 47, file: /nvme/jinghuan/node_40002/db/000114.sst, reason: 6, is_write_slowdown: no, is_write_stall: no, largest seqno: 13346279, smallest seqno: 12720898
W20230630 06:32:48.384388 1256054 event_listener.cc:132] [event_listener/stall_cond_changed] column family: default write stall condition was changed, from delay to normal
I20230630 06:32:49.496985 1256053 event_listener.cc:84] [event_listener/flush_begin] column family: default, thread_id: 1256053, job_id: 49, reason: 6
W20230630 06:32:51.661545 1256288 event_listener.cc:132] [event_listener/stall_cond_changed] column family: default write stall condition was changed, from normal to delay
I20230630 06:32:53.271415 1256053 event_listener.cc:138] [event_listener/table_file_created] column family: default, file path: /nvme/jinghuan/node_40002/db/000118.sst, file size: 74179728, job id: 49, reason: flush, status: OK
I20230630 06:32:53.277657 1256053 event_listener.cc:91] [event_listener/flush_completed] column family: default, thread_id: 1256053, job_id: 49, file: /nvme/jinghuan/node_40002/db/000118.sst, reason: 6, is_write_slowdown: no, is_write_stall: no, largest seqno: 13986127, smallest seqno: 13346281
W20230630 06:32:53.277714 1256053 event_listener.cc:132] [event_listener/stall_cond_changed] column family: default write stall condition was changed, from delay to normal
I20230630 06:32:53.584224 1256051 event_listener.cc:138] [event_listener/table_file_created] column family: metadata, file path: /nvme/jinghuan/node_40002/db/000116.sst, file size: 75815178, job id: 48, reason: compaction, status: OK
I20230630 06:32:53.595722 1256051 event_listener.cc:71] [event_listener/compaction_completed] column family: metadata, compaction reason: 1, output compression type: no, base input level(files): 0(4), output level(files): 1(1), input bytes: 76414500, output bytes:75815178, is_manual_compaction:no, elapsed(micro): 6197623
I20230630 06:32:53.597936 1256051 event_listener.cc:127] [event_listener/table_file_deleted] db: /nvme/jinghuan/node_40002/db, sst file: /nvme/jinghuan/node_40002/db/000107.sst, status: OK
I20230630 06:32:53.600023 1256051 event_listener.cc:127] [event_listener/table_file_deleted] db: /nvme/jinghuan/node_40002/db, sst file: /nvme/jinghuan/node_40002/db/000089.sst, status: OK
I20230630 06:32:53.602142 1256051 event_listener.cc:127] [event_listener/table_file_deleted] db: /nvme/jinghuan/node_40002/db, sst file: /nvme/jinghuan/node_40002/db/000071.sst, status: OK
I20230630 06:32:53.604605 1256051 event_listener.cc:127] [event_listener/table_file_deleted] db: /nvme/jinghuan/node_40002/db, sst file: /nvme/jinghuan/node_40002/db/000054.sst, status: OK
I20230630 06:32:53.865978 1256054 event_listener.cc:84] [event_listener/flush_begin] column family: default, thread_id: 1256054, job_id: 51, reason: 6
W20230630 06:32:55.976389 1256287 event_listener.cc:132] [event_listener/stall_cond_changed] column family: default write stall condition was changed, from normal to delay
I20230630 06:32:56.180766 1256052 event_listener.cc:138] [event_listener/table_file_created] column family: default, file path: /nvme/jinghuan/node_40002/db/000112.sst, file size: 138701530, job id: 45, reason: compaction, status: OK
I20230630 06:32:57.983575 1256054 event_listener.cc:138] [event_listener/table_file_created] column family: default, file path: /nvme/jinghuan/node_40002/db/000122.sst, file size: 77470863, job id: 51, reason: flush, status: OK
I20230630 06:32:57.992336 1256054 event_listener.cc:91] [event_listener/flush_completed] column family: default, thread_id: 1256054, job_id: 51, file: /nvme/jinghuan/node_40002/db/000122.sst, reason: 6, is_write_slowdown: no, is_write_stall: no, largest seqno: 14654377, smallest seqno: 13986129
W20230630 06:32:57.992427 1256054 event_listener.cc:132] [event_listener/stall_cond_changed] column family: default write stall condition was changed, from delay to normal
I20230630 06:32:58.219403 1256053 event_listener.cc:84] [event_listener/flush_begin] column family: default, thread_id: 1256053, job_id: 52, reason: 6
W20230630 06:33:00.322997 1256287 event_listener.cc:132] [event_listener/stall_cond_changed] column family: default write stall condition was changed, from normal to delay
I20230630 06:33:00.931566 1256054 event_listener.cc:84] [event_listener/flush_begin] column family: metadata, thread_id: 1256054, job_id: 53, reason: 13
I20230630 06:33:02.483752 1256053 event_listener.cc:138] [event_listener/table_file_created] column family: default, file path: /nvme/jinghuan/node_40002/db/000126.sst, file size: 74035807, job id: 52, reason: flush, status: OK
I20230630 06:33:02.496582 1256053 event_listener.cc:91] [event_listener/flush_completed] column family: default, thread_id: 1256053, job_id: 52, file: /nvme/jinghuan/node_40002/db/000126.sst, reason: 6, is_write_slowdown: no, is_write_stall: no, largest seqno: 15292960, smallest seqno: 14654379
W20230630 06:33:02.496670 1256053 event_listener.cc:132] [event_listener/stall_cond_changed] column family: default write stall condition was changed, from stop to normal
W20230630 06:33:02.496928 1256285 event_listener.cc:132] [event_listener/stall_cond_changed] column family: default write stall condition was changed, from delay to stop
I20230630 06:33:02.527688 1256053 event_listener.cc:84] [event_listener/flush_begin] column family: default, thread_id: 1256053, job_id: 54, reason: 6
I20230630 06:33:02.679334 1256054 event_listener.cc:138] [event_listener/table_file_created] column family: metadata, file path: /nvme/jinghuan/node_40002/db/000129.sst, file size: 19112654, job id: 53, reason: flush, status: OK
I20230630 06:33:02.691421 1256054 event_listener.cc:91] [event_listener/flush_completed] column family: metadata, thread_id: 1256054, job_id: 53, file: /nvme/jinghuan/node_40002/db/000129.sst, reason: 13, is_write_slowdown: no, is_write_stall: no, largest seqno: 15692448, smallest seqno: 12553950
W20230630 06:33:04.692992 1256286 event_listener.cc:132] [event_listener/stall_cond_changed] column family: default write stall condition was changed, from normal to delay
I20230630 06:33:05.986850 1256053 event_listener.cc:138] [event_listener/table_file_created] column family: default, file path: /nvme/jinghuan/node_40002/db/000131.sst, file size: 73171013, job id: 54, reason: flush, status: OK
I20230630 06:33:05.995788 1256053 event_listener.cc:91] [event_listener/flush_completed] column family: default, thread_id: 1256053, job_id: 54, file: /nvme/jinghuan/node_40002/db/000131.sst, reason: 6, is_write_slowdown: no, is_write_stall: no, largest seqno: 15924096, smallest seqno: 15292962
W20230630 06:33:05.995916 1256053 event_listener.cc:132] [event_listener/stall_cond_changed] column family: default write stall condition was changed, from delay to normal
I20230630 06:33:06.911721 1256054 event_listener.cc:84] [event_listener/flush_begin] column family: default, thread_id: 1256054, job_id: 55, reason: 6
I20230630 06:33:08.184684 1256052 event_listener.cc:138] [event_listener/table_file_created] column family: default, file path: /nvme/jinghuan/node_40002/db/000124.sst, file size: 138701901, job id: 45, reason: compaction, status: OK
W20230630 06:33:09.179070 1256282 event_listener.cc:132] [event_listener/stall_cond_changed] column family: default write stall condition was changed, from normal to delay
I20230630 06:33:10.387039 1256054 event_listener.cc:138] [event_listener/table_file_created] column family: default, file path: /nvme/jinghuan/node_40002/db/000134.sst, file size: 72565587, job id: 55, reason: flush, status: OK
I20230630 06:33:10.396203 1256054 event_listener.cc:91] [event_listener/flush_completed] column family: default, thread_id: 1256054, job_id: 55, file: /nvme/jinghuan/node_40002/db/000134.sst, reason: 6, is_write_slowdown: no, is_write_stall: no, largest seqno: 16550018, smallest seqno: 15924098
W20230630 06:33:10.396250 1256054 event_listener.cc:132] [event_listener/stall_cond_changed] column family: default write stall condition was changed, from delay to normal
I20230630 06:33:11.711024 1256053 event_listener.cc:84] [event_listener/flush_begin] column family: default, thread_id: 1256053, job_id: 56, reason: 6
W20230630 06:33:13.766336 1256286 event_listener.cc:132] [event_listener/stall_cond_changed] column family: default write stall condition was changed, from normal to delay
I20230630 06:33:15.595975 1256053 event_listener.cc:138] [event_listener/table_file_created] column family: default, file path: /nvme/jinghuan/node_40002/db/000138.sst, file size: 78982117, job id: 56, reason: flush, status: OK
I20230630 06:33:15.600066 1256051 event_listener.cc:138] [event_listener/table_file_created] column family: default, file path: /nvme/jinghuan/node_40002/db/000120.sst, file size: 278413621, job id: 50, reason: compaction, status: OK
I20230630 06:33:15.617533 1256053 event_listener.cc:91] [event_listener/flush_completed] column family: default, thread_id: 1256053, job_id: 56, file: /nvme/jinghuan/node_40002/db/000138.sst, reason: 6, is_write_slowdown: no, is_write_stall: no, largest seqno: 17231314, smallest seqno: 16550020
W20230630 06:33:15.617707 1256053 event_listener.cc:132] [event_listener/stall_cond_changed] column family: default write stall condition was changed, from delay to normal
I20230630 06:33:15.629146 1256051 event_listener.cc:71] [event_listener/compaction_completed] column family: default, compaction reason: 1, output compression type: no, base input level(files): 0(4), output level(files): 0(1), input bytes: 278550363, output bytes:278413621, is_manual_compaction:no, elapsed(micro): 21995444
I20230630 06:33:15.639286 1256051 event_listener.cc:127] [event_listener/table_file_deleted] db: /nvme/jinghuan/node_40002/db, sst file: /nvme/jinghuan/node_40002/db/000104.sst, status: OK
I20230630 06:33:16.187090 1256054 event_listener.cc:84] [event_listener/flush_begin] column family: default, thread_id: 1256054, job_id: 58, reason: 6
W20230630 06:33:18.352797 1256286 event_listener.cc:132] [event_listener/stall_cond_changed] column family: default write stall condition was changed, from normal to delay
I20230630 06:33:18.390480 1256052 event_listener.cc:138] [event_listener/table_file_created] column family: default, file path: /nvme/jinghuan/node_40002/db/000135.sst, file size: 138700291, job id: 45, reason: compaction, status: OK
I20230630 06:33:19.595378 1256054 event_listener.cc:138] [event_listener/table_file_created] column family: default, file path: /nvme/jinghuan/node_40002/db/000142.sst, file size: 73679729, job id: 58, reason: flush, status: OK
I20230630 06:33:19.606158 1256054 event_listener.cc:91] [event_listener/flush_completed] column family: default, thread_id: 1256054, job_id: 58, file: /nvme/jinghuan/node_40002/db/000142.sst, reason: 6, is_write_slowdown: no, is_write_stall: no, largest seqno: 17866850, smallest seqno: 17231316
W20230630 06:33:19.606256 1256054 event_listener.cc:132] [event_listener/stall_cond_changed] column family: default write stall condition was changed, from delay to normal
I20230630 06:33:20.953397 1256053 event_listener.cc:84] [event_listener/flush_begin] column family: default, thread_id: 1256053, job_id: 59, reason: 6
