Log file created at: 2023/06/30 05:03:40
Running on machine: en4217754l
Running duration (h:mm:ss): 0:00:00
Log line format: [IWEF]yyyymmdd hh:mm:ss.uuuuuu threadid file:line] msg
I20230630 05:03:40.926304 1234366 main.cc:328] kvrocks unstable (commit 4a10c89)
I20230630 05:03:41.246448 1234366 storage.cc:322] [storage] Success to load the data from disk: 73 ms
I20230630 05:03:41.246829 1234366 worker.cc:72] [worker] Listening on: 10.218.109.65:40002
I20230630 05:03:41.246847 1234366 worker.cc:72] [worker] Listening on: 127.0.0.1:40002
I20230630 05:03:41.246994 1234366 worker.cc:72] [worker] Listening on: 10.218.109.65:40002
I20230630 05:03:41.247009 1234366 worker.cc:72] [worker] Listening on: 127.0.0.1:40002
I20230630 05:03:41.247112 1234366 worker.cc:72] [worker] Listening on: 10.218.109.65:40002
I20230630 05:03:41.247123 1234366 worker.cc:72] [worker] Listening on: 127.0.0.1:40002
I20230630 05:03:41.247220 1234366 worker.cc:72] [worker] Listening on: 10.218.109.65:40002
I20230630 05:03:41.247232 1234366 worker.cc:72] [worker] Listening on: 127.0.0.1:40002
I20230630 05:03:41.247328 1234366 worker.cc:72] [worker] Listening on: 10.218.109.65:40002
I20230630 05:03:41.247340 1234366 worker.cc:72] [worker] Listening on: 127.0.0.1:40002
I20230630 05:03:41.247440 1234366 worker.cc:72] [worker] Listening on: 10.218.109.65:40002
I20230630 05:03:41.247459 1234366 worker.cc:72] [worker] Listening on: 127.0.0.1:40002
I20230630 05:03:41.247560 1234366 worker.cc:72] [worker] Listening on: 10.218.109.65:40002
I20230630 05:03:41.247570 1234366 worker.cc:72] [worker] Listening on: 127.0.0.1:40002
I20230630 05:03:41.247663 1234366 worker.cc:72] [worker] Listening on: 10.218.109.65:40002
I20230630 05:03:41.247674 1234366 worker.cc:72] [worker] Listening on: 127.0.0.1:40002
W20230630 05:03:41.247750 1234366 server.cc:1650] [server] Increased maximum number of open files to 14224 (it's originally set to 1024)
I20230630 05:03:41.247889 1234366 cluster.cc:643] The cluster nodes file /nvme/jinghuan/node_40002/nodes.conf is not found. Use CLUSTERX subcommands to specify it.
I20230630 05:03:41.247900 1234366 cluster.cc:643] The cluster nodes file /nvme/jinghuan/node_40002/nodes.conf is not found. Use CLUSTERX subcommands to specify it.
I20230630 05:03:41.250020 1234366 worker.cc:519] [worker] Thread #140600653379328 started
I20230630 05:03:41.250049 1234366 worker.cc:519] [worker] Thread #140600871134976 started
I20230630 05:03:41.250094 1234366 worker.cc:519] [worker] Thread #140600972138240 started
I20230630 05:03:41.250134 1234366 worker.cc:519] [worker] Thread #140600963745536 started
I20230630 05:03:41.250171 1234366 worker.cc:519] [worker] Thread #140600955352832 started
I20230630 05:03:41.250209 1234366 worker.cc:519] [worker] Thread #140600946960128 started
I20230630 05:03:41.250247 1234366 worker.cc:519] [worker] Thread #140600938567424 started
I20230630 05:03:41.250284 1234366 worker.cc:519] [worker] Thread #140600921491200 started
I20230630 05:03:41.250414 1234366 server.cc:211] [server] Ready to accept connections
I20230630 05:06:17.755848 1234609 cluster.cc:286] MASTER MODE enabled by cluster topology setting
I20230630 05:06:17.759048 1234602 cluster.cc:286] MASTER MODE enabled by cluster topology setting
I20230630 05:06:17.873335 1234609 cluster.cc:387] [import] Start importing slot 0
I20230630 05:06:17.878471 1234602 cmd_cluster.cc:350] Receive Ingest command:/nvme/jinghuan/node_40001/db/000150.sst,/nvme/jinghuan/node_40001/db/000133.sst,/nvme/jinghuan/node_40001/db/000117.sst,/nvme/jinghuan/node_40001/db/000100.sst
I20230630 05:06:17.878512 1234602 cmd_cluster.cc:354] Ingesting files from: local
I20230630 05:06:17.878535 1234602 cmd_cluster.cc:368] Ingesting files: /nvme/jinghuan/node_40001/db/000150.sst,/nvme/jinghuan/node_40001/db/000133.sst,/nvme/jinghuan/node_40001/db/000117.sst,/nvme/jinghuan/node_40001/db/000100.sst
I20230630 05:06:18.021937 1234602 cluster.cc:897] Ingestion completed, Time taken(us): 143369
I20230630 05:06:30.703197 1234373 event_listener.cc:84] [event_listener/flush_begin] column family: default, thread_id: 1234373, job_id: 3, reason: 6
I20230630 05:06:33.740667 1234373 event_listener.cc:138] [event_listener/table_file_created] column family: default, file path: /nvme/jinghuan/node_40002/db/000020.sst, file size: 79302015, job id: 3, reason: flush, status: OK
I20230630 05:06:33.754199 1234373 event_listener.cc:91] [event_listener/flush_completed] column family: default, thread_id: 1234373, job_id: 3, file: /nvme/jinghuan/node_40002/db/000020.sst, reason: 6, is_write_slowdown: no, is_write_stall: no, largest seqno: 684047, smallest seqno: 3
I20230630 05:06:36.741305 1234371 event_listener.cc:138] [event_listener/table_file_created] column family: default, file path: /nvme/jinghuan/node_40002/db/000021.sst, file size: 79302011, job id: 4, reason: compaction, status: OK
I20230630 05:06:36.763330 1234371 event_listener.cc:71] [event_listener/compaction_completed] column family: default, compaction reason: 11, output compression type: no, base input level(files): 0(1), output level(files): 0(1), input bytes: 79302015, output bytes:79302011, is_manual_compaction:no, elapsed(micro): 2987246
I20230630 05:06:36.774410 1234371 event_listener.cc:127] [event_listener/table_file_deleted] db: /nvme/jinghuan/node_40002/db, sst file: /nvme/jinghuan/node_40002/db/000020.sst, status: OK
I20230630 05:06:37.928531 1234374 event_listener.cc:84] [event_listener/flush_begin] column family: default, thread_id: 1234374, job_id: 5, reason: 6
I20230630 05:06:40.659715 1234374 event_listener.cc:138] [event_listener/table_file_created] column family: default, file path: /nvme/jinghuan/node_40002/db/000024.sst, file size: 73524590, job id: 5, reason: flush, status: OK
I20230630 05:06:40.667642 1234374 event_listener.cc:91] [event_listener/flush_completed] column family: default, thread_id: 1234374, job_id: 5, file: /nvme/jinghuan/node_40002/db/000024.sst, reason: 6, is_write_slowdown: no, is_write_stall: no, largest seqno: 1318241, smallest seqno: 684049
I20230630 05:06:45.176288 1234373 event_listener.cc:84] [event_listener/flush_begin] column family: default, thread_id: 1234373, job_id: 6, reason: 6
I20230630 05:06:48.019917 1234373 event_listener.cc:138] [event_listener/table_file_created] column family: default, file path: /nvme/jinghuan/node_40002/db/000027.sst, file size: 74699314, job id: 6, reason: flush, status: OK
I20230630 05:06:48.030753 1234373 event_listener.cc:91] [event_listener/flush_completed] column family: default, thread_id: 1234373, job_id: 6, file: /nvme/jinghuan/node_40002/db/000027.sst, reason: 6, is_write_slowdown: no, is_write_stall: no, largest seqno: 1962566, smallest seqno: 1318243
I20230630 05:06:52.234812 1234374 event_listener.cc:84] [event_listener/flush_begin] column family: default, thread_id: 1234374, job_id: 7, reason: 6
I20230630 05:06:54.876847 1234374 event_listener.cc:138] [event_listener/table_file_created] column family: default, file path: /nvme/jinghuan/node_40002/db/000030.sst, file size: 72903992, job id: 7, reason: flush, status: OK
I20230630 05:06:54.884728 1234374 event_listener.cc:91] [event_listener/flush_completed] column family: default, thread_id: 1234374, job_id: 7, file: /nvme/jinghuan/node_40002/db/000030.sst, reason: 6, is_write_slowdown: no, is_write_stall: no, largest seqno: 2591425, smallest seqno: 1962568
I20230630 05:06:58.327997 1234373 event_listener.cc:84] [event_listener/flush_begin] column family: metadata, thread_id: 1234373, job_id: 9, reason: 13
I20230630 05:06:59.268627 1234374 event_listener.cc:84] [event_listener/flush_begin] column family: default, thread_id: 1234374, job_id: 10, reason: 6
I20230630 05:06:59.672268 1234373 event_listener.cc:138] [event_listener/table_file_created] column family: metadata, file path: /nvme/jinghuan/node_40002/db/000034.sst, file size: 19104727, job id: 9, reason: flush, status: OK
I20230630 05:06:59.681488 1234373 event_listener.cc:91] [event_listener/flush_completed] column family: metadata, thread_id: 1234373, job_id: 9, file: /nvme/jinghuan/node_40002/db/000034.sst, reason: 13, is_write_slowdown: no, is_write_stall: no, largest seqno: 3138379, smallest seqno: 1
I20230630 05:07:02.783077 1234372 event_listener.cc:138] [event_listener/table_file_created] column family: default, file path: /nvme/jinghuan/node_40002/db/000031.sst, file size: 138689303, job id: 8, reason: compaction, status: OK
W20230630 05:07:02.997252 1234606 event_listener.cc:132] [event_listener/stall_cond_changed] column family: default write stall condition was changed, from normal to delay
I20230630 05:07:04.880959 1234371 event_listener.cc:138] [event_listener/table_file_created] column family: metadata, file path: /nvme/jinghuan/node_40002/db/000039.sst, file size: 19104800, job id: 11, reason: compaction, status: OK
I20230630 05:07:04.890990 1234371 event_listener.cc:71] [event_listener/compaction_completed] column family: metadata, compaction reason: 11, output compression type: no, base input level(files): 0(1), output level(files): 0(1), input bytes: 19104727, output bytes:19104800, is_manual_compaction:no, elapsed(micro): 1883753
I20230630 05:07:04.979667 1234374 event_listener.cc:138] [event_listener/table_file_created] column family: default, file path: /nvme/jinghuan/node_40002/db/000036.sst, file size: 73437586, job id: 10, reason: flush, status: OK
I20230630 05:07:04.992198 1234374 event_listener.cc:91] [event_listener/flush_completed] column family: default, thread_id: 1234374, job_id: 10, file: /nvme/jinghuan/node_40002/db/000036.sst, reason: 6, is_write_slowdown: no, is_write_stall: no, largest seqno: 3224893, smallest seqno: 2591427
W20230630 05:07:04.992341 1234374 event_listener.cc:132] [event_listener/stall_cond_changed] column family: default write stall condition was changed, from delay to normal
I20230630 05:07:06.623383 1234373 event_listener.cc:84] [event_listener/flush_begin] column family: default, thread_id: 1234373, job_id: 12, reason: 6
W20230630 05:07:10.236299 1234607 event_listener.cc:132] [event_listener/stall_cond_changed] column family: default write stall condition was changed, from normal to delay
I20230630 05:07:11.581830 1234373 event_listener.cc:138] [event_listener/table_file_created] column family: default, file path: /nvme/jinghuan/node_40002/db/000041.sst, file size: 76752322, job id: 12, reason: flush, status: OK
I20230630 05:07:11.588117 1234373 event_listener.cc:91] [event_listener/flush_completed] column family: default, thread_id: 1234373, job_id: 12, file: /nvme/jinghuan/node_40002/db/000041.sst, reason: 6, is_write_slowdown: no, is_write_stall: no, largest seqno: 3886972, smallest seqno: 3224895
W20230630 05:07:11.588164 1234373 event_listener.cc:132] [event_listener/stall_cond_changed] column family: default write stall condition was changed, from delay to normal
I20230630 05:07:12.379875 1234372 event_listener.cc:138] [event_listener/table_file_created] column family: default, file path: /nvme/jinghuan/node_40002/db/000037.sst, file size: 138779511, job id: 8, reason: compaction, status: OK
I20230630 05:07:13.187896 1234372 event_listener.cc:138] [event_listener/table_file_created] column family: default, file path: /nvme/jinghuan/node_40002/db/000043.sst, file size: 22822666, job id: 8, reason: compaction, status: OK
I20230630 05:07:13.204216 1234372 event_listener.cc:71] [event_listener/compaction_completed] column family: default, compaction reason: 1, output compression type: no, base input level(files): 0(4), output level(files): 1(3), input bytes: 300429907, output bytes:300291480, is_manual_compaction:no, elapsed(micro): 18303126
I20230630 05:07:13.205974 1234372 event_listener.cc:127] [event_listener/table_file_deleted] db: /nvme/jinghuan/node_40002/db, sst file: /nvme/jinghuan/node_40002/db/000034.sst, status: OK
I20230630 05:07:13.212074 1234372 event_listener.cc:127] [event_listener/table_file_deleted] db: /nvme/jinghuan/node_40002/db, sst file: /nvme/jinghuan/node_40002/db/000030.sst, status: OK
I20230630 05:07:13.218948 1234372 event_listener.cc:127] [event_listener/table_file_deleted] db: /nvme/jinghuan/node_40002/db, sst file: /nvme/jinghuan/node_40002/db/000027.sst, status: OK
I20230630 05:07:13.225965 1234372 event_listener.cc:127] [event_listener/table_file_deleted] db: /nvme/jinghuan/node_40002/db, sst file: /nvme/jinghuan/node_40002/db/000024.sst, status: OK
I20230630 05:07:13.232841 1234372 event_listener.cc:127] [event_listener/table_file_deleted] db: /nvme/jinghuan/node_40002/db, sst file: /nvme/jinghuan/node_40002/db/000021.sst, status: OK
I20230630 05:07:13.239082 1234372 event_listener.cc:71] [event_listener/compaction_completed] column family: default, compaction reason: 2, output compression type: no, base input level(files): 1(1), output level(files): 2(1), input bytes: 0, output bytes:0, is_manual_compaction:no, elapsed(micro): 0
I20230630 05:07:13.784092 1234374 event_listener.cc:84] [event_listener/flush_begin] column family: default, thread_id: 1234374, job_id: 14, reason: 6
I20230630 05:07:16.315316 1234374 event_listener.cc:138] [event_listener/table_file_created] column family: default, file path: /nvme/jinghuan/node_40002/db/000045.sst, file size: 73756111, job id: 14, reason: flush, status: OK
I20230630 05:07:16.321660 1234374 event_listener.cc:91] [event_listener/flush_completed] column family: default, thread_id: 1234374, job_id: 14, file: /nvme/jinghuan/node_40002/db/000045.sst, reason: 6, is_write_slowdown: no, is_write_stall: no, largest seqno: 4523190, smallest seqno: 3886974
I20230630 05:07:20.713071 1234373 event_listener.cc:84] [event_listener/flush_begin] column family: default, thread_id: 1234373, job_id: 15, reason: 6
I20230630 05:07:23.135500 1234373 event_listener.cc:138] [event_listener/table_file_created] column family: default, file path: /nvme/jinghuan/node_40002/db/000048.sst, file size: 73192367, job id: 15, reason: flush, status: OK
I20230630 05:07:23.141849 1234373 event_listener.cc:91] [event_listener/flush_completed] column family: default, thread_id: 1234373, job_id: 15, file: /nvme/jinghuan/node_40002/db/000048.sst, reason: 6, is_write_slowdown: no, is_write_stall: no, largest seqno: 5154513, smallest seqno: 4523192
I20230630 05:07:27.709952 1234374 event_listener.cc:84] [event_listener/flush_begin] column family: default, thread_id: 1234374, job_id: 17, reason: 6
I20230630 05:07:28.240788 1234371 event_listener.cc:138] [event_listener/table_file_created] column family: default, file path: /nvme/jinghuan/node_40002/db/000049.sst, file size: 138689148, job id: 16, reason: compaction, status: OK
W20230630 05:07:31.193221 1234603 event_listener.cc:132] [event_listener/stall_cond_changed] column family: default write stall condition was changed, from normal to delay
I20230630 05:07:31.746973 1234374 event_listener.cc:138] [event_listener/table_file_created] column family: default, file path: /nvme/jinghuan/node_40002/db/000052.sst, file size: 73164792, job id: 17, reason: flush, status: OK
I20230630 05:07:31.759918 1234374 event_listener.cc:91] [event_listener/flush_completed] column family: default, thread_id: 1234374, job_id: 17, file: /nvme/jinghuan/node_40002/db/000052.sst, reason: 6, is_write_slowdown: no, is_write_stall: no, largest seqno: 5785616, smallest seqno: 5154515
W20230630 05:07:31.759997 1234374 event_listener.cc:132] [event_listener/stall_cond_changed] column family: default write stall condition was changed, from delay to normal
I20230630 05:07:33.134032 1234373 event_listener.cc:84] [event_listener/flush_begin] column family: metadata, thread_id: 1234373, job_id: 18, reason: 13
I20230630 05:07:34.343489 1234373 event_listener.cc:138] [event_listener/table_file_created] column family: metadata, file path: /nvme/jinghuan/node_40002/db/000056.sst, file size: 19098701, job id: 18, reason: flush, status: OK
I20230630 05:07:34.353422 1234373 event_listener.cc:91] [event_listener/flush_completed] column family: metadata, thread_id: 1234373, job_id: 18, file: /nvme/jinghuan/node_40002/db/000056.sst, reason: 13, is_write_slowdown: no, is_write_stall: no, largest seqno: 6276778, smallest seqno: 3138390
I20230630 05:07:34.685671 1234374 event_listener.cc:84] [event_listener/flush_begin] column family: default, thread_id: 1234374, job_id: 19, reason: 6
I20230630 05:07:37.950580 1234371 event_listener.cc:138] [event_listener/table_file_created] column family: default, file path: /nvme/jinghuan/node_40002/db/000053.sst, file size: 138763801, job id: 16, reason: compaction, status: OK
W20230630 05:07:38.149174 1234610 event_listener.cc:132] [event_listener/stall_cond_changed] column family: default write stall condition was changed, from normal to delay
I20230630 05:07:38.650303 1234374 event_listener.cc:138] [event_listener/table_file_created] column family: default, file path: /nvme/jinghuan/node_40002/db/000058.sst, file size: 73560680, job id: 19, reason: flush, status: OK
I20230630 05:07:38.663712 1234374 event_listener.cc:91] [event_listener/flush_completed] column family: default, thread_id: 1234374, job_id: 19, file: /nvme/jinghuan/node_40002/db/000058.sst, reason: 6, is_write_slowdown: no, is_write_stall: no, largest seqno: 6420107, smallest seqno: 5785618
W20230630 05:07:38.664065 1234374 event_listener.cc:132] [event_listener/stall_cond_changed] column family: default write stall condition was changed, from delay to normal
I20230630 05:07:41.676635 1234373 event_listener.cc:84] [event_listener/flush_begin] column family: default, thread_id: 1234373, job_id: 20, reason: 6
I20230630 05:07:45.053929 1234371 event_listener.cc:138] [event_listener/table_file_created] column family: default, file path: /nvme/jinghuan/node_40002/db/000059.sst, file size: 138797022, job id: 16, reason: compaction, status: OK
W20230630 05:07:45.154826 1234603 event_listener.cc:132] [event_listener/stall_cond_changed] column family: default write stall condition was changed, from normal to delay
I20230630 05:07:45.557025 1234373 event_listener.cc:138] [event_listener/table_file_created] column family: default, file path: /nvme/jinghuan/node_40002/db/000062.sst, file size: 73453705, job id: 20, reason: flush, status: OK
I20230630 05:07:45.572479 1234373 event_listener.cc:91] [event_listener/flush_completed] column family: default, thread_id: 1234373, job_id: 20, file: /nvme/jinghuan/node_40002/db/000062.sst, reason: 6, is_write_slowdown: no, is_write_stall: no, largest seqno: 7053696, smallest seqno: 6420109
W20230630 05:07:45.572598 1234373 event_listener.cc:132] [event_listener/stall_cond_changed] column family: default write stall condition was changed, from delay to normal
I20230630 05:07:46.755028 1234371 event_listener.cc:138] [event_listener/table_file_created] column family: default, file path: /nvme/jinghuan/node_40002/db/000063.sst, file size: 42277403, job id: 16, reason: compaction, status: OK
I20230630 05:07:46.782563 1234371 event_listener.cc:71] [event_listener/compaction_completed] column family: default, compaction reason: 1, output compression type: no, base input level(files): 0(6), output level(files): 1(4), input bytes: 458740563, output bytes:458527374, is_manual_compaction:no, elapsed(micro): 23612744
I20230630 05:07:46.793350 1234371 event_listener.cc:127] [event_listener/table_file_deleted] db: /nvme/jinghuan/node_40002/db, sst file: /nvme/jinghuan/node_40002/db/000048.sst, status: OK
I20230630 05:07:46.802445 1234371 event_listener.cc:127] [event_listener/table_file_deleted] db: /nvme/jinghuan/node_40002/db, sst file: /nvme/jinghuan/node_40002/db/000045.sst, status: OK
I20230630 05:07:46.804260 1234371 event_listener.cc:127] [event_listener/table_file_deleted] db: /nvme/jinghuan/node_40002/db, sst file: /nvme/jinghuan/node_40002/db/000043.sst, status: OK
I20230630 05:07:46.810132 1234371 event_listener.cc:127] [event_listener/table_file_deleted] db: /nvme/jinghuan/node_40002/db, sst file: /nvme/jinghuan/node_40002/db/000041.sst, status: OK
I20230630 05:07:46.820451 1234371 event_listener.cc:127] [event_listener/table_file_deleted] db: /nvme/jinghuan/node_40002/db, sst file: /nvme/jinghuan/node_40002/db/000037.sst, status: OK
I20230630 05:07:46.825870 1234371 event_listener.cc:127] [event_listener/table_file_deleted] db: /nvme/jinghuan/node_40002/db, sst file: /nvme/jinghuan/node_40002/db/000036.sst, status: OK
I20230630 05:07:46.837324 1234371 event_listener.cc:71] [event_listener/compaction_completed] column family: default, compaction reason: 2, output compression type: no, base input level(files): 1(1), output level(files): 2(1), input bytes: 0, output bytes:0, is_manual_compaction:no, elapsed(micro): 0
I20230630 05:07:46.843822 1234371 event_listener.cc:71] [event_listener/compaction_completed] column family: default, compaction reason: 2, output compression type: no, base input level(files): 1(1), output level(files): 2(1), input bytes: 0, output bytes:0, is_manual_compaction:no, elapsed(micro): 0
I20230630 05:07:48.102236 1234371 event_listener.cc:138] [event_listener/table_file_created] column family: default, file path: /nvme/jinghuan/node_40002/db/000065.sst, file size: 42277403, job id: 23, reason: compaction, status: OK
I20230630 05:07:48.112311 1234371 event_listener.cc:71] [event_listener/compaction_completed] column family: default, compaction reason: 11, output compression type: no, base input level(files): 1(1), output level(files): 1(1), input bytes: 42277403, output bytes:42277403, is_manual_compaction:no, elapsed(micro): 1258324
I20230630 05:07:48.117866 1234371 event_listener.cc:127] [event_listener/table_file_deleted] db: /nvme/jinghuan/node_40002/db, sst file: /nvme/jinghuan/node_40002/db/000063.sst, status: OK
I20230630 05:07:48.728404 1234374 event_listener.cc:84] [event_listener/flush_begin] column family: default, thread_id: 1234374, job_id: 25, reason: 6
W20230630 05:07:52.231092 1234606 event_listener.cc:132] [event_listener/stall_cond_changed] column family: default write stall condition was changed, from normal to delay
I20230630 05:07:52.308790 1234374 event_listener.cc:138] [event_listener/table_file_created] column family: default, file path: /nvme/jinghuan/node_40002/db/000068.sst, file size: 73746665, job id: 25, reason: flush, status: OK
I20230630 05:07:52.325923 1234374 event_listener.cc:91] [event_listener/flush_completed] column family: default, thread_id: 1234374, job_id: 25, file: /nvme/jinghuan/node_40002/db/000068.sst, reason: 6, is_write_slowdown: no, is_write_stall: no, largest seqno: 7689793, smallest seqno: 7053698
W20230630 05:07:52.326061 1234374 event_listener.cc:132] [event_listener/stall_cond_changed] column family: default write stall condition was changed, from delay to normal
I20230630 05:07:56.564476 1234373 event_listener.cc:84] [event_listener/flush_begin] column family: default, thread_id: 1234373, job_id: 27, reason: 6
I20230630 05:07:58.112228 1234371 event_listener.cc:138] [event_listener/table_file_created] column family: default, file path: /nvme/jinghuan/node_40002/db/000066.sst, file size: 138763801, job id: 24, reason: compaction, status: OK
I20230630 05:07:58.126142 1234371 event_listener.cc:71] [event_listener/compaction_completed] column family: default, compaction reason: 11, output compression type: no, base input level(files): 2(1), output level(files): 2(1), input bytes: 138763801, output bytes:138763801, is_manual_compaction:no, elapsed(micro): 9994362
W20230630 05:08:00.065938 1234606 event_listener.cc:132] [event_listener/stall_cond_changed] column family: default write stall condition was changed, from normal to delay
I20230630 05:08:00.915714 1234373 event_listener.cc:138] [event_listener/table_file_created] column family: default, file path: /nvme/jinghuan/node_40002/db/000072.sst, file size: 73070660, job id: 27, reason: flush, status: OK
I20230630 05:08:00.932842 1234373 event_listener.cc:91] [event_listener/flush_completed] column family: default, thread_id: 1234373, job_id: 27, file: /nvme/jinghuan/node_40002/db/000072.sst, reason: 6, is_write_slowdown: no, is_write_stall: no, largest seqno: 8320071, smallest seqno: 7689795
W20230630 05:08:00.932931 1234373 event_listener.cc:132] [event_listener/stall_cond_changed] column family: default write stall condition was changed, from delay to normal
I20230630 05:08:01.909989 1234372 event_listener.cc:138] [event_listener/table_file_created] column family: default, file path: /nvme/jinghuan/node_40002/db/000070.sst, file size: 138797022, job id: 26, reason: compaction, status: OK
I20230630 05:08:01.927021 1234372 event_listener.cc:71] [event_listener/compaction_completed] column family: default, compaction reason: 11, output compression type: no, base input level(files): 2(1), output level(files): 2(1), input bytes: 138797022, output bytes:138797022, is_manual_compaction:no, elapsed(micro): 9678978
I20230630 05:08:01.942828 1234372 event_listener.cc:127] [event_listener/table_file_deleted] db: /nvme/jinghuan/node_40002/db, sst file: /nvme/jinghuan/node_40002/db/000053.sst, status: OK
I20230630 05:08:03.623276 1234374 event_listener.cc:84] [event_listener/flush_begin] column family: default, thread_id: 1234374, job_id: 29, reason: 6
I20230630 05:08:06.811862 1234374 event_listener.cc:138] [event_listener/table_file_created] column family: default, file path: /nvme/jinghuan/node_40002/db/000076.sst, file size: 73478982, job id: 29, reason: flush, status: OK
I20230630 05:08:06.828899 1234374 event_listener.cc:91] [event_listener/flush_completed] column family: default, thread_id: 1234374, job_id: 29, file: /nvme/jinghuan/node_40002/db/000076.sst, reason: 6, is_write_slowdown: no, is_write_stall: no, largest seqno: 8953858, smallest seqno: 8320073
I20230630 05:08:07.411505 1234371 event_listener.cc:138] [event_listener/table_file_created] column family: default, file path: /nvme/jinghuan/node_40002/db/000074.sst, file size: 138680268, job id: 28, reason: compaction, status: OK
I20230630 05:08:08.698926 1234373 event_listener.cc:84] [event_listener/flush_begin] column family: metadata, thread_id: 1234373, job_id: 30, reason: 13
I20230630 05:08:09.530167 1234373 event_listener.cc:138] [event_listener/table_file_created] column family: metadata, file path: /nvme/jinghuan/node_40002/db/000080.sst, file size: 19107365, job id: 30, reason: flush, status: OK
I20230630 05:08:09.538415 1234373 event_listener.cc:91] [event_listener/flush_completed] column family: metadata, thread_id: 1234373, job_id: 30, file: /nvme/jinghuan/node_40002/db/000080.sst, reason: 13, is_write_slowdown: no, is_write_stall: no, largest seqno: 9415199, smallest seqno: 6276789
I20230630 05:08:10.655274 1234374 event_listener.cc:84] [event_listener/flush_begin] column family: default, thread_id: 1234374, job_id: 31, reason: 6
I20230630 05:08:13.914247 1234371 event_listener.cc:138] [event_listener/table_file_created] column family: default, file path: /nvme/jinghuan/node_40002/db/000078.sst, file size: 138701551, job id: 28, reason: compaction, status: OK
I20230630 05:08:14.014595 1234374 event_listener.cc:138] [event_listener/table_file_created] column family: default, file path: /nvme/jinghuan/node_40002/db/000082.sst, file size: 74325617, job id: 31, reason: flush, status: OK
I20230630 05:08:14.026886 1234374 event_listener.cc:91] [event_listener/flush_completed] column family: default, thread_id: 1234374, job_id: 31, file: /nvme/jinghuan/node_40002/db/000082.sst, reason: 6, is_write_slowdown: no, is_write_stall: no, largest seqno: 9594960, smallest seqno: 8953860
I20230630 05:08:17.692237 1234373 event_listener.cc:84] [event_listener/flush_begin] column family: default, thread_id: 1234373, job_id: 32, reason: 6
I20230630 05:08:17.919941 1234371 event_listener.cc:138] [event_listener/table_file_created] column family: default, file path: /nvme/jinghuan/node_40002/db/000083.sst, file size: 138779238, job id: 28, reason: compaction, status: OK
I20230630 05:08:21.026263 1234373 event_listener.cc:138] [event_listener/table_file_created] column family: default, file path: /nvme/jinghuan/node_40002/db/000086.sst, file size: 72274330, job id: 32, reason: flush, status: OK
I20230630 05:08:21.039635 1234373 event_listener.cc:91] [event_listener/flush_completed] column family: default, thread_id: 1234373, job_id: 32, file: /nvme/jinghuan/node_40002/db/000086.sst, reason: 6, is_write_slowdown: no, is_write_stall: no, largest seqno: 10218374, smallest seqno: 9594962
I20230630 05:08:21.622748 1234371 event_listener.cc:138] [event_listener/table_file_created] column family: default, file path: /nvme/jinghuan/node_40002/db/000087.sst, file size: 58515404, job id: 28, reason: compaction, status: OK
I20230630 05:08:21.644937 1234371 event_listener.cc:71] [event_listener/compaction_completed] column family: default, compaction reason: 1, output compression type: no, base input level(files): 0(6), output level(files): 1(4), input bytes: 474892393, output bytes:474676461, is_manual_compaction:no, elapsed(micro): 21556823
I20230630 05:08:21.661988 1234371 event_listener.cc:127] [event_listener/table_file_deleted] db: /nvme/jinghuan/node_40002/db, sst file: /nvme/jinghuan/node_40002/db/000059.sst, status: OK
I20230630 05:08:25.385016 1234374 event_listener.cc:84] [event_listener/flush_begin] column family: default, thread_id: 1234374, job_id: 34, reason: 6
I20230630 05:08:28.221976 1234374 event_listener.cc:138] [event_listener/table_file_created] column family: default, file path: /nvme/jinghuan/node_40002/db/000091.sst, file size: 73894244, job id: 34, reason: flush, status: OK
I20230630 05:08:28.237715 1234374 event_listener.cc:91] [event_listener/flush_completed] column family: default, thread_id: 1234374, job_id: 34, file: /nvme/jinghuan/node_40002/db/000091.sst, reason: 6, is_write_slowdown: no, is_write_stall: no, largest seqno: 10855758, smallest seqno: 10218376
I20230630 05:08:31.025306 1234372 event_listener.cc:138] [event_listener/table_file_created] column family: default, file path: /nvme/jinghuan/node_40002/db/000088.sst, file size: 293015764, job id: 33, reason: compaction, status: OK
I20230630 05:08:31.040251 1234372 event_listener.cc:71] [event_listener/compaction_completed] column family: default, compaction reason: 1, output compression type: no, base input level(files): 0(4), output level(files): 0(1), input bytes: 293149589, output bytes:293015764, is_manual_compaction:no, elapsed(micro): 9985641
I20230630 05:08:31.048132 1234372 event_listener.cc:127] [event_listener/table_file_deleted] db: /nvme/jinghuan/node_40002/db, sst file: /nvme/jinghuan/node_40002/db/000086.sst, status: OK
I20230630 05:08:31.055217 1234372 event_listener.cc:127] [event_listener/table_file_deleted] db: /nvme/jinghuan/node_40002/db, sst file: /nvme/jinghuan/node_40002/db/000082.sst, status: OK
I20230630 05:08:31.061419 1234372 event_listener.cc:127] [event_listener/table_file_deleted] db: /nvme/jinghuan/node_40002/db, sst file: /nvme/jinghuan/node_40002/db/000076.sst, status: OK
I20230630 05:08:31.067354 1234372 event_listener.cc:127] [event_listener/table_file_deleted] db: /nvme/jinghuan/node_40002/db, sst file: /nvme/jinghuan/node_40002/db/000072.sst, status: OK
I20230630 05:08:31.073765 1234372 event_listener.cc:127] [event_listener/table_file_deleted] db: /nvme/jinghuan/node_40002/db, sst file: /nvme/jinghuan/node_40002/db/000068.sst, status: OK
I20230630 05:08:31.077136 1234372 event_listener.cc:127] [event_listener/table_file_deleted] db: /nvme/jinghuan/node_40002/db, sst file: /nvme/jinghuan/node_40002/db/000065.sst, status: OK
I20230630 05:08:31.083313 1234372 event_listener.cc:127] [event_listener/table_file_deleted] db: /nvme/jinghuan/node_40002/db, sst file: /nvme/jinghuan/node_40002/db/000062.sst, status: OK
I20230630 05:08:31.089293 1234372 event_listener.cc:127] [event_listener/table_file_deleted] db: /nvme/jinghuan/node_40002/db, sst file: /nvme/jinghuan/node_40002/db/000058.sst, status: OK
I20230630 05:08:31.095081 1234372 event_listener.cc:127] [event_listener/table_file_deleted] db: /nvme/jinghuan/node_40002/db, sst file: /nvme/jinghuan/node_40002/db/000052.sst, status: OK
I20230630 05:08:31.105166 1234372 event_listener.cc:127] [event_listener/table_file_deleted] db: /nvme/jinghuan/node_40002/db, sst file: /nvme/jinghuan/node_40002/db/000049.sst, status: OK
I20230630 05:08:31.116940 1234372 event_listener.cc:71] [event_listener/compaction_completed] column family: default, compaction reason: 2, output compression type: no, base input level(files): 1(1), output level(files): 2(1), input bytes: 0, output bytes:0, is_manual_compaction:no, elapsed(micro): 0
I20230630 05:08:32.960582 1234373 event_listener.cc:84] [event_listener/flush_begin] column family: default, thread_id: 1234373, job_id: 37, reason: 6
I20230630 05:08:35.763265 1234373 event_listener.cc:138] [event_listener/table_file_created] column family: default, file path: /nvme/jinghuan/node_40002/db/000095.sst, file size: 73567475, job id: 37, reason: flush, status: OK
I20230630 05:08:35.769779 1234373 event_listener.cc:91] [event_listener/flush_completed] column family: default, thread_id: 1234373, job_id: 37, file: /nvme/jinghuan/node_40002/db/000095.sst, reason: 6, is_write_slowdown: no, is_write_stall: no, largest seqno: 11490337, smallest seqno: 10855760
I20230630 05:08:36.563905 1234372 event_listener.cc:138] [event_listener/table_file_created] column family: default, file path: /nvme/jinghuan/node_40002/db/000093.sst, file size: 138670282, job id: 36, reason: compaction, status: OK
I20230630 05:08:39.960597 1234372 event_listener.cc:138] [event_listener/table_file_created] column family: default, file path: /nvme/jinghuan/node_40002/db/000096.sst, file size: 138655714, job id: 36, reason: compaction, status: OK
I20230630 05:08:39.980188 1234372 event_listener.cc:71] [event_listener/compaction_completed] column family: default, compaction reason: 2, output compression type: no, base input level(files): 1(2), output level(files): 2(2), input bytes: 277369571, output bytes:277325996, is_manual_compaction:no, elapsed(micro): 8843533
I20230630 05:08:39.994539 1234372 event_listener.cc:127] [event_listener/table_file_deleted] db: /nvme/jinghuan/node_40002/db, sst file: /nvme/jinghuan/node_40002/db/000074.sst, status: OK
I20230630 05:08:40.006868 1234372 event_listener.cc:127] [event_listener/table_file_deleted] db: /nvme/jinghuan/node_40002/db, sst file: /nvme/jinghuan/node_40002/db/000031.sst, status: OK
I20230630 05:08:40.760985 1234374 event_listener.cc:84] [event_listener/flush_begin] column family: default, thread_id: 1234374, job_id: 39, reason: 6
I20230630 05:08:43.379251 1234374 event_listener.cc:138] [event_listener/table_file_created] column family: default, file path: /nvme/jinghuan/node_40002/db/000100.sst, file size: 75754258, job id: 39, reason: flush, status: OK
I20230630 05:08:43.385762 1234374 event_listener.cc:91] [event_listener/flush_completed] column family: default, thread_id: 1234374, job_id: 39, file: /nvme/jinghuan/node_40002/db/000100.sst, reason: 6, is_write_slowdown: no, is_write_stall: no, largest seqno: 12143759, smallest seqno: 11490339
I20230630 05:08:45.174154 1234372 event_listener.cc:138] [event_listener/table_file_created] column family: default, file path: /nvme/jinghuan/node_40002/db/000098.sst, file size: 138683505, job id: 38, reason: compaction, status: OK
I20230630 05:08:45.602469 1234373 event_listener.cc:84] [event_listener/flush_begin] column family: metadata, thread_id: 1234373, job_id: 40, reason: 13
I20230630 05:08:46.482434 1234373 event_listener.cc:138] [event_listener/table_file_created] column family: metadata, file path: /nvme/jinghuan/node_40002/db/000104.sst, file size: 19101849, job id: 40, reason: flush, status: OK
I20230630 05:08:46.488785 1234373 event_listener.cc:91] [event_listener/flush_completed] column family: metadata, thread_id: 1234373, job_id: 40, file: /nvme/jinghuan/node_40002/db/000104.sst, reason: 13, is_write_slowdown: no, is_write_stall: no, largest seqno: 12553587, smallest seqno: 9415210
I20230630 05:08:48.147200 1234374 event_listener.cc:84] [event_listener/flush_begin] column family: default, thread_id: 1234374, job_id: 41, reason: 6
I20230630 05:08:50.079989 1234372 event_listener.cc:138] [event_listener/table_file_created] column family: default, file path: /nvme/jinghuan/node_40002/db/000102.sst, file size: 138702464, job id: 38, reason: compaction, status: OK
I20230630 05:08:50.874711 1234374 event_listener.cc:138] [event_listener/table_file_created] column family: default, file path: /nvme/jinghuan/node_40002/db/000106.sst, file size: 73247833, job id: 41, reason: flush, status: OK
I20230630 05:08:50.881176 1234374 event_listener.cc:91] [event_listener/flush_completed] column family: default, thread_id: 1234374, job_id: 41, file: /nvme/jinghuan/node_40002/db/000106.sst, reason: 6, is_write_slowdown: no, is_write_stall: no, largest seqno: 12775577, smallest seqno: 12143761
I20230630 05:08:53.877763 1234372 event_listener.cc:138] [event_listener/table_file_created] column family: default, file path: /nvme/jinghuan/node_40002/db/000107.sst, file size: 138711727, job id: 38, reason: compaction, status: OK
I20230630 05:08:55.937778 1234373 event_listener.cc:84] [event_listener/flush_begin] column family: default, thread_id: 1234373, job_id: 42, reason: 6
I20230630 05:08:58.186420 1234373 event_listener.cc:138] [event_listener/table_file_created] column family: default, file path: /nvme/jinghuan/node_40002/db/000111.sst, file size: 73099481, job id: 42, reason: flush, status: OK
I20230630 05:08:58.192896 1234373 event_listener.cc:91] [event_listener/flush_completed] column family: default, thread_id: 1234373, job_id: 42, file: /nvme/jinghuan/node_40002/db/000111.sst, reason: 6, is_write_slowdown: no, is_write_stall: no, largest seqno: 13406108, smallest seqno: 12775579
I20230630 05:08:58.678807 1234372 event_listener.cc:138] [event_listener/table_file_created] column family: default, file path: /nvme/jinghuan/node_40002/db/000109.sst, file size: 138796750, job id: 38, reason: compaction, status: OK
I20230630 05:09:01.782418 1234372 event_listener.cc:138] [event_listener/table_file_created] column family: default, file path: /nvme/jinghuan/node_40002/db/000112.sst, file size: 138796272, job id: 38, reason: compaction, status: OK
I20230630 05:09:02.320413 1234372 event_listener.cc:138] [event_listener/table_file_created] column family: default, file path: /nvme/jinghuan/node_40002/db/000114.sst, file size: 24002783, job id: 38, reason: compaction, status: OK
I20230630 05:09:02.355012 1234372 event_listener.cc:71] [event_listener/compaction_completed] column family: default, compaction reason: 1, output compression type: no, base input level(files): 0(5), output level(files): 1(6), input bytes: 717958272, output bytes:717693501, is_manual_compaction:no, elapsed(micro): 22313504
I20230630 05:09:02.365437 1234372 event_listener.cc:127] [event_listener/table_file_deleted] db: /nvme/jinghuan/node_40002/db, sst file: /nvme/jinghuan/node_40002/db/000095.sst, status: OK
I20230630 05:09:02.375283 1234372 event_listener.cc:127] [event_listener/table_file_deleted] db: /nvme/jinghuan/node_40002/db, sst file: /nvme/jinghuan/node_40002/db/000091.sst, status: OK
I20230630 05:09:02.407994 1234372 event_listener.cc:127] [event_listener/table_file_deleted] db: /nvme/jinghuan/node_40002/db, sst file: /nvme/jinghuan/node_40002/db/000088.sst, status: OK
I20230630 05:09:02.418485 1234372 event_listener.cc:127] [event_listener/table_file_deleted] db: /nvme/jinghuan/node_40002/db, sst file: /nvme/jinghuan/node_40002/db/000083.sst, status: OK
I20230630 05:09:02.428866 1234372 event_listener.cc:127] [event_listener/table_file_deleted] db: /nvme/jinghuan/node_40002/db, sst file: /nvme/jinghuan/node_40002/db/000078.sst, status: OK
I20230630 05:09:03.430810 1234374 event_listener.cc:84] [event_listener/flush_begin] column family: default, thread_id: 1234374, job_id: 44, reason: 6
I20230630 05:09:05.955858 1234374 event_listener.cc:138] [event_listener/table_file_created] column family: default, file path: /nvme/jinghuan/node_40002/db/000117.sst, file size: 72801251, job id: 44, reason: flush, status: OK
I20230630 05:09:05.968253 1234374 event_listener.cc:91] [event_listener/flush_completed] column family: default, thread_id: 1234374, job_id: 44, file: /nvme/jinghuan/node_40002/db/000117.sst, reason: 6, is_write_slowdown: no, is_write_stall: no, largest seqno: 14034065, smallest seqno: 13406110
I20230630 05:09:07.058346 1234372 event_listener.cc:138] [event_listener/table_file_created] column family: default, file path: /nvme/jinghuan/node_40002/db/000115.sst, file size: 138700752, job id: 43, reason: compaction, status: OK
I20230630 05:09:09.959213 1234372 event_listener.cc:138] [event_listener/table_file_created] column family: default, file path: /nvme/jinghuan/node_40002/db/000118.sst, file size: 138626568, job id: 43, reason: compaction, status: OK
I20230630 05:09:09.973678 1234372 event_listener.cc:71] [event_listener/compaction_completed] column family: default, compaction reason: 2, output compression type: no, base input level(files): 1(2), output level(files): 2(2), input bytes: 277358178, output bytes:277327320, is_manual_compaction:no, elapsed(micro): 7530296
I20230630 05:09:09.986379 1234372 event_listener.cc:127] [event_listener/table_file_deleted] db: /nvme/jinghuan/node_40002/db, sst file: /nvme/jinghuan/node_40002/db/000102.sst, status: OK
I20230630 05:09:09.996984 1234372 event_listener.cc:127] [event_listener/table_file_deleted] db: /nvme/jinghuan/node_40002/db, sst file: /nvme/jinghuan/node_40002/db/000096.sst, status: OK
I20230630 05:09:11.174234 1234373 event_listener.cc:84] [event_listener/flush_begin] column family: default, thread_id: 1234373, job_id: 46, reason: 6
I20230630 05:09:12.358851 1234372 event_listener.cc:138] [event_listener/table_file_created] column family: metadata, file path: /nvme/jinghuan/node_40002/db/000120.sst, file size: 75812718, job id: 45, reason: compaction, status: OK
I20230630 05:09:12.367177 1234372 event_listener.cc:71] [event_listener/compaction_completed] column family: metadata, compaction reason: 1, output compression type: no, base input level(files): 0(4), output level(files): 1(1), input bytes: 76412715, output bytes:75812718, is_manual_compaction:no, elapsed(micro): 2361822
I20230630 05:09:12.369750 1234372 event_listener.cc:127] [event_listener/table_file_deleted] db: /nvme/jinghuan/node_40002/db, sst file: /nvme/jinghuan/node_40002/db/000104.sst, status: OK
I20230630 05:09:12.372026 1234372 event_listener.cc:127] [event_listener/table_file_deleted] db: /nvme/jinghuan/node_40002/db, sst file: /nvme/jinghuan/node_40002/db/000080.sst, status: OK
I20230630 05:09:12.374181 1234372 event_listener.cc:127] [event_listener/table_file_deleted] db: /nvme/jinghuan/node_40002/db, sst file: /nvme/jinghuan/node_40002/db/000056.sst, status: OK
I20230630 05:09:12.376264 1234372 event_listener.cc:127] [event_listener/table_file_deleted] db: /nvme/jinghuan/node_40002/db, sst file: /nvme/jinghuan/node_40002/db/000039.sst, status: OK
I20230630 05:09:13.667141 1234373 event_listener.cc:138] [event_listener/table_file_created] column family: default, file path: /nvme/jinghuan/node_40002/db/000122.sst, file size: 75773586, job id: 46, reason: flush, status: OK
I20230630 05:09:13.680044 1234373 event_listener.cc:91] [event_listener/flush_completed] column family: default, thread_id: 1234373, job_id: 46, file: /nvme/jinghuan/node_40002/db/000122.sst, reason: 6, is_write_slowdown: no, is_write_stall: no, largest seqno: 14687663, smallest seqno: 14034067
I20230630 05:09:16.163122 1234372 event_listener.cc:138] [event_listener/table_file_created] column family: default, file path: /nvme/jinghuan/node_40002/db/000123.sst, file size: 138796199, job id: 47, reason: compaction, status: OK
I20230630 05:09:18.607591 1234374 event_listener.cc:84] [event_listener/flush_begin] column family: default, thread_id: 1234374, job_id: 48, reason: 6
I20230630 05:09:19.363902 1234372 event_listener.cc:138] [event_listener/table_file_created] column family: default, file path: /nvme/jinghuan/node_40002/db/000125.sst, file size: 138795657, job id: 47, reason: compaction, status: OK
I20230630 05:09:20.971194 1234374 event_listener.cc:138] [event_listener/table_file_created] column family: default, file path: /nvme/jinghuan/node_40002/db/000127.sst, file size: 73074483, job id: 48, reason: flush, status: OK
I20230630 05:09:20.983855 1234374 event_listener.cc:91] [event_listener/flush_completed] column family: default, thread_id: 1234374, job_id: 48, file: /nvme/jinghuan/node_40002/db/000127.sst, reason: 6, is_write_slowdown: no, is_write_stall: no, largest seqno: 15317963, smallest seqno: 14687665
I20230630 05:09:22.068424 1234372 event_listener.cc:138] [event_listener/table_file_created] column family: default, file path: /nvme/jinghuan/node_40002/db/000128.sst, file size: 82453110, job id: 47, reason: compaction, status: OK
I20230630 05:09:22.084800 1234372 event_listener.cc:71] [event_listener/compaction_completed] column family: default, compaction reason: 2, output compression type: no, base input level(files): 1(4), output level(files): 2(3), input bytes: 360111481, output bytes:360044966, is_manual_compaction:no, elapsed(micro): 9692125
I20230630 05:09:22.088073 1234372 event_listener.cc:127] [event_listener/table_file_deleted] db: /nvme/jinghuan/node_40002/db, sst file: /nvme/jinghuan/node_40002/db/000114.sst, status: OK
I20230630 05:09:22.101202 1234372 event_listener.cc:127] [event_listener/table_file_deleted] db: /nvme/jinghuan/node_40002/db, sst file: /nvme/jinghuan/node_40002/db/000112.sst, status: OK
I20230630 05:09:22.105800 1234372 event_listener.cc:127] [event_listener/table_file_deleted] db: /nvme/jinghuan/node_40002/db, sst file: /nvme/jinghuan/node_40002/db/000087.sst, status: OK
I20230630 05:09:22.116705 1234372 event_listener.cc:127] [event_listener/table_file_deleted] db: /nvme/jinghuan/node_40002/db, sst file: /nvme/jinghuan/node_40002/db/000070.sst, status: OK
I20230630 05:09:22.957198 1234373 event_listener.cc:84] [event_listener/flush_begin] column family: metadata, thread_id: 1234373, job_id: 50, reason: 13
I20230630 05:09:23.579164 1234373 event_listener.cc:138] [event_listener/table_file_created] column family: metadata, file path: /nvme/jinghuan/node_40002/db/000132.sst, file size: 19113214, job id: 50, reason: flush, status: OK
I20230630 05:09:23.588232 1234373 event_listener.cc:91] [event_listener/flush_completed] column family: metadata, thread_id: 1234373, job_id: 50, file: /nvme/jinghuan/node_40002/db/000132.sst, reason: 13, is_write_slowdown: no, is_write_stall: no, largest seqno: 15691975, smallest seqno: 12553598
I20230630 05:09:25.270936 1234372 event_listener.cc:138] [event_listener/table_file_created] column family: default, file path: /nvme/jinghuan/node_40002/db/000129.sst, file size: 138667932, job id: 49, reason: compaction, status: OK
I20230630 05:09:26.065938 1234374 event_listener.cc:84] [event_listener/flush_begin] column family: default, thread_id: 1234374, job_id: 51, reason: 6
I20230630 05:09:28.369045 1234374 event_listener.cc:138] [event_listener/table_file_created] column family: default, file path: /nvme/jinghuan/node_40002/db/000135.sst, file size: 73932407, job id: 51, reason: flush, status: OK
I20230630 05:09:28.375365 1234374 event_listener.cc:91] [event_listener/flush_completed] column family: default, thread_id: 1234374, job_id: 51, file: /nvme/jinghuan/node_40002/db/000135.sst, reason: 6, is_write_slowdown: no, is_write_stall: no, largest seqno: 15955677, smallest seqno: 15317965
I20230630 05:09:29.371634 1234372 event_listener.cc:138] [event_listener/table_file_created] column family: default, file path: /nvme/jinghuan/node_40002/db/000133.sst, file size: 138698446, job id: 49, reason: compaction, status: OK
I20230630 05:09:32.079653 1234372 event_listener.cc:138] [event_listener/table_file_created] column family: default, file path: /nvme/jinghuan/node_40002/db/000136.sst, file size: 138701145, job id: 49, reason: compaction, status: OK
I20230630 05:09:33.553787 1234373 event_listener.cc:84] [event_listener/flush_begin] column family: default, thread_id: 1234373, job_id: 52, reason: 6
I20230630 05:09:35.684675 1234373 event_listener.cc:138] [event_listener/table_file_created] column family: default, file path: /nvme/jinghuan/node_40002/db/000140.sst, file size: 73616005, job id: 52, reason: flush, status: OK
I20230630 05:09:35.693220 1234373 event_listener.cc:91] [event_listener/flush_completed] column family: default, thread_id: 1234373, job_id: 52, file: /nvme/jinghuan/node_40002/db/000140.sst, reason: 6, is_write_slowdown: no, is_write_stall: no, largest seqno: 16590663, smallest seqno: 15955679
I20230630 05:09:36.173354 1234372 event_listener.cc:138] [event_listener/table_file_created] column family: default, file path: /nvme/jinghuan/node_40002/db/000138.sst, file size: 138741537, job id: 49, reason: compaction, status: OK
I20230630 05:09:38.683631 1234372 event_listener.cc:138] [event_listener/table_file_created] column family: default, file path: /nvme/jinghuan/node_40002/db/000141.sst, file size: 138798571, job id: 49, reason: compaction, status: OK
I20230630 05:09:40.828999 1234374 event_listener.cc:84] [event_listener/flush_begin] column family: default, thread_id: 1234374, job_id: 53, reason: 6
I20230630 05:09:41.779600 1234372 event_listener.cc:138] [event_listener/table_file_created] column family: default, file path: /nvme/jinghuan/node_40002/db/000143.sst, file size: 138796393, job id: 49, reason: compaction, status: OK
I20230630 05:09:42.980891 1234374 event_listener.cc:138] [event_listener/table_file_created] column family: default, file path: /nvme/jinghuan/node_40002/db/000145.sst, file size: 73357041, job id: 53, reason: flush, status: OK
