Log file created at: 2023/07/07 10:37:40
Running on machine: en4217754l
Running duration (h:mm:ss): 0:00:00
Log line format: [IWEF]yyyymmdd hh:mm:ss.uuuuuu threadid file:line] msg
I20230707 10:37:40.584363 62158 main.cc:328] kvrocks unstable (commit 4a10c89)
I20230707 10:37:40.833670 62158 storage.cc:322] [storage] Success to load the data from disk: 49 ms
I20230707 10:37:40.834123 62158 worker.cc:72] [worker] Listening on: 10.218.109.65:40001
I20230707 10:37:40.834143 62158 worker.cc:72] [worker] Listening on: 127.0.0.1:40001
I20230707 10:37:40.834323 62158 worker.cc:72] [worker] Listening on: 10.218.109.65:40001
I20230707 10:37:40.834340 62158 worker.cc:72] [worker] Listening on: 127.0.0.1:40001
I20230707 10:37:40.834463 62158 worker.cc:72] [worker] Listening on: 10.218.109.65:40001
I20230707 10:37:40.834477 62158 worker.cc:72] [worker] Listening on: 127.0.0.1:40001
I20230707 10:37:40.834604 62158 worker.cc:72] [worker] Listening on: 10.218.109.65:40001
I20230707 10:37:40.834618 62158 worker.cc:72] [worker] Listening on: 127.0.0.1:40001
I20230707 10:37:40.834731 62158 worker.cc:72] [worker] Listening on: 10.218.109.65:40001
I20230707 10:37:40.834745 62158 worker.cc:72] [worker] Listening on: 127.0.0.1:40001
I20230707 10:37:40.834853 62158 worker.cc:72] [worker] Listening on: 10.218.109.65:40001
I20230707 10:37:40.834867 62158 worker.cc:72] [worker] Listening on: 127.0.0.1:40001
I20230707 10:37:40.834975 62158 worker.cc:72] [worker] Listening on: 10.218.109.65:40001
I20230707 10:37:40.834990 62158 worker.cc:72] [worker] Listening on: 127.0.0.1:40001
I20230707 10:37:40.835100 62158 worker.cc:72] [worker] Listening on: 10.218.109.65:40001
I20230707 10:37:40.835114 62158 worker.cc:72] [worker] Listening on: 127.0.0.1:40001
W20230707 10:37:40.835213 62158 server.cc:1650] [server] Increased maximum number of open files to 14224 (it's originally set to 1024)
I20230707 10:37:40.835373 62158 cluster.cc:643] The cluster nodes file /nvme/jinghuan/node_40001/nodes.conf is not found. Use CLUSTERX subcommands to specify it.
I20230707 10:37:40.835390 62158 cluster.cc:643] The cluster nodes file /nvme/jinghuan/node_40001/nodes.conf is not found. Use CLUSTERX subcommands to specify it.
I20230707 10:37:40.838040 62158 worker.cc:519] [worker] Thread #140385577830144 started
I20230707 10:37:40.838075 62158 worker.cc:519] [worker] Thread #140385586222848 started
I20230707 10:37:40.838120 62158 worker.cc:519] [worker] Thread #140386012473088 started
I20230707 10:37:40.838173 62158 worker.cc:519] [worker] Thread #140386004080384 started
I20230707 10:37:40.838222 62158 worker.cc:519] [worker] Thread #140385995687680 started
I20230707 10:37:40.838264 62158 worker.cc:519] [worker] Thread #140385987294976 started
I20230707 10:37:40.838304 62158 worker.cc:519] [worker] Thread #140385636579072 started
I20230707 10:37:40.838346 62158 worker.cc:519] [worker] Thread #140385628186368 started
I20230707 10:37:40.838541 62158 server.cc:211] [server] Ready to accept connections
I20230707 10:37:41.619982 62399 cluster.cc:286] MASTER MODE enabled by cluster topology setting
I20230707 10:37:44.101112 62170 event_listener.cc:84] [event_listener/flush_begin] column family: default, thread_id: 62170, job_id: 3, reason: 6
I20230707 10:37:44.501025 62170 event_listener.cc:138] [event_listener/table_file_created] column family: default, file path: /nvme/jinghuan/node_40001/db/000016.sst, file size: 77614674, job id: 3, reason: flush, status: OK
I20230707 10:37:44.507545 62170 event_listener.cc:91] [event_listener/flush_completed] column family: default, thread_id: 62170, job_id: 3, file: /nvme/jinghuan/node_40001/db/000016.sst, reason: 6, is_write_slowdown: no, is_write_stall: no, largest seqno: 669624, smallest seqno: 1
I20230707 10:37:45.153568 62168 event_listener.cc:138] [event_listener/table_file_created] column family: default, file path: /nvme/jinghuan/node_40001/db/000017.sst, file size: 77614670, job id: 4, reason: compaction, status: OK
I20230707 10:37:45.162012 62168 event_listener.cc:71] [event_listener/compaction_completed] column family: default, compaction reason: 11, output compression type: no, base input level(files): 0(1), output level(files): 0(1), input bytes: 77614674, output bytes:77614670, is_manual_compaction:no, elapsed(micro): 646033
I20230707 10:37:45.170410 62168 event_listener.cc:127] [event_listener/table_file_deleted] db: /nvme/jinghuan/node_40001/db, sst file: /nvme/jinghuan/node_40001/db/000016.sst, status: OK
I20230707 10:37:46.340265 62171 event_listener.cc:84] [event_listener/flush_begin] column family: default, thread_id: 62171, job_id: 5, reason: 6
I20230707 10:37:46.709954 62171 event_listener.cc:138] [event_listener/table_file_created] column family: default, file path: /nvme/jinghuan/node_40001/db/000020.sst, file size: 75204793, job id: 5, reason: flush, status: OK
I20230707 10:37:46.721289 62171 event_listener.cc:91] [event_listener/flush_completed] column family: default, thread_id: 62171, job_id: 5, file: /nvme/jinghuan/node_40001/db/000020.sst, reason: 6, is_write_slowdown: no, is_write_stall: no, largest seqno: 1318459, smallest seqno: 669626
I20230707 10:37:48.563704 62170 event_listener.cc:84] [event_listener/flush_begin] column family: default, thread_id: 62170, job_id: 6, reason: 6
I20230707 10:37:48.948524 62170 event_listener.cc:138] [event_listener/table_file_created] column family: default, file path: /nvme/jinghuan/node_40001/db/000023.sst, file size: 76857250, job id: 6, reason: flush, status: OK
I20230707 10:37:48.963964 62170 event_listener.cc:91] [event_listener/flush_completed] column family: default, thread_id: 62170, job_id: 6, file: /nvme/jinghuan/node_40001/db/000023.sst, reason: 6, is_write_slowdown: no, is_write_stall: no, largest seqno: 1981506, smallest seqno: 1318461
I20230707 10:37:50.753304 62171 event_listener.cc:84] [event_listener/flush_begin] column family: default, thread_id: 62171, job_id: 7, reason: 6
W20230707 10:37:51.807090 62397 event_listener.cc:132] [event_listener/stall_cond_changed] column family: default write stall condition was changed, from normal to delay
I20230707 10:37:52.422705 62170 event_listener.cc:84] [event_listener/flush_begin] column family: metadata, thread_id: 62170, job_id: 8, reason: 13
I20230707 10:37:54.118503 62170 event_listener.cc:138] [event_listener/table_file_created] column family: metadata, file path: /nvme/jinghuan/node_40001/db/000029.sst, file size: 19243879, job id: 8, reason: flush, status: OK
I20230707 10:37:54.120699 62171 event_listener.cc:138] [event_listener/table_file_created] column family: default, file path: /nvme/jinghuan/node_40001/db/000026.sst, file size: 76234823, job id: 7, reason: flush, status: OK
I20230707 10:37:54.133967 62170 event_listener.cc:91] [event_listener/flush_completed] column family: metadata, thread_id: 62170, job_id: 8, file: /nvme/jinghuan/node_40001/db/000029.sst, reason: 13, is_write_slowdown: no, is_write_stall: no, largest seqno: 3147595, smallest seqno: 11
I20230707 10:37:54.140870 62171 event_listener.cc:91] [event_listener/flush_completed] column family: default, thread_id: 62171, job_id: 7, file: /nvme/jinghuan/node_40001/db/000026.sst, reason: 6, is_write_slowdown: no, is_write_stall: no, largest seqno: 2639207, smallest seqno: 1981508
W20230707 10:37:54.141053 62171 event_listener.cc:132] [event_listener/stall_cond_changed] column family: default write stall condition was changed, from stop to normal
W20230707 10:37:54.141335 62398 event_listener.cc:132] [event_listener/stall_cond_changed] column family: default write stall condition was changed, from delay to stop
I20230707 10:37:54.163347 62170 event_listener.cc:84] [event_listener/flush_begin] column family: default, thread_id: 62170, job_id: 9, reason: 6
W20230707 10:37:55.449306 62398 event_listener.cc:132] [event_listener/stall_cond_changed] column family: default write stall condition was changed, from normal to delay
I20230707 10:37:56.827217 62171 event_listener.cc:84] [event_listener/flush_begin] column family: default, thread_id: 62171, job_id: 12, reason: 6
I20230707 10:37:57.310819 62168 event_listener.cc:138] [event_listener/table_file_created] column family: metadata, file path: /nvme/jinghuan/node_40001/db/000034.sst, file size: 19243875, job id: 11, reason: compaction, status: OK
I20230707 10:37:57.322785 62168 event_listener.cc:71] [event_listener/compaction_completed] column family: metadata, compaction reason: 11, output compression type: no, base input level(files): 0(1), output level(files): 0(1), input bytes: 19243879, output bytes:19243875, is_manual_compaction:no, elapsed(micro): 1861488
I20230707 10:37:57.325639 62168 event_listener.cc:127] [event_listener/table_file_deleted] db: /nvme/jinghuan/node_40001/db, sst file: /nvme/jinghuan/node_40001/db/000029.sst, status: OK
I20230707 10:38:01.323071 62170 event_listener.cc:138] [event_listener/table_file_created] column family: default, file path: /nvme/jinghuan/node_40001/db/000032.sst, file size: 77791239, job id: 9, reason: flush, status: OK
I20230707 10:38:01.335776 62170 event_listener.cc:91] [event_listener/flush_completed] column family: default, thread_id: 62170, job_id: 9, file: /nvme/jinghuan/node_40001/db/000032.sst, reason: 6, is_write_slowdown: no, is_write_stall: no, largest seqno: 3310328, smallest seqno: 2639209
W20230707 10:38:01.336083 62170 event_listener.cc:132] [event_listener/stall_cond_changed] column family: default write stall condition was changed, from stop to normal
W20230707 10:38:01.336400 62398 event_listener.cc:132] [event_listener/stall_cond_changed] column family: default write stall condition was changed, from delay to stop
W20230707 10:38:02.509617 62396 event_listener.cc:132] [event_listener/stall_cond_changed] column family: default write stall condition was changed, from normal to delay
I20230707 10:38:03.424350 62171 event_listener.cc:138] [event_listener/table_file_created] column family: default, file path: /nvme/jinghuan/node_40001/db/000036.sst, file size: 83036955, job id: 12, reason: flush, status: OK
I20230707 10:38:03.437139 62171 event_listener.cc:91] [event_listener/flush_completed] column family: default, thread_id: 62171, job_id: 12, file: /nvme/jinghuan/node_40001/db/000036.sst, reason: 6, is_write_slowdown: no, is_write_stall: no, largest seqno: 4026747, smallest seqno: 3310330
W20230707 10:38:03.437220 62171 event_listener.cc:132] [event_listener/stall_cond_changed] column family: default write stall condition was changed, from delay to normal
I20230707 10:38:03.716326 62170 event_listener.cc:84] [event_listener/flush_begin] column family: default, thread_id: 62170, job_id: 13, reason: 6
W20230707 10:38:04.793627 62396 event_listener.cc:132] [event_listener/stall_cond_changed] column family: default write stall condition was changed, from normal to delay
I20230707 10:38:05.976917 62171 event_listener.cc:84] [event_listener/flush_begin] column family: default, thread_id: 62171, job_id: 14, reason: 6
I20230707 10:38:09.928988 62170 event_listener.cc:138] [event_listener/table_file_created] column family: default, file path: /nvme/jinghuan/node_40001/db/000039.sst, file size: 77208572, job id: 13, reason: flush, status: OK
I20230707 10:38:09.944530 62170 event_listener.cc:91] [event_listener/flush_completed] column family: default, thread_id: 62170, job_id: 13, file: /nvme/jinghuan/node_40001/db/000039.sst, reason: 6, is_write_slowdown: no, is_write_stall: no, largest seqno: 4692885, smallest seqno: 4026749
W20230707 10:38:09.944648 62170 event_listener.cc:132] [event_listener/stall_cond_changed] column family: default write stall condition was changed, from stop to normal
W20230707 10:38:09.945420 62403 event_listener.cc:132] [event_listener/stall_cond_changed] column family: default write stall condition was changed, from delay to stop
I20230707 10:38:10.828011 62169 event_listener.cc:138] [event_listener/table_file_created] column family: default, file path: /nvme/jinghuan/node_40001/db/000031.sst, file size: 138731583, job id: 10, reason: compaction, status: OK
W20230707 10:38:11.079764 62396 event_listener.cc:132] [event_listener/stall_cond_changed] column family: default write stall condition was changed, from normal to delay
I20230707 10:38:12.031455 62171 event_listener.cc:138] [event_listener/table_file_created] column family: default, file path: /nvme/jinghuan/node_40001/db/000042.sst, file size: 76281812, job id: 14, reason: flush, status: OK
I20230707 10:38:12.047935 62171 event_listener.cc:91] [event_listener/flush_completed] column family: default, thread_id: 62171, job_id: 14, file: /nvme/jinghuan/node_40001/db/000042.sst, reason: 6, is_write_slowdown: no, is_write_stall: no, largest seqno: 5350993, smallest seqno: 4692887
W20230707 10:38:12.048107 62171 event_listener.cc:132] [event_listener/stall_cond_changed] column family: default write stall condition was changed, from delay to normal
I20230707 10:38:12.260087 62170 event_listener.cc:84] [event_listener/flush_begin] column family: default, thread_id: 62170, job_id: 16, reason: 6
I20230707 10:38:13.200116 62171 event_listener.cc:84] [event_listener/flush_begin] column family: metadata, thread_id: 62171, job_id: 17, reason: 13
W20230707 10:38:13.336783 62399 event_listener.cc:132] [event_listener/stall_cond_changed] column family: default write stall condition was changed, from normal to delay
I20230707 10:38:15.329041 62171 event_listener.cc:138] [event_listener/table_file_created] column family: metadata, file path: /nvme/jinghuan/node_40001/db/000049.sst, file size: 19237981, job id: 17, reason: flush, status: OK
I20230707 10:38:15.337913 62171 event_listener.cc:91] [event_listener/flush_completed] column family: metadata, thread_id: 62171, job_id: 17, file: /nvme/jinghuan/node_40001/db/000049.sst, reason: 13, is_write_slowdown: no, is_write_stall: no, largest seqno: 6295168, smallest seqno: 3147606
I20230707 10:38:15.376307 62171 event_listener.cc:84] [event_listener/flush_begin] column family: default, thread_id: 62171, job_id: 18, reason: 6
I20230707 10:38:19.932729 62170 event_listener.cc:138] [event_listener/table_file_created] column family: default, file path: /nvme/jinghuan/node_40001/db/000047.sst, file size: 76737666, job id: 16, reason: flush, status: OK
I20230707 10:38:19.945464 62170 event_listener.cc:91] [event_listener/flush_completed] column family: default, thread_id: 62170, job_id: 16, file: /nvme/jinghuan/node_40001/db/000047.sst, reason: 6, is_write_slowdown: no, is_write_stall: no, largest seqno: 6013028, smallest seqno: 5350995
W20230707 10:38:19.945943 62170 event_listener.cc:132] [event_listener/stall_cond_changed] column family: default write stall condition was changed, from stop to normal
W20230707 10:38:19.946177 62399 event_listener.cc:132] [event_listener/stall_cond_changed] column family: default write stall condition was changed, from delay to stop
W20230707 10:38:21.193595 62396 event_listener.cc:132] [event_listener/stall_cond_changed] column family: default write stall condition was changed, from normal to delay
I20230707 10:38:22.493037 62170 event_listener.cc:84] [event_listener/flush_begin] column family: default, thread_id: 62170, job_id: 19, reason: 6
I20230707 10:38:22.729583 62171 event_listener.cc:138] [event_listener/table_file_created] column family: default, file path: /nvme/jinghuan/node_40001/db/000052.sst, file size: 76792723, job id: 18, reason: flush, status: OK
I20230707 10:38:22.736563 62171 event_listener.cc:91] [event_listener/flush_completed] column family: default, thread_id: 62171, job_id: 18, file: /nvme/jinghuan/node_40001/db/000052.sst, reason: 6, is_write_slowdown: no, is_write_stall: no, largest seqno: 6675525, smallest seqno: 6013030
W20230707 10:38:22.736757 62171 event_listener.cc:132] [event_listener/stall_cond_changed] column family: default write stall condition was changed, from stop to normal
W20230707 10:38:22.736907 62396 event_listener.cc:132] [event_listener/stall_cond_changed] column family: default write stall condition was changed, from delay to stop
W20230707 10:38:23.892449 62401 event_listener.cc:132] [event_listener/stall_cond_changed] column family: default write stall condition was changed, from normal to delay
I20230707 10:38:25.188899 62171 event_listener.cc:84] [event_listener/flush_begin] column family: default, thread_id: 62171, job_id: 20, reason: 6
I20230707 10:38:30.639725 62170 event_listener.cc:138] [event_listener/table_file_created] column family: default, file path: /nvme/jinghuan/node_40001/db/000055.sst, file size: 84905444, job id: 19, reason: flush, status: OK
I20230707 10:38:30.651347 62170 event_listener.cc:91] [event_listener/flush_completed] column family: default, thread_id: 62170, job_id: 19, file: /nvme/jinghuan/node_40001/db/000055.sst, reason: 6, is_write_slowdown: no, is_write_stall: no, largest seqno: 7408048, smallest seqno: 6675527
W20230707 10:38:30.651446 62170 event_listener.cc:132] [event_listener/stall_cond_changed] column family: default write stall condition was changed, from stop to normal
W20230707 10:38:30.652261 62401 event_listener.cc:132] [event_listener/stall_cond_changed] column family: default write stall condition was changed, from delay to stop
I20230707 10:38:31.835217 62169 event_listener.cc:138] [event_listener/table_file_created] column family: default, file path: /nvme/jinghuan/node_40001/db/000043.sst, file size: 138697679, job id: 10, reason: compaction, status: OK
W20230707 10:38:31.920678 62397 event_listener.cc:132] [event_listener/stall_cond_changed] column family: default write stall condition was changed, from normal to delay
I20230707 10:38:32.545554 62171 event_listener.cc:138] [event_listener/table_file_created] column family: default, file path: /nvme/jinghuan/node_40001/db/000058.sst, file size: 77060381, job id: 20, reason: flush, status: OK
I20230707 10:38:32.562067 62171 event_listener.cc:91] [event_listener/flush_completed] column family: default, thread_id: 62171, job_id: 20, file: /nvme/jinghuan/node_40001/db/000058.sst, reason: 6, is_write_slowdown: no, is_write_stall: no, largest seqno: 8072877, smallest seqno: 7408050
W20230707 10:38:32.562166 62171 event_listener.cc:132] [event_listener/stall_cond_changed] column family: default write stall condition was changed, from delay to normal
I20230707 10:38:33.280736 62170 event_listener.cc:84] [event_listener/flush_begin] column family: default, thread_id: 62170, job_id: 21, reason: 6
I20230707 10:38:34.240507 62169 event_listener.cc:138] [event_listener/table_file_created] column family: default, file path: /nvme/jinghuan/node_40001/db/000059.sst, file size: 28343594, job id: 10, reason: compaction, status: OK
I20230707 10:38:34.263725 62169 event_listener.cc:71] [event_listener/compaction_completed] column family: default, compaction reason: 1, output compression type: no, base input level(files): 0(4), output level(files): 1(3), input bytes: 305911536, output bytes:305772856, is_manual_compaction:no, elapsed(micro): 40099593
W20230707 10:38:34.515790 62397 event_listener.cc:132] [event_listener/stall_cond_changed] column family: default write stall condition was changed, from normal to delay
I20230707 10:38:35.517906 62171 event_listener.cc:84] [event_listener/flush_begin] column family: metadata, thread_id: 62171, job_id: 23, reason: 13
I20230707 10:38:37.447592 62171 event_listener.cc:138] [event_listener/table_file_created] column family: metadata, file path: /nvme/jinghuan/node_40001/db/000066.sst, file size: 19218901, job id: 23, reason: flush, status: OK
I20230707 10:38:37.454110 62171 event_listener.cc:91] [event_listener/flush_completed] column family: metadata, thread_id: 62171, job_id: 23, file: /nvme/jinghuan/node_40001/db/000066.sst, reason: 13, is_write_slowdown: no, is_write_stall: no, largest seqno: 9442686, smallest seqno: 6295179
I20230707 10:38:37.473428 62171 event_listener.cc:84] [event_listener/flush_begin] column family: default, thread_id: 62171, job_id: 24, reason: 6
I20230707 10:38:42.252632 62170 event_listener.cc:138] [event_listener/table_file_created] column family: default, file path: /nvme/jinghuan/node_40001/db/000062.sst, file size: 84950889, job id: 21, reason: flush, status: OK
I20230707 10:38:42.259125 62170 event_listener.cc:91] [event_listener/flush_completed] column family: default, thread_id: 62170, job_id: 21, file: /nvme/jinghuan/node_40001/db/000062.sst, reason: 6, is_write_slowdown: no, is_write_stall: no, largest seqno: 8805818, smallest seqno: 8072879
W20230707 10:38:42.259269 62170 event_listener.cc:132] [event_listener/stall_cond_changed] column family: default write stall condition was changed, from stop to normal
W20230707 10:38:42.259459 62397 event_listener.cc:132] [event_listener/stall_cond_changed] column family: default write stall condition was changed, from delay to stop
W20230707 10:38:43.421751 62398 event_listener.cc:132] [event_listener/stall_cond_changed] column family: default write stall condition was changed, from normal to delay
I20230707 10:38:44.606899 62170 event_listener.cc:84] [event_listener/flush_begin] column family: default, thread_id: 62170, job_id: 25, reason: 6
I20230707 10:38:45.253897 62171 event_listener.cc:138] [event_listener/table_file_created] column family: default, file path: /nvme/jinghuan/node_40001/db/000068.sst, file size: 85048104, job id: 24, reason: flush, status: OK
I20230707 10:38:45.274119 62171 event_listener.cc:91] [event_listener/flush_completed] column family: default, thread_id: 62171, job_id: 24, file: /nvme/jinghuan/node_40001/db/000068.sst, reason: 6, is_write_slowdown: no, is_write_stall: no, largest seqno: 9539573, smallest seqno: 8805820
W20230707 10:38:45.274562 62171 event_listener.cc:132] [event_listener/stall_cond_changed] column family: default write stall condition was changed, from stop to normal
W20230707 10:38:45.274776 62398 event_listener.cc:132] [event_listener/stall_cond_changed] column family: default write stall condition was changed, from delay to stop
W20230707 10:38:46.440088 62396 event_listener.cc:132] [event_listener/stall_cond_changed] column family: default write stall condition was changed, from normal to delay
I20230707 10:38:47.674947 62171 event_listener.cc:84] [event_listener/flush_begin] column family: default, thread_id: 62171, job_id: 26, reason: 6
I20230707 10:38:51.558229 62170 event_listener.cc:138] [event_listener/table_file_created] column family: default, file path: /nvme/jinghuan/node_40001/db/000071.sst, file size: 78150833, job id: 25, reason: flush, status: OK
I20230707 10:38:51.574224 62170 event_listener.cc:91] [event_listener/flush_completed] column family: default, thread_id: 62170, job_id: 25, file: /nvme/jinghuan/node_40001/db/000071.sst, reason: 6, is_write_slowdown: no, is_write_stall: no, largest seqno: 10213829, smallest seqno: 9539575
W20230707 10:38:51.574343 62170 event_listener.cc:132] [event_listener/stall_cond_changed] column family: default write stall condition was changed, from stop to normal
W20230707 10:38:51.574975 62396 event_listener.cc:132] [event_listener/stall_cond_changed] column family: default write stall condition was changed, from delay to stop
I20230707 10:38:52.652019 62168 event_listener.cc:138] [event_listener/table_file_created] column family: default, file path: /nvme/jinghuan/node_40001/db/000045.sst, file size: 314204165, job id: 15, reason: compaction, status: OK
I20230707 10:38:52.676182 62168 event_listener.cc:71] [event_listener/compaction_completed] column family: default, compaction reason: 1, output compression type: no, base input level(files): 0(4), output level(files): 0(1), input bytes: 314318578, output bytes:314204165, is_manual_compaction:no, elapsed(micro): 40604011
I20230707 10:38:52.684399 62168 event_listener.cc:127] [event_listener/table_file_deleted] db: /nvme/jinghuan/node_40001/db, sst file: /nvme/jinghuan/node_40001/db/000026.sst, status: OK
I20230707 10:38:52.690979 62168 event_listener.cc:127] [event_listener/table_file_deleted] db: /nvme/jinghuan/node_40001/db, sst file: /nvme/jinghuan/node_40001/db/000023.sst, status: OK
I20230707 10:38:52.697424 62168 event_listener.cc:127] [event_listener/table_file_deleted] db: /nvme/jinghuan/node_40001/db, sst file: /nvme/jinghuan/node_40001/db/000020.sst, status: OK
I20230707 10:38:52.703742 62168 event_listener.cc:127] [event_listener/table_file_deleted] db: /nvme/jinghuan/node_40001/db, sst file: /nvme/jinghuan/node_40001/db/000017.sst, status: OK
W20230707 10:38:52.711881 62398 event_listener.cc:132] [event_listener/stall_cond_changed] column family: default write stall condition was changed, from normal to delay
I20230707 10:38:53.762780 62171 event_listener.cc:138] [event_listener/table_file_created] column family: default, file path: /nvme/jinghuan/node_40001/db/000074.sst, file size: 77338800, job id: 26, reason: flush, status: OK
I20230707 10:38:53.776232 62171 event_listener.cc:91] [event_listener/flush_completed] column family: default, thread_id: 62171, job_id: 26, file: /nvme/jinghuan/node_40001/db/000074.sst, reason: 6, is_write_slowdown: no, is_write_stall: no, largest seqno: 10881056, smallest seqno: 10213831
W20230707 10:38:53.776531 62171 event_listener.cc:132] [event_listener/stall_cond_changed] column family: default write stall condition was changed, from delay to normal
I20230707 10:38:53.959419 62170 event_listener.cc:84] [event_listener/flush_begin] column family: default, thread_id: 62170, job_id: 30, reason: 6
W20230707 10:38:55.053725 62402 event_listener.cc:132] [event_listener/stall_cond_changed] column family: default write stall condition was changed, from normal to delay
I20230707 10:38:56.292485 62171 event_listener.cc:84] [event_listener/flush_begin] column family: default, thread_id: 62171, job_id: 31, reason: 6
I20230707 10:39:00.961103 62170 event_listener.cc:138] [event_listener/table_file_created] column family: default, file path: /nvme/jinghuan/node_40001/db/000078.sst, file size: 77259056, job id: 30, reason: flush, status: OK
I20230707 10:39:00.968976 62170 event_listener.cc:91] [event_listener/flush_completed] column family: default, thread_id: 62170, job_id: 30, file: /nvme/jinghuan/node_40001/db/000078.sst, reason: 6, is_write_slowdown: no, is_write_stall: no, largest seqno: 11547590, smallest seqno: 10881058
W20230707 10:39:00.969040 62170 event_listener.cc:132] [event_listener/stall_cond_changed] column family: default write stall condition was changed, from stop to normal
W20230707 10:39:00.969475 62402 event_listener.cc:132] [event_listener/stall_cond_changed] column family: default write stall condition was changed, from delay to stop
W20230707 10:39:02.248287 62400 event_listener.cc:132] [event_listener/stall_cond_changed] column family: default write stall condition was changed, from normal to delay
I20230707 10:39:02.331993 62170 event_listener.cc:84] [event_listener/flush_begin] column family: metadata, thread_id: 62170, job_id: 32, reason: 13
I20230707 10:39:03.362898 62171 event_listener.cc:138] [event_listener/table_file_created] column family: default, file path: /nvme/jinghuan/node_40001/db/000081.sst, file size: 76880848, job id: 31, reason: flush, status: OK
I20230707 10:39:03.376112 62171 event_listener.cc:91] [event_listener/flush_completed] column family: default, thread_id: 62171, job_id: 31, file: /nvme/jinghuan/node_40001/db/000081.sst, reason: 6, is_write_slowdown: no, is_write_stall: no, largest seqno: 12210890, smallest seqno: 11547592
W20230707 10:39:03.376221 62171 event_listener.cc:132] [event_listener/stall_cond_changed] column family: default write stall condition was changed, from delay to normal
I20230707 10:39:03.554920 62171 event_listener.cc:84] [event_listener/flush_begin] column family: default, thread_id: 62171, job_id: 33, reason: 6
I20230707 10:39:04.261232 62170 event_listener.cc:138] [event_listener/table_file_created] column family: metadata, file path: /nvme/jinghuan/node_40001/db/000084.sst, file size: 19220470, job id: 32, reason: flush, status: OK
I20230707 10:39:04.267917 62170 event_listener.cc:91] [event_listener/flush_completed] column family: metadata, thread_id: 62170, job_id: 32, file: /nvme/jinghuan/node_40001/db/000084.sst, reason: 13, is_write_slowdown: no, is_write_stall: no, largest seqno: 12590270, smallest seqno: 9442697
W20230707 10:39:04.268168 62400 event_listener.cc:132] [event_listener/stall_cond_changed] column family: default write stall condition was changed, from normal to delay
I20230707 10:39:04.294658 62170 event_listener.cc:84] [event_listener/flush_begin] column family: default, thread_id: 62170, job_id: 34, reason: 13
I20230707 10:39:06.659070 62170 event_listener.cc:138] [event_listener/table_file_created] column family: default, file path: /nvme/jinghuan/node_40001/db/000088.sst, file size: 24974672, job id: 34, reason: flush, status: OK
I20230707 10:39:10.264999 62169 event_listener.cc:138] [event_listener/table_file_created] column family: default, file path: /nvme/jinghuan/node_40001/db/000063.sst, file size: 315363696, job id: 22, reason: compaction, status: OK
I20230707 10:39:10.288019 62169 event_listener.cc:71] [event_listener/compaction_completed] column family: default, compaction reason: 1, output compression type: no, base input level(files): 0(4), output level(files): 0(1), input bytes: 315496214, output bytes:315363696, is_manual_compaction:no, elapsed(micro): 36001012
I20230707 10:39:10.298497 62169 event_listener.cc:127] [event_listener/table_file_deleted] db: /nvme/jinghuan/node_40001/db, sst file: /nvme/jinghuan/node_40001/db/000042.sst, status: OK
I20230707 10:39:10.304019 62169 event_listener.cc:127] [event_listener/table_file_deleted] db: /nvme/jinghuan/node_40001/db, sst file: /nvme/jinghuan/node_40001/db/000039.sst, status: OK
I20230707 10:39:10.310042 62169 event_listener.cc:127] [event_listener/table_file_deleted] db: /nvme/jinghuan/node_40001/db, sst file: /nvme/jinghuan/node_40001/db/000036.sst, status: OK
I20230707 10:39:10.315862 62169 event_listener.cc:127] [event_listener/table_file_deleted] db: /nvme/jinghuan/node_40001/db, sst file: /nvme/jinghuan/node_40001/db/000032.sst, status: OK
I20230707 10:39:10.671937 62171 event_listener.cc:138] [event_listener/table_file_created] column family: default, file path: /nvme/jinghuan/node_40001/db/000086.sst, file size: 84907628, job id: 33, reason: flush, status: OK
I20230707 10:39:10.688971 62171 event_listener.cc:91] [event_listener/flush_completed] column family: default, thread_id: 62171, job_id: 33, file: /nvme/jinghuan/node_40001/db/000086.sst, reason: 13, is_write_slowdown: no, is_write_stall: no, largest seqno: 12943468, smallest seqno: 12210892
I20230707 10:39:10.689003 62171 event_listener.cc:91] [event_listener/flush_completed] column family: default, thread_id: 62170, job_id: 34, file: /nvme/jinghuan/node_40001/db/000088.sst, reason: 13, is_write_slowdown: no, is_write_stall: no, largest seqno: 13158859, smallest seqno: 12943470
W20230707 10:39:10.689208 62171 event_listener.cc:132] [event_listener/stall_cond_changed] column family: default write stall condition was changed, from stop to normal
W20230707 10:39:10.689383 62396 event_listener.cc:132] [event_listener/stall_cond_changed] column family: default write stall condition was changed, from delay to stop
I20230707 10:39:12.141558 62170 event_listener.cc:84] [event_listener/flush_begin] column family: default, thread_id: 62170, job_id: 37, reason: 6
W20230707 10:39:13.533746 62400 event_listener.cc:132] [event_listener/stall_cond_changed] column family: default write stall condition was changed, from normal to delay
I20230707 10:39:15.024084 62171 event_listener.cc:84] [event_listener/flush_begin] column family: default, thread_id: 62171, job_id: 38, reason: 6
I20230707 10:39:16.563727 62169 event_listener.cc:138] [event_listener/table_file_created] column family: metadata, file path: /nvme/jinghuan/node_40001/db/000090.sst, file size: 76274199, job id: 36, reason: compaction, status: OK
I20230707 10:39:16.582828 62169 event_listener.cc:71] [event_listener/compaction_completed] column family: metadata, compaction reason: 1, output compression type: no, base input level(files): 0(4), output level(files): 1(1), input bytes: 76921227, output bytes:76274199, is_manual_compaction:no, elapsed(micro): 6247954
I20230707 10:39:16.586324 62169 event_listener.cc:127] [event_listener/table_file_deleted] db: /nvme/jinghuan/node_40001/db, sst file: /nvme/jinghuan/node_40001/db/000066.sst, status: OK
I20230707 10:39:16.589437 62169 event_listener.cc:127] [event_listener/table_file_deleted] db: /nvme/jinghuan/node_40001/db, sst file: /nvme/jinghuan/node_40001/db/000049.sst, status: OK
I20230707 10:39:16.592622 62169 event_listener.cc:127] [event_listener/table_file_deleted] db: /nvme/jinghuan/node_40001/db, sst file: /nvme/jinghuan/node_40001/db/000034.sst, status: OK
I20230707 10:39:18.667688 62170 event_listener.cc:138] [event_listener/table_file_created] column family: default, file path: /nvme/jinghuan/node_40001/db/000092.sst, file size: 84883802, job id: 37, reason: flush, status: OK
I20230707 10:39:18.673916 62170 event_listener.cc:91] [event_listener/flush_completed] column family: default, thread_id: 62170, job_id: 37, file: /nvme/jinghuan/node_40001/db/000092.sst, reason: 6, is_write_slowdown: no, is_write_stall: no, largest seqno: 13891195, smallest seqno: 13158861
W20230707 10:39:18.673987 62170 event_listener.cc:132] [event_listener/stall_cond_changed] column family: default write stall condition was changed, from stop to normal
W20230707 10:39:18.674227 62400 event_listener.cc:132] [event_listener/stall_cond_changed] column family: default write stall condition was changed, from delay to stop
W20230707 10:39:19.994361 62400 event_listener.cc:132] [event_listener/stall_cond_changed] column family: default write stall condition was changed, from normal to delay
I20230707 10:39:21.171037 62171 event_listener.cc:138] [event_listener/table_file_created] column family: default, file path: /nvme/jinghuan/node_40001/db/000095.sst, file size: 85050757, job id: 38, reason: flush, status: OK
I20230707 10:39:21.187475 62171 event_listener.cc:91] [event_listener/flush_completed] column family: default, thread_id: 62171, job_id: 38, file: /nvme/jinghuan/node_40001/db/000095.sst, reason: 6, is_write_slowdown: no, is_write_stall: no, largest seqno: 14624961, smallest seqno: 13891197
W20230707 10:39:21.187618 62171 event_listener.cc:132] [event_listener/stall_cond_changed] column family: default write stall condition was changed, from delay to normal
I20230707 10:39:21.325897 62170 event_listener.cc:84] [event_listener/flush_begin] column family: default, thread_id: 62170, job_id: 40, reason: 6
W20230707 10:39:22.623251 62400 event_listener.cc:132] [event_listener/stall_cond_changed] column family: default write stall condition was changed, from normal to delay
I20230707 10:39:22.715658 62171 event_listener.cc:84] [event_listener/flush_begin] column family: metadata, thread_id: 62171, job_id: 41, reason: 13
I20230707 10:39:24.369009 62168 event_listener.cc:138] [event_listener/table_file_created] column family: default, file path: /nvme/jinghuan/node_40001/db/000076.sst, file size: 325328598, job id: 29, reason: compaction, status: OK
I20230707 10:39:24.397543 62168 event_listener.cc:71] [event_listener/compaction_completed] column family: default, compaction reason: 1, output compression type: no, base input level(files): 0(4), output level(files): 0(1), input bytes: 325488626, output bytes:325328598, is_manual_compaction:no, elapsed(micro): 30592602
I20230707 10:39:24.400511 62168 event_listener.cc:127] [event_listener/table_file_deleted] db: /nvme/jinghuan/node_40001/db, sst file: /nvme/jinghuan/node_40001/db/000084.sst, status: OK
I20230707 10:39:24.409258 62168 event_listener.cc:127] [event_listener/table_file_deleted] db: /nvme/jinghuan/node_40001/db, sst file: /nvme/jinghuan/node_40001/db/000058.sst, status: OK
I20230707 10:39:24.415040 62168 event_listener.cc:127] [event_listener/table_file_deleted] db: /nvme/jinghuan/node_40001/db, sst file: /nvme/jinghuan/node_40001/db/000055.sst, status: OK
I20230707 10:39:24.420545 62168 event_listener.cc:127] [event_listener/table_file_deleted] db: /nvme/jinghuan/node_40001/db, sst file: /nvme/jinghuan/node_40001/db/000052.sst, status: OK
I20230707 10:39:24.425968 62168 event_listener.cc:127] [event_listener/table_file_deleted] db: /nvme/jinghuan/node_40001/db, sst file: /nvme/jinghuan/node_40001/db/000047.sst, status: OK
I20230707 10:39:24.470520 62171 event_listener.cc:138] [event_listener/table_file_created] column family: metadata, file path: /nvme/jinghuan/node_40001/db/000102.sst, file size: 19250587, job id: 41, reason: flush, status: OK
I20230707 10:39:24.485839 62171 event_listener.cc:91] [event_listener/flush_completed] column family: metadata, thread_id: 62171, job_id: 41, file: /nvme/jinghuan/node_40001/db/000102.sst, reason: 13, is_write_slowdown: no, is_write_stall: no, largest seqno: 15737843, smallest seqno: 12590281
I20230707 10:39:24.515329 62171 event_listener.cc:84] [event_listener/flush_begin] column family: default, thread_id: 62171, job_id: 43, reason: 6
I20230707 10:39:26.585333 62170 event_listener.cc:138] [event_listener/table_file_created] column family: default, file path: /nvme/jinghuan/node_40001/db/000099.sst, file size: 84661654, job id: 40, reason: flush, status: OK
I20230707 10:39:26.602089 62170 event_listener.cc:91] [event_listener/flush_completed] column family: default, thread_id: 62170, job_id: 40, file: /nvme/jinghuan/node_40001/db/000099.sst, reason: 6, is_write_slowdown: no, is_write_stall: no, largest seqno: 15355416, smallest seqno: 14624963
W20230707 10:39:26.602213 62170 event_listener.cc:132] [event_listener/stall_cond_changed] column family: default write stall condition was changed, from stop to normal
W20230707 10:39:26.602617 62401 event_listener.cc:132] [event_listener/stall_cond_changed] column family: default write stall condition was changed, from delay to stop
W20230707 10:39:27.883940 62396 event_listener.cc:132] [event_listener/stall_cond_changed] column family: default write stall condition was changed, from normal to delay
I20230707 10:39:28.689747 62171 event_listener.cc:138] [event_listener/table_file_created] column family: default, file path: /nvme/jinghuan/node_40001/db/000104.sst, file size: 85048907, job id: 43, reason: flush, status: OK
I20230707 10:39:28.705471 62171 event_listener.cc:91] [event_listener/flush_completed] column family: default, thread_id: 62171, job_id: 43, file: /nvme/jinghuan/node_40001/db/000104.sst, reason: 6, is_write_slowdown: no, is_write_stall: no, largest seqno: 16089204, smallest seqno: 15355418
W20230707 10:39:28.705840 62171 event_listener.cc:132] [event_listener/stall_cond_changed] column family: default write stall condition was changed, from delay to normal
I20230707 10:39:29.236613 62170 event_listener.cc:84] [event_listener/flush_begin] column family: default, thread_id: 62170, job_id: 47, reason: 6
W20230707 10:39:30.460060 62403 event_listener.cc:132] [event_listener/stall_cond_changed] column family: default write stall condition was changed, from normal to delay
I20230707 10:39:31.806454 62171 event_listener.cc:84] [event_listener/flush_begin] column family: default, thread_id: 62171, job_id: 48, reason: 6
I20230707 10:39:34.681504 62170 event_listener.cc:138] [event_listener/table_file_created] column family: default, file path: /nvme/jinghuan/node_40001/db/000108.sst, file size: 84959006, job id: 47, reason: flush, status: OK
I20230707 10:39:34.690798 62170 event_listener.cc:91] [event_listener/flush_completed] column family: default, thread_id: 62170, job_id: 47, file: /nvme/jinghuan/node_40001/db/000108.sst, reason: 6, is_write_slowdown: no, is_write_stall: no, largest seqno: 16822211, smallest seqno: 16089206
W20230707 10:39:34.690862 62170 event_listener.cc:132] [event_listener/stall_cond_changed] column family: default write stall condition was changed, from stop to normal
W20230707 10:39:34.691381 62396 event_listener.cc:132] [event_listener/stall_cond_changed] column family: default write stall condition was changed, from delay to stop
W20230707 10:39:35.975612 62400 event_listener.cc:132] [event_listener/stall_cond_changed] column family: default write stall condition was changed, from normal to delay
I20230707 10:39:37.185556 62171 event_listener.cc:138] [event_listener/table_file_created] column family: default, file path: /nvme/jinghuan/node_40001/db/000111.sst, file size: 85045132, job id: 48, reason: flush, status: OK
I20230707 10:39:37.197865 62171 event_listener.cc:91] [event_listener/flush_completed] column family: default, thread_id: 62171, job_id: 48, file: /nvme/jinghuan/node_40001/db/000111.sst, reason: 6, is_write_slowdown: no, is_write_stall: no, largest seqno: 17555933, smallest seqno: 16822213
W20230707 10:39:37.197932 62171 event_listener.cc:132] [event_listener/stall_cond_changed] column family: default write stall condition was changed, from delay to normal
I20230707 10:39:37.338184 62170 event_listener.cc:84] [event_listener/flush_begin] column family: default, thread_id: 62170, job_id: 49, reason: 6
W20230707 10:39:38.592159 62400 event_listener.cc:132] [event_listener/stall_cond_changed] column family: default write stall condition was changed, from normal to delay
I20230707 10:39:39.449674 62171 event_listener.cc:84] [event_listener/flush_begin] column family: metadata, thread_id: 62171, job_id: 50, reason: 13
I20230707 10:39:40.587623 62169 event_listener.cc:138] [event_listener/table_file_created] column family: default, file path: /nvme/jinghuan/node_40001/db/000096.sst, file size: 263912245, job id: 39, reason: compaction, status: OK
I20230707 10:39:40.610687 62169 event_listener.cc:71] [event_listener/compaction_completed] column family: default, compaction reason: 1, output compression type: no, base input level(files): 0(4), output level(files): 0(1), input bytes: 264022204, output bytes:263912245, is_manual_compaction:no, elapsed(micro): 23994932
I20230707 10:39:40.617594 62169 event_listener.cc:127] [event_listener/table_file_deleted] db: /nvme/jinghuan/node_40001/db, sst file: /nvme/jinghuan/node_40001/db/000074.sst, status: OK
I20230707 10:39:40.624995 62169 event_listener.cc:127] [event_listener/table_file_deleted] db: /nvme/jinghuan/node_40001/db, sst file: /nvme/jinghuan/node_40001/db/000071.sst, status: OK
I20230707 10:39:40.631639 62169 event_listener.cc:127] [event_listener/table_file_deleted] db: /nvme/jinghuan/node_40001/db, sst file: /nvme/jinghuan/node_40001/db/000068.sst, status: OK
I20230707 10:39:40.637566 62169 event_listener.cc:127] [event_listener/table_file_deleted] db: /nvme/jinghuan/node_40001/db, sst file: /nvme/jinghuan/node_40001/db/000062.sst, status: OK
I20230707 10:39:41.186005 62171 event_listener.cc:138] [event_listener/table_file_created] column family: metadata, file path: /nvme/jinghuan/node_40001/db/000117.sst, file size: 19249830, job id: 50, reason: flush, status: OK
I20230707 10:39:41.192368 62171 event_listener.cc:91] [event_listener/flush_completed] column family: metadata, thread_id: 62171, job_id: 50, file: /nvme/jinghuan/node_40001/db/000117.sst, reason: 13, is_write_slowdown: no, is_write_stall: no, largest seqno: 18885416, smallest seqno: 15737854
I20230707 10:39:41.207201 62171 event_listener.cc:84] [event_listener/flush_begin] column family: default, thread_id: 62171, job_id: 52, reason: 6
I20230707 10:39:42.594414 62170 event_listener.cc:138] [event_listener/table_file_created] column family: default, file path: /nvme/jinghuan/node_40001/db/000114.sst, file size: 84908777, job id: 49, reason: flush, status: OK
I20230707 10:39:42.607089 62170 event_listener.cc:91] [event_listener/flush_completed] column family: default, thread_id: 62170, job_id: 49, file: /nvme/jinghuan/node_40001/db/000114.sst, reason: 6, is_write_slowdown: no, is_write_stall: no, largest seqno: 18288478, smallest seqno: 17555935
W20230707 10:39:42.607177 62170 event_listener.cc:132] [event_listener/stall_cond_changed] column family: default write stall condition was changed, from stop to normal
W20230707 10:39:42.607518 62400 event_listener.cc:132] [event_listener/stall_cond_changed] column family: default write stall condition was changed, from delay to stop
W20230707 10:39:44.039047 62397 event_listener.cc:132] [event_listener/stall_cond_changed] column family: default write stall condition was changed, from normal to delay
I20230707 10:39:44.488329 62171 event_listener.cc:138] [event_listener/table_file_created] column family: default, file path: /nvme/jinghuan/node_40001/db/000119.sst, file size: 85043291, job id: 52, reason: flush, status: OK
I20230707 10:39:44.498101 62171 event_listener.cc:91] [event_listener/flush_completed] column family: default, thread_id: 62171, job_id: 52, file: /nvme/jinghuan/node_40001/db/000119.sst, reason: 6, is_write_slowdown: no, is_write_stall: no, largest seqno: 19022211, smallest seqno: 18288480
W20230707 10:39:44.498355 62171 event_listener.cc:132] [event_listener/stall_cond_changed] column family: default write stall condition was changed, from delay to normal
I20230707 10:39:45.542147 62170 event_listener.cc:84] [event_listener/flush_begin] column family: default, thread_id: 62170, job_id: 56, reason: 6
W20230707 10:39:46.935539 62397 event_listener.cc:132] [event_listener/stall_cond_changed] column family: default write stall condition was changed, from normal to delay
I20230707 10:39:48.429823 62171 event_listener.cc:84] [event_listener/flush_begin] column family: default, thread_id: 62171, job_id: 57, reason: 6
I20230707 10:39:49.999176 62170 event_listener.cc:138] [event_listener/table_file_created] column family: default, file path: /nvme/jinghuan/node_40001/db/000123.sst, file size: 84887111, job id: 56, reason: flush, status: OK
I20230707 10:39:50.015349 62170 event_listener.cc:91] [event_listener/flush_completed] column family: default, thread_id: 62170, job_id: 56, file: /nvme/jinghuan/node_40001/db/000123.sst, reason: 6, is_write_slowdown: no, is_write_stall: no, largest seqno: 19754602, smallest seqno: 19022213
W20230707 10:39:50.015466 62170 event_listener.cc:132] [event_listener/stall_cond_changed] column family: default write stall condition was changed, from stop to normal
W20230707 10:39:50.016165 62397 event_listener.cc:132] [event_listener/stall_cond_changed] column family: default write stall condition was changed, from delay to stop
W20230707 10:39:51.325263 62403 event_listener.cc:132] [event_listener/stall_cond_changed] column family: default write stall condition was changed, from normal to delay
I20230707 10:39:52.688287 62170 event_listener.cc:84] [event_listener/flush_begin] column family: default, thread_id: 62170, job_id: 58, reason: 6
I20230707 10:39:53.989508 62171 event_listener.cc:138] [event_listener/table_file_created] column family: default, file path: /nvme/jinghuan/node_40001/db/000126.sst, file size: 85051414, job id: 57, reason: flush, status: OK
I20230707 10:39:53.996276 62171 event_listener.cc:91] [event_listener/flush_completed] column family: default, thread_id: 62171, job_id: 57, file: /nvme/jinghuan/node_40001/db/000126.sst, reason: 6, is_write_slowdown: no, is_write_stall: no, largest seqno: 20488390, smallest seqno: 19754604
W20230707 10:39:53.996332 62171 event_listener.cc:132] [event_listener/stall_cond_changed] column family: default write stall condition was changed, from stop to normal
W20230707 10:39:53.996680 62401 event_listener.cc:132] [event_listener/stall_cond_changed] column family: default write stall condition was changed, from delay to stop
W20230707 10:39:55.290591 62397 event_listener.cc:132] [event_listener/stall_cond_changed] column family: default write stall condition was changed, from normal to delay
I20230707 10:39:56.650532 62171 event_listener.cc:84] [event_listener/flush_begin] column family: default, thread_id: 62171, job_id: 59, reason: 6
I20230707 10:39:56.691931 62170 event_listener.cc:138] [event_listener/table_file_created] column family: default, file path: /nvme/jinghuan/node_40001/db/000129.sst, file size: 84970032, job id: 58, reason: flush, status: OK
I20230707 10:39:56.698215 62170 event_listener.cc:91] [event_listener/flush_completed] column family: default, thread_id: 62170, job_id: 58, file: /nvme/jinghuan/node_40001/db/000129.sst, reason: 6, is_write_slowdown: no, is_write_stall: no, largest seqno: 21221496, smallest seqno: 20488392
W20230707 10:39:56.698262 62170 event_listener.cc:132] [event_listener/stall_cond_changed] column family: default write stall condition was changed, from stop to normal
W20230707 10:39:56.698587 62402 event_listener.cc:132] [event_listener/stall_cond_changed] column family: default write stall condition was changed, from delay to stop
I20230707 10:39:56.995841 62398 cluster.cc:923] function: Migrate compact-and-merge
I20230707 10:39:56.995891 62398 slot_migrate_parallel.cc:32] [migrate] Start migrating slots, from slot: 0 to slot: 0. Slots are moving to 0.0.0.0:40002
I20230707 10:39:56.995921 62398 cluster.cc:935] [cluster migration] Finished slot migration cmds sending, start to set nodes
I20230707 10:39:56.995958 62395 slot_migrate.cc:165] [migrate] Migrating slot: -1, dst_ip: 0.0.0.0, dst_port: 40002, max_speed: 0, max_pipeline_size: 16
I20230707 10:39:56.996449 62395 slot_migrate.cc:305] [migrate] Start migrating slot 0, connect destination fd 96
I20230707 10:39:56.996480 62395 slot_migrate.cc:195] [migrate] Succeed to start migrating slot 0
I20230707 10:39:56.996497 62395 slot_migrate_compact_and_merge.cc:25] [compact-and-merge] Start migrating snapshot of slot 
