Log file created at: 2023/06/30 05:50:36
Running on machine: en4217754l
Running duration (h:mm:ss): 0:00:00
Log line format: [IWEF]yyyymmdd hh:mm:ss.uuuuuu threadid file:line] msg
I20230630 05:50:36.628481 1246396 main.cc:328] kvrocks unstable (commit 4a10c89)
I20230630 05:50:37.029585 1246396 storage.cc:322] [storage] Success to load the data from disk: 88 ms
I20230630 05:50:37.030048 1246396 worker.cc:72] [worker] Listening on: 10.218.109.65:40001
I20230630 05:50:37.030069 1246396 worker.cc:72] [worker] Listening on: 127.0.0.1:40001
I20230630 05:50:37.030261 1246396 worker.cc:72] [worker] Listening on: 10.218.109.65:40001
I20230630 05:50:37.030277 1246396 worker.cc:72] [worker] Listening on: 127.0.0.1:40001
I20230630 05:50:37.030406 1246396 worker.cc:72] [worker] Listening on: 10.218.109.65:40001
I20230630 05:50:37.030421 1246396 worker.cc:72] [worker] Listening on: 127.0.0.1:40001
I20230630 05:50:37.030537 1246396 worker.cc:72] [worker] Listening on: 10.218.109.65:40001
I20230630 05:50:37.030552 1246396 worker.cc:72] [worker] Listening on: 127.0.0.1:40001
I20230630 05:50:37.030668 1246396 worker.cc:72] [worker] Listening on: 10.218.109.65:40001
I20230630 05:50:37.030681 1246396 worker.cc:72] [worker] Listening on: 127.0.0.1:40001
I20230630 05:50:37.030793 1246396 worker.cc:72] [worker] Listening on: 10.218.109.65:40001
I20230630 05:50:37.030808 1246396 worker.cc:72] [worker] Listening on: 127.0.0.1:40001
I20230630 05:50:37.030917 1246396 worker.cc:72] [worker] Listening on: 10.218.109.65:40001
I20230630 05:50:37.030931 1246396 worker.cc:72] [worker] Listening on: 127.0.0.1:40001
I20230630 05:50:37.031046 1246396 worker.cc:72] [worker] Listening on: 10.218.109.65:40001
I20230630 05:50:37.031061 1246396 worker.cc:72] [worker] Listening on: 127.0.0.1:40001
W20230630 05:50:37.031155 1246396 server.cc:1650] [server] Increased maximum number of open files to 14224 (it's originally set to 1024)
I20230630 05:50:37.031322 1246396 cluster.cc:643] The cluster nodes file /nvme/jinghuan/node_40001/nodes.conf is not found. Use CLUSTERX subcommands to specify it.
I20230630 05:50:37.031335 1246396 cluster.cc:643] The cluster nodes file /nvme/jinghuan/node_40001/nodes.conf is not found. Use CLUSTERX subcommands to specify it.
I20230630 05:50:37.034024 1246396 worker.cc:519] [worker] Thread #140357610219264 started
I20230630 05:50:37.034060 1246396 worker.cc:519] [worker] Thread #140357618611968 started
I20230630 05:50:37.034109 1246396 worker.cc:519] [worker] Thread #140357853509376 started
I20230630 05:50:37.034160 1246396 worker.cc:519] [worker] Thread #140357845116672 started
I20230630 05:50:37.034202 1246396 worker.cc:519] [worker] Thread #140357836723968 started
I20230630 05:50:37.034253 1246396 worker.cc:519] [worker] Thread #140357828331264 started
I20230630 05:50:37.034294 1246396 worker.cc:519] [worker] Thread #140357819938560 started
I20230630 05:50:37.034336 1246396 worker.cc:519] [worker] Thread #140357811545856 started
I20230630 05:50:37.034492 1246396 server.cc:211] [server] Ready to accept connections
I20230630 05:50:37.664157 1246636 cluster.cc:286] MASTER MODE enabled by cluster topology setting
I20230630 05:50:39.978771 1246406 event_listener.cc:84] [event_listener/flush_begin] column family: default, thread_id: 1246406, job_id: 3, reason: 6
I20230630 05:50:40.382663 1246406 event_listener.cc:138] [event_listener/table_file_created] column family: default, file path: /nvme/jinghuan/node_40001/db/000016.sst, file size: 75808513, job id: 3, reason: flush, status: OK
I20230630 05:50:40.398387 1246406 event_listener.cc:91] [event_listener/flush_completed] column family: default, thread_id: 1246406, job_id: 3, file: /nvme/jinghuan/node_40001/db/000016.sst, reason: 6, is_write_slowdown: no, is_write_stall: no, largest seqno: 654037, smallest seqno: 1
I20230630 05:50:41.090265 1246404 event_listener.cc:138] [event_listener/table_file_created] column family: default, file path: /nvme/jinghuan/node_40001/db/000017.sst, file size: 75808509, job id: 4, reason: compaction, status: OK
I20230630 05:50:41.099310 1246404 event_listener.cc:71] [event_listener/compaction_completed] column family: default, compaction reason: 11, output compression type: no, base input level(files): 0(1), output level(files): 0(1), input bytes: 75808513, output bytes:75808509, is_manual_compaction:no, elapsed(micro): 691919
I20230630 05:50:41.107844 1246404 event_listener.cc:127] [event_listener/table_file_deleted] db: /nvme/jinghuan/node_40001/db, sst file: /nvme/jinghuan/node_40001/db/000016.sst, status: OK
I20230630 05:50:42.300379 1246407 event_listener.cc:84] [event_listener/flush_begin] column family: default, thread_id: 1246407, job_id: 5, reason: 6
I20230630 05:50:42.780033 1246407 event_listener.cc:138] [event_listener/table_file_created] column family: default, file path: /nvme/jinghuan/node_40001/db/000020.sst, file size: 77396720, job id: 5, reason: flush, status: OK
I20230630 05:50:42.790743 1246407 event_listener.cc:91] [event_listener/flush_completed] column family: default, thread_id: 1246407, job_id: 5, file: /nvme/jinghuan/node_40001/db/000020.sst, reason: 6, is_write_slowdown: no, is_write_stall: no, largest seqno: 1321792, smallest seqno: 654039
I20230630 05:50:44.653739 1246406 event_listener.cc:84] [event_listener/flush_begin] column family: default, thread_id: 1246406, job_id: 6, reason: 6
I20230630 05:50:45.041883 1246406 event_listener.cc:138] [event_listener/table_file_created] column family: default, file path: /nvme/jinghuan/node_40001/db/000023.sst, file size: 78099073, job id: 6, reason: flush, status: OK
I20230630 05:50:45.052634 1246406 event_listener.cc:91] [event_listener/flush_completed] column family: default, thread_id: 1246406, job_id: 6, file: /nvme/jinghuan/node_40001/db/000023.sst, reason: 6, is_write_slowdown: no, is_write_stall: no, largest seqno: 1995553, smallest seqno: 1321794
I20230630 05:50:46.995121 1246407 event_listener.cc:84] [event_listener/flush_begin] column family: default, thread_id: 1246407, job_id: 7, reason: 6
W20230630 05:50:48.078660 1246634 event_listener.cc:132] [event_listener/stall_cond_changed] column family: default write stall condition was changed, from normal to delay
I20230630 05:50:48.644066 1246406 event_listener.cc:84] [event_listener/flush_begin] column family: metadata, thread_id: 1246406, job_id: 8, reason: 13
I20230630 05:50:49.955479 1246406 event_listener.cc:138] [event_listener/table_file_created] column family: metadata, file path: /nvme/jinghuan/node_40001/db/000029.sst, file size: 19243637, job id: 8, reason: flush, status: OK
I20230630 05:50:49.961802 1246406 event_listener.cc:91] [event_listener/flush_completed] column family: metadata, thread_id: 1246406, job_id: 8, file: /nvme/jinghuan/node_40001/db/000029.sst, reason: 13, is_write_slowdown: no, is_write_stall: no, largest seqno: 3147551, smallest seqno: 11
I20230630 05:50:49.977787 1246406 event_listener.cc:84] [event_listener/flush_begin] column family: default, thread_id: 1246406, job_id: 9, reason: 6
I20230630 05:50:51.658879 1246407 event_listener.cc:138] [event_listener/table_file_created] column family: default, file path: /nvme/jinghuan/node_40001/db/000026.sst, file size: 77947422, job id: 7, reason: flush, status: OK
I20230630 05:50:51.665483 1246407 event_listener.cc:91] [event_listener/flush_completed] column family: default, thread_id: 1246407, job_id: 7, file: /nvme/jinghuan/node_40001/db/000026.sst, reason: 6, is_write_slowdown: no, is_write_stall: no, largest seqno: 2668027, smallest seqno: 1995555
W20230630 05:50:51.665624 1246407 event_listener.cc:132] [event_listener/stall_cond_changed] column family: default write stall condition was changed, from stop to normal
W20230630 05:50:51.665822 1246634 event_listener.cc:132] [event_listener/stall_cond_changed] column family: default write stall condition was changed, from delay to stop
I20230630 05:50:52.260560 1246405 event_listener.cc:138] [event_listener/table_file_created] column family: metadata, file path: /nvme/jinghuan/node_40001/db/000032.sst, file size: 19243633, job id: 10, reason: compaction, status: OK
I20230630 05:50:52.267464 1246405 event_listener.cc:71] [event_listener/compaction_completed] column family: metadata, compaction reason: 11, output compression type: no, base input level(files): 0(1), output level(files): 0(1), input bytes: 19243637, output bytes:19243633, is_manual_compaction:no, elapsed(micro): 1788505
I20230630 05:50:52.269294 1246405 event_listener.cc:127] [event_listener/table_file_deleted] db: /nvme/jinghuan/node_40001/db, sst file: /nvme/jinghuan/node_40001/db/000029.sst, status: OK
W20230630 05:50:52.886549 1246636 event_listener.cc:132] [event_listener/stall_cond_changed] column family: default write stall condition was changed, from normal to delay
I20230630 05:50:54.116652 1246407 event_listener.cc:84] [event_listener/flush_begin] column family: default, thread_id: 1246407, job_id: 12, reason: 6
I20230630 05:50:55.967592 1246406 event_listener.cc:138] [event_listener/table_file_created] column family: default, file path: /nvme/jinghuan/node_40001/db/000031.sst, file size: 76118818, job id: 9, reason: flush, status: OK
I20230630 05:50:55.984434 1246406 event_listener.cc:91] [event_listener/flush_completed] column family: default, thread_id: 1246406, job_id: 9, file: /nvme/jinghuan/node_40001/db/000031.sst, reason: 6, is_write_slowdown: no, is_write_stall: no, largest seqno: 3324716, smallest seqno: 2668029
W20230630 05:50:55.984861 1246406 event_listener.cc:132] [event_listener/stall_cond_changed] column family: default write stall condition was changed, from stop to normal
W20230630 05:50:55.988296 1246640 event_listener.cc:132] [event_listener/stall_cond_changed] column family: default write stall condition was changed, from delay to stop
W20230630 05:50:57.180934 1246634 event_listener.cc:132] [event_listener/stall_cond_changed] column family: default write stall condition was changed, from normal to delay
I20230630 05:50:58.397140 1246406 event_listener.cc:84] [event_listener/flush_begin] column family: default, thread_id: 1246406, job_id: 13, reason: 6
I20230630 05:51:00.470409 1246407 event_listener.cc:138] [event_listener/table_file_created] column family: default, file path: /nvme/jinghuan/node_40001/db/000036.sst, file size: 78741035, job id: 12, reason: flush, status: OK
I20230630 05:51:00.486847 1246407 event_listener.cc:91] [event_listener/flush_completed] column family: default, thread_id: 1246407, job_id: 12, file: /nvme/jinghuan/node_40001/db/000036.sst, reason: 6, is_write_slowdown: no, is_write_stall: no, largest seqno: 4004054, smallest seqno: 3324718
W20230630 05:51:00.486958 1246407 event_listener.cc:132] [event_listener/stall_cond_changed] column family: default write stall condition was changed, from stop to normal
W20230630 05:51:00.487401 1246634 event_listener.cc:132] [event_listener/stall_cond_changed] column family: default write stall condition was changed, from delay to stop
W20230630 05:51:01.639575 1246639 event_listener.cc:132] [event_listener/stall_cond_changed] column family: default write stall condition was changed, from normal to delay
I20230630 05:51:02.897435 1246407 event_listener.cc:84] [event_listener/flush_begin] column family: default, thread_id: 1246407, job_id: 14, reason: 6
I20230630 05:51:04.272397 1246406 event_listener.cc:138] [event_listener/table_file_created] column family: default, file path: /nvme/jinghuan/node_40001/db/000039.sst, file size: 77236639, job id: 13, reason: flush, status: OK
I20230630 05:51:04.278930 1246406 event_listener.cc:91] [event_listener/flush_completed] column family: default, thread_id: 1246406, job_id: 13, file: /nvme/jinghuan/node_40001/db/000039.sst, reason: 6, is_write_slowdown: no, is_write_stall: no, largest seqno: 4670434, smallest seqno: 4004056
W20230630 05:51:04.279001 1246406 event_listener.cc:132] [event_listener/stall_cond_changed] column family: default write stall condition was changed, from stop to normal
W20230630 05:51:04.279446 1246639 event_listener.cc:132] [event_listener/stall_cond_changed] column family: default write stall condition was changed, from delay to stop
W20230630 05:51:05.480963 1246637 event_listener.cc:132] [event_listener/stall_cond_changed] column family: default write stall condition was changed, from normal to delay
I20230630 05:51:06.713937 1246406 event_listener.cc:84] [event_listener/flush_begin] column family: default, thread_id: 1246406, job_id: 15, reason: 6
I20230630 05:51:07.569423 1246405 event_listener.cc:138] [event_listener/table_file_created] column family: default, file path: /nvme/jinghuan/node_40001/db/000033.sst, file size: 138728499, job id: 11, reason: compaction, status: OK
I20230630 05:51:08.675583 1246407 event_listener.cc:138] [event_listener/table_file_created] column family: default, file path: /nvme/jinghuan/node_40001/db/000042.sst, file size: 76248746, job id: 14, reason: flush, status: OK
I20230630 05:51:08.691745 1246407 event_listener.cc:91] [event_listener/flush_completed] column family: default, thread_id: 1246407, job_id: 14, file: /nvme/jinghuan/node_40001/db/000042.sst, reason: 6, is_write_slowdown: no, is_write_stall: no, largest seqno: 5328256, smallest seqno: 4670436
W20230630 05:51:08.691794 1246407 event_listener.cc:132] [event_listener/stall_cond_changed] column family: default write stall condition was changed, from stop to normal
W20230630 05:51:08.692266 1246639 event_listener.cc:132] [event_listener/stall_cond_changed] column family: default write stall condition was changed, from delay to stop
I20230630 05:51:09.792603 1246407 event_listener.cc:84] [event_listener/flush_begin] column family: metadata, thread_id: 1246407, job_id: 17, reason: 13
W20230630 05:51:09.881158 1246639 event_listener.cc:132] [event_listener/stall_cond_changed] column family: default write stall condition was changed, from normal to delay
I20230630 05:51:13.274024 1246407 event_listener.cc:138] [event_listener/table_file_created] column family: metadata, file path: /nvme/jinghuan/node_40001/db/000049.sst, file size: 19238002, job id: 17, reason: flush, status: OK
I20230630 05:51:13.283179 1246407 event_listener.cc:91] [event_listener/flush_completed] column family: metadata, thread_id: 1246407, job_id: 17, file: /nvme/jinghuan/node_40001/db/000049.sst, reason: 13, is_write_slowdown: no, is_write_stall: no, largest seqno: 6295102, smallest seqno: 3147562
I20230630 05:51:13.322536 1246407 event_listener.cc:84] [event_listener/flush_begin] column family: default, thread_id: 1246407, job_id: 18, reason: 6
I20230630 05:51:14.072247 1246406 event_listener.cc:138] [event_listener/table_file_created] column family: default, file path: /nvme/jinghuan/node_40001/db/000045.sst, file size: 76837508, job id: 15, reason: flush, status: OK
I20230630 05:51:14.078814 1246406 event_listener.cc:91] [event_listener/flush_completed] column family: default, thread_id: 1246406, job_id: 15, file: /nvme/jinghuan/node_40001/db/000045.sst, reason: 6, is_write_slowdown: no, is_write_stall: no, largest seqno: 5991149, smallest seqno: 5328258
W20230630 05:51:14.079010 1246406 event_listener.cc:132] [event_listener/stall_cond_changed] column family: default write stall condition was changed, from stop to normal
W20230630 05:51:14.079257 1246637 event_listener.cc:132] [event_listener/stall_cond_changed] column family: default write stall condition was changed, from delay to stop
W20230630 05:51:15.388592 1246635 event_listener.cc:132] [event_listener/stall_cond_changed] column family: default write stall condition was changed, from normal to delay
I20230630 05:51:16.762945 1246406 event_listener.cc:84] [event_listener/flush_begin] column family: default, thread_id: 1246406, job_id: 19, reason: 6
I20230630 05:51:21.175602 1246407 event_listener.cc:138] [event_listener/table_file_created] column family: default, file path: /nvme/jinghuan/node_40001/db/000052.sst, file size: 77671722, job id: 18, reason: flush, status: OK
I20230630 05:51:21.182129 1246407 event_listener.cc:91] [event_listener/flush_completed] column family: default, thread_id: 1246407, job_id: 18, file: /nvme/jinghuan/node_40001/db/000052.sst, reason: 6, is_write_slowdown: no, is_write_stall: no, largest seqno: 6661236, smallest seqno: 5991151
W20230630 05:51:21.182375 1246407 event_listener.cc:132] [event_listener/stall_cond_changed] column family: default write stall condition was changed, from stop to normal
W20230630 05:51:21.185779 1246635 event_listener.cc:132] [event_listener/stall_cond_changed] column family: default write stall condition was changed, from delay to stop
W20230630 05:51:22.357211 1246639 event_listener.cc:132] [event_listener/stall_cond_changed] column family: default write stall condition was changed, from normal to delay
I20230630 05:51:22.785934 1246405 event_listener.cc:138] [event_listener/table_file_created] column family: default, file path: /nvme/jinghuan/node_40001/db/000046.sst, file size: 138696430, job id: 11, reason: compaction, status: OK
I20230630 05:51:23.585531 1246407 event_listener.cc:84] [event_listener/flush_begin] column family: default, thread_id: 1246407, job_id: 20, reason: 6
I20230630 05:51:24.986109 1246406 event_listener.cc:138] [event_listener/table_file_created] column family: default, file path: /nvme/jinghuan/node_40001/db/000055.sst, file size: 85043995, job id: 19, reason: flush, status: OK
I20230630 05:51:25.001924 1246406 event_listener.cc:91] [event_listener/flush_completed] column family: default, thread_id: 1246406, job_id: 19, file: /nvme/jinghuan/node_40001/db/000055.sst, reason: 6, is_write_slowdown: no, is_write_stall: no, largest seqno: 7394958, smallest seqno: 6661238
W20230630 05:51:25.002029 1246406 event_listener.cc:132] [event_listener/stall_cond_changed] column family: default write stall condition was changed, from stop to normal
W20230630 05:51:25.003894 1246639 event_listener.cc:132] [event_listener/stall_cond_changed] column family: default write stall condition was changed, from delay to stop
W20230630 05:51:26.186794 1246641 event_listener.cc:132] [event_listener/stall_cond_changed] column family: default write stall condition was changed, from normal to delay
I20230630 05:51:26.275787 1246405 event_listener.cc:138] [event_listener/table_file_created] column family: default, file path: /nvme/jinghuan/node_40001/db/000057.sst, file size: 31685709, job id: 11, reason: compaction, status: OK
I20230630 05:51:26.299389 1246405 event_listener.cc:71] [event_listener/compaction_completed] column family: default, compaction reason: 1, output compression type: no, base input level(files): 0(4), output level(files): 1(3), input bytes: 309251724, output bytes:309110638, is_manual_compaction:no, elapsed(micro): 34006647
I20230630 05:51:26.311066 1246405 event_listener.cc:71] [event_listener/compaction_completed] column family: default, compaction reason: 2, output compression type: no, base input level(files): 1(1), output level(files): 2(1), input bytes: 0, output bytes:0, is_manual_compaction:no, elapsed(micro): 0
I20230630 05:51:27.407941 1246406 event_listener.cc:84] [event_listener/flush_begin] column family: default, thread_id: 1246406, job_id: 22, reason: 6
I20230630 05:51:29.683583 1246407 event_listener.cc:138] [event_listener/table_file_created] column family: default, file path: /nvme/jinghuan/node_40001/db/000059.sst, file size: 75894128, job id: 20, reason: flush, status: OK
I20230630 05:51:29.690120 1246407 event_listener.cc:91] [event_listener/flush_completed] column family: default, thread_id: 1246407, job_id: 20, file: /nvme/jinghuan/node_40001/db/000059.sst, reason: 6, is_write_slowdown: no, is_write_stall: no, largest seqno: 8049722, smallest seqno: 7394960
W20230630 05:51:29.690171 1246407 event_listener.cc:132] [event_listener/stall_cond_changed] column family: default write stall condition was changed, from stop to normal
W20230630 05:51:29.690464 1246641 event_listener.cc:132] [event_listener/stall_cond_changed] column family: default write stall condition was changed, from delay to stop
W20230630 05:51:30.906631 1246640 event_listener.cc:132] [event_listener/stall_cond_changed] column family: default write stall condition was changed, from normal to delay
I20230630 05:51:32.144683 1246407 event_listener.cc:84] [event_listener/flush_begin] column family: default, thread_id: 1246407, job_id: 24, reason: 6
I20230630 05:51:34.583958 1246406 event_listener.cc:138] [event_listener/table_file_created] column family: default, file path: /nvme/jinghuan/node_40001/db/000062.sst, file size: 76401148, job id: 22, reason: flush, status: OK
I20230630 05:51:34.590317 1246406 event_listener.cc:91] [event_listener/flush_completed] column family: default, thread_id: 1246406, job_id: 22, file: /nvme/jinghuan/node_40001/db/000062.sst, reason: 6, is_write_slowdown: no, is_write_stall: no, largest seqno: 8708875, smallest seqno: 8049724
W20230630 05:51:34.590373 1246406 event_listener.cc:132] [event_listener/stall_cond_changed] column family: default write stall condition was changed, from stop to normal
W20230630 05:51:34.590795 1246640 event_listener.cc:132] [event_listener/stall_cond_changed] column family: default write stall condition was changed, from delay to stop
I20230630 05:51:34.858255 1246406 event_listener.cc:84] [event_listener/flush_begin] column family: metadata, thread_id: 1246406, job_id: 25, reason: 13
W20230630 05:51:35.922384 1246634 event_listener.cc:132] [event_listener/stall_cond_changed] column family: default write stall condition was changed, from normal to delay
I20230630 05:51:36.889403 1246406 event_listener.cc:138] [event_listener/table_file_created] column family: metadata, file path: /nvme/jinghuan/node_40001/db/000068.sst, file size: 19218913, job id: 25, reason: flush, status: OK
I20230630 05:51:36.898138 1246406 event_listener.cc:91] [event_listener/flush_completed] column family: metadata, thread_id: 1246406, job_id: 25, file: /nvme/jinghuan/node_40001/db/000068.sst, reason: 13, is_write_slowdown: no, is_write_stall: no, largest seqno: 9442620, smallest seqno: 6295113
I20230630 05:51:37.314886 1246406 event_listener.cc:84] [event_listener/flush_begin] column family: default, thread_id: 1246406, job_id: 26, reason: 6
I20230630 05:51:39.489444 1246407 event_listener.cc:138] [event_listener/table_file_created] column family: default, file path: /nvme/jinghuan/node_40001/db/000066.sst, file size: 77099197, job id: 24, reason: flush, status: OK
I20230630 05:51:39.496007 1246407 event_listener.cc:91] [event_listener/flush_completed] column family: default, thread_id: 1246407, job_id: 24, file: /nvme/jinghuan/node_40001/db/000066.sst, reason: 6, is_write_slowdown: no, is_write_stall: no, largest seqno: 9374012, smallest seqno: 8708877
W20230630 05:51:39.496222 1246407 event_listener.cc:132] [event_listener/stall_cond_changed] column family: default write stall condition was changed, from stop to normal
W20230630 05:51:39.496421 1246634 event_listener.cc:132] [event_listener/stall_cond_changed] column family: default write stall condition was changed, from delay to stop
W20230630 05:51:40.694767 1246637 event_listener.cc:132] [event_listener/stall_cond_changed] column family: default write stall condition was changed, from normal to delay
I20230630 05:51:41.922097 1246407 event_listener.cc:84] [event_listener/flush_begin] column family: default, thread_id: 1246407, job_id: 27, reason: 6
I20230630 05:51:44.991204 1246406 event_listener.cc:138] [event_listener/table_file_created] column family: default, file path: /nvme/jinghuan/node_40001/db/000071.sst, file size: 85001667, job id: 26, reason: flush, status: OK
I20230630 05:51:44.997793 1246406 event_listener.cc:91] [event_listener/flush_completed] column family: default, thread_id: 1246406, job_id: 26, file: /nvme/jinghuan/node_40001/db/000071.sst, reason: 6, is_write_slowdown: no, is_write_stall: no, largest seqno: 10107349, smallest seqno: 9374014
W20230630 05:51:44.998051 1246406 event_listener.cc:132] [event_listener/stall_cond_changed] column family: default write stall condition was changed, from stop to normal
W20230630 05:51:44.998247 1246639 event_listener.cc:132] [event_listener/stall_cond_changed] column family: default write stall condition was changed, from delay to stop
W20230630 05:51:46.149735 1246637 event_listener.cc:132] [event_listener/stall_cond_changed] column family: default write stall condition was changed, from normal to delay
I20230630 05:51:47.467712 1246406 event_listener.cc:84] [event_listener/flush_begin] column family: default, thread_id: 1246406, job_id: 28, reason: 6
I20230630 05:51:48.793502 1246407 event_listener.cc:138] [event_listener/table_file_created] column family: default, file path: /nvme/jinghuan/node_40001/db/000074.sst, file size: 75921562, job id: 27, reason: flush, status: OK
I20230630 05:51:48.799886 1246407 event_listener.cc:91] [event_listener/flush_completed] column family: default, thread_id: 1246407, job_id: 27, file: /nvme/jinghuan/node_40001/db/000074.sst, reason: 6, is_write_slowdown: no, is_write_stall: no, largest seqno: 10762344, smallest seqno: 10107351
W20230630 05:51:48.799947 1246407 event_listener.cc:132] [event_listener/stall_cond_changed] column family: default write stall condition was changed, from stop to normal
W20230630 05:51:48.800664 1246637 event_listener.cc:132] [event_listener/stall_cond_changed] column family: default write stall condition was changed, from delay to stop
W20230630 05:51:50.221868 1246634 event_listener.cc:132] [event_listener/stall_cond_changed] column family: default write stall condition was changed, from normal to delay
I20230630 05:51:51.093824 1246404 event_listener.cc:138] [event_listener/table_file_created] column family: default, file path: /nvme/jinghuan/node_40001/db/000047.sst, file size: 308229752, job id: 16, reason: compaction, status: OK
I20230630 05:51:51.115648 1246404 event_listener.cc:71] [event_listener/compaction_completed] column family: default, compaction reason: 1, output compression type: no, base input level(files): 0(4), output level(files): 0(1), input bytes: 308345238, output bytes:308229752, is_manual_compaction:no, elapsed(micro): 42401963
I20230630 05:51:51.127255 1246404 event_listener.cc:127] [event_listener/table_file_deleted] db: /nvme/jinghuan/node_40001/db, sst file: /nvme/jinghuan/node_40001/db/000026.sst, status: OK
I20230630 05:51:51.138814 1246404 event_listener.cc:127] [event_listener/table_file_deleted] db: /nvme/jinghuan/node_40001/db, sst file: /nvme/jinghuan/node_40001/db/000023.sst, status: OK
I20230630 05:51:51.150223 1246404 event_listener.cc:127] [event_listener/table_file_deleted] db: /nvme/jinghuan/node_40001/db, sst file: /nvme/jinghuan/node_40001/db/000020.sst, status: OK
I20230630 05:51:51.161516 1246404 event_listener.cc:127] [event_listener/table_file_deleted] db: /nvme/jinghuan/node_40001/db, sst file: /nvme/jinghuan/node_40001/db/000017.sst, status: OK
I20230630 05:51:51.757941 1246407 event_listener.cc:84] [event_listener/flush_begin] column family: default, thread_id: 1246407, job_id: 30, reason: 6
I20230630 05:51:53.896631 1246406 event_listener.cc:138] [event_listener/table_file_created] column family: default, file path: /nvme/jinghuan/node_40001/db/000077.sst, file size: 75656065, job id: 28, reason: flush, status: OK
I20230630 05:51:53.903062 1246406 event_listener.cc:91] [event_listener/flush_completed] column family: default, thread_id: 1246406, job_id: 28, file: /nvme/jinghuan/node_40001/db/000077.sst, reason: 6, is_write_slowdown: no, is_write_stall: no, largest seqno: 11415062, smallest seqno: 10762346
W20230630 05:51:53.903115 1246406 event_listener.cc:132] [event_listener/stall_cond_changed] column family: default write stall condition was changed, from stop to normal
W20230630 05:51:53.905180 1246634 event_listener.cc:132] [event_listener/stall_cond_changed] column family: default write stall condition was changed, from delay to stop
W20230630 05:51:55.345202 1246636 event_listener.cc:132] [event_listener/stall_cond_changed] column family: default write stall condition was changed, from normal to delay
I20230630 05:51:55.652233 1246406 event_listener.cc:84] [event_listener/flush_begin] column family: metadata, thread_id: 1246406, job_id: 31, reason: 13
I20230630 05:51:57.496573 1246406 event_listener.cc:138] [event_listener/table_file_created] column family: metadata, file path: /nvme/jinghuan/node_40001/db/000084.sst, file size: 19220468, job id: 31, reason: flush, status: OK
I20230630 05:51:57.502979 1246406 event_listener.cc:91] [event_listener/flush_completed] column family: metadata, thread_id: 1246406, job_id: 31, file: /nvme/jinghuan/node_40001/db/000084.sst, reason: 13, is_write_slowdown: no, is_write_stall: no, largest seqno: 12590215, smallest seqno: 9442631
I20230630 05:51:57.523280 1246406 event_listener.cc:84] [event_listener/flush_begin] column family: default, thread_id: 1246406, job_id: 32, reason: 6
I20230630 05:51:59.404985 1246407 event_listener.cc:138] [event_listener/table_file_created] column family: default, file path: /nvme/jinghuan/node_40001/db/000081.sst, file size: 84964128, job id: 30, reason: flush, status: OK
I20230630 05:51:59.417886 1246407 event_listener.cc:91] [event_listener/flush_completed] column family: default, thread_id: 1246407, job_id: 30, file: /nvme/jinghuan/node_40001/db/000081.sst, reason: 6, is_write_slowdown: no, is_write_stall: no, largest seqno: 12148113, smallest seqno: 11415064
W20230630 05:51:59.418174 1246407 event_listener.cc:132] [event_listener/stall_cond_changed] column family: default write stall condition was changed, from stop to normal
W20230630 05:51:59.418524 1246634 event_listener.cc:132] [event_listener/stall_cond_changed] column family: default write stall condition was changed, from delay to stop
W20230630 05:52:00.641667 1246635 event_listener.cc:132] [event_listener/stall_cond_changed] column family: default write stall condition was changed, from normal to delay
I20230630 05:52:01.943615 1246407 event_listener.cc:84] [event_listener/flush_begin] column family: default, thread_id: 1246407, job_id: 33, reason: 6
I20230630 05:52:04.405014 1246406 event_listener.cc:138] [event_listener/table_file_created] column family: default, file path: /nvme/jinghuan/node_40001/db/000086.sst, file size: 85012993, job id: 32, reason: flush, status: OK
I20230630 05:52:04.411731 1246406 event_listener.cc:91] [event_listener/flush_completed] column family: default, thread_id: 1246406, job_id: 32, file: /nvme/jinghuan/node_40001/db/000086.sst, reason: 6, is_write_slowdown: no, is_write_stall: no, largest seqno: 12881604, smallest seqno: 12148115
W20230630 05:52:04.411917 1246406 event_listener.cc:132] [event_listener/stall_cond_changed] column family: default write stall condition was changed, from stop to normal
W20230630 05:52:04.412086 1246639 event_listener.cc:132] [event_listener/stall_cond_changed] column family: default write stall condition was changed, from delay to stop
W20230630 05:52:06.078374 1246636 event_listener.cc:132] [event_listener/stall_cond_changed] column family: default write stall condition was changed, from normal to delay
I20230630 05:52:07.610083 1246406 event_listener.cc:84] [event_listener/flush_begin] column family: default, thread_id: 1246406, job_id: 34, reason: 6
I20230630 05:52:08.007387 1246407 event_listener.cc:138] [event_listener/table_file_created] column family: default, file path: /nvme/jinghuan/node_40001/db/000089.sst, file size: 76242227, job id: 33, reason: flush, status: OK
I20230630 05:52:08.013829 1246407 event_listener.cc:91] [event_listener/flush_completed] column family: default, thread_id: 1246407, job_id: 33, file: /nvme/jinghuan/node_40001/db/000089.sst, reason: 6, is_write_slowdown: no, is_write_stall: no, largest seqno: 13539338, smallest seqno: 12881606
W20230630 05:52:08.013904 1246407 event_listener.cc:132] [event_listener/stall_cond_changed] column family: default write stall condition was changed, from stop to normal
W20230630 05:52:08.014256 1246636 event_listener.cc:132] [event_listener/stall_cond_changed] column family: default write stall condition was changed, from delay to stop
I20230630 05:52:08.306193 1246405 event_listener.cc:138] [event_listener/table_file_created] column family: default, file path: /nvme/jinghuan/node_40001/db/000063.sst, file size: 315315222, job id: 23, reason: compaction, status: OK
I20230630 05:52:08.327323 1246405 event_listener.cc:71] [event_listener/compaction_completed] column family: default, compaction reason: 1, output compression type: no, base input level(files): 0(4), output level(files): 0(1), input bytes: 315447353, output bytes:315315222, is_manual_compaction:no, elapsed(micro): 38616062
I20230630 05:52:08.335062 1246405 event_listener.cc:127] [event_listener/table_file_deleted] db: /nvme/jinghuan/node_40001/db, sst file: /nvme/jinghuan/node_40001/db/000042.sst, status: OK
I20230630 05:52:08.341725 1246405 event_listener.cc:127] [event_listener/table_file_deleted] db: /nvme/jinghuan/node_40001/db, sst file: /nvme/jinghuan/node_40001/db/000039.sst, status: OK
I20230630 05:52:08.348173 1246405 event_listener.cc:127] [event_listener/table_file_deleted] db: /nvme/jinghuan/node_40001/db, sst file: /nvme/jinghuan/node_40001/db/000036.sst, status: OK
I20230630 05:52:08.354547 1246405 event_listener.cc:127] [event_listener/table_file_deleted] db: /nvme/jinghuan/node_40001/db, sst file: /nvme/jinghuan/node_40001/db/000031.sst, status: OK
W20230630 05:52:09.360414 1246634 event_listener.cc:132] [event_listener/stall_cond_changed] column family: default write stall condition was changed, from normal to delay
I20230630 05:52:10.754212 1246407 event_listener.cc:84] [event_listener/flush_begin] column family: default, thread_id: 1246407, job_id: 36, reason: 6
I20230630 05:52:14.016963 1246406 event_listener.cc:138] [event_listener/table_file_created] column family: default, file path: /nvme/jinghuan/node_40001/db/000092.sst, file size: 85048598, job id: 34, reason: flush, status: OK
I20230630 05:52:14.026729 1246406 event_listener.cc:91] [event_listener/flush_completed] column family: default, thread_id: 1246406, job_id: 34, file: /nvme/jinghuan/node_40001/db/000092.sst, reason: 6, is_write_slowdown: no, is_write_stall: no, largest seqno: 14273082, smallest seqno: 13539340
W20230630 05:52:14.026772 1246406 event_listener.cc:132] [event_listener/stall_cond_changed] column family: default write stall condition was changed, from stop to normal
W20230630 05:52:14.027123 1246634 event_listener.cc:132] [event_listener/stall_cond_changed] column family: default write stall condition was changed, from delay to stop
W20230630 05:52:15.370822 1246637 event_listener.cc:132] [event_listener/stall_cond_changed] column family: default write stall condition was changed, from normal to delay
I20230630 05:52:16.749483 1246406 event_listener.cc:84] [event_listener/flush_begin] column family: metadata, thread_id: 1246406, job_id: 37, reason: 13
I20230630 05:52:17.112388 1246407 event_listener.cc:138] [event_listener/table_file_created] column family: default, file path: /nvme/jinghuan/node_40001/db/000096.sst, file size: 85047577, job id: 36, reason: flush, status: OK
I20230630 05:52:17.128821 1246407 event_listener.cc:91] [event_listener/flush_completed] column family: default, thread_id: 1246407, job_id: 36, file: /nvme/jinghuan/node_40001/db/000096.sst, reason: 6, is_write_slowdown: no, is_write_stall: no, largest seqno: 15006837, smallest seqno: 14273084
W20230630 05:52:17.128917 1246407 event_listener.cc:132] [event_listener/stall_cond_changed] column family: default write stall condition was changed, from stop to normal
W20230630 05:52:17.129354 1246635 event_listener.cc:132] [event_listener/stall_cond_changed] column family: default write stall condition was changed, from delay to stop
I20230630 05:52:17.138887 1246407 event_listener.cc:84] [event_listener/flush_begin] column family: default, thread_id: 1246407, job_id: 38, reason: 6
W20230630 05:52:18.353932 1246640 event_listener.cc:132] [event_listener/stall_cond_changed] column family: default write stall condition was changed, from normal to delay
I20230630 05:52:18.610013 1246406 event_listener.cc:138] [event_listener/table_file_created] column family: metadata, file path: /nvme/jinghuan/node_40001/db/000100.sst, file size: 19250485, job id: 37, reason: flush, status: OK
I20230630 05:52:18.616506 1246406 event_listener.cc:91] [event_listener/flush_completed] column family: metadata, thread_id: 1246406, job_id: 37, file: /nvme/jinghuan/node_40001/db/000100.sst, reason: 13, is_write_slowdown: no, is_write_stall: no, largest seqno: 15737810, smallest seqno: 12590226
I20230630 05:52:19.617308 1246406 event_listener.cc:84] [event_listener/flush_begin] column family: default, thread_id: 1246406, job_id: 39, reason: 6
I20230630 05:52:20.710747 1246404 event_listener.cc:138] [event_listener/table_file_created] column family: default, file path: /nvme/jinghuan/node_40001/db/000079.sst, file size: 314258540, job id: 29, reason: compaction, status: OK
I20230630 05:52:20.730230 1246404 event_listener.cc:71] [event_listener/compaction_completed] column family: default, compaction reason: 1, output compression type: no, base input level(files): 0(4), output level(files): 0(1), input bytes: 314423574, output bytes:314258540, is_manual_compaction:no, elapsed(micro): 29549210
I20230630 05:52:20.737392 1246404 event_listener.cc:127] [event_listener/table_file_deleted] db: /nvme/jinghuan/node_40001/db, sst file: /nvme/jinghuan/node_40001/db/000059.sst, status: OK
I20230630 05:52:20.744851 1246404 event_listener.cc:127] [event_listener/table_file_deleted] db: /nvme/jinghuan/node_40001/db, sst file: /nvme/jinghuan/node_40001/db/000055.sst, status: OK
I20230630 05:52:20.751317 1246404 event_listener.cc:127] [event_listener/table_file_deleted] db: /nvme/jinghuan/node_40001/db, sst file: /nvme/jinghuan/node_40001/db/000052.sst, status: OK
I20230630 05:52:20.757517 1246404 event_listener.cc:127] [event_listener/table_file_deleted] db: /nvme/jinghuan/node_40001/db, sst file: /nvme/jinghuan/node_40001/db/000045.sst, status: OK
I20230630 05:52:24.319506 1246407 event_listener.cc:138] [event_listener/table_file_created] column family: default, file path: /nvme/jinghuan/node_40001/db/000101.sst, file size: 84992730, job id: 38, reason: flush, status: OK
I20230630 05:52:24.326218 1246407 event_listener.cc:91] [event_listener/flush_completed] column family: default, thread_id: 1246407, job_id: 38, file: /nvme/jinghuan/node_40001/db/000101.sst, reason: 6, is_write_slowdown: no, is_write_stall: no, largest seqno: 15740141, smallest seqno: 15006839
W20230630 05:52:24.326328 1246407 event_listener.cc:132] [event_listener/stall_cond_changed] column family: default write stall condition was changed, from stop to normal
W20230630 05:52:24.326527 1246639 event_listener.cc:132] [event_listener/stall_cond_changed] column family: default write stall condition was changed, from delay to stop
W20230630 05:52:25.670781 1246639 event_listener.cc:132] [event_listener/stall_cond_changed] column family: default write stall condition was changed, from normal to delay
I20230630 05:52:25.820132 1246406 event_listener.cc:138] [event_listener/table_file_created] column family: default, file path: /nvme/jinghuan/node_40001/db/000104.sst, file size: 77293397, job id: 39, reason: flush, status: OK
I20230630 05:52:25.827167 1246406 event_listener.cc:91] [event_listener/flush_completed] column family: default, thread_id: 1246406, job_id: 39, file: /nvme/jinghuan/node_40001/db/000104.sst, reason: 6, is_write_slowdown: no, is_write_stall: no, largest seqno: 16406972, smallest seqno: 15740143
W20230630 05:52:25.827241 1246406 event_listener.cc:132] [event_listener/stall_cond_changed] column family: default write stall condition was changed, from delay to normal
I20230630 05:52:27.051909 1246407 event_listener.cc:84] [event_listener/flush_begin] column family: default, thread_id: 1246407, job_id: 41, reason: 6
W20230630 05:52:28.328414 1246635 event_listener.cc:132] [event_listener/stall_cond_changed] column family: default write stall condition was changed, from normal to delay
I20230630 05:52:28.615927 1246404 event_listener.cc:138] [event_listener/table_file_created] column family: metadata, file path: /nvme/jinghuan/node_40001/db/000105.sst, file size: 95236901, job id: 40, reason: compaction, status: OK
I20230630 05:52:28.626945 1246404 event_listener.cc:71] [event_listener/compaction_completed] column family: metadata, compaction reason: 1, output compression type: no, base input level(files): 0(5), output level(files): 1(1), input bytes: 96171501, output bytes:95236901, is_manual_compaction:no, elapsed(micro): 7858424
I20230630 05:52:28.629531 1246404 event_listener.cc:127] [event_listener/table_file_deleted] db: /nvme/jinghuan/node_40001/db, sst file: /nvme/jinghuan/node_40001/db/000084.sst, status: OK
I20230630 05:52:28.632032 1246404 event_listener.cc:127] [event_listener/table_file_deleted] db: /nvme/jinghuan/node_40001/db, sst file: /nvme/jinghuan/node_40001/db/000068.sst, status: OK
I20230630 05:52:28.634474 1246404 event_listener.cc:127] [event_listener/table_file_deleted] db: /nvme/jinghuan/node_40001/db, sst file: /nvme/jinghuan/node_40001/db/000049.sst, status: OK
I20230630 05:52:28.636989 1246404 event_listener.cc:127] [event_listener/table_file_deleted] db: /nvme/jinghuan/node_40001/db, sst file: /nvme/jinghuan/node_40001/db/000032.sst, status: OK
I20230630 05:52:29.701427 1246406 event_listener.cc:84] [event_listener/flush_begin] column family: default, thread_id: 1246406, job_id: 43, reason: 6
I20230630 05:52:32.529191 1246407 event_listener.cc:138] [event_listener/table_file_created] column family: default, file path: /nvme/jinghuan/node_40001/db/000108.sst, file size: 85040562, job id: 41, reason: flush, status: OK
I20230630 05:52:32.541882 1246407 event_listener.cc:91] [event_listener/flush_completed] column family: default, thread_id: 1246407, job_id: 41, file: /nvme/jinghuan/node_40001/db/000108.sst, reason: 6, is_write_slowdown: no, is_write_stall: no, largest seqno: 17140661, smallest seqno: 16406974
W20230630 05:52:32.541950 1246407 event_listener.cc:132] [event_listener/stall_cond_changed] column family: default write stall condition was changed, from stop to normal
W20230630 05:52:32.542311 1246635 event_listener.cc:132] [event_listener/stall_cond_changed] column family: default write stall condition was changed, from delay to stop
W20230630 05:52:33.858088 1246639 event_listener.cc:132] [event_listener/stall_cond_changed] column family: default write stall condition was changed, from normal to delay
I20230630 05:52:35.022405 1246406 event_listener.cc:138] [event_listener/table_file_created] column family: default, file path: /nvme/jinghuan/node_40001/db/000112.sst, file size: 85048418, job id: 43, reason: flush, status: OK
I20230630 05:52:35.028793 1246406 event_listener.cc:91] [event_listener/flush_completed] column family: default, thread_id: 1246406, job_id: 43, file: /nvme/jinghuan/node_40001/db/000112.sst, reason: 6, is_write_slowdown: no, is_write_stall: no, largest seqno: 17874427, smallest seqno: 17140663
W20230630 05:52:35.028838 1246406 event_listener.cc:132] [event_listener/stall_cond_changed] column family: default write stall condition was changed, from delay to normal
I20230630 05:52:35.244277 1246407 event_listener.cc:84] [event_listener/flush_begin] column family: default, thread_id: 1246407, job_id: 44, reason: 6
I20230630 05:52:36.218003 1246406 event_listener.cc:84] [event_listener/flush_begin] column family: metadata, thread_id: 1246406, job_id: 45, reason: 13
W20230630 05:52:36.513187 1246641 event_listener.cc:132] [event_listener/stall_cond_changed] column family: default write stall condition was changed, from normal to delay
I20230630 05:52:38.027087 1246406 event_listener.cc:138] [event_listener/table_file_created] column family: metadata, file path: /nvme/jinghuan/node_40001/db/000117.sst, file size: 19249778, job id: 45, reason: flush, status: OK
I20230630 05:52:38.035190 1246406 event_listener.cc:91] [event_listener/flush_completed] column family: metadata, thread_id: 1246406, job_id: 45, file: /nvme/jinghuan/node_40001/db/000117.sst, reason: 13, is_write_slowdown: no, is_write_stall: no, largest seqno: 18885383, smallest seqno: 15737821
I20230630 05:52:38.077028 1246406 event_listener.cc:84] [event_listener/flush_begin] column family: default, thread_id: 1246406, job_id: 46, reason: 6
I20230630 05:52:38.727128 1246405 event_listener.cc:138] [event_listener/table_file_created] column family: default, file path: /nvme/jinghuan/node_40001/db/000093.sst, file size: 321753999, job id: 35, reason: compaction, status: OK
I20230630 05:52:38.755025 1246405 event_listener.cc:71] [event_listener/compaction_completed] column family: default, compaction reason: 1, output compression type: no, base input level(files): 0(4), output level(files): 0(1), input bytes: 321875413, output bytes:321753999, is_manual_compaction:no, elapsed(micro): 30372627
I20230630 05:52:38.757503 1246405 event_listener.cc:127] [event_listener/table_file_deleted] db: /nvme/jinghuan/node_40001/db, sst file: /nvme/jinghuan/node_40001/db/000100.sst, status: OK
I20230630 05:52:38.765280 1246405 event_listener.cc:127] [event_listener/table_file_deleted] db: /nvme/jinghuan/node_40001/db, sst file: /nvme/jinghuan/node_40001/db/000074.sst, status: OK
I20230630 05:52:38.772054 1246405 event_listener.cc:127] [event_listener/table_file_deleted] db: /nvme/jinghuan/node_40001/db, sst file: /nvme/jinghuan/node_40001/db/000071.sst, status: OK
I20230630 05:52:38.778105 1246405 event_listener.cc:127] [event_listener/table_file_deleted] db: /nvme/jinghuan/node_40001/db, sst file: /nvme/jinghuan/node_40001/db/000066.sst, status: OK
I20230630 05:52:38.784127 1246405 event_listener.cc:127] [event_listener/table_file_deleted] db: /nvme/jinghuan/node_40001/db, sst file: /nvme/jinghuan/node_40001/db/000062.sst, status: OK
I20230630 05:52:40.232093 1246407 event_listener.cc:138] [event_listener/table_file_created] column family: default, file path: /nvme/jinghuan/node_40001/db/000115.sst, file size: 84854442, job id: 44, reason: flush, status: OK
I20230630 05:52:40.245448 1246407 event_listener.cc:91] [event_listener/flush_completed] column family: default, thread_id: 1246407, job_id: 44, file: /nvme/jinghuan/node_40001/db/000115.sst, reason: 6, is_write_slowdown: no, is_write_stall: no, largest seqno: 18606510, smallest seqno: 17874429
W20230630 05:52:40.245556 1246407 event_listener.cc:132] [event_listener/stall_cond_changed] column family: default write stall condition was changed, from stop to normal
W20230630 05:52:40.245687 1246639 event_listener.cc:132] [event_listener/stall_cond_changed] column family: default write stall condition was changed, from delay to stop
W20230630 05:52:41.419442 1246640 event_listener.cc:132] [event_listener/stall_cond_changed] column family: default write stall condition was changed, from normal to delay
I20230630 05:52:42.534416 1246406 event_listener.cc:138] [event_listener/table_file_created] column family: default, file path: /nvme/jinghuan/node_40001/db/000120.sst, file size: 85054153, job id: 46, reason: flush, status: OK
I20230630 05:52:42.549991 1246406 event_listener.cc:91] [event_listener/flush_completed] column family: default, thread_id: 1246406, job_id: 46, file: /nvme/jinghuan/node_40001/db/000120.sst, reason: 6, is_write_slowdown: no, is_write_stall: no, largest seqno: 19340309, smallest seqno: 18606512
W20230630 05:52:42.550113 1246406 event_listener.cc:132] [event_listener/stall_cond_changed] column family: default write stall condition was changed, from delay to normal
I20230630 05:52:42.708464 1246407 event_listener.cc:84] [event_listener/flush_begin] column family: default, thread_id: 1246407, job_id: 51, reason: 6
W20230630 05:52:43.822474 1246639 event_listener.cc:132] [event_listener/stall_cond_changed] column family: default write stall condition was changed, from normal to delay
I20230630 05:52:45.098378 1246406 event_listener.cc:84] [event_listener/flush_begin] column family: default, thread_id: 1246406, job_id: 52, reason: 6
I20230630 05:52:48.433781 1246407 event_listener.cc:138] [event_listener/table_file_created] column family: default, file path: /nvme/jinghuan/node_40001/db/000124.sst, file size: 76407039, job id: 51, reason: flush, status: OK
I20230630 05:52:48.440343 1246407 event_listener.cc:91] [event_listener/flush_completed] column family: default, thread_id: 1246407, job_id: 51, file: /nvme/jinghuan/node_40001/db/000124.sst, reason: 6, is_write_slowdown: no, is_write_stall: no, largest seqno: 19999484, smallest seqno: 19340311
W20230630 05:52:48.440393 1246407 event_listener.cc:132] [event_listener/stall_cond_changed] column family: default write stall condition was changed, from stop to normal
W20230630 05:52:48.440877 1246639 event_listener.cc:132] [event_listener/stall_cond_changed] column family: default write stall condition was changed, from delay to stop
W20230630 05:52:49.785467 1246639 event_listener.cc:132] [event_listener/stall_cond_changed] column family: default write stall condition was changed, from normal to delay
I20230630 05:52:50.136107 1246406 event_listener.cc:138] [event_listener/table_file_created] column family: default, file path: /nvme/jinghuan/node_40001/db/000127.sst, file size: 76121736, job id: 52, reason: flush, status: OK
