Log file created at: 2023/06/30 06:37:22
Running on machine: en4217754l
Running duration (h:mm:ss): 0:00:00
Log line format: [IWEF]yyyymmdd hh:mm:ss.uuuuuu threadid file:line] msg
I20230630 06:37:22.279543 1258363 main.cc:328] kvrocks unstable (commit 4a10c89)
I20230630 06:37:22.592363 1258363 storage.cc:322] [storage] Success to load the data from disk: 72 ms
I20230630 06:37:22.593118 1258363 worker.cc:72] [worker] Listening on: 10.218.109.65:40001
I20230630 06:37:22.593152 1258363 worker.cc:72] [worker] Listening on: 127.0.0.1:40001
I20230630 06:37:22.593452 1258363 worker.cc:72] [worker] Listening on: 10.218.109.65:40001
I20230630 06:37:22.593480 1258363 worker.cc:72] [worker] Listening on: 127.0.0.1:40001
I20230630 06:37:22.593695 1258363 worker.cc:72] [worker] Listening on: 10.218.109.65:40001
I20230630 06:37:22.593721 1258363 worker.cc:72] [worker] Listening on: 127.0.0.1:40001
I20230630 06:37:22.593931 1258363 worker.cc:72] [worker] Listening on: 10.218.109.65:40001
I20230630 06:37:22.593956 1258363 worker.cc:72] [worker] Listening on: 127.0.0.1:40001
I20230630 06:37:22.594149 1258363 worker.cc:72] [worker] Listening on: 10.218.109.65:40001
I20230630 06:37:22.594173 1258363 worker.cc:72] [worker] Listening on: 127.0.0.1:40001
I20230630 06:37:22.594365 1258363 worker.cc:72] [worker] Listening on: 10.218.109.65:40001
I20230630 06:37:22.594389 1258363 worker.cc:72] [worker] Listening on: 127.0.0.1:40001
I20230630 06:37:22.594573 1258363 worker.cc:72] [worker] Listening on: 10.218.109.65:40001
I20230630 06:37:22.594596 1258363 worker.cc:72] [worker] Listening on: 127.0.0.1:40001
I20230630 06:37:22.594789 1258363 worker.cc:72] [worker] Listening on: 10.218.109.65:40001
I20230630 06:37:22.594815 1258363 worker.cc:72] [worker] Listening on: 127.0.0.1:40001
W20230630 06:37:22.594986 1258363 server.cc:1650] [server] Increased maximum number of open files to 14224 (it's originally set to 1024)
I20230630 06:37:22.595265 1258363 cluster.cc:643] The cluster nodes file /nvme/jinghuan/node_40001/nodes.conf is not found. Use CLUSTERX subcommands to specify it.
I20230630 06:37:22.595288 1258363 cluster.cc:643] The cluster nodes file /nvme/jinghuan/node_40001/nodes.conf is not found. Use CLUSTERX subcommands to specify it.
I20230630 06:37:22.599817 1258363 worker.cc:519] [worker] Thread #140714797164288 started
I20230630 06:37:22.599874 1258363 worker.cc:519] [worker] Thread #140714805556992 started
I20230630 06:37:22.599946 1258363 worker.cc:519] [worker] Thread #140715306960640 started
I20230630 06:37:22.600018 1258363 worker.cc:519] [worker] Thread #140715298567936 started
I20230630 06:37:22.600093 1258363 worker.cc:519] [worker] Thread #140715290175232 started
I20230630 06:37:22.600162 1258363 worker.cc:519] [worker] Thread #140714939774720 started
I20230630 06:37:22.600226 1258363 worker.cc:519] [worker] Thread #140714931382016 started
I20230630 06:37:22.600293 1258363 worker.cc:519] [worker] Thread #140714922989312 started
I20230630 06:37:22.600513 1258363 server.cc:211] [server] Ready to accept connections
I20230630 06:37:23.318718 1258609 cluster.cc:286] MASTER MODE enabled by cluster topology setting
I20230630 06:37:25.733366 1258373 event_listener.cc:84] [event_listener/flush_begin] column family: default, thread_id: 1258373, job_id: 3, reason: 6
I20230630 06:37:26.212731 1258373 event_listener.cc:138] [event_listener/table_file_created] column family: default, file path: /nvme/jinghuan/node_40001/db/000016.sst, file size: 77873127, job id: 3, reason: flush, status: OK
I20230630 06:37:26.223042 1258373 event_listener.cc:91] [event_listener/flush_completed] column family: default, thread_id: 1258373, job_id: 3, file: /nvme/jinghuan/node_40001/db/000016.sst, reason: 6, is_write_slowdown: no, is_write_stall: no, largest seqno: 671857, smallest seqno: 1
I20230630 06:37:26.915581 1258370 event_listener.cc:138] [event_listener/table_file_created] column family: default, file path: /nvme/jinghuan/node_40001/db/000017.sst, file size: 77873123, job id: 4, reason: compaction, status: OK
I20230630 06:37:26.934938 1258370 event_listener.cc:71] [event_listener/compaction_completed] column family: default, compaction reason: 11, output compression type: no, base input level(files): 0(1), output level(files): 0(1), input bytes: 77873127, output bytes:77873123, is_manual_compaction:no, elapsed(micro): 692717
I20230630 06:37:26.946533 1258370 event_listener.cc:127] [event_listener/table_file_deleted] db: /nvme/jinghuan/node_40001/db, sst file: /nvme/jinghuan/node_40001/db/000016.sst, status: OK
I20230630 06:37:28.036540 1258374 event_listener.cc:84] [event_listener/flush_begin] column family: default, thread_id: 1258374, job_id: 5, reason: 6
I20230630 06:37:28.458951 1258374 event_listener.cc:138] [event_listener/table_file_created] column family: default, file path: /nvme/jinghuan/node_40001/db/000020.sst, file size: 77632804, job id: 5, reason: flush, status: OK
I20230630 06:37:28.474426 1258374 event_listener.cc:91] [event_listener/flush_completed] column family: default, thread_id: 1258374, job_id: 5, file: /nvme/jinghuan/node_40001/db/000020.sst, reason: 6, is_write_slowdown: no, is_write_stall: no, largest seqno: 1341647, smallest seqno: 671859
I20230630 06:37:30.289306 1258373 event_listener.cc:84] [event_listener/flush_begin] column family: default, thread_id: 1258373, job_id: 6, reason: 6
I20230630 06:37:30.786540 1258373 event_listener.cc:138] [event_listener/table_file_created] column family: default, file path: /nvme/jinghuan/node_40001/db/000023.sst, file size: 78948322, job id: 6, reason: flush, status: OK
I20230630 06:37:30.795761 1258373 event_listener.cc:91] [event_listener/flush_completed] column family: default, thread_id: 1258373, job_id: 6, file: /nvme/jinghuan/node_40001/db/000023.sst, reason: 6, is_write_slowdown: no, is_write_stall: no, largest seqno: 2022734, smallest seqno: 1341649
I20230630 06:37:32.588830 1258374 event_listener.cc:84] [event_listener/flush_begin] column family: default, thread_id: 1258374, job_id: 7, reason: 6
W20230630 06:37:33.636942 1258609 event_listener.cc:132] [event_listener/stall_cond_changed] column family: default write stall condition was changed, from normal to delay
I20230630 06:37:34.154457 1258373 event_listener.cc:84] [event_listener/flush_begin] column family: metadata, thread_id: 1258373, job_id: 8, reason: 13
I20230630 06:37:35.424412 1258373 event_listener.cc:138] [event_listener/table_file_created] column family: metadata, file path: /nvme/jinghuan/node_40001/db/000029.sst, file size: 19243819, job id: 8, reason: flush, status: OK
I20230630 06:37:35.438505 1258373 event_listener.cc:91] [event_listener/flush_completed] column family: metadata, thread_id: 1258373, job_id: 8, file: /nvme/jinghuan/node_40001/db/000029.sst, reason: 13, is_write_slowdown: no, is_write_stall: no, largest seqno: 3147584, smallest seqno: 11
I20230630 06:37:35.471930 1258373 event_listener.cc:84] [event_listener/flush_begin] column family: default, thread_id: 1258373, job_id: 9, reason: 6
I20230630 06:37:36.640781 1258374 event_listener.cc:138] [event_listener/table_file_created] column family: default, file path: /nvme/jinghuan/node_40001/db/000026.sst, file size: 76818966, job id: 7, reason: flush, status: OK
I20230630 06:37:36.665805 1258374 event_listener.cc:91] [event_listener/flush_completed] column family: default, thread_id: 1258374, job_id: 7, file: /nvme/jinghuan/node_40001/db/000026.sst, reason: 6, is_write_slowdown: no, is_write_stall: no, largest seqno: 2685462, smallest seqno: 2022736
W20230630 06:37:36.666205 1258374 event_listener.cc:132] [event_listener/stall_cond_changed] column family: default write stall condition was changed, from stop to normal
W20230630 06:37:36.666322 1258609 event_listener.cc:132] [event_listener/stall_cond_changed] column family: default write stall condition was changed, from delay to stop
W20230630 06:37:37.957020 1258604 event_listener.cc:132] [event_listener/stall_cond_changed] column family: default write stall condition was changed, from normal to delay
I20230630 06:37:38.527923 1258372 event_listener.cc:138] [event_listener/table_file_created] column family: metadata, file path: /nvme/jinghuan/node_40001/db/000032.sst, file size: 19243815, job id: 10, reason: compaction, status: OK
I20230630 06:37:38.540973 1258372 event_listener.cc:71] [event_listener/compaction_completed] column family: metadata, compaction reason: 11, output compression type: no, base input level(files): 0(1), output level(files): 0(1), input bytes: 19243819, output bytes:19243815, is_manual_compaction:no, elapsed(micro): 1891710
I20230630 06:37:38.544183 1258372 event_listener.cc:127] [event_listener/table_file_deleted] db: /nvme/jinghuan/node_40001/db, sst file: /nvme/jinghuan/node_40001/db/000029.sst, status: OK
I20230630 06:37:39.301779 1258374 event_listener.cc:84] [event_listener/flush_begin] column family: default, thread_id: 1258374, job_id: 12, reason: 6
I20230630 06:37:41.737078 1258373 event_listener.cc:138] [event_listener/table_file_created] column family: default, file path: /nvme/jinghuan/node_40001/db/000031.sst, file size: 76784290, job id: 9, reason: flush, status: OK
I20230630 06:37:41.746050 1258373 event_listener.cc:91] [event_listener/flush_completed] column family: default, thread_id: 1258373, job_id: 9, file: /nvme/jinghuan/node_40001/db/000031.sst, reason: 6, is_write_slowdown: no, is_write_stall: no, largest seqno: 3347893, smallest seqno: 2685464
W20230630 06:37:41.746228 1258373 event_listener.cc:132] [event_listener/stall_cond_changed] column family: default write stall condition was changed, from stop to normal
W20230630 06:37:41.748551 1258602 event_listener.cc:132] [event_listener/stall_cond_changed] column family: default write stall condition was changed, from delay to stop
W20230630 06:37:43.045442 1258608 event_listener.cc:132] [event_listener/stall_cond_changed] column family: default write stall condition was changed, from normal to delay
I20230630 06:37:44.448963 1258373 event_listener.cc:84] [event_listener/flush_begin] column family: default, thread_id: 1258373, job_id: 13, reason: 6
I20230630 06:37:45.839387 1258374 event_listener.cc:138] [event_listener/table_file_created] column family: default, file path: /nvme/jinghuan/node_40001/db/000036.sst, file size: 81170742, job id: 12, reason: flush, status: OK
I20230630 06:37:45.855180 1258374 event_listener.cc:91] [event_listener/flush_completed] column family: default, thread_id: 1258374, job_id: 12, file: /nvme/jinghuan/node_40001/db/000036.sst, reason: 6, is_write_slowdown: no, is_write_stall: no, largest seqno: 4048208, smallest seqno: 3347895
W20230630 06:37:45.855290 1258374 event_listener.cc:132] [event_listener/stall_cond_changed] column family: default write stall condition was changed, from stop to normal
W20230630 06:37:45.856503 1258604 event_listener.cc:132] [event_listener/stall_cond_changed] column family: default write stall condition was changed, from delay to stop
W20230630 06:37:47.164908 1258603 event_listener.cc:132] [event_listener/stall_cond_changed] column family: default write stall condition was changed, from normal to delay
I20230630 06:37:48.416198 1258374 event_listener.cc:84] [event_listener/flush_begin] column family: default, thread_id: 1258374, job_id: 14, reason: 6
I20230630 06:37:51.743178 1258373 event_listener.cc:138] [event_listener/table_file_created] column family: default, file path: /nvme/jinghuan/node_40001/db/000039.sst, file size: 85034890, job id: 13, reason: flush, status: OK
I20230630 06:37:51.752302 1258373 event_listener.cc:91] [event_listener/flush_completed] column family: default, thread_id: 1258373, job_id: 13, file: /nvme/jinghuan/node_40001/db/000039.sst, reason: 6, is_write_slowdown: no, is_write_stall: no, largest seqno: 4781886, smallest seqno: 4048210
W20230630 06:37:51.752346 1258373 event_listener.cc:132] [event_listener/stall_cond_changed] column family: default write stall condition was changed, from stop to normal
W20230630 06:37:51.752753 1258603 event_listener.cc:132] [event_listener/stall_cond_changed] column family: default write stall condition was changed, from delay to stop
I20230630 06:37:52.638711 1258370 event_listener.cc:138] [event_listener/table_file_created] column family: default, file path: /nvme/jinghuan/node_40001/db/000034.sst, file size: 138730699, job id: 11, reason: compaction, status: OK
W20230630 06:37:52.905812 1258602 event_listener.cc:132] [event_listener/stall_cond_changed] column family: default write stall condition was changed, from normal to delay
I20230630 06:37:54.273586 1258373 event_listener.cc:84] [event_listener/flush_begin] column family: default, thread_id: 1258373, job_id: 15, reason: 6
I20230630 06:37:54.747298 1258374 event_listener.cc:138] [event_listener/table_file_created] column family: default, file path: /nvme/jinghuan/node_40001/db/000042.sst, file size: 77606218, job id: 14, reason: flush, status: OK
I20230630 06:37:54.756361 1258374 event_listener.cc:91] [event_listener/flush_completed] column family: default, thread_id: 1258374, job_id: 14, file: /nvme/jinghuan/node_40001/db/000042.sst, reason: 6, is_write_slowdown: no, is_write_stall: no, largest seqno: 5451423, smallest seqno: 4781888
W20230630 06:37:54.756409 1258374 event_listener.cc:132] [event_listener/stall_cond_changed] column family: default write stall condition was changed, from stop to normal
W20230630 06:37:54.756847 1258602 event_listener.cc:132] [event_listener/stall_cond_changed] column family: default write stall condition was changed, from delay to stop
I20230630 06:37:55.440251 1258374 event_listener.cc:84] [event_listener/flush_begin] column family: metadata, thread_id: 1258374, job_id: 17, reason: 13
W20230630 06:37:56.172729 1258607 event_listener.cc:132] [event_listener/stall_cond_changed] column family: default write stall condition was changed, from normal to delay
I20230630 06:37:57.741531 1258374 event_listener.cc:138] [event_listener/table_file_created] column family: metadata, file path: /nvme/jinghuan/node_40001/db/000049.sst, file size: 19238479, job id: 17, reason: flush, status: OK
I20230630 06:37:57.750476 1258374 event_listener.cc:91] [event_listener/flush_completed] column family: metadata, thread_id: 1258374, job_id: 17, file: /nvme/jinghuan/node_40001/db/000049.sst, reason: 13, is_write_slowdown: no, is_write_stall: no, largest seqno: 6295201, smallest seqno: 3147595
I20230630 06:37:57.824317 1258374 event_listener.cc:84] [event_listener/flush_begin] column family: default, thread_id: 1258374, job_id: 18, reason: 6
I20230630 06:38:01.748771 1258373 event_listener.cc:138] [event_listener/table_file_created] column family: default, file path: /nvme/jinghuan/node_40001/db/000046.sst, file size: 77982958, job id: 15, reason: flush, status: OK
I20230630 06:38:01.757925 1258373 event_listener.cc:91] [event_listener/flush_completed] column family: default, thread_id: 1258373, job_id: 15, file: /nvme/jinghuan/node_40001/db/000046.sst, reason: 6, is_write_slowdown: no, is_write_stall: no, largest seqno: 6124216, smallest seqno: 5451425
W20230630 06:38:01.758133 1258373 event_listener.cc:132] [event_listener/stall_cond_changed] column family: default write stall condition was changed, from stop to normal
W20230630 06:38:01.758278 1258607 event_listener.cc:132] [event_listener/stall_cond_changed] column family: default write stall condition was changed, from delay to stop
W20230630 06:38:03.086992 1258607 event_listener.cc:132] [event_listener/stall_cond_changed] column family: default write stall condition was changed, from normal to delay
I20230630 06:38:04.499809 1258373 event_listener.cc:84] [event_listener/flush_begin] column family: default, thread_id: 1258373, job_id: 19, reason: 6
I20230630 06:38:05.855958 1258374 event_listener.cc:138] [event_listener/table_file_created] column family: default, file path: /nvme/jinghuan/node_40001/db/000052.sst, file size: 83044690, job id: 18, reason: flush, status: OK
I20230630 06:38:05.873008 1258374 event_listener.cc:91] [event_listener/flush_completed] column family: default, thread_id: 1258374, job_id: 18, file: /nvme/jinghuan/node_40001/db/000052.sst, reason: 6, is_write_slowdown: no, is_write_stall: no, largest seqno: 6840668, smallest seqno: 6124218
W20230630 06:38:05.873423 1258374 event_listener.cc:132] [event_listener/stall_cond_changed] column family: default write stall condition was changed, from stop to normal
W20230630 06:38:05.874125 1258607 event_listener.cc:132] [event_listener/stall_cond_changed] column family: default write stall condition was changed, from delay to stop
W20230630 06:38:07.064975 1258602 event_listener.cc:132] [event_listener/stall_cond_changed] column family: default write stall condition was changed, from normal to delay
I20230630 06:38:08.322182 1258374 event_listener.cc:84] [event_listener/flush_begin] column family: default, thread_id: 1258374, job_id: 20, reason: 6
I20230630 06:38:12.053115 1258373 event_listener.cc:138] [event_listener/table_file_created] column family: default, file path: /nvme/jinghuan/node_40001/db/000055.sst, file size: 79053753, job id: 19, reason: flush, status: OK
I20230630 06:38:12.062041 1258373 event_listener.cc:91] [event_listener/flush_completed] column family: default, thread_id: 1258373, job_id: 19, file: /nvme/jinghuan/node_40001/db/000055.sst, reason: 6, is_write_slowdown: no, is_write_stall: no, largest seqno: 7522701, smallest seqno: 6840670
W20230630 06:38:12.062101 1258373 event_listener.cc:132] [event_listener/stall_cond_changed] column family: default write stall condition was changed, from stop to normal
W20230630 06:38:12.062788 1258606 event_listener.cc:132] [event_listener/stall_cond_changed] column family: default write stall condition was changed, from delay to stop
I20230630 06:38:12.555769 1258370 event_listener.cc:138] [event_listener/table_file_created] column family: default, file path: /nvme/jinghuan/node_40001/db/000043.sst, file size: 138699779, job id: 11, reason: compaction, status: OK
W20230630 06:38:13.550276 1258605 event_listener.cc:132] [event_listener/stall_cond_changed] column family: default write stall condition was changed, from normal to delay
I20230630 06:38:15.028095 1258373 event_listener.cc:84] [event_listener/flush_begin] column family: default, thread_id: 1258373, job_id: 21, reason: 6
I20230630 06:38:15.551124 1258374 event_listener.cc:138] [event_listener/table_file_created] column family: default, file path: /nvme/jinghuan/node_40001/db/000058.sst, file size: 76629417, job id: 20, reason: flush, status: OK
I20230630 06:38:15.557489 1258374 event_listener.cc:91] [event_listener/flush_completed] column family: default, thread_id: 1258374, job_id: 20, file: /nvme/jinghuan/node_40001/db/000058.sst, reason: 6, is_write_slowdown: no, is_write_stall: no, largest seqno: 8183812, smallest seqno: 7522703
W20230630 06:38:15.557539 1258374 event_listener.cc:132] [event_listener/stall_cond_changed] column family: default write stall condition was changed, from stop to normal
W20230630 06:38:15.558072 1258605 event_listener.cc:132] [event_listener/stall_cond_changed] column family: default write stall condition was changed, from delay to stop
I20230630 06:38:16.049643 1258370 event_listener.cc:138] [event_listener/table_file_created] column family: default, file path: /nvme/jinghuan/node_40001/db/000059.sst, file size: 33699333, job id: 11, reason: compaction, status: OK
I20230630 06:38:16.070214 1258370 event_listener.cc:71] [event_listener/compaction_completed] column family: default, compaction reason: 1, output compression type: no, base input level(files): 0(4), output level(files): 1(3), input bytes: 311273215, output bytes:311129811, is_manual_compaction:no, elapsed(micro): 38092634
W20230630 06:38:16.715334 1258607 event_listener.cc:132] [event_listener/stall_cond_changed] column family: default write stall condition was changed, from normal to delay
I20230630 06:38:17.515132 1258374 event_listener.cc:84] [event_listener/flush_begin] column family: metadata, thread_id: 1258374, job_id: 23, reason: 13
I20230630 06:38:19.360467 1258374 event_listener.cc:138] [event_listener/table_file_created] column family: metadata, file path: /nvme/jinghuan/node_40001/db/000066.sst, file size: 19218866, job id: 23, reason: flush, status: OK
I20230630 06:38:19.369589 1258374 event_listener.cc:91] [event_listener/flush_completed] column family: metadata, thread_id: 1258374, job_id: 23, file: /nvme/jinghuan/node_40001/db/000066.sst, reason: 13, is_write_slowdown: no, is_write_stall: no, largest seqno: 9442730, smallest seqno: 6295212
I20230630 06:38:19.384949 1258374 event_listener.cc:84] [event_listener/flush_begin] column family: default, thread_id: 1258374, job_id: 24, reason: 6
I20230630 06:38:23.158381 1258373 event_listener.cc:138] [event_listener/table_file_created] column family: default, file path: /nvme/jinghuan/node_40001/db/000062.sst, file size: 85013607, job id: 21, reason: flush, status: OK
I20230630 06:38:23.168210 1258373 event_listener.cc:91] [event_listener/flush_completed] column family: default, thread_id: 1258373, job_id: 21, file: /nvme/jinghuan/node_40001/db/000062.sst, reason: 6, is_write_slowdown: no, is_write_stall: no, largest seqno: 8917281, smallest seqno: 8183814
W20230630 06:38:23.168426 1258373 event_listener.cc:132] [event_listener/stall_cond_changed] column family: default write stall condition was changed, from stop to normal
W20230630 06:38:23.168643 1258605 event_listener.cc:132] [event_listener/stall_cond_changed] column family: default write stall condition was changed, from delay to stop
W20230630 06:38:24.651142 1258604 event_listener.cc:132] [event_listener/stall_cond_changed] column family: default write stall condition was changed, from normal to delay
I20230630 06:38:25.964280 1258374 event_listener.cc:138] [event_listener/table_file_created] column family: default, file path: /nvme/jinghuan/node_40001/db/000068.sst, file size: 75070555, job id: 24, reason: flush, status: OK
I20230630 06:38:25.970741 1258374 event_listener.cc:91] [event_listener/flush_completed] column family: default, thread_id: 1258374, job_id: 24, file: /nvme/jinghuan/node_40001/db/000068.sst, reason: 6, is_write_slowdown: no, is_write_stall: no, largest seqno: 9564917, smallest seqno: 8917283
W20230630 06:38:25.970880 1258374 event_listener.cc:132] [event_listener/stall_cond_changed] column family: default write stall condition was changed, from delay to normal
I20230630 06:38:26.222491 1258373 event_listener.cc:84] [event_listener/flush_begin] column family: default, thread_id: 1258373, job_id: 25, reason: 6
W20230630 06:38:27.611315 1258604 event_listener.cc:132] [event_listener/stall_cond_changed] column family: default write stall condition was changed, from normal to delay
I20230630 06:38:29.126654 1258374 event_listener.cc:84] [event_listener/flush_begin] column family: default, thread_id: 1258374, job_id: 26, reason: 6
I20230630 06:38:34.265055 1258373 event_listener.cc:138] [event_listener/table_file_created] column family: default, file path: /nvme/jinghuan/node_40001/db/000071.sst, file size: 84885067, job id: 25, reason: flush, status: OK
I20230630 06:38:34.274943 1258373 event_listener.cc:91] [event_listener/flush_completed] column family: default, thread_id: 1258373, job_id: 25, file: /nvme/jinghuan/node_40001/db/000071.sst, reason: 6, is_write_slowdown: no, is_write_stall: no, largest seqno: 10297297, smallest seqno: 9564919
W20230630 06:38:34.275007 1258373 event_listener.cc:132] [event_listener/stall_cond_changed] column family: default write stall condition was changed, from stop to normal
W20230630 06:38:34.275765 1258604 event_listener.cc:132] [event_listener/stall_cond_changed] column family: default write stall condition was changed, from delay to stop
W20230630 06:38:35.673821 1258608 event_listener.cc:132] [event_listener/stall_cond_changed] column family: default write stall condition was changed, from normal to delay
I20230630 06:38:36.571933 1258372 event_listener.cc:138] [event_listener/table_file_created] column family: default, file path: /nvme/jinghuan/node_40001/db/000047.sst, file size: 320481668, job id: 16, reason: compaction, status: OK
I20230630 06:38:36.572353 1258374 event_listener.cc:138] [event_listener/table_file_created] column family: default, file path: /nvme/jinghuan/node_40001/db/000074.sst, file size: 85046142, job id: 26, reason: flush, status: OK
I20230630 06:38:36.582255 1258374 event_listener.cc:91] [event_listener/flush_completed] column family: default, thread_id: 1258374, job_id: 26, file: /nvme/jinghuan/node_40001/db/000074.sst, reason: 6, is_write_slowdown: no, is_write_stall: no, largest seqno: 11031041, smallest seqno: 10297299
W20230630 06:38:36.582355 1258374 event_listener.cc:132] [event_listener/stall_cond_changed] column family: default write stall condition was changed, from delay to normal
I20230630 06:38:36.597412 1258372 event_listener.cc:71] [event_listener/compaction_completed] column family: default, compaction reason: 1, output compression type: no, base input level(files): 0(4), output level(files): 0(1), input bytes: 320596140, output bytes:320481668, is_manual_compaction:no, elapsed(micro): 41815538
I20230630 06:38:36.607858 1258372 event_listener.cc:127] [event_listener/table_file_deleted] db: /nvme/jinghuan/node_40001/db, sst file: /nvme/jinghuan/node_40001/db/000026.sst, status: OK
I20230630 06:38:36.614694 1258372 event_listener.cc:127] [event_listener/table_file_deleted] db: /nvme/jinghuan/node_40001/db, sst file: /nvme/jinghuan/node_40001/db/000023.sst, status: OK
I20230630 06:38:36.621101 1258372 event_listener.cc:127] [event_listener/table_file_deleted] db: /nvme/jinghuan/node_40001/db, sst file: /nvme/jinghuan/node_40001/db/000020.sst, status: OK
I20230630 06:38:36.628139 1258372 event_listener.cc:127] [event_listener/table_file_deleted] db: /nvme/jinghuan/node_40001/db, sst file: /nvme/jinghuan/node_40001/db/000017.sst, status: OK
I20230630 06:38:37.098978 1258373 event_listener.cc:84] [event_listener/flush_begin] column family: default, thread_id: 1258373, job_id: 28, reason: 6
W20230630 06:38:38.388711 1258602 event_listener.cc:132] [event_listener/stall_cond_changed] column family: default write stall condition was changed, from normal to delay
I20230630 06:38:39.809193 1258374 event_listener.cc:84] [event_listener/flush_begin] column family: default, thread_id: 1258374, job_id: 29, reason: 6
I20230630 06:38:45.076486 1258373 event_listener.cc:138] [event_listener/table_file_created] column family: default, file path: /nvme/jinghuan/node_40001/db/000078.sst, file size: 84774101, job id: 28, reason: flush, status: OK
I20230630 06:38:45.086488 1258373 event_listener.cc:91] [event_listener/flush_completed] column family: default, thread_id: 1258373, job_id: 28, file: /nvme/jinghuan/node_40001/db/000078.sst, reason: 6, is_write_slowdown: no, is_write_stall: no, largest seqno: 11762431, smallest seqno: 11031043
W20230630 06:38:45.086536 1258373 event_listener.cc:132] [event_listener/stall_cond_changed] column family: default write stall condition was changed, from stop to normal
W20230630 06:38:45.087075 1258602 event_listener.cc:132] [event_listener/stall_cond_changed] column family: default write stall condition was changed, from delay to stop
E20230630 06:38:45.087394 1258606 redis_connection.cc:103] [connection] Going to remove the client: 127.0.0.1:44694, while encounter error: Broken pipe
E20230630 06:38:45.088207 1258608 redis_connection.cc:103] [connection] Going to remove the client: , while encounter error: Broken pipe
E20230630 06:38:45.088397 1258605 redis_connection.cc:103] [connection] Going to remove the client: , while encounter error: Broken pipe
E20230630 06:38:45.088414 1258602 redis_connection.cc:103] [connection] Going to remove the client: , while encounter error: Broken pipe
E20230630 06:38:45.088693 1258607 redis_connection.cc:103] [connection] Going to remove the client: , while encounter error: Broken pipe
E20230630 06:38:45.089162 1258607 redis_connection.cc:103] [connection] Going to remove the client: , while encounter error: Broken pipe
E20230630 06:38:45.089251 1258604 redis_connection.cc:103] [connection] Going to remove the client: , while encounter error: Broken pipe
E20230630 06:38:45.089309 1258606 redis_connection.cc:103] [connection] Going to remove the client: , while encounter error: Broken pipe
E20230630 06:38:45.089352 1258604 redis_connection.cc:103] [connection] Going to remove the client: , while encounter error: Broken pipe
I20230630 06:38:45.486040 1258373 event_listener.cc:84] [event_listener/flush_begin] column family: metadata, thread_id: 1258373, job_id: 30, reason: 13
W20230630 06:38:46.562680 1258605 event_listener.cc:132] [event_listener/stall_cond_changed] column family: default write stall condition was changed, from normal to delay
I20230630 06:38:47.371157 1258373 event_listener.cc:138] [event_listener/table_file_created] column family: metadata, file path: /nvme/jinghuan/node_40001/db/000083.sst, file size: 19220746, job id: 30, reason: flush, status: OK
I20230630 06:38:47.385965 1258373 event_listener.cc:91] [event_listener/flush_completed] column family: metadata, thread_id: 1258373, job_id: 30, file: /nvme/jinghuan/node_40001/db/000083.sst, reason: 13, is_write_slowdown: no, is_write_stall: no, largest seqno: 12590292, smallest seqno: 9442741
I20230630 06:38:47.580616 1258374 event_listener.cc:138] [event_listener/table_file_created] column family: default, file path: /nvme/jinghuan/node_40001/db/000081.sst, file size: 85043207, job id: 29, reason: flush, status: OK
I20230630 06:38:47.593171 1258374 event_listener.cc:91] [event_listener/flush_completed] column family: default, thread_id: 1258374, job_id: 29, file: /nvme/jinghuan/node_40001/db/000081.sst, reason: 6, is_write_slowdown: no, is_write_stall: no, largest seqno: 12496197, smallest seqno: 11762433
W20230630 06:38:47.593358 1258374 event_listener.cc:132] [event_listener/stall_cond_changed] column family: default write stall condition was changed, from delay to normal
I20230630 06:38:48.080837 1258373 event_listener.cc:84] [event_listener/flush_begin] column family: default, thread_id: 1258373, job_id: 31, reason: 6
W20230630 06:38:49.474383 1258605 event_listener.cc:132] [event_listener/stall_cond_changed] column family: default write stall condition was changed, from normal to delay
I20230630 06:38:50.922362 1258374 event_listener.cc:84] [event_listener/flush_begin] column family: default, thread_id: 1258374, job_id: 32, reason: 6
I20230630 06:38:51.179502 1258370 event_listener.cc:138] [event_listener/table_file_created] column family: default, file path: /nvme/jinghuan/node_40001/db/000063.sst, file size: 316580361, job id: 22, reason: compaction, status: OK
I20230630 06:38:51.204802 1258370 event_listener.cc:71] [event_listener/compaction_completed] column family: default, compaction reason: 1, output compression type: no, base input level(files): 0(4), output level(files): 0(1), input bytes: 316710818, output bytes:316580361, is_manual_compaction:no, elapsed(micro): 35109345
I20230630 06:38:51.215919 1258370 event_listener.cc:127] [event_listener/table_file_deleted] db: /nvme/jinghuan/node_40001/db, sst file: /nvme/jinghuan/node_40001/db/000042.sst, status: OK
I20230630 06:38:51.223162 1258370 event_listener.cc:127] [event_listener/table_file_deleted] db: /nvme/jinghuan/node_40001/db, sst file: /nvme/jinghuan/node_40001/db/000039.sst, status: OK
I20230630 06:38:51.230012 1258370 event_listener.cc:127] [event_listener/table_file_deleted] db: /nvme/jinghuan/node_40001/db, sst file: /nvme/jinghuan/node_40001/db/000036.sst, status: OK
I20230630 06:38:51.236524 1258370 event_listener.cc:127] [event_listener/table_file_deleted] db: /nvme/jinghuan/node_40001/db, sst file: /nvme/jinghuan/node_40001/db/000031.sst, status: OK
I20230630 06:38:55.388680 1258373 event_listener.cc:138] [event_listener/table_file_created] column family: default, file path: /nvme/jinghuan/node_40001/db/000086.sst, file size: 85044911, job id: 31, reason: flush, status: OK
I20230630 06:38:55.401635 1258373 event_listener.cc:91] [event_listener/flush_completed] column family: default, thread_id: 1258373, job_id: 31, file: /nvme/jinghuan/node_40001/db/000086.sst, reason: 6, is_write_slowdown: no, is_write_stall: no, largest seqno: 13229963, smallest seqno: 12496199
W20230630 06:38:55.401855 1258373 event_listener.cc:132] [event_listener/stall_cond_changed] column family: default write stall condition was changed, from stop to normal
W20230630 06:38:55.402096 1258605 event_listener.cc:132] [event_listener/stall_cond_changed] column family: default write stall condition was changed, from delay to stop
W20230630 06:38:56.618649 1258606 event_listener.cc:132] [event_listener/stall_cond_changed] column family: default write stall condition was changed, from normal to delay
I20230630 06:38:57.488379 1258374 event_listener.cc:138] [event_listener/table_file_created] column family: default, file path: /nvme/jinghuan/node_40001/db/000089.sst, file size: 85043568, job id: 32, reason: flush, status: OK
I20230630 06:38:57.505396 1258374 event_listener.cc:91] [event_listener/flush_completed] column family: default, thread_id: 1258374, job_id: 32, file: /nvme/jinghuan/node_40001/db/000089.sst, reason: 6, is_write_slowdown: no, is_write_stall: no, largest seqno: 13963685, smallest seqno: 13229965
W20230630 06:38:57.505507 1258374 event_listener.cc:132] [event_listener/stall_cond_changed] column family: default write stall condition was changed, from delay to normal
I20230630 06:38:57.898537 1258373 event_listener.cc:84] [event_listener/flush_begin] column family: default, thread_id: 1258373, job_id: 35, reason: 6
I20230630 06:38:58.075961 1258370 event_listener.cc:138] [event_listener/table_file_created] column family: metadata, file path: /nvme/jinghuan/node_40001/db/000090.sst, file size: 76274175, job id: 34, reason: compaction, status: OK
I20230630 06:38:58.086537 1258370 event_listener.cc:71] [event_listener/compaction_completed] column family: metadata, compaction reason: 1, output compression type: no, base input level(files): 0(4), output level(files): 1(1), input bytes: 76921906, output bytes:76274175, is_manual_compaction:no, elapsed(micro): 6839447
I20230630 06:38:58.088749 1258370 event_listener.cc:127] [event_listener/table_file_deleted] db: /nvme/jinghuan/node_40001/db, sst file: /nvme/jinghuan/node_40001/db/000066.sst, status: OK
I20230630 06:38:58.090801 1258370 event_listener.cc:127] [event_listener/table_file_deleted] db: /nvme/jinghuan/node_40001/db, sst file: /nvme/jinghuan/node_40001/db/000049.sst, status: OK
I20230630 06:38:58.093133 1258370 event_listener.cc:127] [event_listener/table_file_deleted] db: /nvme/jinghuan/node_40001/db, sst file: /nvme/jinghuan/node_40001/db/000032.sst, status: OK
W20230630 06:38:59.084654 1258603 event_listener.cc:132] [event_listener/stall_cond_changed] column family: default write stall condition was changed, from normal to delay
I20230630 06:39:00.398545 1258374 event_listener.cc:84] [event_listener/flush_begin] column family: default, thread_id: 1258374, job_id: 37, reason: 6
I20230630 06:39:03.696414 1258373 event_listener.cc:138] [event_listener/table_file_created] column family: default, file path: /nvme/jinghuan/node_40001/db/000093.sst, file size: 76849132, job id: 35, reason: flush, status: OK
I20230630 06:39:03.712574 1258373 event_listener.cc:91] [event_listener/flush_completed] column family: default, thread_id: 1258373, job_id: 35, file: /nvme/jinghuan/node_40001/db/000093.sst, reason: 6, is_write_slowdown: no, is_write_stall: no, largest seqno: 14626677, smallest seqno: 13963687
W20230630 06:39:03.712693 1258373 event_listener.cc:132] [event_listener/stall_cond_changed] column family: default write stall condition was changed, from stop to normal
W20230630 06:39:03.713492 1258603 event_listener.cc:132] [event_listener/stall_cond_changed] column family: default write stall condition was changed, from delay to stop
W20230630 06:39:05.066848 1258609 event_listener.cc:132] [event_listener/stall_cond_changed] column family: default write stall condition was changed, from normal to delay
I20230630 06:39:05.391847 1258373 event_listener.cc:84] [event_listener/flush_begin] column family: metadata, thread_id: 1258373, job_id: 38, reason: 13
I20230630 06:39:06.491976 1258374 event_listener.cc:138] [event_listener/table_file_created] column family: default, file path: /nvme/jinghuan/node_40001/db/000097.sst, file size: 77359442, job id: 37, reason: flush, status: OK
I20230630 06:39:06.502681 1258374 event_listener.cc:91] [event_listener/flush_completed] column family: default, thread_id: 1258374, job_id: 37, file: /nvme/jinghuan/node_40001/db/000097.sst, reason: 6, is_write_slowdown: no, is_write_stall: no, largest seqno: 15294113, smallest seqno: 14626679
W20230630 06:39:06.502790 1258374 event_listener.cc:132] [event_listener/stall_cond_changed] column family: default write stall condition was changed, from stop to normal
W20230630 06:39:06.505043 1258609 event_listener.cc:132] [event_listener/stall_cond_changed] column family: default write stall condition was changed, from delay to stop
I20230630 06:39:06.524528 1258374 event_listener.cc:84] [event_listener/flush_begin] column family: default, thread_id: 1258374, job_id: 39, reason: 6
I20230630 06:39:07.285396 1258373 event_listener.cc:138] [event_listener/table_file_created] column family: metadata, file path: /nvme/jinghuan/node_40001/db/000100.sst, file size: 19250653, job id: 38, reason: flush, status: OK
I20230630 06:39:07.299105 1258373 event_listener.cc:91] [event_listener/flush_completed] column family: metadata, thread_id: 1258373, job_id: 38, file: /nvme/jinghuan/node_40001/db/000100.sst, reason: 13, is_write_slowdown: no, is_write_stall: no, largest seqno: 15737876, smallest seqno: 12590303
W20230630 06:39:07.878495 1258607 event_listener.cc:132] [event_listener/stall_cond_changed] column family: default write stall condition was changed, from normal to delay
I20230630 06:39:09.291322 1258373 event_listener.cc:84] [event_listener/flush_begin] column family: default, thread_id: 1258373, job_id: 40, reason: 6
I20230630 06:39:09.984635 1258372 event_listener.cc:138] [event_listener/table_file_created] column family: default, file path: /nvme/jinghuan/node_40001/db/000076.sst, file size: 329852525, job id: 27, reason: compaction, status: OK
I20230630 06:39:10.008294 1258372 event_listener.cc:71] [event_listener/compaction_completed] column family: default, compaction reason: 1, output compression type: no, base input level(files): 0(4), output level(files): 0(1), input bytes: 330015371, output bytes:329852525, is_manual_compaction:no, elapsed(micro): 33356513
I20230630 06:39:10.011209 1258372 event_listener.cc:127] [event_listener/table_file_deleted] db: /nvme/jinghuan/node_40001/db, sst file: /nvme/jinghuan/node_40001/db/000083.sst, status: OK
I20230630 06:39:10.019062 1258372 event_listener.cc:127] [event_listener/table_file_deleted] db: /nvme/jinghuan/node_40001/db, sst file: /nvme/jinghuan/node_40001/db/000058.sst, status: OK
I20230630 06:39:10.025359 1258372 event_listener.cc:127] [event_listener/table_file_deleted] db: /nvme/jinghuan/node_40001/db, sst file: /nvme/jinghuan/node_40001/db/000055.sst, status: OK
I20230630 06:39:10.032104 1258372 event_listener.cc:127] [event_listener/table_file_deleted] db: /nvme/jinghuan/node_40001/db, sst file: /nvme/jinghuan/node_40001/db/000052.sst, status: OK
I20230630 06:39:10.038411 1258372 event_listener.cc:127] [event_listener/table_file_deleted] db: /nvme/jinghuan/node_40001/db, sst file: /nvme/jinghuan/node_40001/db/000046.sst, status: OK
I20230630 06:39:11.889554 1258374 event_listener.cc:138] [event_listener/table_file_created] column family: default, file path: /nvme/jinghuan/node_40001/db/000102.sst, file size: 85010875, job id: 39, reason: flush, status: OK
I20230630 06:39:11.896070 1258374 event_listener.cc:91] [event_listener/flush_completed] column family: default, thread_id: 1258374, job_id: 39, file: /nvme/jinghuan/node_40001/db/000102.sst, reason: 6, is_write_slowdown: no, is_write_stall: no, largest seqno: 16027571, smallest seqno: 15294115
W20230630 06:39:11.896162 1258374 event_listener.cc:132] [event_listener/stall_cond_changed] column family: default write stall condition was changed, from stop to normal
W20230630 06:39:11.896477 1258607 event_listener.cc:132] [event_listener/stall_cond_changed] column family: default write stall condition was changed, from delay to stop
W20230630 06:39:13.129297 1258606 event_listener.cc:132] [event_listener/stall_cond_changed] column family: default write stall condition was changed, from normal to delay
I20230630 06:39:14.095484 1258373 event_listener.cc:138] [event_listener/table_file_created] column family: default, file path: /nvme/jinghuan/node_40001/db/000105.sst, file size: 85048719, job id: 40, reason: flush, status: OK
I20230630 06:39:14.101864 1258373 event_listener.cc:91] [event_listener/flush_completed] column family: default, thread_id: 1258373, job_id: 40, file: /nvme/jinghuan/node_40001/db/000105.sst, reason: 6, is_write_slowdown: no, is_write_stall: no, largest seqno: 16761348, smallest seqno: 16027573
W20230630 06:39:14.101985 1258373 event_listener.cc:132] [event_listener/stall_cond_changed] column family: default write stall condition was changed, from delay to normal
I20230630 06:39:14.409262 1258374 event_listener.cc:84] [event_listener/flush_begin] column family: default, thread_id: 1258374, job_id: 45, reason: 6
W20230630 06:39:15.577039 1258606 event_listener.cc:132] [event_listener/stall_cond_changed] column family: default write stall condition was changed, from normal to delay
I20230630 06:39:16.920419 1258373 event_listener.cc:84] [event_listener/flush_begin] column family: default, thread_id: 1258373, job_id: 46, reason: 6
I20230630 06:39:18.899035 1258374 event_listener.cc:138] [event_listener/table_file_created] column family: default, file path: /nvme/jinghuan/node_40001/db/000109.sst, file size: 75932471, job id: 45, reason: flush, status: OK
I20230630 06:39:18.905781 1258374 event_listener.cc:91] [event_listener/flush_completed] column family: default, thread_id: 1258374, job_id: 45, file: /nvme/jinghuan/node_40001/db/000109.sst, reason: 6, is_write_slowdown: no, is_write_stall: no, largest seqno: 17416431, smallest seqno: 16761350
W20230630 06:39:18.905825 1258374 event_listener.cc:132] [event_listener/stall_cond_changed] column family: default write stall condition was changed, from stop to normal
W20230630 06:39:18.906226 1258604 event_listener.cc:132] [event_listener/stall_cond_changed] column family: default write stall condition was changed, from delay to stop
W20230630 06:39:20.257223 1258603 event_listener.cc:132] [event_listener/stall_cond_changed] column family: default write stall condition was changed, from normal to delay
I20230630 06:39:21.651273 1258374 event_listener.cc:84] [event_listener/flush_begin] column family: default, thread_id: 1258374, job_id: 47, reason: 6
I20230630 06:39:21.906001 1258373 event_listener.cc:138] [event_listener/table_file_created] column family: default, file path: /nvme/jinghuan/node_40001/db/000112.sst, file size: 78335421, job id: 46, reason: flush, status: OK
I20230630 06:39:21.920769 1258373 event_listener.cc:91] [event_listener/flush_completed] column family: default, thread_id: 1258373, job_id: 46, file: /nvme/jinghuan/node_40001/db/000112.sst, reason: 6, is_write_slowdown: no, is_write_stall: no, largest seqno: 18092260, smallest seqno: 17416433
W20230630 06:39:21.920884 1258373 event_listener.cc:132] [event_listener/stall_cond_changed] column family: default write stall condition was changed, from stop to normal
W20230630 06:39:21.921579 1258604 event_listener.cc:132] [event_listener/stall_cond_changed] column family: default write stall condition was changed, from delay to stop
I20230630 06:39:22.161708 1258373 event_listener.cc:84] [event_listener/flush_begin] column family: metadata, thread_id: 1258373, job_id: 48, reason: 13
W20230630 06:39:23.264168 1258605 event_listener.cc:132] [event_listener/stall_cond_changed] column family: default write stall condition was changed, from normal to delay
I20230630 06:39:23.901389 1258373 event_listener.cc:138] [event_listener/table_file_created] column family: metadata, file path: /nvme/jinghuan/node_40001/db/000117.sst, file size: 19249908, job id: 48, reason: flush, status: OK
I20230630 06:39:23.910272 1258373 event_listener.cc:91] [event_listener/flush_completed] column family: metadata, thread_id: 1258373, job_id: 48, file: /nvme/jinghuan/node_40001/db/000117.sst, reason: 13, is_write_slowdown: no, is_write_stall: no, largest seqno: 18885460, smallest seqno: 15737887
I20230630 06:39:24.659148 1258373 event_listener.cc:84] [event_listener/flush_begin] column family: default, thread_id: 1258373, job_id: 49, reason: 6
I20230630 06:39:27.810640 1258374 event_listener.cc:138] [event_listener/table_file_created] column family: default, file path: /nvme/jinghuan/node_40001/db/000115.sst, file size: 84945953, job id: 47, reason: flush, status: OK
I20230630 06:39:27.818408 1258374 event_listener.cc:91] [event_listener/flush_completed] column family: default, thread_id: 1258374, job_id: 47, file: /nvme/jinghuan/node_40001/db/000115.sst, reason: 6, is_write_slowdown: no, is_write_stall: no, largest seqno: 18825146, smallest seqno: 18092262
W20230630 06:39:27.818599 1258374 event_listener.cc:132] [event_listener/stall_cond_changed] column family: default write stall condition was changed, from stop to normal
W20230630 06:39:27.818794 1258605 event_listener.cc:132] [event_listener/stall_cond_changed] column family: default write stall condition was changed, from delay to stop
I20230630 06:39:28.105018 1258370 event_listener.cc:138] [event_listener/table_file_created] column family: default, file path: /nvme/jinghuan/node_40001/db/000094.sst, file size: 339791452, job id: 36, reason: compaction, status: OK
I20230630 06:39:28.128298 1258370 event_listener.cc:71] [event_listener/compaction_completed] column family: default, compaction reason: 1, output compression type: no, base input level(files): 0(4), output level(files): 0(1), input bytes: 339905787, output bytes:339791452, is_manual_compaction:no, elapsed(micro): 30011932
I20230630 06:39:28.138355 1258370 event_listener.cc:127] [event_listener/table_file_deleted] db: /nvme/jinghuan/node_40001/db, sst file: /nvme/jinghuan/node_40001/db/000074.sst, status: OK
I20230630 06:39:28.146024 1258370 event_listener.cc:127] [event_listener/table_file_deleted] db: /nvme/jinghuan/node_40001/db, sst file: /nvme/jinghuan/node_40001/db/000071.sst, status: OK
I20230630 06:39:28.152119 1258370 event_listener.cc:127] [event_listener/table_file_deleted] db: /nvme/jinghuan/node_40001/db, sst file: /nvme/jinghuan/node_40001/db/000068.sst, status: OK
I20230630 06:39:28.159060 1258370 event_listener.cc:127] [event_listener/table_file_deleted] db: /nvme/jinghuan/node_40001/db, sst file: /nvme/jinghuan/node_40001/db/000062.sst, status: OK
W20230630 06:39:28.999397 1258606 event_listener.cc:132] [event_listener/stall_cond_changed] column family: default write stall condition was changed, from normal to delay
I20230630 06:39:29.512428 1258373 event_listener.cc:138] [event_listener/table_file_created] column family: default, file path: /nvme/jinghuan/node_40001/db/000120.sst, file size: 85007881, job id: 49, reason: flush, status: OK
I20230630 06:39:29.522689 1258373 event_listener.cc:91] [event_listener/flush_completed] column family: default, thread_id: 1258373, job_id: 49, file: /nvme/jinghuan/node_40001/db/000120.sst, reason: 6, is_write_slowdown: no, is_write_stall: no, largest seqno: 19558560, smallest seqno: 18825148
W20230630 06:39:29.522850 1258373 event_listener.cc:132] [event_listener/stall_cond_changed] column family: default write stall condition was changed, from delay to normal
I20230630 06:39:30.386768 1258374 event_listener.cc:84] [event_listener/flush_begin] column family: default, thread_id: 1258374, job_id: 53, reason: 6
W20230630 06:39:31.563746 1258606 event_listener.cc:132] [event_listener/stall_cond_changed] column family: default write stall condition was changed, from normal to delay
I20230630 06:39:32.845649 1258373 event_listener.cc:84] [event_listener/flush_begin] column family: default, thread_id: 1258373, job_id: 54, reason: 6
I20230630 06:39:34.914945 1258374 event_listener.cc:138] [event_listener/table_file_created] column family: default, file path: /nvme/jinghuan/node_40001/db/000124.sst, file size: 78704525, job id: 53, reason: flush, status: OK
I20230630 06:39:34.930805 1258374 event_listener.cc:91] [event_listener/flush_completed] column family: default, thread_id: 1258374, job_id: 53, file: /nvme/jinghuan/node_40001/db/000124.sst, reason: 6, is_write_slowdown: no, is_write_stall: no, largest seqno: 20237568, smallest seqno: 19558562
W20230630 06:39:34.930928 1258374 event_listener.cc:132] [event_listener/stall_cond_changed] column family: default write stall condition was changed, from stop to normal
W20230630 06:39:34.931640 1258606 event_listener.cc:132] [event_listener/stall_cond_changed] column family: default write stall condition was changed, from delay to stop
W20230630 06:39:36.285698 1258602 event_listener.cc:132] [event_listener/stall_cond_changed] column family: default write stall condition was changed, from normal to delay
I20230630 06:39:37.005281 1258373 event_listener.cc:138] [event_listener/table_file_created] column family: default, file path: /nvme/jinghuan/node_40001/db/000127.sst, file size: 76871175, job id: 54, reason: flush, status: OK
