I20230630 02:11:45.121340 1189285 event_listener.cc:71] [event_listener/compaction_completed] column family: default, compaction reason: 2, output compression type: no, base input level(files): 2(1), output level(files): 3(1), input bytes: 0, output bytes:0, is_manual_compaction:no, elapsed(micro): 0
I20230630 02:11:45.133316 1189285 event_listener.cc:71] [event_listener/compaction_completed] column family: default, compaction reason: 2, output compression type: no, base input level(files): 2(1), output level(files): 3(1), input bytes: 0, output bytes:0, is_manual_compaction:no, elapsed(micro): 0
I20230630 02:11:45.150700 1189285 event_listener.cc:71] [event_listener/compaction_completed] column family: default, compaction reason: 2, output compression type: no, base input level(files): 2(1), output level(files): 3(1), input bytes: 0, output bytes:0, is_manual_compaction:no, elapsed(micro): 0
I20230630 02:11:45.168855 1189285 event_listener.cc:71] [event_listener/compaction_completed] column family: default, compaction reason: 2, output compression type: no, base input level(files): 2(1), output level(files): 3(1), input bytes: 0, output bytes:0, is_manual_compaction:no, elapsed(micro): 0
I20230630 02:11:45.178876 1189285 event_listener.cc:71] [event_listener/compaction_completed] column family: default, compaction reason: 2, output compression type: no, base input level(files): 2(1), output level(files): 3(1), input bytes: 0, output bytes:0, is_manual_compaction:no, elapsed(micro): 0
I20230630 02:11:45.191193 1189285 event_listener.cc:71] [event_listener/compaction_completed] column family: default, compaction reason: 2, output compression type: no, base input level(files): 2(1), output level(files): 3(1), input bytes: 0, output bytes:0, is_manual_compaction:no, elapsed(micro): 0
I20230630 02:11:45.200410 1189285 event_listener.cc:71] [event_listener/compaction_completed] column family: default, compaction reason: 2, output compression type: no, base input level(files): 2(1), output level(files): 3(1), input bytes: 0, output bytes:0, is_manual_compaction:no, elapsed(micro): 0
I20230630 02:11:45.685796 1189286 event_listener.cc:138] [event_listener/table_file_created] column family: default, file path: /nvme/jinghuan/node_40001/db/000925.sst, file size: 137111623, job id: 513, reason: compaction, status: OK
I20230630 02:11:45.774075 1189285 event_listener.cc:138] [event_listener/table_file_created] column family: default, file path: /nvme/jinghuan/node_40001/db/000926.sst, file size: 137392361, job id: 526, reason: compaction, status: OK
I20230630 02:11:46.310060 1189286 event_listener.cc:138] [event_listener/table_file_created] column family: default, file path: /nvme/jinghuan/node_40001/db/000927.sst, file size: 137174576, job id: 513, reason: compaction, status: OK
I20230630 02:11:46.365381 1189285 event_listener.cc:138] [event_listener/table_file_created] column family: default, file path: /nvme/jinghuan/node_40001/db/000928.sst, file size: 137043255, job id: 526, reason: compaction, status: OK
I20230630 02:11:46.383934 1189285 event_listener.cc:71] [event_listener/compaction_completed] column family: default, compaction reason: 2, output compression type: no, base input level(files): 2(2), output level(files): 3(2), input bytes: 274477681, output bytes:274435616, is_manual_compaction:no, elapsed(micro): 1165008
I20230630 02:11:46.964166 1189285 event_listener.cc:138] [event_listener/table_file_created] column family: default, file path: /nvme/jinghuan/node_40001/db/000930.sst, file size: 137334680, job id: 527, reason: compaction, status: OK
I20230630 02:11:46.975766 1189286 event_listener.cc:138] [event_listener/table_file_created] column family: default, file path: /nvme/jinghuan/node_40001/db/000929.sst, file size: 137172527, job id: 513, reason: compaction, status: OK
I20230630 02:11:47.420306 1189288 event_listener.cc:84] [event_listener/flush_begin] column family: default, thread_id: 1189288, job_id: 528, reason: 6
I20230630 02:11:47.578646 1189285 event_listener.cc:138] [event_listener/table_file_created] column family: default, file path: /nvme/jinghuan/node_40001/db/000931.sst, file size: 136992175, job id: 527, reason: compaction, status: OK
I20230630 02:11:47.600978 1189285 event_listener.cc:71] [event_listener/compaction_completed] column family: default, compaction reason: 2, output compression type: no, base input level(files): 2(2), output level(files): 3(2), input bytes: 274477773, output bytes:274326855, is_manual_compaction:no, elapsed(micro): 1194627
I20230630 02:11:47.761262 1189286 event_listener.cc:138] [event_listener/table_file_created] column family: default, file path: /nvme/jinghuan/node_40001/db/000932.sst, file size: 137172354, job id: 513, reason: compaction, status: OK
I20230630 02:11:47.795804 1189287 event_listener.cc:84] [event_listener/flush_begin] column family: metadata, thread_id: 1189287, job_id: 530, reason: 13
I20230630 02:11:47.803138 1189288 event_listener.cc:138] [event_listener/table_file_created] column family: default, file path: /nvme/jinghuan/node_40001/db/000934.sst, file size: 90755787, job id: 528, reason: flush, status: OK
I20230630 02:11:47.824687 1189288 event_listener.cc:91] [event_listener/flush_completed] column family: default, thread_id: 1189288, job_id: 528, file: /nvme/jinghuan/node_40001/db/000934.sst, reason: 6, is_write_slowdown: no, is_write_stall: no, largest seqno: 22209932, smallest seqno: 22097670
I20230630 02:11:47.870026 1189287 event_listener.cc:138] [event_listener/table_file_created] column family: metadata, file path: /nvme/jinghuan/node_40001/db/000938.sst, file size: 1865368, job id: 530, reason: flush, status: OK
I20230630 02:11:47.880458 1189287 event_listener.cc:91] [event_listener/flush_completed] column family: metadata, thread_id: 1189287, job_id: 530, file: /nvme/jinghuan/node_40001/db/000938.sst, reason: 13, is_write_slowdown: no, is_write_stall: no, largest seqno: 22000011, smallest seqno: 21699502
I20230630 02:11:48.316139 1189285 event_listener.cc:138] [event_listener/table_file_created] column family: default, file path: /nvme/jinghuan/node_40001/db/000935.sst, file size: 137306676, job id: 529, reason: compaction, status: OK
I20230630 02:11:48.423705 1189286 event_listener.cc:138] [event_listener/table_file_created] column family: default, file path: /nvme/jinghuan/node_40001/db/000936.sst, file size: 137163698, job id: 513, reason: compaction, status: OK
I20230630 02:11:48.971475 1189285 event_listener.cc:138] [event_listener/table_file_created] column family: default, file path: /nvme/jinghuan/node_40001/db/000939.sst, file size: 136966985, job id: 529, reason: compaction, status: OK
I20230630 02:11:48.994966 1189285 event_listener.cc:71] [event_listener/compaction_completed] column family: default, compaction reason: 2, output compression type: no, base input level(files): 2(2), output level(files): 3(2), input bytes: 274477729, output bytes:274273661, is_manual_compaction:no, elapsed(micro): 1370469
I20230630 02:11:49.016209 1189286 event_listener.cc:138] [event_listener/table_file_created] column family: default, file path: /nvme/jinghuan/node_40001/db/000940.sst, file size: 137178994, job id: 513, reason: compaction, status: OK
I20230630 02:11:49.595072 1189285 event_listener.cc:138] [event_listener/table_file_created] column family: default, file path: /nvme/jinghuan/node_40001/db/000941.sst, file size: 137129409, job id: 531, reason: compaction, status: OK
I20230630 02:11:49.616662 1189286 event_listener.cc:138] [event_listener/table_file_created] column family: default, file path: /nvme/jinghuan/node_40001/db/000942.sst, file size: 137184855, job id: 513, reason: compaction, status: OK
I20230630 02:11:50.208685 1189285 event_listener.cc:138] [event_listener/table_file_created] column family: default, file path: /nvme/jinghuan/node_40001/db/000943.sst, file size: 136827544, job id: 531, reason: compaction, status: OK
I20230630 02:11:50.226122 1189286 event_listener.cc:138] [event_listener/table_file_created] column family: default, file path: /nvme/jinghuan/node_40001/db/000944.sst, file size: 137178337, job id: 513, reason: compaction, status: OK
I20230630 02:11:50.239223 1189285 event_listener.cc:71] [event_listener/compaction_completed] column family: default, compaction reason: 2, output compression type: no, base input level(files): 2(2), output level(files): 3(2), input bytes: 274183821, output bytes:273956953, is_manual_compaction:no, elapsed(micro): 1213645
I20230630 02:11:50.647964 1189286 event_listener.cc:138] [event_listener/table_file_created] column family: default, file path: /nvme/jinghuan/node_40001/db/000946.sst, file size: 137170163, job id: 513, reason: compaction, status: OK
I20230630 02:11:51.068707 1189286 event_listener.cc:138] [event_listener/table_file_created] column family: default, file path: /nvme/jinghuan/node_40001/db/000948.sst, file size: 137174650, job id: 513, reason: compaction, status: OK
I20230630 02:11:51.487623 1189286 event_listener.cc:138] [event_listener/table_file_created] column family: default, file path: /nvme/jinghuan/node_40001/db/000949.sst, file size: 137163671, job id: 513, reason: compaction, status: OK
I20230630 02:11:51.910596 1189286 event_listener.cc:138] [event_listener/table_file_created] column family: default, file path: /nvme/jinghuan/node_40001/db/000950.sst, file size: 137172927, job id: 513, reason: compaction, status: OK
I20230630 02:11:52.096690 1189285 event_listener.cc:138] [event_listener/table_file_created] column family: metadata, file path: /nvme/jinghuan/node_40001/db/000947.sst, file size: 132940426, job id: 532, reason: compaction, status: OK
I20230630 02:11:52.118093 1189285 event_listener.cc:71] [event_listener/compaction_completed] column family: metadata, compaction reason: 1, output compression type: no, base input level(files): 0(5), output level(files): 1(1), input bytes: 133253380, output bytes:132940426, is_manual_compaction:no, elapsed(micro): 1857307
I20230630 02:11:52.118774 1189285 event_listener.cc:127] [event_listener/table_file_deleted] db: /nvme/jinghuan/node_40001/db, sst file: /nvme/jinghuan/node_40001/db/000882.sst, status: OK
I20230630 02:11:52.119441 1189285 event_listener.cc:127] [event_listener/table_file_deleted] db: /nvme/jinghuan/node_40001/db, sst file: /nvme/jinghuan/node_40001/db/000849.sst, status: OK
I20230630 02:11:52.120072 1189285 event_listener.cc:127] [event_listener/table_file_deleted] db: /nvme/jinghuan/node_40001/db, sst file: /nvme/jinghuan/node_40001/db/000818.sst, status: OK
I20230630 02:11:52.132411 1189285 event_listener.cc:127] [event_listener/table_file_deleted] db: /nvme/jinghuan/node_40001/db, sst file: /nvme/jinghuan/node_40001/db/000798.sst, status: OK
I20230630 02:11:52.395184 1189286 event_listener.cc:138] [event_listener/table_file_created] column family: default, file path: /nvme/jinghuan/node_40001/db/000951.sst, file size: 137184096, job id: 513, reason: compaction, status: OK
I20230630 02:11:52.739617 1189285 event_listener.cc:138] [event_listener/table_file_created] column family: default, file path: /nvme/jinghuan/node_40001/db/000952.sst, file size: 137039641, job id: 533, reason: compaction, status: OK
I20230630 02:11:52.809808 1189288 event_listener.cc:84] [event_listener/flush_begin] column family: default, thread_id: 1189288, job_id: 534, reason: 6
I20230630 02:11:53.091599 1189286 event_listener.cc:138] [event_listener/table_file_created] column family: default, file path: /nvme/jinghuan/node_40001/db/000953.sst, file size: 137144915, job id: 513, reason: compaction, status: OK
I20230630 02:11:53.202680 1189288 event_listener.cc:138] [event_listener/table_file_created] column family: default, file path: /nvme/jinghuan/node_40001/db/000956.sst, file size: 85809649, job id: 534, reason: flush, status: OK
I20230630 02:11:53.217540 1189288 event_listener.cc:91] [event_listener/flush_completed] column family: default, thread_id: 1189288, job_id: 534, file: /nvme/jinghuan/node_40001/db/000956.sst, reason: 6, is_write_slowdown: no, is_write_stall: no, largest seqno: 22315728, smallest seqno: 22209933
I20230630 02:11:53.525832 1189285 event_listener.cc:138] [event_listener/table_file_created] column family: default, file path: /nvme/jinghuan/node_40001/db/000955.sst, file size: 137319163, job id: 533, reason: compaction, status: OK
I20230630 02:11:53.544152 1189285 event_listener.cc:138] [event_listener/table_file_created] column family: default, file path: /nvme/jinghuan/node_40001/db/000958.sst, file size: 286895, job id: 533, reason: compaction, status: OK
I20230630 02:11:53.568250 1189285 event_listener.cc:71] [event_listener/compaction_completed] column family: default, compaction reason: 2, output compression type: no, base input level(files): 2(2), output level(files): 3(3), input bytes: 274079324, output bytes:274645699, is_manual_compaction:no, elapsed(micro): 1411708
I20230630 02:11:53.651202 1189521 cluster.cc:286] MASTER MODE enabled by cluster topology setting
I20230630 02:11:53.792646 1189520 cluster.cc:923] function: Migrate parallel seek-and-insert
I20230630 02:11:53.792671 1189520 slot_migrate_parallel.cc:32] [migrate] Start migrating slots, from slot: 0 to slot: 0. Slots are moving to 127.0.0.1:40002
I20230630 02:11:53.792680 1189520 cluster.cc:935] [cluster migration] Finished slot migration cmds sending, start to set nodes
I20230630 02:11:53.792752 1189513 slot_migrate.cc:165] [migrate] Migrating slot: -1, dst_ip: 127.0.0.1, dst_port: 40002, max_speed: 0, max_pipeline_size: 16
I20230630 02:11:53.793469 1189513 slot_migrate.cc:305] [migrate] Start migrating slot 0, connect destination fd 98
I20230630 02:11:53.793505 1189513 slot_migrate.cc:195] [migrate] Succeed to start migrating slot 0
I20230630 02:11:53.793521 1189513 slot_migrate.cc:316] [migrate] Start migrating snapshot of slot 0
I20230630 02:11:53.793566 1189513 slot_migrate.cc:327] [migrate] Iterate keys of slot, key's prefix: __namespace  
I20230630 02:11:53.794059 1189513 slot_migrate.cc:354] [migrate] 0 keys has been migrated, current key is:{06S}1000000190637069813810000001906370698138
I20230630 02:11:53.799384 1189286 event_listener.cc:138] [event_listener/table_file_created] column family: default, file path: /nvme/jinghuan/node_40001/db/000957.sst, file size: 137145949, job id: 513, reason: compaction, status: OK
I20230630 02:11:53.963541 1189513 slot_migrate.cc:354] [migrate] 1000 keys has been migrated, current key is:{06S}1001627036883440019010016270368834400190
I20230630 02:11:54.134160 1189285 event_listener.cc:138] [event_listener/table_file_created] column family: default, file path: /nvme/jinghuan/node_40001/db/000959.sst, file size: 137071653, job id: 535, reason: compaction, status: OK
I20230630 02:11:54.134634 1189513 slot_migrate.cc:354] [migrate] 2000 keys has been migrated, current key is:{06S}1003274504896205532410032745048962055324
I20230630 02:11:54.309672 1189513 slot_migrate.cc:354] [migrate] 3000 keys has been migrated, current key is:{06S}1004949214247972366610049492142479723666
I20230630 02:11:54.413703 1189286 event_listener.cc:138] [event_listener/table_file_created] column family: default, file path: /nvme/jinghuan/node_40001/db/000960.sst, file size: 137216964, job id: 513, reason: compaction, status: OK
I20230630 02:11:54.486474 1189513 slot_migrate.cc:354] [migrate] 4000 keys has been migrated, current key is:{06S}1006603338614960763810066033386149607638
I20230630 02:11:54.653950 1189513 slot_migrate.cc:354] [migrate] 5000 keys has been migrated, current key is:{06S}1008258384228414042610082583842284140426
I20230630 02:11:54.731128 1189285 event_listener.cc:138] [event_listener/table_file_created] column family: default, file path: /nvme/jinghuan/node_40001/db/000961.sst, file size: 137102635, job id: 535, reason: compaction, status: OK
I20230630 02:11:54.756354 1189285 event_listener.cc:71] [event_listener/compaction_completed] column family: default, compaction reason: 2, output compression type: no, base input level(files): 2(2), output level(files): 3(2), input bytes: 274826457, output bytes:274174288, is_manual_compaction:no, elapsed(micro): 1162617
I20230630 02:11:54.832003 1189513 slot_migrate.cc:354] [migrate] 6000 keys has been migrated, current key is:{06S}1009928804775527339010099288047755273390
I20230630 02:11:55.016273 1189513 slot_migrate.cc:354] [migrate] 7000 keys has been migrated, current key is:{06S}10116322316556434641011632231655643464
I20230630 02:11:55.079069 1189286 event_listener.cc:138] [event_listener/table_file_created] column family: default, file path: /nvme/jinghuan/node_40001/db/000962.sst, file size: 137211694, job id: 513, reason: compaction, status: OK
I20230630 02:11:55.192451 1189513 slot_migrate.cc:354] [migrate] 8000 keys has been migrated, current key is:{06S}1013257302881437406810132573028814374068
I20230630 02:11:55.316732 1189285 event_listener.cc:138] [event_listener/table_file_created] column family: default, file path: /nvme/jinghuan/node_40001/db/000963.sst, file size: 137100903, job id: 536, reason: compaction, status: OK
I20230630 02:11:55.377488 1189513 slot_migrate.cc:354] [migrate] 9000 keys has been migrated, current key is:{06S}10149043241974712041014904324197471204
I20230630 02:11:55.492151 1189286 event_listener.cc:138] [event_listener/table_file_created] column family: default, file path: /nvme/jinghuan/node_40001/db/000964.sst, file size: 84495932, job id: 513, reason: compaction, status: OK
I20230630 02:11:55.564918 1189513 slot_migrate.cc:354] [migrate] 10000 keys has been migrated, current key is:{06S}1016532355436370391410165323554363703914
I20230630 02:11:55.729970 1189513 slot_migrate.cc:354] [migrate] 11000 keys has been migrated, current key is:{06S}1018233556139293790610182335561392937906
I20230630 02:11:55.906136 1189513 slot_migrate.cc:354] [migrate] 12000 keys has been migrated, current key is:{06S}1019915477190413159010199154771904131590
I20230630 02:11:55.912446 1189285 event_listener.cc:138] [event_listener/table_file_created] column family: default, file path: /nvme/jinghuan/node_40001/db/000965.sst, file size: 137411242, job id: 536, reason: compaction, status: OK
I20230630 02:11:56.101846 1189286 event_listener.cc:138] [event_listener/table_file_created] column family: default, file path: /nvme/jinghuan/node_40001/db/000966.sst, file size: 137203010, job id: 513, reason: compaction, status: OK
I20230630 02:11:56.102309 1189513 slot_migrate.cc:354] [migrate] 13000 keys has been migrated, current key is:{06S}1021577026495911773610215770264959117736
I20230630 02:11:56.298591 1189513 slot_migrate.cc:354] [migrate] 14000 keys has been migrated, current key is:{06S}1023252291192808258210232522911928082582
I20230630 02:11:56.485700 1189513 slot_migrate.cc:354] [migrate] 15000 keys has been migrated, current key is:{06S}1024900680452038653210249006804520386532
I20230630 02:11:56.515576 1189285 event_listener.cc:138] [event_listener/table_file_created] column family: default, file path: /nvme/jinghuan/node_40001/db/000967.sst, file size: 136686804, job id: 536, reason: compaction, status: OK
I20230630 02:11:56.540974 1189285 event_listener.cc:71] [event_listener/compaction_completed] column family: default, compaction reason: 2, output compression type: no, base input level(files): 2(3), output level(files): 3(3), input bytes: 411992815, output bytes:411198949, is_manual_compaction:no, elapsed(micro): 1759086
I20230630 02:11:56.675352 1189513 slot_migrate.cc:354] [migrate] 16000 keys has been migrated, current key is:{06S}1026566305323033122410265663053230331224
I20230630 02:11:56.700848 1189286 event_listener.cc:138] [event_listener/table_file_created] column family: default, file path: /nvme/jinghuan/node_40001/db/000968.sst, file size: 137210981, job id: 513, reason: compaction, status: OK
I20230630 02:11:56.865375 1189513 slot_migrate.cc:354] [migrate] 17000 keys has been migrated, current key is:{06S}1028208373840885797210282083738408857972
I20230630 02:11:57.135161 1189285 event_listener.cc:138] [event_listener/table_file_created] column family: default, file path: /nvme/jinghuan/node_40001/db/000970.sst, file size: 137103857, job id: 537, reason: compaction, status: OK
I20230630 02:11:57.312182 1189286 event_listener.cc:138] [event_listener/table_file_created] column family: default, file path: /nvme/jinghuan/node_40001/db/000971.sst, file size: 137222607, job id: 513, reason: compaction, status: OK
I20230630 02:11:57.722980 1189285 event_listener.cc:138] [event_listener/table_file_created] column family: default, file path: /nvme/jinghuan/node_40001/db/000972.sst, file size: 137152990, job id: 537, reason: compaction, status: OK
I20230630 02:11:57.743669 1189285 event_listener.cc:71] [event_listener/compaction_completed] column family: default, compaction reason: 2, output compression type: no, base input level(files): 2(2), output level(files): 3(2), input bytes: 274801186, output bytes:274256847, is_manual_compaction:no, elapsed(micro): 1181733
I20230630 02:11:57.924842 1189286 event_listener.cc:138] [event_listener/table_file_created] column family: default, file path: /nvme/jinghuan/node_40001/db/000973.sst, file size: 137101968, job id: 513, reason: compaction, status: OK
I20230630 02:11:58.328970 1189285 event_listener.cc:138] [event_listener/table_file_created] column family: default, file path: /nvme/jinghuan/node_40001/db/000974.sst, file size: 137157656, job id: 538, reason: compaction, status: OK
I20230630 02:11:58.580698 1189286 event_listener.cc:138] [event_listener/table_file_created] column family: default, file path: /nvme/jinghuan/node_40001/db/000975.sst, file size: 137119304, job id: 513, reason: compaction, status: OK
I20230630 02:11:58.917807 1189285 event_listener.cc:138] [event_listener/table_file_created] column family: default, file path: /nvme/jinghuan/node_40001/db/000976.sst, file size: 137178009, job id: 538, reason: compaction, status: OK
I20230630 02:11:58.941934 1189285 event_listener.cc:71] [event_listener/compaction_completed] column family: default, compaction reason: 2, output compression type: no, base input level(files): 2(2), output level(files): 3(2), input bytes: 274826428, output bytes:274335665, is_manual_compaction:no, elapsed(micro): 1173961
I20230630 02:11:58.963474 1189513 slot_migrate.cc:541] Network overflow, retry
I20230630 02:11:59.187481 1189286 event_listener.cc:138] [event_listener/table_file_created] column family: default, file path: /nvme/jinghuan/node_40001/db/000977.sst, file size: 137117112, job id: 513, reason: compaction, status: OK
I20230630 02:11:59.528245 1189285 event_listener.cc:138] [event_listener/table_file_created] column family: default, file path: /nvme/jinghuan/node_40001/db/000978.sst, file size: 137184450, job id: 539, reason: compaction, status: OK
I20230630 02:11:59.601541 1189286 event_listener.cc:138] [event_listener/table_file_created] column family: default, file path: /nvme/jinghuan/node_40001/db/000979.sst, file size: 90826860, job id: 513, reason: compaction, status: OK
I20230630 02:11:59.987469 1189513 slot_migrate.cc:541] Network overflow, retry
I20230630 02:12:00.126813 1189285 event_listener.cc:138] [event_listener/table_file_created] column family: default, file path: /nvme/jinghuan/node_40001/db/000980.sst, file size: 137207309, job id: 539, reason: compaction, status: OK
I20230630 02:12:00.146536 1189285 event_listener.cc:71] [event_listener/compaction_completed] column family: default, compaction reason: 2, output compression type: no, base input level(files): 2(2), output level(files): 3(2), input bytes: 274826505, output bytes:274391759, is_manual_compaction:no, elapsed(micro): 1184600
I20230630 02:12:00.217568 1189286 event_listener.cc:138] [event_listener/table_file_created] column family: default, file path: /nvme/jinghuan/node_40001/db/000981.sst, file size: 137121704, job id: 513, reason: compaction, status: OK
I20230630 02:12:00.728808 1189285 event_listener.cc:138] [event_listener/table_file_created] column family: default, file path: /nvme/jinghuan/node_40001/db/000982.sst, file size: 137103814, job id: 540, reason: compaction, status: OK
I20230630 02:12:00.832477 1189286 event_listener.cc:138] [event_listener/table_file_created] column family: default, file path: /nvme/jinghuan/node_40001/db/000983.sst, file size: 137118306, job id: 513, reason: compaction, status: OK
I20230630 02:12:01.011469 1189513 slot_migrate.cc:541] Network overflow, retry
I20230630 02:12:01.379976 1189285 event_listener.cc:138] [event_listener/table_file_created] column family: default, file path: /nvme/jinghuan/node_40001/db/000984.sst, file size: 137302228, job id: 540, reason: compaction, status: OK
I20230630 02:12:01.443879 1189286 event_listener.cc:138] [event_listener/table_file_created] column family: default, file path: /nvme/jinghuan/node_40001/db/000985.sst, file size: 137130790, job id: 513, reason: compaction, status: OK
I20230630 02:12:01.986840 1189285 event_listener.cc:138] [event_listener/table_file_created] column family: default, file path: /nvme/jinghuan/node_40001/db/000986.sst, file size: 137001778, job id: 540, reason: compaction, status: OK
I20230630 02:12:02.035502 1189513 slot_migrate.cc:541] Network overflow, retry
I20230630 02:12:02.046260 1189286 event_listener.cc:138] [event_listener/table_file_created] column family: default, file path: /nvme/jinghuan/node_40001/db/000987.sst, file size: 137203650, job id: 513, reason: compaction, status: OK
I20230630 02:12:02.553957 1189285 event_listener.cc:138] [event_listener/table_file_created] column family: default, file path: /nvme/jinghuan/node_40001/db/000988.sst, file size: 127445882, job id: 540, reason: compaction, status: OK
I20230630 02:12:02.583576 1189285 event_listener.cc:71] [event_listener/compaction_completed] column family: default, compaction reason: 2, output compression type: no, base input level(files): 2(4), output level(files): 3(4), input bytes: 539138162, output bytes:538853702, is_manual_compaction:no, elapsed(micro): 2407217
I20230630 02:12:02.678009 1189286 event_listener.cc:138] [event_listener/table_file_created] column family: default, file path: /nvme/jinghuan/node_40001/db/000989.sst, file size: 137226622, job id: 513, reason: compaction, status: OK
I20230630 02:12:03.059551 1189513 slot_migrate.cc:541] Network overflow, retry
I20230630 02:12:03.180806 1189285 event_listener.cc:138] [event_listener/table_file_created] column family: default, file path: /nvme/jinghuan/node_40001/db/000990.sst, file size: 137014906, job id: 541, reason: compaction, status: OK
I20230630 02:12:03.297863 1189286 event_listener.cc:138] [event_listener/table_file_created] column family: default, file path: /nvme/jinghuan/node_40001/db/000991.sst, file size: 137139482, job id: 513, reason: compaction, status: OK
I20230630 02:12:03.743847 1189285 event_listener.cc:138] [event_listener/table_file_created] column family: default, file path: /nvme/jinghuan/node_40001/db/000992.sst, file size: 137302215, job id: 541, reason: compaction, status: OK
I20230630 02:12:03.761552 1189513 slot_migrate.cc:354] [migrate] 18000 keys has been migrated, current key is:{06S}1029886084849506056410298860848495060564
I20230630 02:12:03.925654 1189286 event_listener.cc:138] [event_listener/table_file_created] column family: default, file path: /nvme/jinghuan/node_40001/db/000993.sst, file size: 137148286, job id: 513, reason: compaction, status: OK
I20230630 02:12:04.012446 1189513 slot_migrate.cc:354] [migrate] 19000 keys has been migrated, current key is:{06S}1031549110746599203010315491107465992030
I20230630 02:12:04.250345 1189513 slot_migrate.cc:354] [migrate] 20000 keys has been migrated, current key is:{06S}1033204894655849747810332048946558497478
I20230630 02:12:04.352695 1189285 event_listener.cc:138] [event_listener/table_file_created] column family: default, file path: /nvme/jinghuan/node_40001/db/000994.sst, file size: 137015715, job id: 541, reason: compaction, status: OK
I20230630 02:12:04.482082 1189513 slot_migrate.cc:354] [migrate] 21000 keys has been migrated, current key is:{06S}10348880051684045681034888005168404568
I20230630 02:12:04.540134 1189286 event_listener.cc:138] [event_listener/table_file_created] column family: default, file path: /nvme/jinghuan/node_40001/db/000995.sst, file size: 137201874, job id: 513, reason: compaction, status: OK
I20230630 02:12:04.714221 1189513 slot_migrate.cc:354] [migrate] 22000 keys has been migrated, current key is:{06S}1036546552808028035210365465528080280352
I20230630 02:12:04.920099 1189513 slot_migrate.cc:354] [migrate] 23000 keys has been migrated, current key is:{06S}1038202336717278580010382023367172785800
I20230630 02:12:04.992151 1189285 event_listener.cc:138] [event_listener/table_file_created] column family: default, file path: /nvme/jinghuan/node_40001/db/000996.sst, file size: 137302160, job id: 541, reason: compaction, status: OK
I20230630 02:12:05.131301 1189286 event_listener.cc:138] [event_listener/table_file_created] column family: default, file path: /nvme/jinghuan/node_40001/db/000997.sst, file size: 137209985, job id: 513, reason: compaction, status: OK
I20230630 02:12:05.142825 1189513 slot_migrate.cc:354] [migrate] 24000 keys has been migrated, current key is:{06S}1039852538180948670610398525381809486706
I20230630 02:12:05.365271 1189513 slot_migrate.cc:354] [migrate] 25000 keys has been migrated, current key is:{06S}1041513166239982403610415131662399824036
I20230630 02:12:05.584939 1189513 slot_migrate.cc:354] [migrate] 26000 keys has been migrated, current key is:{06S}1043224946200446993210432249462004469932
I20230630 02:12:05.619163 1189285 event_listener.cc:138] [event_listener/table_file_created] column family: default, file path: /nvme/jinghuan/node_40001/db/000998.sst, file size: 137015890, job id: 541, reason: compaction, status: OK
I20230630 02:12:05.737939 1189286 event_listener.cc:138] [event_listener/table_file_created] column family: default, file path: /nvme/jinghuan/node_40001/db/000999.sst, file size: 137194284, job id: 513, reason: compaction, status: OK
I20230630 02:12:05.791808 1189513 slot_migrate.cc:354] [migrate] 27000 keys has been migrated, current key is:{06S}1044866093471834786410448660934718347864
I20230630 02:12:06.016219 1189513 slot_migrate.cc:354] [migrate] 28000 keys has been migrated, current key is:{06S}1046501658297642125410465016582976421254
I20230630 02:12:06.216878 1189285 event_listener.cc:138] [event_listener/table_file_created] column family: default, file path: /nvme/jinghuan/node_40001/db/001000.sst, file size: 137302182, job id: 541, reason: compaction, status: OK
I20230630 02:12:06.254565 1189513 slot_migrate.cc:354] [migrate] 29000 keys has been migrated, current key is:{06S}1048185238891023641410481852388910236414
I20230630 02:12:06.342298 1189286 event_listener.cc:138] [event_listener/table_file_created] column family: default, file path: /nvme/jinghuan/node_40001/db/001001.sst, file size: 137204152, job id: 513, reason: compaction, status: OK
I20230630 02:12:06.484112 1189513 slot_migrate.cc:354] [migrate] 30000 keys has been migrated, current key is:{06S}10498388673395583001049838867339558300
I20230630 02:12:06.709434 1189513 slot_migrate.cc:354] [migrate] 31000 keys has been migrated, current key is:{06S}1051496806709524731010514968067095247310
I20230630 02:12:06.824764 1189285 event_listener.cc:138] [event_listener/table_file_created] column family: default, file path: /nvme/jinghuan/node_40001/db/001002.sst, file size: 137001819, job id: 541, reason: compaction, status: OK
I20230630 02:12:06.935058 1189513 slot_migrate.cc:354] [migrate] 32000 keys has been migrated, current key is:{06S}1053137111496602071210531371114966020712
I20230630 02:12:06.981142 1189286 event_listener.cc:138] [event_listener/table_file_created] column family: default, file path: /nvme/jinghuan/node_40001/db/001003.sst, file size: 137190966, job id: 513, reason: compaction, status: OK
I20230630 02:12:07.163791 1189513 slot_migrate.cc:354] [migrate] 33000 keys has been migrated, current key is:{06S}1054808605952357797210548086059523577972
I20230630 02:12:07.397001 1189513 slot_migrate.cc:354] [migrate] 34000 keys has been migrated, current key is:{06S}1056494248770953563210564942487709535632
I20230630 02:12:07.432324 1189285 event_listener.cc:138] [event_listener/table_file_created] column family: default, file path: /nvme/jinghuan/node_40001/db/001004.sst, file size: 137302187, job id: 541, reason: compaction, status: OK
I20230630 02:12:07.589119 1189286 event_listener.cc:138] [event_listener/table_file_created] column family: default, file path: /nvme/jinghuan/node_40001/db/001005.sst, file size: 137192749, job id: 513, reason: compaction, status: OK
I20230630 02:12:08.024129 1189285 event_listener.cc:138] [event_listener/table_file_created] column family: default, file path: /nvme/jinghuan/node_40001/db/001006.sst, file size: 137016014, job id: 541, reason: compaction, status: OK
I20230630 02:12:08.204618 1189286 event_listener.cc:138] [event_listener/table_file_created] column family: default, file path: /nvme/jinghuan/node_40001/db/001007.sst, file size: 137199365, job id: 513, reason: compaction, status: OK
I20230630 02:12:08.630908 1189285 event_listener.cc:138] [event_listener/table_file_created] column family: default, file path: /nvme/jinghuan/node_40001/db/001008.sst, file size: 137302169, job id: 541, reason: compaction, status: OK
I20230630 02:12:08.812904 1189286 event_listener.cc:138] [event_listener/table_file_created] column family: default, file path: /nvme/jinghuan/node_40001/db/001009.sst, file size: 137200069, job id: 513, reason: compaction, status: OK
I20230630 02:12:09.237710 1189285 event_listener.cc:138] [event_listener/table_file_created] column family: default, file path: /nvme/jinghuan/node_40001/db/001010.sst, file size: 137002064, job id: 541, reason: compaction, status: OK
I20230630 02:12:09.430253 1189286 event_listener.cc:138] [event_listener/table_file_created] column family: default, file path: /nvme/jinghuan/node_40001/db/001011.sst, file size: 137202919, job id: 513, reason: compaction, status: OK
I20230630 02:12:09.459537 1189513 slot_migrate.cc:541] Network overflow, retry
I20230630 02:12:09.828020 1189285 event_listener.cc:138] [event_listener/table_file_created] column family: default, file path: /nvme/jinghuan/node_40001/db/001012.sst, file size: 137302179, job id: 541, reason: compaction, status: OK
I20230630 02:12:10.094364 1189286 event_listener.cc:138] [event_listener/table_file_created] column family: default, file path: /nvme/jinghuan/node_40001/db/001013.sst, file size: 137204020, job id: 513, reason: compaction, status: OK
I20230630 02:12:10.427179 1189285 event_listener.cc:138] [event_listener/table_file_created] column family: default, file path: /nvme/jinghuan/node_40001/db/001014.sst, file size: 137016038, job id: 541, reason: compaction, status: OK
I20230630 02:12:10.483539 1189513 slot_migrate.cc:541] Network overflow, retry
I20230630 02:12:10.709121 1189286 event_listener.cc:138] [event_listener/table_file_created] column family: default, file path: /nvme/jinghuan/node_40001/db/001015.sst, file size: 137226373, job id: 513, reason: compaction, status: OK
I20230630 02:12:11.016711 1189285 event_listener.cc:138] [event_listener/table_file_created] column family: default, file path: /nvme/jinghuan/node_40001/db/001016.sst, file size: 137302209, job id: 541, reason: compaction, status: OK
I20230630 02:12:11.304855 1189286 event_listener.cc:138] [event_listener/table_file_created] column family: default, file path: /nvme/jinghuan/node_40001/db/001017.sst, file size: 137166220, job id: 513, reason: compaction, status: OK
I20230630 02:12:11.511471 1189513 slot_migrate.cc:541] Network overflow, retry
I20230630 02:12:11.607522 1189285 event_listener.cc:138] [event_listener/table_file_created] column family: default, file path: /nvme/jinghuan/node_40001/db/001018.sst, file size: 137001833, job id: 541, reason: compaction, status: OK
I20230630 02:12:11.903337 1189286 event_listener.cc:138] [event_listener/table_file_created] column family: default, file path: /nvme/jinghuan/node_40001/db/001019.sst, file size: 137308635, job id: 513, reason: compaction, status: OK
I20230630 02:12:12.186260 1189285 event_listener.cc:138] [event_listener/table_file_created] column family: default, file path: /nvme/jinghuan/node_40001/db/001020.sst, file size: 137302198, job id: 541, reason: compaction, status: OK
I20230630 02:12:12.497431 1189286 event_listener.cc:138] [event_listener/table_file_created] column family: default, file path: /nvme/jinghuan/node_40001/db/001021.sst, file size: 137197925, job id: 513, reason: compaction, status: OK
I20230630 02:12:12.531467 1189513 slot_migrate.cc:541] Network overflow, retry
I20230630 02:12:12.732290 1189285 event_listener.cc:138] [event_listener/table_file_created] column family: default, file path: /nvme/jinghuan/node_40001/db/001022.sst, file size: 137001801, job id: 541, reason: compaction, status: OK
I20230630 02:12:13.091957 1189286 event_listener.cc:138] [event_listener/table_file_created] column family: default, file path: /nvme/jinghuan/node_40001/db/001023.sst, file size: 137195908, job id: 513, reason: compaction, status: OK
I20230630 02:12:13.311091 1189285 event_listener.cc:138] [event_listener/table_file_created] column family: default, file path: /nvme/jinghuan/node_40001/db/001024.sst, file size: 137302202, job id: 541, reason: compaction, status: OK
I20230630 02:12:13.555469 1189513 slot_migrate.cc:541] Network overflow, retry
I20230630 02:12:13.694861 1189286 event_listener.cc:138] [event_listener/table_file_created] column family: default, file path: /nvme/jinghuan/node_40001/db/001025.sst, file size: 137196018, job id: 513, reason: compaction, status: OK
I20230630 02:12:13.902110 1189285 event_listener.cc:138] [event_listener/table_file_created] column family: default, file path: /nvme/jinghuan/node_40001/db/001026.sst, file size: 137001892, job id: 541, reason: compaction, status: OK
I20230630 02:12:14.249887 1189286 event_listener.cc:138] [event_listener/table_file_created] column family: default, file path: /nvme/jinghuan/node_40001/db/001027.sst, file size: 137206564, job id: 513, reason: compaction, status: OK
I20230630 02:12:14.488844 1189285 event_listener.cc:138] [event_listener/table_file_created] column family: default, file path: /nvme/jinghuan/node_40001/db/001028.sst, file size: 137302209, job id: 541, reason: compaction, status: OK
I20230630 02:12:14.583464 1189513 slot_migrate.cc:541] Network overflow, retry
I20230630 02:12:14.837460 1189286 event_listener.cc:138] [event_listener/table_file_created] column family: default, file path: /nvme/jinghuan/node_40001/db/001029.sst, file size: 137215798, job id: 513, reason: compaction, status: OK
I20230630 02:12:15.031952 1189285 event_listener.cc:138] [event_listener/table_file_created] column family: default, file path: /nvme/jinghuan/node_40001/db/001030.sst, file size: 136750251, job id: 541, reason: compaction, status: OK
I20230630 02:12:15.129465 1189285 event_listener.cc:71] [event_listener/compaction_completed] column family: default, compaction reason: 2, output compression type: no, base input level(files): 2(21), output level(files): 3(21), input bytes: 2880442483, output bytes:2879860133, is_manual_compaction:no, elapsed(micro): 12448150
I20230630 02:12:15.313326 1189286 event_listener.cc:138] [event_listener/table_file_created] column family: default, file path: /nvme/jinghuan/node_40001/db/001031.sst, file size: 112906954, job id: 513, reason: compaction, status: OK
I20230630 02:12:15.524446 1189286 event_listener.cc:71] [event_listener/compaction_completed] column family: default, compaction reason: 1, output compression type: no, base input level(files): 0(32), output level(files): 1(52), input bytes: 7029320015, output bytes:7010029468, is_manual_compaction:no, elapsed(micro): 30644383
I20230630 02:12:15.526928 1189286 event_listener.cc:127] [event_listener/table_file_deleted] db: /nvme/jinghuan/node_40001/db, sst file: /nvme/jinghuan/node_40001/db/000938.sst, status: OK
I20230630 02:12:15.540604 1189286 event_listener.cc:127] [event_listener/table_file_deleted] db: /nvme/jinghuan/node_40001/db, sst file: /nvme/jinghuan/node_40001/db/000860.sst, status: OK
I20230630 02:12:15.548885 1189286 event_listener.cc:127] [event_listener/table_file_deleted] db: /nvme/jinghuan/node_40001/db, sst file: /nvme/jinghuan/node_40001/db/000857.sst, status: OK
I20230630 02:12:15.557662 1189286 event_listener.cc:127] [event_listener/table_file_deleted] db: /nvme/jinghuan/node_40001/db, sst file: /nvme/jinghuan/node_40001/db/000856.sst, status: OK
I20230630 02:12:15.570605 1189513 event_listener.cc:127] [event_listener/table_file_deleted] db: /nvme/jinghuan/node_40001/db, sst file: /nvme/jinghuan/node_40001/db/000902.sst, status: OK
I20230630 02:12:15.570822 1189286 event_listener.cc:127] [event_listener/table_file_deleted] db: /nvme/jinghuan/node_40001/db, sst file: /nvme/jinghuan/node_40001/db/000853.sst, status: OK
I20230630 02:12:15.580931 1189513 event_listener.cc:127] [event_listener/table_file_deleted] db: /nvme/jinghuan/node_40001/db, sst file: /nvme/jinghuan/node_40001/db/000901.sst, status: OK
I20230630 02:12:15.581097 1189286 event_listener.cc:127] [event_listener/table_file_deleted] db: /nvme/jinghuan/node_40001/db, sst file: /nvme/jinghuan/node_40001/db/000845.sst, status: OK
I20230630 02:12:15.584309 1189285 event_listener.cc:138] [event_listener/table_file_created] column family: default, file path: /nvme/jinghuan/node_40001/db/001032.sst, file size: 137249545, job id: 542, reason: compaction, status: OK
I20230630 02:12:15.591315 1189513 event_listener.cc:127] [event_listener/table_file_deleted] db: /nvme/jinghuan/node_40001/db, sst file: /nvme/jinghuan/node_40001/db/000900.sst, status: OK
I20230630 02:12:15.591356 1189286 event_listener.cc:127] [event_listener/table_file_deleted] db: /nvme/jinghuan/node_40001/db, sst file: /nvme/jinghuan/node_40001/db/000839.sst, status: OK
I20230630 02:12:15.601722 1189513 event_listener.cc:127] [event_listener/table_file_deleted] db: /nvme/jinghuan/node_40001/db, sst file: /nvme/jinghuan/node_40001/db/000899.sst, status: OK
I20230630 02:12:15.601869 1189286 event_listener.cc:127] [event_listener/table_file_deleted] db: /nvme/jinghuan/node_40001/db, sst file: /nvme/jinghuan/node_40001/db/000835.sst, status: OK
I20230630 02:12:15.612509 1189286 event_listener.cc:127] [event_listener/table_file_deleted] db: /nvme/jinghuan/node_40001/db, sst file: /nvme/jinghuan/node_40001/db/000830.sst, status: OK
I20230630 02:12:15.612536 1189513 event_listener.cc:127] [event_listener/table_file_deleted] db: /nvme/jinghuan/node_40001/db, sst file: /nvme/jinghuan/node_40001/db/000898.sst, status: OK
I20230630 02:12:15.622943 1189513 event_listener.cc:127] [event_listener/table_file_deleted] db: /nvme/jinghuan/node_40001/db, sst file: /nvme/jinghuan/node_40001/db/000897.sst, status: OK
I20230630 02:12:15.622972 1189286 event_listener.cc:127] [event_listener/table_file_deleted] db: /nvme/jinghuan/node_40001/db, sst file: /nvme/jinghuan/node_40001/db/000828.sst, status: OK
I20230630 02:12:15.633371 1189286 event_listener.cc:127] [event_listener/table_file_deleted] db: /nvme/jinghuan/node_40001/db, sst file: /nvme/jinghuan/node_40001/db/000824.sst, status: OK
I20230630 02:12:15.633533 1189513 event_listener.cc:127] [event_listener/table_file_deleted] db: /nvme/jinghuan/node_40001/db, sst file: /nvme/jinghuan/node_40001/db/000894.sst, status: OK
I20230630 02:12:15.643872 1189286 event_listener.cc:127] [event_listener/table_file_deleted] db: /nvme/jinghuan/node_40001/db, sst file: /nvme/jinghuan/node_40001/db/000821.sst, status: OK
I20230630 02:12:15.644165 1189513 event_listener.cc:127] [event_listener/table_file_deleted] db: /nvme/jinghuan/node_40001/db, sst file: /nvme/jinghuan/node_40001/db/000893.sst, status: OK
I20230630 02:12:15.654289 1189286 event_listener.cc:127] [event_listener/table_file_deleted] db: /nvme/jinghuan/node_40001/db, sst file: /nvme/jinghuan/node_40001/db/000814.sst, status: OK
I20230630 02:12:15.654657 1189513 event_listener.cc:127] [event_listener/table_file_deleted] db: /nvme/jinghuan/node_40001/db, sst file: /nvme/jinghuan/node_40001/db/000889.sst, status: OK
I20230630 02:12:15.665103 1189286 event_listener.cc:127] [event_listener/table_file_deleted] db: /nvme/jinghuan/node_40001/db, sst file: /nvme/jinghuan/node_40001/db/000807.sst, status: OK
I20230630 02:12:15.665467 1189513 event_listener.cc:127] [event_listener/table_file_deleted] db: /nvme/jinghuan/node_40001/db, sst file: /nvme/jinghuan/node_40001/db/000886.sst, status: OK
I20230630 02:12:15.675534 1189286 event_listener.cc:127] [event_listener/table_file_deleted] db: /nvme/jinghuan/node_40001/db, sst file: /nvme/jinghuan/node_40001/db/000786.sst, status: OK
I20230630 02:12:15.675890 1189513 event_listener.cc:127] [event_listener/table_file_deleted] db: /nvme/jinghuan/node_40001/db, sst file: /nvme/jinghuan/node_40001/db/000879.sst, status: OK
I20230630 02:12:15.687211 1189286 event_listener.cc:127] [event_listener/table_file_deleted] db: /nvme/jinghuan/node_40001/db, sst file: /nvme/jinghuan/node_40001/db/000670.sst, status: OK
I20230630 02:12:15.687395 1189513 event_listener.cc:127] [event_listener/table_file_deleted] db: /nvme/jinghuan/node_40001/db, sst file: /nvme/jinghuan/node_40001/db/000878.sst, status: OK
I20230630 02:12:15.698316 1189513 event_listener.cc:127] [event_listener/table_file_deleted] db: /nvme/jinghuan/node_40001/db, sst file: /nvme/jinghuan/node_40001/db/000874.sst, status: OK
I20230630 02:12:15.698364 1189286 event_listener.cc:127] [event_listener/table_file_deleted] db: /nvme/jinghuan/node_40001/db, sst file: /nvme/jinghuan/node_40001/db/000417.sst, status: OK
I20230630 02:12:15.709436 1189513 event_listener.cc:127] [event_listener/table_file_deleted] db: /nvme/jinghuan/node_40001/db, sst file: /nvme/jinghuan/node_40001/db/000869.sst, status: OK
I20230630 02:12:15.709496 1189286 event_listener.cc:127] [event_listener/table_file_deleted] db: /nvme/jinghuan/node_40001/db, sst file: /nvme/jinghuan/node_40001/db/000415.sst, status: OK
I20230630 02:12:15.720492 1189513 event_listener.cc:127] [event_listener/table_file_deleted] db: /nvme/jinghuan/node_40001/db, sst file: /nvme/jinghuan/node_40001/db/000868.sst, status: OK
I20230630 02:12:15.720577 1189286 event_listener.cc:127] [event_listener/table_file_deleted] db: /nvme/jinghuan/node_40001/db, sst file: /nvme/jinghuan/node_40001/db/000408.sst, status: OK
I20230630 02:12:15.732057 1189513 event_listener.cc:127] [event_listener/table_file_deleted] db: /nvme/jinghuan/node_40001/db, sst file: /nvme/jinghuan/node_40001/db/000867.sst, status: OK
I20230630 02:12:15.732290 1189286 event_listener.cc:127] [event_listener/table_file_deleted] db: /nvme/jinghuan/node_40001/db, sst file: /nvme/jinghuan/node_40001/db/000390.sst, status: OK
I20230630 02:12:15.743741 1189513 event_listener.cc:127] [event_listener/table_file_deleted] db: /nvme/jinghuan/node_40001/db, sst file: /nvme/jinghuan/node_40001/db/000866.sst, status: OK
I20230630 02:12:15.744380 1189286 event_listener.cc:127] [event_listener/table_file_deleted] db: /nvme/jinghuan/node_40001/db, sst file: /nvme/jinghuan/node_40001/db/000379.sst, status: OK
I20230630 02:12:15.754918 1189513 event_listener.cc:127] [event_listener/table_file_deleted] db: /nvme/jinghuan/node_40001/db, sst file: /nvme/jinghuan/node_40001/db/000865.sst, status: OK
I20230630 02:12:15.756268 1189286 event_listener.cc:127] [event_listener/table_file_deleted] db: /nvme/jinghuan/node_40001/db, sst file: /nvme/jinghuan/node_40001/db/000374.sst, status: OK
I20230630 02:12:15.766216 1189513 event_listener.cc:127] [event_listener/table_file_deleted] db: /nvme/jinghuan/node_40001/db, sst file: /nvme/jinghuan/node_40001/db/000863.sst, status: OK
I20230630 02:12:15.767920 1189286 event_listener.cc:127] [event_listener/table_file_deleted] db: /nvme/jinghuan/node_40001/db, sst file: /nvme/jinghuan/node_40001/db/000365.sst, status: OK
I20230630 02:12:15.777439 1189513 event_listener.cc:127] [event_listener/table_file_deleted] db: /nvme/jinghuan/node_40001/db, sst file: /nvme/jinghuan/node_40001/db/000862.sst, status: OK
I20230630 02:12:15.785039 1189286 event_listener.cc:127] [event_listener/table_file_deleted] db: /nvme/jinghuan/node_40001/db, sst file: /nvme/jinghuan/node_40001/db/000360.sst, status: OK
I20230630 02:12:15.793304 1189513 event_listener.cc:127] [event_listener/table_file_deleted] db: /nvme/jinghuan/node_40001/db, sst file: /nvme/jinghuan/node_40001/db/000088.sst, status: OK
I20230630 02:12:15.797492 1189286 event_listener.cc:127] [event_listener/table_file_deleted] db: /nvme/jinghuan/node_40001/db, sst file: /nvme/jinghuan/node_40001/db/000355.sst, status: OK
I20230630 02:12:15.807708 1189286 event_listener.cc:127] [event_listener/table_file_deleted] db: /nvme/jinghuan/node_40001/db, sst file: /nvme/jinghuan/node_40001/db/000350.sst, status: OK
I20230630 02:12:15.824038 1189286 event_listener.cc:71] [event_listener/compaction_completed] column family: default, compaction reason: 2, output compression type: no, base input level(files): 1(1), output level(files): 2(1), input bytes: 0, output bytes:0, is_manual_compaction:no, elapsed(micro): 0
I20230630 02:12:15.835793 1189286 event_listener.cc:71] [event_listener/compaction_completed] column family: default, compaction reason: 2, output compression type: no, base input level(files): 1(1), output level(files): 2(1), input bytes: 0, output bytes:0, is_manual_compaction:no, elapsed(micro): 0
