Log file created at: 2023/06/30 02:08:10
Running on machine: en4217754l
Running duration (h:mm:ss): 0:00:00
Log line format: [IWEF]yyyymmdd hh:mm:ss.uuuuuu threadid file:line] msg
I20230630 02:08:10.382190 1189274 main.cc:328] kvrocks unstable (commit 4a10c89)
I20230630 02:08:10.759177 1189274 storage.cc:322] [storage] Success to load the data from disk: 120 ms
I20230630 02:08:10.760279 1189274 worker.cc:72] [worker] Listening on: 10.218.109.65:40001
I20230630 02:08:10.760339 1189274 worker.cc:72] [worker] Listening on: 127.0.0.1:40001
I20230630 02:08:10.760768 1189274 worker.cc:72] [worker] Listening on: 10.218.109.65:40001
I20230630 02:08:10.760809 1189274 worker.cc:72] [worker] Listening on: 127.0.0.1:40001
I20230630 02:08:10.761130 1189274 worker.cc:72] [worker] Listening on: 10.218.109.65:40001
I20230630 02:08:10.761169 1189274 worker.cc:72] [worker] Listening on: 127.0.0.1:40001
I20230630 02:08:10.761466 1189274 worker.cc:72] [worker] Listening on: 10.218.109.65:40001
I20230630 02:08:10.761502 1189274 worker.cc:72] [worker] Listening on: 127.0.0.1:40001
I20230630 02:08:10.761794 1189274 worker.cc:72] [worker] Listening on: 10.218.109.65:40001
I20230630 02:08:10.761830 1189274 worker.cc:72] [worker] Listening on: 127.0.0.1:40001
I20230630 02:08:10.762115 1189274 worker.cc:72] [worker] Listening on: 10.218.109.65:40001
I20230630 02:08:10.762151 1189274 worker.cc:72] [worker] Listening on: 127.0.0.1:40001
I20230630 02:08:10.762440 1189274 worker.cc:72] [worker] Listening on: 10.218.109.65:40001
I20230630 02:08:10.762478 1189274 worker.cc:72] [worker] Listening on: 127.0.0.1:40001
I20230630 02:08:10.762756 1189274 worker.cc:72] [worker] Listening on: 10.218.109.65:40001
I20230630 02:08:10.762794 1189274 worker.cc:72] [worker] Listening on: 127.0.0.1:40001
W20230630 02:08:10.763032 1189274 server.cc:1650] [server] Increased maximum number of open files to 14224 (it's originally set to 1024)
I20230630 02:08:10.763540 1189274 cluster.cc:643] The cluster nodes file /nvme/jinghuan/node_40001/nodes.conf is not found. Use CLUSTERX subcommands to specify it.
I20230630 02:08:10.763581 1189274 cluster.cc:643] The cluster nodes file /nvme/jinghuan/node_40001/nodes.conf is not found. Use CLUSTERX subcommands to specify it.
I20230630 02:08:10.768723 1189274 worker.cc:519] [worker] Thread #140578389989120 started
I20230630 02:08:10.768759 1189274 worker.cc:519] [worker] Thread #140578398381824 started
I20230630 02:08:10.768810 1189274 worker.cc:519] [worker] Thread #140578693674752 started
I20230630 02:08:10.768848 1189274 worker.cc:519] [worker] Thread #140578685282048 started
I20230630 02:08:10.768890 1189274 worker.cc:519] [worker] Thread #140578676889344 started
I20230630 02:08:10.768929 1189274 worker.cc:519] [worker] Thread #140578668496640 started
I20230630 02:08:10.768965 1189274 worker.cc:519] [worker] Thread #140578660103936 started
I20230630 02:08:10.769004 1189274 worker.cc:519] [worker] Thread #140578651711232 started
I20230630 02:08:10.769135 1189274 server.cc:211] [server] Ready to accept connections
I20230630 02:08:11.424021 1189522 cluster.cc:286] MASTER MODE enabled by cluster topology setting
I20230630 02:08:12.470173 1189287 event_listener.cc:84] [event_listener/flush_begin] column family: default, thread_id: 1189287, job_id: 3, reason: 6
W20230630 02:08:12.780709 1189522 event_listener.cc:132] [event_listener/stall_cond_changed] column family: default write stall condition was changed, from normal to delay
I20230630 02:08:12.919975 1189287 event_listener.cc:138] [event_listener/table_file_created] column family: default, file path: /nvme/jinghuan/node_40001/db/000016.sst, file size: 128510340, job id: 3, reason: flush, status: OK
I20230630 02:08:12.935225 1189287 event_listener.cc:91] [event_listener/flush_completed] column family: default, thread_id: 1189287, job_id: 3, file: /nvme/jinghuan/node_40001/db/000016.sst, reason: 6, is_write_slowdown: no, is_write_stall: no, largest seqno: 133275, smallest seqno: 1
W20230630 02:08:12.935277 1189287 event_listener.cc:132] [event_listener/stall_cond_changed] column family: default write stall condition was changed, from delay to normal
I20230630 02:08:13.367405 1189288 event_listener.cc:84] [event_listener/flush_begin] column family: default, thread_id: 1189288, job_id: 5, reason: 6
I20230630 02:08:13.518213 1189285 event_listener.cc:138] [event_listener/table_file_created] column family: default, file path: /nvme/jinghuan/node_40001/db/000018.sst, file size: 128510336, job id: 4, reason: compaction, status: OK
I20230630 02:08:13.538880 1189285 event_listener.cc:71] [event_listener/compaction_completed] column family: default, compaction reason: 11, output compression type: no, base input level(files): 0(1), output level(files): 0(1), input bytes: 128510340, output bytes:128510336, is_manual_compaction:no, elapsed(micro): 582956
W20230630 02:08:13.696691 1189522 event_listener.cc:132] [event_listener/stall_cond_changed] column family: default write stall condition was changed, from normal to delay
I20230630 02:08:13.919694 1189288 event_listener.cc:138] [event_listener/table_file_created] column family: default, file path: /nvme/jinghuan/node_40001/db/000020.sst, file size: 122316718, job id: 5, reason: flush, status: OK
I20230630 02:08:13.933461 1189288 event_listener.cc:91] [event_listener/flush_completed] column family: default, thread_id: 1189288, job_id: 5, file: /nvme/jinghuan/node_40001/db/000020.sst, reason: 6, is_write_slowdown: no, is_write_stall: no, largest seqno: 260127, smallest seqno: 133277
I20230630 02:08:13.949028 1189288 event_listener.cc:127] [event_listener/table_file_deleted] db: /nvme/jinghuan/node_40001/db, sst file: /nvme/jinghuan/node_40001/db/000016.sst, status: OK
W20230630 02:08:13.949050 1189288 event_listener.cc:132] [event_listener/stall_cond_changed] column family: default write stall condition was changed, from delay to normal
I20230630 02:08:14.262758 1189287 event_listener.cc:84] [event_listener/flush_begin] column family: default, thread_id: 1189287, job_id: 6, reason: 6
W20230630 02:08:14.579435 1189522 event_listener.cc:132] [event_listener/stall_cond_changed] column family: default write stall condition was changed, from normal to delay
I20230630 02:08:14.706447 1189287 event_listener.cc:138] [event_listener/table_file_created] column family: default, file path: /nvme/jinghuan/node_40001/db/000023.sst, file size: 122655815, job id: 6, reason: flush, status: OK
I20230630 02:08:14.715106 1189287 event_listener.cc:91] [event_listener/flush_completed] column family: default, thread_id: 1189287, job_id: 6, file: /nvme/jinghuan/node_40001/db/000023.sst, reason: 6, is_write_slowdown: no, is_write_stall: no, largest seqno: 387331, smallest seqno: 260129
W20230630 02:08:14.715216 1189287 event_listener.cc:132] [event_listener/stall_cond_changed] column family: default write stall condition was changed, from delay to normal
I20230630 02:08:15.118362 1189288 event_listener.cc:84] [event_listener/flush_begin] column family: default, thread_id: 1189288, job_id: 8, reason: 6
I20230630 02:08:15.245422 1189287 event_listener.cc:84] [event_listener/flush_begin] column family: metadata, thread_id: 1189287, job_id: 9, reason: 13
I20230630 02:08:15.320967 1189286 event_listener.cc:138] [event_listener/table_file_created] column family: default, file path: /nvme/jinghuan/node_40001/db/000025.sst, file size: 137032321, job id: 7, reason: compaction, status: OK
I20230630 02:08:15.332674 1189287 event_listener.cc:138] [event_listener/table_file_created] column family: metadata, file path: /nvme/jinghuan/node_40001/db/000029.sst, file size: 3350304, job id: 9, reason: flush, status: OK
I20230630 02:08:15.357705 1189287 event_listener.cc:91] [event_listener/flush_completed] column family: metadata, thread_id: 1189287, job_id: 9, file: /nvme/jinghuan/node_40001/db/000029.sst, reason: 13, is_write_slowdown: no, is_write_stall: no, largest seqno: 542487, smallest seqno: 11
W20230630 02:08:15.416325 1189520 event_listener.cc:132] [event_listener/stall_cond_changed] column family: default write stall condition was changed, from normal to delay
I20230630 02:08:15.530607 1189285 event_listener.cc:138] [event_listener/table_file_created] column family: metadata, file path: /nvme/jinghuan/node_40001/db/000032.sst, file size: 3350300, job id: 10, reason: compaction, status: OK
I20230630 02:08:15.547932 1189285 event_listener.cc:71] [event_listener/compaction_completed] column family: metadata, compaction reason: 11, output compression type: no, base input level(files): 0(1), output level(files): 0(1), input bytes: 3350304, output bytes:3350300, is_manual_compaction:no, elapsed(micro): 114289
I20230630 02:08:15.883220 1189287 event_listener.cc:84] [event_listener/flush_begin] column family: default, thread_id: 1189287, job_id: 11, reason: 6
I20230630 02:08:15.921342 1189288 event_listener.cc:138] [event_listener/table_file_created] column family: default, file path: /nvme/jinghuan/node_40001/db/000027.sst, file size: 121987489, job id: 8, reason: flush, status: OK
I20230630 02:08:15.930204 1189288 event_listener.cc:91] [event_listener/flush_completed] column family: default, thread_id: 1189288, job_id: 8, file: /nvme/jinghuan/node_40001/db/000027.sst, reason: 6, is_write_slowdown: no, is_write_stall: no, largest seqno: 513842, smallest seqno: 387333
W20230630 02:08:15.930392 1189288 event_listener.cc:132] [event_listener/stall_cond_changed] column family: default write stall condition was changed, from stop to normal
W20230630 02:08:15.930514 1189520 event_listener.cc:132] [event_listener/stall_cond_changed] column family: default write stall condition was changed, from delay to stop
W20230630 02:08:16.398677 1189516 event_listener.cc:132] [event_listener/stall_cond_changed] column family: default write stall condition was changed, from normal to delay
I20230630 02:08:16.630132 1189286 event_listener.cc:138] [event_listener/table_file_created] column family: default, file path: /nvme/jinghuan/node_40001/db/000030.sst, file size: 137336596, job id: 7, reason: compaction, status: OK
I20230630 02:08:16.644424 1189287 event_listener.cc:138] [event_listener/table_file_created] column family: default, file path: /nvme/jinghuan/node_40001/db/000034.sst, file size: 115295488, job id: 11, reason: flush, status: OK
I20230630 02:08:16.667271 1189287 event_listener.cc:91] [event_listener/flush_completed] column family: default, thread_id: 1189287, job_id: 11, file: /nvme/jinghuan/node_40001/db/000034.sst, reason: 6, is_write_slowdown: no, is_write_stall: no, largest seqno: 633412, smallest seqno: 513844
W20230630 02:08:16.667510 1189287 event_listener.cc:132] [event_listener/stall_cond_changed] column family: default write stall condition was changed, from delay to normal
I20230630 02:08:16.979318 1189288 event_listener.cc:84] [event_listener/flush_begin] column family: default, thread_id: 1189288, job_id: 12, reason: 6
I20230630 02:08:17.119318 1189286 event_listener.cc:138] [event_listener/table_file_created] column family: default, file path: /nvme/jinghuan/node_40001/db/000036.sst, file size: 99756268, job id: 7, reason: compaction, status: OK
I20230630 02:08:17.134805 1189286 event_listener.cc:71] [event_listener/compaction_completed] column family: default, compaction reason: 1, output compression type: no, base input level(files): 0(3), output level(files): 1(3), input bytes: 373482869, output bytes:374125185, is_manual_compaction:no, elapsed(micro): 2404137
I20230630 02:08:17.135234 1189286 event_listener.cc:127] [event_listener/table_file_deleted] db: /nvme/jinghuan/node_40001/db, sst file: /nvme/jinghuan/node_40001/db/000029.sst, status: OK
I20230630 02:08:17.144510 1189286 event_listener.cc:71] [event_listener/compaction_completed] column family: default, compaction reason: 2, output compression type: no, base input level(files): 1(1), output level(files): 2(1), input bytes: 0, output bytes:0, is_manual_compaction:no, elapsed(micro): 0
W20230630 02:08:17.321909 1189523 event_listener.cc:132] [event_listener/stall_cond_changed] column family: default write stall condition was changed, from normal to delay
I20230630 02:08:17.527618 1189288 event_listener.cc:138] [event_listener/table_file_created] column family: default, file path: /nvme/jinghuan/node_40001/db/000038.sst, file size: 128754633, job id: 12, reason: flush, status: OK
I20230630 02:08:17.536940 1189288 event_listener.cc:91] [event_listener/flush_completed] column family: default, thread_id: 1189288, job_id: 12, file: /nvme/jinghuan/node_40001/db/000038.sst, reason: 6, is_write_slowdown: no, is_write_stall: no, largest seqno: 766941, smallest seqno: 633414
I20230630 02:08:17.546511 1189288 event_listener.cc:127] [event_listener/table_file_deleted] db: /nvme/jinghuan/node_40001/db, sst file: /nvme/jinghuan/node_40001/db/000023.sst, status: OK
I20230630 02:08:17.555934 1189288 event_listener.cc:127] [event_listener/table_file_deleted] db: /nvme/jinghuan/node_40001/db, sst file: /nvme/jinghuan/node_40001/db/000020.sst, status: OK
I20230630 02:08:17.565847 1189288 event_listener.cc:127] [event_listener/table_file_deleted] db: /nvme/jinghuan/node_40001/db, sst file: /nvme/jinghuan/node_40001/db/000018.sst, status: OK
W20230630 02:08:17.565868 1189288 event_listener.cc:132] [event_listener/stall_cond_changed] column family: default write stall condition was changed, from delay to normal
I20230630 02:08:17.812264 1189287 event_listener.cc:84] [event_listener/flush_begin] column family: default, thread_id: 1189287, job_id: 15, reason: 6
W20230630 02:08:18.127703 1189516 event_listener.cc:132] [event_listener/stall_cond_changed] column family: default write stall condition was changed, from normal to delay
I20230630 02:08:18.420042 1189285 event_listener.cc:138] [event_listener/table_file_created] column family: default, file path: /nvme/jinghuan/node_40001/db/000040.sst, file size: 137038381, job id: 14, reason: compaction, status: OK
I20230630 02:08:18.518671 1189287 event_listener.cc:138] [event_listener/table_file_created] column family: default, file path: /nvme/jinghuan/node_40001/db/000042.sst, file size: 121383263, job id: 15, reason: flush, status: OK
I20230630 02:08:18.524039 1189287 event_listener.cc:91] [event_listener/flush_completed] column family: default, thread_id: 1189287, job_id: 15, file: /nvme/jinghuan/node_40001/db/000042.sst, reason: 6, is_write_slowdown: no, is_write_stall: no, largest seqno: 892825, smallest seqno: 766943
W20230630 02:08:18.524094 1189287 event_listener.cc:132] [event_listener/stall_cond_changed] column family: default write stall condition was changed, from delay to normal
I20230630 02:08:18.622334 1189288 event_listener.cc:84] [event_listener/flush_begin] column family: default, thread_id: 1189288, job_id: 16, reason: 6
W20230630 02:08:18.961129 1189516 event_listener.cc:132] [event_listener/stall_cond_changed] column family: default write stall condition was changed, from normal to delay
I20230630 02:08:19.035821 1189287 event_listener.cc:84] [event_listener/flush_begin] column family: metadata, thread_id: 1189287, job_id: 17, reason: 13
I20230630 02:08:19.116161 1189287 event_listener.cc:138] [event_listener/table_file_created] column family: metadata, file path: /nvme/jinghuan/node_40001/db/000049.sst, file size: 3347854, job id: 17, reason: flush, status: OK
I20230630 02:08:19.122473 1189287 event_listener.cc:91] [event_listener/flush_completed] column family: metadata, thread_id: 1189287, job_id: 17, file: /nvme/jinghuan/node_40001/db/000049.sst, reason: 13, is_write_slowdown: no, is_write_stall: no, largest seqno: 1084974, smallest seqno: 542498
I20230630 02:08:19.327023 1189288 event_listener.cc:138] [event_listener/table_file_created] column family: default, file path: /nvme/jinghuan/node_40001/db/000046.sst, file size: 121765252, job id: 16, reason: flush, status: OK
I20230630 02:08:19.333338 1189288 event_listener.cc:91] [event_listener/flush_completed] column family: default, thread_id: 1189288, job_id: 16, file: /nvme/jinghuan/node_40001/db/000046.sst, reason: 6, is_write_slowdown: no, is_write_stall: no, largest seqno: 1019105, smallest seqno: 892827
W20230630 02:08:19.333427 1189288 event_listener.cc:132] [event_listener/stall_cond_changed] column family: default write stall condition was changed, from delay to normal
I20230630 02:08:19.433218 1189287 event_listener.cc:84] [event_listener/flush_begin] column family: default, thread_id: 1189287, job_id: 18, reason: 6
I20230630 02:08:19.617942 1189285 event_listener.cc:138] [event_listener/table_file_created] column family: default, file path: /nvme/jinghuan/node_40001/db/000044.sst, file size: 137029381, job id: 14, reason: compaction, status: OK
W20230630 02:08:19.848219 1189516 event_listener.cc:132] [event_listener/stall_cond_changed] column family: default write stall condition was changed, from normal to delay
I20230630 02:08:20.212035 1189287 event_listener.cc:138] [event_listener/table_file_created] column family: default, file path: /nvme/jinghuan/node_40001/db/000051.sst, file size: 121478883, job id: 18, reason: flush, status: OK
I20230630 02:08:20.218538 1189287 event_listener.cc:91] [event_listener/flush_completed] column family: default, thread_id: 1189287, job_id: 18, file: /nvme/jinghuan/node_40001/db/000051.sst, reason: 6, is_write_slowdown: no, is_write_stall: no, largest seqno: 1145088, smallest seqno: 1019107
W20230630 02:08:20.218737 1189287 event_listener.cc:132] [event_listener/stall_cond_changed] column family: default write stall condition was changed, from stop to normal
W20230630 02:08:20.218813 1189516 event_listener.cc:132] [event_listener/stall_cond_changed] column family: default write stall condition was changed, from delay to stop
I20230630 02:08:20.269721 1189288 event_listener.cc:84] [event_listener/flush_begin] column family: default, thread_id: 1189288, job_id: 19, reason: 6
W20230630 02:08:20.618166 1189523 event_listener.cc:132] [event_listener/stall_cond_changed] column family: default write stall condition was changed, from normal to delay
I20230630 02:08:20.920184 1189285 event_listener.cc:138] [event_listener/table_file_created] column family: default, file path: /nvme/jinghuan/node_40001/db/000052.sst, file size: 137301822, job id: 14, reason: compaction, status: OK
I20230630 02:08:21.011390 1189288 event_listener.cc:138] [event_listener/table_file_created] column family: default, file path: /nvme/jinghuan/node_40001/db/000055.sst, file size: 121722650, job id: 19, reason: flush, status: OK
I20230630 02:08:21.018231 1189288 event_listener.cc:91] [event_listener/flush_completed] column family: default, thread_id: 1189288, job_id: 19, file: /nvme/jinghuan/node_40001/db/000055.sst, reason: 6, is_write_slowdown: no, is_write_stall: no, largest seqno: 1271324, smallest seqno: 1145090
W20230630 02:08:21.018302 1189288 event_listener.cc:132] [event_listener/stall_cond_changed] column family: default write stall condition was changed, from delay to normal
I20230630 02:08:21.090921 1189287 event_listener.cc:84] [event_listener/flush_begin] column family: default, thread_id: 1189287, job_id: 21, reason: 6
W20230630 02:08:21.452361 1189516 event_listener.cc:132] [event_listener/stall_cond_changed] column family: default write stall condition was changed, from normal to delay
I20230630 02:08:21.813946 1189287 event_listener.cc:138] [event_listener/table_file_created] column family: default, file path: /nvme/jinghuan/node_40001/db/000059.sst, file size: 115708803, job id: 21, reason: flush, status: OK
I20230630 02:08:21.820358 1189287 event_listener.cc:91] [event_listener/flush_completed] column family: default, thread_id: 1189287, job_id: 21, file: /nvme/jinghuan/node_40001/db/000059.sst, reason: 6, is_write_slowdown: no, is_write_stall: no, largest seqno: 1391323, smallest seqno: 1271326
W20230630 02:08:21.820420 1189287 event_listener.cc:132] [event_listener/stall_cond_changed] column family: default write stall condition was changed, from delay to normal
I20230630 02:08:21.918730 1189288 event_listener.cc:84] [event_listener/flush_begin] column family: default, thread_id: 1189288, job_id: 23, reason: 6
W20230630 02:08:22.280777 1189516 event_listener.cc:132] [event_listener/stall_cond_changed] column family: default write stall condition was changed, from normal to delay
I20230630 02:08:22.506453 1189285 event_listener.cc:138] [event_listener/table_file_created] column family: default, file path: /nvme/jinghuan/node_40001/db/000057.sst, file size: 137030490, job id: 14, reason: compaction, status: OK
I20230630 02:08:22.738417 1189287 event_listener.cc:84] [event_listener/flush_begin] column family: metadata, thread_id: 1189287, job_id: 24, reason: 13
I20230630 02:08:22.825615 1189287 event_listener.cc:138] [event_listener/table_file_created] column family: metadata, file path: /nvme/jinghuan/node_40001/db/000068.sst, file size: 3348770, job id: 24, reason: flush, status: OK
I20230630 02:08:22.834966 1189287 event_listener.cc:91] [event_listener/flush_completed] column family: metadata, thread_id: 1189287, job_id: 24, file: /nvme/jinghuan/node_40001/db/000068.sst, reason: 13, is_write_slowdown: no, is_write_stall: no, largest seqno: 1627461, smallest seqno: 1084985
I20230630 02:08:22.849608 1189287 event_listener.cc:84] [event_listener/flush_begin] column family: default, thread_id: 1189287, job_id: 25, reason: 6
I20230630 02:08:22.915356 1189288 event_listener.cc:138] [event_listener/table_file_created] column family: default, file path: /nvme/jinghuan/node_40001/db/000063.sst, file size: 115666597, job id: 23, reason: flush, status: OK
I20230630 02:08:22.921602 1189288 event_listener.cc:91] [event_listener/flush_completed] column family: default, thread_id: 1189288, job_id: 23, file: /nvme/jinghuan/node_40001/db/000063.sst, reason: 6, is_write_slowdown: no, is_write_stall: no, largest seqno: 1511278, smallest seqno: 1391325
W20230630 02:08:22.921808 1189288 event_listener.cc:132] [event_listener/stall_cond_changed] column family: default write stall condition was changed, from stop to normal
W20230630 02:08:22.921972 1189516 event_listener.cc:132] [event_listener/stall_cond_changed] column family: default write stall condition was changed, from delay to stop
I20230630 02:08:23.326400 1189285 event_listener.cc:138] [event_listener/table_file_created] column family: default, file path: /nvme/jinghuan/node_40001/db/000065.sst, file size: 54982067, job id: 14, reason: compaction, status: OK
I20230630 02:08:23.352258 1189285 event_listener.cc:71] [event_listener/compaction_completed] column family: default, compaction reason: 1, output compression type: no, base input level(files): 0(5), output level(files): 1(5), input bytes: 603130474, output bytes:603382141, is_manual_compaction:no, elapsed(micro): 5789374
W20230630 02:08:23.410342 1189517 event_listener.cc:132] [event_listener/stall_cond_changed] column family: default write stall condition was changed, from normal to delay
I20230630 02:08:23.420341 1189285 event_listener.cc:71] [event_listener/compaction_completed] column family: default, compaction reason: 2, output compression type: no, base input level(files): 1(1), output level(files): 2(1), input bytes: 0, output bytes:0, is_manual_compaction:no, elapsed(micro): 0
I20230630 02:08:23.432361 1189285 event_listener.cc:71] [event_listener/compaction_completed] column family: default, compaction reason: 2, output compression type: no, base input level(files): 1(1), output level(files): 2(1), input bytes: 0, output bytes:0, is_manual_compaction:no, elapsed(micro): 0
I20230630 02:08:23.445477 1189285 event_listener.cc:71] [event_listener/compaction_completed] column family: default, compaction reason: 2, output compression type: no, base input level(files): 1(1), output level(files): 2(1), input bytes: 0, output bytes:0, is_manual_compaction:no, elapsed(micro): 0
I20230630 02:08:23.830760 1189287 event_listener.cc:138] [event_listener/table_file_created] column family: default, file path: /nvme/jinghuan/node_40001/db/000069.sst, file size: 114807960, job id: 25, reason: flush, status: OK
I20230630 02:08:23.841702 1189287 event_listener.cc:91] [event_listener/flush_completed] column family: default, thread_id: 1189287, job_id: 25, file: /nvme/jinghuan/node_40001/db/000069.sst, reason: 6, is_write_slowdown: no, is_write_stall: no, largest seqno: 1630342, smallest seqno: 1511280
W20230630 02:08:23.841825 1189287 event_listener.cc:132] [event_listener/stall_cond_changed] column family: default write stall condition was changed, from delay to normal
I20230630 02:08:23.951977 1189288 event_listener.cc:84] [event_listener/flush_begin] column family: default, thread_id: 1189288, job_id: 30, reason: 6
I20230630 02:08:24.113361 1189285 event_listener.cc:138] [event_listener/table_file_created] column family: default, file path: /nvme/jinghuan/node_40001/db/000071.sst, file size: 54982067, job id: 29, reason: compaction, status: OK
I20230630 02:08:24.131748 1189285 event_listener.cc:71] [event_listener/compaction_completed] column family: default, compaction reason: 11, output compression type: no, base input level(files): 1(1), output level(files): 1(1), input bytes: 54982067, output bytes:54982067, is_manual_compaction:no, elapsed(micro): 667795
W20230630 02:08:24.368312 1189517 event_listener.cc:132] [event_listener/stall_cond_changed] column family: default write stall condition was changed, from normal to delay
I20230630 02:08:24.896615 1189287 event_listener.cc:84] [event_listener/flush_begin] column family: default, thread_id: 1189287, job_id: 32, reason: 6
I20230630 02:08:24.919183 1189288 event_listener.cc:138] [event_listener/table_file_created] column family: default, file path: /nvme/jinghuan/node_40001/db/000073.sst, file size: 128500439, job id: 30, reason: flush, status: OK
I20230630 02:08:24.935761 1189288 event_listener.cc:91] [event_listener/flush_completed] column family: default, thread_id: 1189288, job_id: 30, file: /nvme/jinghuan/node_40001/db/000073.sst, reason: 6, is_write_slowdown: no, is_write_stall: no, largest seqno: 1763607, smallest seqno: 1630344
W20230630 02:08:24.935868 1189288 event_listener.cc:132] [event_listener/stall_cond_changed] column family: default write stall condition was changed, from stop to normal
W20230630 02:08:24.936319 1189520 event_listener.cc:132] [event_listener/stall_cond_changed] column family: default write stall condition was changed, from delay to stop
W20230630 02:08:25.357129 1189520 event_listener.cc:132] [event_listener/stall_cond_changed] column family: default write stall condition was changed, from normal to delay
I20230630 02:08:25.875703 1189288 event_listener.cc:84] [event_listener/flush_begin] column family: default, thread_id: 1189288, job_id: 33, reason: 6
I20230630 02:08:26.212858 1189285 event_listener.cc:138] [event_listener/table_file_created] column family: default, file path: /nvme/jinghuan/node_40001/db/000075.sst, file size: 137029381, job id: 31, reason: compaction, status: OK
I20230630 02:08:26.226074 1189285 event_listener.cc:71] [event_listener/compaction_completed] column family: default, compaction reason: 11, output compression type: no, base input level(files): 2(1), output level(files): 2(1), input bytes: 137029381, output bytes:137029381, is_manual_compaction:no, elapsed(micro): 1844600
I20230630 02:08:26.315282 1189287 event_listener.cc:138] [event_listener/table_file_created] column family: default, file path: /nvme/jinghuan/node_40001/db/000077.sst, file size: 128765287, job id: 32, reason: flush, status: OK
I20230630 02:08:26.330718 1189287 event_listener.cc:91] [event_listener/flush_completed] column family: default, thread_id: 1189287, job_id: 32, file: /nvme/jinghuan/node_40001/db/000077.sst, reason: 6, is_write_slowdown: no, is_write_stall: no, largest seqno: 1897147, smallest seqno: 1763609
W20230630 02:08:26.330822 1189287 event_listener.cc:132] [event_listener/stall_cond_changed] column family: default write stall condition was changed, from stop to normal
W20230630 02:08:26.340085 1189520 event_listener.cc:132] [event_listener/stall_cond_changed] column family: default write stall condition was changed, from delay to stop
W20230630 02:08:26.774425 1189519 event_listener.cc:132] [event_listener/stall_cond_changed] column family: default write stall condition was changed, from normal to delay
I20230630 02:08:27.014053 1189288 event_listener.cc:138] [event_listener/table_file_created] column family: default, file path: /nvme/jinghuan/node_40001/db/000080.sst, file size: 121955437, job id: 33, reason: flush, status: OK
I20230630 02:08:27.025599 1189288 event_listener.cc:91] [event_listener/flush_completed] column family: default, thread_id: 1189288, job_id: 33, file: /nvme/jinghuan/node_40001/db/000080.sst, reason: 6, is_write_slowdown: no, is_write_stall: no, largest seqno: 2023625, smallest seqno: 1897149
I20230630 02:08:27.035349 1189288 event_listener.cc:127] [event_listener/table_file_deleted] db: /nvme/jinghuan/node_40001/db, sst file: /nvme/jinghuan/node_40001/db/000044.sst, status: OK
W20230630 02:08:27.035375 1189288 event_listener.cc:132] [event_listener/stall_cond_changed] column family: default write stall condition was changed, from delay to normal
I20230630 02:08:27.256707 1189287 event_listener.cc:84] [event_listener/flush_begin] column family: default, thread_id: 1189287, job_id: 35, reason: 6
I20230630 02:08:27.401834 1189288 event_listener.cc:84] [event_listener/flush_begin] column family: metadata, thread_id: 1189288, job_id: 36, reason: 13
I20230630 02:08:27.614260 1189288 event_listener.cc:138] [event_listener/table_file_created] column family: metadata, file path: /nvme/jinghuan/node_40001/db/000086.sst, file size: 3353256, job id: 36, reason: flush, status: OK
I20230630 02:08:27.622781 1189288 event_listener.cc:91] [event_listener/flush_completed] column family: metadata, thread_id: 1189288, job_id: 36, file: /nvme/jinghuan/node_40001/db/000086.sst, reason: 13, is_write_slowdown: no, is_write_stall: no, largest seqno: 2169948, smallest seqno: 1627472
W20230630 02:08:27.646664 1189520 event_listener.cc:132] [event_listener/stall_cond_changed] column family: default write stall condition was changed, from normal to delay
I20230630 02:08:27.715967 1189286 event_listener.cc:138] [event_listener/table_file_created] column family: default, file path: /nvme/jinghuan/node_40001/db/000061.sst, file size: 486393836, job id: 22, reason: compaction, status: OK
I20230630 02:08:27.744653 1189286 event_listener.cc:71] [event_listener/compaction_completed] column family: default, compaction reason: 1, output compression type: no, base input level(files): 0(4), output level(files): 0(1), input bytes: 486350048, output bytes:486393836, is_manual_compaction:no, elapsed(micro): 6263636
I20230630 02:08:27.755229 1189286 event_listener.cc:127] [event_listener/table_file_deleted] db: /nvme/jinghuan/node_40001/db, sst file: /nvme/jinghuan/node_40001/db/000065.sst, status: OK
I20230630 02:08:27.765019 1189286 event_listener.cc:127] [event_listener/table_file_deleted] db: /nvme/jinghuan/node_40001/db, sst file: /nvme/jinghuan/node_40001/db/000038.sst, status: OK
I20230630 02:08:27.772540 1189286 event_listener.cc:127] [event_listener/table_file_deleted] db: /nvme/jinghuan/node_40001/db, sst file: /nvme/jinghuan/node_40001/db/000036.sst, status: OK
I20230630 02:08:27.781374 1189286 event_listener.cc:127] [event_listener/table_file_deleted] db: /nvme/jinghuan/node_40001/db, sst file: /nvme/jinghuan/node_40001/db/000034.sst, status: OK
I20230630 02:08:27.791841 1189286 event_listener.cc:127] [event_listener/table_file_deleted] db: /nvme/jinghuan/node_40001/db, sst file: /nvme/jinghuan/node_40001/db/000030.sst, status: OK
I20230630 02:08:27.801096 1189286 event_listener.cc:127] [event_listener/table_file_deleted] db: /nvme/jinghuan/node_40001/db, sst file: /nvme/jinghuan/node_40001/db/000027.sst, status: OK
I20230630 02:08:28.136463 1189288 event_listener.cc:84] [event_listener/flush_begin] column family: default, thread_id: 1189288, job_id: 38, reason: 6
I20230630 02:08:28.213387 1189287 event_listener.cc:138] [event_listener/table_file_created] column family: default, file path: /nvme/jinghuan/node_40001/db/000084.sst, file size: 116429313, job id: 35, reason: flush, status: OK
I20230630 02:08:28.225925 1189287 event_listener.cc:91] [event_listener/flush_completed] column family: default, thread_id: 1189287, job_id: 35, file: /nvme/jinghuan/node_40001/db/000084.sst, reason: 6, is_write_slowdown: no, is_write_stall: no, largest seqno: 2144372, smallest seqno: 2023627
W20230630 02:08:28.226387 1189287 event_listener.cc:132] [event_listener/stall_cond_changed] column family: default write stall condition was changed, from stop to normal
W20230630 02:08:28.226544 1189520 event_listener.cc:132] [event_listener/stall_cond_changed] column family: default write stall condition was changed, from delay to stop
W20230630 02:08:28.711066 1189523 event_listener.cc:132] [event_listener/stall_cond_changed] column family: default write stall condition was changed, from normal to delay
I20230630 02:08:29.218621 1189288 event_listener.cc:138] [event_listener/table_file_created] column family: default, file path: /nvme/jinghuan/node_40001/db/000090.sst, file size: 116664054, job id: 38, reason: flush, status: OK
I20230630 02:08:29.228420 1189288 event_listener.cc:91] [event_listener/flush_completed] column family: default, thread_id: 1189288, job_id: 38, file: /nvme/jinghuan/node_40001/db/000090.sst, reason: 6, is_write_slowdown: no, is_write_stall: no, largest seqno: 2265361, smallest seqno: 2144374
W20230630 02:08:29.228511 1189288 event_listener.cc:132] [event_listener/stall_cond_changed] column family: default write stall condition was changed, from stop to normal
W20230630 02:08:29.231688 1189518 event_listener.cc:132] [event_listener/stall_cond_changed] column family: default write stall condition was changed, from delay to stop
I20230630 02:08:29.253669 1189287 event_listener.cc:84] [event_listener/flush_begin] column family: default, thread_id: 1189287, job_id: 39, reason: 6
I20230630 02:08:29.613051 1189286 event_listener.cc:138] [event_listener/table_file_created] column family: default, file path: /nvme/jinghuan/node_40001/db/000088.sst, file size: 137301822, job id: 37, reason: compaction, status: OK
I20230630 02:08:29.622260 1189286 event_listener.cc:71] [event_listener/compaction_completed] column family: default, compaction reason: 11, output compression type: no, base input level(files): 2(1), output level(files): 2(1), input bytes: 137301822, output bytes:137301822, is_manual_compaction:no, elapsed(micro): 1811916
W20230630 02:08:29.683166 1189518 event_listener.cc:132] [event_listener/stall_cond_changed] column family: default write stall condition was changed, from normal to delay
I20230630 02:08:30.184562 1189288 event_listener.cc:84] [event_listener/flush_begin] column family: default, thread_id: 1189288, job_id: 41, reason: 6
I20230630 02:08:30.217365 1189287 event_listener.cc:138] [event_listener/table_file_created] column family: default, file path: /nvme/jinghuan/node_40001/db/000093.sst, file size: 128722867, job id: 39, reason: flush, status: OK
I20230630 02:08:30.229910 1189287 event_listener.cc:91] [event_listener/flush_completed] column family: default, thread_id: 1189287, job_id: 39, file: /nvme/jinghuan/node_40001/db/000093.sst, reason: 6, is_write_slowdown: no, is_write_stall: no, largest seqno: 2398857, smallest seqno: 2265363
W20230630 02:08:30.230012 1189287 event_listener.cc:132] [event_listener/stall_cond_changed] column family: default write stall condition was changed, from stop to normal
W20230630 02:08:30.230422 1189523 event_listener.cc:132] [event_listener/stall_cond_changed] column family: default write stall condition was changed, from delay to stop
I20230630 02:08:30.234640 1189286 event_listener.cc:138] [event_listener/table_file_created] column family: metadata, file path: /nvme/jinghuan/node_40001/db/000094.sst, file size: 13295488, job id: 40, reason: compaction, status: OK
I20230630 02:08:30.247695 1189286 event_listener.cc:71] [event_listener/compaction_completed] column family: metadata, compaction reason: 1, output compression type: no, base input level(files): 0(4), output level(files): 1(1), input bytes: 13400180, output bytes:13295488, is_manual_compaction:no, elapsed(micro): 612254
I20230630 02:08:30.248034 1189286 event_listener.cc:127] [event_listener/table_file_deleted] db: /nvme/jinghuan/node_40001/db, sst file: /nvme/jinghuan/node_40001/db/000068.sst, status: OK
I20230630 02:08:30.248349 1189286 event_listener.cc:127] [event_listener/table_file_deleted] db: /nvme/jinghuan/node_40001/db, sst file: /nvme/jinghuan/node_40001/db/000049.sst, status: OK
I20230630 02:08:30.248692 1189286 event_listener.cc:127] [event_listener/table_file_deleted] db: /nvme/jinghuan/node_40001/db, sst file: /nvme/jinghuan/node_40001/db/000032.sst, status: OK
W20230630 02:08:30.663417 1189516 event_listener.cc:132] [event_listener/stall_cond_changed] column family: default write stall condition was changed, from normal to delay
I20230630 02:08:31.115851 1189288 event_listener.cc:138] [event_listener/table_file_created] column family: default, file path: /nvme/jinghuan/node_40001/db/000097.sst, file size: 118338990, job id: 41, reason: flush, status: OK
I20230630 02:08:31.148423 1189288 event_listener.cc:91] [event_listener/flush_completed] column family: default, thread_id: 1189288, job_id: 41, file: /nvme/jinghuan/node_40001/db/000097.sst, reason: 6, is_write_slowdown: no, is_write_stall: no, largest seqno: 2521584, smallest seqno: 2398859
W20230630 02:08:31.148521 1189288 event_listener.cc:132] [event_listener/stall_cond_changed] column family: default write stall condition was changed, from stop to normal
W20230630 02:08:31.149685 1189516 event_listener.cc:132] [event_listener/stall_cond_changed] column family: default write stall condition was changed, from delay to stop
I20230630 02:08:31.163004 1189287 event_listener.cc:84] [event_listener/flush_begin] column family: default, thread_id: 1189287, job_id: 43, reason: 6
W20230630 02:08:31.644305 1189516 event_listener.cc:132] [event_listener/stall_cond_changed] column family: default write stall condition was changed, from normal to delay
I20230630 02:08:31.746271 1189288 event_listener.cc:84] [event_listener/flush_begin] column family: metadata, thread_id: 1189288, job_id: 44, reason: 13
I20230630 02:08:31.907541 1189288 event_listener.cc:138] [event_listener/table_file_created] column family: metadata, file path: /nvme/jinghuan/node_40001/db/000104.sst, file size: 3355667, job id: 44, reason: flush, status: OK
I20230630 02:08:31.913350 1189288 event_listener.cc:91] [event_listener/flush_completed] column family: metadata, thread_id: 1189288, job_id: 44, file: /nvme/jinghuan/node_40001/db/000104.sst, reason: 13, is_write_slowdown: no, is_write_stall: no, largest seqno: 2712435, smallest seqno: 2169959
I20230630 02:08:32.111028 1189287 event_listener.cc:138] [event_listener/table_file_created] column family: default, file path: /nvme/jinghuan/node_40001/db/000101.sst, file size: 116759391, job id: 43, reason: flush, status: OK
I20230630 02:08:32.117417 1189287 event_listener.cc:91] [event_listener/flush_completed] column family: default, thread_id: 1189287, job_id: 43, file: /nvme/jinghuan/node_40001/db/000101.sst, reason: 6, is_write_slowdown: no, is_write_stall: no, largest seqno: 2642672, smallest seqno: 2521586
W20230630 02:08:32.117511 1189287 event_listener.cc:132] [event_listener/stall_cond_changed] column family: default write stall condition was changed, from delay to normal
I20230630 02:08:32.216696 1189288 event_listener.cc:84] [event_listener/flush_begin] column family: default, thread_id: 1189288, job_id: 45, reason: 6
I20230630 02:08:32.312309 1189285 event_listener.cc:138] [event_listener/table_file_created] column family: default, file path: /nvme/jinghuan/node_40001/db/000081.sst, file size: 474724487, job id: 34, reason: compaction, status: OK
I20230630 02:08:32.329953 1189285 event_listener.cc:71] [event_listener/compaction_completed] column family: default, compaction reason: 1, output compression type: no, base input level(files): 0(4), output level(files): 0(1), input bytes: 474683799, output bytes:474724487, is_manual_compaction:no, elapsed(micro): 6086136
I20230630 02:08:32.330356 1189285 event_listener.cc:127] [event_listener/table_file_deleted] db: /nvme/jinghuan/node_40001/db, sst file: /nvme/jinghuan/node_40001/db/000086.sst, status: OK
I20230630 02:08:32.338649 1189285 event_listener.cc:127] [event_listener/table_file_deleted] db: /nvme/jinghuan/node_40001/db, sst file: /nvme/jinghuan/node_40001/db/000055.sst, status: OK
I20230630 02:08:32.347965 1189285 event_listener.cc:127] [event_listener/table_file_deleted] db: /nvme/jinghuan/node_40001/db, sst file: /nvme/jinghuan/node_40001/db/000052.sst, status: OK
I20230630 02:08:32.356253 1189285 event_listener.cc:127] [event_listener/table_file_deleted] db: /nvme/jinghuan/node_40001/db, sst file: /nvme/jinghuan/node_40001/db/000051.sst, status: OK
I20230630 02:08:32.364517 1189285 event_listener.cc:127] [event_listener/table_file_deleted] db: /nvme/jinghuan/node_40001/db, sst file: /nvme/jinghuan/node_40001/db/000046.sst, status: OK
I20230630 02:08:32.373759 1189285 event_listener.cc:127] [event_listener/table_file_deleted] db: /nvme/jinghuan/node_40001/db, sst file: /nvme/jinghuan/node_40001/db/000042.sst, status: OK
W20230630 02:08:32.639751 1189516 event_listener.cc:132] [event_listener/stall_cond_changed] column family: default write stall condition was changed, from normal to delay
I20230630 02:08:33.118759 1189287 event_listener.cc:84] [event_listener/flush_begin] column family: default, thread_id: 1189287, job_id: 47, reason: 6
I20230630 02:08:33.213786 1189288 event_listener.cc:138] [event_listener/table_file_created] column family: default, file path: /nvme/jinghuan/node_40001/db/000106.sst, file size: 123950429, job id: 45, reason: flush, status: OK
I20230630 02:08:33.220017 1189288 event_listener.cc:91] [event_listener/flush_completed] column family: default, thread_id: 1189288, job_id: 45, file: /nvme/jinghuan/node_40001/db/000106.sst, reason: 6, is_write_slowdown: no, is_write_stall: no, largest seqno: 2771218, smallest seqno: 2642674
W20230630 02:08:33.220269 1189288 event_listener.cc:132] [event_listener/stall_cond_changed] column family: default write stall condition was changed, from stop to normal
W20230630 02:08:33.223203 1189516 event_listener.cc:132] [event_listener/stall_cond_changed] column family: default write stall condition was changed, from delay to stop
W20230630 02:08:33.709210 1189522 event_listener.cc:132] [event_listener/stall_cond_changed] column family: default write stall condition was changed, from normal to delay
I20230630 02:08:34.137436 1189287 event_listener.cc:138] [event_listener/table_file_created] column family: default, file path: /nvme/jinghuan/node_40001/db/000110.sst, file size: 118870454, job id: 47, reason: flush, status: OK
I20230630 02:08:34.143733 1189287 event_listener.cc:91] [event_listener/flush_completed] column family: default, thread_id: 1189287, job_id: 47, file: /nvme/jinghuan/node_40001/db/000110.sst, reason: 6, is_write_slowdown: no, is_write_stall: no, largest seqno: 2894495, smallest seqno: 2771220
W20230630 02:08:34.143770 1189287 event_listener.cc:132] [event_listener/stall_cond_changed] column family: default write stall condition was changed, from delay to normal
I20230630 02:08:34.214303 1189285 event_listener.cc:138] [event_listener/table_file_created] column family: default, file path: /nvme/jinghuan/node_40001/db/000107.sst, file size: 137030490, job id: 46, reason: compaction, status: OK
I20230630 02:08:34.228919 1189285 event_listener.cc:71] [event_listener/compaction_completed] column family: default, compaction reason: 11, output compression type: no, base input level(files): 2(1), output level(files): 2(1), input bytes: 137030490, output bytes:137030490, is_manual_compaction:no, elapsed(micro): 1840500
I20230630 02:08:34.230405 1189288 event_listener.cc:84] [event_listener/flush_begin] column family: default, thread_id: 1189288, job_id: 48, reason: 6
W20230630 02:08:34.652266 1189522 event_listener.cc:132] [event_listener/stall_cond_changed] column family: default write stall condition was changed, from normal to delay
I20230630 02:08:35.137076 1189288 event_listener.cc:138] [event_listener/table_file_created] column family: default, file path: /nvme/jinghuan/node_40001/db/000113.sst, file size: 128765605, job id: 48, reason: flush, status: OK
I20230630 02:08:35.144753 1189287 event_listener.cc:84] [event_listener/flush_begin] column family: default, thread_id: 1189287, job_id: 50, reason: 6
I20230630 02:08:35.149590 1189288 event_listener.cc:91] [event_listener/flush_completed] column family: default, thread_id: 1189288, job_id: 48, file: /nvme/jinghuan/node_40001/db/000113.sst, reason: 6, is_write_slowdown: no, is_write_stall: no, largest seqno: 3028035, smallest seqno: 2894497
W20230630 02:08:35.149659 1189288 event_listener.cc:132] [event_listener/stall_cond_changed] column family: default write stall condition was changed, from stop to normal
W20230630 02:08:35.150065 1189522 event_listener.cc:132] [event_listener/stall_cond_changed] column family: default write stall condition was changed, from delay to stop
W20230630 02:08:35.583155 1189522 event_listener.cc:132] [event_listener/stall_cond_changed] column family: default write stall condition was changed, from normal to delay
I20230630 02:08:35.913674 1189288 event_listener.cc:84] [event_listener/flush_begin] column family: metadata, thread_id: 1189288, job_id: 51, reason: 13
I20230630 02:08:36.019587 1189288 event_listener.cc:138] [event_listener/table_file_created] column family: metadata, file path: /nvme/jinghuan/node_40001/db/000120.sst, file size: 3352059, job id: 51, reason: flush, status: OK
I20230630 02:08:36.025769 1189288 event_listener.cc:91] [event_listener/flush_completed] column family: metadata, thread_id: 1189288, job_id: 51, file: /nvme/jinghuan/node_40001/db/000120.sst, reason: 13, is_write_slowdown: no, is_write_stall: no, largest seqno: 3254922, smallest seqno: 2712446
I20230630 02:08:36.078876 1189288 event_listener.cc:84] [event_listener/flush_begin] column family: default, thread_id: 1189288, job_id: 52, reason: 6
I20230630 02:08:36.220801 1189287 event_listener.cc:138] [event_listener/table_file_created] column family: default, file path: /nvme/jinghuan/node_40001/db/000117.sst, file size: 122729741, job id: 50, reason: flush, status: OK
I20230630 02:08:36.226930 1189287 event_listener.cc:91] [event_listener/flush_completed] column family: default, thread_id: 1189287, job_id: 50, file: /nvme/jinghuan/node_40001/db/000117.sst, reason: 6, is_write_slowdown: no, is_write_stall: no, largest seqno: 3155316, smallest seqno: 3028037
W20230630 02:08:36.227074 1189287 event_listener.cc:132] [event_listener/stall_cond_changed] column family: default write stall condition was changed, from stop to normal
W20230630 02:08:36.227237 1189522 event_listener.cc:132] [event_listener/stall_cond_changed] column family: default write stall condition was changed, from delay to stop
W20230630 02:08:36.677680 1189518 event_listener.cc:132] [event_listener/stall_cond_changed] column family: default write stall condition was changed, from normal to delay
I20230630 02:08:37.023243 1189288 event_listener.cc:138] [event_listener/table_file_created] column family: default, file path: /nvme/jinghuan/node_40001/db/000122.sst, file size: 120778566, job id: 52, reason: flush, status: OK
I20230630 02:08:37.029433 1189288 event_listener.cc:91] [event_listener/flush_completed] column family: default, thread_id: 1189288, job_id: 52, file: /nvme/jinghuan/node_40001/db/000122.sst, reason: 6, is_write_slowdown: no, is_write_stall: no, largest seqno: 3280573, smallest seqno: 3155318
W20230630 02:08:37.029537 1189288 event_listener.cc:132] [event_listener/stall_cond_changed] column family: default write stall condition was changed, from delay to normal
I20230630 02:08:37.154752 1189287 event_listener.cc:84] [event_listener/flush_begin] column family: default, thread_id: 1189287, job_id: 53, reason: 6
W20230630 02:08:37.539975 1189518 event_listener.cc:132] [event_listener/stall_cond_changed] column family: default write stall condition was changed, from normal to delay
I20230630 02:08:38.030961 1189288 event_listener.cc:84] [event_listener/flush_begin] column family: default, thread_id: 1189288, job_id: 54, reason: 6
I20230630 02:08:38.225176 1189287 event_listener.cc:138] [event_listener/table_file_created] column family: default, file path: /nvme/jinghuan/node_40001/db/000125.sst, file size: 128234787, job id: 53, reason: flush, status: OK
I20230630 02:08:38.240854 1189287 event_listener.cc:91] [event_listener/flush_completed] column family: default, thread_id: 1189287, job_id: 53, file: /nvme/jinghuan/node_40001/db/000125.sst, reason: 6, is_write_slowdown: no, is_write_stall: no, largest seqno: 3413563, smallest seqno: 3280575
W20230630 02:08:38.240972 1189287 event_listener.cc:132] [event_listener/stall_cond_changed] column family: default write stall condition was changed, from stop to normal
W20230630 02:08:38.241493 1189518 event_listener.cc:132] [event_listener/stall_cond_changed] column family: default write stall condition was changed, from delay to stop
I20230630 02:08:38.318234 1189286 event_listener.cc:138] [event_listener/table_file_created] column family: default, file path: /nvme/jinghuan/node_40001/db/000098.sst, file size: 612614984, job id: 42, reason: compaction, status: OK
