Log file created at: 2023/07/07 10:50:17
Running on machine: en4217754l
Running duration (h:mm:ss): 0:00:00
Log line format: [IWEF]yyyymmdd hh:mm:ss.uuuuuu threadid file:line] msg
I20230707 10:50:17.912389 64481 main.cc:328] kvrocks unstable (commit 4a10c89)
I20230707 10:50:18.264966 64481 storage.cc:322] [storage] Success to load the data from disk: 70 ms
I20230707 10:50:18.265542 64481 worker.cc:72] [worker] Listening on: 10.218.109.65:40001
I20230707 10:50:18.265569 64481 worker.cc:72] [worker] Listening on: 127.0.0.1:40001
I20230707 10:50:18.265813 64481 worker.cc:72] [worker] Listening on: 10.218.109.65:40001
I20230707 10:50:18.265836 64481 worker.cc:72] [worker] Listening on: 127.0.0.1:40001
I20230707 10:50:18.265998 64481 worker.cc:72] [worker] Listening on: 10.218.109.65:40001
I20230707 10:50:18.266018 64481 worker.cc:72] [worker] Listening on: 127.0.0.1:40001
I20230707 10:50:18.266171 64481 worker.cc:72] [worker] Listening on: 10.218.109.65:40001
I20230707 10:50:18.266191 64481 worker.cc:72] [worker] Listening on: 127.0.0.1:40001
I20230707 10:50:18.266348 64481 worker.cc:72] [worker] Listening on: 10.218.109.65:40001
I20230707 10:50:18.266366 64481 worker.cc:72] [worker] Listening on: 127.0.0.1:40001
I20230707 10:50:18.266511 64481 worker.cc:72] [worker] Listening on: 10.218.109.65:40001
I20230707 10:50:18.266530 64481 worker.cc:72] [worker] Listening on: 127.0.0.1:40001
I20230707 10:50:18.266672 64481 worker.cc:72] [worker] Listening on: 10.218.109.65:40001
I20230707 10:50:18.266690 64481 worker.cc:72] [worker] Listening on: 127.0.0.1:40001
I20230707 10:50:18.266832 64481 worker.cc:72] [worker] Listening on: 10.218.109.65:40001
I20230707 10:50:18.266850 64481 worker.cc:72] [worker] Listening on: 127.0.0.1:40001
W20230707 10:50:18.266968 64481 server.cc:1650] [server] Increased maximum number of open files to 14224 (it's originally set to 1024)
I20230707 10:50:18.267187 64481 cluster.cc:643] The cluster nodes file /nvme/jinghuan/node_40001/nodes.conf is not found. Use CLUSTERX subcommands to specify it.
I20230707 10:50:18.267210 64481 cluster.cc:643] The cluster nodes file /nvme/jinghuan/node_40001/nodes.conf is not found. Use CLUSTERX subcommands to specify it.
I20230707 10:50:18.270610 64481 worker.cc:519] [worker] Thread #140108401436416 started
I20230707 10:50:18.270653 64481 worker.cc:519] [worker] Thread #140108409829120 started
I20230707 10:50:18.270713 64481 worker.cc:519] [worker] Thread #140108832384768 started
I20230707 10:50:18.270769 64481 worker.cc:519] [worker] Thread #140108823992064 started
I20230707 10:50:18.270821 64481 worker.cc:519] [worker] Thread #140108476970752 started
I20230707 10:50:18.270881 64481 worker.cc:519] [worker] Thread #140108468578048 started
I20230707 10:50:18.270933 64481 worker.cc:519] [worker] Thread #140108460185344 started
I20230707 10:50:18.270987 64481 worker.cc:519] [worker] Thread #140108451792640 started
I20230707 10:50:18.271160 64481 server.cc:211] [server] Ready to accept connections
I20230707 10:50:18.945885 64722 cluster.cc:286] MASTER MODE enabled by cluster topology setting
I20230707 10:50:21.442854 64493 event_listener.cc:84] [event_listener/flush_begin] column family: default, thread_id: 64493, job_id: 3, reason: 6
I20230707 10:50:21.942981 64493 event_listener.cc:138] [event_listener/table_file_created] column family: default, file path: /nvme/jinghuan/node_40001/db/000016.sst, file size: 83172935, job id: 3, reason: flush, status: OK
I20230707 10:50:21.953383 64493 event_listener.cc:91] [event_listener/flush_completed] column family: default, thread_id: 64493, job_id: 3, file: /nvme/jinghuan/node_40001/db/000016.sst, reason: 6, is_write_slowdown: no, is_write_stall: no, largest seqno: 717595, smallest seqno: 1
I20230707 10:50:22.683833 64491 event_listener.cc:138] [event_listener/table_file_created] column family: default, file path: /nvme/jinghuan/node_40001/db/000017.sst, file size: 83172931, job id: 4, reason: compaction, status: OK
I20230707 10:50:22.698455 64491 event_listener.cc:71] [event_listener/compaction_completed] column family: default, compaction reason: 11, output compression type: no, base input level(files): 0(1), output level(files): 0(1), input bytes: 83172935, output bytes:83172931, is_manual_compaction:no, elapsed(micro): 730457
I20230707 10:50:22.712013 64491 event_listener.cc:127] [event_listener/table_file_deleted] db: /nvme/jinghuan/node_40001/db, sst file: /nvme/jinghuan/node_40001/db/000016.sst, status: OK
I20230707 10:50:23.806615 64494 event_listener.cc:84] [event_listener/flush_begin] column family: default, thread_id: 64494, job_id: 5, reason: 6
I20230707 10:50:24.208567 64494 event_listener.cc:138] [event_listener/table_file_created] column family: default, file path: /nvme/jinghuan/node_40001/db/000020.sst, file size: 80173879, job id: 5, reason: flush, status: OK
I20230707 10:50:24.215108 64494 event_listener.cc:91] [event_listener/flush_completed] column family: default, thread_id: 64494, job_id: 5, file: /nvme/jinghuan/node_40001/db/000020.sst, reason: 6, is_write_slowdown: no, is_write_stall: no, largest seqno: 1409308, smallest seqno: 717597
I20230707 10:50:25.987845 64493 event_listener.cc:84] [event_listener/flush_begin] column family: default, thread_id: 64493, job_id: 6, reason: 6
I20230707 10:50:26.395265 64493 event_listener.cc:138] [event_listener/table_file_created] column family: default, file path: /nvme/jinghuan/node_40001/db/000023.sst, file size: 75676262, job id: 6, reason: flush, status: OK
I20230707 10:50:26.401645 64493 event_listener.cc:91] [event_listener/flush_completed] column family: default, thread_id: 64493, job_id: 6, file: /nvme/jinghuan/node_40001/db/000023.sst, reason: 6, is_write_slowdown: no, is_write_stall: no, largest seqno: 2062136, smallest seqno: 1409310
I20230707 10:50:28.238073 64494 event_listener.cc:84] [event_listener/flush_begin] column family: default, thread_id: 64494, job_id: 7, reason: 6
W20230707 10:50:29.335394 64726 event_listener.cc:132] [event_listener/stall_cond_changed] column family: default write stall condition was changed, from normal to delay
I20230707 10:50:29.652632 64493 event_listener.cc:84] [event_listener/flush_begin] column family: metadata, thread_id: 64493, job_id: 8, reason: 13
I20230707 10:50:31.051101 64493 event_listener.cc:138] [event_listener/table_file_created] column family: metadata, file path: /nvme/jinghuan/node_40001/db/000029.sst, file size: 19243637, job id: 8, reason: flush, status: OK
I20230707 10:50:31.057587 64493 event_listener.cc:91] [event_listener/flush_completed] column family: metadata, thread_id: 64493, job_id: 8, file: /nvme/jinghuan/node_40001/db/000029.sst, reason: 13, is_write_slowdown: no, is_write_stall: no, largest seqno: 3147551, smallest seqno: 11
I20230707 10:50:31.077266 64493 event_listener.cc:84] [event_listener/flush_begin] column family: default, thread_id: 64493, job_id: 9, reason: 6
I20230707 10:50:31.853899 64494 event_listener.cc:138] [event_listener/table_file_created] column family: default, file path: /nvme/jinghuan/node_40001/db/000026.sst, file size: 76763345, job id: 7, reason: flush, status: OK
I20230707 10:50:31.868098 64494 event_listener.cc:91] [event_listener/flush_completed] column family: default, thread_id: 64494, job_id: 7, file: /nvme/jinghuan/node_40001/db/000026.sst, reason: 6, is_write_slowdown: no, is_write_stall: no, largest seqno: 2724369, smallest seqno: 2062138
W20230707 10:50:31.868384 64494 event_listener.cc:132] [event_listener/stall_cond_changed] column family: default write stall condition was changed, from stop to normal
W20230707 10:50:31.868598 64726 event_listener.cc:132] [event_listener/stall_cond_changed] column family: default write stall condition was changed, from delay to stop
I20230707 10:50:32.856106 64492 event_listener.cc:138] [event_listener/table_file_created] column family: metadata, file path: /nvme/jinghuan/node_40001/db/000031.sst, file size: 19243633, job id: 10, reason: compaction, status: OK
I20230707 10:50:32.865900 64492 event_listener.cc:71] [event_listener/compaction_completed] column family: metadata, compaction reason: 11, output compression type: no, base input level(files): 0(1), output level(files): 0(1), input bytes: 19243637, output bytes:19243633, is_manual_compaction:no, elapsed(micro): 1787872
I20230707 10:50:32.869419 64492 event_listener.cc:127] [event_listener/table_file_deleted] db: /nvme/jinghuan/node_40001/db, sst file: /nvme/jinghuan/node_40001/db/000029.sst, status: OK
W20230707 10:50:33.013170 64719 event_listener.cc:132] [event_listener/stall_cond_changed] column family: default write stall condition was changed, from normal to delay
I20230707 10:50:34.200842 64494 event_listener.cc:84] [event_listener/flush_begin] column family: default, thread_id: 64494, job_id: 12, reason: 6
I20230707 10:50:37.360291 64493 event_listener.cc:138] [event_listener/table_file_created] column family: default, file path: /nvme/jinghuan/node_40001/db/000032.sst, file size: 77352552, job id: 9, reason: flush, status: OK
I20230707 10:50:37.371115 64493 event_listener.cc:91] [event_listener/flush_completed] column family: default, thread_id: 64493, job_id: 9, file: /nvme/jinghuan/node_40001/db/000032.sst, reason: 6, is_write_slowdown: no, is_write_stall: no, largest seqno: 3391706, smallest seqno: 2724371
W20230707 10:50:37.371594 64493 event_listener.cc:132] [event_listener/stall_cond_changed] column family: default write stall condition was changed, from stop to normal
W20230707 10:50:37.371806 64719 event_listener.cc:132] [event_listener/stall_cond_changed] column family: default write stall condition was changed, from delay to stop
W20230707 10:50:38.622768 64721 event_listener.cc:132] [event_listener/stall_cond_changed] column family: default write stall condition was changed, from normal to delay
I20230707 10:50:39.870225 64493 event_listener.cc:84] [event_listener/flush_begin] column family: default, thread_id: 64493, job_id: 13, reason: 6
I20230707 10:50:40.765594 64494 event_listener.cc:138] [event_listener/table_file_created] column family: default, file path: /nvme/jinghuan/node_40001/db/000036.sst, file size: 77261978, job id: 12, reason: flush, status: OK
I20230707 10:50:40.773406 64494 event_listener.cc:91] [event_listener/flush_completed] column family: default, thread_id: 64494, job_id: 12, file: /nvme/jinghuan/node_40001/db/000036.sst, reason: 6, is_write_slowdown: no, is_write_stall: no, largest seqno: 4058284, smallest seqno: 3391708
W20230707 10:50:40.773476 64494 event_listener.cc:132] [event_listener/stall_cond_changed] column family: default write stall condition was changed, from stop to normal
W20230707 10:50:40.773854 64721 event_listener.cc:132] [event_listener/stall_cond_changed] column family: default write stall condition was changed, from delay to stop
W20230707 10:50:42.034013 64723 event_listener.cc:132] [event_listener/stall_cond_changed] column family: default write stall condition was changed, from normal to delay
I20230707 10:50:43.287231 64494 event_listener.cc:84] [event_listener/flush_begin] column family: default, thread_id: 64494, job_id: 14, reason: 6
I20230707 10:50:46.074863 64493 event_listener.cc:138] [event_listener/table_file_created] column family: default, file path: /nvme/jinghuan/node_40001/db/000039.sst, file size: 80702743, job id: 13, reason: flush, status: OK
I20230707 10:50:46.085947 64493 event_listener.cc:91] [event_listener/flush_completed] column family: default, thread_id: 64493, job_id: 13, file: /nvme/jinghuan/node_40001/db/000039.sst, reason: 6, is_write_slowdown: no, is_write_stall: no, largest seqno: 4754573, smallest seqno: 4058286
W20230707 10:50:46.086071 64493 event_listener.cc:132] [event_listener/stall_cond_changed] column family: default write stall condition was changed, from stop to normal
W20230707 10:50:46.089293 64720 event_listener.cc:132] [event_listener/stall_cond_changed] column family: default write stall condition was changed, from delay to stop
W20230707 10:50:47.354941 64722 event_listener.cc:132] [event_listener/stall_cond_changed] column family: default write stall condition was changed, from normal to delay
I20230707 10:50:48.166487 64492 event_listener.cc:138] [event_listener/table_file_created] column family: default, file path: /nvme/jinghuan/node_40001/db/000033.sst, file size: 138730762, job id: 11, reason: compaction, status: OK
I20230707 10:50:48.690177 64493 event_listener.cc:84] [event_listener/flush_begin] column family: default, thread_id: 64493, job_id: 15, reason: 6
I20230707 10:50:49.574240 64494 event_listener.cc:138] [event_listener/table_file_created] column family: default, file path: /nvme/jinghuan/node_40001/db/000042.sst, file size: 81152065, job id: 14, reason: flush, status: OK
I20230707 10:50:49.588040 64494 event_listener.cc:91] [event_listener/flush_completed] column family: default, thread_id: 64494, job_id: 14, file: /nvme/jinghuan/node_40001/db/000042.sst, reason: 6, is_write_slowdown: no, is_write_stall: no, largest seqno: 5454712, smallest seqno: 4754575
W20230707 10:50:49.588090 64494 event_listener.cc:132] [event_listener/stall_cond_changed] column family: default write stall condition was changed, from stop to normal
W20230707 10:50:49.588574 64725 event_listener.cc:132] [event_listener/stall_cond_changed] column family: default write stall condition was changed, from delay to stop
I20230707 10:50:49.980626 64494 event_listener.cc:84] [event_listener/flush_begin] column family: metadata, thread_id: 64494, job_id: 17, reason: 13
W20230707 10:50:50.683039 64719 event_listener.cc:132] [event_listener/stall_cond_changed] column family: default write stall condition was changed, from normal to delay
I20230707 10:50:53.670169 64494 event_listener.cc:138] [event_listener/table_file_created] column family: metadata, file path: /nvme/jinghuan/node_40001/db/000049.sst, file size: 19238031, job id: 17, reason: flush, status: OK
I20230707 10:50:53.677928 64494 event_listener.cc:91] [event_listener/flush_completed] column family: metadata, thread_id: 64494, job_id: 17, file: /nvme/jinghuan/node_40001/db/000049.sst, reason: 13, is_write_slowdown: no, is_write_stall: no, largest seqno: 6295102, smallest seqno: 3147562
I20230707 10:50:53.734551 64494 event_listener.cc:84] [event_listener/flush_begin] column family: default, thread_id: 64494, job_id: 18, reason: 6
I20230707 10:50:56.875634 64493 event_listener.cc:138] [event_listener/table_file_created] column family: default, file path: /nvme/jinghuan/node_40001/db/000046.sst, file size: 84964643, job id: 15, reason: flush, status: OK
I20230707 10:50:56.885792 64493 event_listener.cc:91] [event_listener/flush_completed] column family: default, thread_id: 64493, job_id: 15, file: /nvme/jinghuan/node_40001/db/000046.sst, reason: 6, is_write_slowdown: no, is_write_stall: no, largest seqno: 6187763, smallest seqno: 5454714
W20230707 10:50:56.886233 64493 event_listener.cc:132] [event_listener/stall_cond_changed] column family: default write stall condition was changed, from stop to normal
W20230707 10:50:56.886431 64719 event_listener.cc:132] [event_listener/stall_cond_changed] column family: default write stall condition was changed, from delay to stop
W20230707 10:50:58.005298 64720 event_listener.cc:132] [event_listener/stall_cond_changed] column family: default write stall condition was changed, from normal to delay
I20230707 10:50:59.193567 64493 event_listener.cc:84] [event_listener/flush_begin] column family: default, thread_id: 64493, job_id: 19, reason: 6
I20230707 10:51:01.181159 64494 event_listener.cc:138] [event_listener/table_file_created] column family: default, file path: /nvme/jinghuan/node_40001/db/000052.sst, file size: 75624783, job id: 18, reason: flush, status: OK
I20230707 10:51:01.197559 64494 event_listener.cc:91] [event_listener/flush_completed] column family: default, thread_id: 64494, job_id: 18, file: /nvme/jinghuan/node_40001/db/000052.sst, reason: 6, is_write_slowdown: no, is_write_stall: no, largest seqno: 6840184, smallest seqno: 6187765
W20230707 10:51:01.197993 64494 event_listener.cc:132] [event_listener/stall_cond_changed] column family: default write stall condition was changed, from stop to normal
W20230707 10:51:01.198192 64726 event_listener.cc:132] [event_listener/stall_cond_changed] column family: default write stall condition was changed, from delay to stop
W20230707 10:51:02.607717 64721 event_listener.cc:132] [event_listener/stall_cond_changed] column family: default write stall condition was changed, from normal to delay
I20230707 10:51:03.276899 64492 event_listener.cc:138] [event_listener/table_file_created] column family: default, file path: /nvme/jinghuan/node_40001/db/000044.sst, file size: 138698382, job id: 11, reason: compaction, status: OK
I20230707 10:51:04.116223 64494 event_listener.cc:84] [event_listener/flush_begin] column family: default, thread_id: 64494, job_id: 20, reason: 6
I20230707 10:51:06.679497 64493 event_listener.cc:138] [event_listener/table_file_created] column family: default, file path: /nvme/jinghuan/node_40001/db/000055.sst, file size: 75553932, job id: 19, reason: flush, status: OK
I20230707 10:51:06.695156 64493 event_listener.cc:91] [event_listener/flush_completed] column family: default, thread_id: 64493, job_id: 19, file: /nvme/jinghuan/node_40001/db/000055.sst, reason: 6, is_write_slowdown: no, is_write_stall: no, largest seqno: 7492011, smallest seqno: 6840186
W20230707 10:51:06.695262 64493 event_listener.cc:132] [event_listener/stall_cond_changed] column family: default write stall condition was changed, from stop to normal
W20230707 10:51:06.695711 64721 event_listener.cc:132] [event_listener/stall_cond_changed] column family: default write stall condition was changed, from delay to stop
I20230707 10:51:07.879859 64492 event_listener.cc:138] [event_listener/table_file_created] column family: default, file path: /nvme/jinghuan/node_40001/db/000057.sst, file size: 38206496, job id: 11, reason: compaction, status: OK
I20230707 10:51:07.904561 64492 event_listener.cc:71] [event_listener/compaction_completed] column family: default, compaction reason: 1, output compression type: no, base input level(files): 0(4), output level(files): 1(3), input bytes: 315786417, output bytes:315635640, is_manual_compaction:no, elapsed(micro): 35010448
W20230707 10:51:07.998154 64724 event_listener.cc:132] [event_listener/stall_cond_changed] column family: default write stall condition was changed, from normal to delay
I20230707 10:51:08.014489 64492 event_listener.cc:71] [event_listener/compaction_completed] column family: default, compaction reason: 2, output compression type: no, base input level(files): 1(1), output level(files): 2(1), input bytes: 0, output bytes:0, is_manual_compaction:no, elapsed(micro): 0
I20230707 10:51:09.374635 64493 event_listener.cc:84] [event_listener/flush_begin] column family: default, thread_id: 64493, job_id: 22, reason: 6
I20230707 10:51:11.284828 64494 event_listener.cc:138] [event_listener/table_file_created] column family: default, file path: /nvme/jinghuan/node_40001/db/000059.sst, file size: 84959450, job id: 20, reason: flush, status: OK
I20230707 10:51:11.295667 64494 event_listener.cc:91] [event_listener/flush_completed] column family: default, thread_id: 64494, job_id: 20, file: /nvme/jinghuan/node_40001/db/000059.sst, reason: 6, is_write_slowdown: no, is_write_stall: no, largest seqno: 8225018, smallest seqno: 7492013
W20230707 10:51:11.295783 64494 event_listener.cc:132] [event_listener/stall_cond_changed] column family: default write stall condition was changed, from stop to normal
W20230707 10:51:11.296182 64724 event_listener.cc:132] [event_listener/stall_cond_changed] column family: default write stall condition was changed, from delay to stop
W20230707 10:51:12.714387 64723 event_listener.cc:132] [event_listener/stall_cond_changed] column family: default write stall condition was changed, from normal to delay
I20230707 10:51:13.225167 64494 event_listener.cc:84] [event_listener/flush_begin] column family: metadata, thread_id: 64494, job_id: 24, reason: 13
I20230707 10:51:15.081108 64494 event_listener.cc:138] [event_listener/table_file_created] column family: metadata, file path: /nvme/jinghuan/node_40001/db/000066.sst, file size: 19218742, job id: 24, reason: flush, status: OK
I20230707 10:51:15.096647 64494 event_listener.cc:91] [event_listener/flush_completed] column family: metadata, thread_id: 64494, job_id: 24, file: /nvme/jinghuan/node_40001/db/000066.sst, reason: 13, is_write_slowdown: no, is_write_stall: no, largest seqno: 9442620, smallest seqno: 6295113
I20230707 10:51:15.123430 64494 event_listener.cc:84] [event_listener/flush_begin] column family: default, thread_id: 64494, job_id: 25, reason: 6
I20230707 10:51:17.588860 64493 event_listener.cc:138] [event_listener/table_file_created] column family: default, file path: /nvme/jinghuan/node_40001/db/000062.sst, file size: 84868538, job id: 22, reason: flush, status: OK
I20230707 10:51:17.602512 64493 event_listener.cc:91] [event_listener/flush_completed] column family: default, thread_id: 64493, job_id: 22, file: /nvme/jinghuan/node_40001/db/000062.sst, reason: 6, is_write_slowdown: no, is_write_stall: no, largest seqno: 8957233, smallest seqno: 8225020
W20230707 10:51:17.602808 64493 event_listener.cc:132] [event_listener/stall_cond_changed] column family: default write stall condition was changed, from stop to normal
W20230707 10:51:17.602977 64723 event_listener.cc:132] [event_listener/stall_cond_changed] column family: default write stall condition was changed, from delay to stop
W20230707 10:51:18.903200 64725 event_listener.cc:132] [event_listener/stall_cond_changed] column family: default write stall condition was changed, from normal to delay
I20230707 10:51:20.256762 64493 event_listener.cc:84] [event_listener/flush_begin] column family: default, thread_id: 64493, job_id: 26, reason: 6
I20230707 10:51:22.994786 64494 event_listener.cc:138] [event_listener/table_file_created] column family: default, file path: /nvme/jinghuan/node_40001/db/000068.sst, file size: 84893933, job id: 25, reason: flush, status: OK
I20230707 10:51:23.011929 64494 event_listener.cc:91] [event_listener/flush_completed] column family: default, thread_id: 64494, job_id: 25, file: /nvme/jinghuan/node_40001/db/000068.sst, reason: 6, is_write_slowdown: no, is_write_stall: no, largest seqno: 9689646, smallest seqno: 8957235
W20230707 10:51:23.012358 64494 event_listener.cc:132] [event_listener/stall_cond_changed] column family: default write stall condition was changed, from stop to normal
W20230707 10:51:23.012565 64725 event_listener.cc:132] [event_listener/stall_cond_changed] column family: default write stall condition was changed, from delay to stop
W20230707 10:51:24.310945 64722 event_listener.cc:132] [event_listener/stall_cond_changed] column family: default write stall condition was changed, from normal to delay
I20230707 10:51:25.697484 64494 event_listener.cc:84] [event_listener/flush_begin] column family: default, thread_id: 64494, job_id: 27, reason: 6
I20230707 10:51:27.893231 64493 event_listener.cc:138] [event_listener/table_file_created] column family: default, file path: /nvme/jinghuan/node_40001/db/000071.sst, file size: 84861501, job id: 26, reason: flush, status: OK
I20230707 10:51:27.905350 64493 event_listener.cc:91] [event_listener/flush_completed] column family: default, thread_id: 64493, job_id: 26, file: /nvme/jinghuan/node_40001/db/000071.sst, reason: 6, is_write_slowdown: no, is_write_stall: no, largest seqno: 10421839, smallest seqno: 9689648
W20230707 10:51:27.905480 64493 event_listener.cc:132] [event_listener/stall_cond_changed] column family: default write stall condition was changed, from stop to normal
W20230707 10:51:27.906018 64725 event_listener.cc:132] [event_listener/stall_cond_changed] column family: default write stall condition was changed, from delay to stop
W20230707 10:51:29.194923 64724 event_listener.cc:132] [event_listener/stall_cond_changed] column family: default write stall condition was changed, from normal to delay
I20230707 10:51:30.528641 64493 event_listener.cc:84] [event_listener/flush_begin] column family: default, thread_id: 64493, job_id: 28, reason: 6
I20230707 10:51:33.093850 64494 event_listener.cc:138] [event_listener/table_file_created] column family: default, file path: /nvme/jinghuan/node_40001/db/000074.sst, file size: 84903242, job id: 27, reason: flush, status: OK
I20230707 10:51:33.102749 64494 event_listener.cc:91] [event_listener/flush_completed] column family: default, thread_id: 64494, job_id: 27, file: /nvme/jinghuan/node_40001/db/000074.sst, reason: 6, is_write_slowdown: no, is_write_stall: no, largest seqno: 11154362, smallest seqno: 10421841
W20230707 10:51:33.102850 64494 event_listener.cc:132] [event_listener/stall_cond_changed] column family: default write stall condition was changed, from stop to normal
W20230707 10:51:33.103380 64724 event_listener.cc:132] [event_listener/stall_cond_changed] column family: default write stall condition was changed, from delay to stop
I20230707 10:51:33.191593 64491 event_listener.cc:138] [event_listener/table_file_created] column family: default, file path: /nvme/jinghuan/node_40001/db/000047.sst, file size: 316354073, job id: 16, reason: compaction, status: OK
I20230707 10:51:33.212575 64491 event_listener.cc:71] [event_listener/compaction_completed] column family: default, compaction reason: 1, output compression type: no, base input level(files): 0(4), output level(files): 0(1), input bytes: 316469338, output bytes:316354073, is_manual_compaction:no, elapsed(micro): 43603495
I20230707 10:51:33.219440 64491 event_listener.cc:127] [event_listener/table_file_deleted] db: /nvme/jinghuan/node_40001/db, sst file: /nvme/jinghuan/node_40001/db/000026.sst, status: OK
I20230707 10:51:33.227524 64491 event_listener.cc:127] [event_listener/table_file_deleted] db: /nvme/jinghuan/node_40001/db, sst file: /nvme/jinghuan/node_40001/db/000023.sst, status: OK
I20230707 10:51:33.233816 64491 event_listener.cc:127] [event_listener/table_file_deleted] db: /nvme/jinghuan/node_40001/db, sst file: /nvme/jinghuan/node_40001/db/000020.sst, status: OK
I20230707 10:51:33.240507 64491 event_listener.cc:127] [event_listener/table_file_deleted] db: /nvme/jinghuan/node_40001/db, sst file: /nvme/jinghuan/node_40001/db/000017.sst, status: OK
W20230707 10:51:34.380717 64719 event_listener.cc:132] [event_listener/stall_cond_changed] column family: default write stall condition was changed, from normal to delay
I20230707 10:51:35.682271 64494 event_listener.cc:84] [event_listener/flush_begin] column family: default, thread_id: 64494, job_id: 30, reason: 6
I20230707 10:51:37.999977 64493 event_listener.cc:138] [event_listener/table_file_created] column family: default, file path: /nvme/jinghuan/node_40001/db/000077.sst, file size: 84912348, job id: 28, reason: flush, status: OK
I20230707 10:51:38.006561 64493 event_listener.cc:91] [event_listener/flush_completed] column family: default, thread_id: 64493, job_id: 28, file: /nvme/jinghuan/node_40001/db/000077.sst, reason: 6, is_write_slowdown: no, is_write_stall: no, largest seqno: 11886951, smallest seqno: 11154364
W20230707 10:51:38.006613 64493 event_listener.cc:132] [event_listener/stall_cond_changed] column family: default write stall condition was changed, from stop to normal
W20230707 10:51:38.008852 64719 event_listener.cc:132] [event_listener/stall_cond_changed] column family: default write stall condition was changed, from delay to stop
I20230707 10:51:38.041366 64493 event_listener.cc:84] [event_listener/flush_begin] column family: metadata, thread_id: 64493, job_id: 31, reason: 13
W20230707 10:51:39.287057 64725 event_listener.cc:132] [event_listener/stall_cond_changed] column family: default write stall condition was changed, from normal to delay
I20230707 10:51:39.996884 64493 event_listener.cc:138] [event_listener/table_file_created] column family: metadata, file path: /nvme/jinghuan/node_40001/db/000083.sst, file size: 19220974, job id: 31, reason: flush, status: OK
I20230707 10:51:40.006207 64493 event_listener.cc:91] [event_listener/flush_completed] column family: metadata, thread_id: 64493, job_id: 31, file: /nvme/jinghuan/node_40001/db/000083.sst, reason: 13, is_write_slowdown: no, is_write_stall: no, largest seqno: 12590215, smallest seqno: 9442631
I20230707 10:51:40.053190 64493 event_listener.cc:84] [event_listener/flush_begin] column family: default, thread_id: 64493, job_id: 32, reason: 13
I20230707 10:51:43.502632 64494 event_listener.cc:138] [event_listener/table_file_created] column family: default, file path: /nvme/jinghuan/node_40001/db/000081.sst, file size: 81079877, job id: 30, reason: flush, status: OK
I20230707 10:51:43.509073 64494 event_listener.cc:91] [event_listener/flush_completed] column family: default, thread_id: 64494, job_id: 30, file: /nvme/jinghuan/node_40001/db/000081.sst, reason: 13, is_write_slowdown: no, is_write_stall: no, largest seqno: 12586518, smallest seqno: 11886953
W20230707 10:51:43.509258 64494 event_listener.cc:132] [event_listener/stall_cond_changed] column family: default write stall condition was changed, from stop to normal
W20230707 10:51:43.509544 64722 event_listener.cc:132] [event_listener/stall_cond_changed] column family: default write stall condition was changed, from delay to stop
W20230707 10:51:44.820773 64720 event_listener.cc:132] [event_listener/stall_cond_changed] column family: default write stall condition was changed, from normal to delay
I20230707 10:51:45.602913 64493 event_listener.cc:138] [event_listener/table_file_created] column family: default, file path: /nvme/jinghuan/node_40001/db/000086.sst, file size: 66561208, job id: 32, reason: flush, status: OK
I20230707 10:51:45.609417 64493 event_listener.cc:91] [event_listener/flush_completed] column family: default, thread_id: 64493, job_id: 32, file: /nvme/jinghuan/node_40001/db/000086.sst, reason: 13, is_write_slowdown: no, is_write_stall: no, largest seqno: 13160773, smallest seqno: 12586520
W20230707 10:51:45.609517 64493 event_listener.cc:132] [event_listener/stall_cond_changed] column family: default write stall condition was changed, from delay to normal
I20230707 10:51:46.176731 64494 event_listener.cc:84] [event_listener/flush_begin] column family: default, thread_id: 64494, job_id: 33, reason: 6
W20230707 10:51:47.440433 64720 event_listener.cc:132] [event_listener/stall_cond_changed] column family: default write stall condition was changed, from normal to delay
I20230707 10:51:47.505182 64492 event_listener.cc:138] [event_listener/table_file_created] column family: default, file path: /nvme/jinghuan/node_40001/db/000063.sst, file size: 320973704, job id: 23, reason: compaction, status: OK
I20230707 10:51:47.533170 64492 event_listener.cc:71] [event_listener/compaction_completed] column family: default, compaction reason: 1, output compression type: no, base input level(files): 0(4), output level(files): 0(1), input bytes: 321102808, output bytes:320973704, is_manual_compaction:no, elapsed(micro): 36209520
I20230707 10:51:47.542517 64492 event_listener.cc:127] [event_listener/table_file_deleted] db: /nvme/jinghuan/node_40001/db, sst file: /nvme/jinghuan/node_40001/db/000042.sst, status: OK
I20230707 10:51:47.552263 64492 event_listener.cc:127] [event_listener/table_file_deleted] db: /nvme/jinghuan/node_40001/db, sst file: /nvme/jinghuan/node_40001/db/000039.sst, status: OK
I20230707 10:51:47.558020 64492 event_listener.cc:127] [event_listener/table_file_deleted] db: /nvme/jinghuan/node_40001/db, sst file: /nvme/jinghuan/node_40001/db/000036.sst, status: OK
I20230707 10:51:47.565811 64492 event_listener.cc:127] [event_listener/table_file_deleted] db: /nvme/jinghuan/node_40001/db, sst file: /nvme/jinghuan/node_40001/db/000032.sst, status: OK
I20230707 10:51:48.878188 64493 event_listener.cc:84] [event_listener/flush_begin] column family: default, thread_id: 64493, job_id: 36, reason: 6
I20230707 10:51:53.509634 64494 event_listener.cc:138] [event_listener/table_file_created] column family: default, file path: /nvme/jinghuan/node_40001/db/000089.sst, file size: 84913244, job id: 33, reason: flush, status: OK
I20230707 10:51:53.522506 64494 event_listener.cc:91] [event_listener/flush_completed] column family: default, thread_id: 64494, job_id: 33, file: /nvme/jinghuan/node_40001/db/000089.sst, reason: 6, is_write_slowdown: no, is_write_stall: no, largest seqno: 13893362, smallest seqno: 13160775
W20230707 10:51:53.522598 64494 event_listener.cc:132] [event_listener/stall_cond_changed] column family: default write stall condition was changed, from stop to normal
W20230707 10:51:53.523059 64722 event_listener.cc:132] [event_listener/stall_cond_changed] column family: default write stall condition was changed, from delay to stop
I20230707 10:51:54.703689 64492 event_listener.cc:138] [event_listener/table_file_created] column family: metadata, file path: /nvme/jinghuan/node_40001/db/000091.sst, file size: 76273288, job id: 35, reason: compaction, status: OK
I20230707 10:51:54.714342 64492 event_listener.cc:71] [event_listener/compaction_completed] column family: metadata, compaction reason: 1, output compression type: no, base input level(files): 0(4), output level(files): 1(1), input bytes: 76921380, output bytes:76273288, is_manual_compaction:no, elapsed(micro): 7137911
I20230707 10:51:54.716229 64492 event_listener.cc:127] [event_listener/table_file_deleted] db: /nvme/jinghuan/node_40001/db, sst file: /nvme/jinghuan/node_40001/db/000066.sst, status: OK
I20230707 10:51:54.718111 64492 event_listener.cc:127] [event_listener/table_file_deleted] db: /nvme/jinghuan/node_40001/db, sst file: /nvme/jinghuan/node_40001/db/000049.sst, status: OK
I20230707 10:51:54.720077 64492 event_listener.cc:127] [event_listener/table_file_deleted] db: /nvme/jinghuan/node_40001/db, sst file: /nvme/jinghuan/node_40001/db/000031.sst, status: OK
W20230707 10:51:54.844735 64723 event_listener.cc:132] [event_listener/stall_cond_changed] column family: default write stall condition was changed, from normal to delay
I20230707 10:51:56.221952 64493 event_listener.cc:138] [event_listener/table_file_created] column family: default, file path: /nvme/jinghuan/node_40001/db/000093.sst, file size: 85062308, job id: 36, reason: flush, status: OK
I20230707 10:51:56.232653 64493 event_listener.cc:91] [event_listener/flush_completed] column family: default, thread_id: 64493, job_id: 36, file: /nvme/jinghuan/node_40001/db/000093.sst, reason: 6, is_write_slowdown: no, is_write_stall: no, largest seqno: 14627227, smallest seqno: 13893364
W20230707 10:51:56.232700 64493 event_listener.cc:132] [event_listener/stall_cond_changed] column family: default write stall condition was changed, from stop to normal
W20230707 10:51:56.234237 64722 event_listener.cc:132] [event_listener/stall_cond_changed] column family: default write stall condition was changed, from delay to stop
I20230707 10:51:56.253885 64494 event_listener.cc:84] [event_listener/flush_begin] column family: default, thread_id: 64494, job_id: 38, reason: 6
W20230707 10:51:57.579661 64723 event_listener.cc:132] [event_listener/stall_cond_changed] column family: default write stall condition was changed, from normal to delay
I20230707 10:51:57.653820 64493 event_listener.cc:84] [event_listener/flush_begin] column family: metadata, thread_id: 64493, job_id: 39, reason: 13
I20230707 10:51:59.410159 64493 event_listener.cc:138] [event_listener/table_file_created] column family: metadata, file path: /nvme/jinghuan/node_40001/db/000100.sst, file size: 19250510, job id: 39, reason: flush, status: OK
I20230707 10:51:59.422817 64493 event_listener.cc:91] [event_listener/flush_completed] column family: metadata, thread_id: 64493, job_id: 39, file: /nvme/jinghuan/node_40001/db/000100.sst, reason: 13, is_write_slowdown: no, is_write_stall: no, largest seqno: 15737810, smallest seqno: 12590226
I20230707 10:51:59.452236 64493 event_listener.cc:84] [event_listener/flush_begin] column family: default, thread_id: 64493, job_id: 40, reason: 6
I20230707 10:52:04.115281 64494 event_listener.cc:138] [event_listener/table_file_created] column family: default, file path: /nvme/jinghuan/node_40001/db/000097.sst, file size: 84922865, job id: 38, reason: flush, status: OK
I20230707 10:52:04.121711 64494 event_listener.cc:91] [event_listener/flush_completed] column family: default, thread_id: 64494, job_id: 38, file: /nvme/jinghuan/node_40001/db/000097.sst, reason: 6, is_write_slowdown: no, is_write_stall: no, largest seqno: 15359937, smallest seqno: 14627229
W20230707 10:52:04.121902 64494 event_listener.cc:132] [event_listener/stall_cond_changed] column family: default write stall condition was changed, from stop to normal
W20230707 10:52:04.122107 64723 event_listener.cc:132] [event_listener/stall_cond_changed] column family: default write stall condition was changed, from delay to stop
W20230707 10:52:05.438541 64723 event_listener.cc:132] [event_listener/stall_cond_changed] column family: default write stall condition was changed, from normal to delay
I20230707 10:52:06.027879 64493 event_listener.cc:138] [event_listener/table_file_created] column family: default, file path: /nvme/jinghuan/node_40001/db/000102.sst, file size: 85045084, job id: 40, reason: flush, status: OK
I20230707 10:52:06.043843 64493 event_listener.cc:91] [event_listener/flush_completed] column family: default, thread_id: 64493, job_id: 40, file: /nvme/jinghuan/node_40001/db/000102.sst, reason: 6, is_write_slowdown: no, is_write_stall: no, largest seqno: 16093692, smallest seqno: 15359939
W20230707 10:52:06.044080 64493 event_listener.cc:132] [event_listener/stall_cond_changed] column family: default write stall condition was changed, from delay to normal
I20230707 10:52:06.715313 64491 event_listener.cc:138] [event_listener/table_file_created] column family: default, file path: /nvme/jinghuan/node_40001/db/000078.sst, file size: 339365654, job id: 29, reason: compaction, status: OK
I20230707 10:52:06.739598 64491 event_listener.cc:71] [event_listener/compaction_completed] column family: default, compaction reason: 1, output compression type: no, base input level(files): 0(4), output level(files): 0(1), input bytes: 339527214, output bytes:339365654, is_manual_compaction:no, elapsed(micro): 33474742
I20230707 10:52:06.742079 64491 event_listener.cc:127] [event_listener/table_file_deleted] db: /nvme/jinghuan/node_40001/db, sst file: /nvme/jinghuan/node_40001/db/000083.sst, status: OK
I20230707 10:52:06.749930 64491 event_listener.cc:127] [event_listener/table_file_deleted] db: /nvme/jinghuan/node_40001/db, sst file: /nvme/jinghuan/node_40001/db/000059.sst, status: OK
I20230707 10:52:06.758832 64491 event_listener.cc:127] [event_listener/table_file_deleted] db: /nvme/jinghuan/node_40001/db, sst file: /nvme/jinghuan/node_40001/db/000055.sst, status: OK
I20230707 10:52:06.764524 64491 event_listener.cc:127] [event_listener/table_file_deleted] db: /nvme/jinghuan/node_40001/db, sst file: /nvme/jinghuan/node_40001/db/000052.sst, status: OK
I20230707 10:52:06.773272 64491 event_listener.cc:127] [event_listener/table_file_deleted] db: /nvme/jinghuan/node_40001/db, sst file: /nvme/jinghuan/node_40001/db/000046.sst, status: OK
I20230707 10:52:06.797427 64494 event_listener.cc:84] [event_listener/flush_begin] column family: default, thread_id: 64494, job_id: 41, reason: 6
W20230707 10:52:08.108117 64723 event_listener.cc:132] [event_listener/stall_cond_changed] column family: default write stall condition was changed, from normal to delay
I20230707 10:52:09.474337 64493 event_listener.cc:84] [event_listener/flush_begin] column family: default, thread_id: 64493, job_id: 45, reason: 6
I20230707 10:52:11.724051 64494 event_listener.cc:138] [event_listener/table_file_created] column family: default, file path: /nvme/jinghuan/node_40001/db/000105.sst, file size: 84958933, job id: 41, reason: flush, status: OK
I20230707 10:52:11.738541 64494 event_listener.cc:91] [event_listener/flush_completed] column family: default, thread_id: 64494, job_id: 41, file: /nvme/jinghuan/node_40001/db/000105.sst, reason: 6, is_write_slowdown: no, is_write_stall: no, largest seqno: 16826699, smallest seqno: 16093694
W20230707 10:52:11.738718 64494 event_listener.cc:132] [event_listener/stall_cond_changed] column family: default write stall condition was changed, from stop to normal
W20230707 10:52:11.739233 64723 event_listener.cc:132] [event_listener/stall_cond_changed] column family: default write stall condition was changed, from delay to stop
W20230707 10:52:12.914880 64719 event_listener.cc:132] [event_listener/stall_cond_changed] column family: default write stall condition was changed, from normal to delay
I20230707 10:52:14.124450 64493 event_listener.cc:138] [event_listener/table_file_created] column family: default, file path: /nvme/jinghuan/node_40001/db/000108.sst, file size: 85049043, job id: 45, reason: flush, status: OK
I20230707 10:52:14.140138 64493 event_listener.cc:91] [event_listener/flush_completed] column family: default, thread_id: 64493, job_id: 45, file: /nvme/jinghuan/node_40001/db/000108.sst, reason: 6, is_write_slowdown: no, is_write_stall: no, largest seqno: 17560454, smallest seqno: 16826701
W20230707 10:52:14.140254 64493 event_listener.cc:132] [event_listener/stall_cond_changed] column family: default write stall condition was changed, from stop to normal
I20230707 10:52:14.140383 64494 event_listener.cc:84] [event_listener/flush_begin] column family: default, thread_id: 64494, job_id: 47, reason: 6
W20230707 10:52:14.140558 64719 event_listener.cc:132] [event_listener/stall_cond_changed] column family: default write stall condition was changed, from delay to stop
W20230707 10:52:15.350731 64721 event_listener.cc:132] [event_listener/stall_cond_changed] column family: default write stall condition was changed, from normal to delay
I20230707 10:52:16.563854 64493 event_listener.cc:84] [event_listener/flush_begin] column family: default, thread_id: 64493, job_id: 48, reason: 6
I20230707 10:52:18.927418 64494 event_listener.cc:138] [event_listener/table_file_created] column family: default, file path: /nvme/jinghuan/node_40001/db/000112.sst, file size: 74837796, job id: 47, reason: flush, status: OK
I20230707 10:52:18.934054 64494 event_listener.cc:91] [event_listener/flush_completed] column family: default, thread_id: 64494, job_id: 47, file: /nvme/jinghuan/node_40001/db/000112.sst, reason: 6, is_write_slowdown: no, is_write_stall: no, largest seqno: 18206088, smallest seqno: 17560456
W20230707 10:52:18.934095 64494 event_listener.cc:132] [event_listener/stall_cond_changed] column family: default write stall condition was changed, from stop to normal
W20230707 10:52:18.934516 64719 event_listener.cc:132] [event_listener/stall_cond_changed] column family: default write stall condition was changed, from delay to stop
I20230707 10:52:19.005271 64494 event_listener.cc:84] [event_listener/flush_begin] column family: metadata, thread_id: 64494, job_id: 49, reason: 13
I20230707 10:52:19.926892 64492 event_listener.cc:138] [event_listener/table_file_created] column family: default, file path: /nvme/jinghuan/node_40001/db/000094.sst, file size: 317353132, job id: 37, reason: compaction, status: OK
I20230707 10:52:19.958218 64492 event_listener.cc:71] [event_listener/compaction_completed] column family: default, compaction reason: 1, output compression type: no, base input level(files): 0(4), output level(files): 0(1), input bytes: 317466677, output bytes:317353132, is_manual_compaction:no, elapsed(micro): 25206843
I20230707 10:52:19.970111 64492 event_listener.cc:127] [event_listener/table_file_deleted] db: /nvme/jinghuan/node_40001/db, sst file: /nvme/jinghuan/node_40001/db/000074.sst, status: OK
I20230707 10:52:19.980142 64492 event_listener.cc:127] [event_listener/table_file_deleted] db: /nvme/jinghuan/node_40001/db, sst file: /nvme/jinghuan/node_40001/db/000071.sst, status: OK
I20230707 10:52:19.987808 64492 event_listener.cc:127] [event_listener/table_file_deleted] db: /nvme/jinghuan/node_40001/db, sst file: /nvme/jinghuan/node_40001/db/000068.sst, status: OK
I20230707 10:52:19.999050 64492 event_listener.cc:127] [event_listener/table_file_deleted] db: /nvme/jinghuan/node_40001/db, sst file: /nvme/jinghuan/node_40001/db/000062.sst, status: OK
W20230707 10:52:20.100263 64719 event_listener.cc:132] [event_listener/stall_cond_changed] column family: default write stall condition was changed, from normal to delay
I20230707 10:52:20.633105 64494 event_listener.cc:138] [event_listener/table_file_created] column family: metadata, file path: /nvme/jinghuan/node_40001/db/000117.sst, file size: 19249870, job id: 49, reason: flush, status: OK
I20230707 10:52:20.641732 64494 event_listener.cc:91] [event_listener/flush_completed] column family: metadata, thread_id: 64494, job_id: 49, file: /nvme/jinghuan/node_40001/db/000117.sst, reason: 13, is_write_slowdown: no, is_write_stall: no, largest seqno: 18885394, smallest seqno: 15737821
I20230707 10:52:21.362018 64494 event_listener.cc:84] [event_listener/flush_begin] column family: default, thread_id: 64494, job_id: 53, reason: 6
I20230707 10:52:21.433020 64493 event_listener.cc:138] [event_listener/table_file_created] column family: default, file path: /nvme/jinghuan/node_40001/db/000115.sst, file size: 76928065, job id: 48, reason: flush, status: OK
I20230707 10:52:21.442632 64493 event_listener.cc:91] [event_listener/flush_completed] column family: default, thread_id: 64493, job_id: 48, file: /nvme/jinghuan/node_40001/db/000115.sst, reason: 6, is_write_slowdown: no, is_write_stall: no, largest seqno: 18869784, smallest seqno: 18206090
W20230707 10:52:21.442708 64493 event_listener.cc:132] [event_listener/stall_cond_changed] column family: default write stall condition was changed, from stop to normal
W20230707 10:52:21.443161 64719 event_listener.cc:132] [event_listener/stall_cond_changed] column family: default write stall condition was changed, from delay to stop
W20230707 10:52:22.767242 64720 event_listener.cc:132] [event_listener/stall_cond_changed] column family: default write stall condition was changed, from normal to delay
I20230707 10:52:24.131469 64494 event_listener.cc:138] [event_listener/table_file_created] column family: default, file path: /nvme/jinghuan/node_40001/db/000120.sst, file size: 76113238, job id: 53, reason: flush, status: OK
I20230707 10:52:24.147423 64494 event_listener.cc:91] [event_listener/flush_completed] column family: default, thread_id: 64494, job_id: 53, file: /nvme/jinghuan/node_40001/db/000120.sst, reason: 6, is_write_slowdown: no, is_write_stall: no, largest seqno: 19526440, smallest seqno: 18869786
W20230707 10:52:24.147614 64494 event_listener.cc:132] [event_listener/stall_cond_changed] column family: default write stall condition was changed, from stop to normal
W20230707 10:52:24.147765 64724 event_listener.cc:132] [event_listener/stall_cond_changed] column family: default write stall condition was changed, from delay to stop
I20230707 10:52:24.157392 64493 event_listener.cc:84] [event_listener/flush_begin] column family: default, thread_id: 64493, job_id: 56, reason: 6
W20230707 10:52:25.562739 64724 event_listener.cc:132] [event_listener/stall_cond_changed] column family: default write stall condition was changed, from normal to delay
I20230707 10:52:26.952773 64494 event_listener.cc:84] [event_listener/flush_begin] column family: default, thread_id: 64494, job_id: 59, reason: 6
I20230707 10:52:29.231936 64493 event_listener.cc:138] [event_listener/table_file_created] column family: default, file path: /nvme/jinghuan/node_40001/db/000124.sst, file size: 85054801, job id: 56, reason: flush, status: OK
I20230707 10:52:29.247176 64493 event_listener.cc:91] [event_listener/flush_completed] column family: default, thread_id: 64493, job_id: 56, file: /nvme/jinghuan/node_40001/db/000124.sst, reason: 6, is_write_slowdown: no, is_write_stall: no, largest seqno: 20260250, smallest seqno: 19526442
W20230707 10:52:29.247293 64493 event_listener.cc:132] [event_listener/stall_cond_changed] column family: default write stall condition was changed, from stop to normal
W20230707 10:52:29.247997 64724 event_listener.cc:132] [event_listener/stall_cond_changed] column family: default write stall condition was changed, from delay to stop
W20230707 10:52:30.557732 64720 event_listener.cc:132] [event_listener/stall_cond_changed] column family: default write stall condition was changed, from normal to delay
I20230707 10:52:31.935932 64493 event_listener.cc:84] [event_listener/flush_begin] column family: default, thread_id: 64493, job_id: 60, reason: 6
I20230707 10:52:32.334345 64494 event_listener.cc:138] [event_listener/table_file_created] column family: default, file path: /nvme/jinghuan/node_40001/db/000127.sst, file size: 85045907, job id: 59, reason: flush, status: OK
I20230707 10:52:32.340817 64494 event_listener.cc:91] [event_listener/flush_completed] column family: default, thread_id: 64494, job_id: 59, file: /nvme/jinghuan/node_40001/db/000127.sst, reason: 6, is_write_slowdown: no, is_write_stall: no, largest seqno: 20994005, smallest seqno: 20260252
W20230707 10:52:32.340867 64494 event_listener.cc:132] [event_listener/stall_cond_changed] column family: default write stall condition was changed, from stop to normal
W20230707 10:52:32.341221 64721 event_listener.cc:132] [event_listener/stall_cond_changed] column family: default write stall condition was changed, from delay to stop
I20230707 10:52:33.501482 64726 cluster.cc:923] function: Migrate level-migration
