Log file created at: 2023/06/30 04:53:43
Running on machine: en4217754l
Running duration (h:mm:ss): 0:00:00
Log line format: [IWEF]yyyymmdd hh:mm:ss.uuuuuu threadid file:line] msg
I20230630 04:53:43.845435 1231911 main.cc:328] kvrocks unstable (commit 4a10c89)
I20230630 04:53:44.371323 1231911 storage.cc:322] [storage] Success to load the data from disk: 101 ms
I20230630 04:53:44.372445 1231911 worker.cc:72] [worker] Listening on: 10.218.109.65:40001
I20230630 04:53:44.372503 1231911 worker.cc:72] [worker] Listening on: 127.0.0.1:40001
I20230630 04:53:44.372963 1231911 worker.cc:72] [worker] Listening on: 10.218.109.65:40001
I20230630 04:53:44.373003 1231911 worker.cc:72] [worker] Listening on: 127.0.0.1:40001
I20230630 04:53:44.373323 1231911 worker.cc:72] [worker] Listening on: 10.218.109.65:40001
I20230630 04:53:44.373363 1231911 worker.cc:72] [worker] Listening on: 127.0.0.1:40001
I20230630 04:53:44.373662 1231911 worker.cc:72] [worker] Listening on: 10.218.109.65:40001
I20230630 04:53:44.373699 1231911 worker.cc:72] [worker] Listening on: 127.0.0.1:40001
I20230630 04:53:44.373999 1231911 worker.cc:72] [worker] Listening on: 10.218.109.65:40001
I20230630 04:53:44.374037 1231911 worker.cc:72] [worker] Listening on: 127.0.0.1:40001
I20230630 04:53:44.374320 1231911 worker.cc:72] [worker] Listening on: 10.218.109.65:40001
I20230630 04:53:44.374356 1231911 worker.cc:72] [worker] Listening on: 127.0.0.1:40001
I20230630 04:53:44.374635 1231911 worker.cc:72] [worker] Listening on: 10.218.109.65:40001
I20230630 04:53:44.374671 1231911 worker.cc:72] [worker] Listening on: 127.0.0.1:40001
I20230630 04:53:44.374950 1231911 worker.cc:72] [worker] Listening on: 10.218.109.65:40001
I20230630 04:53:44.374987 1231911 worker.cc:72] [worker] Listening on: 127.0.0.1:40001
W20230630 04:53:44.375223 1231911 server.cc:1650] [server] Increased maximum number of open files to 14224 (it's originally set to 1024)
I20230630 04:53:44.375671 1231911 cluster.cc:643] The cluster nodes file /nvme/jinghuan/node_40001/nodes.conf is not found. Use CLUSTERX subcommands to specify it.
I20230630 04:53:44.375723 1231911 cluster.cc:643] The cluster nodes file /nvme/jinghuan/node_40001/nodes.conf is not found. Use CLUSTERX subcommands to specify it.
I20230630 04:53:44.379055 1231911 worker.cc:519] [worker] Thread #140069176321792 started
I20230630 04:53:44.379088 1231911 worker.cc:519] [worker] Thread #140069184714496 started
I20230630 04:53:44.379141 1231911 worker.cc:519] [worker] Thread #140069412898560 started
I20230630 04:53:44.379191 1231911 worker.cc:519] [worker] Thread #140069404505856 started
I20230630 04:53:44.379237 1231911 worker.cc:519] [worker] Thread #140069396113152 started
I20230630 04:53:44.379285 1231911 worker.cc:519] [worker] Thread #140069387720448 started
I20230630 04:53:44.379331 1231911 worker.cc:519] [worker] Thread #140069379327744 started
I20230630 04:53:44.379379 1231911 worker.cc:519] [worker] Thread #140069370935040 started
I20230630 04:53:44.379549 1231911 server.cc:211] [server] Ready to accept connections
I20230630 04:53:44.876992 1232152 cluster.cc:286] MASTER MODE enabled by cluster topology setting
I20230630 04:53:47.285841 1231924 event_listener.cc:84] [event_listener/flush_begin] column family: default, thread_id: 1231924, job_id: 3, reason: 6
I20230630 04:53:47.769858 1231924 event_listener.cc:138] [event_listener/table_file_created] column family: default, file path: /nvme/jinghuan/node_40001/db/000016.sst, file size: 77940797, job id: 3, reason: flush, status: OK
I20230630 04:53:47.782500 1231924 event_listener.cc:91] [event_listener/flush_completed] column family: default, thread_id: 1231924, job_id: 3, file: /nvme/jinghuan/node_40001/db/000016.sst, reason: 6, is_write_slowdown: no, is_write_stall: no, largest seqno: 672440, smallest seqno: 1
I20230630 04:53:48.489184 1231922 event_listener.cc:138] [event_listener/table_file_created] column family: default, file path: /nvme/jinghuan/node_40001/db/000017.sst, file size: 77940793, job id: 4, reason: compaction, status: OK
I20230630 04:53:48.509407 1231922 event_listener.cc:71] [event_listener/compaction_completed] column family: default, compaction reason: 11, output compression type: no, base input level(files): 0(1), output level(files): 0(1), input bytes: 77940797, output bytes:77940793, is_manual_compaction:no, elapsed(micro): 706799
I20230630 04:53:48.519538 1231922 event_listener.cc:127] [event_listener/table_file_deleted] db: /nvme/jinghuan/node_40001/db, sst file: /nvme/jinghuan/node_40001/db/000016.sst, status: OK
I20230630 04:53:49.821226 1231925 event_listener.cc:84] [event_listener/flush_begin] column family: default, thread_id: 1231925, job_id: 5, reason: 6
I20230630 04:53:50.259716 1231925 event_listener.cc:138] [event_listener/table_file_created] column family: default, file path: /nvme/jinghuan/node_40001/db/000020.sst, file size: 79175051, job id: 5, reason: flush, status: OK
I20230630 04:53:50.275650 1231925 event_listener.cc:91] [event_listener/flush_completed] column family: default, thread_id: 1231925, job_id: 5, file: /nvme/jinghuan/node_40001/db/000020.sst, reason: 6, is_write_slowdown: no, is_write_stall: no, largest seqno: 1355540, smallest seqno: 672442
I20230630 04:53:52.122949 1231924 event_listener.cc:84] [event_listener/flush_begin] column family: default, thread_id: 1231924, job_id: 6, reason: 6
I20230630 04:53:52.625949 1231924 event_listener.cc:138] [event_listener/table_file_created] column family: default, file path: /nvme/jinghuan/node_40001/db/000023.sst, file size: 76443010, job id: 6, reason: flush, status: OK
I20230630 04:53:52.641526 1231924 event_listener.cc:91] [event_listener/flush_completed] column family: default, thread_id: 1231924, job_id: 6, file: /nvme/jinghuan/node_40001/db/000023.sst, reason: 6, is_write_slowdown: no, is_write_stall: no, largest seqno: 2015001, smallest seqno: 1355542
I20230630 04:53:54.516986 1231925 event_listener.cc:84] [event_listener/flush_begin] column family: default, thread_id: 1231925, job_id: 7, reason: 6
W20230630 04:53:55.668738 1232156 event_listener.cc:132] [event_listener/stall_cond_changed] column family: default write stall condition was changed, from normal to delay
I20230630 04:53:56.214092 1231924 event_listener.cc:84] [event_listener/flush_begin] column family: metadata, thread_id: 1231924, job_id: 8, reason: 13
I20230630 04:53:57.555336 1231924 event_listener.cc:138] [event_listener/table_file_created] column family: metadata, file path: /nvme/jinghuan/node_40001/db/000029.sst, file size: 19243825, job id: 8, reason: flush, status: OK
I20230630 04:53:57.564473 1231924 event_listener.cc:91] [event_listener/flush_completed] column family: metadata, thread_id: 1231924, job_id: 8, file: /nvme/jinghuan/node_40001/db/000029.sst, reason: 13, is_write_slowdown: no, is_write_stall: no, largest seqno: 3147584, smallest seqno: 11
I20230630 04:53:57.594380 1231924 event_listener.cc:84] [event_listener/flush_begin] column family: default, thread_id: 1231924, job_id: 9, reason: 6
I20230630 04:53:58.561048 1231925 event_listener.cc:138] [event_listener/table_file_created] column family: default, file path: /nvme/jinghuan/node_40001/db/000026.sst, file size: 77346522, job id: 7, reason: flush, status: OK
I20230630 04:53:58.569871 1231925 event_listener.cc:91] [event_listener/flush_completed] column family: default, thread_id: 1231925, job_id: 7, file: /nvme/jinghuan/node_40001/db/000026.sst, reason: 6, is_write_slowdown: no, is_write_stall: no, largest seqno: 2682283, smallest seqno: 2015003
W20230630 04:53:58.570125 1231925 event_listener.cc:132] [event_listener/stall_cond_changed] column family: default write stall condition was changed, from stop to normal
W20230630 04:53:58.570279 1232158 event_listener.cc:132] [event_listener/stall_cond_changed] column family: default write stall condition was changed, from delay to stop
W20230630 04:53:59.559903 1232155 event_listener.cc:132] [event_listener/stall_cond_changed] column family: default write stall condition was changed, from normal to delay
I20230630 04:54:00.721560 1231925 event_listener.cc:84] [event_listener/flush_begin] column family: default, thread_id: 1231925, job_id: 12, reason: 6
I20230630 04:54:01.960597 1231922 event_listener.cc:138] [event_listener/table_file_created] column family: metadata, file path: /nvme/jinghuan/node_40001/db/000034.sst, file size: 19243821, job id: 11, reason: compaction, status: OK
I20230630 04:54:01.973980 1231922 event_listener.cc:71] [event_listener/compaction_completed] column family: metadata, compaction reason: 11, output compression type: no, base input level(files): 0(1), output level(files): 0(1), input bytes: 19243825, output bytes:19243821, is_manual_compaction:no, elapsed(micro): 2400700
I20230630 04:54:01.978448 1231922 event_listener.cc:127] [event_listener/table_file_deleted] db: /nvme/jinghuan/node_40001/db, sst file: /nvme/jinghuan/node_40001/db/000029.sst, status: OK
I20230630 04:54:04.564677 1231924 event_listener.cc:138] [event_listener/table_file_created] column family: default, file path: /nvme/jinghuan/node_40001/db/000031.sst, file size: 78164396, job id: 9, reason: flush, status: OK
I20230630 04:54:04.581511 1231924 event_listener.cc:91] [event_listener/flush_completed] column family: default, thread_id: 1231924, job_id: 9, file: /nvme/jinghuan/node_40001/db/000031.sst, reason: 6, is_write_slowdown: no, is_write_stall: no, largest seqno: 3356627, smallest seqno: 2682285
W20230630 04:54:04.581779 1231924 event_listener.cc:132] [event_listener/stall_cond_changed] column family: default write stall condition was changed, from stop to normal
W20230630 04:54:04.582039 1232155 event_listener.cc:132] [event_listener/stall_cond_changed] column family: default write stall condition was changed, from delay to stop
W20230630 04:54:05.813822 1232154 event_listener.cc:132] [event_listener/stall_cond_changed] column family: default write stall condition was changed, from normal to delay
I20230630 04:54:06.865252 1231925 event_listener.cc:138] [event_listener/table_file_created] column family: default, file path: /nvme/jinghuan/node_40001/db/000036.sst, file size: 76224825, job id: 12, reason: flush, status: OK
I20230630 04:54:06.874891 1231925 event_listener.cc:91] [event_listener/flush_completed] column family: default, thread_id: 1231925, job_id: 12, file: /nvme/jinghuan/node_40001/db/000036.sst, reason: 6, is_write_slowdown: no, is_write_stall: no, largest seqno: 4014251, smallest seqno: 3356629
W20230630 04:54:06.874935 1231925 event_listener.cc:132] [event_listener/stall_cond_changed] column family: default write stall condition was changed, from delay to normal
I20230630 04:54:07.075861 1231924 event_listener.cc:84] [event_listener/flush_begin] column family: default, thread_id: 1231924, job_id: 13, reason: 6
W20230630 04:54:08.181608 1232154 event_listener.cc:132] [event_listener/stall_cond_changed] column family: default write stall condition was changed, from normal to delay
I20230630 04:54:09.481189 1231925 event_listener.cc:84] [event_listener/flush_begin] column family: default, thread_id: 1231925, job_id: 14, reason: 6
I20230630 04:54:12.961858 1231924 event_listener.cc:138] [event_listener/table_file_created] column family: default, file path: /nvme/jinghuan/node_40001/db/000039.sst, file size: 76889961, job id: 13, reason: flush, status: OK
I20230630 04:54:12.968364 1231924 event_listener.cc:91] [event_listener/flush_completed] column family: default, thread_id: 1231924, job_id: 13, file: /nvme/jinghuan/node_40001/db/000039.sst, reason: 6, is_write_slowdown: no, is_write_stall: no, largest seqno: 4677639, smallest seqno: 4014253
W20230630 04:54:12.968421 1231924 event_listener.cc:132] [event_listener/stall_cond_changed] column family: default write stall condition was changed, from stop to normal
W20230630 04:54:12.969604 1232153 event_listener.cc:132] [event_listener/stall_cond_changed] column family: default write stall condition was changed, from delay to stop
W20230630 04:54:14.155573 1232152 event_listener.cc:132] [event_listener/stall_cond_changed] column family: default write stall condition was changed, from normal to delay
I20230630 04:54:14.762115 1231923 event_listener.cc:138] [event_listener/table_file_created] column family: default, file path: /nvme/jinghuan/node_40001/db/000032.sst, file size: 138731278, job id: 10, reason: compaction, status: OK
I20230630 04:54:15.431766 1231924 event_listener.cc:84] [event_listener/flush_begin] column family: default, thread_id: 1231924, job_id: 15, reason: 6
I20230630 04:54:15.668087 1231925 event_listener.cc:138] [event_listener/table_file_created] column family: default, file path: /nvme/jinghuan/node_40001/db/000042.sst, file size: 76379881, job id: 14, reason: flush, status: OK
I20230630 04:54:15.674610 1231925 event_listener.cc:91] [event_listener/flush_completed] column family: default, thread_id: 1231925, job_id: 14, file: /nvme/jinghuan/node_40001/db/000042.sst, reason: 6, is_write_slowdown: no, is_write_stall: no, largest seqno: 5336594, smallest seqno: 4677641
W20230630 04:54:15.674657 1231925 event_listener.cc:132] [event_listener/stall_cond_changed] column family: default write stall condition was changed, from stop to normal
W20230630 04:54:15.675482 1232154 event_listener.cc:132] [event_listener/stall_cond_changed] column family: default write stall condition was changed, from delay to stop
I20230630 04:54:16.756430 1231925 event_listener.cc:84] [event_listener/flush_begin] column family: metadata, thread_id: 1231925, job_id: 17, reason: 13
W20230630 04:54:16.880524 1232155 event_listener.cc:132] [event_listener/stall_cond_changed] column family: default write stall condition was changed, from normal to delay
I20230630 04:54:20.173126 1231925 event_listener.cc:138] [event_listener/table_file_created] column family: metadata, file path: /nvme/jinghuan/node_40001/db/000049.sst, file size: 19238096, job id: 17, reason: flush, status: OK
I20230630 04:54:20.185001 1231925 event_listener.cc:91] [event_listener/flush_completed] column family: metadata, thread_id: 1231925, job_id: 17, file: /nvme/jinghuan/node_40001/db/000049.sst, reason: 13, is_write_slowdown: no, is_write_stall: no, largest seqno: 6295190, smallest seqno: 3147595
I20230630 04:54:20.223614 1231925 event_listener.cc:84] [event_listener/flush_begin] column family: default, thread_id: 1231925, job_id: 18, reason: 6
I20230630 04:54:22.774524 1231924 event_listener.cc:138] [event_listener/table_file_created] column family: default, file path: /nvme/jinghuan/node_40001/db/000046.sst, file size: 76633573, job id: 15, reason: flush, status: OK
I20230630 04:54:22.788995 1231924 event_listener.cc:91] [event_listener/flush_completed] column family: default, thread_id: 1231924, job_id: 15, file: /nvme/jinghuan/node_40001/db/000046.sst, reason: 6, is_write_slowdown: no, is_write_stall: no, largest seqno: 5997727, smallest seqno: 5336596
W20230630 04:54:22.789405 1231924 event_listener.cc:132] [event_listener/stall_cond_changed] column family: default write stall condition was changed, from stop to normal
W20230630 04:54:22.789852 1232158 event_listener.cc:132] [event_listener/stall_cond_changed] column family: default write stall condition was changed, from delay to stop
W20230630 04:54:24.059266 1232152 event_listener.cc:132] [event_listener/stall_cond_changed] column family: default write stall condition was changed, from normal to delay
I20230630 04:54:25.323622 1231924 event_listener.cc:84] [event_listener/flush_begin] column family: default, thread_id: 1231924, job_id: 19, reason: 6
I20230630 04:54:27.994122 1231925 event_listener.cc:138] [event_listener/table_file_created] column family: default, file path: /nvme/jinghuan/node_40001/db/000052.sst, file size: 79065334, job id: 18, reason: flush, status: OK
I20230630 04:54:28.001113 1231925 event_listener.cc:91] [event_listener/flush_completed] column family: default, thread_id: 1231925, job_id: 18, file: /nvme/jinghuan/node_40001/db/000052.sst, reason: 6, is_write_slowdown: no, is_write_stall: no, largest seqno: 6679837, smallest seqno: 5997729
W20230630 04:54:28.001317 1231925 event_listener.cc:132] [event_listener/stall_cond_changed] column family: default write stall condition was changed, from stop to normal
W20230630 04:54:28.001569 1232152 event_listener.cc:132] [event_listener/stall_cond_changed] column family: default write stall condition was changed, from delay to stop
W20230630 04:54:29.197468 1232152 event_listener.cc:132] [event_listener/stall_cond_changed] column family: default write stall condition was changed, from normal to delay
I20230630 04:54:29.773188 1231923 event_listener.cc:138] [event_listener/table_file_created] column family: default, file path: /nvme/jinghuan/node_40001/db/000044.sst, file size: 138699760, job id: 10, reason: compaction, status: OK
I20230630 04:54:30.455544 1231925 event_listener.cc:84] [event_listener/flush_begin] column family: default, thread_id: 1231925, job_id: 20, reason: 6
I20230630 04:54:32.876725 1231924 event_listener.cc:138] [event_listener/table_file_created] column family: default, file path: /nvme/jinghuan/node_40001/db/000055.sst, file size: 77335767, job id: 19, reason: flush, status: OK
I20230630 04:54:32.887873 1231924 event_listener.cc:91] [event_listener/flush_completed] column family: default, thread_id: 1231924, job_id: 19, file: /nvme/jinghuan/node_40001/db/000055.sst, reason: 6, is_write_slowdown: no, is_write_stall: no, largest seqno: 7347042, smallest seqno: 6679839
W20230630 04:54:32.887943 1231924 event_listener.cc:132] [event_listener/stall_cond_changed] column family: default write stall condition was changed, from stop to normal
W20230630 04:54:32.888882 1232152 event_listener.cc:132] [event_listener/stall_cond_changed] column family: default write stall condition was changed, from delay to stop
I20230630 04:54:33.871748 1231923 event_listener.cc:138] [event_listener/table_file_created] column family: default, file path: /nvme/jinghuan/node_40001/db/000057.sst, file size: 33330469, job id: 10, reason: compaction, status: OK
I20230630 04:54:33.889760 1231923 event_listener.cc:71] [event_listener/compaction_completed] column family: default, compaction reason: 1, output compression type: no, base input level(files): 0(4), output level(files): 1(3), input bytes: 310905376, output bytes:310761507, is_manual_compaction:no, elapsed(micro): 35301901
W20230630 04:54:34.317405 1232153 event_listener.cc:132] [event_listener/stall_cond_changed] column family: default write stall condition was changed, from normal to delay
I20230630 04:54:34.326010 1231923 event_listener.cc:71] [event_listener/compaction_completed] column family: default, compaction reason: 2, output compression type: no, base input level(files): 1(1), output level(files): 2(1), input bytes: 0, output bytes:0, is_manual_compaction:no, elapsed(micro): 0
I20230630 04:54:35.796535 1231924 event_listener.cc:84] [event_listener/flush_begin] column family: default, thread_id: 1231924, job_id: 22, reason: 6
I20230630 04:54:36.283219 1231925 event_listener.cc:138] [event_listener/table_file_created] column family: default, file path: /nvme/jinghuan/node_40001/db/000059.sst, file size: 76714318, job id: 20, reason: flush, status: OK
I20230630 04:54:36.291198 1231925 event_listener.cc:91] [event_listener/flush_completed] column family: default, thread_id: 1231925, job_id: 20, file: /nvme/jinghuan/node_40001/db/000059.sst, reason: 6, is_write_slowdown: no, is_write_stall: no, largest seqno: 8008890, smallest seqno: 7347044
W20230630 04:54:36.291321 1231925 event_listener.cc:132] [event_listener/stall_cond_changed] column family: default write stall condition was changed, from stop to normal
W20230630 04:54:36.293403 1232153 event_listener.cc:132] [event_listener/stall_cond_changed] column family: default write stall condition was changed, from delay to stop
W20230630 04:54:37.773929 1232155 event_listener.cc:132] [event_listener/stall_cond_changed] column family: default write stall condition was changed, from normal to delay
I20230630 04:54:39.169503 1231925 event_listener.cc:84] [event_listener/flush_begin] column family: metadata, thread_id: 1231925, job_id: 24, reason: 13
I20230630 04:54:41.080695 1231925 event_listener.cc:138] [event_listener/table_file_created] column family: metadata, file path: /nvme/jinghuan/node_40001/db/000066.sst, file size: 19219165, job id: 24, reason: flush, status: OK
I20230630 04:54:41.087602 1231925 event_listener.cc:91] [event_listener/flush_completed] column family: metadata, thread_id: 1231925, job_id: 24, file: /nvme/jinghuan/node_40001/db/000066.sst, reason: 13, is_write_slowdown: no, is_write_stall: no, largest seqno: 9442763, smallest seqno: 6295201
I20230630 04:54:41.098551 1231925 event_listener.cc:84] [event_listener/flush_begin] column family: default, thread_id: 1231925, job_id: 25, reason: 6
I20230630 04:54:43.682528 1231924 event_listener.cc:138] [event_listener/table_file_created] column family: default, file path: /nvme/jinghuan/node_40001/db/000062.sst, file size: 82957145, job id: 22, reason: flush, status: OK
I20230630 04:54:43.688926 1231924 event_listener.cc:91] [event_listener/flush_completed] column family: default, thread_id: 1231924, job_id: 22, file: /nvme/jinghuan/node_40001/db/000062.sst, reason: 6, is_write_slowdown: no, is_write_stall: no, largest seqno: 8724627, smallest seqno: 8008892
W20230630 04:54:43.689137 1231924 event_listener.cc:132] [event_listener/stall_cond_changed] column family: default write stall condition was changed, from stop to normal
W20230630 04:54:43.689422 1232155 event_listener.cc:132] [event_listener/stall_cond_changed] column family: default write stall condition was changed, from delay to stop
W20230630 04:54:45.191993 1232151 event_listener.cc:132] [event_listener/stall_cond_changed] column family: default write stall condition was changed, from normal to delay
I20230630 04:54:46.700037 1231924 event_listener.cc:84] [event_listener/flush_begin] column family: default, thread_id: 1231924, job_id: 26, reason: 6
I20230630 04:54:48.785502 1231925 event_listener.cc:138] [event_listener/table_file_created] column family: default, file path: /nvme/jinghuan/node_40001/db/000068.sst, file size: 85049814, job id: 25, reason: flush, status: OK
I20230630 04:54:48.791882 1231925 event_listener.cc:91] [event_listener/flush_completed] column family: default, thread_id: 1231925, job_id: 25, file: /nvme/jinghuan/node_40001/db/000068.sst, reason: 6, is_write_slowdown: no, is_write_stall: no, largest seqno: 9458393, smallest seqno: 8724629
W20230630 04:54:48.792145 1231925 event_listener.cc:132] [event_listener/stall_cond_changed] column family: default write stall condition was changed, from stop to normal
W20230630 04:54:48.793896 1232151 event_listener.cc:132] [event_listener/stall_cond_changed] column family: default write stall condition was changed, from delay to stop
W20230630 04:54:50.273599 1232154 event_listener.cc:132] [event_listener/stall_cond_changed] column family: default write stall condition was changed, from normal to delay
I20230630 04:54:51.830910 1231925 event_listener.cc:84] [event_listener/flush_begin] column family: default, thread_id: 1231925, job_id: 27, reason: 6
I20230630 04:54:54.503590 1231924 event_listener.cc:138] [event_listener/table_file_created] column family: default, file path: /nvme/jinghuan/node_40001/db/000071.sst, file size: 84970152, job id: 26, reason: flush, status: OK
I20230630 04:54:54.517804 1231924 event_listener.cc:91] [event_listener/flush_completed] column family: default, thread_id: 1231924, job_id: 26, file: /nvme/jinghuan/node_40001/db/000071.sst, reason: 6, is_write_slowdown: no, is_write_stall: no, largest seqno: 10191499, smallest seqno: 9458395
W20230630 04:54:54.517939 1231924 event_listener.cc:132] [event_listener/stall_cond_changed] column family: default write stall condition was changed, from stop to normal
W20230630 04:54:54.518723 1232154 event_listener.cc:132] [event_listener/stall_cond_changed] column family: default write stall condition was changed, from delay to stop
W20230630 04:54:55.852275 1232154 event_listener.cc:132] [event_listener/stall_cond_changed] column family: default write stall condition was changed, from normal to delay
I20230630 04:54:57.263394 1231924 event_listener.cc:84] [event_listener/flush_begin] column family: default, thread_id: 1231924, job_id: 28, reason: 6
I20230630 04:54:58.090524 1231922 event_listener.cc:138] [event_listener/table_file_created] column family: default, file path: /nvme/jinghuan/node_40001/db/000047.sst, file size: 307543832, job id: 16, reason: compaction, status: OK
I20230630 04:54:58.118754 1231922 event_listener.cc:71] [event_listener/compaction_completed] column family: default, compaction reason: 1, output compression type: no, base input level(files): 0(4), output level(files): 0(1), input bytes: 307659063, output bytes:307543832, is_manual_compaction:no, elapsed(micro): 42415839
I20230630 04:54:58.128820 1231922 event_listener.cc:127] [event_listener/table_file_deleted] db: /nvme/jinghuan/node_40001/db, sst file: /nvme/jinghuan/node_40001/db/000026.sst, status: OK
I20230630 04:54:58.135738 1231922 event_listener.cc:127] [event_listener/table_file_deleted] db: /nvme/jinghuan/node_40001/db, sst file: /nvme/jinghuan/node_40001/db/000023.sst, status: OK
I20230630 04:54:58.142232 1231922 event_listener.cc:127] [event_listener/table_file_deleted] db: /nvme/jinghuan/node_40001/db, sst file: /nvme/jinghuan/node_40001/db/000020.sst, status: OK
I20230630 04:54:58.149576 1231922 event_listener.cc:127] [event_listener/table_file_deleted] db: /nvme/jinghuan/node_40001/db, sst file: /nvme/jinghuan/node_40001/db/000017.sst, status: OK
I20230630 04:54:58.998909 1231925 event_listener.cc:138] [event_listener/table_file_created] column family: default, file path: /nvme/jinghuan/node_40001/db/000074.sst, file size: 84969218, job id: 27, reason: flush, status: OK
I20230630 04:54:59.007284 1231925 event_listener.cc:91] [event_listener/flush_completed] column family: default, thread_id: 1231925, job_id: 27, file: /nvme/jinghuan/node_40001/db/000074.sst, reason: 6, is_write_slowdown: no, is_write_stall: no, largest seqno: 10924583, smallest seqno: 10191501
W20230630 04:54:59.007658 1231925 event_listener.cc:132] [event_listener/stall_cond_changed] column family: default write stall condition was changed, from stop to normal
W20230630 04:54:59.010114 1232157 event_listener.cc:132] [event_listener/stall_cond_changed] column family: default write stall condition was changed, from delay to stop
W20230630 04:55:00.204828 1232152 event_listener.cc:132] [event_listener/stall_cond_changed] column family: default write stall condition was changed, from normal to delay
I20230630 04:55:01.475069 1231925 event_listener.cc:84] [event_listener/flush_begin] column family: default, thread_id: 1231925, job_id: 31, reason: 6
I20230630 04:55:04.706207 1231924 event_listener.cc:138] [event_listener/table_file_created] column family: default, file path: /nvme/jinghuan/node_40001/db/000077.sst, file size: 84934945, job id: 28, reason: flush, status: OK
I20230630 04:55:04.718848 1231924 event_listener.cc:91] [event_listener/flush_completed] column family: default, thread_id: 1231924, job_id: 28, file: /nvme/jinghuan/node_40001/db/000077.sst, reason: 6, is_write_slowdown: no, is_write_stall: no, largest seqno: 11657370, smallest seqno: 10924585
W20230630 04:55:04.718961 1231924 event_listener.cc:132] [event_listener/stall_cond_changed] column family: default write stall condition was changed, from stop to normal
W20230630 04:55:04.719522 1232152 event_listener.cc:132] [event_listener/stall_cond_changed] column family: default write stall condition was changed, from delay to stop
I20230630 04:55:05.757786 1231924 event_listener.cc:84] [event_listener/flush_begin] column family: metadata, thread_id: 1231924, job_id: 32, reason: 13
W20230630 04:55:06.085989 1232155 event_listener.cc:132] [event_listener/stall_cond_changed] column family: default write stall condition was changed, from normal to delay
I20230630 04:55:07.796669 1231924 event_listener.cc:138] [event_listener/table_file_created] column family: metadata, file path: /nvme/jinghuan/node_40001/db/000083.sst, file size: 19220720, job id: 32, reason: flush, status: OK
I20230630 04:55:07.805086 1231924 event_listener.cc:91] [event_listener/flush_completed] column family: metadata, thread_id: 1231924, job_id: 32, file: /nvme/jinghuan/node_40001/db/000083.sst, reason: 13, is_write_slowdown: no, is_write_stall: no, largest seqno: 12590347, smallest seqno: 9442774
I20230630 04:55:07.849339 1231924 event_listener.cc:84] [event_listener/flush_begin] column family: default, thread_id: 1231924, job_id: 33, reason: 6
I20230630 04:55:08.200018 1231925 event_listener.cc:138] [event_listener/table_file_created] column family: default, file path: /nvme/jinghuan/node_40001/db/000081.sst, file size: 76458576, job id: 31, reason: flush, status: OK
I20230630 04:55:08.216114 1231925 event_listener.cc:91] [event_listener/flush_completed] column family: default, thread_id: 1231925, job_id: 31, file: /nvme/jinghuan/node_40001/db/000081.sst, reason: 6, is_write_slowdown: no, is_write_stall: no, largest seqno: 12317040, smallest seqno: 11657372
W20230630 04:55:08.216504 1231925 event_listener.cc:132] [event_listener/stall_cond_changed] column family: default write stall condition was changed, from stop to normal
W20230630 04:55:08.216614 1232156 event_listener.cc:132] [event_listener/stall_cond_changed] column family: default write stall condition was changed, from delay to stop
W20230630 04:55:09.464783 1232158 event_listener.cc:132] [event_listener/stall_cond_changed] column family: default write stall condition was changed, from normal to delay
I20230630 04:55:10.782888 1231925 event_listener.cc:84] [event_listener/flush_begin] column family: default, thread_id: 1231925, job_id: 34, reason: 6
I20230630 04:55:10.795841 1231923 event_listener.cc:138] [event_listener/table_file_created] column family: default, file path: /nvme/jinghuan/node_40001/db/000063.sst, file size: 309617901, job id: 23, reason: compaction, status: OK
I20230630 04:55:10.815313 1231923 event_listener.cc:71] [event_listener/compaction_completed] column family: default, compaction reason: 1, output compression type: no, base input level(files): 0(4), output level(files): 0(1), input bytes: 309748992, output bytes:309617901, is_manual_compaction:no, elapsed(micro): 34504608
I20230630 04:55:10.822592 1231923 event_listener.cc:127] [event_listener/table_file_deleted] db: /nvme/jinghuan/node_40001/db, sst file: /nvme/jinghuan/node_40001/db/000042.sst, status: OK
I20230630 04:55:10.831118 1231923 event_listener.cc:127] [event_listener/table_file_deleted] db: /nvme/jinghuan/node_40001/db, sst file: /nvme/jinghuan/node_40001/db/000039.sst, status: OK
I20230630 04:55:10.837472 1231923 event_listener.cc:127] [event_listener/table_file_deleted] db: /nvme/jinghuan/node_40001/db, sst file: /nvme/jinghuan/node_40001/db/000036.sst, status: OK
I20230630 04:55:10.843923 1231923 event_listener.cc:127] [event_listener/table_file_deleted] db: /nvme/jinghuan/node_40001/db, sst file: /nvme/jinghuan/node_40001/db/000031.sst, status: OK
I20230630 04:55:15.007438 1231924 event_listener.cc:138] [event_listener/table_file_created] column family: default, file path: /nvme/jinghuan/node_40001/db/000086.sst, file size: 84958717, job id: 33, reason: flush, status: OK
I20230630 04:55:15.023221 1231924 event_listener.cc:91] [event_listener/flush_completed] column family: default, thread_id: 1231924, job_id: 33, file: /nvme/jinghuan/node_40001/db/000086.sst, reason: 6, is_write_slowdown: no, is_write_stall: no, largest seqno: 13050069, smallest seqno: 12317042
W20230630 04:55:15.023386 1231924 event_listener.cc:132] [event_listener/stall_cond_changed] column family: default write stall condition was changed, from stop to normal
W20230630 04:55:15.023654 1232158 event_listener.cc:132] [event_listener/stall_cond_changed] column family: default write stall condition was changed, from delay to stop
W20230630 04:55:16.239238 1232153 event_listener.cc:132] [event_listener/stall_cond_changed] column family: default write stall condition was changed, from normal to delay
I20230630 04:55:16.810106 1231925 event_listener.cc:138] [event_listener/table_file_created] column family: default, file path: /nvme/jinghuan/node_40001/db/000089.sst, file size: 76111077, job id: 34, reason: flush, status: OK
I20230630 04:55:16.823127 1231925 event_listener.cc:91] [event_listener/flush_completed] column family: default, thread_id: 1231925, job_id: 34, file: /nvme/jinghuan/node_40001/db/000089.sst, reason: 6, is_write_slowdown: no, is_write_stall: no, largest seqno: 13706659, smallest seqno: 13050071
W20230630 04:55:16.823180 1231925 event_listener.cc:132] [event_listener/stall_cond_changed] column family: default write stall condition was changed, from delay to normal
I20230630 04:55:17.506242 1231923 event_listener.cc:138] [event_listener/table_file_created] column family: metadata, file path: /nvme/jinghuan/node_40001/db/000090.sst, file size: 76274606, job id: 36, reason: compaction, status: OK
I20230630 04:55:17.524394 1231923 event_listener.cc:71] [event_listener/compaction_completed] column family: metadata, compaction reason: 1, output compression type: no, base input level(files): 0(4), output level(files): 1(1), input bytes: 76921802, output bytes:76274606, is_manual_compaction:no, elapsed(micro): 6662320
I20230630 04:55:17.527240 1231923 event_listener.cc:127] [event_listener/table_file_deleted] db: /nvme/jinghuan/node_40001/db, sst file: /nvme/jinghuan/node_40001/db/000066.sst, status: OK
I20230630 04:55:17.530061 1231923 event_listener.cc:127] [event_listener/table_file_deleted] db: /nvme/jinghuan/node_40001/db, sst file: /nvme/jinghuan/node_40001/db/000049.sst, status: OK
I20230630 04:55:17.533228 1231923 event_listener.cc:127] [event_listener/table_file_deleted] db: /nvme/jinghuan/node_40001/db, sst file: /nvme/jinghuan/node_40001/db/000034.sst, status: OK
I20230630 04:55:17.549824 1231924 event_listener.cc:84] [event_listener/flush_begin] column family: default, thread_id: 1231924, job_id: 37, reason: 6
W20230630 04:55:18.725411 1232158 event_listener.cc:132] [event_listener/stall_cond_changed] column family: default write stall condition was changed, from normal to delay
I20230630 04:55:19.997308 1231925 event_listener.cc:84] [event_listener/flush_begin] column family: default, thread_id: 1231925, job_id: 39, reason: 6
I20230630 04:55:23.414110 1231924 event_listener.cc:138] [event_listener/table_file_created] column family: default, file path: /nvme/jinghuan/node_40001/db/000094.sst, file size: 76645142, job id: 37, reason: flush, status: OK
I20230630 04:55:23.426322 1231924 event_listener.cc:91] [event_listener/flush_completed] column family: default, thread_id: 1231924, job_id: 37, file: /nvme/jinghuan/node_40001/db/000094.sst, reason: 6, is_write_slowdown: no, is_write_stall: no, largest seqno: 14367858, smallest seqno: 13706661
W20230630 04:55:23.426424 1231924 event_listener.cc:132] [event_listener/stall_cond_changed] column family: default write stall condition was changed, from stop to normal
W20230630 04:55:23.427423 1232158 event_listener.cc:132] [event_listener/stall_cond_changed] column family: default write stall condition was changed, from delay to stop
W20230630 04:55:24.794988 1232153 event_listener.cc:132] [event_listener/stall_cond_changed] column family: default write stall condition was changed, from normal to delay
I20230630 04:55:25.817342 1231925 event_listener.cc:138] [event_listener/table_file_created] column family: default, file path: /nvme/jinghuan/node_40001/db/000097.sst, file size: 76503151, job id: 39, reason: flush, status: OK
I20230630 04:55:25.824663 1231925 event_listener.cc:91] [event_listener/flush_completed] column family: default, thread_id: 1231925, job_id: 39, file: /nvme/jinghuan/node_40001/db/000097.sst, reason: 6, is_write_slowdown: no, is_write_stall: no, largest seqno: 15027880, smallest seqno: 14367860
W20230630 04:55:25.824718 1231925 event_listener.cc:132] [event_listener/stall_cond_changed] column family: default write stall condition was changed, from delay to normal
I20230630 04:55:26.144910 1231924 event_listener.cc:84] [event_listener/flush_begin] column family: metadata, thread_id: 1231924, job_id: 40, reason: 13
I20230630 04:55:26.200111 1231925 event_listener.cc:84] [event_listener/flush_begin] column family: default, thread_id: 1231925, job_id: 41, reason: 6
W20230630 04:55:27.516265 1232153 event_listener.cc:132] [event_listener/stall_cond_changed] column family: default write stall condition was changed, from normal to delay
I20230630 04:55:28.015615 1231924 event_listener.cc:138] [event_listener/table_file_created] column family: metadata, file path: /nvme/jinghuan/node_40001/db/000100.sst, file size: 19250641, job id: 40, reason: flush, status: OK
I20230630 04:55:28.023914 1231924 event_listener.cc:91] [event_listener/flush_completed] column family: metadata, thread_id: 1231924, job_id: 40, file: /nvme/jinghuan/node_40001/db/000100.sst, reason: 13, is_write_slowdown: no, is_write_stall: no, largest seqno: 15737964, smallest seqno: 12590358
I20230630 04:55:28.080863 1231924 event_listener.cc:84] [event_listener/flush_begin] column family: default, thread_id: 1231924, job_id: 42, reason: 13
I20230630 04:55:33.615301 1231924 event_listener.cc:138] [event_listener/table_file_created] column family: default, file path: /nvme/jinghuan/node_40001/db/000105.sst, file size: 58534958, job id: 42, reason: flush, status: OK
I20230630 04:55:34.210395 1231922 event_listener.cc:138] [event_listener/table_file_created] column family: default, file path: /nvme/jinghuan/node_40001/db/000078.sst, file size: 337785102, job id: 30, reason: compaction, status: OK
I20230630 04:55:34.221064 1231925 event_listener.cc:138] [event_listener/table_file_created] column family: default, file path: /nvme/jinghuan/node_40001/db/000102.sst, file size: 84968722, job id: 41, reason: flush, status: OK
I20230630 04:55:34.227366 1231925 event_listener.cc:91] [event_listener/flush_completed] column family: default, thread_id: 1231925, job_id: 41, file: /nvme/jinghuan/node_40001/db/000102.sst, reason: 13, is_write_slowdown: no, is_write_stall: no, largest seqno: 15760975, smallest seqno: 15027882
I20230630 04:55:34.227386 1231925 event_listener.cc:91] [event_listener/flush_completed] column family: default, thread_id: 1231924, job_id: 42, file: /nvme/jinghuan/node_40001/db/000105.sst, reason: 13, is_write_slowdown: no, is_write_stall: no, largest seqno: 16265930, smallest seqno: 15760977
W20230630 04:55:34.227525 1231925 event_listener.cc:132] [event_listener/stall_cond_changed] column family: default write stall condition was changed, from stop to normal
W20230630 04:55:34.227660 1232153 event_listener.cc:132] [event_listener/stall_cond_changed] column family: default write stall condition was changed, from delay to stop
I20230630 04:55:34.233753 1231922 event_listener.cc:71] [event_listener/compaction_completed] column family: default, compaction reason: 1, output compression type: no, base input level(files): 0(4), output level(files): 0(1), input bytes: 337946329, output bytes:337785102, is_manual_compaction:no, elapsed(micro): 35202892
I20230630 04:55:34.237296 1231922 event_listener.cc:127] [event_listener/table_file_deleted] db: /nvme/jinghuan/node_40001/db, sst file: /nvme/jinghuan/node_40001/db/000083.sst, status: OK
I20230630 04:55:34.246964 1231922 event_listener.cc:127] [event_listener/table_file_deleted] db: /nvme/jinghuan/node_40001/db, sst file: /nvme/jinghuan/node_40001/db/000059.sst, status: OK
I20230630 04:55:34.253427 1231922 event_listener.cc:127] [event_listener/table_file_deleted] db: /nvme/jinghuan/node_40001/db, sst file: /nvme/jinghuan/node_40001/db/000055.sst, status: OK
I20230630 04:55:34.260067 1231922 event_listener.cc:127] [event_listener/table_file_deleted] db: /nvme/jinghuan/node_40001/db, sst file: /nvme/jinghuan/node_40001/db/000052.sst, status: OK
I20230630 04:55:34.266459 1231922 event_listener.cc:127] [event_listener/table_file_deleted] db: /nvme/jinghuan/node_40001/db, sst file: /nvme/jinghuan/node_40001/db/000046.sst, status: OK
I20230630 04:55:36.650288 1231924 event_listener.cc:84] [event_listener/flush_begin] column family: default, thread_id: 1231924, job_id: 44, reason: 6
W20230630 04:55:37.831391 1232154 event_listener.cc:132] [event_listener/stall_cond_changed] column family: default write stall condition was changed, from normal to delay
I20230630 04:55:39.124225 1231925 event_listener.cc:84] [event_listener/flush_begin] column family: default, thread_id: 1231925, job_id: 45, reason: 6
I20230630 04:55:42.430045 1231924 event_listener.cc:138] [event_listener/table_file_created] column family: default, file path: /nvme/jinghuan/node_40001/db/000109.sst, file size: 74960426, job id: 44, reason: flush, status: OK
I20230630 04:55:42.445469 1231924 event_listener.cc:91] [event_listener/flush_completed] column family: default, thread_id: 1231924, job_id: 44, file: /nvme/jinghuan/node_40001/db/000109.sst, reason: 6, is_write_slowdown: no, is_write_stall: no, largest seqno: 16912653, smallest seqno: 16265932
W20230630 04:55:42.445587 1231924 event_listener.cc:132] [event_listener/stall_cond_changed] column family: default write stall condition was changed, from stop to normal
W20230630 04:55:42.446740 1232154 event_listener.cc:132] [event_listener/stall_cond_changed] column family: default write stall condition was changed, from delay to stop
W20230630 04:55:43.638667 1232155 event_listener.cc:132] [event_listener/stall_cond_changed] column family: default write stall condition was changed, from normal to delay
I20230630 04:55:44.124730 1231923 event_listener.cc:138] [event_listener/table_file_created] column family: default, file path: /nvme/jinghuan/node_40001/db/000093.sst, file size: 322345024, job id: 38, reason: compaction, status: OK
I20230630 04:55:44.153749 1231923 event_listener.cc:71] [event_listener/compaction_completed] column family: default, compaction reason: 1, output compression type: no, base input level(files): 0(4), output level(files): 0(1), input bytes: 322463315, output bytes:322345024, is_manual_compaction:no, elapsed(micro): 26591514
I20230630 04:55:44.165679 1231923 event_listener.cc:127] [event_listener/table_file_deleted] db: /nvme/jinghuan/node_40001/db, sst file: /nvme/jinghuan/node_40001/db/000074.sst, status: OK
I20230630 04:55:44.173774 1231923 event_listener.cc:127] [event_listener/table_file_deleted] db: /nvme/jinghuan/node_40001/db, sst file: /nvme/jinghuan/node_40001/db/000071.sst, status: OK
I20230630 04:55:44.180912 1231923 event_listener.cc:127] [event_listener/table_file_deleted] db: /nvme/jinghuan/node_40001/db, sst file: /nvme/jinghuan/node_40001/db/000068.sst, status: OK
I20230630 04:55:44.187947 1231923 event_listener.cc:127] [event_listener/table_file_deleted] db: /nvme/jinghuan/node_40001/db, sst file: /nvme/jinghuan/node_40001/db/000062.sst, status: OK
I20230630 04:55:44.728814 1231925 event_listener.cc:138] [event_listener/table_file_created] column family: default, file path: /nvme/jinghuan/node_40001/db/000112.sst, file size: 76832190, job id: 45, reason: flush, status: OK
I20230630 04:55:44.744400 1231925 event_listener.cc:91] [event_listener/flush_completed] column family: default, thread_id: 1231925, job_id: 45, file: /nvme/jinghuan/node_40001/db/000112.sst, reason: 6, is_write_slowdown: no, is_write_stall: no, largest seqno: 17575502, smallest seqno: 16912655
W20230630 04:55:44.744513 1231925 event_listener.cc:132] [event_listener/stall_cond_changed] column family: default write stall condition was changed, from delay to normal
I20230630 04:55:44.910276 1231924 event_listener.cc:84] [event_listener/flush_begin] column family: default, thread_id: 1231924, job_id: 49, reason: 6
W20230630 04:55:46.067613 1232155 event_listener.cc:132] [event_listener/stall_cond_changed] column family: default write stall condition was changed, from normal to delay
I20230630 04:55:47.325791 1231925 event_listener.cc:84] [event_listener/flush_begin] column family: metadata, thread_id: 1231925, job_id: 51, reason: 13
I20230630 04:55:47.339157 1231924 event_listener.cc:138] [event_listener/table_file_created] column family: default, file path: /nvme/jinghuan/node_40001/db/000115.sst, file size: 75923868, job id: 49, reason: flush, status: OK
I20230630 04:55:47.352360 1231924 event_listener.cc:91] [event_listener/flush_completed] column family: default, thread_id: 1231924, job_id: 49, file: /nvme/jinghuan/node_40001/db/000115.sst, reason: 6, is_write_slowdown: no, is_write_stall: no, largest seqno: 18230508, smallest seqno: 17575504
W20230630 04:55:47.352417 1231924 event_listener.cc:132] [event_listener/stall_cond_changed] column family: default write stall condition was changed, from stop to normal
W20230630 04:55:47.352694 1232158 event_listener.cc:132] [event_listener/stall_cond_changed] column family: default write stall condition was changed, from delay to stop
I20230630 04:55:47.366987 1231924 event_listener.cc:84] [event_listener/flush_begin] column family: default, thread_id: 1231924, job_id: 54, reason: 6
W20230630 04:55:48.588423 1232158 event_listener.cc:132] [event_listener/stall_cond_changed] column family: default write stall condition was changed, from normal to delay
I20230630 04:55:48.827196 1231925 event_listener.cc:138] [event_listener/table_file_created] column family: metadata, file path: /nvme/jinghuan/node_40001/db/000119.sst, file size: 19249950, job id: 51, reason: flush, status: OK
I20230630 04:55:48.834658 1231925 event_listener.cc:91] [event_listener/flush_completed] column family: metadata, thread_id: 1231925, job_id: 51, file: /nvme/jinghuan/node_40001/db/000119.sst, reason: 13, is_write_slowdown: no, is_write_stall: no, largest seqno: 18885570, smallest seqno: 15737975
I20230630 04:55:49.877578 1231925 event_listener.cc:84] [event_listener/flush_begin] column family: default, thread_id: 1231925, job_id: 57, reason: 6
I20230630 04:55:50.732141 1231924 event_listener.cc:138] [event_listener/table_file_created] column family: default, file path: /nvme/jinghuan/node_40001/db/000120.sst, file size: 76961059, job id: 54, reason: flush, status: OK
I20230630 04:55:50.744812 1231924 event_listener.cc:91] [event_listener/flush_completed] column family: default, thread_id: 1231924, job_id: 54, file: /nvme/jinghuan/node_40001/db/000120.sst, reason: 6, is_write_slowdown: no, is_write_stall: no, largest seqno: 18894490, smallest seqno: 18230510
W20230630 04:55:50.745236 1231924 event_listener.cc:132] [event_listener/stall_cond_changed] column family: default write stall condition was changed, from stop to normal
W20230630 04:55:50.745461 1232155 event_listener.cc:132] [event_listener/stall_cond_changed] column family: default write stall condition was changed, from delay to stop
W20230630 04:55:52.010414 1232158 event_listener.cc:132] [event_listener/stall_cond_changed] column family: default write stall condition was changed, from normal to delay
I20230630 04:55:53.292374 1231924 event_listener.cc:84] [event_listener/flush_begin] column family: default, thread_id: 1231924, job_id: 59, reason: 6
I20230630 04:55:53.934437 1231925 event_listener.cc:138] [event_listener/table_file_created] column family: default, file path: /nvme/jinghuan/node_40001/db/000123.sst, file size: 78594153, job id: 57, reason: flush, status: OK
I20230630 04:55:53.950055 1231925 event_listener.cc:91] [event_listener/flush_completed] column family: default, thread_id: 1231925, job_id: 57, file: /nvme/jinghuan/node_40001/db/000123.sst, reason: 6, is_write_slowdown: no, is_write_stall: no, largest seqno: 19572563, smallest seqno: 18894492
W20230630 04:55:53.950161 1231925 event_listener.cc:132] [event_listener/stall_cond_changed] column family: default write stall condition was changed, from stop to normal
W20230630 04:55:53.950724 1232152 event_listener.cc:132] [event_listener/stall_cond_changed] column family: default write stall condition was changed, from delay to stop
W20230630 04:55:55.413362 1232154 event_listener.cc:132] [event_listener/stall_cond_changed] column family: default write stall condition was changed, from normal to delay
I20230630 04:55:56.433462 1231922 event_listener.cc:138] [event_listener/table_file_created] column family: default, file path: /nvme/jinghuan/node_40001/db/000106.sst, file size: 296533708, job id: 43, reason: compaction, status: OK
I20230630 04:55:56.454438 1231922 event_listener.cc:71] [event_listener/compaction_completed] column family: default, compaction reason: 1, output compression type: no, base input level(files): 0(4), output level(files): 0(1), input bytes: 296651973, output bytes:296533708, is_manual_compaction:no, elapsed(micro): 22167014
I20230630 04:55:56.465881 1231922 event_listener.cc:127] [event_listener/table_file_deleted] db: /nvme/jinghuan/node_40001/db, sst file: /nvme/jinghuan/node_40001/db/000089.sst, status: OK
I20230630 04:55:56.473807 1231922 event_listener.cc:127] [event_listener/table_file_deleted] db: /nvme/jinghuan/node_40001/db, sst file: /nvme/jinghuan/node_40001/db/000086.sst, status: OK
I20230630 04:55:56.480193 1231922 event_listener.cc:127] [event_listener/table_file_deleted] db: /nvme/jinghuan/node_40001/db, sst file: /nvme/jinghuan/node_40001/db/000081.sst, status: OK
I20230630 04:55:56.487216 1231922 event_listener.cc:127] [event_listener/table_file_deleted] db: /nvme/jinghuan/node_40001/db, sst file: /nvme/jinghuan/node_40001/db/000077.sst, status: OK
