I20230630 04:55:56.943993 1231924 event_listener.cc:138] [event_listener/table_file_created] column family: default, file path: /nvme/jinghuan/node_40001/db/000127.sst, file size: 78909483, job id: 59, reason: flush, status: OK
I20230630 04:55:56.958037 1231925 event_listener.cc:84] [event_listener/flush_begin] column family: default, thread_id: 1231925, job_id: 62, reason: 6
I20230630 04:55:56.962848 1231924 event_listener.cc:91] [event_listener/flush_completed] column family: default, thread_id: 1231924, job_id: 59, file: /nvme/jinghuan/node_40001/db/000127.sst, reason: 6, is_write_slowdown: no, is_write_stall: no, largest seqno: 20253342, smallest seqno: 19572565
W20230630 04:55:56.962960 1231924 event_listener.cc:132] [event_listener/stall_cond_changed] column family: default write stall condition was changed, from stop to normal
W20230630 04:55:56.963203 1232154 event_listener.cc:132] [event_listener/stall_cond_changed] column family: default write stall condition was changed, from delay to stop
W20230630 04:55:58.437399 1232154 event_listener.cc:132] [event_listener/stall_cond_changed] column family: default write stall condition was changed, from normal to delay
I20230630 04:55:59.736512 1231925 event_listener.cc:138] [event_listener/table_file_created] column family: default, file path: /nvme/jinghuan/node_40001/db/000130.sst, file size: 85051307, job id: 62, reason: flush, status: OK
I20230630 04:55:59.746413 1231925 event_listener.cc:91] [event_listener/flush_completed] column family: default, thread_id: 1231925, job_id: 62, file: /nvme/jinghuan/node_40001/db/000130.sst, reason: 6, is_write_slowdown: no, is_write_stall: no, largest seqno: 20987141, smallest seqno: 20253344
W20230630 04:55:59.746467 1231925 event_listener.cc:132] [event_listener/stall_cond_changed] column family: default write stall condition was changed, from delay to normal
I20230630 04:55:59.986982 1231924 event_listener.cc:84] [event_listener/flush_begin] column family: default, thread_id: 1231924, job_id: 67, reason: 6
I20230630 04:56:01.256340 1231925 event_listener.cc:84] [event_listener/flush_begin] column family: metadata, thread_id: 1231925, job_id: 68, reason: 13
W20230630 04:56:01.461176 1232152 event_listener.cc:132] [event_listener/stall_cond_changed] column family: default write stall condition was changed, from normal to delay
I20230630 04:56:02.429214 1231925 event_listener.cc:138] [event_listener/table_file_created] column family: metadata, file path: /nvme/jinghuan/node_40001/db/000135.sst, file size: 19219381, job id: 68, reason: flush, status: OK
I20230630 04:56:02.441901 1231925 event_listener.cc:91] [event_listener/flush_completed] column family: metadata, thread_id: 1231925, job_id: 68, file: /nvme/jinghuan/node_40001/db/000135.sst, reason: 13, is_write_slowdown: no, is_write_stall: no, largest seqno: 22033197, smallest seqno: 18885581
I20230630 04:56:03.002523 1231925 event_listener.cc:84] [event_listener/flush_begin] column family: default, thread_id: 1231925, job_id: 71, reason: 6
I20230630 04:56:03.236598 1231924 event_listener.cc:138] [event_listener/table_file_created] column family: default, file path: /nvme/jinghuan/node_40001/db/000133.sst, file size: 85047106, job id: 67, reason: flush, status: OK
I20230630 04:56:03.250450 1231924 event_listener.cc:91] [event_listener/flush_completed] column family: default, thread_id: 1231924, job_id: 67, file: /nvme/jinghuan/node_40001/db/000133.sst, reason: 6, is_write_slowdown: no, is_write_stall: no, largest seqno: 21720907, smallest seqno: 20987143
W20230630 04:56:03.250941 1231924 event_listener.cc:132] [event_listener/stall_cond_changed] column family: default write stall condition was changed, from stop to normal
W20230630 04:56:03.251096 1232156 event_listener.cc:132] [event_listener/stall_cond_changed] column family: default write stall condition was changed, from delay to stop
W20230630 04:56:04.653443 1232151 event_listener.cc:132] [event_listener/stall_cond_changed] column family: default write stall condition was changed, from normal to delay
I20230630 04:56:06.163372 1231924 event_listener.cc:84] [event_listener/flush_begin] column family: default, thread_id: 1231924, job_id: 73, reason: 6
I20230630 04:56:07.643064 1231925 event_listener.cc:138] [event_listener/table_file_created] column family: default, file path: /nvme/jinghuan/node_40001/db/000138.sst, file size: 84959414, job id: 71, reason: flush, status: OK
I20230630 04:56:07.655649 1231925 event_listener.cc:91] [event_listener/flush_completed] column family: default, thread_id: 1231925, job_id: 71, file: /nvme/jinghuan/node_40001/db/000138.sst, reason: 6, is_write_slowdown: no, is_write_stall: no, largest seqno: 22453913, smallest seqno: 21720909
W20230630 04:56:07.656044 1231925 event_listener.cc:132] [event_listener/stall_cond_changed] column family: default write stall condition was changed, from stop to normal
W20230630 04:56:07.656253 1232152 event_listener.cc:132] [event_listener/stall_cond_changed] column family: default write stall condition was changed, from delay to stop
W20230630 04:56:09.226863 1232152 event_listener.cc:132] [event_listener/stall_cond_changed] column family: default write stall condition was changed, from normal to delay
I20230630 04:56:10.044117 1231924 event_listener.cc:138] [event_listener/table_file_created] column family: default, file path: /nvme/jinghuan/node_40001/db/000142.sst, file size: 84735233, job id: 73, reason: flush, status: OK
I20230630 04:56:10.051048 1231924 event_listener.cc:91] [event_listener/flush_completed] column family: default, thread_id: 1231924, job_id: 73, file: /nvme/jinghuan/node_40001/db/000142.sst, reason: 6, is_write_slowdown: no, is_write_stall: no, largest seqno: 23184962, smallest seqno: 22453915
W20230630 04:56:10.051111 1231924 event_listener.cc:132] [event_listener/stall_cond_changed] column family: default write stall condition was changed, from delay to normal
I20230630 04:56:10.899682 1231925 event_listener.cc:84] [event_listener/flush_begin] column family: default, thread_id: 1231925, job_id: 74, reason: 6
W20230630 04:56:12.488448 1232154 event_listener.cc:132] [event_listener/stall_cond_changed] column family: default write stall condition was changed, from normal to delay
I20230630 04:56:13.335467 1231923 event_listener.cc:138] [event_listener/table_file_created] column family: default, file path: /nvme/jinghuan/node_40001/db/000124.sst, file size: 304562252, job id: 58, reason: compaction, status: OK
I20230630 04:56:13.350106 1231923 event_listener.cc:71] [event_listener/compaction_completed] column family: default, compaction reason: 1, output compression type: no, base input level(files): 0(4), output level(files): 0(1), input bytes: 304677543, output bytes:304562252, is_manual_compaction:no, elapsed(micro): 22590512
I20230630 04:56:13.355026 1231923 event_listener.cc:127] [event_listener/table_file_deleted] db: /nvme/jinghuan/node_40001/db, sst file: /nvme/jinghuan/node_40001/db/000105.sst, status: OK
I20230630 04:56:13.361835 1231923 event_listener.cc:127] [event_listener/table_file_deleted] db: /nvme/jinghuan/node_40001/db, sst file: /nvme/jinghuan/node_40001/db/000102.sst, status: OK
I20230630 04:56:13.368000 1231923 event_listener.cc:127] [event_listener/table_file_deleted] db: /nvme/jinghuan/node_40001/db, sst file: /nvme/jinghuan/node_40001/db/000097.sst, status: OK
I20230630 04:56:13.374177 1231923 event_listener.cc:127] [event_listener/table_file_deleted] db: /nvme/jinghuan/node_40001/db, sst file: /nvme/jinghuan/node_40001/db/000094.sst, status: OK
I20230630 04:56:14.039755 1231925 event_listener.cc:138] [event_listener/table_file_created] column family: default, file path: /nvme/jinghuan/node_40001/db/000145.sst, file size: 84858202, job id: 74, reason: flush, status: OK
I20230630 04:56:14.053922 1231925 event_listener.cc:91] [event_listener/flush_completed] column family: default, thread_id: 1231925, job_id: 74, file: /nvme/jinghuan/node_40001/db/000145.sst, reason: 6, is_write_slowdown: no, is_write_stall: no, largest seqno: 23917078, smallest seqno: 23184964
W20230630 04:56:14.054000 1232152 event_listener.cc:132] [event_listener/stall_cond_changed] column family: default write stall condition was changed, from delay to stop
W20230630 04:56:14.054071 1231925 event_listener.cc:132] [event_listener/stall_cond_changed] column family: default write stall condition was changed, from stop to normal
I20230630 04:56:14.113160 1231924 event_listener.cc:84] [event_listener/flush_begin] column family: default, thread_id: 1231924, job_id: 77, reason: 6
W20230630 04:56:15.616127 1232155 event_listener.cc:132] [event_listener/stall_cond_changed] column family: default write stall condition was changed, from normal to delay
I20230630 04:56:16.361624 1231925 event_listener.cc:84] [event_listener/flush_begin] column family: metadata, thread_id: 1231925, job_id: 80, reason: 13
I20230630 04:56:17.048468 1231924 event_listener.cc:138] [event_listener/table_file_created] column family: default, file path: /nvme/jinghuan/node_40001/db/000148.sst, file size: 85008254, job id: 77, reason: flush, status: OK
I20230630 04:56:17.057683 1231924 event_listener.cc:91] [event_listener/flush_completed] column family: default, thread_id: 1231924, job_id: 77, file: /nvme/jinghuan/node_40001/db/000148.sst, reason: 6, is_write_slowdown: no, is_write_stall: no, largest seqno: 24650492, smallest seqno: 23917080
W20230630 04:56:17.057783 1231924 event_listener.cc:132] [event_listener/stall_cond_changed] column family: default write stall condition was changed, from delay to normal
I20230630 04:56:17.178440 1231924 event_listener.cc:84] [event_listener/flush_begin] column family: default, thread_id: 1231924, job_id: 82, reason: 6
I20230630 04:56:17.446362 1231925 event_listener.cc:138] [event_listener/table_file_created] column family: metadata, file path: /nvme/jinghuan/node_40001/db/000151.sst, file size: 19244387, job id: 80, reason: flush, status: OK
I20230630 04:56:17.453464 1231925 event_listener.cc:91] [event_listener/flush_completed] column family: metadata, thread_id: 1231925, job_id: 80, file: /nvme/jinghuan/node_40001/db/000151.sst, reason: 13, is_write_slowdown: no, is_write_stall: no, largest seqno: 25181661, smallest seqno: 22033208
W20230630 04:56:18.742758 1232156 event_listener.cc:132] [event_listener/stall_cond_changed] column family: default write stall condition was changed, from normal to delay
I20230630 04:56:20.458647 1231925 event_listener.cc:84] [event_listener/flush_begin] column family: default, thread_id: 1231925, job_id: 83, reason: 6
I20230630 04:56:21.149338 1231924 event_listener.cc:138] [event_listener/table_file_created] column family: default, file path: /nvme/jinghuan/node_40001/db/000154.sst, file size: 84944799, job id: 82, reason: flush, status: OK
I20230630 04:56:21.157744 1231924 event_listener.cc:91] [event_listener/flush_completed] column family: default, thread_id: 1231924, job_id: 82, file: /nvme/jinghuan/node_40001/db/000154.sst, reason: 6, is_write_slowdown: no, is_write_stall: no, largest seqno: 25383367, smallest seqno: 24650494
W20230630 04:56:21.157992 1231924 event_listener.cc:132] [event_listener/stall_cond_changed] column family: default write stall condition was changed, from stop to normal
W20230630 04:56:21.158241 1232154 event_listener.cc:132] [event_listener/stall_cond_changed] column family: default write stall condition was changed, from delay to stop
I20230630 04:56:21.193742 1232151 cluster.cc:286] MASTER MODE enabled by cluster topology setting
I20230630 04:56:21.345191 1232152 cluster.cc:923] function: Migrate compact-and-merge
I20230630 04:56:21.345245 1232152 slot_migrate_parallel.cc:32] [migrate] Start migrating slots, from slot: 0 to slot: 0. Slots are moving to 127.0.0.1:40002
I20230630 04:56:21.345268 1232152 cluster.cc:935] [cluster migration] Finished slot migration cmds sending, start to set nodes
I20230630 04:56:21.345314 1232150 slot_migrate.cc:165] [migrate] Migrating slot: -1, dst_ip: 127.0.0.1, dst_port: 40002, max_speed: 0, max_pipeline_size: 16
I20230630 04:56:21.345861 1232150 slot_migrate.cc:305] [migrate] Start migrating slot 0, connect destination fd 84
I20230630 04:56:21.345894 1232150 slot_migrate.cc:195] [migrate] Succeed to start migrating slot 0
I20230630 04:56:21.345911 1232150 slot_migrate_compact_and_merge.cc:25] [compact-and-merge] Start migrating snapshot of slot 
W20230630 04:56:23.839746 1232153 event_listener.cc:132] [event_listener/stall_cond_changed] column family: default write stall condition was changed, from normal to delay
I20230630 04:56:23.950917 1231925 event_listener.cc:138] [event_listener/table_file_created] column family: default, file path: /nvme/jinghuan/node_40001/db/000157.sst, file size: 84989577, job id: 83, reason: flush, status: OK
I20230630 04:56:23.963049 1231925 event_listener.cc:91] [event_listener/flush_completed] column family: default, thread_id: 1231925, job_id: 83, file: /nvme/jinghuan/node_40001/db/000157.sst, reason: 6, is_write_slowdown: no, is_write_stall: no, largest seqno: 26116605, smallest seqno: 25383369
W20230630 04:56:23.963114 1231925 event_listener.cc:132] [event_listener/stall_cond_changed] column family: default write stall condition was changed, from delay to normal
I20230630 04:56:25.242475 1231922 event_listener.cc:138] [event_listener/table_file_created] column family: default, file path: /nvme/jinghuan/node_40001/db/000139.sst, file size: 327464700, job id: 72, reason: compaction, status: OK
I20230630 04:56:25.262643 1231922 event_listener.cc:71] [event_listener/compaction_completed] column family: default, compaction reason: 1, output compression type: no, base input level(files): 0(4), output level(files): 0(1), input bytes: 327602049, output bytes:327464700, is_manual_compaction:no, elapsed(micro): 21992018
I20230630 04:56:25.270134 1231922 event_listener.cc:127] [event_listener/table_file_deleted] db: /nvme/jinghuan/node_40001/db, sst file: /nvme/jinghuan/node_40001/db/000120.sst, status: OK
I20230630 04:56:25.277830 1231922 event_listener.cc:127] [event_listener/table_file_deleted] db: /nvme/jinghuan/node_40001/db, sst file: /nvme/jinghuan/node_40001/db/000115.sst, status: OK
I20230630 04:56:25.284821 1231922 event_listener.cc:127] [event_listener/table_file_deleted] db: /nvme/jinghuan/node_40001/db, sst file: /nvme/jinghuan/node_40001/db/000112.sst, status: OK
I20230630 04:56:25.291306 1231922 event_listener.cc:127] [event_listener/table_file_deleted] db: /nvme/jinghuan/node_40001/db, sst file: /nvme/jinghuan/node_40001/db/000109.sst, status: OK
I20230630 04:56:26.535785 1231924 event_listener.cc:84] [event_listener/flush_begin] column family: default, thread_id: 1231924, job_id: 84, reason: 6
I20230630 04:56:29.052747 1231924 event_listener.cc:138] [event_listener/table_file_created] column family: default, file path: /nvme/jinghuan/node_40001/db/000160.sst, file size: 85744784, job id: 84, reason: flush, status: OK
I20230630 04:56:29.059826 1231924 event_listener.cc:91] [event_listener/flush_completed] column family: default, thread_id: 1231924, job_id: 84, file: /nvme/jinghuan/node_40001/db/000160.sst, reason: 6, is_write_slowdown: no, is_write_stall: no, largest seqno: 26856806, smallest seqno: 26116607
I20230630 04:56:30.646538 1231923 event_listener.cc:138] [event_listener/table_file_created] column family: default, file path: /nvme/jinghuan/node_40001/db/000152.sst, file size: 339434470, job id: 81, reason: compaction, status: OK
I20230630 04:56:30.666880 1231923 event_listener.cc:71] [event_listener/compaction_completed] column family: default, compaction reason: 1, output compression type: no, base input level(files): 0(4), output level(files): 0(1), input bytes: 339561103, output bytes:339434470, is_manual_compaction:no, elapsed(micro): 13588861
I20230630 04:56:30.676746 1231923 event_listener.cc:127] [event_listener/table_file_deleted] db: /nvme/jinghuan/node_40001/db, sst file: /nvme/jinghuan/node_40001/db/000148.sst, status: OK
I20230630 04:56:30.684636 1231923 event_listener.cc:127] [event_listener/table_file_deleted] db: /nvme/jinghuan/node_40001/db, sst file: /nvme/jinghuan/node_40001/db/000145.sst, status: OK
I20230630 04:56:30.692462 1231923 event_listener.cc:127] [event_listener/table_file_deleted] db: /nvme/jinghuan/node_40001/db, sst file: /nvme/jinghuan/node_40001/db/000142.sst, status: OK
I20230630 04:56:30.700501 1231923 event_listener.cc:127] [event_listener/table_file_deleted] db: /nvme/jinghuan/node_40001/db, sst file: /nvme/jinghuan/node_40001/db/000138.sst, status: OK
I20230630 04:56:30.708549 1231923 event_listener.cc:127] [event_listener/table_file_deleted] db: /nvme/jinghuan/node_40001/db, sst file: /nvme/jinghuan/node_40001/db/000133.sst, status: OK
I20230630 04:56:30.716674 1231923 event_listener.cc:127] [event_listener/table_file_deleted] db: /nvme/jinghuan/node_40001/db, sst file: /nvme/jinghuan/node_40001/db/000130.sst, status: OK
I20230630 04:56:30.723964 1231923 event_listener.cc:127] [event_listener/table_file_deleted] db: /nvme/jinghuan/node_40001/db, sst file: /nvme/jinghuan/node_40001/db/000127.sst, status: OK
I20230630 04:56:30.731073 1231923 event_listener.cc:127] [event_listener/table_file_deleted] db: /nvme/jinghuan/node_40001/db, sst file: /nvme/jinghuan/node_40001/db/000123.sst, status: OK
I20230630 04:56:30.731117 1232150 slot_migrate_compact_and_merge.cc:28] [compact-and-merge] db pause finished
I20230630 04:56:30.731156 1232150 slot_migrate_compact_and_merge.cc:40] Prefix extracted, time taken (us): 2
I20230630 04:56:30.731247 1232150 slot_migrate_compact_and_merge.cc:59] Meta file located, time taken(us): 2
I20230630 04:56:30.731256 1232150 slot_migrate_compact_and_merge.cc:70] Subkey file located, time taken(us): 3
I20230630 04:56:30.731261 1232150 slot_migrate_compact_and_merge.cc:81] Meta file list: [000151.sst,000135.sst,000119.sst,000100.sst,000090.sst]
I20230630 04:56:30.731266 1232150 slot_migrate_compact_and_merge.cc:90] Subkey file list: [000160.sst,000157.sst,000154.sst,000152.sst,000139.sst,000124.sst,000106.sst,000093.sst,000078.sst,000063.sst,000047.sst,000044.sst,000032.sst]
I20230630 04:56:33.039577 1232150 event_listener.cc:138] [event_listener/table_file_created] column family: metadata, file path: /nvme/jinghuan/node_40001/db/000162.sst, file size: 83622498, job id: 85, reason: compaction, status: OK
I20230630 04:56:33.056463 1232150 event_listener.cc:127] [event_listener/table_file_deleted] db: /nvme/jinghuan/node_40001/db, sst file: /nvme/jinghuan/node_40001/db/000151.sst, status: OK
I20230630 04:56:33.059010 1232150 event_listener.cc:127] [event_listener/table_file_deleted] db: /nvme/jinghuan/node_40001/db, sst file: /nvme/jinghuan/node_40001/db/000135.sst, status: OK
I20230630 04:56:33.061273 1232150 event_listener.cc:127] [event_listener/table_file_deleted] db: /nvme/jinghuan/node_40001/db, sst file: /nvme/jinghuan/node_40001/db/000119.sst, status: OK
I20230630 04:56:33.063659 1232150 event_listener.cc:127] [event_listener/table_file_deleted] db: /nvme/jinghuan/node_40001/db, sst file: /nvme/jinghuan/node_40001/db/000100.sst, status: OK
I20230630 04:56:33.070847 1232150 event_listener.cc:127] [event_listener/table_file_deleted] db: /nvme/jinghuan/node_40001/db, sst file: /nvme/jinghuan/node_40001/db/000090.sst, status: OK
I20230630 04:56:33.070873 1232150 slot_migrate_compact_and_merge.cc:97] Meta file compacted, time taken(us): 2339612
W20230630 04:56:34.308641 1232151 event_listener.cc:132] [event_listener/stall_cond_changed] column family: default write stall condition was changed, from normal to delay
I20230630 04:57:24.464804 1232150 event_listener.cc:138] [event_listener/table_file_created] column family: default, file path: /nvme/jinghuan/node_40001/db/000164.sst, file size: 3075094061, job id: 86, reason: compaction, status: OK
I20230630 04:57:24.634331 1232150 event_listener.cc:127] [event_listener/table_file_deleted] db: /nvme/jinghuan/node_40001/db, sst file: /nvme/jinghuan/node_40001/db/000160.sst, status: OK
I20230630 04:57:24.642979 1232150 event_listener.cc:127] [event_listener/table_file_deleted] db: /nvme/jinghuan/node_40001/db, sst file: /nvme/jinghuan/node_40001/db/000157.sst, status: OK
I20230630 04:57:24.651680 1232150 event_listener.cc:127] [event_listener/table_file_deleted] db: /nvme/jinghuan/node_40001/db, sst file: /nvme/jinghuan/node_40001/db/000154.sst, status: OK
I20230630 04:57:24.685564 1232150 event_listener.cc:127] [event_listener/table_file_deleted] db: /nvme/jinghuan/node_40001/db, sst file: /nvme/jinghuan/node_40001/db/000152.sst, status: OK
I20230630 04:57:24.717332 1232150 event_listener.cc:127] [event_listener/table_file_deleted] db: /nvme/jinghuan/node_40001/db, sst file: /nvme/jinghuan/node_40001/db/000139.sst, status: OK
I20230630 04:57:24.748572 1232150 event_listener.cc:127] [event_listener/table_file_deleted] db: /nvme/jinghuan/node_40001/db, sst file: /nvme/jinghuan/node_40001/db/000124.sst, status: OK
I20230630 04:57:24.781584 1232150 event_listener.cc:127] [event_listener/table_file_deleted] db: /nvme/jinghuan/node_40001/db, sst file: /nvme/jinghuan/node_40001/db/000106.sst, status: OK
I20230630 04:57:24.815809 1232150 event_listener.cc:127] [event_listener/table_file_deleted] db: /nvme/jinghuan/node_40001/db, sst file: /nvme/jinghuan/node_40001/db/000093.sst, status: OK
I20230630 04:57:24.851428 1232150 event_listener.cc:127] [event_listener/table_file_deleted] db: /nvme/jinghuan/node_40001/db, sst file: /nvme/jinghuan/node_40001/db/000078.sst, status: OK
I20230630 04:57:24.885001 1232150 event_listener.cc:127] [event_listener/table_file_deleted] db: /nvme/jinghuan/node_40001/db, sst file: /nvme/jinghuan/node_40001/db/000063.sst, status: OK
I20230630 04:57:24.888290 1232150 event_listener.cc:127] [event_listener/table_file_deleted] db: /nvme/jinghuan/node_40001/db, sst file: /nvme/jinghuan/node_40001/db/000057.sst, status: OK
I20230630 04:57:24.916195 1232150 event_listener.cc:127] [event_listener/table_file_deleted] db: /nvme/jinghuan/node_40001/db, sst file: /nvme/jinghuan/node_40001/db/000047.sst, status: OK
I20230630 04:57:24.927613 1232150 event_listener.cc:127] [event_listener/table_file_deleted] db: /nvme/jinghuan/node_40001/db, sst file: /nvme/jinghuan/node_40001/db/000044.sst, status: OK
I20230630 04:57:24.939963 1232150 event_listener.cc:127] [event_listener/table_file_deleted] db: /nvme/jinghuan/node_40001/db, sst file: /nvme/jinghuan/node_40001/db/000032.sst, status: OK
I20230630 04:57:24.940014 1232150 slot_migrate_compact_and_merge.cc:108] Subkey file compacted, time taken(us): 51869135
I20230630 04:57:25.486711 1232150 slot_migrate_compact_and_merge.cc:120] Meta file filtered, time taken(us): 546683
I20230630 04:57:33.171007 1232150 slot_migrate_compact_and_merge.cc:130] Subkey file filtered, time taken(us): 7684250
I20230630 04:57:33.171065 1232150 slot_migrate_compact_and_merge.cc:139] Meta filtered file list: [/nvme/jinghuan/node_40001/db/000162.sst.out]
I20230630 04:57:33.171074 1232150 slot_migrate_compact_and_merge.cc:148] Subkey filtered file list: [/nvme/jinghuan/node_40001/db/000164.sst.out]
I20230630 04:57:33.171092 1232150 slot_migrate_compact_and_merge.cc:290] CF metadata SST(s) waiting for ingestion: /nvme/jinghuan/node_40001/db/nvme/jinghuan/node_40001/db/000162.sst.out
I20230630 04:57:33.171108 1232150 slot_migrate_compact_and_merge.cc:360] redis-cli -h 127.0.0.1 -p 40002 sst_ingest local metadata /nvme/jinghuan/node_40001/db/000162.sst.out kvrockskvrockskvrockskvrockskvrocksnode2 slow 0
I20230630 04:57:33.786975 1232150 slot_migrate_compact_and_merge.cc:367] File ingestion on column family [metadata] finished, time taken(us): 615863
I20230630 04:57:33.787050 1232150 slot_migrate_compact_and_merge.cc:333] File ingested into target server, time taken(us): 615949
I20230630 04:57:33.787078 1232150 slot_migrate_compact_and_merge.cc:156] Meta file copy and ingested
I20230630 04:57:33.787106 1232150 slot_migrate_compact_and_merge.cc:290] CF default SST(s) waiting for ingestion: /nvme/jinghuan/node_40001/db/nvme/jinghuan/node_40001/db/000164.sst.out
I20230630 04:57:33.787137 1232150 slot_migrate_compact_and_merge.cc:360] redis-cli -h 127.0.0.1 -p 40002 sst_ingest local default /nvme/jinghuan/node_40001/db/000164.sst.out kvrockskvrockskvrockskvrockskvrocksnode2 slow 0
I20230630 04:57:36.512425 1232150 slot_migrate_compact_and_merge.cc:367] File ingestion on column family [default] finished, time taken(us): 2725289
I20230630 04:57:36.512501 1232150 slot_migrate_compact_and_merge.cc:333] File ingested into target server, time taken(us): 2725377
I20230630 04:57:36.512521 1232150 slot_migrate_compact_and_merge.cc:163] Subkey file copy and ingested
I20230630 04:57:36.512745 1232150 slot_migrate.cc:209] Finished sending snapshot, time taken(us): 75166828, seek time taken(us): 0, network response time taken(us): 0
I20230630 04:57:36.519694 1231925 event_listener.cc:84] [event_listener/flush_begin] column family: default, thread_id: 1231925, job_id: 87, reason: 6
I20230630 04:57:36.519722 1231924 event_listener.cc:84] [event_listener/flush_begin] column family: metadata, thread_id: 1231924, job_id: 88, reason: 13
I20230630 04:57:36.977437 1232150 slot_migrate.cc:1022] [migrate] Migrate incremental data an epoch OK, seq from 26147340, to 28338749
I20230630 04:57:36.978199 1232150 slot_migrate.cc:1050] [migrate] Incremental data sequence: 0, less than limit: 10000, go to set forbidden slot
I20230630 04:57:36.978266 1232150 slot_migrate.cc:1074] [migrate] Succeed to migrate incremental data before setting forbidden slot, end epoch: 1
I20230630 04:57:36.978282 1232150 slot_migrate.cc:932] [migrate] Setting forbidden slot 0
I20230630 04:57:37.248823 1231924 event_listener.cc:138] [event_listener/table_file_created] column family: metadata, file path: /nvme/jinghuan/node_40001/db/000169.sst, file size: 19235694, job id: 88, reason: flush, status: OK
I20230630 04:57:37.255414 1231924 event_listener.cc:91] [event_listener/flush_completed] column family: metadata, thread_id: 1231924, job_id: 88, file: /nvme/jinghuan/node_40001/db/000169.sst, reason: 13, is_write_slowdown: no, is_write_stall: no, largest seqno: 28335933, smallest seqno: 25181672
I20230630 04:57:39.548214 1231925 event_listener.cc:138] [event_listener/table_file_created] column family: default, file path: /nvme/jinghuan/node_40001/db/000168.sst, file size: 171618387, job id: 87, reason: flush, status: OK
I20230630 04:57:39.559319 1231925 event_listener.cc:91] [event_listener/flush_completed] column family: default, thread_id: 1231925, job_id: 87, file: /nvme/jinghuan/node_40001/db/000168.sst, reason: 6, is_write_slowdown: no, is_write_stall: no, largest seqno: 28338748, smallest seqno: 26856808
W20230630 04:57:39.559455 1231925 event_listener.cc:132] [event_listener/stall_cond_changed] column family: default write stall condition was changed, from stop to normal
W20230630 04:57:39.559753 1232156 event_listener.cc:132] [event_listener/stall_cond_changed] column family: default write stall condition was changed, from delay to stop
I20230630 04:57:39.560114 1232150 slot_migrate.cc:940] [migrate] To set forbidden slot, server was blocked for 2581811us
I20230630 04:57:39.591610 1232150 slot_migrate.cc:1022] [migrate] Migrate incremental data an epoch OK, seq from 28338749, to 28338826
I20230630 04:57:39.591662 1232150 slot_migrate.cc:903] [migrate] No commands to send
I20230630 04:57:39.591689 1232150 slot_migrate.cc:225] [migrate] Succeed to sync from WAL for a slot 0
I20230630 04:57:39.592134 1232150 slot_migrate.cc:237] [migrate] Succeed to migrate slot 0
I20230630 04:57:39.592159 1232150 slot_migrate.cc:438] [migrate] Clean resources of migrating slot 0
E20230630 04:57:39.689378 1232153 redis_connection.cc:103] [connection] Going to remove the client: , while encounter error: Broken pipe
E20230630 04:57:39.689532 1232153 redis_connection.cc:103] [connection] Going to remove the client: , while encounter error: Broken pipe
E20230630 04:57:39.689551 1232153 redis_connection.cc:103] [connection] Going to remove the client: , while encounter error: Broken pipe
E20230630 04:57:39.689565 1232153 redis_connection.cc:103] [connection] Going to remove the client: , while encounter error: Broken pipe
E20230630 04:57:39.689575 1232153 redis_connection.cc:103] [connection] Going to remove the client: , while encounter error: Broken pipe
E20230630 04:57:39.689585 1232153 redis_connection.cc:103] [connection] Going to remove the client: , while encounter error: Broken pipe
E20230630 04:57:39.689596 1232153 redis_connection.cc:103] [connection] Going to remove the client: , while encounter error: Broken pipe
E20230630 04:57:39.689610 1232153 redis_connection.cc:103] [connection] Going to remove the client: , while encounter error: Broken pipe
E20230630 04:57:39.689620 1232153 redis_connection.cc:103] [connection] Going to remove the client: , while encounter error: Broken pipe
E20230630 04:57:39.693322 1232152 redis_connection.cc:103] [connection] Going to remove the client: , while encounter error: Broken pipe
E20230630 04:57:39.693346 1232153 redis_connection.cc:103] [connection] Going to remove the client: , while encounter error: Broken pipe
E20230630 04:57:39.693362 1232152 redis_connection.cc:103] [connection] Going to remove the client: , while encounter error: Broken pipe
E20230630 04:57:39.693387 1232152 redis_connection.cc:103] [connection] Going to remove the client: , while encounter error: Broken pipe
E20230630 04:57:39.693374 1232153 redis_connection.cc:103] [connection] Going to remove the client: , while encounter error: Broken pipe
E20230630 04:57:39.693409 1232152 redis_connection.cc:103] [connection] Going to remove the client: , while encounter error: Broken pipe
E20230630 04:57:39.693415 1232153 redis_connection.cc:103] [connection] Going to remove the client: , while encounter error: Broken pipe
E20230630 04:57:39.693428 1232153 redis_connection.cc:103] [connection] Going to remove the client: , while encounter error: Broken pipe
E20230630 04:57:39.693439 1232153 redis_connection.cc:103] [connection] Going to remove the client: , while encounter error: Broken pipe
E20230630 04:57:39.693420 1232152 redis_connection.cc:103] [connection] Going to remove the client: , while encounter error: Broken pipe
E20230630 04:57:39.693450 1232153 redis_connection.cc:103] [connection] Going to remove the client: , while encounter error: Broken pipe
E20230630 04:57:39.693461 1232152 redis_connection.cc:103] [connection] Going to remove the client: , while encounter error: Broken pipe
E20230630 04:57:39.693471 1232153 redis_connection.cc:103] [connection] Going to remove the client: , while encounter error: Broken pipe
E20230630 04:57:39.693485 1232152 redis_connection.cc:103] [connection] Going to remove the client: , while encounter error: Broken pipe
E20230630 04:57:39.693500 1232152 redis_connection.cc:103] [connection] Going to remove the client: , while encounter error: Broken pipe
E20230630 04:57:39.693511 1232152 redis_connection.cc:103] [connection] Going to remove the client: , while encounter error: Broken pipe
E20230630 04:57:39.693521 1232152 redis_connection.cc:103] [connection] Going to remove the client: , while encounter error: Broken pipe
E20230630 04:57:39.693550 1232153 redis_connection.cc:103] [connection] Going to remove the client: , while encounter error: Broken pipe
E20230630 04:57:39.693563 1232153 redis_connection.cc:103] [connection] Going to remove the client: , while encounter error: Broken pipe
E20230630 04:57:39.693574 1232153 redis_connection.cc:103] [connection] Going to remove the client: , while encounter error: Broken pipe
E20230630 04:57:39.693583 1232152 redis_connection.cc:103] [connection] Going to remove the client: , while encounter error: Broken pipe
E20230630 04:57:39.693593 1232153 redis_connection.cc:103] [connection] Going to remove the client: , while encounter error: Broken pipe
E20230630 04:57:39.693605 1232152 redis_connection.cc:103] [connection] Going to remove the client: , while encounter error: Broken pipe
E20230630 04:57:39.693617 1232153 redis_connection.cc:103] [connection] Going to remove the client: , while encounter error: Broken pipe
E20230630 04:57:39.693629 1232152 redis_connection.cc:103] [connection] Going to remove the client: , while encounter error: Broken pipe
E20230630 04:57:39.693636 1232153 redis_connection.cc:103] [connection] Going to remove the client: , while encounter error: Broken pipe
E20230630 04:57:39.693647 1232152 redis_connection.cc:103] [connection] Going to remove the client: , while encounter error: Broken pipe
E20230630 04:57:39.693663 1232153 redis_connection.cc:103] [connection] Going to remove the client: , while encounter error: Broken pipe
E20230630 04:57:39.693665 1232152 redis_connection.cc:103] [connection] Going to remove the client: , while encounter error: Broken pipe
E20230630 04:57:39.693684 1232152 redis_connection.cc:103] [connection] Going to remove the client: , while encounter error: Broken pipe
E20230630 04:57:39.693693 1232152 redis_connection.cc:103] [connection] Going to remove the client: , while encounter error: Broken pipe
E20230630 04:57:39.693701 1232152 redis_connection.cc:103] [connection] Going to remove the client: , while encounter error: Broken pipe
E20230630 04:57:39.693711 1232152 redis_connection.cc:103] [connection] Going to remove the client: , while encounter error: Broken pipe
E20230630 04:57:39.693722 1232152 redis_connection.cc:103] [connection] Going to remove the client: , while encounter error: Broken pipe
E20230630 04:57:39.693730 1232152 redis_connection.cc:103] [connection] Going to remove the client: , while encounter error: Broken pipe
E20230630 04:57:39.693739 1232152 redis_connection.cc:103] [connection] Going to remove the client: , while encounter error: Broken pipe
E20230630 04:57:39.693747 1232152 redis_connection.cc:103] [connection] Going to remove the client: , while encounter error: Broken pipe
E20230630 04:57:39.693756 1232152 redis_connection.cc:103] [connection] Going to remove the client: , while encounter error: Broken pipe
E20230630 04:57:39.693765 1232152 redis_connection.cc:103] [connection] Going to remove the client: , while encounter error: Broken pipe
E20230630 04:57:39.693782 1232152 redis_connection.cc:103] [connection] Going to remove the client: , while encounter error: Broken pipe
E20230630 04:57:39.693791 1232152 redis_connection.cc:103] [connection] Going to remove the client: , while encounter error: Broken pipe
E20230630 04:57:39.694093 1232158 redis_connection.cc:103] [connection] Going to remove the client: , while encounter error: Broken pipe
E20230630 04:57:39.694124 1232158 redis_connection.cc:103] [connection] Going to remove the client: , while encounter error: Broken pipe
E20230630 04:57:39.694133 1232158 redis_connection.cc:103] [connection] Going to remove the client: , while encounter error: Broken pipe
E20230630 04:57:39.694147 1232158 redis_connection.cc:103] [connection] Going to remove the client: , while encounter error: Broken pipe
E20230630 04:57:39.694159 1232158 redis_connection.cc:103] [connection] Going to remove the client: , while encounter error: Broken pipe
E20230630 04:57:39.694171 1232158 redis_connection.cc:103] [connection] Going to remove the client: , while encounter error: Broken pipe
E20230630 04:57:39.694190 1232158 redis_connection.cc:103] [connection] Going to remove the client: , while encounter error: Broken pipe
E20230630 04:57:39.694201 1232158 redis_connection.cc:103] [connection] Going to remove the client: , while encounter error: Broken pipe
E20230630 04:57:39.694233 1232155 redis_connection.cc:103] [connection] Going to remove the client: , while encounter error: Broken pipe
E20230630 04:57:39.694258 1232158 redis_connection.cc:103] [connection] Going to remove the client: , while encounter error: Broken pipe
E20230630 04:57:39.694270 1232155 redis_connection.cc:103] [connection] Going to remove the client: , while encounter error: Broken pipe
E20230630 04:57:39.694283 1232158 redis_connection.cc:103] [connection] Going to remove the client: , while encounter error: Broken pipe
E20230630 04:57:39.694300 1232155 redis_connection.cc:103] [connection] Going to remove the client: , while encounter error: Broken pipe
E20230630 04:57:39.694305 1232158 redis_connection.cc:103] [connection] Going to remove the client: , while encounter error: Broken pipe
E20230630 04:57:39.694319 1232158 redis_connection.cc:103] [connection] Going to remove the client: , while encounter error: Broken pipe
E20230630 04:57:39.694324 1232155 redis_connection.cc:103] [connection] Going to remove the client: , while encounter error: Broken pipe
E20230630 04:57:39.694327 1232158 redis_connection.cc:103] [connection] Going to remove the client: , while encounter error: Broken pipe
E20230630 04:57:39.694335 1232155 redis_connection.cc:103] [connection] Going to remove the client: , while encounter error: Broken pipe
E20230630 04:57:39.694348 1232158 redis_connection.cc:103] [connection] Going to remove the client: , while encounter error: Broken pipe
E20230630 04:57:39.694360 1232155 redis_connection.cc:103] [connection] Going to remove the client: , while encounter error: Broken pipe
E20230630 04:57:39.694360 1232158 redis_connection.cc:103] [connection] Going to remove the client: , while encounter error: Broken pipe
E20230630 04:57:39.694379 1232155 redis_connection.cc:103] [connection] Going to remove the client: , while encounter error: Broken pipe
E20230630 04:57:39.694379 1232158 redis_connection.cc:103] [connection] Going to remove the client: , while encounter error: Broken pipe
E20230630 04:57:39.694391 1232155 redis_connection.cc:103] [connection] Going to remove the client: , while encounter error: Broken pipe
E20230630 04:57:39.694401 1232158 redis_connection.cc:103] [connection] Going to remove the client: , while encounter error: Broken pipe
E20230630 04:57:39.694411 1232155 redis_connection.cc:103] [connection] Going to remove the client: , while encounter error: Broken pipe
E20230630 04:57:39.694417 1232158 redis_connection.cc:103] [connection] Going to remove the client: , while encounter error: Broken pipe
E20230630 04:57:39.694434 1232158 redis_connection.cc:103] [connection] Going to remove the client: , while encounter error: Broken pipe
E20230630 04:57:39.694442 1232158 redis_connection.cc:103] [connection] Going to remove the client: , while encounter error: Broken pipe
E20230630 04:57:39.694454 1232158 redis_connection.cc:103] [connection] Going to remove the client: , while encounter error: Broken pipe
E20230630 04:57:39.694463 1232158 redis_connection.cc:103] [connection] Going to remove the client: , while encounter error: Broken pipe
E20230630 04:57:39.694474 1232154 redis_connection.cc:103] [connection] Going to remove the client: , while encounter error: Broken pipe
E20230630 04:57:39.694486 1232155 redis_connection.cc:103] [connection] Going to remove the client: , while encounter error: Broken pipe
E20230630 04:57:39.694506 1232154 redis_connection.cc:103] [connection] Going to remove the client: , while encounter error: Broken pipe
E20230630 04:57:39.694525 1232155 redis_connection.cc:103] [connection] Going to remove the client: , while encounter error: Broken pipe
E20230630 04:57:39.694527 1232154 redis_connection.cc:103] [connection] Going to remove the client: , while encounter error: Broken pipe
E20230630 04:57:39.694535 1232155 redis_connection.cc:103] [connection] Going to remove the client: , while encounter error: Broken pipe
E20230630 04:57:39.694551 1232154 redis_connection.cc:103] [connection] Going to remove the client: , while encounter error: Broken pipe
E20230630 04:57:39.694557 1232155 redis_connection.cc:103] [connection] Going to remove the client: , while encounter error: Broken pipe
E20230630 04:57:39.694572 1232154 redis_connection.cc:103] [connection] Going to remove the client: , while encounter error: Broken pipe
E20230630 04:57:39.694576 1232155 redis_connection.cc:103] [connection] Going to remove the client: , while encounter error: Broken pipe
E20230630 04:57:39.694586 1232154 redis_connection.cc:103] [connection] Going to remove the client: , while encounter error: Broken pipe
E20230630 04:57:39.694597 1232155 redis_connection.cc:103] [connection] Going to remove the client: , while encounter error: Broken pipe
E20230630 04:57:39.694605 1232154 redis_connection.cc:103] [connection] Going to remove the client: , while encounter error: Broken pipe
E20230630 04:57:39.694614 1232155 redis_connection.cc:103] [connection] Going to remove the client: , while encounter error: Broken pipe
E20230630 04:57:39.694628 1232154 redis_connection.cc:103] [connection] Going to remove the client: , while encounter error: Broken pipe
E20230630 04:57:39.694633 1232155 redis_connection.cc:103] [connection] Going to remove the client: , while encounter error: Broken pipe
E20230630 04:57:39.694643 1232154 redis_connection.cc:103] [connection] Going to remove the client: , while encounter error: Broken pipe
E20230630 04:57:39.694645 1232155 redis_connection.cc:103] [connection] Going to remove the client: , while encounter error: Broken pipe
E20230630 04:57:39.694665 1232155 redis_connection.cc:103] [connection] Going to remove the client: , while encounter error: Broken pipe
E20230630 04:57:39.694674 1232155 redis_connection.cc:103] [connection] Going to remove the client: , while encounter error: Broken pipe
E20230630 04:57:39.694687 1232155 redis_connection.cc:103] [connection] Going to remove the client: , while encounter error: Broken pipe
E20230630 04:57:39.694710 1232154 redis_connection.cc:103] [connection] Going to remove the client: , while encounter error: Broken pipe
E20230630 04:57:39.694722 1232154 redis_connection.cc:103] [connection] Going to remove the client: , while encounter error: Broken pipe
E20230630 04:57:39.694730 1232154 redis_connection.cc:103] [connection] Going to remove the client: , while encounter error: Broken pipe
E20230630 04:57:39.694738 1232154 redis_connection.cc:103] [connection] Going to remove the client: , while encounter error: Broken pipe
E20230630 04:57:39.694747 1232154 redis_connection.cc:103] [connection] Going to remove the client: , while encounter error: Broken pipe
E20230630 04:57:39.694757 1232154 redis_connection.cc:103] [connection] Going to remove the client: , while encounter error: Broken pipe
E20230630 04:57:39.694765 1232154 redis_connection.cc:103] [connection] Going to remove the client: , while encounter error: Broken pipe
E20230630 04:57:39.694774 1232154 redis_connection.cc:103] [connection] Going to remove the client: , while encounter error: Broken pipe
E20230630 04:57:39.694782 1232154 redis_connection.cc:103] [connection] Going to remove the client: , while encounter error: Broken pipe
E20230630 04:57:39.694790 1232154 redis_connection.cc:103] [connection] Going to remove the client: , while encounter error: Broken pipe
E20230630 04:57:39.694798 1232154 redis_connection.cc:103] [connection] Going to remove the client: , while encounter error: Broken pipe
E20230630 04:57:39.694808 1232154 redis_connection.cc:103] [connection] Going to remove the client: , while encounter error: Broken pipe
E20230630 04:57:39.694816 1232154 redis_connection.cc:103] [connection] Going to remove the client: , while encounter error: Broken pipe
E20230630 04:57:39.694824 1232154 redis_connection.cc:103] [connection] Going to remove the client: , while encounter error: Broken pipe
E20230630 04:57:39.694835 1232154 redis_connection.cc:103] [connection] Going to remove the client: , while encounter error: Broken pipe
E20230630 04:57:39.694847 1232154 redis_connection.cc:103] [connection] Going to remove the client: , while encounter error: Broken pipe
E20230630 04:57:39.694855 1232154 redis_connection.cc:103] [connection] Going to remove the client: , while encounter error: Broken pipe
E20230630 04:57:39.694866 1232154 redis_connection.cc:103] [connection] Going to remove the client: , while encounter error: Broken pipe
E20230630 04:57:39.695077 1232157 redis_connection.cc:103] [connection] Going to remove the client: , while encounter error: Broken pipe
E20230630 04:57:39.695133 1232157 redis_connection.cc:103] [connection] Going to remove the client: , while encounter error: Broken pipe
E20230630 04:57:39.695164 1232157 redis_connection.cc:103] [connection] Going to remove the client: , while encounter error: Broken pipe
E20230630 04:57:39.695184 1232157 redis_connection.cc:103] [connection] Going to remove the client: , while encounter error: Broken pipe
E20230630 04:57:39.695282 1232157 redis_connection.cc:103] [connection] Going to remove the client: , while encounter error: Broken pipe
E20230630 04:57:39.695300 1232157 redis_connection.cc:103] [connection] Going to remove the client: , while encounter error: Broken pipe
E20230630 04:57:39.695319 1232157 redis_connection.cc:103] [connection] Going to remove the client: , while encounter error: Broken pipe
E20230630 04:57:39.695335 1232157 redis_connection.cc:103] [connection] Going to remove the client: , while encounter error: Broken pipe
E20230630 04:57:39.695349 1232157 redis_connection.cc:103] [connection] Going to remove the client: , while encounter error: Broken pipe
E20230630 04:57:39.695362 1232157 redis_connection.cc:103] [connection] Going to remove the client: , while encounter error: Broken pipe
E20230630 04:57:39.695379 1232157 redis_connection.cc:103] [connection] Going to remove the client: , while encounter error: Broken pipe
E20230630 04:57:39.695394 1232157 redis_connection.cc:103] [connection] Going to remove the client: , while encounter error: Broken pipe
E20230630 04:57:39.695406 1232157 redis_connection.cc:103] [connection] Going to remove the client: , while encounter error: Broken pipe
E20230630 04:57:39.695418 1232157 redis_connection.cc:103] [connection] Going to remove the client: , while encounter error: Broken pipe
E20230630 04:57:39.695431 1232157 redis_connection.cc:103] [connection] Going to remove the client: , while encounter error: Broken pipe
E20230630 04:57:39.695459 1232157 redis_connection.cc:103] [connection] Going to remove the client: , while encounter error: Broken pipe
E20230630 04:57:39.695483 1232157 redis_connection.cc:103] [connection] Going to remove the client: , while encounter error: Broken pipe
E20230630 04:57:39.696080 1232151 redis_connection.cc:103] [connection] Going to remove the client: , while encounter error: Broken pipe
E20230630 04:57:39.696122 1232151 redis_connection.cc:103] [connection] Going to remove the client: , while encounter error: Broken pipe
E20230630 04:57:39.699621 1232151 redis_connection.cc:103] [connection] Going to remove the client: , while encounter error: Broken pipe
E20230630 04:57:39.699651 1232151 redis_connection.cc:103] [connection] Going to remove the client: , while encounter error: Broken pipe
E20230630 04:57:39.699661 1232151 redis_connection.cc:103] [connection] Going to remove the client: , while encounter error: Broken pipe
E20230630 04:57:39.699671 1232151 redis_connection.cc:103] [connection] Going to remove the client: , while encounter error: Broken pipe
E20230630 04:57:39.699679 1232151 redis_connection.cc:103] [connection] Going to remove the client: , while encounter error: Broken pipe
E20230630 04:57:39.699695 1232151 redis_connection.cc:103] [connection] Going to remove the client: , while encounter error: Broken pipe
E20230630 04:57:39.699708 1232151 redis_connection.cc:103] [connection] Going to remove the client: , while encounter error: Broken pipe
E20230630 04:57:39.699726 1232151 redis_connection.cc:103] [connection] Going to remove the client: , while encounter error: Broken pipe
E20230630 04:57:39.699738 1232151 redis_connection.cc:103] [connection] Going to remove the client: , while encounter error: Broken pipe
E20230630 04:57:39.699746 1232151 redis_connection.cc:103] [connection] Going to remove the client: , while encounter error: Broken pipe
E20230630 04:57:39.699765 1232151 redis_connection.cc:103] [connection] Going to remove the client: , while encounter error: Broken pipe
E20230630 04:57:39.699775 1232151 redis_connection.cc:103] [connection] Going to remove the client: , while encounter error: Broken pipe
E20230630 04:57:39.699790 1232151 redis_connection.cc:103] [connection] Going to remove the client: , while encounter error: Broken pipe
E20230630 04:57:39.699798 1232151 redis_connection.cc:103] [connection] Going to remove the client: , while encounter error: Broken pipe
E20230630 04:57:39.699867 1232151 redis_connection.cc:103] [connection] Going to remove the client: , while encounter error: Broken pipe
E20230630 04:57:39.699875 1232151 redis_connection.cc:103] [connection] Going to remove the client: , while encounter error: Broken pipe
E20230630 04:57:39.699887 1232151 redis_connection.cc:103] [connection] Going to remove the client: , while encounter error: Broken pipe
E20230630 04:57:39.699903 1232151 redis_connection.cc:103] [connection] Going to remove the client: , while encounter error: Broken pipe
E20230630 04:57:39.699913 1232151 redis_connection.cc:103] [connection] Going to remove the client: , while encounter error: Broken pipe
E20230630 04:57:39.699923 1232151 redis_connection.cc:103] [connection] Going to remove the client: , while encounter error: Broken pipe
E20230630 04:57:39.703872 1232156 redis_connection.cc:103] [connection] Going to remove the client: , while encounter error: Broken pipe
E20230630 04:57:39.703910 1232156 redis_connection.cc:103] [connection] Going to remove the client: , while encounter error: Broken pipe
E20230630 04:57:39.703925 1232156 redis_connection.cc:103] [connection] Going to remove the client: , while encounter error: Broken pipe
