Log file created at: 2023/06/30 04:53:43
Running on machine: en4217754l
Running duration (h:mm:ss): 0:00:00
Log line format: [IWEF]yyyymmdd hh:mm:ss.uuuuuu threadid file:line] msg
I20230630 04:53:43.862879 1231928 main.cc:328] kvrocks unstable (commit 4a10c89)
I20230630 04:53:44.392313 1231928 storage.cc:322] [storage] Success to load the data from disk: 109 ms
I20230630 04:53:44.392685 1231928 worker.cc:72] [worker] Listening on: 10.218.109.65:40002
I20230630 04:53:44.392704 1231928 worker.cc:72] [worker] Listening on: 127.0.0.1:40002
I20230630 04:53:44.392844 1231928 worker.cc:72] [worker] Listening on: 10.218.109.65:40002
I20230630 04:53:44.392858 1231928 worker.cc:72] [worker] Listening on: 127.0.0.1:40002
I20230630 04:53:44.392961 1231928 worker.cc:72] [worker] Listening on: 10.218.109.65:40002
I20230630 04:53:44.392975 1231928 worker.cc:72] [worker] Listening on: 127.0.0.1:40002
I20230630 04:53:44.393081 1231928 worker.cc:72] [worker] Listening on: 10.218.109.65:40002
I20230630 04:53:44.393093 1231928 worker.cc:72] [worker] Listening on: 127.0.0.1:40002
I20230630 04:53:44.393187 1231928 worker.cc:72] [worker] Listening on: 10.218.109.65:40002
I20230630 04:53:44.393199 1231928 worker.cc:72] [worker] Listening on: 127.0.0.1:40002
I20230630 04:53:44.393290 1231928 worker.cc:72] [worker] Listening on: 10.218.109.65:40002
I20230630 04:53:44.393301 1231928 worker.cc:72] [worker] Listening on: 127.0.0.1:40002
I20230630 04:53:44.393393 1231928 worker.cc:72] [worker] Listening on: 10.218.109.65:40002
I20230630 04:53:44.393404 1231928 worker.cc:72] [worker] Listening on: 127.0.0.1:40002
I20230630 04:53:44.393494 1231928 worker.cc:72] [worker] Listening on: 10.218.109.65:40002
I20230630 04:53:44.393507 1231928 worker.cc:72] [worker] Listening on: 127.0.0.1:40002
W20230630 04:53:44.393590 1231928 server.cc:1650] [server] Increased maximum number of open files to 14224 (it's originally set to 1024)
I20230630 04:53:44.393728 1231928 cluster.cc:643] The cluster nodes file /nvme/jinghuan/node_40002/nodes.conf is not found. Use CLUSTERX subcommands to specify it.
I20230630 04:53:44.393743 1231928 cluster.cc:643] The cluster nodes file /nvme/jinghuan/node_40002/nodes.conf is not found. Use CLUSTERX subcommands to specify it.
I20230630 04:53:44.395936 1231928 worker.cc:519] [worker] Thread #139708659111680 started
I20230630 04:53:44.395970 1231928 worker.cc:519] [worker] Thread #139708667504384 started
I20230630 04:53:44.396009 1231928 worker.cc:519] [worker] Thread #139708970665728 started
I20230630 04:53:44.396049 1231928 worker.cc:519] [worker] Thread #139708962273024 started
I20230630 04:53:44.396092 1231928 worker.cc:519] [worker] Thread #139708953880320 started
I20230630 04:53:44.396128 1231928 worker.cc:519] [worker] Thread #139708945487616 started
I20230630 04:53:44.396167 1231928 worker.cc:519] [worker] Thread #139708937094912 started
I20230630 04:53:44.396204 1231928 worker.cc:519] [worker] Thread #139708919502592 started
I20230630 04:53:44.396327 1231928 server.cc:211] [server] Ready to accept connections
I20230630 04:56:21.205439 1232167 cluster.cc:286] MASTER MODE enabled by cluster topology setting
I20230630 04:56:21.210865 1232166 cluster.cc:286] MASTER MODE enabled by cluster topology setting
I20230630 04:56:21.345772 1232165 cluster.cc:387] [import] Start importing slot 0
I20230630 04:56:26.254292 1231935 event_listener.cc:84] [event_listener/flush_begin] column family: default, thread_id: 1231935, job_id: 3, reason: 6
W20230630 04:56:28.723567 1232171 event_listener.cc:132] [event_listener/stall_cond_changed] column family: default write stall condition was changed, from normal to delay
I20230630 04:56:29.183112 1231935 event_listener.cc:138] [event_listener/table_file_created] column family: default, file path: /nvme/jinghuan/node_40002/db/000016.sst, file size: 77409339, job id: 3, reason: flush, status: OK
I20230630 04:56:29.189899 1231935 event_listener.cc:91] [event_listener/flush_completed] column family: default, thread_id: 1231935, job_id: 3, file: /nvme/jinghuan/node_40002/db/000016.sst, reason: 6, is_write_slowdown: no, is_write_stall: no, largest seqno: 667723, smallest seqno: 3
W20230630 04:56:29.189962 1231935 event_listener.cc:132] [event_listener/stall_cond_changed] column family: default write stall condition was changed, from delay to normal
I20230630 04:56:31.072188 1231936 event_listener.cc:84] [event_listener/flush_begin] column family: default, thread_id: 1231936, job_id: 5, reason: 6
I20230630 04:56:32.780676 1231933 event_listener.cc:138] [event_listener/table_file_created] column family: default, file path: /nvme/jinghuan/node_40002/db/000018.sst, file size: 77409335, job id: 4, reason: compaction, status: OK
I20230630 04:56:32.799897 1231933 event_listener.cc:71] [event_listener/compaction_completed] column family: default, compaction reason: 11, output compression type: no, base input level(files): 0(1), output level(files): 0(1), input bytes: 77409339, output bytes:77409335, is_manual_compaction:no, elapsed(micro): 3590817
W20230630 04:56:33.194341 1232168 event_listener.cc:132] [event_listener/stall_cond_changed] column family: default write stall condition was changed, from normal to delay
I20230630 04:56:35.085667 1231936 event_listener.cc:138] [event_listener/table_file_created] column family: default, file path: /nvme/jinghuan/node_40002/db/000020.sst, file size: 77776083, job id: 5, reason: flush, status: OK
I20230630 04:56:35.099615 1231936 event_listener.cc:91] [event_listener/flush_completed] column family: default, thread_id: 1231936, job_id: 5, file: /nvme/jinghuan/node_40002/db/000020.sst, reason: 6, is_write_slowdown: no, is_write_stall: no, largest seqno: 1338613, smallest seqno: 667725
I20230630 04:56:35.109869 1231936 event_listener.cc:127] [event_listener/table_file_deleted] db: /nvme/jinghuan/node_40002/db, sst file: /nvme/jinghuan/node_40002/db/000016.sst, status: OK
W20230630 04:56:35.109899 1231936 event_listener.cc:132] [event_listener/stall_cond_changed] column family: default write stall condition was changed, from delay to normal
I20230630 04:56:35.524561 1231935 event_listener.cc:84] [event_listener/flush_begin] column family: default, thread_id: 1231935, job_id: 6, reason: 6
I20230630 04:56:38.243252 1231935 event_listener.cc:138] [event_listener/table_file_created] column family: default, file path: /nvme/jinghuan/node_40002/db/000023.sst, file size: 74869090, job id: 6, reason: flush, status: OK
I20230630 04:56:38.249529 1231935 event_listener.cc:91] [event_listener/flush_completed] column family: default, thread_id: 1231935, job_id: 6, file: /nvme/jinghuan/node_40002/db/000023.sst, reason: 6, is_write_slowdown: no, is_write_stall: no, largest seqno: 1984390, smallest seqno: 1338615
I20230630 04:57:33.176168 1232167 cmd_cluster.cc:350] Receive Ingest command:/nvme/jinghuan/node_40001/db/000162.sst.out
I20230630 04:57:33.176296 1232167 cmd_cluster.cc:354] Ingesting files from: local
I20230630 04:57:33.176318 1232167 cmd_cluster.cc:368] Ingesting files: /nvme/jinghuan/node_40001/db/000162.sst.out
I20230630 04:57:33.314450 1231936 event_listener.cc:84] [event_listener/flush_begin] column family: metadata, thread_id: 1231936, job_id: 7, reason: 3
I20230630 04:57:33.758193 1231936 event_listener.cc:138] [event_listener/table_file_created] column family: metadata, file path: /nvme/jinghuan/node_40002/db/000026.sst, file size: 13388235, job id: 7, reason: flush, status: OK
I20230630 04:57:33.764573 1231936 event_listener.cc:91] [event_listener/flush_completed] column family: metadata, thread_id: 1231936, job_id: 7, file: /nvme/jinghuan/node_40002/db/000026.sst, reason: 3, is_write_slowdown: no, is_write_stall: no, largest seqno: 2193677, smallest seqno: 1
I20230630 04:57:33.785795 1232167 cluster.cc:897] Ingestion completed, Time taken(us): 609427
I20230630 04:57:33.792071 1232171 cmd_cluster.cc:350] Receive Ingest command:/nvme/jinghuan/node_40001/db/000164.sst.out
I20230630 04:57:33.792110 1232171 cmd_cluster.cc:354] Ingesting files from: local
I20230630 04:57:33.792126 1232171 cmd_cluster.cc:368] Ingesting files: /nvme/jinghuan/node_40001/db/000164.sst.out
I20230630 04:57:35.618676 1231935 event_listener.cc:84] [event_listener/flush_begin] column family: default, thread_id: 1231935, job_id: 8, reason: 3
I20230630 04:57:36.444922 1231935 event_listener.cc:138] [event_listener/table_file_created] column family: default, file path: /nvme/jinghuan/node_40002/db/000028.sst, file size: 24273106, job id: 8, reason: flush, status: OK
I20230630 04:57:36.451505 1231935 event_listener.cc:91] [event_listener/flush_completed] column family: default, thread_id: 1231935, job_id: 8, file: /nvme/jinghuan/node_40002/db/000028.sst, reason: 3, is_write_slowdown: no, is_write_stall: no, largest seqno: 2193676, smallest seqno: 1984392
I20230630 04:57:36.511361 1232171 cluster.cc:897] Ingestion completed, Time taken(us): 2719211
I20230630 04:57:39.591890 1232165 cluster.cc:397] [import] Succeed to import slot 0
I20230630 04:57:41.761482 1231934 event_listener.cc:138] [event_listener/table_file_created] column family: default, file path: /nvme/jinghuan/node_40002/db/000029.sst, file size: 138641807, job id: 9, reason: compaction, status: OK
I20230630 04:57:47.055740 1231934 event_listener.cc:138] [event_listener/table_file_created] column family: default, file path: /nvme/jinghuan/node_40002/db/000030.sst, file size: 138700119, job id: 9, reason: compaction, status: OK
I20230630 04:57:47.593077 1231936 event_listener.cc:84] [event_listener/flush_begin] column family: default, thread_id: 1231936, job_id: 10, reason: 6
W20230630 04:57:49.603256 1232171 event_listener.cc:132] [event_listener/stall_cond_changed] column family: default write stall condition was changed, from normal to delay
I20230630 04:57:50.863561 1231933 event_listener.cc:138] [event_listener/table_file_created] column family: metadata, file path: /nvme/jinghuan/node_40002/db/000036.sst, file size: 13388308, job id: 11, reason: compaction, status: OK
I20230630 04:57:50.875265 1231933 event_listener.cc:71] [event_listener/compaction_completed] column family: metadata, compaction reason: 11, output compression type: no, base input level(files): 0(1), output level(files): 0(1), input bytes: 13388235, output bytes:13388308, is_manual_compaction:no, elapsed(micro): 1260309
I20230630 04:57:50.877516 1231933 event_listener.cc:127] [event_listener/table_file_deleted] db: /nvme/jinghuan/node_40002/db, sst file: /nvme/jinghuan/node_40002/db/000026.sst, status: OK
I20230630 04:57:51.762611 1231935 event_listener.cc:84] [event_listener/flush_begin] column family: default, thread_id: 1231935, job_id: 12, reason: 6
I20230630 04:57:54.068179 1231936 event_listener.cc:138] [event_listener/table_file_created] column family: default, file path: /nvme/jinghuan/node_40002/db/000034.sst, file size: 75894356, job id: 10, reason: flush, status: OK
I20230630 04:57:54.077327 1231936 event_listener.cc:91] [event_listener/flush_completed] column family: default, thread_id: 1231936, job_id: 10, file: /nvme/jinghuan/node_40002/db/000034.sst, reason: 6, is_write_slowdown: no, is_write_stall: no, largest seqno: 2849227, smallest seqno: 2193680
W20230630 04:57:54.077370 1231936 event_listener.cc:132] [event_listener/stall_cond_changed] column family: default write stall condition was changed, from stop to normal
W20230630 04:57:54.077683 1232170 event_listener.cc:132] [event_listener/stall_cond_changed] column family: default write stall condition was changed, from delay to stop
W20230630 04:57:56.500386 1232168 event_listener.cc:132] [event_listener/stall_cond_changed] column family: default write stall condition was changed, from normal to delay
I20230630 04:57:56.964516 1231935 event_listener.cc:138] [event_listener/table_file_created] column family: default, file path: /nvme/jinghuan/node_40002/db/000038.sst, file size: 73444780, job id: 12, reason: flush, status: OK
I20230630 04:57:56.971220 1231935 event_listener.cc:91] [event_listener/flush_completed] column family: default, thread_id: 1231935, job_id: 12, file: /nvme/jinghuan/node_40002/db/000038.sst, reason: 6, is_write_slowdown: no, is_write_stall: no, largest seqno: 3482739, smallest seqno: 2849229
W20230630 04:57:56.971268 1231935 event_listener.cc:132] [event_listener/stall_cond_changed] column family: default write stall condition was changed, from delay to normal
I20230630 04:57:58.361861 1231934 event_listener.cc:138] [event_listener/table_file_created] column family: default, file path: /nvme/jinghuan/node_40002/db/000032.sst, file size: 138700352, job id: 9, reason: compaction, status: OK
I20230630 04:57:58.859292 1231936 event_listener.cc:84] [event_listener/flush_begin] column family: default, thread_id: 1231936, job_id: 13, reason: 6
W20230630 04:58:01.092506 1232169 event_listener.cc:132] [event_listener/stall_cond_changed] column family: default write stall condition was changed, from normal to delay
I20230630 04:58:03.670387 1231936 event_listener.cc:138] [event_listener/table_file_created] column family: default, file path: /nvme/jinghuan/node_40002/db/000042.sst, file size: 78049484, job id: 13, reason: flush, status: OK
I20230630 04:58:03.676828 1231936 event_listener.cc:91] [event_listener/flush_completed] column family: default, thread_id: 1231936, job_id: 13, file: /nvme/jinghuan/node_40002/db/000042.sst, reason: 6, is_write_slowdown: no, is_write_stall: no, largest seqno: 4156016, smallest seqno: 3482741
W20230630 04:58:03.676887 1231936 event_listener.cc:132] [event_listener/stall_cond_changed] column family: default write stall condition was changed, from delay to normal
I20230630 04:58:03.845505 1231935 event_listener.cc:84] [event_listener/flush_begin] column family: default, thread_id: 1231935, job_id: 14, reason: 6
W20230630 04:58:06.230860 1232169 event_listener.cc:132] [event_listener/stall_cond_changed] column family: default write stall condition was changed, from normal to delay
I20230630 04:58:07.584407 1231936 event_listener.cc:84] [event_listener/flush_begin] column family: metadata, thread_id: 1231936, job_id: 15, reason: 13
I20230630 04:58:09.074028 1231934 event_listener.cc:138] [event_listener/table_file_created] column family: default, file path: /nvme/jinghuan/node_40002/db/000040.sst, file size: 138700152, job id: 9, reason: compaction, status: OK
I20230630 04:58:09.373632 1231936 event_listener.cc:138] [event_listener/table_file_created] column family: metadata, file path: /nvme/jinghuan/node_40002/db/000048.sst, file size: 19096116, job id: 15, reason: flush, status: OK
I20230630 04:58:09.383754 1231936 event_listener.cc:91] [event_listener/flush_completed] column family: metadata, thread_id: 1231936, job_id: 15, file: /nvme/jinghuan/node_40002/db/000048.sst, reason: 13, is_write_slowdown: no, is_write_stall: no, largest seqno: 5332577, smallest seqno: 2193699
I20230630 04:58:09.402127 1231936 event_listener.cc:84] [event_listener/flush_begin] column family: default, thread_id: 1231936, job_id: 16, reason: 6
I20230630 04:58:09.978834 1231935 event_listener.cc:138] [event_listener/table_file_created] column family: default, file path: /nvme/jinghuan/node_40002/db/000045.sst, file size: 79332978, job id: 14, reason: flush, status: OK
I20230630 04:58:09.987720 1231935 event_listener.cc:91] [event_listener/flush_completed] column family: default, thread_id: 1231935, job_id: 14, file: /nvme/jinghuan/node_40002/db/000045.sst, reason: 6, is_write_slowdown: no, is_write_stall: no, largest seqno: 4840326, smallest seqno: 4156018
W20230630 04:58:09.987897 1231935 event_listener.cc:132] [event_listener/stall_cond_changed] column family: default write stall condition was changed, from stop to normal
W20230630 04:58:09.988117 1232171 event_listener.cc:132] [event_listener/stall_cond_changed] column family: default write stall condition was changed, from delay to stop
W20230630 04:58:13.046814 1232164 event_listener.cc:132] [event_listener/stall_cond_changed] column family: default write stall condition was changed, from normal to delay
I20230630 04:58:16.212356 1231935 event_listener.cc:84] [event_listener/flush_begin] column family: default, thread_id: 1231935, job_id: 18, reason: 6
I20230630 04:58:16.575577 1231936 event_listener.cc:138] [event_listener/table_file_created] column family: default, file path: /nvme/jinghuan/node_40002/db/000051.sst, file size: 74667567, job id: 16, reason: flush, status: OK
I20230630 04:58:16.583992 1231936 event_listener.cc:91] [event_listener/flush_completed] column family: default, thread_id: 1231936, job_id: 16, file: /nvme/jinghuan/node_40002/db/000051.sst, reason: 6, is_write_slowdown: no, is_write_stall: no, largest seqno: 5484387, smallest seqno: 4840328
W20230630 04:58:16.584160 1231936 event_listener.cc:132] [event_listener/stall_cond_changed] column family: default write stall condition was changed, from stop to normal
W20230630 04:58:16.584359 1232164 event_listener.cc:132] [event_listener/stall_cond_changed] column family: default write stall condition was changed, from delay to stop
W20230630 04:58:19.592778 1232171 event_listener.cc:132] [event_listener/stall_cond_changed] column family: default write stall condition was changed, from normal to delay
I20230630 04:58:22.383337 1231934 event_listener.cc:138] [event_listener/table_file_created] column family: default, file path: /nvme/jinghuan/node_40002/db/000050.sst, file size: 138700194, job id: 9, reason: compaction, status: OK
I20230630 04:58:22.696925 1231936 event_listener.cc:84] [event_listener/flush_begin] column family: default, thread_id: 1231936, job_id: 19, reason: 6
I20230630 04:58:24.284389 1231935 event_listener.cc:138] [event_listener/table_file_created] column family: default, file path: /nvme/jinghuan/node_40002/db/000055.sst, file size: 83795176, job id: 18, reason: flush, status: OK
I20230630 04:58:24.297287 1231935 event_listener.cc:91] [event_listener/flush_completed] column family: default, thread_id: 1231935, job_id: 18, file: /nvme/jinghuan/node_40002/db/000055.sst, reason: 6, is_write_slowdown: no, is_write_stall: no, largest seqno: 6207197, smallest seqno: 5484389
W20230630 04:58:24.297377 1231935 event_listener.cc:132] [event_listener/stall_cond_changed] column family: default write stall condition was changed, from stop to normal
W20230630 04:58:24.301807 1232167 event_listener.cc:132] [event_listener/stall_cond_changed] column family: default write stall condition was changed, from delay to stop
W20230630 04:58:27.092137 1232169 event_listener.cc:132] [event_listener/stall_cond_changed] column family: default write stall condition was changed, from normal to delay
I20230630 04:58:30.100646 1231935 event_listener.cc:84] [event_listener/flush_begin] column family: default, thread_id: 1231935, job_id: 20, reason: 6
I20230630 04:58:30.588629 1231936 event_listener.cc:138] [event_listener/table_file_created] column family: default, file path: /nvme/jinghuan/node_40002/db/000059.sst, file size: 84025268, job id: 19, reason: flush, status: OK
I20230630 04:58:30.596588 1231936 event_listener.cc:91] [event_listener/flush_completed] column family: default, thread_id: 1231936, job_id: 19, file: /nvme/jinghuan/node_40002/db/000059.sst, reason: 6, is_write_slowdown: no, is_write_stall: no, largest seqno: 6932009, smallest seqno: 6207199
W20230630 04:58:30.596647 1231936 event_listener.cc:132] [event_listener/stall_cond_changed] column family: default write stall condition was changed, from stop to normal
W20230630 04:58:30.597049 1232165 event_listener.cc:132] [event_listener/stall_cond_changed] column family: default write stall condition was changed, from delay to stop
W20230630 04:58:33.340646 1232171 event_listener.cc:132] [event_listener/stall_cond_changed] column family: default write stall condition was changed, from normal to delay
I20230630 04:58:35.693060 1231934 event_listener.cc:138] [event_listener/table_file_created] column family: default, file path: /nvme/jinghuan/node_40002/db/000057.sst, file size: 138700290, job id: 9, reason: compaction, status: OK
I20230630 04:58:36.205871 1231936 event_listener.cc:84] [event_listener/flush_begin] column family: default, thread_id: 1231936, job_id: 21, reason: 6
I20230630 04:58:36.692586 1231935 event_listener.cc:138] [event_listener/table_file_created] column family: default, file path: /nvme/jinghuan/node_40002/db/000062.sst, file size: 74267008, job id: 20, reason: flush, status: OK
I20230630 04:58:36.704454 1231935 event_listener.cc:91] [event_listener/flush_completed] column family: default, thread_id: 1231935, job_id: 20, file: /nvme/jinghuan/node_40002/db/000062.sst, reason: 6, is_write_slowdown: no, is_write_stall: no, largest seqno: 7572594, smallest seqno: 6932011
W20230630 04:58:36.704535 1231935 event_listener.cc:132] [event_listener/stall_cond_changed] column family: default write stall condition was changed, from stop to normal
W20230630 04:58:36.705039 1232164 event_listener.cc:132] [event_listener/stall_cond_changed] column family: default write stall condition was changed, from delay to stop
I20230630 04:58:39.333973 1231935 event_listener.cc:84] [event_listener/flush_begin] column family: metadata, thread_id: 1231935, job_id: 22, reason: 13
W20230630 04:58:39.669442 1232170 event_listener.cc:132] [event_listener/stall_cond_changed] column family: default write stall condition was changed, from normal to delay
I20230630 04:58:41.291163 1231935 event_listener.cc:138] [event_listener/table_file_created] column family: metadata, file path: /nvme/jinghuan/node_40002/db/000068.sst, file size: 19107581, job id: 22, reason: flush, status: OK
I20230630 04:58:41.305097 1231935 event_listener.cc:91] [event_listener/flush_completed] column family: metadata, thread_id: 1231935, job_id: 22, file: /nvme/jinghuan/node_40002/db/000068.sst, reason: 13, is_write_slowdown: no, is_write_stall: no, largest seqno: 8471086, smallest seqno: 5332588
I20230630 04:58:42.595597 1231936 event_listener.cc:138] [event_listener/table_file_created] column family: default, file path: /nvme/jinghuan/node_40002/db/000066.sst, file size: 72345068, job id: 21, reason: flush, status: OK
I20230630 04:58:42.601933 1231936 event_listener.cc:91] [event_listener/flush_completed] column family: default, thread_id: 1231936, job_id: 21, file: /nvme/jinghuan/node_40002/db/000066.sst, reason: 6, is_write_slowdown: no, is_write_stall: no, largest seqno: 8196613, smallest seqno: 7572596
W20230630 04:58:42.602068 1231936 event_listener.cc:132] [event_listener/stall_cond_changed] column family: default write stall condition was changed, from delay to normal
I20230630 04:58:42.915436 1231935 event_listener.cc:84] [event_listener/flush_begin] column family: default, thread_id: 1231935, job_id: 23, reason: 6
I20230630 04:58:44.296890 1231933 event_listener.cc:138] [event_listener/table_file_created] column family: default, file path: /nvme/jinghuan/node_40002/db/000052.sst, file size: 306585135, job id: 17, reason: compaction, status: OK
I20230630 04:58:44.327817 1231933 event_listener.cc:71] [event_listener/compaction_completed] column family: default, compaction reason: 1, output compression type: no, base input level(files): 0(4), output level(files): 0(1), input bytes: 306721598, output bytes:306585135, is_manual_compaction:no, elapsed(micro): 34309056
W20230630 04:58:45.647017 1232169 event_listener.cc:132] [event_listener/stall_cond_changed] column family: default write stall condition was changed, from normal to delay
I20230630 04:58:48.334331 1231936 event_listener.cc:84] [event_listener/flush_begin] column family: default, thread_id: 1231936, job_id: 25, reason: 6
I20230630 04:58:48.595552 1231934 event_listener.cc:138] [event_listener/table_file_created] column family: default, file path: /nvme/jinghuan/node_40002/db/000064.sst, file size: 138732862, job id: 9, reason: compaction, status: OK
I20230630 04:58:48.605149 1231935 event_listener.cc:138] [event_listener/table_file_created] column family: default, file path: /nvme/jinghuan/node_40002/db/000071.sst, file size: 74121517, job id: 23, reason: flush, status: OK
I20230630 04:58:48.616420 1231935 event_listener.cc:91] [event_listener/flush_completed] column family: default, thread_id: 1231935, job_id: 23, file: /nvme/jinghuan/node_40002/db/000071.sst, reason: 6, is_write_slowdown: no, is_write_stall: no, largest seqno: 8835944, smallest seqno: 8196615
W20230630 04:58:48.616667 1231935 event_listener.cc:132] [event_listener/stall_cond_changed] column family: default write stall condition was changed, from stop to normal
W20230630 04:58:48.616848 1232166 event_listener.cc:132] [event_listener/stall_cond_changed] column family: default write stall condition was changed, from delay to stop
W20230630 04:58:51.098500 1232171 event_listener.cc:132] [event_listener/stall_cond_changed] column family: default write stall condition was changed, from normal to delay
I20230630 04:58:53.781304 1231935 event_listener.cc:84] [event_listener/flush_begin] column family: default, thread_id: 1231935, job_id: 26, reason: 6
I20230630 04:58:53.803885 1231936 event_listener.cc:138] [event_listener/table_file_created] column family: default, file path: /nvme/jinghuan/node_40002/db/000075.sst, file size: 73919026, job id: 25, reason: flush, status: OK
I20230630 04:58:53.809633 1231936 event_listener.cc:91] [event_listener/flush_completed] column family: default, thread_id: 1231936, job_id: 25, file: /nvme/jinghuan/node_40002/db/000075.sst, reason: 6, is_write_slowdown: no, is_write_stall: no, largest seqno: 9473537, smallest seqno: 8835946
W20230630 04:58:53.809756 1231936 event_listener.cc:132] [event_listener/stall_cond_changed] column family: default write stall condition was changed, from stop to normal
W20230630 04:58:53.810178 1232168 event_listener.cc:132] [event_listener/stall_cond_changed] column family: default write stall condition was changed, from delay to stop
W20230630 04:58:56.604208 1232165 event_listener.cc:132] [event_listener/stall_cond_changed] column family: default write stall condition was changed, from normal to delay
I20230630 04:58:59.007941 1231935 event_listener.cc:138] [event_listener/table_file_created] column family: default, file path: /nvme/jinghuan/node_40002/db/000079.sst, file size: 74213619, job id: 26, reason: flush, status: OK
I20230630 04:58:59.019603 1231935 event_listener.cc:91] [event_listener/flush_completed] column family: default, thread_id: 1231935, job_id: 26, file: /nvme/jinghuan/node_40002/db/000079.sst, reason: 6, is_write_slowdown: no, is_write_stall: no, largest seqno: 10113682, smallest seqno: 9473539
W20230630 04:58:59.019662 1231935 event_listener.cc:132] [event_listener/stall_cond_changed] column family: default write stall condition was changed, from delay to normal
I20230630 04:58:59.410254 1231936 event_listener.cc:84] [event_listener/flush_begin] column family: default, thread_id: 1231936, job_id: 27, reason: 6
I20230630 04:59:01.303385 1231934 event_listener.cc:138] [event_listener/table_file_created] column family: default, file path: /nvme/jinghuan/node_40002/db/000076.sst, file size: 138796458, job id: 9, reason: compaction, status: OK
W20230630 04:59:02.208978 1232167 event_listener.cc:132] [event_listener/stall_cond_changed] column family: default write stall condition was changed, from normal to delay
I20230630 04:59:04.314817 1231936 event_listener.cc:138] [event_listener/table_file_created] column family: default, file path: /nvme/jinghuan/node_40002/db/000082.sst, file size: 74381037, job id: 27, reason: flush, status: OK
I20230630 04:59:04.327404 1231936 event_listener.cc:91] [event_listener/flush_completed] column family: default, thread_id: 1231936, job_id: 27, file: /nvme/jinghuan/node_40002/db/000082.sst, reason: 6, is_write_slowdown: no, is_write_stall: no, largest seqno: 10755268, smallest seqno: 10113684
W20230630 04:59:04.327469 1231936 event_listener.cc:132] [event_listener/stall_cond_changed] column family: default write stall condition was changed, from delay to normal
I20230630 04:59:04.648166 1231935 event_listener.cc:84] [event_listener/flush_begin] column family: default, thread_id: 1231935, job_id: 28, reason: 6
I20230630 04:59:06.326668 1231936 event_listener.cc:84] [event_listener/flush_begin] column family: metadata, thread_id: 1231936, job_id: 29, reason: 13
W20230630 04:59:07.107831 1232170 event_listener.cc:132] [event_listener/stall_cond_changed] column family: default write stall condition was changed, from normal to delay
I20230630 04:59:08.412899 1231936 event_listener.cc:138] [event_listener/table_file_created] column family: metadata, file path: /nvme/jinghuan/node_40002/db/000088.sst, file size: 19103624, job id: 29, reason: flush, status: OK
I20230630 04:59:08.421176 1231936 event_listener.cc:91] [event_listener/flush_completed] column family: metadata, thread_id: 1231936, job_id: 29, file: /nvme/jinghuan/node_40002/db/000088.sst, reason: 13, is_write_slowdown: no, is_write_stall: no, largest seqno: 11609562, smallest seqno: 8471097
I20230630 04:59:09.676820 1231936 event_listener.cc:84] [event_listener/flush_begin] column family: default, thread_id: 1231936, job_id: 30, reason: 6
I20230630 04:59:09.811924 1231935 event_listener.cc:138] [event_listener/table_file_created] column family: default, file path: /nvme/jinghuan/node_40002/db/000086.sst, file size: 73387226, job id: 28, reason: flush, status: OK
I20230630 04:59:09.818209 1231935 event_listener.cc:91] [event_listener/flush_completed] column family: default, thread_id: 1231935, job_id: 28, file: /nvme/jinghuan/node_40002/db/000086.sst, reason: 6, is_write_slowdown: no, is_write_stall: no, largest seqno: 11388296, smallest seqno: 10755270
W20230630 04:59:09.818639 1231935 event_listener.cc:132] [event_listener/stall_cond_changed] column family: default write stall condition was changed, from stop to normal
W20230630 04:59:09.818768 1232171 event_listener.cc:132] [event_listener/stall_cond_changed] column family: default write stall condition was changed, from delay to stop
W20230630 04:59:12.575963 1232168 event_listener.cc:132] [event_listener/stall_cond_changed] column family: default write stall condition was changed, from normal to delay
I20230630 04:59:13.924007 1231936 event_listener.cc:138] [event_listener/table_file_created] column family: default, file path: /nvme/jinghuan/node_40002/db/000091.sst, file size: 73555500, job id: 30, reason: flush, status: OK
I20230630 04:59:13.940882 1231936 event_listener.cc:91] [event_listener/flush_completed] column family: default, thread_id: 1231936, job_id: 30, file: /nvme/jinghuan/node_40002/db/000091.sst, reason: 6, is_write_slowdown: no, is_write_stall: no, largest seqno: 12022743, smallest seqno: 11388298
W20230630 04:59:13.941017 1231936 event_listener.cc:132] [event_listener/stall_cond_changed] column family: default write stall condition was changed, from delay to normal
I20230630 04:59:14.113632 1231934 event_listener.cc:138] [event_listener/table_file_created] column family: default, file path: /nvme/jinghuan/node_40002/db/000083.sst, file size: 138796456, job id: 9, reason: compaction, status: OK
I20230630 04:59:15.280104 1231935 event_listener.cc:84] [event_listener/flush_begin] column family: default, thread_id: 1231935, job_id: 31, reason: 6
I20230630 04:59:17.215983 1231933 event_listener.cc:138] [event_listener/table_file_created] column family: default, file path: /nvme/jinghuan/node_40002/db/000072.sst, file size: 388916056, job id: 24, reason: compaction, status: OK
I20230630 04:59:17.239269 1231933 event_listener.cc:71] [event_listener/compaction_completed] column family: default, compaction reason: 1, output compression type: no, base input level(files): 0(5), output level(files): 0(1), input bytes: 389100087, output bytes:388916056, is_manual_compaction:no, elapsed(micro): 32888075
W20230630 04:59:17.985657 1232170 event_listener.cc:132] [event_listener/stall_cond_changed] column family: default write stall condition was changed, from normal to delay
I20230630 04:59:19.517590 1231935 event_listener.cc:138] [event_listener/table_file_created] column family: default, file path: /nvme/jinghuan/node_40002/db/000095.sst, file size: 74335086, job id: 31, reason: flush, status: OK
I20230630 04:59:19.522962 1231935 event_listener.cc:91] [event_listener/flush_completed] column family: default, thread_id: 1231935, job_id: 31, file: /nvme/jinghuan/node_40002/db/000095.sst, reason: 6, is_write_slowdown: no, is_write_stall: no, largest seqno: 12663944, smallest seqno: 12022745
W20230630 04:59:19.523007 1231935 event_listener.cc:132] [event_listener/stall_cond_changed] column family: default write stall condition was changed, from delay to normal
I20230630 04:59:20.848583 1231936 event_listener.cc:84] [event_listener/flush_begin] column family: default, thread_id: 1231936, job_id: 33, reason: 6
W20230630 04:59:23.620862 1232168 event_listener.cc:132] [event_listener/stall_cond_changed] column family: default write stall condition was changed, from normal to delay
I20230630 04:59:24.422853 1231936 event_listener.cc:138] [event_listener/table_file_created] column family: default, file path: /nvme/jinghuan/node_40002/db/000099.sst, file size: 73164434, job id: 33, reason: flush, status: OK
I20230630 04:59:24.434404 1231936 event_listener.cc:91] [event_listener/flush_completed] column family: default, thread_id: 1231936, job_id: 33, file: /nvme/jinghuan/node_40002/db/000099.sst, reason: 6, is_write_slowdown: no, is_write_stall: no, largest seqno: 13295036, smallest seqno: 12663946
W20230630 04:59:24.434446 1231936 event_listener.cc:132] [event_listener/stall_cond_changed] column family: default write stall condition was changed, from delay to normal
I20230630 04:59:24.725576 1231934 event_listener.cc:138] [event_listener/table_file_created] column family: default, file path: /nvme/jinghuan/node_40002/db/000093.sst, file size: 138796250, job id: 9, reason: compaction, status: OK
I20230630 04:59:26.482391 1231935 event_listener.cc:84] [event_listener/flush_begin] column family: default, thread_id: 1231935, job_id: 34, reason: 6
I20230630 04:59:26.920058 1231933 event_listener.cc:138] [event_listener/table_file_created] column family: metadata, file path: /nvme/jinghuan/node_40002/db/000096.sst, file size: 138196441, job id: 32, reason: compaction, status: OK
I20230630 04:59:27.619419 1231933 event_listener.cc:138] [event_listener/table_file_created] column family: metadata, file path: /nvme/jinghuan/node_40002/db/000104.sst, file size: 7445962, job id: 32, reason: compaction, status: OK
I20230630 04:59:27.629523 1231933 event_listener.cc:71] [event_listener/compaction_completed] column family: metadata, compaction reason: 1, output compression type: no, base input level(files): 0(5), output level(files): 1(2), input bytes: 146767537, output bytes:145642403, is_manual_compaction:no, elapsed(micro): 10379749
I20230630 04:59:27.639925 1231933 event_listener.cc:127] [event_listener/table_file_deleted] db: /nvme/jinghuan/node_40002/db, sst file: /nvme/jinghuan/node_40002/db/000024.sst, status: OK
W20230630 04:59:29.143229 1232169 event_listener.cc:132] [event_listener/stall_cond_changed] column family: default write stall condition was changed, from normal to delay
I20230630 04:59:30.126818 1231935 event_listener.cc:138] [event_listener/table_file_created] column family: default, file path: /nvme/jinghuan/node_40002/db/000103.sst, file size: 73006312, job id: 34, reason: flush, status: OK
I20230630 04:59:30.139344 1231935 event_listener.cc:91] [event_listener/flush_completed] column family: default, thread_id: 1231935, job_id: 34, file: /nvme/jinghuan/node_40002/db/000103.sst, reason: 6, is_write_slowdown: no, is_write_stall: no, largest seqno: 13924764, smallest seqno: 13295038
W20230630 04:59:30.139412 1231935 event_listener.cc:132] [event_listener/stall_cond_changed] column family: default write stall condition was changed, from delay to normal
I20230630 04:59:31.861896 1231936 event_listener.cc:84] [event_listener/flush_begin] column family: default, thread_id: 1231936, job_id: 36, reason: 6
I20230630 04:59:33.426267 1231935 event_listener.cc:84] [event_listener/flush_begin] column family: metadata, thread_id: 1231935, job_id: 37, reason: 13
I20230630 04:59:33.934989 1231934 event_listener.cc:138] [event_listener/table_file_created] column family: default, file path: /nvme/jinghuan/node_40002/db/000101.sst, file size: 138796421, job id: 9, reason: compaction, status: OK
W20230630 04:59:34.525432 1232164 event_listener.cc:132] [event_listener/stall_cond_changed] column family: default write stall condition was changed, from normal to delay
I20230630 04:59:35.231760 1231935 event_listener.cc:138] [event_listener/table_file_created] column family: metadata, file path: /nvme/jinghuan/node_40002/db/000110.sst, file size: 19102436, job id: 37, reason: flush, status: OK
I20230630 04:59:35.241349 1231935 event_listener.cc:91] [event_listener/flush_completed] column family: metadata, thread_id: 1231935, job_id: 37, file: /nvme/jinghuan/node_40002/db/000110.sst, reason: 13, is_write_slowdown: no, is_write_stall: no, largest seqno: 14748038, smallest seqno: 11609573
I20230630 04:59:35.935988 1231936 event_listener.cc:138] [event_listener/table_file_created] column family: default, file path: /nvme/jinghuan/node_40002/db/000108.sst, file size: 73514793, job id: 36, reason: flush, status: OK
I20230630 04:59:35.947149 1231936 event_listener.cc:91] [event_listener/flush_completed] column family: default, thread_id: 1231936, job_id: 36, file: /nvme/jinghuan/node_40002/db/000108.sst, reason: 6, is_write_slowdown: no, is_write_stall: no, largest seqno: 14558870, smallest seqno: 13924766
W20230630 04:59:35.947351 1231936 event_listener.cc:132] [event_listener/stall_cond_changed] column family: default write stall condition was changed, from delay to normal
I20230630 04:59:37.464032 1231935 event_listener.cc:84] [event_listener/flush_begin] column family: default, thread_id: 1231935, job_id: 38, reason: 6
W20230630 04:59:40.296801 1232170 event_listener.cc:132] [event_listener/stall_cond_changed] column family: default write stall condition was changed, from normal to delay
I20230630 04:59:40.837155 1231935 event_listener.cc:138] [event_listener/table_file_created] column family: default, file path: /nvme/jinghuan/node_40002/db/000114.sst, file size: 74312015, job id: 38, reason: flush, status: OK
I20230630 04:59:40.846415 1231935 event_listener.cc:91] [event_listener/flush_completed] column family: default, thread_id: 1231935, job_id: 38, file: /nvme/jinghuan/node_40002/db/000114.sst, reason: 6, is_write_slowdown: no, is_write_stall: no, largest seqno: 15199851, smallest seqno: 14558872
W20230630 04:59:40.846832 1231935 event_listener.cc:132] [event_listener/stall_cond_changed] column family: default write stall condition was changed, from delay to normal
I20230630 04:59:42.835507 1231934 event_listener.cc:138] [event_listener/table_file_created] column family: default, file path: /nvme/jinghuan/node_40002/db/000111.sst, file size: 138796595, job id: 9, reason: compaction, status: OK
I20230630 04:59:43.386005 1231936 event_listener.cc:84] [event_listener/flush_begin] column family: default, thread_id: 1231936, job_id: 39, reason: 6
I20230630 04:59:46.139371 1231934 event_listener.cc:138] [event_listener/table_file_created] column family: default, file path: /nvme/jinghuan/node_40002/db/000116.sst, file size: 47417965, job id: 9, reason: compaction, status: OK
I20230630 04:59:46.219736 1231934 event_listener.cc:71] [event_listener/compaction_completed] column family: default, compaction reason: 1, output compression type: no, base input level(files): 0(5), output level(files): 1(13), input bytes: 1768834446, output bytes:1712275921, is_manual_compaction:no, elapsed(micro): 129628124
I20230630 04:59:46.222326 1231934 event_listener.cc:127] [event_listener/table_file_deleted] db: /nvme/jinghuan/node_40002/db, sst file: /nvme/jinghuan/node_40002/db/000088.sst, status: OK
I20230630 04:59:46.224179 1231934 event_listener.cc:127] [event_listener/table_file_deleted] db: /nvme/jinghuan/node_40002/db, sst file: /nvme/jinghuan/node_40002/db/000068.sst, status: OK
I20230630 04:59:46.232120 1231934 event_listener.cc:127] [event_listener/table_file_deleted] db: /nvme/jinghuan/node_40002/db, sst file: /nvme/jinghuan/node_40002/db/000066.sst, status: OK
I20230630 04:59:46.238889 1231934 event_listener.cc:127] [event_listener/table_file_deleted] db: /nvme/jinghuan/node_40002/db, sst file: /nvme/jinghuan/node_40002/db/000062.sst, status: OK
I20230630 04:59:46.246194 1231934 event_listener.cc:127] [event_listener/table_file_deleted] db: /nvme/jinghuan/node_40002/db, sst file: /nvme/jinghuan/node_40002/db/000059.sst, status: OK
I20230630 04:59:46.253959 1231934 event_listener.cc:127] [event_listener/table_file_deleted] db: /nvme/jinghuan/node_40002/db, sst file: /nvme/jinghuan/node_40002/db/000055.sst, status: OK
I20230630 04:59:46.261058 1231934 event_listener.cc:127] [event_listener/table_file_deleted] db: /nvme/jinghuan/node_40002/db, sst file: /nvme/jinghuan/node_40002/db/000051.sst, status: OK
I20230630 04:59:46.262950 1231934 event_listener.cc:127] [event_listener/table_file_deleted] db: /nvme/jinghuan/node_40002/db, sst file: /nvme/jinghuan/node_40002/db/000048.sst, status: OK
I20230630 04:59:46.270424 1231934 event_listener.cc:127] [event_listener/table_file_deleted] db: /nvme/jinghuan/node_40002/db, sst file: /nvme/jinghuan/node_40002/db/000045.sst, status: OK
I20230630 04:59:46.277899 1231934 event_listener.cc:127] [event_listener/table_file_deleted] db: /nvme/jinghuan/node_40002/db, sst file: /nvme/jinghuan/node_40002/db/000042.sst, status: OK
I20230630 04:59:46.285034 1231934 event_listener.cc:127] [event_listener/table_file_deleted] db: /nvme/jinghuan/node_40002/db, sst file: /nvme/jinghuan/node_40002/db/000038.sst, status: OK
I20230630 04:59:46.286530 1231934 event_listener.cc:127] [event_listener/table_file_deleted] db: /nvme/jinghuan/node_40002/db, sst file: /nvme/jinghuan/node_40002/db/000036.sst, status: OK
I20230630 04:59:46.293802 1231934 event_listener.cc:127] [event_listener/table_file_deleted] db: /nvme/jinghuan/node_40002/db, sst file: /nvme/jinghuan/node_40002/db/000034.sst, status: OK
I20230630 04:59:46.302690 1231934 event_listener.cc:71] [event_listener/compaction_completed] column family: default, compaction reason: 2, output compression type: no, base input level(files): 1(1), output level(files): 2(1), input bytes: 0, output bytes:0, is_manual_compaction:no, elapsed(micro): 0
W20230630 04:59:46.307302 1232169 event_listener.cc:132] [event_listener/stall_cond_changed] column family: default write stall condition was changed, from normal to delay
I20230630 04:59:46.320034 1231934 event_listener.cc:71] [event_listener/compaction_completed] column family: default, compaction reason: 2, output compression type: no, base input level(files): 1(1), output level(files): 2(1), input bytes: 0, output bytes:0, is_manual_compaction:no, elapsed(micro): 0
I20230630 04:59:46.333424 1231934 event_listener.cc:71] [event_listener/compaction_completed] column family: default, compaction reason: 2, output compression type: no, base input level(files): 1(1), output level(files): 2(1), input bytes: 0, output bytes:0, is_manual_compaction:no, elapsed(micro): 0
I20230630 04:59:46.348089 1231934 event_listener.cc:71] [event_listener/compaction_completed] column family: default, compaction reason: 2, output compression type: no, base input level(files): 1(1), output level(files): 2(1), input bytes: 0, output bytes:0, is_manual_compaction:no, elapsed(micro): 0
I20230630 04:59:46.364708 1231934 event_listener.cc:71] [event_listener/compaction_completed] column family: default, compaction reason: 2, output compression type: no, base input level(files): 1(1), output level(files): 2(1), input bytes: 0, output bytes:0, is_manual_compaction:no, elapsed(micro): 0
I20230630 04:59:46.374882 1231934 event_listener.cc:71] [event_listener/compaction_completed] column family: default, compaction reason: 2, output compression type: no, base input level(files): 1(1), output level(files): 2(1), input bytes: 0, output bytes:0, is_manual_compaction:no, elapsed(micro): 0
I20230630 04:59:46.442540 1231936 event_listener.cc:138] [event_listener/table_file_created] column family: default, file path: /nvme/jinghuan/node_40002/db/000118.sst, file size: 74991897, job id: 39, reason: flush, status: OK
I20230630 04:59:46.454694 1231936 event_listener.cc:91] [event_listener/flush_completed] column family: default, thread_id: 1231936, job_id: 39, file: /nvme/jinghuan/node_40002/db/000118.sst, reason: 6, is_write_slowdown: no, is_write_stall: no, largest seqno: 15846706, smallest seqno: 15199853
W20230630 04:59:46.454785 1231936 event_listener.cc:132] [event_listener/stall_cond_changed] column family: default write stall condition was changed, from delay to normal
I20230630 04:59:49.460566 1231935 event_listener.cc:84] [event_listener/flush_begin] column family: default, thread_id: 1231935, job_id: 48, reason: 6
W20230630 04:59:52.331105 1232168 event_listener.cc:132] [event_listener/stall_cond_changed] column family: default write stall condition was changed, from normal to delay
I20230630 04:59:52.949205 1231935 event_listener.cc:138] [event_listener/table_file_created] column family: default, file path: /nvme/jinghuan/node_40002/db/000122.sst, file size: 75461599, job id: 48, reason: flush, status: OK
I20230630 04:59:52.962742 1231935 event_listener.cc:91] [event_listener/flush_completed] column family: default, thread_id: 1231935, job_id: 48, file: /nvme/jinghuan/node_40002/db/000122.sst, reason: 6, is_write_slowdown: no, is_write_stall: no, largest seqno: 16497620, smallest seqno: 15846708
W20230630 04:59:52.962831 1231935 event_listener.cc:132] [event_listener/stall_cond_changed] column family: default write stall condition was changed, from delay to normal
I20230630 04:59:55.306445 1231936 event_listener.cc:84] [event_listener/flush_begin] column family: default, thread_id: 1231936, job_id: 49, reason: 6
W20230630 04:59:57.937543 1232168 event_listener.cc:132] [event_listener/stall_cond_changed] column family: default write stall condition was changed, from normal to delay
I20230630 04:59:58.552835 1231936 event_listener.cc:138] [event_listener/table_file_created] column family: default, file path: /nvme/jinghuan/node_40002/db/000125.sst, file size: 74044735, job id: 49, reason: flush, status: OK
I20230630 04:59:58.570739 1231936 event_listener.cc:91] [event_listener/flush_completed] column family: default, thread_id: 1231936, job_id: 49, file: /nvme/jinghuan/node_40002/db/000125.sst, reason: 6, is_write_slowdown: no, is_write_stall: no, largest seqno: 17136302, smallest seqno: 16497622
W20230630 04:59:58.570798 1231936 event_listener.cc:132] [event_listener/stall_cond_changed] column family: default write stall condition was changed, from delay to normal
I20230630 05:00:00.245486 1231934 event_listener.cc:138] [event_listener/table_file_created] column family: default, file path: /nvme/jinghuan/node_40002/db/000120.sst, file size: 295702592, job id: 47, reason: compaction, status: OK
I20230630 05:00:00.262568 1231934 event_listener.cc:71] [event_listener/compaction_completed] column family: default, compaction reason: 1, output compression type: no, base input level(files): 0(4), output level(files): 0(1), input bytes: 295825017, output bytes:295702592, is_manual_compaction:no, elapsed(micro): 13790710
I20230630 05:00:00.269423 1231934 event_listener.cc:127] [event_listener/table_file_deleted] db: /nvme/jinghuan/node_40002/db, sst file: /nvme/jinghuan/node_40002/db/000103.sst, status: OK
I20230630 05:00:00.727469 1231935 event_listener.cc:84] [event_listener/flush_begin] column family: default, thread_id: 1231935, job_id: 52, reason: 6
I20230630 05:00:01.604111 1231936 event_listener.cc:84] [event_listener/flush_begin] column family: metadata, thread_id: 1231936, job_id: 53, reason: 13
I20230630 05:00:02.751356 1231936 event_listener.cc:138] [event_listener/table_file_created] column family: metadata, file path: /nvme/jinghuan/node_40002/db/000130.sst, file size: 19107098, job id: 53, reason: flush, status: OK
I20230630 05:00:02.762145 1231936 event_listener.cc:91] [event_listener/flush_completed] column family: metadata, thread_id: 1231936, job_id: 53, file: /nvme/jinghuan/node_40002/db/000130.sst, reason: 13, is_write_slowdown: no, is_write_stall: no, largest seqno: 17886481, smallest seqno: 14748049
W20230630 05:00:03.327639 1232170 event_listener.cc:132] [event_listener/stall_cond_changed] column family: default write stall condition was changed, from normal to delay
I20230630 05:00:03.350687 1231935 event_listener.cc:138] [event_listener/table_file_created] column family: default, file path: /nvme/jinghuan/node_40002/db/000128.sst, file size: 74140912, job id: 52, reason: flush, status: OK
I20230630 05:00:03.366452 1231935 event_listener.cc:91] [event_listener/flush_completed] column family: default, thread_id: 1231935, job_id: 52, file: /nvme/jinghuan/node_40002/db/000128.sst, reason: 6, is_write_slowdown: no, is_write_stall: no, largest seqno: 17775820, smallest seqno: 17136304
W20230630 05:00:03.366578 1231935 event_listener.cc:132] [event_listener/stall_cond_changed] column family: default write stall condition was changed, from delay to normal
I20230630 05:00:04.155709 1231933 event_listener.cc:138] [event_listener/table_file_created] column family: default, file path: /nvme/jinghuan/node_40002/db/000105.sst, file size: 590728138, job id: 35, reason: compaction, status: OK
