Log file created at: 2023/07/07 09:37:29
Running on machine: en4217754l
Running duration (h:mm:ss): 0:00:00
Log line format: [IWEF]yyyymmdd hh:mm:ss.uuuuuu threadid file:line] msg
I20230707 09:37:29.059126 54773 main.cc:328] kvrocks unstable (commit 4a10c89)
I20230707 09:37:29.415009 54773 storage.cc:322] [storage] Success to load the data from disk: 89 ms
I20230707 09:37:29.415673 54773 worker.cc:72] [worker] Listening on: 10.218.109.65:40001
I20230707 09:37:29.415704 54773 worker.cc:72] [worker] Listening on: 127.0.0.1:40001
I20230707 09:37:29.415946 54773 worker.cc:72] [worker] Listening on: 10.218.109.65:40001
I20230707 09:37:29.415967 54773 worker.cc:72] [worker] Listening on: 127.0.0.1:40001
I20230707 09:37:29.416141 54773 worker.cc:72] [worker] Listening on: 10.218.109.65:40001
I20230707 09:37:29.416162 54773 worker.cc:72] [worker] Listening on: 127.0.0.1:40001
I20230707 09:37:29.416332 54773 worker.cc:72] [worker] Listening on: 10.218.109.65:40001
I20230707 09:37:29.416352 54773 worker.cc:72] [worker] Listening on: 127.0.0.1:40001
I20230707 09:37:29.416512 54773 worker.cc:72] [worker] Listening on: 10.218.109.65:40001
I20230707 09:37:29.416530 54773 worker.cc:72] [worker] Listening on: 127.0.0.1:40001
I20230707 09:37:29.416682 54773 worker.cc:72] [worker] Listening on: 10.218.109.65:40001
I20230707 09:37:29.416700 54773 worker.cc:72] [worker] Listening on: 127.0.0.1:40001
I20230707 09:37:29.416853 54773 worker.cc:72] [worker] Listening on: 10.218.109.65:40001
I20230707 09:37:29.416872 54773 worker.cc:72] [worker] Listening on: 127.0.0.1:40001
I20230707 09:37:29.417022 54773 worker.cc:72] [worker] Listening on: 10.218.109.65:40001
I20230707 09:37:29.417042 54773 worker.cc:72] [worker] Listening on: 127.0.0.1:40001
W20230707 09:37:29.417176 54773 server.cc:1650] [server] Increased maximum number of open files to 14224 (it's originally set to 1024)
I20230707 09:37:29.417398 54773 cluster.cc:643] The cluster nodes file /nvme/jinghuan/node_40001/nodes.conf is not found. Use CLUSTERX subcommands to specify it.
I20230707 09:37:29.417416 54773 cluster.cc:643] The cluster nodes file /nvme/jinghuan/node_40001/nodes.conf is not found. Use CLUSTERX subcommands to specify it.
I20230707 09:37:29.420982 54773 worker.cc:519] [worker] Thread #140717221476096 started
I20230707 09:37:29.421027 54773 worker.cc:519] [worker] Thread #140717305337600 started
I20230707 09:37:29.421092 54773 worker.cc:519] [worker] Thread #140717600630528 started
I20230707 09:37:29.421151 54773 worker.cc:519] [worker] Thread #140717592237824 started
I20230707 09:37:29.421214 54773 worker.cc:519] [worker] Thread #140717583845120 started
I20230707 09:37:29.421272 54773 worker.cc:519] [worker] Thread #140717575452416 started
I20230707 09:37:29.421329 54773 worker.cc:519] [worker] Thread #140717567059712 started
I20230707 09:37:29.421394 54773 worker.cc:519] [worker] Thread #140717355693824 started
I20230707 09:37:29.421582 54773 server.cc:211] [server] Ready to accept connections
I20230707 09:37:30.096349 55017 cluster.cc:286] MASTER MODE enabled by cluster topology setting
I20230707 09:37:32.389914 54786 event_listener.cc:84] [event_listener/flush_begin] column family: default, thread_id: 54786, job_id: 3, reason: 6
I20230707 09:37:32.807132 54786 event_listener.cc:138] [event_listener/table_file_created] column family: default, file path: /nvme/jinghuan/node_40001/db/000016.sst, file size: 77133993, job id: 3, reason: flush, status: OK
I20230707 09:37:32.822595 54786 event_listener.cc:91] [event_listener/flush_completed] column family: default, thread_id: 54786, job_id: 3, file: /nvme/jinghuan/node_40001/db/000016.sst, reason: 6, is_write_slowdown: no, is_write_stall: no, largest seqno: 665477, smallest seqno: 1
I20230707 09:37:33.471519 54784 event_listener.cc:138] [event_listener/table_file_created] column family: default, file path: /nvme/jinghuan/node_40001/db/000017.sst, file size: 77133989, job id: 4, reason: compaction, status: OK
I20230707 09:37:33.488062 54784 event_listener.cc:71] [event_listener/compaction_completed] column family: default, compaction reason: 11, output compression type: no, base input level(files): 0(1), output level(files): 0(1), input bytes: 77133993, output bytes:77133989, is_manual_compaction:no, elapsed(micro): 648878
I20230707 09:37:33.498041 54784 event_listener.cc:127] [event_listener/table_file_deleted] db: /nvme/jinghuan/node_40001/db, sst file: /nvme/jinghuan/node_40001/db/000016.sst, status: OK
I20230707 09:37:34.620059 54787 event_listener.cc:84] [event_listener/flush_begin] column family: default, thread_id: 54787, job_id: 5, reason: 6
I20230707 09:37:35.026152 54787 event_listener.cc:138] [event_listener/table_file_created] column family: default, file path: /nvme/jinghuan/node_40001/db/000020.sst, file size: 76019290, job id: 5, reason: flush, status: OK
I20230707 09:37:35.032557 54787 event_listener.cc:91] [event_listener/flush_completed] column family: default, thread_id: 54787, job_id: 5, file: /nvme/jinghuan/node_40001/db/000020.sst, reason: 6, is_write_slowdown: no, is_write_stall: no, largest seqno: 1321341, smallest seqno: 665479
I20230707 09:37:36.778012 54786 event_listener.cc:84] [event_listener/flush_begin] column family: default, thread_id: 54786, job_id: 6, reason: 6
I20230707 09:37:37.156057 54786 event_listener.cc:138] [event_listener/table_file_created] column family: default, file path: /nvme/jinghuan/node_40001/db/000023.sst, file size: 76176672, job id: 6, reason: flush, status: OK
I20230707 09:37:37.162405 54786 event_listener.cc:91] [event_listener/flush_completed] column family: default, thread_id: 54786, job_id: 6, file: /nvme/jinghuan/node_40001/db/000023.sst, reason: 6, is_write_slowdown: no, is_write_stall: no, largest seqno: 1978514, smallest seqno: 1321343
I20230707 09:37:38.995751 54787 event_listener.cc:84] [event_listener/flush_begin] column family: default, thread_id: 54787, job_id: 7, reason: 6
W20230707 09:37:40.038305 55018 event_listener.cc:132] [event_listener/stall_cond_changed] column family: default write stall condition was changed, from normal to delay
I20230707 09:37:40.702031 54786 event_listener.cc:84] [event_listener/flush_begin] column family: metadata, thread_id: 54786, job_id: 8, reason: 13
I20230707 09:37:40.817057 54787 event_listener.cc:138] [event_listener/table_file_created] column family: default, file path: /nvme/jinghuan/node_40001/db/000026.sst, file size: 76884739, job id: 7, reason: flush, status: OK
I20230707 09:37:40.827316 54787 event_listener.cc:91] [event_listener/flush_completed] column family: default, thread_id: 54787, job_id: 7, file: /nvme/jinghuan/node_40001/db/000026.sst, reason: 6, is_write_slowdown: no, is_write_stall: no, largest seqno: 2641825, smallest seqno: 1978516
W20230707 09:37:40.827425 54787 event_listener.cc:132] [event_listener/stall_cond_changed] column family: default write stall condition was changed, from delay to normal
I20230707 09:37:41.173887 54787 event_listener.cc:84] [event_listener/flush_begin] column family: default, thread_id: 54787, job_id: 10, reason: 6
W20230707 09:37:42.269730 55018 event_listener.cc:132] [event_listener/stall_cond_changed] column family: default write stall condition was changed, from normal to delay
I20230707 09:37:42.318426 54786 event_listener.cc:138] [event_listener/table_file_created] column family: metadata, file path: /nvme/jinghuan/node_40001/db/000029.sst, file size: 19243637, job id: 8, reason: flush, status: OK
I20230707 09:37:42.333879 54786 event_listener.cc:91] [event_listener/flush_completed] column family: metadata, thread_id: 54786, job_id: 8, file: /nvme/jinghuan/node_40001/db/000029.sst, reason: 13, is_write_slowdown: no, is_write_stall: no, largest seqno: 3147551, smallest seqno: 11
I20230707 09:37:43.457809 54786 event_listener.cc:84] [event_listener/flush_begin] column family: default, thread_id: 54786, job_id: 12, reason: 6
I20230707 09:37:44.204275 54784 event_listener.cc:138] [event_listener/table_file_created] column family: metadata, file path: /nvme/jinghuan/node_40001/db/000034.sst, file size: 19243633, job id: 11, reason: compaction, status: OK
I20230707 09:37:44.211957 54784 event_listener.cc:71] [event_listener/compaction_completed] column family: metadata, compaction reason: 11, output compression type: no, base input level(files): 0(1), output level(files): 0(1), input bytes: 19243637, output bytes:19243633, is_manual_compaction:no, elapsed(micro): 1870315
I20230707 09:37:44.214427 54784 event_listener.cc:127] [event_listener/table_file_deleted] db: /nvme/jinghuan/node_40001/db, sst file: /nvme/jinghuan/node_40001/db/000029.sst, status: OK
I20230707 09:37:49.021670 54787 event_listener.cc:138] [event_listener/table_file_created] column family: default, file path: /nvme/jinghuan/node_40001/db/000032.sst, file size: 75955713, job id: 10, reason: flush, status: OK
I20230707 09:37:49.037892 54787 event_listener.cc:91] [event_listener/flush_completed] column family: default, thread_id: 54787, job_id: 10, file: /nvme/jinghuan/node_40001/db/000032.sst, reason: 6, is_write_slowdown: no, is_write_stall: no, largest seqno: 3297106, smallest seqno: 2641827
W20230707 09:37:49.038138 54787 event_listener.cc:132] [event_listener/stall_cond_changed] column family: default write stall condition was changed, from stop to normal
W20230707 09:37:49.038324 55018 event_listener.cc:132] [event_listener/stall_cond_changed] column family: default write stall condition was changed, from delay to stop
W20230707 09:37:50.235832 55014 event_listener.cc:132] [event_listener/stall_cond_changed] column family: default write stall condition was changed, from normal to delay
I20230707 09:37:50.321316 54786 event_listener.cc:138] [event_listener/table_file_created] column family: default, file path: /nvme/jinghuan/node_40001/db/000036.sst, file size: 77608373, job id: 12, reason: flush, status: OK
I20230707 09:37:50.336706 54786 event_listener.cc:91] [event_listener/flush_completed] column family: default, thread_id: 54786, job_id: 12, file: /nvme/jinghuan/node_40001/db/000036.sst, reason: 6, is_write_slowdown: no, is_write_stall: no, largest seqno: 3966665, smallest seqno: 3297108
W20230707 09:37:50.336783 54786 event_listener.cc:132] [event_listener/stall_cond_changed] column family: default write stall condition was changed, from delay to normal
I20230707 09:37:51.415071 54787 event_listener.cc:84] [event_listener/flush_begin] column family: default, thread_id: 54787, job_id: 13, reason: 6
W20230707 09:37:52.490213 55014 event_listener.cc:132] [event_listener/stall_cond_changed] column family: default write stall condition was changed, from normal to delay
I20230707 09:37:53.666481 54786 event_listener.cc:84] [event_listener/flush_begin] column family: default, thread_id: 54786, job_id: 14, reason: 6
I20230707 09:37:56.817847 54785 event_listener.cc:138] [event_listener/table_file_created] column family: default, file path: /nvme/jinghuan/node_40001/db/000030.sst, file size: 138731255, job id: 9, reason: compaction, status: OK
I20230707 09:37:58.528676 54787 event_listener.cc:138] [event_listener/table_file_created] column family: default, file path: /nvme/jinghuan/node_40001/db/000039.sst, file size: 78321159, job id: 13, reason: flush, status: OK
I20230707 09:37:58.544358 54787 event_listener.cc:91] [event_listener/flush_completed] column family: default, thread_id: 54787, job_id: 13, file: /nvme/jinghuan/node_40001/db/000039.sst, reason: 6, is_write_slowdown: no, is_write_stall: no, largest seqno: 4642406, smallest seqno: 3966667
W20230707 09:37:58.544481 54787 event_listener.cc:132] [event_listener/stall_cond_changed] column family: default write stall condition was changed, from stop to normal
W20230707 09:37:58.545655 55014 event_listener.cc:132] [event_listener/stall_cond_changed] column family: default write stall condition was changed, from delay to stop
W20230707 09:37:59.682441 55016 event_listener.cc:132] [event_listener/stall_cond_changed] column family: default write stall condition was changed, from normal to delay
I20230707 09:38:00.027452 54786 event_listener.cc:138] [event_listener/table_file_created] column family: default, file path: /nvme/jinghuan/node_40001/db/000042.sst, file size: 75930161, job id: 14, reason: flush, status: OK
I20230707 09:38:00.043753 54786 event_listener.cc:91] [event_listener/flush_completed] column family: default, thread_id: 54786, job_id: 14, file: /nvme/jinghuan/node_40001/db/000042.sst, reason: 6, is_write_slowdown: no, is_write_stall: no, largest seqno: 5297478, smallest seqno: 4642408
W20230707 09:38:00.043943 54786 event_listener.cc:132] [event_listener/stall_cond_changed] column family: default write stall condition was changed, from delay to normal
I20230707 09:38:00.893720 54787 event_listener.cc:84] [event_listener/flush_begin] column family: default, thread_id: 54787, job_id: 16, reason: 6
W20230707 09:38:01.956422 55016 event_listener.cc:132] [event_listener/stall_cond_changed] column family: default write stall condition was changed, from normal to delay
I20230707 09:38:01.999442 54786 event_listener.cc:84] [event_listener/flush_begin] column family: metadata, thread_id: 54786, job_id: 17, reason: 13
I20230707 09:38:03.929524 54786 event_listener.cc:138] [event_listener/table_file_created] column family: metadata, file path: /nvme/jinghuan/node_40001/db/000050.sst, file size: 19237690, job id: 17, reason: flush, status: OK
I20230707 09:38:03.936746 54786 event_listener.cc:91] [event_listener/flush_completed] column family: metadata, thread_id: 54786, job_id: 17, file: /nvme/jinghuan/node_40001/db/000050.sst, reason: 13, is_write_slowdown: no, is_write_stall: no, largest seqno: 6295102, smallest seqno: 3147562
I20230707 09:38:03.968371 54786 event_listener.cc:84] [event_listener/flush_begin] column family: default, thread_id: 54786, job_id: 18, reason: 6
I20230707 09:38:09.930624 54785 event_listener.cc:138] [event_listener/table_file_created] column family: default, file path: /nvme/jinghuan/node_40001/db/000043.sst, file size: 138697424, job id: 9, reason: compaction, status: OK
I20230707 09:38:11.335469 54786 event_listener.cc:138] [event_listener/table_file_created] column family: default, file path: /nvme/jinghuan/node_40001/db/000052.sst, file size: 76983850, job id: 18, reason: flush, status: OK
I20230707 09:38:12.435403 54787 event_listener.cc:138] [event_listener/table_file_created] column family: default, file path: /nvme/jinghuan/node_40001/db/000047.sst, file size: 77157590, job id: 16, reason: flush, status: OK
I20230707 09:38:12.450845 54787 event_listener.cc:91] [event_listener/flush_completed] column family: default, thread_id: 54787, job_id: 16, file: /nvme/jinghuan/node_40001/db/000047.sst, reason: 6, is_write_slowdown: no, is_write_stall: no, largest seqno: 5963132, smallest seqno: 5297480
I20230707 09:38:12.450882 54787 event_listener.cc:91] [event_listener/flush_completed] column family: default, thread_id: 54786, job_id: 18, file: /nvme/jinghuan/node_40001/db/000052.sst, reason: 6, is_write_slowdown: no, is_write_stall: no, largest seqno: 6627290, smallest seqno: 5963134
W20230707 09:38:12.451249 54787 event_listener.cc:132] [event_listener/stall_cond_changed] column family: default write stall condition was changed, from stop to normal
W20230707 09:38:12.451458 55016 event_listener.cc:132] [event_listener/stall_cond_changed] column family: default write stall condition was changed, from delay to stop
E20230707 09:38:12.457423 55019 redis_connection.cc:103] [connection] Going to remove the client: 127.0.0.1:59336, while encounter error: Broken pipe
I20230707 09:38:12.631965 54785 event_listener.cc:138] [event_listener/table_file_created] column family: default, file path: /nvme/jinghuan/node_40001/db/000053.sst, file size: 28647237, job id: 9, reason: compaction, status: OK
I20230707 09:38:12.655213 54785 event_listener.cc:71] [event_listener/compaction_completed] column family: default, compaction reason: 1, output compression type: no, base input level(files): 0(4), output level(files): 1(3), input bytes: 306214690, output bytes:306075916, is_manual_compaction:no, elapsed(micro): 31804439
I20230707 09:38:15.233956 54786 event_listener.cc:84] [event_listener/flush_begin] column family: default, thread_id: 54786, job_id: 19, reason: 6
W20230707 09:38:16.568277 55020 event_listener.cc:132] [event_listener/stall_cond_changed] column family: default write stall condition was changed, from normal to delay
I20230707 09:38:16.581429 54785 event_listener.cc:71] [event_listener/compaction_completed] column family: default, compaction reason: 2, output compression type: no, base input level(files): 1(1), output level(files): 2(1), input bytes: 0, output bytes:0, is_manual_compaction:no, elapsed(micro): 0
I20230707 09:38:18.010432 54787 event_listener.cc:84] [event_listener/flush_begin] column family: default, thread_id: 54787, job_id: 21, reason: 6
I20230707 09:38:20.842780 54786 event_listener.cc:138] [event_listener/table_file_created] column family: default, file path: /nvme/jinghuan/node_40001/db/000056.sst, file size: 82959528, job id: 19, reason: flush, status: OK
I20230707 09:38:20.855361 54786 event_listener.cc:91] [event_listener/flush_completed] column family: default, thread_id: 54786, job_id: 19, file: /nvme/jinghuan/node_40001/db/000056.sst, reason: 6, is_write_slowdown: no, is_write_stall: no, largest seqno: 7343027, smallest seqno: 6627292
W20230707 09:38:20.855635 54786 event_listener.cc:132] [event_listener/stall_cond_changed] column family: default write stall condition was changed, from stop to normal
W20230707 09:38:20.855787 55020 event_listener.cc:132] [event_listener/stall_cond_changed] column family: default write stall condition was changed, from delay to stop
W20230707 09:38:22.134996 55013 event_listener.cc:132] [event_listener/stall_cond_changed] column family: default write stall condition was changed, from normal to delay
I20230707 09:38:23.346925 54787 event_listener.cc:138] [event_listener/table_file_created] column family: default, file path: /nvme/jinghuan/node_40001/db/000059.sst, file size: 83036370, job id: 21, reason: flush, status: OK
I20230707 09:38:23.362447 54787 event_listener.cc:91] [event_listener/flush_completed] column family: default, thread_id: 54787, job_id: 21, file: /nvme/jinghuan/node_40001/db/000059.sst, reason: 6, is_write_slowdown: no, is_write_stall: no, largest seqno: 8059435, smallest seqno: 7343029
W20230707 09:38:23.362593 54787 event_listener.cc:132] [event_listener/stall_cond_changed] column family: default write stall condition was changed, from delay to normal
I20230707 09:38:23.483209 54786 event_listener.cc:84] [event_listener/flush_begin] column family: default, thread_id: 54786, job_id: 23, reason: 6
W20230707 09:38:24.705613 55013 event_listener.cc:132] [event_listener/stall_cond_changed] column family: default write stall condition was changed, from normal to delay
I20230707 09:38:25.756704 54787 event_listener.cc:84] [event_listener/flush_begin] column family: metadata, thread_id: 54787, job_id: 24, reason: 13
I20230707 09:38:27.637384 54787 event_listener.cc:138] [event_listener/table_file_created] column family: metadata, file path: /nvme/jinghuan/node_40001/db/000066.sst, file size: 19218930, job id: 24, reason: flush, status: OK
I20230707 09:38:27.649533 54787 event_listener.cc:91] [event_listener/flush_completed] column family: metadata, thread_id: 54787, job_id: 24, file: /nvme/jinghuan/node_40001/db/000066.sst, reason: 13, is_write_slowdown: no, is_write_stall: no, largest seqno: 9442620, smallest seqno: 6295113
I20230707 09:38:27.671443 54787 event_listener.cc:84] [event_listener/flush_begin] column family: default, thread_id: 54787, job_id: 25, reason: 6
I20230707 09:38:31.952879 54786 event_listener.cc:138] [event_listener/table_file_created] column family: default, file path: /nvme/jinghuan/node_40001/db/000063.sst, file size: 85015567, job id: 23, reason: flush, status: OK
I20230707 09:38:31.965948 54786 event_listener.cc:91] [event_listener/flush_completed] column family: default, thread_id: 54786, job_id: 23, file: /nvme/jinghuan/node_40001/db/000063.sst, reason: 6, is_write_slowdown: no, is_write_stall: no, largest seqno: 8792937, smallest seqno: 8059437
W20230707 09:38:31.966172 54786 event_listener.cc:132] [event_listener/stall_cond_changed] column family: default write stall condition was changed, from stop to normal
W20230707 09:38:31.966434 55018 event_listener.cc:132] [event_listener/stall_cond_changed] column family: default write stall condition was changed, from delay to stop
W20230707 09:38:33.334452 55013 event_listener.cc:132] [event_listener/stall_cond_changed] column family: default write stall condition was changed, from normal to delay
I20230707 09:38:33.444240 54784 event_listener.cc:138] [event_listener/table_file_created] column family: default, file path: /nvme/jinghuan/node_40001/db/000045.sst, file size: 307699327, job id: 15, reason: compaction, status: OK
I20230707 09:38:33.478049 54784 event_listener.cc:71] [event_listener/compaction_completed] column family: default, compaction reason: 1, output compression type: no, base input level(files): 0(4), output level(files): 0(1), input bytes: 307815406, output bytes:307699327, is_manual_compaction:no, elapsed(micro): 33400455
I20230707 09:38:33.489735 54784 event_listener.cc:127] [event_listener/table_file_deleted] db: /nvme/jinghuan/node_40001/db, sst file: /nvme/jinghuan/node_40001/db/000026.sst, status: OK
I20230707 09:38:33.497576 54784 event_listener.cc:127] [event_listener/table_file_deleted] db: /nvme/jinghuan/node_40001/db, sst file: /nvme/jinghuan/node_40001/db/000023.sst, status: OK
I20230707 09:38:33.504163 54784 event_listener.cc:127] [event_listener/table_file_deleted] db: /nvme/jinghuan/node_40001/db, sst file: /nvme/jinghuan/node_40001/db/000020.sst, status: OK
I20230707 09:38:33.512416 54784 event_listener.cc:127] [event_listener/table_file_deleted] db: /nvme/jinghuan/node_40001/db, sst file: /nvme/jinghuan/node_40001/db/000017.sst, status: OK
I20230707 09:38:34.670382 54786 event_listener.cc:84] [event_listener/flush_begin] column family: default, thread_id: 54786, job_id: 28, reason: 6
I20230707 09:38:34.851104 54787 event_listener.cc:138] [event_listener/table_file_created] column family: default, file path: /nvme/jinghuan/node_40001/db/000068.sst, file size: 85050622, job id: 25, reason: flush, status: OK
I20230707 09:38:34.857482 54787 event_listener.cc:91] [event_listener/flush_completed] column family: default, thread_id: 54787, job_id: 25, file: /nvme/jinghuan/node_40001/db/000068.sst, reason: 6, is_write_slowdown: no, is_write_stall: no, largest seqno: 9526714, smallest seqno: 8792939
W20230707 09:38:34.857698 54787 event_listener.cc:132] [event_listener/stall_cond_changed] column family: default write stall condition was changed, from stop to normal
W20230707 09:38:34.860623 55015 event_listener.cc:132] [event_listener/stall_cond_changed] column family: default write stall condition was changed, from delay to stop
W20230707 09:38:36.298367 55016 event_listener.cc:132] [event_listener/stall_cond_changed] column family: default write stall condition was changed, from normal to delay
I20230707 09:38:37.797240 54787 event_listener.cc:84] [event_listener/flush_begin] column family: default, thread_id: 54787, job_id: 31, reason: 6
I20230707 09:38:39.652527 54786 event_listener.cc:138] [event_listener/table_file_created] column family: default, file path: /nvme/jinghuan/node_40001/db/000071.sst, file size: 84898963, job id: 28, reason: flush, status: OK
I20230707 09:38:39.666024 54786 event_listener.cc:91] [event_listener/flush_completed] column family: default, thread_id: 54786, job_id: 28, file: /nvme/jinghuan/node_40001/db/000071.sst, reason: 6, is_write_slowdown: no, is_write_stall: no, largest seqno: 10259215, smallest seqno: 9526716
W20230707 09:38:39.666110 54786 event_listener.cc:132] [event_listener/stall_cond_changed] column family: default write stall condition was changed, from stop to normal
W20230707 09:38:39.666549 55016 event_listener.cc:132] [event_listener/stall_cond_changed] column family: default write stall condition was changed, from delay to stop
W20230707 09:38:40.991271 55019 event_listener.cc:132] [event_listener/stall_cond_changed] column family: default write stall condition was changed, from normal to delay
I20230707 09:38:42.380414 54786 event_listener.cc:84] [event_listener/flush_begin] column family: default, thread_id: 54786, job_id: 35, reason: 6
I20230707 09:38:43.857623 54787 event_listener.cc:138] [event_listener/table_file_created] column family: default, file path: /nvme/jinghuan/node_40001/db/000074.sst, file size: 85052685, job id: 31, reason: flush, status: OK
I20230707 09:38:43.870162 54787 event_listener.cc:91] [event_listener/flush_completed] column family: default, thread_id: 54787, job_id: 31, file: /nvme/jinghuan/node_40001/db/000074.sst, reason: 6, is_write_slowdown: no, is_write_stall: no, largest seqno: 10993014, smallest seqno: 10259217
W20230707 09:38:43.870923 54787 event_listener.cc:132] [event_listener/stall_cond_changed] column family: default write stall condition was changed, from stop to normal
W20230707 09:38:43.871331 55015 event_listener.cc:132] [event_listener/stall_cond_changed] column family: default write stall condition was changed, from delay to stop
W20230707 09:38:45.036067 55017 event_listener.cc:132] [event_listener/stall_cond_changed] column family: default write stall condition was changed, from normal to delay
I20230707 09:38:46.262393 54787 event_listener.cc:84] [event_listener/flush_begin] column family: default, thread_id: 54787, job_id: 37, reason: 6
I20230707 09:38:49.363169 54786 event_listener.cc:138] [event_listener/table_file_created] column family: default, file path: /nvme/jinghuan/node_40001/db/000077.sst, file size: 84902650, job id: 35, reason: flush, status: OK
I20230707 09:38:49.369868 54786 event_listener.cc:91] [event_listener/flush_completed] column family: default, thread_id: 54786, job_id: 35, file: /nvme/jinghuan/node_40001/db/000077.sst, reason: 6, is_write_slowdown: no, is_write_stall: no, largest seqno: 11725515, smallest seqno: 10993016
W20230707 09:38:49.369921 54786 event_listener.cc:132] [event_listener/stall_cond_changed] column family: default write stall condition was changed, from stop to normal
W20230707 09:38:49.371009 55017 event_listener.cc:132] [event_listener/stall_cond_changed] column family: default write stall condition was changed, from delay to stop
I20230707 09:38:50.158021 54786 event_listener.cc:84] [event_listener/flush_begin] column family: metadata, thread_id: 54786, job_id: 38, reason: 13
W20230707 09:38:50.687839 55018 event_listener.cc:132] [event_listener/stall_cond_changed] column family: default write stall condition was changed, from normal to delay
I20230707 09:38:52.054952 54786 event_listener.cc:138] [event_listener/table_file_created] column family: metadata, file path: /nvme/jinghuan/node_40001/db/000083.sst, file size: 19220406, job id: 38, reason: flush, status: OK
I20230707 09:38:52.061355 54786 event_listener.cc:91] [event_listener/flush_completed] column family: metadata, thread_id: 54786, job_id: 38, file: /nvme/jinghuan/node_40001/db/000083.sst, reason: 13, is_write_slowdown: no, is_write_stall: no, largest seqno: 12590182, smallest seqno: 9442631
I20230707 09:38:52.101912 54786 event_listener.cc:84] [event_listener/flush_begin] column family: default, thread_id: 54786, job_id: 39, reason: 6
I20230707 09:38:53.360163 54787 event_listener.cc:138] [event_listener/table_file_created] column family: default, file path: /nvme/jinghuan/node_40001/db/000081.sst, file size: 75908509, job id: 37, reason: flush, status: OK
I20230707 09:38:53.366806 54787 event_listener.cc:91] [event_listener/flush_completed] column family: default, thread_id: 54787, job_id: 37, file: /nvme/jinghuan/node_40001/db/000081.sst, reason: 6, is_write_slowdown: no, is_write_stall: no, largest seqno: 12380444, smallest seqno: 11725517
W20230707 09:38:53.366972 54787 event_listener.cc:132] [event_listener/stall_cond_changed] column family: default write stall condition was changed, from stop to normal
W20230707 09:38:53.367223 55018 event_listener.cc:132] [event_listener/stall_cond_changed] column family: default write stall condition was changed, from delay to stop
W20230707 09:38:54.679641 55018 event_listener.cc:132] [event_listener/stall_cond_changed] column family: default write stall condition was changed, from normal to delay
I20230707 09:38:54.755415 54785 event_listener.cc:138] [event_listener/table_file_created] column family: default, file path: /nvme/jinghuan/node_40001/db/000061.sst, file size: 320007131, job id: 22, reason: compaction, status: OK
I20230707 09:38:54.778725 54785 event_listener.cc:71] [event_listener/compaction_completed] column family: default, compaction reason: 1, output compression type: no, base input level(files): 0(4), output level(files): 0(1), input bytes: 320137338, output bytes:320007131, is_manual_compaction:no, elapsed(micro): 31393028
I20230707 09:38:54.785660 54785 event_listener.cc:127] [event_listener/table_file_deleted] db: /nvme/jinghuan/node_40001/db, sst file: /nvme/jinghuan/node_40001/db/000042.sst, status: OK
I20230707 09:38:54.794360 54785 event_listener.cc:127] [event_listener/table_file_deleted] db: /nvme/jinghuan/node_40001/db, sst file: /nvme/jinghuan/node_40001/db/000039.sst, status: OK
I20230707 09:38:54.800750 54785 event_listener.cc:127] [event_listener/table_file_deleted] db: /nvme/jinghuan/node_40001/db, sst file: /nvme/jinghuan/node_40001/db/000036.sst, status: OK
I20230707 09:38:54.808501 54785 event_listener.cc:127] [event_listener/table_file_deleted] db: /nvme/jinghuan/node_40001/db, sst file: /nvme/jinghuan/node_40001/db/000032.sst, status: OK
I20230707 09:38:56.044178 54787 event_listener.cc:84] [event_listener/flush_begin] column family: default, thread_id: 54787, job_id: 42, reason: 6
I20230707 09:38:59.766757 54786 event_listener.cc:138] [event_listener/table_file_created] column family: default, file path: /nvme/jinghuan/node_40001/db/000086.sst, file size: 84930870, job id: 39, reason: flush, status: OK
I20230707 09:38:59.779259 54786 event_listener.cc:91] [event_listener/flush_completed] column family: default, thread_id: 54786, job_id: 39, file: /nvme/jinghuan/node_40001/db/000086.sst, reason: 6, is_write_slowdown: no, is_write_stall: no, largest seqno: 13113231, smallest seqno: 12380446
W20230707 09:38:59.779419 54786 event_listener.cc:132] [event_listener/stall_cond_changed] column family: default write stall condition was changed, from stop to normal
W20230707 09:38:59.779716 55018 event_listener.cc:132] [event_listener/stall_cond_changed] column family: default write stall condition was changed, from delay to stop
W20230707 09:39:00.977185 55020 event_listener.cc:132] [event_listener/stall_cond_changed] column family: default write stall condition was changed, from normal to delay
I20230707 09:39:01.965335 54785 event_listener.cc:138] [event_listener/table_file_created] column family: metadata, file path: /nvme/jinghuan/node_40001/db/000088.sst, file size: 76273769, job id: 41, reason: compaction, status: OK
I20230707 09:39:01.987154 54785 event_listener.cc:71] [event_listener/compaction_completed] column family: metadata, compaction reason: 1, output compression type: no, base input level(files): 0(4), output level(files): 1(1), input bytes: 76920659, output bytes:76273769, is_manual_compaction:no, elapsed(micro): 7156914
I20230707 09:39:01.990810 54785 event_listener.cc:127] [event_listener/table_file_deleted] db: /nvme/jinghuan/node_40001/db, sst file: /nvme/jinghuan/node_40001/db/000066.sst, status: OK
I20230707 09:39:01.993798 54785 event_listener.cc:127] [event_listener/table_file_deleted] db: /nvme/jinghuan/node_40001/db, sst file: /nvme/jinghuan/node_40001/db/000050.sst, status: OK
I20230707 09:39:01.996431 54785 event_listener.cc:127] [event_listener/table_file_deleted] db: /nvme/jinghuan/node_40001/db, sst file: /nvme/jinghuan/node_40001/db/000034.sst, status: OK
I20230707 09:39:02.275408 54787 event_listener.cc:138] [event_listener/table_file_created] column family: default, file path: /nvme/jinghuan/node_40001/db/000090.sst, file size: 84934341, job id: 42, reason: flush, status: OK
I20230707 09:39:02.291182 54787 event_listener.cc:91] [event_listener/flush_completed] column family: default, thread_id: 54787, job_id: 42, file: /nvme/jinghuan/node_40001/db/000090.sst, reason: 6, is_write_slowdown: no, is_write_stall: no, largest seqno: 13845996, smallest seqno: 13113233
W20230707 09:39:02.291352 54787 event_listener.cc:132] [event_listener/stall_cond_changed] column family: default write stall condition was changed, from stop to normal
W20230707 09:39:02.291709 55020 event_listener.cc:132] [event_listener/stall_cond_changed] column family: default write stall condition was changed, from delay to stop
I20230707 09:39:02.312314 54786 event_listener.cc:84] [event_listener/flush_begin] column family: default, thread_id: 54786, job_id: 45, reason: 6
W20230707 09:39:03.529071 55017 event_listener.cc:132] [event_listener/stall_cond_changed] column family: default write stall condition was changed, from normal to delay
I20230707 09:39:04.780581 54787 event_listener.cc:84] [event_listener/flush_begin] column family: default, thread_id: 54787, job_id: 47, reason: 6
I20230707 09:39:08.174645 54786 event_listener.cc:138] [event_listener/table_file_created] column family: default, file path: /nvme/jinghuan/node_40001/db/000094.sst, file size: 78121077, job id: 45, reason: flush, status: OK
I20230707 09:39:08.189224 54786 event_listener.cc:91] [event_listener/flush_completed] column family: default, thread_id: 54786, job_id: 45, file: /nvme/jinghuan/node_40001/db/000094.sst, reason: 6, is_write_slowdown: no, is_write_stall: no, largest seqno: 14519955, smallest seqno: 13845998
W20230707 09:39:08.189286 54786 event_listener.cc:132] [event_listener/stall_cond_changed] column family: default write stall condition was changed, from stop to normal
W20230707 09:39:08.189792 55017 event_listener.cc:132] [event_listener/stall_cond_changed] column family: default write stall condition was changed, from delay to stop
W20230707 09:39:09.590528 55017 event_listener.cc:132] [event_listener/stall_cond_changed] column family: default write stall condition was changed, from normal to delay
I20230707 09:39:10.372085 54787 event_listener.cc:138] [event_listener/table_file_created] column family: default, file path: /nvme/jinghuan/node_40001/db/000097.sst, file size: 76852775, job id: 47, reason: flush, status: OK
I20230707 09:39:10.385327 54787 event_listener.cc:91] [event_listener/flush_completed] column family: default, thread_id: 54787, job_id: 47, file: /nvme/jinghuan/node_40001/db/000097.sst, reason: 6, is_write_slowdown: no, is_write_stall: no, largest seqno: 15183013, smallest seqno: 14519957
W20230707 09:39:10.385416 54787 event_listener.cc:132] [event_listener/stall_cond_changed] column family: default write stall condition was changed, from delay to normal
I20230707 09:39:10.419540 54786 event_listener.cc:84] [event_listener/flush_begin] column family: metadata, thread_id: 54786, job_id: 48, reason: 13
I20230707 09:39:11.011402 54787 event_listener.cc:84] [event_listener/flush_begin] column family: default, thread_id: 54787, job_id: 49, reason: 6
I20230707 09:39:11.667603 54786 event_listener.cc:138] [event_listener/table_file_created] column family: metadata, file path: /nvme/jinghuan/node_40001/db/000100.sst, file size: 19250477, job id: 48, reason: flush, status: OK
I20230707 09:39:11.680248 54786 event_listener.cc:91] [event_listener/flush_completed] column family: metadata, thread_id: 54786, job_id: 48, file: /nvme/jinghuan/node_40001/db/000100.sst, reason: 13, is_write_slowdown: no, is_write_stall: no, largest seqno: 15737777, smallest seqno: 12590193
W20230707 09:39:12.378525 55017 event_listener.cc:132] [event_listener/stall_cond_changed] column family: default write stall condition was changed, from normal to delay
I20230707 09:39:13.866210 54786 event_listener.cc:84] [event_listener/flush_begin] column family: default, thread_id: 54786, job_id: 50, reason: 6
I20230707 09:39:17.074333 54787 event_listener.cc:138] [event_listener/table_file_created] column family: default, file path: /nvme/jinghuan/node_40001/db/000102.sst, file size: 82964352, job id: 49, reason: flush, status: OK
I20230707 09:39:17.082937 54787 event_listener.cc:91] [event_listener/flush_completed] column family: default, thread_id: 54787, job_id: 49, file: /nvme/jinghuan/node_40001/db/000102.sst, reason: 6, is_write_slowdown: no, is_write_stall: no, largest seqno: 15898805, smallest seqno: 15183015
W20230707 09:39:17.083216 54787 event_listener.cc:132] [event_listener/stall_cond_changed] column family: default write stall condition was changed, from stop to normal
W20230707 09:39:17.083366 55017 event_listener.cc:132] [event_listener/stall_cond_changed] column family: default write stall condition was changed, from delay to stop
W20230707 09:39:18.399209 55020 event_listener.cc:132] [event_listener/stall_cond_changed] column family: default write stall condition was changed, from normal to delay
I20230707 09:39:18.473624 54784 event_listener.cc:138] [event_listener/table_file_created] column family: default, file path: /nvme/jinghuan/node_40001/db/000078.sst, file size: 339856818, job id: 36, reason: compaction, status: OK
I20230707 09:39:18.495633 54784 event_listener.cc:71] [event_listener/compaction_completed] column family: default, compaction reason: 1, output compression type: no, base input level(files): 0(4), output level(files): 0(1), input bytes: 340017837, output bytes:339856818, is_manual_compaction:no, elapsed(micro): 34602843
I20230707 09:39:18.497221 54784 event_listener.cc:127] [event_listener/table_file_deleted] db: /nvme/jinghuan/node_40001/db, sst file: /nvme/jinghuan/node_40001/db/000083.sst, status: OK
I20230707 09:39:18.506875 54784 event_listener.cc:127] [event_listener/table_file_deleted] db: /nvme/jinghuan/node_40001/db, sst file: /nvme/jinghuan/node_40001/db/000059.sst, status: OK
I20230707 09:39:18.515678 54784 event_listener.cc:127] [event_listener/table_file_deleted] db: /nvme/jinghuan/node_40001/db, sst file: /nvme/jinghuan/node_40001/db/000056.sst, status: OK
I20230707 09:39:18.522049 54784 event_listener.cc:127] [event_listener/table_file_deleted] db: /nvme/jinghuan/node_40001/db, sst file: /nvme/jinghuan/node_40001/db/000052.sst, status: OK
I20230707 09:39:18.529500 54784 event_listener.cc:127] [event_listener/table_file_deleted] db: /nvme/jinghuan/node_40001/db, sst file: /nvme/jinghuan/node_40001/db/000047.sst, status: OK
I20230707 09:39:19.480223 54786 event_listener.cc:138] [event_listener/table_file_created] column family: default, file path: /nvme/jinghuan/node_40001/db/000105.sst, file size: 83052715, job id: 50, reason: flush, status: OK
I20230707 09:39:19.492657 54786 event_listener.cc:91] [event_listener/flush_completed] column family: default, thread_id: 54786, job_id: 50, file: /nvme/jinghuan/node_40001/db/000105.sst, reason: 6, is_write_slowdown: no, is_write_stall: no, largest seqno: 16615334, smallest seqno: 15898807
W20230707 09:39:19.492813 54786 event_listener.cc:132] [event_listener/stall_cond_changed] column family: default write stall condition was changed, from delay to normal
I20230707 09:39:19.776755 54787 event_listener.cc:84] [event_listener/flush_begin] column family: default, thread_id: 54787, job_id: 53, reason: 6
W20230707 09:39:21.018728 55015 event_listener.cc:132] [event_listener/stall_cond_changed] column family: default write stall condition was changed, from normal to delay
I20230707 09:39:22.398015 54786 event_listener.cc:84] [event_listener/flush_begin] column family: default, thread_id: 54786, job_id: 54, reason: 6
I20230707 09:39:24.783605 54787 event_listener.cc:138] [event_listener/table_file_created] column family: default, file path: /nvme/jinghuan/node_40001/db/000109.sst, file size: 85009946, job id: 53, reason: flush, status: OK
I20230707 09:39:24.799149 54787 event_listener.cc:91] [event_listener/flush_completed] column family: default, thread_id: 54787, job_id: 53, file: /nvme/jinghuan/node_40001/db/000109.sst, reason: 6, is_write_slowdown: no, is_write_stall: no, largest seqno: 17348748, smallest seqno: 16615336
W20230707 09:39:24.799243 54787 event_listener.cc:132] [event_listener/stall_cond_changed] column family: default write stall condition was changed, from stop to normal
W20230707 09:39:24.799979 55020 event_listener.cc:132] [event_listener/stall_cond_changed] column family: default write stall condition was changed, from delay to stop
W20230707 09:39:26.124133 55018 event_listener.cc:132] [event_listener/stall_cond_changed] column family: default write stall condition was changed, from normal to delay
I20230707 09:39:27.527307 54787 event_listener.cc:84] [event_listener/flush_begin] column family: default, thread_id: 54787, job_id: 55, reason: 6
I20230707 09:39:28.482416 54786 event_listener.cc:138] [event_listener/table_file_created] column family: default, file path: /nvme/jinghuan/node_40001/db/000112.sst, file size: 85051555, job id: 54, reason: flush, status: OK
I20230707 09:39:28.488986 54786 event_listener.cc:91] [event_listener/flush_completed] column family: default, thread_id: 54786, job_id: 54, file: /nvme/jinghuan/node_40001/db/000112.sst, reason: 6, is_write_slowdown: no, is_write_stall: no, largest seqno: 18082536, smallest seqno: 17348750
W20230707 09:39:28.489025 54786 event_listener.cc:132] [event_listener/stall_cond_changed] column family: default write stall condition was changed, from stop to normal
W20230707 09:39:28.489471 55018 event_listener.cc:132] [event_listener/stall_cond_changed] column family: default write stall condition was changed, from delay to stop
I20230707 09:39:28.763094 54786 event_listener.cc:84] [event_listener/flush_begin] column family: metadata, thread_id: 54786, job_id: 56, reason: 13
W20230707 09:39:29.662665 55017 event_listener.cc:132] [event_listener/stall_cond_changed] column family: default write stall condition was changed, from normal to delay
I20230707 09:39:30.279126 54786 event_listener.cc:138] [event_listener/table_file_created] column family: metadata, file path: /nvme/jinghuan/node_40001/db/000117.sst, file size: 19250267, job id: 56, reason: flush, status: OK
I20230707 09:39:30.285746 54786 event_listener.cc:91] [event_listener/flush_completed] column family: metadata, thread_id: 54786, job_id: 56, file: /nvme/jinghuan/node_40001/db/000117.sst, reason: 13, is_write_slowdown: no, is_write_stall: no, largest seqno: 18885416, smallest seqno: 15737788
I20230707 09:39:30.897433 54786 event_listener.cc:84] [event_listener/flush_begin] column family: default, thread_id: 54786, job_id: 57, reason: 6
I20230707 09:39:32.478427 54785 event_listener.cc:138] [event_listener/table_file_created] column family: default, file path: /nvme/jinghuan/node_40001/db/000093.sst, file size: 330560543, job id: 46, reason: compaction, status: OK
I20230707 09:39:32.499931 54785 event_listener.cc:71] [event_listener/compaction_completed] column family: default, compaction reason: 1, output compression type: no, base input level(files): 0(4), output level(files): 0(1), input bytes: 330676370, output bytes:330560543, is_manual_compaction:no, elapsed(micro): 30187234
I20230707 09:39:32.509285 54785 event_listener.cc:127] [event_listener/table_file_deleted] db: /nvme/jinghuan/node_40001/db, sst file: /nvme/jinghuan/node_40001/db/000074.sst, status: OK
I20230707 09:39:32.516433 54785 event_listener.cc:127] [event_listener/table_file_deleted] db: /nvme/jinghuan/node_40001/db, sst file: /nvme/jinghuan/node_40001/db/000071.sst, status: OK
I20230707 09:39:32.524953 54785 event_listener.cc:127] [event_listener/table_file_deleted] db: /nvme/jinghuan/node_40001/db, sst file: /nvme/jinghuan/node_40001/db/000068.sst, status: OK
I20230707 09:39:32.531059 54785 event_listener.cc:127] [event_listener/table_file_deleted] db: /nvme/jinghuan/node_40001/db, sst file: /nvme/jinghuan/node_40001/db/000063.sst, status: OK
I20230707 09:39:33.587917 54787 event_listener.cc:138] [event_listener/table_file_created] column family: default, file path: /nvme/jinghuan/node_40001/db/000115.sst, file size: 84904050, job id: 55, reason: flush, status: OK
I20230707 09:39:33.600677 54787 event_listener.cc:91] [event_listener/flush_completed] column family: default, thread_id: 54787, job_id: 55, file: /nvme/jinghuan/node_40001/db/000115.sst, reason: 6, is_write_slowdown: no, is_write_stall: no, largest seqno: 18815059, smallest seqno: 18082538
W20230707 09:39:33.600778 54787 event_listener.cc:132] [event_listener/stall_cond_changed] column family: default write stall condition was changed, from stop to normal
W20230707 09:39:33.601008 55017 event_listener.cc:132] [event_listener/stall_cond_changed] column family: default write stall condition was changed, from delay to stop
W20230707 09:39:34.930140 55020 event_listener.cc:132] [event_listener/stall_cond_changed] column family: default write stall condition was changed, from normal to delay
I20230707 09:39:35.093992 54786 event_listener.cc:138] [event_listener/table_file_created] column family: default, file path: /nvme/jinghuan/node_40001/db/000120.sst, file size: 75956957, job id: 57, reason: flush, status: OK
I20230707 09:39:35.111032 54786 event_listener.cc:91] [event_listener/flush_completed] column family: default, thread_id: 54786, job_id: 57, file: /nvme/jinghuan/node_40001/db/000120.sst, reason: 6, is_write_slowdown: no, is_write_stall: no, largest seqno: 19470351, smallest seqno: 18815061
W20230707 09:39:35.111202 54786 event_listener.cc:132] [event_listener/stall_cond_changed] column family: default write stall condition was changed, from delay to normal
I20230707 09:39:36.340615 54787 event_listener.cc:84] [event_listener/flush_begin] column family: default, thread_id: 54787, job_id: 62, reason: 6
W20230707 09:39:37.606782 55013 event_listener.cc:132] [event_listener/stall_cond_changed] column family: default write stall condition was changed, from normal to delay
I20230707 09:39:38.995596 54786 event_listener.cc:84] [event_listener/flush_begin] column family: default, thread_id: 54786, job_id: 63, reason: 6
I20230707 09:39:40.493978 54787 event_listener.cc:138] [event_listener/table_file_created] column family: default, file path: /nvme/jinghuan/node_40001/db/000124.sst, file size: 84957890, job id: 62, reason: flush, status: OK
I20230707 09:39:40.509454 54787 event_listener.cc:91] [event_listener/flush_completed] column family: default, thread_id: 54787, job_id: 62, file: /nvme/jinghuan/node_40001/db/000124.sst, reason: 6, is_write_slowdown: no, is_write_stall: no, largest seqno: 20203314, smallest seqno: 19470353
W20230707 09:39:40.509574 54787 event_listener.cc:132] [event_listener/stall_cond_changed] column family: default write stall condition was changed, from stop to normal
W20230707 09:39:40.510866 55013 event_listener.cc:132] [event_listener/stall_cond_changed] column family: default write stall condition was changed, from delay to stop
W20230707 09:39:41.836887 55018 event_listener.cc:132] [event_listener/stall_cond_changed] column family: default write stall condition was changed, from normal to delay
I20230707 09:39:43.228072 54787 event_listener.cc:84] [event_listener/flush_begin] column family: default, thread_id: 54787, job_id: 64, reason: 6
I20230707 09:39:43.500046 54786 event_listener.cc:138] [event_listener/table_file_created] column family: default, file path: /nvme/jinghuan/node_40001/db/000127.sst, file size: 85049927, job id: 63, reason: flush, status: OK
I20230707 09:39:43.514374 54786 event_listener.cc:91] [event_listener/flush_completed] column family: default, thread_id: 54786, job_id: 63, file: /nvme/jinghuan/node_40001/db/000127.sst, reason: 6, is_write_slowdown: no, is_write_stall: no, largest seqno: 20937091, smallest seqno: 20203316
W20230707 09:39:43.514473 54786 event_listener.cc:132] [event_listener/stall_cond_changed] column family: default write stall condition was changed, from stop to normal
W20230707 09:39:43.515074 55018 event_listener.cc:132] [event_listener/stall_cond_changed] column family: default write stall condition was changed, from delay to stop
W20230707 09:39:44.831882 55015 event_listener.cc:132] [event_listener/stall_cond_changed] column family: default write stall condition was changed, from normal to delay
I20230707 09:39:44.875552 55018 cluster.cc:923] function: Migrate compact-and-merge
I20230707 09:39:44.875588 55018 slot_migrate_parallel.cc:32] [migrate] Start migrating slots, from slot: 0 to slot: 7910. Slots are moving to 0.0.0.0:40002
I20230707 09:39:44.875604 55018 cluster.cc:935] [cluster migration] Finished slot migration cmds sending, start to set nodes
I20230707 09:39:44.875619 55011 slot_migrate.cc:165] [migrate] Migrating slot: -1, dst_ip: 0.0.0.0, dst_port: 40002, max_speed: 0, max_pipeline_size: 16
I20230707 09:39:44.878607 55011 slot_migrate.cc:305] [migrate] Start migrating slot 7910, connect destination fd 99
I20230707 09:39:44.878639 55011 slot_migrate.cc:195] [migrate] Succeed to start migrating slot 7910
I20230707 09:39:44.878655 55011 slot_migrate_compact_and_merge.cc:25] [compact-and-merge] Start migrating snapshot of slot 
I20230707 09:39:44.885282 54786 event_listener.cc:84] [event_listener/flush_begin] column family: metadata, thread_id: 54786, job_id: 65, reason: 13
