W20230706 11:19:46.379535 3086666 event_listener.cc:132] [event_listener/stall_cond_changed] column family: default write stall condition was changed, from stop to normal
W20230706 11:19:46.385409 3086895 event_listener.cc:132] [event_listener/stall_cond_changed] column family: default write stall condition was changed, from delay to stop
I20230706 11:19:47.404829 3086666 event_listener.cc:84] [event_listener/flush_begin] column family: metadata, thread_id: 3086666, job_id: 60, reason: 13
I20230706 11:19:47.428841 3086892 cluster.cc:923] function: Migrate parallel seek-and-insert
I20230706 11:19:47.428867 3086892 slot_migrate_parallel.cc:32] [migrate] Start migrating slots, from slot: 0 to slot: 7910. Slots are moving to 0.0.0.0:40002
I20230706 11:19:47.428876 3086892 cluster.cc:935] [cluster migration] Finished slot migration cmds sending, start to set nodes
I20230706 11:19:47.428902 3086888 slot_migrate.cc:165] [migrate] Migrating slot: -1, dst_ip: 0.0.0.0, dst_port: 40002, max_speed: 0, max_pipeline_size: 16
I20230706 11:19:47.431469 3086888 slot_migrate.cc:305] [migrate] Start migrating slot 7910, connect destination fd 99
I20230706 11:19:47.431512 3086888 slot_migrate.cc:195] [migrate] Succeed to start migrating slot 7910
I20230706 11:19:47.431524 3086888 slot_migrate.cc:316] [migrate] Start migrating snapshot of slot 0
I20230706 11:19:47.431561 3086888 slot_migrate.cc:327] [migrate] Iterate keys of slot, key's prefix: __namespace  
I20230706 11:19:47.432065 3086888 slot_migrate.cc:354] [migrate] 0 keys has been migrated, current key is:{06S}0000000000000000000000
W20230706 11:19:47.536278 3086890 event_listener.cc:132] [event_listener/stall_cond_changed] column family: default write stall condition was changed, from normal to delay
I20230706 11:19:47.577564 3086888 slot_migrate.cc:354] [migrate] 1000 keys has been migrated, current key is:{06S}1001618720986954987610016187209869549876
I20230706 11:19:47.716488 3086888 slot_migrate.cc:354] [migrate] 2000 keys has been migrated, current key is:{06S}1003262601709247358010032626017092473580
I20230706 11:19:47.861567 3086888 slot_migrate.cc:354] [migrate] 3000 keys has been migrated, current key is:{06S}1004936054201704147010049360542017041470
I20230706 11:19:48.000723 3086888 slot_migrate.cc:354] [migrate] 4000 keys has been migrated, current key is:{06S}1006593546126881200410065935461268812004
I20230706 11:19:48.149165 3086888 slot_migrate.cc:354] [migrate] 5000 keys has been migrated, current key is:{06S}10082451340737550041008245134073755004
I20230706 11:19:48.305624 3086888 slot_migrate.cc:354] [migrate] 6000 keys has been migrated, current key is:{06S}1009922148421304455210099221484213044552
I20230706 11:19:48.460963 3086888 slot_migrate.cc:354] [migrate] 7000 keys has been migrated, current key is:{06S}1011619291743906293210116192917439062932
I20230706 11:19:48.595271 3086888 slot_migrate.cc:354] [migrate] 8000 keys has been migrated, current key is:{06S}1013252458731654218610132524587316542186
I20230706 11:19:48.731074 3086888 slot_migrate.cc:354] [migrate] 9000 keys has been migrated, current key is:{06S}1014889731573388066210148897315733880662
I20230706 11:19:48.860369 3086666 event_listener.cc:138] [event_listener/table_file_created] column family: metadata, file path: /nvme/jinghuan/node_40001/db/000132.sst, file size: 19088457, job id: 60, reason: flush, status: OK
I20230706 11:19:48.866086 3086888 slot_migrate.cc:354] [migrate] 10000 keys has been migrated, current key is:{06S}1016521824652493562010165218246524935620
I20230706 11:19:48.872830 3086666 event_listener.cc:91] [event_listener/flush_completed] column family: metadata, thread_id: 3086666, job_id: 60, file: /nvme/jinghuan/node_40001/db/000132.sst, reason: 13, is_write_slowdown: no, is_write_stall: no, largest seqno: 22035668, smallest seqno: 18885460
I20230706 11:19:48.904860 3086666 event_listener.cc:84] [event_listener/flush_begin] column family: default, thread_id: 3086666, job_id: 61, reason: 6
I20230706 11:19:49.004344 3086888 slot_migrate.cc:354] [migrate] 11000 keys has been migrated, current key is:{06S}1018228022167377697410182280221673776974
I20230706 11:19:49.138447 3086888 slot_migrate.cc:354] [migrate] 12000 keys has been migrated, current key is:{06S}1019904946406536329610199049464065363296
I20230706 11:19:49.272123 3086888 slot_migrate.cc:354] [migrate] 13000 keys has been migrated, current key is:{06S}10215719391642919341021571939164291934
I20230706 11:19:49.409114 3086888 slot_migrate.cc:354] [migrate] 14000 keys has been migrated, current key is:{06S}1023249155058951578610232491550589515786
I20230706 11:19:49.548091 3086888 slot_migrate.cc:354] [migrate] 15000 keys has been migrated, current key is:{06S}10248924732039515561024892473203951556
I20230706 11:19:49.684363 3086888 slot_migrate.cc:354] [migrate] 16000 keys has been migrated, current key is:{06S}10265586307095594501026558630709559450
I20230706 11:19:49.824585 3086888 slot_migrate.cc:354] [migrate] 17000 keys has been migrated, current key is:{06S}1028201870148840461410282018701488404614
I20230706 11:19:49.960628 3086888 slot_migrate.cc:354] [migrate] 18000 keys has been migrated, current key is:{06S}1029881240699722868210298812406997228682
I20230706 11:19:50.095064 3086888 slot_migrate.cc:354] [migrate] 19000 keys has been migrated, current key is:{06S}103154307303299246103154307303299246
I20230706 11:19:50.234372 3086888 slot_migrate.cc:354] [migrate] 20000 keys has been migrated, current key is:{06S}1033199312210269293610331993122102692936
I20230706 11:19:50.379140 3086888 slot_migrate.cc:354] [migrate] 21000 keys has been migrated, current key is:{06S}103488098600413500103488098600413500
I20230706 11:19:50.514660 3086888 slot_migrate.cc:354] [migrate] 22000 keys has been migrated, current key is:{06S}1036536864508461658810365368645084616588
I20230706 11:19:50.651543 3086888 slot_migrate.cc:354] [migrate] 23000 keys has been migrated, current key is:{06S}1038198566476137821410381985664761378214
I20230706 11:19:50.786437 3086888 slot_migrate.cc:354] [migrate] 24000 keys has been migrated, current key is:{06S}10398507183330779481039850718333077948
I20230706 11:19:50.921826 3086888 slot_migrate.cc:354] [migrate] 25000 keys has been migrated, current key is:{06S}1041509395998841645010415093959988416450
I20230706 11:19:51.055796 3086888 slot_migrate.cc:354] [migrate] 26000 keys has been migrated, current key is:{06S}10432207357557013221043220735755701322
I20230706 11:19:51.191016 3086888 slot_migrate.cc:354] [migrate] 27000 keys has been migrated, current key is:{06S}1044865355176037520410448653551760375204
I20230706 11:19:51.325392 3086888 slot_migrate.cc:354] [migrate] 28000 keys has been migrated, current key is:{06S}1046500920001844859410465009200018448594
I20230706 11:19:51.462287 3086888 slot_migrate.cc:354] [migrate] 29000 keys has been migrated, current key is:{06S}1048184500595226375410481845005952263754
I20230706 11:19:51.600248 3086888 slot_migrate.cc:354] [migrate] 30000 keys has been migrated, current key is:{06S}1049838624962214772610498386249622147726
I20230706 11:19:51.670581 3086667 event_listener.cc:138] [event_listener/table_file_created] column family: default, file path: /nvme/jinghuan/node_40001/db/000130.sst, file size: 84887586, job id: 59, reason: flush, status: OK
I20230706 11:19:51.683243 3086667 event_listener.cc:91] [event_listener/flush_completed] column family: default, thread_id: 3086667, job_id: 59, file: /nvme/jinghuan/node_40001/db/000130.sst, reason: 6, is_write_slowdown: no, is_write_stall: no, largest seqno: 21757108, smallest seqno: 21024719
W20230706 11:19:51.683776 3086667 event_listener.cc:132] [event_listener/stall_cond_changed] column family: default write stall condition was changed, from stop to normal
W20230706 11:19:51.684090 3086895 event_listener.cc:132] [event_listener/stall_cond_changed] column family: default write stall condition was changed, from delay to stop
I20230706 11:19:51.739151 3086888 slot_migrate.cc:354] [migrate] 31000 keys has been migrated, current key is:{06S}1051496702521011544010514967025210115440
I20230706 11:19:51.884276 3086888 slot_migrate.cc:354] [migrate] 32000 keys has been migrated, current key is:{06S}1053134817847055844610531348178470558446
I20230706 11:19:52.029978 3086888 slot_migrate.cc:354] [migrate] 33000 keys has been migrated, current key is:{06S}1054807532043715367610548075320437153676
I20230706 11:19:52.181272 3086888 slot_migrate.cc:354] [migrate] 34000 keys has been migrated, current key is:{06S}1056489300432657188010564893004326571880
I20230706 11:19:52.323650 3086888 slot_migrate.cc:354] [migrate] 35000 keys has been migrated, current key is:{06S}1058164565129553672610581645651295536726
I20230706 11:19:52.365836 3086665 event_listener.cc:138] [event_listener/table_file_created] column family: default, file path: /nvme/jinghuan/node_40001/db/000107.sst, file size: 339703895, job id: 47, reason: compaction, status: OK
I20230706 11:19:52.395365 3086665 event_listener.cc:71] [event_listener/compaction_completed] column family: default, compaction reason: 1, output compression type: no, base input level(files): 0(4), output level(files): 0(1), input bytes: 339815538, output bytes:339703895, is_manual_compaction:no, elapsed(micro): 29406277
I20230706 11:19:52.405973 3086665 event_listener.cc:127] [event_listener/table_file_deleted] db: /nvme/jinghuan/node_40001/db, sst file: /nvme/jinghuan/node_40001/db/000089.sst, status: OK
I20230706 11:19:52.414641 3086665 event_listener.cc:127] [event_listener/table_file_deleted] db: /nvme/jinghuan/node_40001/db, sst file: /nvme/jinghuan/node_40001/db/000086.sst, status: OK
I20230706 11:19:52.423514 3086665 event_listener.cc:127] [event_listener/table_file_deleted] db: /nvme/jinghuan/node_40001/db, sst file: /nvme/jinghuan/node_40001/db/000081.sst, status: OK
I20230706 11:19:52.431183 3086665 event_listener.cc:127] [event_listener/table_file_deleted] db: /nvme/jinghuan/node_40001/db, sst file: /nvme/jinghuan/node_40001/db/000078.sst, status: OK
I20230706 11:19:52.465415 3086666 event_listener.cc:138] [event_listener/table_file_created] column family: default, file path: /nvme/jinghuan/node_40001/db/000135.sst, file size: 50102097, job id: 61, reason: flush, status: OK
I20230706 11:19:52.468830 3086888 slot_migrate.cc:354] [migrate] 36000 keys has been migrated, current key is:{06S}1059805712400941465810598057124009414658
I20230706 11:19:52.476176 3086666 event_listener.cc:91] [event_listener/flush_completed] column family: default, thread_id: 3086666, job_id: 61, file: /nvme/jinghuan/node_40001/db/000135.sst, reason: 6, is_write_slowdown: no, is_write_stall: no, largest seqno: 22409971, smallest seqno: 21757110
I20230706 11:19:52.617842 3086888 slot_migrate.cc:354] [migrate] 37000 keys has been migrated, current key is:{06S}1061435694781168350610614356947811683506
I20230706 11:19:52.750535 3086888 slot_migrate.cc:354] [migrate] 38000 keys has been migrated, current key is:{06S}1063095401593737202010630954015937372020
I20230706 11:19:52.900018 3086888 slot_migrate.cc:354] [migrate] 39000 keys has been migrated, current key is:{06S}1064752106749452628410647521067494526284
I20230706 11:19:53.043097 3086888 slot_migrate.cc:354] [migrate] 40000 keys has been migrated, current key is:{06S}1066403277933251961610664032779332519616
I20230706 11:19:53.197703 3086888 slot_migrate.cc:354] [migrate] 41000 keys has been migrated, current key is:{06S}1068081678764005125810680816787640051258
I20230706 11:19:53.341857 3086888 slot_migrate.cc:354] [migrate] 42000 keys has been migrated, current key is:{06S}1069776424248547550210697764242485475502
I20230706 11:19:53.481914 3086888 slot_migrate.cc:354] [migrate] 43000 keys has been migrated, current key is:{06S}1071434605995857508610714346059958575086
I20230706 11:19:53.651450 3086888 slot_migrate.cc:354] [migrate] 44000 keys has been migrated, current key is:{06S}1073073355429185888210730733554291858882
I20230706 11:19:53.847008 3086888 slot_migrate.cc:354] [migrate] 45000 keys has been migrated, current key is:{06S}1074682831586788764610746828315867887646
I20230706 11:19:53.981500 3086888 slot_migrate.cc:354] [migrate] 46000 keys has been migrated, current key is:{06S}1076352513838104795010763525138381047950
I20230706 11:19:54.053299 3086667 event_listener.cc:84] [event_listener/flush_begin] column family: default, thread_id: 3086667, job_id: 64, reason: 6
I20230706 11:19:54.120720 3086888 slot_migrate.cc:354] [migrate] 47000 keys has been migrated, current key is:{06S}10780181249838097181078018124983809718
I20230706 11:19:54.254623 3086888 slot_migrate.cc:354] [migrate] 48000 keys has been migrated, current key is:{06S}1079675429498434408610796754294984344086
I20230706 11:19:54.407337 3086888 slot_migrate.cc:354] [migrate] 49000 keys has been migrated, current key is:{06S}1081390577017087654410813905770170876544
I20230706 11:19:54.567294 3086888 slot_migrate.cc:354] [migrate] 50000 keys has been migrated, current key is:{06S}1083061735859998216810830617358599982168
I20230706 11:19:54.726223 3086888 slot_migrate.cc:354] [migrate] 51000 keys has been migrated, current key is:{06S}1084719917607308175210847199176073081752
I20230706 11:19:54.880240 3086888 slot_migrate.cc:354] [migrate] 52000 keys has been migrated, current key is:{06S}1086360326582898702410863603265828987024
I20230706 11:19:55.016808 3086888 slot_migrate.cc:354] [migrate] 53000 keys has been migrated, current key is:{06S}1087993493570646627810879934935706466278
I20230706 11:19:55.158519 3086888 slot_migrate.cc:354] [migrate] 54000 keys has been migrated, current key is:{06S}1089666207767306150810896662077673061508
W20230706 11:19:55.201756 3086894 event_listener.cc:132] [event_listener/stall_cond_changed] column family: default write stall condition was changed, from normal to delay
I20230706 11:19:55.306951 3086888 slot_migrate.cc:354] [migrate] 55000 keys has been migrated, current key is:{06S}109132675538617098109132675538617098
I20230706 11:19:55.456149 3086888 slot_migrate.cc:354] [migrate] 56000 keys has been migrated, current key is:{06S}1092977775585807240410929777755858072404
I20230706 11:19:55.473305 3086667 event_listener.cc:138] [event_listener/table_file_created] column family: default, file path: /nvme/jinghuan/node_40001/db/000139.sst, file size: 31798054, job id: 64, reason: flush, status: OK
I20230706 11:19:55.481562 3086667 event_listener.cc:91] [event_listener/flush_completed] column family: default, thread_id: 3086667, job_id: 64, file: /nvme/jinghuan/node_40001/db/000139.sst, reason: 6, is_write_slowdown: no, is_write_stall: no, largest seqno: 23069644, smallest seqno: 22410064
W20230706 11:19:55.481631 3086667 event_listener.cc:132] [event_listener/stall_cond_changed] column family: default write stall condition was changed, from delay to normal
I20230706 11:19:55.605988 3086888 slot_migrate.cc:354] [migrate] 57000 keys has been migrated, current key is:{06S}1094675254521254242010946752545212542420
I20230706 11:19:55.759063 3086888 slot_migrate.cc:354] [migrate] 58000 keys has been migrated, current key is:{06S}1096331038430504786810963310384305047868
I20230706 11:19:55.899652 3086888 slot_migrate.cc:354] [migrate] 59000 keys has been migrated, current key is:{06S}1098012068523649341210980120685236493412
I20230706 11:19:56.038708 3086888 slot_migrate.cc:354] [migrate] 60000 keys has been migrated, current key is:{06S}1099636919614912235210996369196149122352
I20230706 11:19:56.174226 3086888 slot_migrate.cc:354] [migrate] 61000 keys has been migrated, current key is:{06S}1101292703524162780011012927035241627800
I20230706 11:19:56.315966 3086888 slot_migrate.cc:354] [migrate] 62000 keys has been migrated, current key is:{06S}1102956803329898356211029568033298983562
I20230706 11:19:56.466074 3086888 slot_migrate.cc:354] [migrate] 63000 keys has been migrated, current key is:{06S}1104621537242918011411046215372429180114
I20230706 11:19:56.490705 3086666 event_listener.cc:84] [event_listener/flush_begin] column family: default, thread_id: 3086666, job_id: 65, reason: 6
I20230706 11:19:56.591143 3086888 slot_migrate.cc:354] [migrate] 64000 keys has been migrated, current key is:{06S}1106305520519251629811063055205192516298
I20230706 11:19:56.736809 3086888 slot_migrate.cc:354] [migrate] 65000 keys has been migrated, current key is:{06S}1107960566132704908611079605661327049086
I20230706 11:19:56.888777 3086888 slot_migrate.cc:354] [migrate] 66000 keys has been migrated, current key is:{06S}1109602451699889967811096024516998899678
I20230706 11:19:57.038779 3086888 slot_migrate.cc:354] [migrate] 67000 keys has been migrated, current key is:{06S}1111261603167329168811112616031673291688
I20230706 11:19:57.188328 3086888 slot_migrate.cc:354] [migrate] 68000 keys has been migrated, current key is:{06S}1112908332884297416211129083328842974162
I20230706 11:19:57.334380 3086888 slot_migrate.cc:354] [migrate] 69000 keys has been migrated, current key is:{06S}1114586331032098478011145863310320984780
I20230706 11:19:57.488704 3086888 slot_migrate.cc:354] [migrate] 70000 keys has been migrated, current key is:{06S}1116246959091132211011162469590911322110
I20230706 11:19:57.625167 3086888 slot_migrate.cc:354] [migrate] 71000 keys has been migrated, current key is:{06S}1117897160554802301611178971605548023016
W20230706 11:19:57.740624 3086893 event_listener.cc:132] [event_listener/stall_cond_changed] column family: default write stall condition was changed, from normal to delay
I20230706 11:19:57.761669 3086888 slot_migrate.cc:354] [migrate] 72000 keys has been migrated, current key is:{06S}1119558526909633300611195585269096333006
I20230706 11:19:57.879335 3086666 event_listener.cc:138] [event_listener/table_file_created] column family: default, file path: /nvme/jinghuan/node_40001/db/000142.sst, file size: 31150385, job id: 65, reason: flush, status: OK
I20230706 11:19:57.891974 3086666 event_listener.cc:91] [event_listener/flush_completed] column family: default, thread_id: 3086666, job_id: 65, file: /nvme/jinghuan/node_40001/db/000142.sst, reason: 6, is_write_slowdown: no, is_write_stall: no, largest seqno: 23707411, smallest seqno: 23069687
W20230706 11:19:57.892086 3086666 event_listener.cc:132] [event_listener/stall_cond_changed] column family: default write stall condition was changed, from delay to normal
I20230706 11:19:57.897801 3086888 slot_migrate.cc:354] [migrate] 73000 keys has been migrated, current key is:{06S}11212188351709647301121218835170964730
I20230706 11:19:58.036552 3086888 slot_migrate.cc:354] [migrate] 74000 keys has been migrated, current key is:{06S}1122887025015543368411228870250155433684
I20230706 11:19:58.180011 3086888 slot_migrate.cc:354] [migrate] 75000 keys has been migrated, current key is:{06S}1124525036153074482011245250361530744820
I20230706 11:19:58.322616 3086888 slot_migrate.cc:354] [migrate] 76000 keys has been migrated, current key is:{06S}1126170393466961384411261703934669613844
I20230706 11:19:58.477367 3086888 slot_migrate.cc:354] [migrate] 77000 keys has been migrated, current key is:{06S}1127859403843745806611278594038437458066
I20230706 11:19:58.639932 3086888 slot_migrate.cc:354] [migrate] 78000 keys has been migrated, current key is:{06S}1129526688257002423411295266882570024234
I20230706 11:19:58.803802 3086888 slot_migrate.cc:354] [migrate] 79000 keys has been migrated, current key is:{06S}1131214039091524698011312140390915246980
I20230706 11:19:58.949338 3086888 slot_migrate.cc:354] [migrate] 80000 keys has been migrated, current key is:{06S}1132862581012932641011328625810129326410
I20230706 11:19:59.090238 3086888 slot_migrate.cc:354] [migrate] 81000 keys has been migrated, current key is:{06S}1134524868614228521611345248686142285216
I20230706 11:19:59.153879 3086667 event_listener.cc:84] [event_listener/flush_begin] column family: default, thread_id: 3086667, job_id: 66, reason: 6
I20230706 11:19:59.235774 3086888 slot_migrate.cc:354] [migrate] 82000 keys has been migrated, current key is:{06S}1136157297306179181011361572973061791810
I20230706 11:19:59.386608 3086888 slot_migrate.cc:354] [migrate] 83000 keys has been migrated, current key is:{06S}1137813819511226991811378138195112269918
I20230706 11:19:59.529884 3086888 slot_migrate.cc:354] [migrate] 84000 keys has been migrated, current key is:{06S}1139460884841040402811394608848410404028
I20230706 11:19:59.668115 3086888 slot_migrate.cc:354] [migrate] 85000 keys has been migrated, current key is:{06S}1141130231479511269611411302314795112696
I20230706 11:19:59.804035 3086888 slot_migrate.cc:354] [migrate] 86000 keys has been migrated, current key is:{06S}1142826636506315841611428266365063158416
I20230706 11:19:59.940860 3086888 slot_migrate.cc:354] [migrate] 87000 keys has been migrated, current key is:{06S}1144510955395494623611445109553954946236
I20230706 11:20:00.084861 3086888 slot_migrate.cc:354] [migrate] 88000 keys has been migrated, current key is:{06S}11461588882337306841146158888233730684
I20230706 11:20:00.232203 3086888 slot_migrate.cc:354] [migrate] 89000 keys has been migrated, current key is:{06S}1147784531358833076211477845313588330762
I20230706 11:20:00.375144 3086888 slot_migrate.cc:354] [migrate] 90000 keys has been migrated, current key is:{06S}1149422389834186641811494223898341866418
I20230706 11:20:00.513271 3086888 slot_migrate.cc:354] [migrate] 91000 keys has been migrated, current key is:{06S}1151083017893220374811510830178932203748
W20230706 11:20:00.536989 3086896 event_listener.cc:132] [event_listener/stall_cond_changed] column family: default write stall condition was changed, from normal to delay
I20230706 11:20:00.652565 3086888 slot_migrate.cc:354] [migrate] 92000 keys has been migrated, current key is:{06S}1152759020885914125411527590208859141254
I20230706 11:20:00.773705 3086667 event_listener.cc:138] [event_listener/table_file_created] column family: default, file path: /nvme/jinghuan/node_40001/db/000145.sst, file size: 30517478, job id: 66, reason: flush, status: OK
I20230706 11:20:00.783224 3086667 event_listener.cc:91] [event_listener/flush_completed] column family: default, thread_id: 3086667, job_id: 66, file: /nvme/jinghuan/node_40001/db/000145.sst, reason: 6, is_write_slowdown: no, is_write_stall: no, largest seqno: 24326998, smallest seqno: 23707493
W20230706 11:20:00.783288 3086667 event_listener.cc:132] [event_listener/stall_cond_changed] column family: default write stall condition was changed, from delay to normal
I20230706 11:20:00.792773 3086888 slot_migrate.cc:354] [migrate] 93000 keys has been migrated, current key is:{06S}1154395659620363894011543956596203638940
I20230706 11:20:00.873795 3086664 event_listener.cc:138] [event_listener/table_file_created] column family: default, file path: /nvme/jinghuan/node_40001/db/000122.sst, file size: 339593815, job id: 56, reason: compaction, status: OK
I20230706 11:20:00.895670 3086664 event_listener.cc:71] [event_listener/compaction_completed] column family: default, compaction reason: 1, output compression type: no, base input level(files): 0(4), output level(files): 0(1), input bytes: 339719734, output bytes:339593815, is_manual_compaction:no, elapsed(micro): 22396249
I20230706 11:20:00.903307 3086664 event_listener.cc:127] [event_listener/table_file_deleted] db: /nvme/jinghuan/node_40001/db, sst file: /nvme/jinghuan/node_40001/db/000105.sst, status: OK
I20230706 11:20:00.910629 3086664 event_listener.cc:127] [event_listener/table_file_deleted] db: /nvme/jinghuan/node_40001/db, sst file: /nvme/jinghuan/node_40001/db/000102.sst, status: OK
I20230706 11:20:00.916700 3086664 event_listener.cc:127] [event_listener/table_file_deleted] db: /nvme/jinghuan/node_40001/db, sst file: /nvme/jinghuan/node_40001/db/000097.sst, status: OK
I20230706 11:20:00.922557 3086664 event_listener.cc:127] [event_listener/table_file_deleted] db: /nvme/jinghuan/node_40001/db, sst file: /nvme/jinghuan/node_40001/db/000093.sst, status: OK
I20230706 11:20:00.930290 3086888 slot_migrate.cc:354] [migrate] 94000 keys has been migrated, current key is:{06S}1156056690362349729411560566903623497294
I20230706 11:20:01.056030 3086888 slot_migrate.cc:354] [migrate] 95000 keys has been migrated, current key is:{06S}1157756462947342957611577564629473429576
I20230706 11:20:01.183732 3086888 slot_migrate.cc:354] [migrate] 96000 keys has been migrated, current key is:{06S}1159409800544869727811594098005448697278
I20230706 11:20:01.309659 3086888 slot_migrate.cc:354] [migrate] 97000 keys has been migrated, current key is:{06S}1161045413844341427811610454138443414278
I20230706 11:20:01.437920 3086888 slot_migrate.cc:354] [migrate] 98000 keys has been migrated, current key is:{06S}1162664634016359506611626646340163595066
I20230706 11:20:01.564487 3086888 slot_migrate.cc:354] [migrate] 99000 keys has been migrated, current key is:{06S}1164318020087550637811643180200875506378
I20230706 11:20:01.696485 3086888 slot_migrate.cc:354] [migrate] 100000 keys has been migrated, current key is:{06S}1165999050180695192211659990501806951922
I20230706 11:20:01.834200 3086888 slot_migrate.cc:354] [migrate] 101000 keys has been migrated, current key is:{06S}1167666334593951809011676663345939518090
I20230706 11:20:01.963806 3086888 slot_migrate.cc:354] [migrate] 102000 keys has been migrated, current key is:{06S}1169350317870285427411693503178702854274
I20230706 11:20:02.036819 3086666 event_listener.cc:84] [event_listener/flush_begin] column family: default, thread_id: 3086666, job_id: 69, reason: 6
I20230706 11:20:02.090751 3086888 slot_migrate.cc:354] [migrate] 103000 keys has been migrated, current key is:{06S}1170990726845875954611709907268458759546
I20230706 11:20:02.217680 3086888 slot_migrate.cc:354] [migrate] 104000 keys has been migrated, current key is:{06S}1172627999687609802211726279996876098022
I20230706 11:20:02.341956 3086888 slot_migrate.cc:354] [migrate] 105000 keys has been migrated, current key is:{06S}1174286181434919760611742861814349197606
I20230706 11:20:02.485038 3086888 slot_migrate.cc:354] [migrate] 106000 keys has been migrated, current key is:{06S}1175929775018031328411759297750180313284
I20230706 11:20:02.612922 3086888 slot_migrate.cc:354] [migrate] 107000 keys has been migrated, current key is:{06S}1177583112615558098611775831126155580986
I20230706 11:20:02.742851 3086888 slot_migrate.cc:354] [migrate] 108000 keys has been migrated, current key is:{06S}1179212807856604180811792128078566041808
I20230706 11:20:02.873415 3086888 slot_migrate.cc:354] [migrate] 109000 keys has been migrated, current key is:{06S}1180937747863336990011809377478633369900
I20230706 11:20:02.985916 3086666 event_listener.cc:138] [event_listener/table_file_created] column family: default, file path: /nvme/jinghuan/node_40001/db/000148.sst, file size: 30750287, job id: 69, reason: flush, status: OK
I20230706 11:20:02.992983 3086666 event_listener.cc:91] [event_listener/flush_completed] column family: default, thread_id: 3086666, job_id: 69, file: /nvme/jinghuan/node_40001/db/000148.sst, reason: 6, is_write_slowdown: no, is_write_stall: no, largest seqno: 24945205, smallest seqno: 24327060
I20230706 11:20:03.012387 3086888 slot_migrate.cc:354] [migrate] 110000 keys has been migrated, current key is:{06S}1182626910902298960211826269109022989602
I20230706 11:20:03.152681 3086888 slot_migrate.cc:354] [migrate] 111000 keys has been migrated, current key is:{06S}11842841944594713621184284194459471362
I20230706 11:20:03.284858 3086888 slot_migrate.cc:354] [migrate] 112000 keys has been migrated, current key is:{06S}1185906020837553506011859060208375535060
I20230706 11:20:03.422899 3086888 slot_migrate.cc:354] [migrate] 113000 keys has been migrated, current key is:{06S}1187525185294722758811875251852947227588
I20230706 11:20:03.563338 3086888 slot_migrate.cc:354] [migrate] 114000 keys has been migrated, current key is:{06S}1189211902021960954411892119020219609544
I20230706 11:20:03.698967 3086888 slot_migrate.cc:354] [migrate] 115000 keys has been migrated, current key is:{06S}1190896220911139736411908962209111397364
I20230706 11:20:03.831001 3086888 slot_migrate.cc:354] [migrate] 116000 keys has been migrated, current key is:{06S}1192546318186296640011925463181862966400
I20230706 11:20:03.948900 3086667 event_listener.cc:84] [event_listener/flush_begin] column family: metadata, thread_id: 3086667, job_id: 71, reason: 13
I20230706 11:20:03.958338 3086888 slot_migrate.cc:354] [migrate] 117000 keys has been migrated, current key is:{06S}1194203578687141716811942035786871417168
I20230706 11:20:04.075006 3086667 event_listener.cc:138] [event_listener/table_file_created] column family: metadata, file path: /nvme/jinghuan/node_40001/db/000152.sst, file size: 2697148, job id: 71, reason: flush, status: OK
I20230706 11:20:04.085593 3086888 slot_migrate.cc:354] [migrate] 118000 keys has been migrated, current key is:{06S}1195896213472805530211958962134728055302
I20230706 11:20:04.091979 3086667 event_listener.cc:91] [event_listener/flush_completed] column family: metadata, thread_id: 3086667, job_id: 71, file: /nvme/jinghuan/node_40001/db/000152.sst, reason: 13, is_write_slowdown: no, is_write_stall: no, largest seqno: 25356274, smallest seqno: 22035689
I20230706 11:20:04.211102 3086888 slot_migrate.cc:354] [migrate] 119000 keys has been migrated, current key is:{06S}11975796382114414961197579638211441496
I20230706 11:20:04.336011 3086888 slot_migrate.cc:354] [migrate] 120000 keys has been migrated, current key is:{06S}1199212472778912260011992124727789122600
I20230706 11:20:04.461294 3086888 slot_migrate.cc:354] [migrate] 121000 keys has been migrated, current key is:{06S}1200809862798889346412008098627988893464
I20230706 11:20:04.587963 3086888 slot_migrate.cc:354] [migrate] 122000 keys has been migrated, current key is:{06S}1202472198873849588012024721988738495880
I20230706 11:20:04.715049 3086888 slot_migrate.cc:354] [migrate] 123000 keys has been migrated, current key is:{06S}1204202672852498490412042026728524984904
I20230706 11:20:04.777951 3086665 event_listener.cc:138] [event_listener/table_file_created] column family: default, file path: /nvme/jinghuan/node_40001/db/000136.sst, file size: 287237656, job id: 63, reason: compaction, status: OK
I20230706 11:20:04.802964 3086665 event_listener.cc:71] [event_listener/compaction_completed] column family: default, compaction reason: 1, output compression type: no, base input level(files): 0(4), output level(files): 0(1), input bytes: 286876728, output bytes:287237656, is_manual_compaction:no, elapsed(micro): 12301831
I20230706 11:20:04.812207 3086665 event_listener.cc:127] [event_listener/table_file_deleted] db: /nvme/jinghuan/node_40001/db, sst file: /nvme/jinghuan/node_40001/db/000120.sst, status: OK
I20230706 11:20:04.820250 3086665 event_listener.cc:127] [event_listener/table_file_deleted] db: /nvme/jinghuan/node_40001/db, sst file: /nvme/jinghuan/node_40001/db/000117.sst, status: OK
I20230706 11:20:04.826433 3086665 event_listener.cc:127] [event_listener/table_file_deleted] db: /nvme/jinghuan/node_40001/db, sst file: /nvme/jinghuan/node_40001/db/000112.sst, status: OK
I20230706 11:20:04.832722 3086665 event_listener.cc:127] [event_listener/table_file_deleted] db: /nvme/jinghuan/node_40001/db, sst file: /nvme/jinghuan/node_40001/db/000109.sst, status: OK
I20230706 11:20:04.836728 3086888 slot_migrate.cc:354] [migrate] 124000 keys has been migrated, current key is:{06S}1205882781699178163212058827816991781632
I20230706 11:20:04.879194 3086666 event_listener.cc:84] [event_listener/flush_begin] column family: default, thread_id: 3086666, job_id: 74, reason: 6
I20230706 11:20:04.947116 3086888 slot_migrate.cc:354] [migrate] 125000 keys has been migrated, current key is:{06S}12075267286780626261207526728678062626
I20230706 11:20:05.057693 3086888 slot_migrate.cc:354] [migrate] 126000 keys has been migrated, current key is:{06S}1209180786788458930812091807867884589308
I20230706 11:20:05.175494 3086888 slot_migrate.cc:354] [migrate] 127000 keys has been migrated, current key is:{06S}1210853500985118453812108535009851184538
I20230706 11:20:05.289574 3086888 slot_migrate.cc:354] [migrate] 128000 keys has been migrated, current key is:{06S}1212510023190166264612125100231901662646
I20230706 11:20:05.406787 3086888 slot_migrate.cc:354] [migrate] 129000 keys has been migrated, current key is:{06S}1214164330507822277412141643305078222774
I20230706 11:20:05.526569 3086888 slot_migrate.cc:354] [migrate] 130000 keys has been migrated, current key is:{06S}1215803079941150657012158030799411506570
I20230706 11:20:05.653364 3086888 slot_migrate.cc:354] [migrate] 131000 keys has been migrated, current key is:{06S}1217456648963009403812174566489630094038
I20230706 11:20:05.774048 3086888 slot_migrate.cc:354] [migrate] 132000 keys has been migrated, current key is:{06S}12191384500285161701219138450028516170
I20230706 11:20:05.896322 3086888 slot_migrate.cc:354] [migrate] 133000 keys has been migrated, current key is:{06S}1220824951128521804212208249511285218042
I20230706 11:20:06.017143 3086888 slot_migrate.cc:354] [migrate] 134000 keys has been migrated, current key is:{06S}1222460515954329143212224605159543291432
I20230706 11:20:06.128216 3086888 slot_migrate.cc:354] [migrate] 135000 keys has been migrated, current key is:{06S}1224082182438070996612240821824380709966
I20230706 11:20:06.179425 3086664 event_listener.cc:138] [event_listener/table_file_created] column family: default, file path: /nvme/jinghuan/node_40001/db/000149.sst, file size: 70391526, job id: 70, reason: compaction, status: OK
I20230706 11:20:06.194172 3086664 event_listener.cc:71] [event_listener/compaction_completed] column family: default, compaction reason: 1, output compression type: no, base input level(files): 0(4), output level(files): 0(1), input bytes: 124216204, output bytes:70391526, is_manual_compaction:no, elapsed(micro): 3186434
I20230706 11:20:06.200986 3086664 event_listener.cc:127] [event_listener/table_file_deleted] db: /nvme/jinghuan/node_40001/db, sst file: /nvme/jinghuan/node_40001/db/000135.sst, status: OK
I20230706 11:20:06.208029 3086664 event_listener.cc:127] [event_listener/table_file_deleted] db: /nvme/jinghuan/node_40001/db, sst file: /nvme/jinghuan/node_40001/db/000130.sst, status: OK
I20230706 11:20:06.213202 3086664 event_listener.cc:127] [event_listener/table_file_deleted] db: /nvme/jinghuan/node_40001/db, sst file: /nvme/jinghuan/node_40001/db/000127.sst, status: OK
I20230706 11:20:06.218046 3086664 event_listener.cc:127] [event_listener/table_file_deleted] db: /nvme/jinghuan/node_40001/db, sst file: /nvme/jinghuan/node_40001/db/000124.sst, status: OK
I20230706 11:20:06.238859 3086888 slot_migrate.cc:354] [migrate] 136000 keys has been migrated, current key is:{06S}1225727435563444712012257274355634447120
I20230706 11:20:06.279856 3086666 event_listener.cc:138] [event_listener/table_file_created] column family: default, file path: /nvme/jinghuan/node_40001/db/000155.sst, file size: 30693811, job id: 74, reason: flush, status: OK
I20230706 11:20:06.292316 3086666 event_listener.cc:91] [event_listener/flush_completed] column family: default, thread_id: 3086666, job_id: 74, file: /nvme/jinghuan/node_40001/db/000155.sst, reason: 6, is_write_slowdown: no, is_write_stall: no, largest seqno: 25560050, smallest seqno: 24945306
I20230706 11:20:06.294931 3086888 event_listener.cc:127] [event_listener/table_file_deleted] db: /nvme/jinghuan/node_40001/db, sst file: /nvme/jinghuan/node_40001/db/000148.sst, status: OK
I20230706 11:20:06.297235 3086888 event_listener.cc:127] [event_listener/table_file_deleted] db: /nvme/jinghuan/node_40001/db, sst file: /nvme/jinghuan/node_40001/db/000145.sst, status: OK
I20230706 11:20:06.299710 3086888 event_listener.cc:127] [event_listener/table_file_deleted] db: /nvme/jinghuan/node_40001/db, sst file: /nvme/jinghuan/node_40001/db/000142.sst, status: OK
I20230706 11:20:06.302163 3086888 event_listener.cc:127] [event_listener/table_file_deleted] db: /nvme/jinghuan/node_40001/db, sst file: /nvme/jinghuan/node_40001/db/000139.sst, status: OK
I20230706 11:20:06.362323 3086888 slot_migrate.cc:354] [migrate] 137000 keys has been migrated, current key is:{06S}1227438477228112035612274384772281120356
I20230706 11:20:06.473299 3086888 slot_migrate.cc:354] [migrate] 138000 keys has been migrated, current key is:{06S}1229098184040680887012290981840406808870
I20230706 11:20:06.583456 3086888 slot_migrate.cc:354] [migrate] 139000 keys has been migrated, current key is:{06S}1230726354216468076212307263542164680762
I20230706 11:20:06.696662 3086888 slot_migrate.cc:354] [migrate] 140000 keys has been migrated, current key is:{06S}12323581177736086501232358117773608650
I20230706 11:20:06.810086 3086888 slot_migrate.cc:354] [migrate] 141000 keys has been migrated, current key is:{06S}1234038153459301142412340381534593011424
I20230706 11:20:06.924947 3086888 slot_migrate.cc:354] [migrate] 142000 keys has been migrated, current key is:{06S}1235724870186539338012357248701865393380
I20230706 11:20:07.034000 3086888 slot_migrate.cc:354] [migrate] 143000 keys has been migrated, current key is:{06S}1237338220773796160012373382207737961600
I20230706 11:20:07.143853 3086888 slot_migrate.cc:354] [migrate] 144000 keys has been migrated, current key is:{06S}1238948770840041466012389487708400414660
I20230706 11:20:07.250926 3086888 slot_migrate.cc:354] [migrate] 145000 keys has been migrated, current key is:{06S}1240650758312426492212406507583124264922
I20230706 11:20:07.358446 3086888 slot_migrate.cc:354] [migrate] 146000 keys has been migrated, current key is:{06S}124235760424595526124235760424595526
I20230706 11:20:07.464978 3086888 slot_migrate.cc:354] [migrate] 147000 keys has been migrated, current key is:{06S}1244032958820004378212440329588200043782
I20230706 11:20:07.572433 3086888 slot_migrate.cc:354] [migrate] 148000 keys has been migrated, current key is:{06S}1245645168428511831812456451684285118318
I20230706 11:20:07.690724 3086888 slot_migrate.cc:354] [migrate] 149000 keys has been migrated, current key is:{06S}1247255382881911974212472553828819119742
I20230706 11:20:07.753764 3086667 event_listener.cc:84] [event_listener/flush_begin] column family: default, thread_id: 3086667, job_id: 76, reason: 6
I20230706 11:20:07.806946 3086888 slot_migrate.cc:354] [migrate] 150000 keys has been migrated, current key is:{06S}1248931233212428176812489312332124281768
I20230706 11:20:07.923861 3086888 slot_migrate.cc:354] [migrate] 151000 keys has been migrated, current key is:{06S}1250638504635954741812506385046359547418
I20230706 11:20:08.020983 3086888 slot_migrate.cc:354] [migrate] 152000 keys has been migrated, current key is:{06S}1252276180160640691812522761801606406918
I20230706 11:20:08.114439 3086888 slot_migrate.cc:354] [migrate] 153000 keys has been migrated, current key is:{06S}1253906900836664842612539069008366648426
I20230706 11:20:08.208199 3086888 slot_migrate.cc:354] [migrate] 154000 keys has been migrated, current key is:{06S}1255582165533561327212555821655335613272
I20230706 11:20:08.297099 3086888 slot_migrate.cc:354] [migrate] 155000 keys has been migrated, current key is:{06S}1257332168773520530412573321687735205304
I20230706 11:20:08.387574 3086888 slot_migrate.cc:354] [migrate] 156000 keys has been migrated, current key is:{06S}1258981631941393355012589816319413933550
I20230706 11:20:08.495152 3086888 slot_migrate.cc:354] [migrate] 157000 keys has been migrated, current key is:{06S}1260596690544576685612605966905445766856
I20230706 11:20:08.602880 3086888 slot_migrate.cc:354] [migrate] 158000 keys has been migrated, current key is:{06S}1262217618732521273012622176187325212730
I20230706 11:20:08.703224 3086888 slot_migrate.cc:354] [migrate] 159000 keys has been migrated, current key is:{06S}1263911625921266431412639116259212664314
I20230706 11:20:08.780038 3086667 event_listener.cc:138] [event_listener/table_file_created] column family: default, file path: /nvme/jinghuan/node_40001/db/000159.sst, file size: 30646466, job id: 76, reason: flush, status: OK
I20230706 11:20:08.793013 3086888 slot_migrate.cc:354] [migrate] 160000 keys has been migrated, current key is:{06S}1265639702061855920212656397020618559202
I20230706 11:20:08.795500 3086667 event_listener.cc:91] [event_listener/flush_completed] column family: default, thread_id: 3086667, job_id: 76, file: /nvme/jinghuan/node_40001/db/000159.sst, reason: 6, is_write_slowdown: no, is_write_stall: no, largest seqno: 26171737, smallest seqno: 25560051
I20230706 11:20:08.894925 3086888 slot_migrate.cc:354] [migrate] 161000 keys has been migrated, current key is:{06S}1267303466254746332812673034662547463328
I20230706 11:20:09.015885 3086888 slot_migrate.cc:354] [migrate] 162000 keys has been migrated, current key is:{06S}1268956114030140198012689561140301401980
I20230706 11:20:09.135726 3086888 slot_migrate.cc:354] [migrate] 163000 keys has been migrated, current key is:{06S}1270646936611364315812706469366113643158
I20230706 11:20:09.247267 3086888 slot_migrate.cc:354] [migrate] 164000 keys has been migrated, current key is:{06S}1272344818229763419812723448182297634198
I20230706 11:20:09.357980 3086888 slot_migrate.cc:354] [migrate] 165000 keys has been migrated, current key is:{06S}1273977985217511345212739779852175113452
I20230706 11:20:09.468056 3086888 slot_migrate.cc:354] [migrate] 166000 keys has been migrated, current key is:{06S}1275604495851036386812756044958510363868
I20230706 11:20:09.579051 3086888 slot_migrate.cc:354] [migrate] 167000 keys has been migrated, current key is:{06S}1277251225568004634212772512255680046342
I20230706 11:20:09.689560 3086888 slot_migrate.cc:354] [migrate] 168000 keys has been migrated, current key is:{06S}1278960790641077425812789607906410774258
I20230706 11:20:09.800071 3086888 slot_migrate.cc:354] [migrate] 169000 keys has been migrated, current key is:{06S}1280670124289818240812806701242898182408
I20230706 11:20:09.909546 3086888 slot_migrate.cc:354] [migrate] 170000 keys has been migrated, current key is:{06S}1282308873723146620412823088737231466204
I20230706 11:20:10.018739 3086888 slot_migrate.cc:354] [migrate] 171000 keys has been migrated, current key is:{06S}1283943700253156693412839437002531566934
I20230706 11:20:10.128321 3086888 slot_migrate.cc:354] [migrate] 172000 keys has been migrated, current key is:{06S}1285587293836268261212855872938362682612
I20230706 11:20:10.240586 3086888 slot_migrate.cc:354] [migrate] 173000 keys has been migrated, current key is:{06S}1287310574300738922812873105743007389228
I20230706 11:20:10.351708 3086888 slot_migrate.cc:354] [migrate] 174000 keys has been migrated, current key is:{06S}1288958963559969317812889589635599693178
I20230706 11:20:10.461688 3086888 slot_migrate.cc:354] [migrate] 175000 keys has been migrated, current key is:{06S}1290586212489291625412905862124892916254
I20230706 11:20:10.571647 3086888 slot_migrate.cc:354] [migrate] 176000 keys has been migrated, current key is:{06S}1292231569803178527812922315698031785278
I20230706 11:20:10.679879 3086888 slot_migrate.cc:354] [migrate] 177000 keys has been migrated, current key is:{06S}1293934631184205983612939346311842059836
I20230706 11:20:10.789186 3086888 slot_migrate.cc:354] [migrate] 178000 keys has been migrated, current key is:{06S}1295608083676662772612956080836766627726
I20230706 11:20:10.796895 3086666 event_listener.cc:84] [event_listener/flush_begin] column family: default, thread_id: 3086666, job_id: 77, reason: 6
I20230706 11:20:10.891562 3086888 slot_migrate.cc:354] [migrate] 179000 keys has been migrated, current key is:{06S}1297234929923032977812972349299230329778
I20230706 11:20:10.993593 3086888 slot_migrate.cc:354] [migrate] 180000 keys has been migrated, current key is:{06S}12988271700666252181298827170066625218
I20230706 11:20:11.099653 3086888 slot_migrate.cc:354] [migrate] 181000 keys has been migrated, current key is:{06S}1300484632105558765813004846321055587658
I20230706 11:20:11.215595 3086888 slot_migrate.cc:354] [migrate] 182000 keys has been migrated, current key is:{06S}1302197333312488237013021973333124882370
I20230706 11:20:11.325767 3086888 slot_migrate.cc:354] [migrate] 183000 keys has been migrated, current key is:{06S}1303880913905869753013038809139058697530
I20230706 11:20:11.437422 3086888 slot_migrate.cc:354] [migrate] 184000 keys has been migrated, current key is:{06S}13054937431483140781305493743148314078
I20230706 11:20:11.549053 3086888 slot_migrate.cc:354] [migrate] 185000 keys has been migrated, current key is:{06S}1307118377288592203013071183772885922030
I20230706 11:20:11.660760 3086888 slot_migrate.cc:354] [migrate] 186000 keys has been migrated, current key is:{06S}1308824574803476338413088245748034763384
I20230706 11:20:11.778406 3086888 slot_migrate.cc:354] [migrate] 187000 keys has been migrated, current key is:{06S}1310478143825335085213104781438253350852
I20230706 11:20:11.872525 3086888 slot_migrate.cc:354] [migrate] 188000 keys has been migrated, current key is:{06S}131211661686160894131211661686160894
I20230706 11:20:11.963862 3086888 slot_migrate.cc:354] [migrate] 189000 keys has been migrated, current key is:{06S}13137262346114954321313726234611495432
I20230706 11:20:12.056711 3086888 slot_migrate.cc:354] [migrate] 190000 keys has been migrated, current key is:{06S}1315387687297432979213153876872974329792
I20230706 11:20:12.162109 3086888 slot_migrate.cc:354] [migrate] 191000 keys has been migrated, current key is:{06S}1317123053899529430813171230538995294308
I20230706 11:20:12.177829 3086666 event_listener.cc:138] [event_listener/table_file_created] column family: default, file path: /nvme/jinghuan/node_40001/db/000162.sst, file size: 31865435, job id: 77, reason: flush, status: OK
I20230706 11:20:12.184419 3086666 event_listener.cc:91] [event_listener/flush_completed] column family: default, thread_id: 3086666, job_id: 77, file: /nvme/jinghuan/node_40001/db/000162.sst, reason: 6, is_write_slowdown: no, is_write_stall: no, largest seqno: 26815151, smallest seqno: 26171738
I20230706 11:20:12.280719 3086888 slot_migrate.cc:354] [migrate] 192000 keys has been migrated, current key is:{06S}1318772517067402255413187725170674022554
I20230706 11:20:12.381484 3086665 event_listener.cc:138] [event_listener/table_file_created] column family: metadata, file path: /nvme/jinghuan/node_40001/db/000153.sst, file size: 135704275, job id: 73, reason: compaction, status: OK
I20230706 11:20:12.383174 3086664 event_listener.cc:138] [event_listener/table_file_created] column family: default, file path: /nvme/jinghuan/node_40001/db/000156.sst, file size: 138662226, job id: 75, reason: compaction, status: OK
I20230706 11:20:12.400643 3086665 event_listener.cc:71] [event_listener/compaction_completed] column family: metadata, compaction reason: 1, output compression type: no, base input level(files): 0(5), output level(files): 1(1), input bytes: 136560097, output bytes:135704275, is_manual_compaction:no, elapsed(micro): 7548750
I20230706 11:20:12.401232 3086665 event_listener.cc:127] [event_listener/table_file_deleted] db: /nvme/jinghuan/node_40001/db, sst file: /nvme/jinghuan/node_40001/db/000152.sst, status: OK
I20230706 11:20:12.404394 3086665 event_listener.cc:127] [event_listener/table_file_deleted] db: /nvme/jinghuan/node_40001/db, sst file: /nvme/jinghuan/node_40001/db/000132.sst, status: OK
I20230706 11:20:13.392575 3086888 slot_migrate.cc:354] [migrate] 193000 keys has been migrated, current key is:{06S}1320402316496961524613204023164969615246
I20230706 11:20:13.508569 3086888 slot_migrate.cc:354] [migrate] 194000 keys has been migrated, current key is:{06S}1322029461237770645213220294612377706452
I20230706 11:20:13.623857 3086888 slot_migrate.cc:354] [migrate] 195000 keys has been migrated, current key is:{06S}1323711333815225652613237113338152256526
I20230706 11:20:13.741488 3086888 slot_migrate.cc:354] [migrate] 196000 keys has been migrated, current key is:{06S}1325404602708173545013254046027081735450
I20230706 11:20:13.859066 3086888 slot_migrate.cc:354] [migrate] 197000 keys has been migrated, current key is:{06S}1327048196291285112813270481962912851128
I20230706 11:20:13.976364 3086888 slot_migrate.cc:354] [migrate] 198000 keys has been migrated, current key is:{06S}1328684499412889717813286844994128897178
I20230706 11:20:14.088830 3086888 slot_migrate.cc:354] [migrate] 199000 keys has been migrated, current key is:{06S}1330340283322140262613303402833221402626
I20230706 11:20:14.201678 3086888 slot_migrate.cc:354] [migrate] 200000 keys has been migrated, current key is:{06S}1332023528302676615013320235283026766150
I20230706 11:20:14.317238 3086888 slot_migrate.cc:354] [migrate] 201000 keys has been migrated, current key is:{06S}1333712691341638585213337126913416385852
I20230706 11:20:14.433789 3086888 slot_migrate.cc:354] [migrate] 202000 keys has been migrated, current key is:{06S}1335325486583765756813353254865837657568
I20230706 11:20:14.549674 3086888 slot_migrate.cc:354] [migrate] 203000 keys has been migrated, current key is:{06S}1336950337675028650813369503376750286508
I20230706 11:20:14.667407 3086888 slot_migrate.cc:354] [migrate] 204000 keys has been migrated, current key is:{06S}1338609593330981038813386095933309810388
I20230706 11:20:14.781873 3086888 slot_migrate.cc:354] [migrate] 205000 keys has been migrated, current key is:{06S}1340344959933077490413403449599330774904
I20230706 11:20:14.898725 3086888 slot_migrate.cc:354] [migrate] 206000 keys has been migrated, current key is:{06S}1342029864455875990413420298644558759904
I20230706 11:20:14.974732 3086664 event_listener.cc:138] [event_listener/table_file_created] column family: default, file path: /nvme/jinghuan/node_40001/db/000163.sst, file size: 138698667, job id: 75, reason: compaction, status: OK
