Log file created at: 2023/07/06 11:17:30
Running on machine: en4217754l
Running duration (h:mm:ss): 0:00:00
Log line format: [IWEF]yyyymmdd hh:mm:ss.uuuuuu threadid file:line] msg
I20230706 11:17:30.397540 3086648 main.cc:328] kvrocks unstable (commit 4a10c89)
I20230706 11:17:30.910845 3086648 storage.cc:322] [storage] Success to load the data from disk: 123 ms
I20230706 11:17:30.911871 3086648 worker.cc:72] [worker] Listening on: 10.218.109.65:40001
I20230706 11:17:30.911931 3086648 worker.cc:72] [worker] Listening on: 127.0.0.1:40001
I20230706 11:17:30.912369 3086648 worker.cc:72] [worker] Listening on: 10.218.109.65:40001
I20230706 11:17:30.912408 3086648 worker.cc:72] [worker] Listening on: 127.0.0.1:40001
I20230706 11:17:30.912729 3086648 worker.cc:72] [worker] Listening on: 10.218.109.65:40001
I20230706 11:17:30.912766 3086648 worker.cc:72] [worker] Listening on: 127.0.0.1:40001
I20230706 11:17:30.913054 3086648 worker.cc:72] [worker] Listening on: 10.218.109.65:40001
I20230706 11:17:30.913091 3086648 worker.cc:72] [worker] Listening on: 127.0.0.1:40001
I20230706 11:17:30.913383 3086648 worker.cc:72] [worker] Listening on: 10.218.109.65:40001
I20230706 11:17:30.913419 3086648 worker.cc:72] [worker] Listening on: 127.0.0.1:40001
I20230706 11:17:30.913708 3086648 worker.cc:72] [worker] Listening on: 10.218.109.65:40001
I20230706 11:17:30.913744 3086648 worker.cc:72] [worker] Listening on: 127.0.0.1:40001
I20230706 11:17:30.914019 3086648 worker.cc:72] [worker] Listening on: 10.218.109.65:40001
I20230706 11:17:30.914057 3086648 worker.cc:72] [worker] Listening on: 127.0.0.1:40001
I20230706 11:17:30.914326 3086648 worker.cc:72] [worker] Listening on: 10.218.109.65:40001
I20230706 11:17:30.914362 3086648 worker.cc:72] [worker] Listening on: 127.0.0.1:40001
W20230706 11:17:30.914594 3086648 server.cc:1650] [server] Increased maximum number of open files to 14224 (it's originally set to 1024)
I20230706 11:17:30.915000 3086648 cluster.cc:643] The cluster nodes file /nvme/jinghuan/node_40001/nodes.conf is not found. Use CLUSTERX subcommands to specify it.
I20230706 11:17:30.915032 3086648 cluster.cc:643] The cluster nodes file /nvme/jinghuan/node_40001/nodes.conf is not found. Use CLUSTERX subcommands to specify it.
I20230706 11:17:30.920704 3086648 worker.cc:519] [worker] Thread #139787151337216 started
I20230706 11:17:30.920737 3086648 worker.cc:519] [worker] Thread #139787159729920 started
I20230706 11:17:30.920776 3086648 worker.cc:519] [worker] Thread #139787530491648 started
I20230706 11:17:30.920814 3086648 worker.cc:519] [worker] Thread #139787522098944 started
I20230706 11:17:30.920855 3086648 worker.cc:519] [worker] Thread #139787513706240 started
I20230706 11:17:30.920892 3086648 worker.cc:519] [worker] Thread #139787505313536 started
I20230706 11:17:30.920926 3086648 worker.cc:519] [worker] Thread #139787293947648 started
I20230706 11:17:30.920969 3086648 worker.cc:519] [worker] Thread #139787285554944 started
I20230706 11:17:30.921084 3086648 server.cc:211] [server] Ready to accept connections
I20230706 11:17:31.435238 3086895 cluster.cc:286] MASTER MODE enabled by cluster topology setting
I20230706 11:17:34.087527 3086666 event_listener.cc:84] [event_listener/flush_begin] column family: default, thread_id: 3086666, job_id: 3, reason: 6
I20230706 11:17:34.505887 3086666 event_listener.cc:138] [event_listener/table_file_created] column family: default, file path: /nvme/jinghuan/node_40001/db/000016.sst, file size: 83038959, job id: 3, reason: flush, status: OK
I20230706 11:17:34.522293 3086666 event_listener.cc:91] [event_listener/flush_completed] column family: default, thread_id: 3086666, job_id: 3, file: /nvme/jinghuan/node_40001/db/000016.sst, reason: 6, is_write_slowdown: no, is_write_stall: no, largest seqno: 716440, smallest seqno: 1
I20230706 11:17:35.230350 3086664 event_listener.cc:138] [event_listener/table_file_created] column family: default, file path: /nvme/jinghuan/node_40001/db/000017.sst, file size: 83038955, job id: 4, reason: compaction, status: OK
I20230706 11:17:35.249658 3086664 event_listener.cc:71] [event_listener/compaction_completed] column family: default, compaction reason: 11, output compression type: no, base input level(files): 0(1), output level(files): 0(1), input bytes: 83038959, output bytes:83038955, is_manual_compaction:no, elapsed(micro): 708033
I20230706 11:17:35.260115 3086664 event_listener.cc:127] [event_listener/table_file_deleted] db: /nvme/jinghuan/node_40001/db, sst file: /nvme/jinghuan/node_40001/db/000016.sst, status: OK
I20230706 11:17:36.678027 3086667 event_listener.cc:84] [event_listener/flush_begin] column family: default, thread_id: 3086667, job_id: 5, reason: 6
I20230706 11:17:37.100201 3086667 event_listener.cc:138] [event_listener/table_file_created] column family: default, file path: /nvme/jinghuan/node_40001/db/000020.sst, file size: 83048959, job id: 5, reason: flush, status: OK
I20230706 11:17:37.116040 3086667 event_listener.cc:91] [event_listener/flush_completed] column family: default, thread_id: 3086667, job_id: 5, file: /nvme/jinghuan/node_40001/db/000020.sst, reason: 6, is_write_slowdown: no, is_write_stall: no, largest seqno: 1432969, smallest seqno: 716442
I20230706 11:17:39.226370 3086666 event_listener.cc:84] [event_listener/flush_begin] column family: default, thread_id: 3086666, job_id: 6, reason: 6
I20230706 11:17:39.649992 3086666 event_listener.cc:138] [event_listener/table_file_created] column family: default, file path: /nvme/jinghuan/node_40001/db/000023.sst, file size: 83057854, job id: 6, reason: flush, status: OK
I20230706 11:17:39.665400 3086666 event_listener.cc:91] [event_listener/flush_completed] column family: default, thread_id: 3086666, job_id: 6, file: /nvme/jinghuan/node_40001/db/000023.sst, reason: 6, is_write_slowdown: no, is_write_stall: no, largest seqno: 2149498, smallest seqno: 1432971
I20230706 11:17:41.813143 3086667 event_listener.cc:84] [event_listener/flush_begin] column family: default, thread_id: 3086667, job_id: 7, reason: 6
I20230706 11:17:42.787277 3086666 event_listener.cc:84] [event_listener/flush_begin] column family: metadata, thread_id: 3086666, job_id: 8, reason: 13
W20230706 11:17:43.023309 3086890 event_listener.cc:132] [event_listener/stall_cond_changed] column family: default write stall condition was changed, from normal to delay
I20230706 11:17:44.593116 3086666 event_listener.cc:138] [event_listener/table_file_created] column family: metadata, file path: /nvme/jinghuan/node_40001/db/000028.sst, file size: 19243637, job id: 8, reason: flush, status: OK
I20230706 11:17:44.609259 3086666 event_listener.cc:91] [event_listener/flush_completed] column family: metadata, thread_id: 3086666, job_id: 8, file: /nvme/jinghuan/node_40001/db/000028.sst, reason: 13, is_write_slowdown: no, is_write_stall: no, largest seqno: 3147551, smallest seqno: 11
I20230706 11:17:44.676569 3086666 event_listener.cc:84] [event_listener/flush_begin] column family: default, thread_id: 3086666, job_id: 9, reason: 6
I20230706 11:17:46.488371 3086665 event_listener.cc:138] [event_listener/table_file_created] column family: metadata, file path: /nvme/jinghuan/node_40001/db/000031.sst, file size: 19243633, job id: 10, reason: compaction, status: OK
I20230706 11:17:46.503666 3086665 event_listener.cc:71] [event_listener/compaction_completed] column family: metadata, compaction reason: 11, output compression type: no, base input level(files): 0(1), output level(files): 0(1), input bytes: 19243637, output bytes:19243633, is_manual_compaction:no, elapsed(micro): 1855425
I20230706 11:17:47.092938 3086667 event_listener.cc:138] [event_listener/table_file_created] column family: default, file path: /nvme/jinghuan/node_40001/db/000026.sst, file size: 83046803, job id: 7, reason: flush, status: OK
I20230706 11:17:47.108620 3086667 event_listener.cc:91] [event_listener/flush_completed] column family: default, thread_id: 3086667, job_id: 7, file: /nvme/jinghuan/node_40001/db/000026.sst, reason: 6, is_write_slowdown: no, is_write_stall: no, largest seqno: 2865928, smallest seqno: 2149500
I20230706 11:17:47.111549 3086667 event_listener.cc:127] [event_listener/table_file_deleted] db: /nvme/jinghuan/node_40001/db, sst file: /nvme/jinghuan/node_40001/db/000028.sst, status: OK
W20230706 11:17:47.111667 3086667 event_listener.cc:132] [event_listener/stall_cond_changed] column family: default write stall condition was changed, from stop to normal
W20230706 11:17:47.112032 3086890 event_listener.cc:132] [event_listener/stall_cond_changed] column family: default write stall condition was changed, from delay to stop
W20230706 11:17:48.280458 3086894 event_listener.cc:132] [event_listener/stall_cond_changed] column family: default write stall condition was changed, from normal to delay
I20230706 11:17:49.515792 3086667 event_listener.cc:84] [event_listener/flush_begin] column family: default, thread_id: 3086667, job_id: 12, reason: 6
I20230706 11:17:51.595706 3086666 event_listener.cc:138] [event_listener/table_file_created] column family: default, file path: /nvme/jinghuan/node_40001/db/000032.sst, file size: 83041058, job id: 9, reason: flush, status: OK
I20230706 11:17:51.611760 3086666 event_listener.cc:91] [event_listener/flush_completed] column family: default, thread_id: 3086666, job_id: 9, file: /nvme/jinghuan/node_40001/db/000032.sst, reason: 6, is_write_slowdown: no, is_write_stall: no, largest seqno: 3582369, smallest seqno: 2865930
W20230706 11:17:51.612140 3086666 event_listener.cc:132] [event_listener/stall_cond_changed] column family: default write stall condition was changed, from stop to normal
W20230706 11:17:51.612382 3086896 event_listener.cc:132] [event_listener/stall_cond_changed] column family: default write stall condition was changed, from delay to stop
W20230706 11:17:52.749672 3086889 event_listener.cc:132] [event_listener/stall_cond_changed] column family: default write stall condition was changed, from normal to delay
I20230706 11:17:53.978973 3086666 event_listener.cc:84] [event_listener/flush_begin] column family: default, thread_id: 3086666, job_id: 13, reason: 6
I20230706 11:17:55.405402 3086667 event_listener.cc:138] [event_listener/table_file_created] column family: default, file path: /nvme/jinghuan/node_40001/db/000036.sst, file size: 77265618, job id: 12, reason: flush, status: OK
I20230706 11:17:55.413473 3086667 event_listener.cc:91] [event_listener/flush_completed] column family: default, thread_id: 3086667, job_id: 12, file: /nvme/jinghuan/node_40001/db/000036.sst, reason: 6, is_write_slowdown: no, is_write_stall: no, largest seqno: 4248969, smallest seqno: 3582371
W20230706 11:17:55.413545 3086667 event_listener.cc:132] [event_listener/stall_cond_changed] column family: default write stall condition was changed, from stop to normal
W20230706 11:17:55.415670 3086892 event_listener.cc:132] [event_listener/stall_cond_changed] column family: default write stall condition was changed, from delay to stop
W20230706 11:17:56.573186 3086896 event_listener.cc:132] [event_listener/stall_cond_changed] column family: default write stall condition was changed, from normal to delay
I20230706 11:17:57.773638 3086667 event_listener.cc:84] [event_listener/flush_begin] column family: default, thread_id: 3086667, job_id: 14, reason: 6
I20230706 11:18:00.100661 3086666 event_listener.cc:138] [event_listener/table_file_created] column family: default, file path: /nvme/jinghuan/node_40001/db/000039.sst, file size: 75709073, job id: 13, reason: flush, status: OK
I20230706 11:18:00.117269 3086666 event_listener.cc:91] [event_listener/flush_completed] column family: default, thread_id: 3086666, job_id: 13, file: /nvme/jinghuan/node_40001/db/000039.sst, reason: 6, is_write_slowdown: no, is_write_stall: no, largest seqno: 4902116, smallest seqno: 4248971
W20230706 11:18:00.117390 3086666 event_listener.cc:132] [event_listener/stall_cond_changed] column family: default write stall condition was changed, from stop to normal
W20230706 11:18:00.118175 3086889 event_listener.cc:132] [event_listener/stall_cond_changed] column family: default write stall condition was changed, from delay to stop
W20230706 11:18:01.396076 3086890 event_listener.cc:132] [event_listener/stall_cond_changed] column family: default write stall condition was changed, from normal to delay
I20230706 11:18:01.798414 3086664 event_listener.cc:138] [event_listener/table_file_created] column family: default, file path: /nvme/jinghuan/node_40001/db/000033.sst, file size: 138724879, job id: 11, reason: compaction, status: OK
I20230706 11:18:02.722971 3086666 event_listener.cc:84] [event_listener/flush_begin] column family: metadata, thread_id: 3086666, job_id: 15, reason: 13
I20230706 11:18:03.701611 3086667 event_listener.cc:138] [event_listener/table_file_created] column family: default, file path: /nvme/jinghuan/node_40001/db/000042.sst, file size: 76813907, job id: 14, reason: flush, status: OK
I20230706 11:18:03.717069 3086667 event_listener.cc:91] [event_listener/flush_completed] column family: default, thread_id: 3086667, job_id: 14, file: /nvme/jinghuan/node_40001/db/000042.sst, reason: 6, is_write_slowdown: no, is_write_stall: no, largest seqno: 5564800, smallest seqno: 4902118
W20230706 11:18:03.717198 3086667 event_listener.cc:132] [event_listener/stall_cond_changed] column family: default write stall condition was changed, from stop to normal
W20230706 11:18:03.717736 3086895 event_listener.cc:132] [event_listener/stall_cond_changed] column family: default write stall condition was changed, from delay to stop
I20230706 11:18:03.733747 3086667 event_listener.cc:84] [event_listener/flush_begin] column family: default, thread_id: 3086667, job_id: 17, reason: 6
I20230706 11:18:04.699780 3086666 event_listener.cc:138] [event_listener/table_file_created] column family: metadata, file path: /nvme/jinghuan/node_40001/db/000047.sst, file size: 19237804, job id: 15, reason: flush, status: OK
I20230706 11:18:04.708010 3086666 event_listener.cc:91] [event_listener/flush_completed] column family: metadata, thread_id: 3086666, job_id: 15, file: /nvme/jinghuan/node_40001/db/000047.sst, reason: 13, is_write_slowdown: no, is_write_stall: no, largest seqno: 6295124, smallest seqno: 3147562
W20230706 11:18:04.973479 3086890 event_listener.cc:132] [event_listener/stall_cond_changed] column family: default write stall condition was changed, from normal to delay
I20230706 11:18:06.316344 3086666 event_listener.cc:84] [event_listener/flush_begin] column family: default, thread_id: 3086666, job_id: 18, reason: 6
I20230706 11:18:14.507010 3086666 event_listener.cc:138] [event_listener/table_file_created] column family: default, file path: /nvme/jinghuan/node_40001/db/000052.sst, file size: 84899200, job id: 18, reason: flush, status: OK
I20230706 11:18:15.305667 3086664 event_listener.cc:138] [event_listener/table_file_created] column family: default, file path: /nvme/jinghuan/node_40001/db/000044.sst, file size: 138701259, job id: 11, reason: compaction, status: OK
I20230706 11:18:16.207756 3086667 event_listener.cc:138] [event_listener/table_file_created] column family: default, file path: /nvme/jinghuan/node_40001/db/000049.sst, file size: 84964768, job id: 17, reason: flush, status: OK
I20230706 11:18:16.217303 3086667 event_listener.cc:91] [event_listener/flush_completed] column family: default, thread_id: 3086667, job_id: 17, file: /nvme/jinghuan/node_40001/db/000049.sst, reason: 6, is_write_slowdown: no, is_write_stall: no, largest seqno: 6297851, smallest seqno: 5564802
I20230706 11:18:16.217319 3086667 event_listener.cc:91] [event_listener/flush_completed] column family: default, thread_id: 3086666, job_id: 18, file: /nvme/jinghuan/node_40001/db/000052.sst, reason: 6, is_write_slowdown: no, is_write_stall: no, largest seqno: 7030319, smallest seqno: 6297853
W20230706 11:18:16.217469 3086667 event_listener.cc:132] [event_listener/stall_cond_changed] column family: default write stall condition was changed, from stop to normal
W20230706 11:18:16.218868 3086890 event_listener.cc:132] [event_listener/stall_cond_changed] column family: default write stall condition was changed, from delay to stop
I20230706 11:18:18.625468 3086666 event_listener.cc:84] [event_listener/flush_begin] column family: default, thread_id: 3086666, job_id: 19, reason: 6
I20230706 11:18:19.307933 3086664 event_listener.cc:138] [event_listener/table_file_created] column family: default, file path: /nvme/jinghuan/node_40001/db/000053.sst, file size: 54604355, job id: 11, reason: compaction, status: OK
I20230706 11:18:19.330760 3086664 event_listener.cc:71] [event_listener/compaction_completed] column family: default, compaction reason: 1, output compression type: no, base input level(files): 0(4), output level(files): 1(3), input bytes: 332192571, output bytes:332030493, is_manual_compaction:no, elapsed(micro): 32199132
W20230706 11:18:19.699278 3086894 event_listener.cc:132] [event_listener/stall_cond_changed] column family: default write stall condition was changed, from normal to delay
I20230706 11:18:19.709414 3086664 event_listener.cc:71] [event_listener/compaction_completed] column family: default, compaction reason: 2, output compression type: no, base input level(files): 1(1), output level(files): 2(1), input bytes: 0, output bytes:0, is_manual_compaction:no, elapsed(micro): 0
I20230706 11:18:20.873457 3086667 event_listener.cc:84] [event_listener/flush_begin] column family: default, thread_id: 3086667, job_id: 21, reason: 6
I20230706 11:18:24.613303 3086666 event_listener.cc:138] [event_listener/table_file_created] column family: default, file path: /nvme/jinghuan/node_40001/db/000056.sst, file size: 76903931, job id: 19, reason: flush, status: OK
I20230706 11:18:24.622007 3086666 event_listener.cc:91] [event_listener/flush_completed] column family: default, thread_id: 3086666, job_id: 19, file: /nvme/jinghuan/node_40001/db/000056.sst, reason: 6, is_write_slowdown: no, is_write_stall: no, largest seqno: 7693806, smallest seqno: 7030321
W20230706 11:18:24.622068 3086666 event_listener.cc:132] [event_listener/stall_cond_changed] column family: default write stall condition was changed, from stop to normal
W20230706 11:18:24.622583 3086894 event_listener.cc:132] [event_listener/stall_cond_changed] column family: default write stall condition was changed, from delay to stop
W20230706 11:18:25.813961 3086889 event_listener.cc:132] [event_listener/stall_cond_changed] column family: default write stall condition was changed, from normal to delay
I20230706 11:18:26.417238 3086667 event_listener.cc:138] [event_listener/table_file_created] column family: default, file path: /nvme/jinghuan/node_40001/db/000059.sst, file size: 74542837, job id: 21, reason: flush, status: OK
I20230706 11:18:26.423882 3086667 event_listener.cc:91] [event_listener/flush_completed] column family: default, thread_id: 3086667, job_id: 21, file: /nvme/jinghuan/node_40001/db/000059.sst, reason: 6, is_write_slowdown: no, is_write_stall: no, largest seqno: 8336921, smallest seqno: 7693808
W20230706 11:18:26.424046 3086667 event_listener.cc:132] [event_listener/stall_cond_changed] column family: default write stall condition was changed, from delay to normal
I20230706 11:18:27.019680 3086666 event_listener.cc:84] [event_listener/flush_begin] column family: default, thread_id: 3086666, job_id: 23, reason: 6
W20230706 11:18:28.125115 3086889 event_listener.cc:132] [event_listener/stall_cond_changed] column family: default write stall condition was changed, from normal to delay
I20230706 11:18:28.579373 3086667 event_listener.cc:84] [event_listener/flush_begin] column family: metadata, thread_id: 3086667, job_id: 24, reason: 13
I20230706 11:18:30.412231 3086667 event_listener.cc:138] [event_listener/table_file_created] column family: metadata, file path: /nvme/jinghuan/node_40001/db/000066.sst, file size: 19219062, job id: 24, reason: flush, status: OK
I20230706 11:18:30.421833 3086667 event_listener.cc:91] [event_listener/flush_completed] column family: metadata, thread_id: 3086667, job_id: 24, file: /nvme/jinghuan/node_40001/db/000066.sst, reason: 13, is_write_slowdown: no, is_write_stall: no, largest seqno: 9442642, smallest seqno: 6295135
I20230706 11:18:30.439394 3086667 event_listener.cc:84] [event_listener/flush_begin] column family: default, thread_id: 3086667, job_id: 25, reason: 6
I20230706 11:18:34.716471 3086666 event_listener.cc:138] [event_listener/table_file_created] column family: default, file path: /nvme/jinghuan/node_40001/db/000063.sst, file size: 76783930, job id: 23, reason: flush, status: OK
I20230706 11:18:34.729050 3086666 event_listener.cc:91] [event_listener/flush_completed] column family: default, thread_id: 3086666, job_id: 23, file: /nvme/jinghuan/node_40001/db/000063.sst, reason: 6, is_write_slowdown: no, is_write_stall: no, largest seqno: 8999363, smallest seqno: 8336923
W20230706 11:18:34.729301 3086666 event_listener.cc:132] [event_listener/stall_cond_changed] column family: default write stall condition was changed, from stop to normal
W20230706 11:18:34.729516 3086896 event_listener.cc:132] [event_listener/stall_cond_changed] column family: default write stall condition was changed, from delay to stop
W20230706 11:18:36.124924 3086890 event_listener.cc:132] [event_listener/stall_cond_changed] column family: default write stall condition was changed, from normal to delay
I20230706 11:18:37.521651 3086667 event_listener.cc:138] [event_listener/table_file_created] column family: default, file path: /nvme/jinghuan/node_40001/db/000068.sst, file size: 77030966, job id: 25, reason: flush, status: OK
I20230706 11:18:37.544027 3086667 event_listener.cc:91] [event_listener/flush_completed] column family: default, thread_id: 3086667, job_id: 25, file: /nvme/jinghuan/node_40001/db/000068.sst, reason: 6, is_write_slowdown: no, is_write_stall: no, largest seqno: 9663917, smallest seqno: 8999365
W20230706 11:18:37.544271 3086667 event_listener.cc:132] [event_listener/stall_cond_changed] column family: default write stall condition was changed, from stop to normal
W20230706 11:18:37.544384 3086890 event_listener.cc:132] [event_listener/stall_cond_changed] column family: default write stall condition was changed, from delay to stop
I20230706 11:18:37.575891 3086666 event_listener.cc:84] [event_listener/flush_begin] column family: default, thread_id: 3086666, job_id: 26, reason: 6
W20230706 11:18:38.965071 3086890 event_listener.cc:132] [event_listener/stall_cond_changed] column family: default write stall condition was changed, from normal to delay
I20230706 11:18:40.462841 3086667 event_listener.cc:84] [event_listener/flush_begin] column family: default, thread_id: 3086667, job_id: 27, reason: 6
I20230706 11:18:42.321177 3086665 event_listener.cc:138] [event_listener/table_file_created] column family: default, file path: /nvme/jinghuan/node_40001/db/000048.sst, file size: 312704916, job id: 16, reason: compaction, status: OK
I20230706 11:18:42.336428 3086665 event_listener.cc:71] [event_listener/compaction_completed] column family: default, compaction reason: 1, output compression type: no, base input level(files): 0(4), output level(files): 0(1), input bytes: 312829656, output bytes:312704916, is_manual_compaction:no, elapsed(micro): 38604060
I20230706 11:18:42.342391 3086665 event_listener.cc:127] [event_listener/table_file_deleted] db: /nvme/jinghuan/node_40001/db, sst file: /nvme/jinghuan/node_40001/db/000026.sst, status: OK
I20230706 11:18:42.348053 3086665 event_listener.cc:127] [event_listener/table_file_deleted] db: /nvme/jinghuan/node_40001/db, sst file: /nvme/jinghuan/node_40001/db/000023.sst, status: OK
I20230706 11:18:42.353866 3086665 event_listener.cc:127] [event_listener/table_file_deleted] db: /nvme/jinghuan/node_40001/db, sst file: /nvme/jinghuan/node_40001/db/000020.sst, status: OK
I20230706 11:18:42.360405 3086665 event_listener.cc:127] [event_listener/table_file_deleted] db: /nvme/jinghuan/node_40001/db, sst file: /nvme/jinghuan/node_40001/db/000017.sst, status: OK
I20230706 11:18:44.629607 3086666 event_listener.cc:138] [event_listener/table_file_created] column family: default, file path: /nvme/jinghuan/node_40001/db/000071.sst, file size: 84965485, job id: 26, reason: flush, status: OK
I20230706 11:18:44.646237 3086666 event_listener.cc:91] [event_listener/flush_completed] column family: default, thread_id: 3086666, job_id: 26, file: /nvme/jinghuan/node_40001/db/000071.sst, reason: 6, is_write_slowdown: no, is_write_stall: no, largest seqno: 10397001, smallest seqno: 9663919
W20230706 11:18:44.646378 3086666 event_listener.cc:132] [event_listener/stall_cond_changed] column family: default write stall condition was changed, from stop to normal
W20230706 11:18:44.646554 3086890 event_listener.cc:132] [event_listener/stall_cond_changed] column family: default write stall condition was changed, from delay to stop
E20230706 11:18:44.647352 3086895 redis_connection.cc:103] [connection] Going to remove the client: , while encounter error: Broken pipe
E20230706 11:18:44.647819 3086892 redis_connection.cc:103] [connection] Going to remove the client: , while encounter error: Broken pipe
W20230706 11:18:45.833338 3086889 event_listener.cc:132] [event_listener/stall_cond_changed] column family: default write stall condition was changed, from normal to delay
I20230706 11:18:46.833585 3086667 event_listener.cc:138] [event_listener/table_file_created] column family: default, file path: /nvme/jinghuan/node_40001/db/000074.sst, file size: 85048626, job id: 27, reason: flush, status: OK
I20230706 11:18:46.845563 3086667 event_listener.cc:91] [event_listener/flush_completed] column family: default, thread_id: 3086667, job_id: 27, file: /nvme/jinghuan/node_40001/db/000074.sst, reason: 6, is_write_slowdown: no, is_write_stall: no, largest seqno: 11130778, smallest seqno: 10397003
W20230706 11:18:46.845660 3086667 event_listener.cc:132] [event_listener/stall_cond_changed] column family: default write stall condition was changed, from delay to normal
I20230706 11:18:47.092777 3086666 event_listener.cc:84] [event_listener/flush_begin] column family: default, thread_id: 3086666, job_id: 32, reason: 6
W20230706 11:18:48.252830 3086889 event_listener.cc:132] [event_listener/stall_cond_changed] column family: default write stall condition was changed, from normal to delay
I20230706 11:18:49.478087 3086667 event_listener.cc:84] [event_listener/flush_begin] column family: default, thread_id: 3086667, job_id: 33, reason: 6
I20230706 11:18:54.034085 3086666 event_listener.cc:138] [event_listener/table_file_created] column family: default, file path: /nvme/jinghuan/node_40001/db/000078.sst, file size: 77232512, job id: 32, reason: flush, status: OK
I20230706 11:18:54.046801 3086666 event_listener.cc:91] [event_listener/flush_completed] column family: default, thread_id: 3086666, job_id: 32, file: /nvme/jinghuan/node_40001/db/000078.sst, reason: 6, is_write_slowdown: no, is_write_stall: no, largest seqno: 11797081, smallest seqno: 11130780
W20230706 11:18:54.046906 3086666 event_listener.cc:132] [event_listener/stall_cond_changed] column family: default write stall condition was changed, from stop to normal
W20230706 11:18:54.047744 3086889 event_listener.cc:132] [event_listener/stall_cond_changed] column family: default write stall condition was changed, from delay to stop
E20230706 11:18:54.048702 3086889 redis_connection.cc:103] [connection] Going to remove the client: , while encounter error: Broken pipe
E20230706 11:18:54.048708 3086896 redis_connection.cc:103] [connection] Going to remove the client: , while encounter error: Broken pipe
E20230706 11:18:54.048928 3086894 redis_connection.cc:103] [connection] Going to remove the client: , while encounter error: Broken pipe
E20230706 11:18:54.049082 3086891 redis_connection.cc:103] [connection] Going to remove the client: , while encounter error: Broken pipe
I20230706 11:18:54.503049 3086666 event_listener.cc:84] [event_listener/flush_begin] column family: metadata, thread_id: 3086666, job_id: 34, reason: 13
W20230706 11:18:55.206082 3086891 event_listener.cc:132] [event_listener/stall_cond_changed] column family: default write stall condition was changed, from normal to delay
I20230706 11:18:56.327471 3086666 event_listener.cc:138] [event_listener/table_file_created] column family: metadata, file path: /nvme/jinghuan/node_40001/db/000083.sst, file size: 19221119, job id: 34, reason: flush, status: OK
I20230706 11:18:56.340071 3086666 event_listener.cc:91] [event_listener/flush_completed] column family: metadata, thread_id: 3086666, job_id: 34, file: /nvme/jinghuan/node_40001/db/000083.sst, reason: 13, is_write_slowdown: no, is_write_stall: no, largest seqno: 12590204, smallest seqno: 9442653
I20230706 11:18:56.394317 3086666 event_listener.cc:84] [event_listener/flush_begin] column family: default, thread_id: 3086666, job_id: 35, reason: 6
I20230706 11:18:56.640799 3086667 event_listener.cc:138] [event_listener/table_file_created] column family: default, file path: /nvme/jinghuan/node_40001/db/000081.sst, file size: 77746769, job id: 33, reason: flush, status: OK
I20230706 11:18:56.656622 3086667 event_listener.cc:91] [event_listener/flush_completed] column family: default, thread_id: 3086667, job_id: 33, file: /nvme/jinghuan/node_40001/db/000081.sst, reason: 6, is_write_slowdown: no, is_write_stall: no, largest seqno: 12467872, smallest seqno: 11797083
W20230706 11:18:56.657114 3086667 event_listener.cc:132] [event_listener/stall_cond_changed] column family: default write stall condition was changed, from stop to normal
W20230706 11:18:56.657295 3086889 event_listener.cc:132] [event_listener/stall_cond_changed] column family: default write stall condition was changed, from delay to stop
W20230706 11:18:58.016531 3086896 event_listener.cc:132] [event_listener/stall_cond_changed] column family: default write stall condition was changed, from normal to delay
I20230706 11:18:59.405550 3086667 event_listener.cc:84] [event_listener/flush_begin] column family: default, thread_id: 3086667, job_id: 36, reason: 6
I20230706 11:18:59.934504 3086664 event_listener.cc:138] [event_listener/table_file_created] column family: default, file path: /nvme/jinghuan/node_40001/db/000061.sst, file size: 321183880, job id: 22, reason: compaction, status: OK
I20230706 11:18:59.959996 3086664 event_listener.cc:71] [event_listener/compaction_completed] column family: default, compaction reason: 1, output compression type: no, base input level(files): 0(4), output level(files): 0(1), input bytes: 321310736, output bytes:321183880, is_manual_compaction:no, elapsed(micro): 33510597
I20230706 11:18:59.967459 3086664 event_listener.cc:127] [event_listener/table_file_deleted] db: /nvme/jinghuan/node_40001/db, sst file: /nvme/jinghuan/node_40001/db/000042.sst, status: OK
I20230706 11:18:59.974790 3086664 event_listener.cc:127] [event_listener/table_file_deleted] db: /nvme/jinghuan/node_40001/db, sst file: /nvme/jinghuan/node_40001/db/000039.sst, status: OK
I20230706 11:18:59.980410 3086664 event_listener.cc:127] [event_listener/table_file_deleted] db: /nvme/jinghuan/node_40001/db, sst file: /nvme/jinghuan/node_40001/db/000036.sst, status: OK
I20230706 11:18:59.986557 3086664 event_listener.cc:127] [event_listener/table_file_deleted] db: /nvme/jinghuan/node_40001/db, sst file: /nvme/jinghuan/node_40001/db/000032.sst, status: OK
I20230706 11:19:02.338932 3086666 event_listener.cc:138] [event_listener/table_file_created] column family: default, file path: /nvme/jinghuan/node_40001/db/000086.sst, file size: 75331718, job id: 35, reason: flush, status: OK
I20230706 11:19:02.354406 3086666 event_listener.cc:91] [event_listener/flush_completed] column family: default, thread_id: 3086666, job_id: 35, file: /nvme/jinghuan/node_40001/db/000086.sst, reason: 6, is_write_slowdown: no, is_write_stall: no, largest seqno: 13117818, smallest seqno: 12467874
W20230706 11:19:02.354589 3086666 event_listener.cc:132] [event_listener/stall_cond_changed] column family: default write stall condition was changed, from stop to normal
W20230706 11:19:02.354811 3086896 event_listener.cc:132] [event_listener/stall_cond_changed] column family: default write stall condition was changed, from delay to stop
W20230706 11:19:03.696349 3086894 event_listener.cc:132] [event_listener/stall_cond_changed] column family: default write stall condition was changed, from normal to delay
I20230706 11:19:05.117715 3086666 event_listener.cc:84] [event_listener/flush_begin] column family: default, thread_id: 3086666, job_id: 39, reason: 6
I20230706 11:19:05.536329 3086667 event_listener.cc:138] [event_listener/table_file_created] column family: default, file path: /nvme/jinghuan/node_40001/db/000089.sst, file size: 85043642, job id: 36, reason: flush, status: OK
I20230706 11:19:05.542858 3086667 event_listener.cc:91] [event_listener/flush_completed] column family: default, thread_id: 3086667, job_id: 36, file: /nvme/jinghuan/node_40001/db/000089.sst, reason: 6, is_write_slowdown: no, is_write_stall: no, largest seqno: 13851529, smallest seqno: 13117820
W20230706 11:19:05.542912 3086667 event_listener.cc:132] [event_listener/stall_cond_changed] column family: default write stall condition was changed, from stop to normal
W20230706 11:19:05.543216 3086894 event_listener.cc:132] [event_listener/stall_cond_changed] column family: default write stall condition was changed, from delay to stop
W20230706 11:19:06.859586 3086893 event_listener.cc:132] [event_listener/stall_cond_changed] column family: default write stall condition was changed, from normal to delay
I20230706 11:19:07.130837 3086664 event_listener.cc:138] [event_listener/table_file_created] column family: metadata, file path: /nvme/jinghuan/node_40001/db/000090.sst, file size: 76273698, job id: 38, reason: compaction, status: OK
I20230706 11:19:07.140230 3086664 event_listener.cc:71] [event_listener/compaction_completed] column family: metadata, compaction reason: 1, output compression type: no, base input level(files): 0(4), output level(files): 1(1), input bytes: 76921618, output bytes:76273698, is_manual_compaction:no, elapsed(micro): 7144272
I20230706 11:19:07.142457 3086664 event_listener.cc:127] [event_listener/table_file_deleted] db: /nvme/jinghuan/node_40001/db, sst file: /nvme/jinghuan/node_40001/db/000066.sst, status: OK
I20230706 11:19:07.144630 3086664 event_listener.cc:127] [event_listener/table_file_deleted] db: /nvme/jinghuan/node_40001/db, sst file: /nvme/jinghuan/node_40001/db/000047.sst, status: OK
I20230706 11:19:07.146816 3086664 event_listener.cc:127] [event_listener/table_file_deleted] db: /nvme/jinghuan/node_40001/db, sst file: /nvme/jinghuan/node_40001/db/000031.sst, status: OK
I20230706 11:19:08.208922 3086667 event_listener.cc:84] [event_listener/flush_begin] column family: default, thread_id: 3086667, job_id: 41, reason: 6
I20230706 11:19:11.750949 3086666 event_listener.cc:138] [event_listener/table_file_created] column family: default, file path: /nvme/jinghuan/node_40001/db/000093.sst, file size: 84941501, job id: 39, reason: flush, status: OK
I20230706 11:19:11.766446 3086666 event_listener.cc:91] [event_listener/flush_completed] column family: default, thread_id: 3086666, job_id: 39, file: /nvme/jinghuan/node_40001/db/000093.sst, reason: 6, is_write_slowdown: no, is_write_stall: no, largest seqno: 14584349, smallest seqno: 13851531
W20230706 11:19:11.766553 3086666 event_listener.cc:132] [event_listener/stall_cond_changed] column family: default write stall condition was changed, from stop to normal
W20230706 11:19:11.767025 3086891 event_listener.cc:132] [event_listener/stall_cond_changed] column family: default write stall condition was changed, from delay to stop
W20230706 11:19:13.050174 3086896 event_listener.cc:132] [event_listener/stall_cond_changed] column family: default write stall condition was changed, from normal to delay
I20230706 11:19:13.286393 3086666 event_listener.cc:84] [event_listener/flush_begin] column family: metadata, thread_id: 3086666, job_id: 42, reason: 13
I20230706 11:19:15.140523 3086666 event_listener.cc:138] [event_listener/table_file_created] column family: metadata, file path: /nvme/jinghuan/node_40001/db/000100.sst, file size: 19250763, job id: 42, reason: flush, status: OK
I20230706 11:19:15.148180 3086667 event_listener.cc:138] [event_listener/table_file_created] column family: default, file path: /nvme/jinghuan/node_40001/db/000097.sst, file size: 85049136, job id: 41, reason: flush, status: OK
I20230706 11:19:15.150336 3086666 event_listener.cc:91] [event_listener/flush_completed] column family: metadata, thread_id: 3086666, job_id: 42, file: /nvme/jinghuan/node_40001/db/000100.sst, reason: 13, is_write_slowdown: no, is_write_stall: no, largest seqno: 15737810, smallest seqno: 12590215
I20230706 11:19:15.166460 3086667 event_listener.cc:91] [event_listener/flush_completed] column family: default, thread_id: 3086667, job_id: 41, file: /nvme/jinghuan/node_40001/db/000097.sst, reason: 6, is_write_slowdown: no, is_write_stall: no, largest seqno: 15318148, smallest seqno: 14584351
W20230706 11:19:15.166543 3086667 event_listener.cc:132] [event_listener/stall_cond_changed] column family: default write stall condition was changed, from stop to normal
W20230706 11:19:15.167178 3086891 event_listener.cc:132] [event_listener/stall_cond_changed] column family: default write stall condition was changed, from delay to stop
I20230706 11:19:15.170969 3086666 event_listener.cc:84] [event_listener/flush_begin] column family: default, thread_id: 3086666, job_id: 43, reason: 6
W20230706 11:19:16.470674 3086890 event_listener.cc:132] [event_listener/stall_cond_changed] column family: default write stall condition was changed, from normal to delay
I20230706 11:19:17.846750 3086667 event_listener.cc:84] [event_listener/flush_begin] column family: default, thread_id: 3086667, job_id: 44, reason: 6
I20230706 11:19:20.950623 3086666 event_listener.cc:138] [event_listener/table_file_created] column family: default, file path: /nvme/jinghuan/node_40001/db/000102.sst, file size: 84879534, job id: 43, reason: flush, status: OK
I20230706 11:19:20.958441 3086666 event_listener.cc:91] [event_listener/flush_completed] column family: default, thread_id: 3086666, job_id: 43, file: /nvme/jinghuan/node_40001/db/000102.sst, reason: 6, is_write_slowdown: no, is_write_stall: no, largest seqno: 16050473, smallest seqno: 15318150
W20230706 11:19:20.958740 3086666 event_listener.cc:132] [event_listener/stall_cond_changed] column family: default write stall condition was changed, from stop to normal
W20230706 11:19:20.958972 3086890 event_listener.cc:132] [event_listener/stall_cond_changed] column family: default write stall condition was changed, from delay to stop
I20230706 11:19:21.248699 3086665 event_listener.cc:138] [event_listener/table_file_created] column family: default, file path: /nvme/jinghuan/node_40001/db/000076.sst, file size: 323668302, job id: 31, reason: compaction, status: OK
I20230706 11:19:21.269907 3086665 event_listener.cc:71] [event_listener/compaction_completed] column family: default, compaction reason: 1, output compression type: no, base input level(files): 0(4), output level(files): 0(1), input bytes: 323829007, output bytes:323668302, is_manual_compaction:no, elapsed(micro): 34403137
I20230706 11:19:21.271646 3086665 event_listener.cc:127] [event_listener/table_file_deleted] db: /nvme/jinghuan/node_40001/db, sst file: /nvme/jinghuan/node_40001/db/000083.sst, status: OK
I20230706 11:19:21.278460 3086665 event_listener.cc:127] [event_listener/table_file_deleted] db: /nvme/jinghuan/node_40001/db, sst file: /nvme/jinghuan/node_40001/db/000059.sst, status: OK
I20230706 11:19:21.286895 3086665 event_listener.cc:127] [event_listener/table_file_deleted] db: /nvme/jinghuan/node_40001/db, sst file: /nvme/jinghuan/node_40001/db/000056.sst, status: OK
I20230706 11:19:21.294095 3086665 event_listener.cc:127] [event_listener/table_file_deleted] db: /nvme/jinghuan/node_40001/db, sst file: /nvme/jinghuan/node_40001/db/000052.sst, status: OK
I20230706 11:19:21.301182 3086665 event_listener.cc:127] [event_listener/table_file_deleted] db: /nvme/jinghuan/node_40001/db, sst file: /nvme/jinghuan/node_40001/db/000049.sst, status: OK
W20230706 11:19:22.275028 3086891 event_listener.cc:132] [event_listener/stall_cond_changed] column family: default write stall condition was changed, from normal to delay
I20230706 11:19:22.947152 3086667 event_listener.cc:138] [event_listener/table_file_created] column family: default, file path: /nvme/jinghuan/node_40001/db/000105.sst, file size: 84945367, job id: 44, reason: flush, status: OK
I20230706 11:19:22.959463 3086667 event_listener.cc:91] [event_listener/flush_completed] column family: default, thread_id: 3086667, job_id: 44, file: /nvme/jinghuan/node_40001/db/000105.sst, reason: 6, is_write_slowdown: no, is_write_stall: no, largest seqno: 16783359, smallest seqno: 16050475
W20230706 11:19:22.959525 3086667 event_listener.cc:132] [event_listener/stall_cond_changed] column family: default write stall condition was changed, from delay to normal
I20230706 11:19:23.650144 3086666 event_listener.cc:84] [event_listener/flush_begin] column family: default, thread_id: 3086666, job_id: 48, reason: 6
W20230706 11:19:24.869822 3086891 event_listener.cc:132] [event_listener/stall_cond_changed] column family: default write stall condition was changed, from normal to delay
I20230706 11:19:26.233229 3086667 event_listener.cc:84] [event_listener/flush_begin] column family: default, thread_id: 3086667, job_id: 49, reason: 6
I20230706 11:19:29.057089 3086666 event_listener.cc:138] [event_listener/table_file_created] column family: default, file path: /nvme/jinghuan/node_40001/db/000109.sst, file size: 84806697, job id: 48, reason: flush, status: OK
I20230706 11:19:29.074065 3086666 event_listener.cc:91] [event_listener/flush_completed] column family: default, thread_id: 3086666, job_id: 48, file: /nvme/jinghuan/node_40001/db/000109.sst, reason: 6, is_write_slowdown: no, is_write_stall: no, largest seqno: 17515024, smallest seqno: 16783361
W20230706 11:19:29.074117 3086666 event_listener.cc:132] [event_listener/stall_cond_changed] column family: default write stall condition was changed, from stop to normal
W20230706 11:19:29.074568 3086893 event_listener.cc:132] [event_listener/stall_cond_changed] column family: default write stall condition was changed, from delay to stop
W20230706 11:19:30.432126 3086895 event_listener.cc:132] [event_listener/stall_cond_changed] column family: default write stall condition was changed, from normal to delay
I20230706 11:19:31.456607 3086666 event_listener.cc:84] [event_listener/flush_begin] column family: metadata, thread_id: 3086666, job_id: 50, reason: 13
I20230706 11:19:31.563731 3086667 event_listener.cc:138] [event_listener/table_file_created] column family: default, file path: /nvme/jinghuan/node_40001/db/000112.sst, file size: 85055063, job id: 49, reason: flush, status: OK
I20230706 11:19:31.579567 3086667 event_listener.cc:91] [event_listener/flush_completed] column family: default, thread_id: 3086667, job_id: 49, file: /nvme/jinghuan/node_40001/db/000112.sst, reason: 6, is_write_slowdown: no, is_write_stall: no, largest seqno: 18248834, smallest seqno: 17515026
W20230706 11:19:31.579679 3086667 event_listener.cc:132] [event_listener/stall_cond_changed] column family: default write stall condition was changed, from delay to normal
I20230706 11:19:31.760813 3086667 event_listener.cc:84] [event_listener/flush_begin] column family: default, thread_id: 3086667, job_id: 51, reason: 6
I20230706 11:19:33.056694 3086666 event_listener.cc:138] [event_listener/table_file_created] column family: metadata, file path: /nvme/jinghuan/node_40001/db/000115.sst, file size: 19250031, job id: 50, reason: flush, status: OK
W20230706 11:19:33.058645 3086895 event_listener.cc:132] [event_listener/stall_cond_changed] column family: default write stall condition was changed, from normal to delay
I20230706 11:19:33.065127 3086666 event_listener.cc:91] [event_listener/flush_completed] column family: metadata, thread_id: 3086666, job_id: 50, file: /nvme/jinghuan/node_40001/db/000115.sst, reason: 13, is_write_slowdown: no, is_write_stall: no, largest seqno: 18885449, smallest seqno: 15737821
I20230706 11:19:34.459964 3086666 event_listener.cc:84] [event_listener/flush_begin] column family: default, thread_id: 3086666, job_id: 52, reason: 6
I20230706 11:19:35.457533 3086664 event_listener.cc:138] [event_listener/table_file_created] column family: default, file path: /nvme/jinghuan/node_40001/db/000095.sst, file size: 315238362, job id: 40, reason: compaction, status: OK
I20230706 11:19:35.479005 3086664 event_listener.cc:71] [event_listener/compaction_completed] column family: default, compaction reason: 1, output compression type: no, base input level(files): 0(4), output level(files): 0(1), input bytes: 315354641, output bytes:315238362, is_manual_compaction:no, elapsed(micro): 28310762
I20230706 11:19:35.487788 3086664 event_listener.cc:127] [event_listener/table_file_deleted] db: /nvme/jinghuan/node_40001/db, sst file: /nvme/jinghuan/node_40001/db/000074.sst, status: OK
I20230706 11:19:35.493628 3086664 event_listener.cc:127] [event_listener/table_file_deleted] db: /nvme/jinghuan/node_40001/db, sst file: /nvme/jinghuan/node_40001/db/000071.sst, status: OK
I20230706 11:19:35.498565 3086664 event_listener.cc:127] [event_listener/table_file_deleted] db: /nvme/jinghuan/node_40001/db, sst file: /nvme/jinghuan/node_40001/db/000068.sst, status: OK
I20230706 11:19:35.503561 3086664 event_listener.cc:127] [event_listener/table_file_deleted] db: /nvme/jinghuan/node_40001/db, sst file: /nvme/jinghuan/node_40001/db/000063.sst, status: OK
I20230706 11:19:36.861104 3086667 event_listener.cc:138] [event_listener/table_file_created] column family: default, file path: /nvme/jinghuan/node_40001/db/000117.sst, file size: 84812645, job id: 51, reason: flush, status: OK
I20230706 11:19:36.873705 3086667 event_listener.cc:91] [event_listener/flush_completed] column family: default, thread_id: 3086667, job_id: 51, file: /nvme/jinghuan/node_40001/db/000117.sst, reason: 6, is_write_slowdown: no, is_write_stall: no, largest seqno: 18980576, smallest seqno: 18248836
W20230706 11:19:36.873808 3086667 event_listener.cc:132] [event_listener/stall_cond_changed] column family: default write stall condition was changed, from stop to normal
W20230706 11:19:36.874121 3086891 event_listener.cc:132] [event_listener/stall_cond_changed] column family: default write stall condition was changed, from delay to stop
W20230706 11:19:38.051522 3086889 event_listener.cc:132] [event_listener/stall_cond_changed] column family: default write stall condition was changed, from normal to delay
I20230706 11:19:38.461994 3086666 event_listener.cc:138] [event_listener/table_file_created] column family: default, file path: /nvme/jinghuan/node_40001/db/000120.sst, file size: 85045329, job id: 52, reason: flush, status: OK
I20230706 11:19:38.477520 3086666 event_listener.cc:91] [event_listener/flush_completed] column family: default, thread_id: 3086666, job_id: 52, file: /nvme/jinghuan/node_40001/db/000120.sst, reason: 6, is_write_slowdown: no, is_write_stall: no, largest seqno: 19714331, smallest seqno: 18980578
W20230706 11:19:38.477666 3086666 event_listener.cc:132] [event_listener/stall_cond_changed] column family: default write stall condition was changed, from delay to normal
I20230706 11:19:39.246078 3086667 event_listener.cc:84] [event_listener/flush_begin] column family: default, thread_id: 3086667, job_id: 57, reason: 6
W20230706 11:19:40.410485 3086889 event_listener.cc:132] [event_listener/stall_cond_changed] column family: default write stall condition was changed, from normal to delay
I20230706 11:19:41.666311 3086666 event_listener.cc:84] [event_listener/flush_begin] column family: default, thread_id: 3086666, job_id: 58, reason: 6
I20230706 11:19:43.361558 3086667 event_listener.cc:138] [event_listener/table_file_created] column family: default, file path: /nvme/jinghuan/node_40001/db/000124.sst, file size: 74926308, job id: 57, reason: flush, status: OK
I20230706 11:19:43.368484 3086667 event_listener.cc:91] [event_listener/flush_completed] column family: default, thread_id: 3086667, job_id: 57, file: /nvme/jinghuan/node_40001/db/000124.sst, reason: 6, is_write_slowdown: no, is_write_stall: no, largest seqno: 20360735, smallest seqno: 19714333
W20230706 11:19:43.368527 3086667 event_listener.cc:132] [event_listener/stall_cond_changed] column family: default write stall condition was changed, from stop to normal
W20230706 11:19:43.368999 3086889 event_listener.cc:132] [event_listener/stall_cond_changed] column family: default write stall condition was changed, from delay to stop
W20230706 11:19:44.710343 3086895 event_listener.cc:132] [event_listener/stall_cond_changed] column family: default write stall condition was changed, from normal to delay
I20230706 11:19:46.092643 3086667 event_listener.cc:84] [event_listener/flush_begin] column family: default, thread_id: 3086667, job_id: 59, reason: 6
I20230706 11:19:46.367230 3086666 event_listener.cc:138] [event_listener/table_file_created] column family: default, file path: /nvme/jinghuan/node_40001/db/000127.sst, file size: 76960737, job id: 58, reason: flush, status: OK
I20230706 11:19:46.379413 3086666 event_listener.cc:91] [event_listener/flush_completed] column family: default, thread_id: 3086666, job_id: 58, file: /nvme/jinghuan/node_40001/db/000127.sst, reason: 6, is_write_slowdown: no, is_write_stall: no, largest seqno: 21024717, smallest seqno: 20360737
