Log file created at: 2023/07/06 09:27:06
Running on machine: en4217754l
Running duration (h:mm:ss): 0:00:00
Log line format: [IWEF]yyyymmdd hh:mm:ss.uuuuuu threadid file:line] msg
I20230706 09:27:06.865800 2970782 main.cc:328] kvrocks unstable (commit 4a10c89)
I20230706 09:27:07.132881 2970782 storage.cc:322] [storage] Success to load the data from disk: 64 ms
I20230706 09:27:07.133940 2970782 worker.cc:72] [worker] Listening on: 10.218.109.65:40001
I20230706 09:27:07.133991 2970782 worker.cc:72] [worker] Listening on: 127.0.0.1:40001
I20230706 09:27:07.134418 2970782 worker.cc:72] [worker] Listening on: 10.218.109.65:40001
I20230706 09:27:07.134459 2970782 worker.cc:72] [worker] Listening on: 127.0.0.1:40001
I20230706 09:27:07.134783 2970782 worker.cc:72] [worker] Listening on: 10.218.109.65:40001
I20230706 09:27:07.134820 2970782 worker.cc:72] [worker] Listening on: 127.0.0.1:40001
I20230706 09:27:07.135124 2970782 worker.cc:72] [worker] Listening on: 10.218.109.65:40001
I20230706 09:27:07.135161 2970782 worker.cc:72] [worker] Listening on: 127.0.0.1:40001
I20230706 09:27:07.135449 2970782 worker.cc:72] [worker] Listening on: 10.218.109.65:40001
I20230706 09:27:07.135530 2970782 worker.cc:72] [worker] Listening on: 127.0.0.1:40001
I20230706 09:27:07.135782 2970782 worker.cc:72] [worker] Listening on: 10.218.109.65:40001
I20230706 09:27:07.135800 2970782 worker.cc:72] [worker] Listening on: 127.0.0.1:40001
I20230706 09:27:07.135939 2970782 worker.cc:72] [worker] Listening on: 10.218.109.65:40001
I20230706 09:27:07.135957 2970782 worker.cc:72] [worker] Listening on: 127.0.0.1:40001
I20230706 09:27:07.136094 2970782 worker.cc:72] [worker] Listening on: 10.218.109.65:40001
I20230706 09:27:07.136112 2970782 worker.cc:72] [worker] Listening on: 127.0.0.1:40001
W20230706 09:27:07.136233 2970782 server.cc:1650] [server] Increased maximum number of open files to 14224 (it's originally set to 1024)
I20230706 09:27:07.136430 2970782 cluster.cc:643] The cluster nodes file /nvme/jinghuan/node_40001/nodes.conf is not found. Use CLUSTERX subcommands to specify it.
I20230706 09:27:07.136452 2970782 cluster.cc:643] The cluster nodes file /nvme/jinghuan/node_40001/nodes.conf is not found. Use CLUSTERX subcommands to specify it.
I20230706 09:27:07.139732 2970782 worker.cc:519] [worker] Thread #140273430558464 started
I20230706 09:27:07.139772 2970782 worker.cc:519] [worker] Thread #140273648387840 started
I20230706 09:27:07.139829 2970782 worker.cc:519] [worker] Thread #140273749317376 started
I20230706 09:27:07.139879 2970782 worker.cc:519] [worker] Thread #140273740924672 started
I20230706 09:27:07.139936 2970782 worker.cc:519] [worker] Thread #140273732531968 started
I20230706 09:27:07.139986 2970782 worker.cc:519] [worker] Thread #140273724139264 started
I20230706 09:27:07.140035 2970782 worker.cc:519] [worker] Thread #140273715746560 started
I20230706 09:27:07.140087 2970782 worker.cc:519] [worker] Thread #140273698744064 started
I20230706 09:27:07.140249 2970782 server.cc:211] [server] Ready to accept connections
I20230706 09:27:07.904321 2971029 cluster.cc:286] MASTER MODE enabled by cluster topology setting
I20230706 09:27:10.358481 2970794 event_listener.cc:84] [event_listener/flush_begin] column family: default, thread_id: 2970794, job_id: 3, reason: 6
I20230706 09:27:10.778870 2970794 event_listener.cc:138] [event_listener/table_file_created] column family: default, file path: /nvme/jinghuan/node_40001/db/000016.sst, file size: 81688243, job id: 3, reason: flush, status: OK
I20230706 09:27:10.785460 2970794 event_listener.cc:91] [event_listener/flush_completed] column family: default, thread_id: 2970794, job_id: 3, file: /nvme/jinghuan/node_40001/db/000016.sst, reason: 6, is_write_slowdown: no, is_write_stall: no, largest seqno: 704780, smallest seqno: 1
I20230706 09:27:11.474522 2970792 event_listener.cc:138] [event_listener/table_file_created] column family: default, file path: /nvme/jinghuan/node_40001/db/000017.sst, file size: 81688239, job id: 4, reason: compaction, status: OK
I20230706 09:27:11.493420 2970792 event_listener.cc:71] [event_listener/compaction_completed] column family: default, compaction reason: 11, output compression type: no, base input level(files): 0(1), output level(files): 0(1), input bytes: 81688243, output bytes:81688239, is_manual_compaction:no, elapsed(micro): 689275
I20230706 09:27:11.503373 2970792 event_listener.cc:127] [event_listener/table_file_deleted] db: /nvme/jinghuan/node_40001/db, sst file: /nvme/jinghuan/node_40001/db/000016.sst, status: OK
I20230706 09:27:12.643456 2970795 event_listener.cc:84] [event_listener/flush_begin] column family: default, thread_id: 2970795, job_id: 5, reason: 6
I20230706 09:27:13.030702 2970795 event_listener.cc:138] [event_listener/table_file_created] column family: default, file path: /nvme/jinghuan/node_40001/db/000020.sst, file size: 77823155, job id: 5, reason: flush, status: OK
I20230706 09:27:13.040247 2970795 event_listener.cc:91] [event_listener/flush_completed] column family: default, thread_id: 2970795, job_id: 5, file: /nvme/jinghuan/node_40001/db/000020.sst, reason: 6, is_write_slowdown: no, is_write_stall: no, largest seqno: 1376209, smallest seqno: 704782
I20230706 09:27:14.907326 2970794 event_listener.cc:84] [event_listener/flush_begin] column family: default, thread_id: 2970794, job_id: 6, reason: 6
I20230706 09:27:15.338444 2970794 event_listener.cc:138] [event_listener/table_file_created] column family: default, file path: /nvme/jinghuan/node_40001/db/000023.sst, file size: 77207206, job id: 6, reason: flush, status: OK
I20230706 09:27:15.355317 2970794 event_listener.cc:91] [event_listener/flush_completed] column family: default, thread_id: 2970794, job_id: 6, file: /nvme/jinghuan/node_40001/db/000023.sst, reason: 6, is_write_slowdown: no, is_write_stall: no, largest seqno: 2042259, smallest seqno: 1376211
I20230706 09:27:17.127303 2970795 event_listener.cc:84] [event_listener/flush_begin] column family: default, thread_id: 2970795, job_id: 7, reason: 6
W20230706 09:27:18.186501 2971028 event_listener.cc:132] [event_listener/stall_cond_changed] column family: default write stall condition was changed, from normal to delay
I20230706 09:27:18.647230 2970794 event_listener.cc:84] [event_listener/flush_begin] column family: metadata, thread_id: 2970794, job_id: 8, reason: 13
I20230706 09:27:19.774197 2970795 event_listener.cc:138] [event_listener/table_file_created] column family: default, file path: /nvme/jinghuan/node_40001/db/000026.sst, file size: 75829402, job id: 7, reason: flush, status: OK
I20230706 09:27:19.787348 2970795 event_listener.cc:91] [event_listener/flush_completed] column family: default, thread_id: 2970795, job_id: 7, file: /nvme/jinghuan/node_40001/db/000026.sst, reason: 6, is_write_slowdown: no, is_write_stall: no, largest seqno: 2696440, smallest seqno: 2042261
W20230706 09:27:19.787560 2970795 event_listener.cc:132] [event_listener/stall_cond_changed] column family: default write stall condition was changed, from stop to normal
W20230706 09:27:19.788255 2971027 event_listener.cc:132] [event_listener/stall_cond_changed] column family: default write stall condition was changed, from delay to stop
I20230706 09:27:19.805436 2970795 event_listener.cc:84] [event_listener/flush_begin] column family: default, thread_id: 2970795, job_id: 10, reason: 6
I20230706 09:27:20.259287 2970794 event_listener.cc:138] [event_listener/table_file_created] column family: metadata, file path: /nvme/jinghuan/node_40001/db/000029.sst, file size: 19243637, job id: 8, reason: flush, status: OK
I20230706 09:27:20.269625 2970794 event_listener.cc:91] [event_listener/flush_completed] column family: metadata, thread_id: 2970794, job_id: 8, file: /nvme/jinghuan/node_40001/db/000029.sst, reason: 13, is_write_slowdown: no, is_write_stall: no, largest seqno: 3147551, smallest seqno: 11
W20230706 09:27:20.269883 2971027 event_listener.cc:132] [event_listener/stall_cond_changed] column family: default write stall condition was changed, from normal to delay
I20230706 09:27:20.289871 2970794 event_listener.cc:84] [event_listener/flush_begin] column family: default, thread_id: 2970794, job_id: 12, reason: 13
I20230706 09:27:21.866382 2970794 event_listener.cc:138] [event_listener/table_file_created] column family: default, file path: /nvme/jinghuan/node_40001/db/000035.sst, file size: 16340537, job id: 12, reason: flush, status: OK
I20230706 09:27:22.165870 2970792 event_listener.cc:138] [event_listener/table_file_created] column family: metadata, file path: /nvme/jinghuan/node_40001/db/000034.sst, file size: 19243633, job id: 11, reason: compaction, status: OK
I20230706 09:27:22.174008 2970792 event_listener.cc:71] [event_listener/compaction_completed] column family: metadata, compaction reason: 11, output compression type: no, base input level(files): 0(1), output level(files): 0(1), input bytes: 19243637, output bytes:19243633, is_manual_compaction:no, elapsed(micro): 1896034
I20230706 09:27:22.176550 2970792 event_listener.cc:127] [event_listener/table_file_deleted] db: /nvme/jinghuan/node_40001/db, sst file: /nvme/jinghuan/node_40001/db/000029.sst, status: OK
I20230706 09:27:26.473237 2970795 event_listener.cc:138] [event_listener/table_file_created] column family: default, file path: /nvme/jinghuan/node_40001/db/000032.sst, file size: 76044922, job id: 10, reason: flush, status: OK
I20230706 09:27:26.490188 2970795 event_listener.cc:91] [event_listener/flush_completed] column family: default, thread_id: 2970795, job_id: 10, file: /nvme/jinghuan/node_40001/db/000032.sst, reason: 13, is_write_slowdown: no, is_write_stall: no, largest seqno: 3352491, smallest seqno: 2696442
I20230706 09:27:26.490238 2970795 event_listener.cc:91] [event_listener/flush_completed] column family: default, thread_id: 2970794, job_id: 12, file: /nvme/jinghuan/node_40001/db/000035.sst, reason: 13, is_write_slowdown: no, is_write_stall: no, largest seqno: 3493390, smallest seqno: 3352493
W20230706 09:27:26.490490 2970795 event_listener.cc:132] [event_listener/stall_cond_changed] column family: default write stall condition was changed, from stop to normal
W20230706 09:27:26.490799 2971024 event_listener.cc:132] [event_listener/stall_cond_changed] column family: default write stall condition was changed, from delay to stop
I20230706 09:27:27.724601 2970794 event_listener.cc:84] [event_listener/flush_begin] column family: default, thread_id: 2970794, job_id: 13, reason: 6
W20230706 09:27:28.806735 2971026 event_listener.cc:132] [event_listener/stall_cond_changed] column family: default write stall condition was changed, from normal to delay
I20230706 09:27:29.990962 2970795 event_listener.cc:84] [event_listener/flush_begin] column family: default, thread_id: 2970795, job_id: 14, reason: 6
I20230706 09:27:33.271890 2970793 event_listener.cc:138] [event_listener/table_file_created] column family: default, file path: /nvme/jinghuan/node_40001/db/000031.sst, file size: 138729554, job id: 9, reason: compaction, status: OK
I20230706 09:27:34.076414 2970794 event_listener.cc:138] [event_listener/table_file_created] column family: default, file path: /nvme/jinghuan/node_40001/db/000038.sst, file size: 77384762, job id: 13, reason: flush, status: OK
I20230706 09:27:34.088975 2970794 event_listener.cc:91] [event_listener/flush_completed] column family: default, thread_id: 2970794, job_id: 13, file: /nvme/jinghuan/node_40001/db/000038.sst, reason: 6, is_write_slowdown: no, is_write_stall: no, largest seqno: 4161024, smallest seqno: 3493392
W20230706 09:27:34.089080 2970794 event_listener.cc:132] [event_listener/stall_cond_changed] column family: default write stall condition was changed, from stop to normal
W20230706 09:27:34.089965 2971026 event_listener.cc:132] [event_listener/stall_cond_changed] column family: default write stall condition was changed, from delay to stop
W20230706 09:27:35.366035 2971022 event_listener.cc:132] [event_listener/stall_cond_changed] column family: default write stall condition was changed, from normal to delay
I20230706 09:27:36.084659 2970795 event_listener.cc:138] [event_listener/table_file_created] column family: default, file path: /nvme/jinghuan/node_40001/db/000041.sst, file size: 76051326, job id: 14, reason: flush, status: OK
I20230706 09:27:36.098170 2970795 event_listener.cc:91] [event_listener/flush_completed] column family: default, thread_id: 2970795, job_id: 14, file: /nvme/jinghuan/node_40001/db/000041.sst, reason: 6, is_write_slowdown: no, is_write_stall: no, largest seqno: 4817152, smallest seqno: 4161026
W20230706 09:27:36.098371 2970795 event_listener.cc:132] [event_listener/stall_cond_changed] column family: default write stall condition was changed, from delay to normal
I20230706 09:27:36.588274 2970794 event_listener.cc:84] [event_listener/flush_begin] column family: default, thread_id: 2970794, job_id: 16, reason: 6
W20230706 09:27:37.689155 2971023 event_listener.cc:132] [event_listener/stall_cond_changed] column family: default write stall condition was changed, from normal to delay
I20230706 09:27:38.927775 2970795 event_listener.cc:84] [event_listener/flush_begin] column family: default, thread_id: 2970795, job_id: 17, reason: 6
I20230706 09:27:46.281576 2970793 event_listener.cc:138] [event_listener/table_file_created] column family: default, file path: /nvme/jinghuan/node_40001/db/000042.sst, file size: 138699402, job id: 9, reason: compaction, status: OK
I20230706 09:27:46.381379 2970795 event_listener.cc:138] [event_listener/table_file_created] column family: default, file path: /nvme/jinghuan/node_40001/db/000049.sst, file size: 77888465, job id: 17, reason: flush, status: OK
I20230706 09:27:47.584125 2970794 event_listener.cc:138] [event_listener/table_file_created] column family: default, file path: /nvme/jinghuan/node_40001/db/000046.sst, file size: 77268942, job id: 16, reason: flush, status: OK
I20230706 09:27:47.597738 2970794 event_listener.cc:91] [event_listener/flush_completed] column family: default, thread_id: 2970794, job_id: 16, file: /nvme/jinghuan/node_40001/db/000046.sst, reason: 6, is_write_slowdown: no, is_write_stall: no, largest seqno: 5483774, smallest seqno: 4817154
I20230706 09:27:47.597766 2970794 event_listener.cc:91] [event_listener/flush_completed] column family: default, thread_id: 2970795, job_id: 17, file: /nvme/jinghuan/node_40001/db/000049.sst, reason: 6, is_write_slowdown: no, is_write_stall: no, largest seqno: 6155753, smallest seqno: 5483776
W20230706 09:27:47.597854 2970794 event_listener.cc:132] [event_listener/stall_cond_changed] column family: default write stall condition was changed, from stop to normal
W20230706 09:27:47.598609 2971023 event_listener.cc:132] [event_listener/stall_cond_changed] column family: default write stall condition was changed, from delay to stop
I20230706 09:27:48.102707 2970795 event_listener.cc:84] [event_listener/flush_begin] column family: metadata, thread_id: 2970795, job_id: 18, reason: 13
I20230706 09:27:49.277865 2970793 event_listener.cc:138] [event_listener/table_file_created] column family: default, file path: /nvme/jinghuan/node_40001/db/000050.sst, file size: 34972376, job id: 9, reason: compaction, status: OK
I20230706 09:27:49.310503 2970793 event_listener.cc:71] [event_listener/compaction_completed] column family: default, compaction reason: 1, output compression type: no, base input level(files): 0(4), output level(files): 1(3), input bytes: 312548002, output bytes:312401332, is_manual_compaction:no, elapsed(micro): 29490700
I20230706 09:27:49.683712 2970795 event_listener.cc:138] [event_listener/table_file_created] column family: metadata, file path: /nvme/jinghuan/node_40001/db/000052.sst, file size: 19238174, job id: 18, reason: flush, status: OK
I20230706 09:27:49.692602 2970795 event_listener.cc:91] [event_listener/flush_completed] column family: metadata, thread_id: 2970795, job_id: 18, file: /nvme/jinghuan/node_40001/db/000052.sst, reason: 13, is_write_slowdown: no, is_write_stall: no, largest seqno: 6295113, smallest seqno: 3147562
I20230706 09:27:49.884763 2970794 event_listener.cc:84] [event_listener/flush_begin] column family: default, thread_id: 2970794, job_id: 19, reason: 6
W20230706 09:27:51.032181 2971022 event_listener.cc:132] [event_listener/stall_cond_changed] column family: default write stall condition was changed, from normal to delay
I20230706 09:27:51.041963 2970793 event_listener.cc:71] [event_listener/compaction_completed] column family: default, compaction reason: 2, output compression type: no, base input level(files): 1(1), output level(files): 2(1), input bytes: 0, output bytes:0, is_manual_compaction:no, elapsed(micro): 0
I20230706 09:27:52.246165 2970795 event_listener.cc:84] [event_listener/flush_begin] column family: default, thread_id: 2970795, job_id: 21, reason: 6
I20230706 09:27:55.187616 2970794 event_listener.cc:138] [event_listener/table_file_created] column family: default, file path: /nvme/jinghuan/node_40001/db/000055.sst, file size: 76318559, job id: 19, reason: flush, status: OK
I20230706 09:27:55.194291 2970794 event_listener.cc:91] [event_listener/flush_completed] column family: default, thread_id: 2970794, job_id: 19, file: /nvme/jinghuan/node_40001/db/000055.sst, reason: 6, is_write_slowdown: no, is_write_stall: no, largest seqno: 6814158, smallest seqno: 6155755
W20230706 09:27:55.194670 2970794 event_listener.cc:132] [event_listener/stall_cond_changed] column family: default write stall condition was changed, from stop to normal
W20230706 09:27:55.194883 2971027 event_listener.cc:132] [event_listener/stall_cond_changed] column family: default write stall condition was changed, from delay to stop
W20230706 09:27:56.481086 2971029 event_listener.cc:132] [event_listener/stall_cond_changed] column family: default write stall condition was changed, from normal to delay
I20230706 09:27:57.488857 2970795 event_listener.cc:138] [event_listener/table_file_created] column family: default, file path: /nvme/jinghuan/node_40001/db/000058.sst, file size: 77532210, job id: 21, reason: flush, status: OK
I20230706 09:27:57.496556 2970795 event_listener.cc:91] [event_listener/flush_completed] column family: default, thread_id: 2970795, job_id: 21, file: /nvme/jinghuan/node_40001/db/000058.sst, reason: 6, is_write_slowdown: no, is_write_stall: no, largest seqno: 7483057, smallest seqno: 6814160
W20230706 09:27:57.496691 2970795 event_listener.cc:132] [event_listener/stall_cond_changed] column family: default write stall condition was changed, from delay to normal
I20230706 09:27:57.706840 2970794 event_listener.cc:84] [event_listener/flush_begin] column family: default, thread_id: 2970794, job_id: 23, reason: 6
W20230706 09:27:58.880795 2971029 event_listener.cc:132] [event_listener/stall_cond_changed] column family: default write stall condition was changed, from normal to delay
I20230706 09:28:00.092975 2970795 event_listener.cc:84] [event_listener/flush_begin] column family: default, thread_id: 2970795, job_id: 24, reason: 6
I20230706 09:28:05.889118 2970794 event_listener.cc:138] [event_listener/table_file_created] column family: default, file path: /nvme/jinghuan/node_40001/db/000062.sst, file size: 79022082, job id: 23, reason: flush, status: OK
I20230706 09:28:05.896428 2970794 event_listener.cc:91] [event_listener/flush_completed] column family: default, thread_id: 2970794, job_id: 23, file: /nvme/jinghuan/node_40001/db/000062.sst, reason: 6, is_write_slowdown: no, is_write_stall: no, largest seqno: 8164815, smallest seqno: 7483059
W20230706 09:28:05.896472 2970794 event_listener.cc:132] [event_listener/stall_cond_changed] column family: default write stall condition was changed, from stop to normal
W20230706 09:28:05.896908 2971023 event_listener.cc:132] [event_listener/stall_cond_changed] column family: default write stall condition was changed, from delay to stop
W20230706 09:28:07.179419 2971026 event_listener.cc:132] [event_listener/stall_cond_changed] column family: default write stall condition was changed, from normal to delay
I20230706 09:28:07.292695 2970795 event_listener.cc:138] [event_listener/table_file_created] column family: default, file path: /nvme/jinghuan/node_40001/db/000065.sst, file size: 76098876, job id: 24, reason: flush, status: OK
I20230706 09:28:07.299151 2970795 event_listener.cc:91] [event_listener/flush_completed] column family: default, thread_id: 2970795, job_id: 24, file: /nvme/jinghuan/node_40001/db/000065.sst, reason: 6, is_write_slowdown: no, is_write_stall: no, largest seqno: 8821350, smallest seqno: 8164817
W20230706 09:28:07.299230 2970795 event_listener.cc:132] [event_listener/stall_cond_changed] column family: default write stall condition was changed, from delay to normal
I20230706 09:28:07.691617 2970792 event_listener.cc:138] [event_listener/table_file_created] column family: default, file path: /nvme/jinghuan/node_40001/db/000044.sst, file size: 245719939, job id: 15, reason: compaction, status: OK
I20230706 09:28:07.704859 2970792 event_listener.cc:71] [event_listener/compaction_completed] column family: default, compaction reason: 1, output compression type: no, base input level(files): 0(4), output level(files): 0(1), input bytes: 245821547, output bytes:245719939, is_manual_compaction:no, elapsed(micro): 31593302
I20230706 09:28:07.712307 2970792 event_listener.cc:127] [event_listener/table_file_deleted] db: /nvme/jinghuan/node_40001/db, sst file: /nvme/jinghuan/node_40001/db/000026.sst, status: OK
I20230706 09:28:07.719839 2970792 event_listener.cc:127] [event_listener/table_file_deleted] db: /nvme/jinghuan/node_40001/db, sst file: /nvme/jinghuan/node_40001/db/000023.sst, status: OK
I20230706 09:28:07.725185 2970792 event_listener.cc:127] [event_listener/table_file_deleted] db: /nvme/jinghuan/node_40001/db, sst file: /nvme/jinghuan/node_40001/db/000020.sst, status: OK
I20230706 09:28:07.731674 2970792 event_listener.cc:127] [event_listener/table_file_deleted] db: /nvme/jinghuan/node_40001/db, sst file: /nvme/jinghuan/node_40001/db/000017.sst, status: OK
I20230706 09:28:08.100418 2970794 event_listener.cc:84] [event_listener/flush_begin] column family: metadata, thread_id: 2970794, job_id: 25, reason: 13
I20230706 09:28:08.455310 2970795 event_listener.cc:84] [event_listener/flush_begin] column family: default, thread_id: 2970795, job_id: 26, reason: 6
I20230706 09:28:09.690835 2970794 event_listener.cc:138] [event_listener/table_file_created] column family: metadata, file path: /nvme/jinghuan/node_40001/db/000068.sst, file size: 19219421, job id: 25, reason: flush, status: OK
W20230706 09:28:09.701594 2971023 event_listener.cc:132] [event_listener/stall_cond_changed] column family: default write stall condition was changed, from normal to delay
I20230706 09:28:09.706316 2970794 event_listener.cc:91] [event_listener/flush_completed] column family: metadata, thread_id: 2970794, job_id: 25, file: /nvme/jinghuan/node_40001/db/000068.sst, reason: 13, is_write_slowdown: no, is_write_stall: no, largest seqno: 9442675, smallest seqno: 6295124
I20230706 09:28:11.048755 2970794 event_listener.cc:84] [event_listener/flush_begin] column family: default, thread_id: 2970794, job_id: 29, reason: 6
I20230706 09:28:14.804811 2970795 event_listener.cc:138] [event_listener/table_file_created] column family: default, file path: /nvme/jinghuan/node_40001/db/000070.sst, file size: 85002470, job id: 26, reason: flush, status: OK
I20230706 09:28:14.817111 2970795 event_listener.cc:91] [event_listener/flush_completed] column family: default, thread_id: 2970795, job_id: 26, file: /nvme/jinghuan/node_40001/db/000070.sst, reason: 6, is_write_slowdown: no, is_write_stall: no, largest seqno: 9554709, smallest seqno: 8821352
W20230706 09:28:14.817394 2971023 event_listener.cc:132] [event_listener/stall_cond_changed] column family: default write stall condition was changed, from delay to stop
W20230706 09:28:14.817478 2970795 event_listener.cc:132] [event_listener/stall_cond_changed] column family: default write stall condition was changed, from stop to normal
W20230706 09:28:15.976558 2971023 event_listener.cc:132] [event_listener/stall_cond_changed] column family: default write stall condition was changed, from normal to delay
I20230706 09:28:16.605763 2970794 event_listener.cc:138] [event_listener/table_file_created] column family: default, file path: /nvme/jinghuan/node_40001/db/000073.sst, file size: 85048304, job id: 29, reason: flush, status: OK
I20230706 09:28:16.619221 2970794 event_listener.cc:91] [event_listener/flush_completed] column family: default, thread_id: 2970794, job_id: 29, file: /nvme/jinghuan/node_40001/db/000073.sst, reason: 6, is_write_slowdown: no, is_write_stall: no, largest seqno: 10288497, smallest seqno: 9554711
W20230706 09:28:16.619920 2970794 event_listener.cc:132] [event_listener/stall_cond_changed] column family: default write stall condition was changed, from delay to normal
I20230706 09:28:17.198519 2970795 event_listener.cc:84] [event_listener/flush_begin] column family: default, thread_id: 2970795, job_id: 33, reason: 6
W20230706 09:28:18.298424 2971029 event_listener.cc:132] [event_listener/stall_cond_changed] column family: default write stall condition was changed, from normal to delay
I20230706 09:28:19.481846 2970794 event_listener.cc:84] [event_listener/flush_begin] column family: default, thread_id: 2970794, job_id: 34, reason: 6
I20230706 09:28:24.107606 2970795 event_listener.cc:138] [event_listener/table_file_created] column family: default, file path: /nvme/jinghuan/node_40001/db/000077.sst, file size: 76505822, job id: 33, reason: flush, status: OK
I20230706 09:28:24.113919 2970795 event_listener.cc:91] [event_listener/flush_completed] column family: default, thread_id: 2970795, job_id: 33, file: /nvme/jinghuan/node_40001/db/000077.sst, reason: 6, is_write_slowdown: no, is_write_stall: no, largest seqno: 10948530, smallest seqno: 10288499
W20230706 09:28:24.113979 2970795 event_listener.cc:132] [event_listener/stall_cond_changed] column family: default write stall condition was changed, from stop to normal
W20230706 09:28:24.114367 2971023 event_listener.cc:132] [event_listener/stall_cond_changed] column family: default write stall condition was changed, from delay to stop
W20230706 09:28:25.296682 2971028 event_listener.cc:132] [event_listener/stall_cond_changed] column family: default write stall condition was changed, from normal to delay
I20230706 09:28:26.206073 2970794 event_listener.cc:138] [event_listener/table_file_created] column family: default, file path: /nvme/jinghuan/node_40001/db/000080.sst, file size: 75665778, job id: 34, reason: flush, status: OK
I20230706 09:28:26.222645 2970794 event_listener.cc:91] [event_listener/flush_completed] column family: default, thread_id: 2970794, job_id: 34, file: /nvme/jinghuan/node_40001/db/000080.sst, reason: 6, is_write_slowdown: no, is_write_stall: no, largest seqno: 11601314, smallest seqno: 10948532
W20230706 09:28:26.222754 2970794 event_listener.cc:132] [event_listener/stall_cond_changed] column family: default write stall condition was changed, from delay to normal
I20230706 09:28:26.538198 2970795 event_listener.cc:84] [event_listener/flush_begin] column family: default, thread_id: 2970795, job_id: 35, reason: 6
I20230706 09:28:27.681921 2970794 event_listener.cc:84] [event_listener/flush_begin] column family: metadata, thread_id: 2970794, job_id: 36, reason: 13
W20230706 09:28:27.691648 2971025 event_listener.cc:132] [event_listener/stall_cond_changed] column family: default write stall condition was changed, from normal to delay
I20230706 09:28:28.499866 2970793 event_listener.cc:138] [event_listener/table_file_created] column family: default, file path: /nvme/jinghuan/node_40001/db/000060.sst, file size: 308881309, job id: 22, reason: compaction, status: OK
I20230706 09:28:28.518715 2970793 event_listener.cc:71] [event_listener/compaction_completed] column family: default, compaction reason: 1, output compression type: no, base input level(files): 0(4), output level(files): 0(1), input bytes: 309008176, output bytes:308881309, is_manual_compaction:no, elapsed(micro): 31003256
I20230706 09:28:28.526150 2970793 event_listener.cc:127] [event_listener/table_file_deleted] db: /nvme/jinghuan/node_40001/db, sst file: /nvme/jinghuan/node_40001/db/000041.sst, status: OK
I20230706 09:28:28.535530 2970793 event_listener.cc:127] [event_listener/table_file_deleted] db: /nvme/jinghuan/node_40001/db, sst file: /nvme/jinghuan/node_40001/db/000038.sst, status: OK
I20230706 09:28:28.537142 2970793 event_listener.cc:127] [event_listener/table_file_deleted] db: /nvme/jinghuan/node_40001/db, sst file: /nvme/jinghuan/node_40001/db/000035.sst, status: OK
I20230706 09:28:28.543476 2970793 event_listener.cc:127] [event_listener/table_file_deleted] db: /nvme/jinghuan/node_40001/db, sst file: /nvme/jinghuan/node_40001/db/000032.sst, status: OK
I20230706 09:28:29.306923 2970794 event_listener.cc:138] [event_listener/table_file_created] column family: metadata, file path: /nvme/jinghuan/node_40001/db/000085.sst, file size: 19221099, job id: 36, reason: flush, status: OK
I20230706 09:28:29.314803 2970794 event_listener.cc:91] [event_listener/flush_completed] column family: metadata, thread_id: 2970794, job_id: 36, file: /nvme/jinghuan/node_40001/db/000085.sst, reason: 13, is_write_slowdown: no, is_write_stall: no, largest seqno: 12590248, smallest seqno: 9442686
I20230706 09:28:29.352659 2970794 event_listener.cc:84] [event_listener/flush_begin] column family: default, thread_id: 2970794, job_id: 40, reason: 6
I20230706 09:28:33.609521 2970795 event_listener.cc:138] [event_listener/table_file_created] column family: default, file path: /nvme/jinghuan/node_40001/db/000083.sst, file size: 77318330, job id: 35, reason: flush, status: OK
I20230706 09:28:33.623703 2970795 event_listener.cc:91] [event_listener/flush_completed] column family: default, thread_id: 2970795, job_id: 35, file: /nvme/jinghuan/node_40001/db/000083.sst, reason: 6, is_write_slowdown: no, is_write_stall: no, largest seqno: 12268398, smallest seqno: 11601316
W20230706 09:28:33.624080 2970795 event_listener.cc:132] [event_listener/stall_cond_changed] column family: default write stall condition was changed, from stop to normal
W20230706 09:28:33.624372 2971025 event_listener.cc:132] [event_listener/stall_cond_changed] column family: default write stall condition was changed, from delay to stop
W20230706 09:28:35.052161 2971025 event_listener.cc:132] [event_listener/stall_cond_changed] column family: default write stall condition was changed, from normal to delay
I20230706 09:28:35.710559 2970794 event_listener.cc:138] [event_listener/table_file_created] column family: default, file path: /nvme/jinghuan/node_40001/db/000089.sst, file size: 76740583, job id: 40, reason: flush, status: OK
I20230706 09:28:35.724234 2970794 event_listener.cc:91] [event_listener/flush_completed] column family: default, thread_id: 2970794, job_id: 40, file: /nvme/jinghuan/node_40001/db/000089.sst, reason: 6, is_write_slowdown: no, is_write_stall: no, largest seqno: 12930488, smallest seqno: 12268400
W20230706 09:28:35.724323 2970794 event_listener.cc:132] [event_listener/stall_cond_changed] column family: default write stall condition was changed, from delay to normal
I20230706 09:28:36.106401 2970793 event_listener.cc:138] [event_listener/table_file_created] column family: metadata, file path: /nvme/jinghuan/node_40001/db/000088.sst, file size: 76274421, job id: 39, reason: compaction, status: OK
I20230706 09:28:36.125002 2970793 event_listener.cc:71] [event_listener/compaction_completed] column family: metadata, compaction reason: 1, output compression type: no, base input level(files): 0(4), output level(files): 1(1), input bytes: 76922327, output bytes:76274421, is_manual_compaction:no, elapsed(micro): 6791544
I20230706 09:28:36.129007 2970793 event_listener.cc:127] [event_listener/table_file_deleted] db: /nvme/jinghuan/node_40001/db, sst file: /nvme/jinghuan/node_40001/db/000068.sst, status: OK
I20230706 09:28:36.132120 2970793 event_listener.cc:127] [event_listener/table_file_deleted] db: /nvme/jinghuan/node_40001/db, sst file: /nvme/jinghuan/node_40001/db/000052.sst, status: OK
I20230706 09:28:36.133795 2970793 event_listener.cc:127] [event_listener/table_file_deleted] db: /nvme/jinghuan/node_40001/db, sst file: /nvme/jinghuan/node_40001/db/000034.sst, status: OK
I20230706 09:28:36.522753 2970795 event_listener.cc:84] [event_listener/flush_begin] column family: default, thread_id: 2970795, job_id: 42, reason: 6
W20230706 09:28:37.861907 2971025 event_listener.cc:132] [event_listener/stall_cond_changed] column family: default write stall condition was changed, from normal to delay
I20230706 09:28:39.319175 2970794 event_listener.cc:84] [event_listener/flush_begin] column family: default, thread_id: 2970794, job_id: 43, reason: 6
I20230706 09:28:42.713595 2970795 event_listener.cc:138] [event_listener/table_file_created] column family: default, file path: /nvme/jinghuan/node_40001/db/000093.sst, file size: 83056064, job id: 42, reason: flush, status: OK
I20230706 09:28:42.719950 2970795 event_listener.cc:91] [event_listener/flush_completed] column family: default, thread_id: 2970795, job_id: 42, file: /nvme/jinghuan/node_40001/db/000093.sst, reason: 6, is_write_slowdown: no, is_write_stall: no, largest seqno: 13647017, smallest seqno: 12930490
W20230706 09:28:42.720003 2970795 event_listener.cc:132] [event_listener/stall_cond_changed] column family: default write stall condition was changed, from stop to normal
W20230706 09:28:42.720466 2971025 event_listener.cc:132] [event_listener/stall_cond_changed] column family: default write stall condition was changed, from delay to stop
W20230706 09:28:43.894184 2971027 event_listener.cc:132] [event_listener/stall_cond_changed] column family: default write stall condition was changed, from normal to delay
I20230706 09:28:45.137637 2970795 event_listener.cc:84] [event_listener/flush_begin] column family: default, thread_id: 2970795, job_id: 44, reason: 6
I20230706 09:28:45.621415 2970794 event_listener.cc:138] [event_listener/table_file_created] column family: default, file path: /nvme/jinghuan/node_40001/db/000096.sst, file size: 83051784, job id: 43, reason: flush, status: OK
I20230706 09:28:45.633114 2970794 event_listener.cc:91] [event_listener/flush_completed] column family: default, thread_id: 2970794, job_id: 43, file: /nvme/jinghuan/node_40001/db/000096.sst, reason: 6, is_write_slowdown: no, is_write_stall: no, largest seqno: 14363513, smallest seqno: 13647019
W20230706 09:28:45.633219 2970794 event_listener.cc:132] [event_listener/stall_cond_changed] column family: default write stall condition was changed, from stop to normal
W20230706 09:28:45.633698 2971025 event_listener.cc:132] [event_listener/stall_cond_changed] column family: default write stall condition was changed, from delay to stop
W20230706 09:28:46.781129 2971023 event_listener.cc:132] [event_listener/stall_cond_changed] column family: default write stall condition was changed, from normal to delay
I20230706 09:28:48.006600 2970794 event_listener.cc:84] [event_listener/flush_begin] column family: default, thread_id: 2970794, job_id: 45, reason: 6
I20230706 09:28:50.413905 2970792 event_listener.cc:138] [event_listener/table_file_created] column family: default, file path: /nvme/jinghuan/node_40001/db/000075.sst, file size: 325017715, job id: 32, reason: compaction, status: OK
I20230706 09:28:50.435648 2970792 event_listener.cc:71] [event_listener/compaction_completed] column family: default, compaction reason: 1, output compression type: no, base input level(files): 0(4), output level(files): 0(1), input bytes: 325171732, output bytes:325017715, is_manual_compaction:no, elapsed(micro): 33794104
I20230706 09:28:50.437908 2970792 event_listener.cc:127] [event_listener/table_file_deleted] db: /nvme/jinghuan/node_40001/db, sst file: /nvme/jinghuan/node_40001/db/000085.sst, status: OK
I20230706 09:28:50.446491 2970792 event_listener.cc:127] [event_listener/table_file_deleted] db: /nvme/jinghuan/node_40001/db, sst file: /nvme/jinghuan/node_40001/db/000058.sst, status: OK
I20230706 09:28:50.452162 2970792 event_listener.cc:127] [event_listener/table_file_deleted] db: /nvme/jinghuan/node_40001/db, sst file: /nvme/jinghuan/node_40001/db/000055.sst, status: OK
I20230706 09:28:50.457181 2970792 event_listener.cc:127] [event_listener/table_file_deleted] db: /nvme/jinghuan/node_40001/db, sst file: /nvme/jinghuan/node_40001/db/000049.sst, status: OK
I20230706 09:28:50.462313 2970792 event_listener.cc:127] [event_listener/table_file_deleted] db: /nvme/jinghuan/node_40001/db, sst file: /nvme/jinghuan/node_40001/db/000046.sst, status: OK
I20230706 09:28:50.720445 2970795 event_listener.cc:138] [event_listener/table_file_created] column family: default, file path: /nvme/jinghuan/node_40001/db/000099.sst, file size: 77217048, job id: 44, reason: flush, status: OK
I20230706 09:28:50.730242 2970795 event_listener.cc:91] [event_listener/flush_completed] column family: default, thread_id: 2970795, job_id: 44, file: /nvme/jinghuan/node_40001/db/000099.sst, reason: 6, is_write_slowdown: no, is_write_stall: no, largest seqno: 15029695, smallest seqno: 14363515
W20230706 09:28:50.730311 2970795 event_listener.cc:132] [event_listener/stall_cond_changed] column family: default write stall condition was changed, from stop to normal
W20230706 09:28:50.730540 2971022 event_listener.cc:132] [event_listener/stall_cond_changed] column family: default write stall condition was changed, from delay to stop
I20230706 09:28:50.984107 2970795 event_listener.cc:84] [event_listener/flush_begin] column family: metadata, thread_id: 2970795, job_id: 48, reason: 13
W20230706 09:28:52.125087 2971022 event_listener.cc:132] [event_listener/stall_cond_changed] column family: default write stall condition was changed, from normal to delay
I20230706 09:28:52.525482 2970795 event_listener.cc:138] [event_listener/table_file_created] column family: metadata, file path: /nvme/jinghuan/node_40001/db/000104.sst, file size: 19250456, job id: 48, reason: flush, status: OK
I20230706 09:28:52.532042 2970795 event_listener.cc:91] [event_listener/flush_completed] column family: metadata, thread_id: 2970795, job_id: 48, file: /nvme/jinghuan/node_40001/db/000104.sst, reason: 13, is_write_slowdown: no, is_write_stall: no, largest seqno: 15737832, smallest seqno: 12590259
I20230706 09:28:53.029335 2970794 event_listener.cc:138] [event_listener/table_file_created] column family: default, file path: /nvme/jinghuan/node_40001/db/000102.sst, file size: 75190075, job id: 45, reason: flush, status: OK
I20230706 09:28:53.038286 2970794 event_listener.cc:91] [event_listener/flush_completed] column family: default, thread_id: 2970794, job_id: 45, file: /nvme/jinghuan/node_40001/db/000102.sst, reason: 6, is_write_slowdown: no, is_write_stall: no, largest seqno: 15678398, smallest seqno: 15029697
W20230706 09:28:53.038506 2970794 event_listener.cc:132] [event_listener/stall_cond_changed] column family: default write stall condition was changed, from delay to normal
I20230706 09:28:53.576833 2970795 event_listener.cc:84] [event_listener/flush_begin] column family: default, thread_id: 2970795, job_id: 51, reason: 6
W20230706 09:28:54.930337 2971022 event_listener.cc:132] [event_listener/stall_cond_changed] column family: default write stall condition was changed, from normal to delay
I20230706 09:28:56.404989 2970794 event_listener.cc:84] [event_listener/flush_begin] column family: default, thread_id: 2970794, job_id: 52, reason: 6
I20230706 09:28:59.232908 2970795 event_listener.cc:138] [event_listener/table_file_created] column family: default, file path: /nvme/jinghuan/node_40001/db/000108.sst, file size: 82886651, job id: 51, reason: flush, status: OK
I20230706 09:28:59.245388 2970795 event_listener.cc:91] [event_listener/flush_completed] column family: default, thread_id: 2970795, job_id: 51, file: /nvme/jinghuan/node_40001/db/000108.sst, reason: 6, is_write_slowdown: no, is_write_stall: no, largest seqno: 16393508, smallest seqno: 15678400
W20230706 09:28:59.245770 2970795 event_listener.cc:132] [event_listener/stall_cond_changed] column family: default write stall condition was changed, from stop to normal
W20230706 09:28:59.245854 2971022 event_listener.cc:132] [event_listener/stall_cond_changed] column family: default write stall condition was changed, from delay to stop
W20230706 09:29:00.559624 2971027 event_listener.cc:132] [event_listener/stall_cond_changed] column family: default write stall condition was changed, from normal to delay
I20230706 09:29:01.990614 2970795 event_listener.cc:84] [event_listener/flush_begin] column family: default, thread_id: 2970795, job_id: 53, reason: 6
I20230706 09:29:02.729650 2970793 event_listener.cc:138] [event_listener/table_file_created] column family: default, file path: /nvme/jinghuan/node_40001/db/000091.sst, file size: 306104991, job id: 41, reason: compaction, status: OK
I20230706 09:29:02.755066 2970793 event_listener.cc:71] [event_listener/compaction_completed] column family: default, compaction reason: 1, output compression type: no, base input level(files): 0(4), output level(files): 0(1), input bytes: 306230513, output bytes:306104991, is_manual_compaction:no, elapsed(micro): 26595871
I20230706 09:29:02.764633 2970793 event_listener.cc:127] [event_listener/table_file_deleted] db: /nvme/jinghuan/node_40001/db, sst file: /nvme/jinghuan/node_40001/db/000073.sst, status: OK
I20230706 09:29:02.771623 2970793 event_listener.cc:127] [event_listener/table_file_deleted] db: /nvme/jinghuan/node_40001/db, sst file: /nvme/jinghuan/node_40001/db/000070.sst, status: OK
I20230706 09:29:02.776645 2970793 event_listener.cc:127] [event_listener/table_file_deleted] db: /nvme/jinghuan/node_40001/db, sst file: /nvme/jinghuan/node_40001/db/000065.sst, status: OK
I20230706 09:29:02.781734 2970793 event_listener.cc:127] [event_listener/table_file_deleted] db: /nvme/jinghuan/node_40001/db, sst file: /nvme/jinghuan/node_40001/db/000062.sst, status: OK
I20230706 09:29:03.530201 2970794 event_listener.cc:138] [event_listener/table_file_created] column family: default, file path: /nvme/jinghuan/node_40001/db/000111.sst, file size: 83039305, job id: 52, reason: flush, status: OK
I20230706 09:29:03.545720 2970794 event_listener.cc:91] [event_listener/flush_completed] column family: default, thread_id: 2970794, job_id: 52, file: /nvme/jinghuan/node_40001/db/000111.sst, reason: 6, is_write_slowdown: no, is_write_stall: no, largest seqno: 17109927, smallest seqno: 16393510
W20230706 09:29:03.545770 2970794 event_listener.cc:132] [event_listener/stall_cond_changed] column family: default write stall condition was changed, from stop to normal
W20230706 09:29:03.545998 2971029 event_listener.cc:132] [event_listener/stall_cond_changed] column family: default write stall condition was changed, from delay to stop
W20230706 09:29:04.894766 2971023 event_listener.cc:132] [event_listener/stall_cond_changed] column family: default write stall condition was changed, from normal to delay
I20230706 09:29:05.535447 2970795 event_listener.cc:138] [event_listener/table_file_created] column family: default, file path: /nvme/jinghuan/node_40001/db/000114.sst, file size: 85026777, job id: 53, reason: flush, status: OK
I20230706 09:29:05.548260 2970795 event_listener.cc:91] [event_listener/flush_completed] column family: default, thread_id: 2970795, job_id: 53, file: /nvme/jinghuan/node_40001/db/000114.sst, reason: 6, is_write_slowdown: no, is_write_stall: no, largest seqno: 17843506, smallest seqno: 17109929
W20230706 09:29:05.548378 2970795 event_listener.cc:132] [event_listener/stall_cond_changed] column family: default write stall condition was changed, from delay to normal
I20230706 09:29:06.278772 2970794 event_listener.cc:84] [event_listener/flush_begin] column family: default, thread_id: 2970794, job_id: 59, reason: 6
I20230706 09:29:07.339251 2970795 event_listener.cc:84] [event_listener/flush_begin] column family: metadata, thread_id: 2970795, job_id: 60, reason: 13
W20230706 09:29:07.517361 2971027 event_listener.cc:132] [event_listener/stall_cond_changed] column family: default write stall condition was changed, from normal to delay
I20230706 09:29:08.835021 2970795 event_listener.cc:138] [event_listener/table_file_created] column family: metadata, file path: /nvme/jinghuan/node_40001/db/000119.sst, file size: 19249590, job id: 60, reason: flush, status: OK
I20230706 09:29:08.856874 2970795 event_listener.cc:91] [event_listener/flush_completed] column family: metadata, thread_id: 2970795, job_id: 60, file: /nvme/jinghuan/node_40001/db/000119.sst, reason: 13, is_write_slowdown: no, is_write_stall: no, largest seqno: 18885416, smallest seqno: 15737843
I20230706 09:29:08.903239 2970795 event_listener.cc:84] [event_listener/flush_begin] column family: default, thread_id: 2970795, job_id: 63, reason: 6
I20230706 09:29:10.139319 2970794 event_listener.cc:138] [event_listener/table_file_created] column family: default, file path: /nvme/jinghuan/node_40001/db/000117.sst, file size: 84947356, job id: 59, reason: flush, status: OK
I20230706 09:29:10.154852 2970794 event_listener.cc:91] [event_listener/flush_completed] column family: default, thread_id: 2970794, job_id: 59, file: /nvme/jinghuan/node_40001/db/000117.sst, reason: 6, is_write_slowdown: no, is_write_stall: no, largest seqno: 18576392, smallest seqno: 17843508
W20230706 09:29:10.155042 2970794 event_listener.cc:132] [event_listener/stall_cond_changed] column family: default write stall condition was changed, from stop to normal
W20230706 09:29:10.155243 2971023 event_listener.cc:132] [event_listener/stall_cond_changed] column family: default write stall condition was changed, from delay to stop
W20230706 09:29:11.664507 2971026 event_listener.cc:132] [event_listener/stall_cond_changed] column family: default write stall condition was changed, from normal to delay
I20230706 09:29:12.739114 2970795 event_listener.cc:138] [event_listener/table_file_created] column family: default, file path: /nvme/jinghuan/node_40001/db/000122.sst, file size: 85052493, job id: 63, reason: flush, status: OK
I20230706 09:29:12.746093 2970795 event_listener.cc:91] [event_listener/flush_completed] column family: default, thread_id: 2970795, job_id: 63, file: /nvme/jinghuan/node_40001/db/000122.sst, reason: 6, is_write_slowdown: no, is_write_stall: no, largest seqno: 19310180, smallest seqno: 18576394
W20230706 09:29:12.746203 2970795 event_listener.cc:132] [event_listener/stall_cond_changed] column family: default write stall condition was changed, from delay to normal
I20230706 09:29:13.226068 2970794 event_listener.cc:84] [event_listener/flush_begin] column family: default, thread_id: 2970794, job_id: 65, reason: 6
W20230706 09:29:14.628971 2971026 event_listener.cc:132] [event_listener/stall_cond_changed] column family: default write stall condition was changed, from normal to delay
I20230706 09:29:16.185932 2970795 event_listener.cc:84] [event_listener/flush_begin] column family: default, thread_id: 2970795, job_id: 66, reason: 6
I20230706 09:29:17.534241 2970794 event_listener.cc:138] [event_listener/table_file_created] column family: default, file path: /nvme/jinghuan/node_40001/db/000126.sst, file size: 84972001, job id: 65, reason: flush, status: OK
I20230706 09:29:17.547427 2970794 event_listener.cc:91] [event_listener/flush_completed] column family: default, thread_id: 2970794, job_id: 65, file: /nvme/jinghuan/node_40001/db/000126.sst, reason: 6, is_write_slowdown: no, is_write_stall: no, largest seqno: 20043275, smallest seqno: 19310182
W20230706 09:29:17.547500 2970794 event_listener.cc:132] [event_listener/stall_cond_changed] column family: default write stall condition was changed, from stop to normal
W20230706 09:29:17.547982 2971026 event_listener.cc:132] [event_listener/stall_cond_changed] column family: default write stall condition was changed, from delay to stop
I20230706 09:29:17.941702 2970792 event_listener.cc:138] [event_listener/table_file_created] column family: default, file path: /nvme/jinghuan/node_40001/db/000106.sst, file size: 318394990, job id: 50, reason: compaction, status: OK
I20230706 09:29:17.966663 2970792 event_listener.cc:71] [event_listener/compaction_completed] column family: default, compaction reason: 1, output compression type: no, base input level(files): 0(4), output level(files): 0(1), input bytes: 318514971, output bytes:318394990, is_manual_compaction:no, elapsed(micro): 24903195
I20230706 09:29:17.976229 2970792 event_listener.cc:127] [event_listener/table_file_deleted] db: /nvme/jinghuan/node_40001/db, sst file: /nvme/jinghuan/node_40001/db/000089.sst, status: OK
I20230706 09:29:17.981407 2970792 event_listener.cc:127] [event_listener/table_file_deleted] db: /nvme/jinghuan/node_40001/db, sst file: /nvme/jinghuan/node_40001/db/000083.sst, status: OK
I20230706 09:29:17.986240 2970792 event_listener.cc:127] [event_listener/table_file_deleted] db: /nvme/jinghuan/node_40001/db, sst file: /nvme/jinghuan/node_40001/db/000080.sst, status: OK
I20230706 09:29:17.991130 2970792 event_listener.cc:127] [event_listener/table_file_deleted] db: /nvme/jinghuan/node_40001/db, sst file: /nvme/jinghuan/node_40001/db/000077.sst, status: OK
W20230706 09:29:18.741309 2971027 event_listener.cc:132] [event_listener/stall_cond_changed] column family: default write stall condition was changed, from normal to delay
I20230706 09:29:19.842614 2970795 event_listener.cc:138] [event_listener/table_file_created] column family: default, file path: /nvme/jinghuan/node_40001/db/000129.sst, file size: 85054351, job id: 66, reason: flush, status: OK
