I20230706 09:29:19.854663 2970795 event_listener.cc:91] [event_listener/flush_completed] column family: default, thread_id: 2970795, job_id: 66, file: /nvme/jinghuan/node_40001/db/000129.sst, reason: 6, is_write_slowdown: no, is_write_stall: no, largest seqno: 20777085, smallest seqno: 20043277
W20230706 09:29:19.854704 2970795 event_listener.cc:132] [event_listener/stall_cond_changed] column family: default write stall condition was changed, from delay to normal
I20230706 09:29:20.007793 2970794 event_listener.cc:84] [event_listener/flush_begin] column family: default, thread_id: 2970794, job_id: 71, reason: 6
W20230706 09:29:21.164700 2971024 event_listener.cc:132] [event_listener/stall_cond_changed] column family: default write stall condition was changed, from normal to delay
I20230706 09:29:22.342192 2970794 event_listener.cc:138] [event_listener/table_file_created] column family: default, file path: /nvme/jinghuan/node_40001/db/000132.sst, file size: 76645704, job id: 71, reason: flush, status: OK
I20230706 09:29:22.360559 2970794 event_listener.cc:91] [event_listener/flush_completed] column family: default, thread_id: 2970794, job_id: 71, file: /nvme/jinghuan/node_40001/db/000132.sst, reason: 6, is_write_slowdown: no, is_write_stall: no, largest seqno: 21438339, smallest seqno: 20777087
W20230706 09:29:22.360757 2970794 event_listener.cc:132] [event_listener/stall_cond_changed] column family: default write stall condition was changed, from delay to normal
I20230706 09:29:24.607329 2970795 event_listener.cc:84] [event_listener/flush_begin] column family: metadata, thread_id: 2970795, job_id: 74, reason: 13
I20230706 09:29:25.544535 2970795 event_listener.cc:138] [event_listener/table_file_created] column family: metadata, file path: /nvme/jinghuan/node_40001/db/000136.sst, file size: 19011525, job id: 74, reason: flush, status: OK
I20230706 09:29:25.557093 2970795 event_listener.cc:91] [event_listener/flush_completed] column family: metadata, thread_id: 2970795, job_id: 74, file: /nvme/jinghuan/node_40001/db/000136.sst, reason: 13, is_write_slowdown: no, is_write_stall: no, largest seqno: 22019863, smallest seqno: 18885427
I20230706 09:29:30.646493 2970793 event_listener.cc:138] [event_listener/table_file_created] column family: default, file path: /nvme/jinghuan/node_40001/db/000123.sst, file size: 335786515, job id: 64, reason: compaction, status: OK
I20230706 09:29:30.666510 2970793 event_listener.cc:71] [event_listener/compaction_completed] column family: default, compaction reason: 1, output compression type: no, base input level(files): 0(4), output level(files): 0(1), input bytes: 335900089, output bytes:335786515, is_manual_compaction:no, elapsed(micro): 20491497
I20230706 09:29:30.675263 2970793 event_listener.cc:127] [event_listener/table_file_deleted] db: /nvme/jinghuan/node_40001/db, sst file: /nvme/jinghuan/node_40001/db/000102.sst, status: OK
I20230706 09:29:30.680429 2970793 event_listener.cc:127] [event_listener/table_file_deleted] db: /nvme/jinghuan/node_40001/db, sst file: /nvme/jinghuan/node_40001/db/000099.sst, status: OK
I20230706 09:29:30.685634 2970793 event_listener.cc:127] [event_listener/table_file_deleted] db: /nvme/jinghuan/node_40001/db, sst file: /nvme/jinghuan/node_40001/db/000096.sst, status: OK
I20230706 09:29:30.690990 2970793 event_listener.cc:127] [event_listener/table_file_deleted] db: /nvme/jinghuan/node_40001/db, sst file: /nvme/jinghuan/node_40001/db/000093.sst, status: OK
I20230706 09:29:30.962221 2970794 event_listener.cc:84] [event_listener/flush_begin] column family: default, thread_id: 2970794, job_id: 77, reason: 6
I20230706 09:29:33.447563 2970794 event_listener.cc:138] [event_listener/table_file_created] column family: default, file path: /nvme/jinghuan/node_40001/db/000138.sst, file size: 76981013, job id: 77, reason: flush, status: OK
I20230706 09:29:33.464224 2970794 event_listener.cc:91] [event_listener/flush_completed] column family: default, thread_id: 2970794, job_id: 77, file: /nvme/jinghuan/node_40001/db/000138.sst, reason: 6, is_write_slowdown: no, is_write_stall: no, largest seqno: 22103180, smallest seqno: 21438341
I20230706 09:29:34.843755 2970792 event_listener.cc:138] [event_listener/table_file_created] column family: default, file path: /nvme/jinghuan/node_40001/db/000134.sst, file size: 331582912, job id: 73, reason: compaction, status: OK
I20230706 09:29:34.862356 2970792 event_listener.cc:71] [event_listener/compaction_completed] column family: default, compaction reason: 1, output compression type: no, base input level(files): 0(4), output level(files): 0(1), input bytes: 331724549, output bytes:331582912, is_manual_compaction:no, elapsed(micro): 12483076
I20230706 09:29:34.869753 2971026 event_listener.cc:127] [event_listener/table_file_deleted] db: /nvme/jinghuan/node_40001/db, sst file: /nvme/jinghuan/node_40001/db/000132.sst, status: OK
I20230706 09:29:34.870561 2970792 event_listener.cc:127] [event_listener/table_file_deleted] db: /nvme/jinghuan/node_40001/db, sst file: /nvme/jinghuan/node_40001/db/000117.sst, status: OK
I20230706 09:29:34.877156 2971026 event_listener.cc:127] [event_listener/table_file_deleted] db: /nvme/jinghuan/node_40001/db, sst file: /nvme/jinghuan/node_40001/db/000129.sst, status: OK
I20230706 09:29:34.878059 2970792 event_listener.cc:127] [event_listener/table_file_deleted] db: /nvme/jinghuan/node_40001/db, sst file: /nvme/jinghuan/node_40001/db/000114.sst, status: OK
I20230706 09:29:34.883759 2971026 event_listener.cc:127] [event_listener/table_file_deleted] db: /nvme/jinghuan/node_40001/db, sst file: /nvme/jinghuan/node_40001/db/000126.sst, status: OK
I20230706 09:29:34.884657 2970792 event_listener.cc:127] [event_listener/table_file_deleted] db: /nvme/jinghuan/node_40001/db, sst file: /nvme/jinghuan/node_40001/db/000111.sst, status: OK
I20230706 09:29:34.890385 2971026 event_listener.cc:127] [event_listener/table_file_deleted] db: /nvme/jinghuan/node_40001/db, sst file: /nvme/jinghuan/node_40001/db/000122.sst, status: OK
I20230706 09:29:34.891121 2970792 event_listener.cc:127] [event_listener/table_file_deleted] db: /nvme/jinghuan/node_40001/db, sst file: /nvme/jinghuan/node_40001/db/000108.sst, status: OK
I20230706 09:29:37.645068 2970793 event_listener.cc:138] [event_listener/table_file_created] column family: default, file path: /nvme/jinghuan/node_40001/db/000139.sst, file size: 138654753, job id: 79, reason: compaction, status: OK
I20230706 09:29:40.352553 2970793 event_listener.cc:138] [event_listener/table_file_created] column family: default, file path: /nvme/jinghuan/node_40001/db/000140.sst, file size: 138690075, job id: 79, reason: compaction, status: OK
I20230706 09:29:42.171442 2971026 cluster.cc:286] MASTER MODE enabled by cluster topology setting
I20230706 09:29:42.312268 2971026 cluster.cc:923] function: Migrate compact-and-merge
I20230706 09:29:42.312292 2971026 slot_migrate_parallel.cc:32] [migrate] Start migrating slots, from slot: 0 to slot: 0. Slots are moving to 127.0.0.1:40002
I20230706 09:29:42.312300 2971026 cluster.cc:935] [cluster migration] Finished slot migration cmds sending, start to set nodes
I20230706 09:29:42.312347 2971019 slot_migrate.cc:165] [migrate] Migrating slot: -1, dst_ip: 127.0.0.1, dst_port: 40002, max_speed: 0, max_pipeline_size: 16
I20230706 09:29:42.312863 2971019 slot_migrate.cc:305] [migrate] Start migrating slot 0, connect destination fd 70
I20230706 09:29:42.312909 2971019 slot_migrate.cc:195] [migrate] Succeed to start migrating slot 0
I20230706 09:29:42.312927 2971019 slot_migrate_compact_and_merge.cc:25] [compact-and-merge] Start migrating snapshot of slot 
I20230706 09:29:42.950623 2970793 event_listener.cc:138] [event_listener/table_file_created] column family: default, file path: /nvme/jinghuan/node_40001/db/000141.sst, file size: 138688548, job id: 79, reason: compaction, status: OK
I20230706 09:29:45.655633 2970793 event_listener.cc:138] [event_listener/table_file_created] column family: default, file path: /nvme/jinghuan/node_40001/db/000142.sst, file size: 138690387, job id: 79, reason: compaction, status: OK
I20230706 09:29:48.261956 2970793 event_listener.cc:138] [event_listener/table_file_created] column family: default, file path: /nvme/jinghuan/node_40001/db/000143.sst, file size: 138741788, job id: 79, reason: compaction, status: OK
I20230706 09:29:50.854547 2970793 event_listener.cc:138] [event_listener/table_file_created] column family: default, file path: /nvme/jinghuan/node_40001/db/000144.sst, file size: 138766468, job id: 79, reason: compaction, status: OK
I20230706 09:29:53.362512 2970793 event_listener.cc:138] [event_listener/table_file_created] column family: default, file path: /nvme/jinghuan/node_40001/db/000145.sst, file size: 138770555, job id: 79, reason: compaction, status: OK
I20230706 09:29:55.955017 2970793 event_listener.cc:138] [event_listener/table_file_created] column family: default, file path: /nvme/jinghuan/node_40001/db/000146.sst, file size: 138794106, job id: 79, reason: compaction, status: OK
I20230706 09:29:58.460386 2970793 event_listener.cc:138] [event_listener/table_file_created] column family: default, file path: /nvme/jinghuan/node_40001/db/000147.sst, file size: 138650534, job id: 79, reason: compaction, status: OK
I20230706 09:30:00.863206 2970793 event_listener.cc:138] [event_listener/table_file_created] column family: default, file path: /nvme/jinghuan/node_40001/db/000149.sst, file size: 138680129, job id: 79, reason: compaction, status: OK
I20230706 09:30:03.262071 2970793 event_listener.cc:138] [event_listener/table_file_created] column family: default, file path: /nvme/jinghuan/node_40001/db/000150.sst, file size: 138680223, job id: 79, reason: compaction, status: OK
I20230706 09:30:05.663815 2970793 event_listener.cc:138] [event_listener/table_file_created] column family: default, file path: /nvme/jinghuan/node_40001/db/000151.sst, file size: 138680342, job id: 79, reason: compaction, status: OK
I20230706 09:30:08.065233 2970793 event_listener.cc:138] [event_listener/table_file_created] column family: default, file path: /nvme/jinghuan/node_40001/db/000152.sst, file size: 138680141, job id: 79, reason: compaction, status: OK
I20230706 09:30:10.369103 2970793 event_listener.cc:138] [event_listener/table_file_created] column family: default, file path: /nvme/jinghuan/node_40001/db/000153.sst, file size: 138722126, job id: 79, reason: compaction, status: OK
I20230706 09:30:12.679812 2970793 event_listener.cc:138] [event_listener/table_file_created] column family: default, file path: /nvme/jinghuan/node_40001/db/000154.sst, file size: 138730192, job id: 79, reason: compaction, status: OK
I20230706 09:30:14.978610 2970793 event_listener.cc:138] [event_listener/table_file_created] column family: default, file path: /nvme/jinghuan/node_40001/db/000155.sst, file size: 138730135, job id: 79, reason: compaction, status: OK
I20230706 09:30:17.293099 2970793 event_listener.cc:138] [event_listener/table_file_created] column family: default, file path: /nvme/jinghuan/node_40001/db/000156.sst, file size: 138730118, job id: 79, reason: compaction, status: OK
I20230706 09:30:18.167263 2970793 event_listener.cc:138] [event_listener/table_file_created] column family: default, file path: /nvme/jinghuan/node_40001/db/000157.sst, file size: 50886249, job id: 79, reason: compaction, status: OK
I20230706 09:30:18.257037 2970793 event_listener.cc:71] [event_listener/compaction_completed] column family: default, compaction reason: 1, output compression type: no, base input level(files): 0(10), output level(files): 1(18), input bytes: 2422141162, output bytes:2408966869, is_manual_compaction:no, elapsed(micro): 43304741
I20230706 09:30:18.268422 2970793 event_listener.cc:127] [event_listener/table_file_deleted] db: /nvme/jinghuan/node_40001/db, sst file: /nvme/jinghuan/node_40001/db/000138.sst, status: OK
I20230706 09:30:18.292765 2970793 event_listener.cc:127] [event_listener/table_file_deleted] db: /nvme/jinghuan/node_40001/db, sst file: /nvme/jinghuan/node_40001/db/000134.sst, status: OK
I20230706 09:30:18.316296 2970793 event_listener.cc:127] [event_listener/table_file_deleted] db: /nvme/jinghuan/node_40001/db, sst file: /nvme/jinghuan/node_40001/db/000123.sst, status: OK
I20230706 09:30:18.340459 2970793 event_listener.cc:127] [event_listener/table_file_deleted] db: /nvme/jinghuan/node_40001/db, sst file: /nvme/jinghuan/node_40001/db/000106.sst, status: OK
I20230706 09:30:18.369680 2970793 event_listener.cc:127] [event_listener/table_file_deleted] db: /nvme/jinghuan/node_40001/db, sst file: /nvme/jinghuan/node_40001/db/000091.sst, status: OK
I20230706 09:30:18.394413 2970793 event_listener.cc:127] [event_listener/table_file_deleted] db: /nvme/jinghuan/node_40001/db, sst file: /nvme/jinghuan/node_40001/db/000075.sst, status: OK
I20230706 09:30:18.416785 2970793 event_listener.cc:127] [event_listener/table_file_deleted] db: /nvme/jinghuan/node_40001/db, sst file: /nvme/jinghuan/node_40001/db/000060.sst, status: OK
I20230706 09:30:18.419224 2970793 event_listener.cc:127] [event_listener/table_file_deleted] db: /nvme/jinghuan/node_40001/db, sst file: /nvme/jinghuan/node_40001/db/000050.sst, status: OK
I20230706 09:30:18.435954 2970793 event_listener.cc:127] [event_listener/table_file_deleted] db: /nvme/jinghuan/node_40001/db, sst file: /nvme/jinghuan/node_40001/db/000044.sst, status: OK
I20230706 09:30:18.447221 2970793 event_listener.cc:127] [event_listener/table_file_deleted] db: /nvme/jinghuan/node_40001/db, sst file: /nvme/jinghuan/node_40001/db/000042.sst, status: OK
I20230706 09:30:18.447281 2971019 slot_migrate_compact_and_merge.cc:28] [compact-and-merge] db pause finished
I20230706 09:30:18.447310 2971019 slot_migrate_compact_and_merge.cc:40] Prefix extracted, time taken (us): 2
I20230706 09:30:18.447427 2971019 slot_migrate_compact_and_merge.cc:59] Meta file located, time taken(us): 3
I20230706 09:30:18.447443 2971019 slot_migrate_compact_and_merge.cc:70] Subkey file located, time taken(us): 5
I20230706 09:30:18.447453 2971019 slot_migrate_compact_and_merge.cc:81] Meta file list: [000136.sst,000119.sst,000104.sst,000088.sst]
I20230706 09:30:18.447465 2971019 slot_migrate_compact_and_merge.cc:90] Subkey file list: [000139.sst,000140.sst,000141.sst,000142.sst,000143.sst,000144.sst,000145.sst,000146.sst,000147.sst,000031.sst]
I20230706 09:30:20.453388 2971019 event_listener.cc:138] [event_listener/table_file_created] column family: metadata, file path: /nvme/jinghuan/node_40001/db/000158.sst, file size: 73665046, job id: 80, reason: compaction, status: OK
I20230706 09:30:20.476786 2971019 event_listener.cc:127] [event_listener/table_file_deleted] db: /nvme/jinghuan/node_40001/db, sst file: /nvme/jinghuan/node_40001/db/000136.sst, status: OK
I20230706 09:30:20.478189 2971019 event_listener.cc:127] [event_listener/table_file_deleted] db: /nvme/jinghuan/node_40001/db, sst file: /nvme/jinghuan/node_40001/db/000119.sst, status: OK
I20230706 09:30:20.479696 2971019 event_listener.cc:127] [event_listener/table_file_deleted] db: /nvme/jinghuan/node_40001/db, sst file: /nvme/jinghuan/node_40001/db/000104.sst, status: OK
I20230706 09:30:20.484856 2971019 event_listener.cc:127] [event_listener/table_file_deleted] db: /nvme/jinghuan/node_40001/db, sst file: /nvme/jinghuan/node_40001/db/000088.sst, status: OK
I20230706 09:30:20.484881 2971019 slot_migrate_compact_and_merge.cc:97] Meta file compacted, time taken(us): 2037429
I20230706 09:30:42.093060 2971019 event_listener.cc:138] [event_listener/table_file_created] column family: default, file path: /nvme/jinghuan/node_40001/db/000159.sst, file size: 1371093994, job id: 81, reason: compaction, status: OK
I20230706 09:30:42.190066 2971019 event_listener.cc:127] [event_listener/table_file_deleted] db: /nvme/jinghuan/node_40001/db, sst file: /nvme/jinghuan/node_40001/db/000147.sst, status: OK
I20230706 09:30:42.199236 2971019 event_listener.cc:127] [event_listener/table_file_deleted] db: /nvme/jinghuan/node_40001/db, sst file: /nvme/jinghuan/node_40001/db/000146.sst, status: OK
I20230706 09:30:42.207950 2971019 event_listener.cc:127] [event_listener/table_file_deleted] db: /nvme/jinghuan/node_40001/db, sst file: /nvme/jinghuan/node_40001/db/000145.sst, status: OK
I20230706 09:30:42.216056 2971019 event_listener.cc:127] [event_listener/table_file_deleted] db: /nvme/jinghuan/node_40001/db, sst file: /nvme/jinghuan/node_40001/db/000144.sst, status: OK
I20230706 09:30:42.224941 2971019 event_listener.cc:127] [event_listener/table_file_deleted] db: /nvme/jinghuan/node_40001/db, sst file: /nvme/jinghuan/node_40001/db/000143.sst, status: OK
I20230706 09:30:42.234372 2971019 event_listener.cc:127] [event_listener/table_file_deleted] db: /nvme/jinghuan/node_40001/db, sst file: /nvme/jinghuan/node_40001/db/000142.sst, status: OK
I20230706 09:30:42.243261 2971019 event_listener.cc:127] [event_listener/table_file_deleted] db: /nvme/jinghuan/node_40001/db, sst file: /nvme/jinghuan/node_40001/db/000141.sst, status: OK
I20230706 09:30:42.251724 2971019 event_listener.cc:127] [event_listener/table_file_deleted] db: /nvme/jinghuan/node_40001/db, sst file: /nvme/jinghuan/node_40001/db/000140.sst, status: OK
I20230706 09:30:42.260671 2971019 event_listener.cc:127] [event_listener/table_file_deleted] db: /nvme/jinghuan/node_40001/db, sst file: /nvme/jinghuan/node_40001/db/000139.sst, status: OK
I20230706 09:30:42.271436 2971019 event_listener.cc:127] [event_listener/table_file_deleted] db: /nvme/jinghuan/node_40001/db, sst file: /nvme/jinghuan/node_40001/db/000031.sst, status: OK
I20230706 09:30:42.271466 2971019 slot_migrate_compact_and_merge.cc:108] Subkey file compacted, time taken(us): 21786577
I20230706 09:30:42.754245 2971019 slot_migrate_compact_and_merge.cc:120] Meta file filtered, time taken(us): 482771
I20230706 09:30:49.374977 2971019 slot_migrate_compact_and_merge.cc:130] Subkey file filtered, time taken(us): 6620683
I20230706 09:30:49.375036 2971019 slot_migrate_compact_and_merge.cc:139] Meta filtered file list: [/nvme/jinghuan/node_40001/db/000158.sst.out]
I20230706 09:30:49.375047 2971019 slot_migrate_compact_and_merge.cc:148] Subkey filtered file list: [/nvme/jinghuan/node_40001/db/000159.sst.out]
I20230706 09:30:49.375061 2971019 slot_migrate_compact_and_merge.cc:290] CF metadata SST(s) waiting for ingestion: /nvme/jinghuan/node_40001/db/nvme/jinghuan/node_40001/db/000158.sst.out
I20230706 09:30:49.375079 2971019 slot_migrate_compact_and_merge.cc:360] redis-cli -h 127.0.0.1 -p 40002 sst_ingest local metadata /nvme/jinghuan/node_40001/db/000158.sst.out kvrockskvrockskvrockskvrockskvrocksnode2 slow 0
I20230706 09:30:50.370752 2971019 slot_migrate_compact_and_merge.cc:367] File ingestion on column family [metadata] finished, time taken(us): 995677
I20230706 09:30:50.370801 2971019 slot_migrate_compact_and_merge.cc:333] File ingested into target server, time taken(us): 995731
I20230706 09:30:50.370819 2971019 slot_migrate_compact_and_merge.cc:156] Meta file copy and ingested
I20230706 09:30:50.370843 2971019 slot_migrate_compact_and_merge.cc:290] CF default SST(s) waiting for ingestion: /nvme/jinghuan/node_40001/db/nvme/jinghuan/node_40001/db/000159.sst.out
I20230706 09:30:50.370872 2971019 slot_migrate_compact_and_merge.cc:360] redis-cli -h 127.0.0.1 -p 40002 sst_ingest local default /nvme/jinghuan/node_40001/db/000159.sst.out kvrockskvrockskvrockskvrockskvrocksnode2 slow 0
I20230706 09:30:52.477797 2971019 slot_migrate_compact_and_merge.cc:367] File ingestion on column family [default] finished, time taken(us): 2106927
I20230706 09:30:52.477862 2971019 slot_migrate_compact_and_merge.cc:333] File ingested into target server, time taken(us): 2107002
I20230706 09:30:52.477895 2971019 slot_migrate_compact_and_merge.cc:163] Subkey file copy and ingested
I20230706 09:30:52.477941 2971019 slot_migrate.cc:209] Finished sending snapshot, time taken(us): 70165015, seek time taken(us): 0, network response time taken(us): 0
I20230706 09:30:52.486742 2970792 event_listener.cc:71] [event_listener/compaction_completed] column family: default, compaction reason: 2, output compression type: no, base input level(files): 1(1), output level(files): 2(1), input bytes: 0, output bytes:0, is_manual_compaction:no, elapsed(micro): 0
I20230706 09:30:52.487118 2970795 event_listener.cc:84] [event_listener/flush_begin] column family: default, thread_id: 2970795, job_id: 83, reason: 6
I20230706 09:30:52.499557 2970792 event_listener.cc:71] [event_listener/compaction_completed] column family: default, compaction reason: 2, output compression type: no, base input level(files): 1(1), output level(files): 2(1), input bytes: 0, output bytes:0, is_manual_compaction:no, elapsed(micro): 0
I20230706 09:30:52.508244 2970792 event_listener.cc:71] [event_listener/compaction_completed] column family: default, compaction reason: 2, output compression type: no, base input level(files): 1(1), output level(files): 2(1), input bytes: 0, output bytes:0, is_manual_compaction:no, elapsed(micro): 0
I20230706 09:30:52.521569 2970792 event_listener.cc:71] [event_listener/compaction_completed] column family: default, compaction reason: 2, output compression type: no, base input level(files): 1(1), output level(files): 2(1), input bytes: 0, output bytes:0, is_manual_compaction:no, elapsed(micro): 0
I20230706 09:30:52.530350 2970792 event_listener.cc:71] [event_listener/compaction_completed] column family: default, compaction reason: 2, output compression type: no, base input level(files): 1(1), output level(files): 2(1), input bytes: 0, output bytes:0, is_manual_compaction:no, elapsed(micro): 0
I20230706 09:30:52.543578 2970792 event_listener.cc:71] [event_listener/compaction_completed] column family: default, compaction reason: 2, output compression type: no, base input level(files): 1(1), output level(files): 2(1), input bytes: 0, output bytes:0, is_manual_compaction:no, elapsed(micro): 0
I20230706 09:30:52.552435 2970792 event_listener.cc:71] [event_listener/compaction_completed] column family: default, compaction reason: 2, output compression type: no, base input level(files): 1(1), output level(files): 2(1), input bytes: 0, output bytes:0, is_manual_compaction:no, elapsed(micro): 0
I20230706 09:30:52.853279 2971019 slot_migrate.cc:1022] [migrate] Migrate incremental data an epoch OK, seq from 22261338, to 23015268
I20230706 09:30:52.853829 2971019 slot_migrate.cc:1050] [migrate] Incremental data sequence: 3556, less than limit: 10000, go to set forbidden slot
I20230706 09:30:52.853838 2971019 slot_migrate.cc:1074] [migrate] Succeed to migrate incremental data before setting forbidden slot, end epoch: 1
I20230706 09:30:52.853843 2971019 slot_migrate.cc:932] [migrate] Setting forbidden slot 0
I20230706 09:30:52.853964 2971019 slot_migrate.cc:940] [migrate] To set forbidden slot, server was blocked for 116us
I20230706 09:30:52.903175 2971019 slot_migrate.cc:1022] [migrate] Migrate incremental data an epoch OK, seq from 23015268, to 23018825
I20230706 09:30:52.903206 2971019 slot_migrate.cc:903] [migrate] No commands to send
I20230706 09:30:52.903221 2971019 slot_migrate.cc:225] [migrate] Succeed to sync from WAL for a slot 0
I20230706 09:30:52.903591 2971019 slot_migrate.cc:237] [migrate] Succeed to migrate slot 0
I20230706 09:30:52.903601 2971019 slot_migrate.cc:438] [migrate] Clean resources of migrating slot 0
W20230706 09:30:52.982432 2971022 event_listener.cc:132] [event_listener/stall_cond_changed] column family: default write stall condition was changed, from normal to delay
I20230706 09:30:54.229936 2970795 event_listener.cc:138] [event_listener/table_file_created] column family: default, file path: /nvme/jinghuan/node_40001/db/000161.sst, file size: 64466160, job id: 83, reason: flush, status: OK
I20230706 09:30:54.242791 2970795 event_listener.cc:91] [event_listener/flush_completed] column family: default, thread_id: 2970795, job_id: 83, file: /nvme/jinghuan/node_40001/db/000161.sst, reason: 6, is_write_slowdown: no, is_write_stall: no, largest seqno: 22712870, smallest seqno: 22103181
W20230706 09:30:54.242933 2970795 event_listener.cc:132] [event_listener/stall_cond_changed] column family: default write stall condition was changed, from delay to normal
I20230706 09:30:55.015662 2970793 event_listener.cc:138] [event_listener/table_file_created] column family: default, file path: /nvme/jinghuan/node_40001/db/000164.sst, file size: 50886249, job id: 91, reason: compaction, status: OK
I20230706 09:30:55.023957 2970793 event_listener.cc:71] [event_listener/compaction_completed] column family: default, compaction reason: 11, output compression type: no, base input level(files): 1(1), output level(files): 1(1), input bytes: 50886249, output bytes:50886249, is_manual_compaction:no, elapsed(micro): 2032383
I20230706 09:30:56.439702 2970792 event_listener.cc:138] [event_listener/table_file_created] column family: default, file path: /nvme/jinghuan/node_40001/db/000162.sst, file size: 138730118, job id: 90, reason: compaction, status: OK
I20230706 09:30:56.461474 2970792 event_listener.cc:71] [event_listener/compaction_completed] column family: default, compaction reason: 11, output compression type: no, base input level(files): 1(1), output level(files): 1(1), input bytes: 138730118, output bytes:138730118, is_manual_compaction:no, elapsed(micro): 3887187
I20230706 09:30:56.465346 2970792 event_listener.cc:127] [event_listener/table_file_deleted] db: /nvme/jinghuan/node_40001/db, sst file: /nvme/jinghuan/node_40001/db/000157.sst, status: OK
I20230706 09:30:56.475582 2970792 event_listener.cc:127] [event_listener/table_file_deleted] db: /nvme/jinghuan/node_40001/db, sst file: /nvme/jinghuan/node_40001/db/000156.sst, status: OK
I20230706 09:30:58.631841 2970792 event_listener.cc:138] [event_listener/table_file_created] column family: default, file path: /nvme/jinghuan/node_40001/db/000165.sst, file size: 138680129, job id: 92, reason: compaction, status: OK
I20230706 09:30:58.642729 2970792 event_listener.cc:71] [event_listener/compaction_completed] column family: default, compaction reason: 11, output compression type: no, base input level(files): 2(1), output level(files): 2(1), input bytes: 138680129, output bytes:138680129, is_manual_compaction:no, elapsed(micro): 2156237
I20230706 09:30:58.657598 2970792 event_listener.cc:127] [event_listener/table_file_deleted] db: /nvme/jinghuan/node_40001/db, sst file: /nvme/jinghuan/node_40001/db/000149.sst, status: OK
I20230706 09:31:00.831068 2970792 event_listener.cc:138] [event_listener/table_file_created] column family: default, file path: /nvme/jinghuan/node_40001/db/000166.sst, file size: 138680223, job id: 93, reason: compaction, status: OK
I20230706 09:31:00.841171 2970792 event_listener.cc:71] [event_listener/compaction_completed] column family: default, compaction reason: 11, output compression type: no, base input level(files): 2(1), output level(files): 2(1), input bytes: 138680223, output bytes:138680223, is_manual_compaction:no, elapsed(micro): 2173436
I20230706 09:31:00.852715 2971023 event_listener.cc:127] [event_listener/table_file_deleted] db: /nvme/jinghuan/node_40001/db, sst file: /nvme/jinghuan/node_40001/db/000150.sst, status: OK
I20230706 09:31:03.027952 2970792 event_listener.cc:138] [event_listener/table_file_created] column family: default, file path: /nvme/jinghuan/node_40001/db/000167.sst, file size: 138680342, job id: 94, reason: compaction, status: OK
I20230706 09:31:03.042618 2970792 event_listener.cc:71] [event_listener/compaction_completed] column family: default, compaction reason: 11, output compression type: no, base input level(files): 2(1), output level(files): 2(1), input bytes: 138680342, output bytes:138680342, is_manual_compaction:no, elapsed(micro): 2186744
I20230706 09:31:03.057032 2970792 event_listener.cc:127] [event_listener/table_file_deleted] db: /nvme/jinghuan/node_40001/db, sst file: /nvme/jinghuan/node_40001/db/000151.sst, status: OK
I20230706 09:31:05.122599 2970792 event_listener.cc:138] [event_listener/table_file_created] column family: default, file path: /nvme/jinghuan/node_40001/db/000168.sst, file size: 138680141, job id: 95, reason: compaction, status: OK
I20230706 09:31:05.134527 2970792 event_listener.cc:71] [event_listener/compaction_completed] column family: default, compaction reason: 11, output compression type: no, base input level(files): 2(1), output level(files): 2(1), input bytes: 138680141, output bytes:138680141, is_manual_compaction:no, elapsed(micro): 2065578
I20230706 09:31:05.145838 2970792 event_listener.cc:127] [event_listener/table_file_deleted] db: /nvme/jinghuan/node_40001/db, sst file: /nvme/jinghuan/node_40001/db/000152.sst, status: OK
I20230706 09:31:07.228582 2970792 event_listener.cc:138] [event_listener/table_file_created] column family: default, file path: /nvme/jinghuan/node_40001/db/000169.sst, file size: 138722126, job id: 96, reason: compaction, status: OK
I20230706 09:31:07.243821 2970792 event_listener.cc:71] [event_listener/compaction_completed] column family: default, compaction reason: 11, output compression type: no, base input level(files): 2(1), output level(files): 2(1), input bytes: 138722126, output bytes:138722126, is_manual_compaction:no, elapsed(micro): 2082732
I20230706 09:31:07.256593 2970792 event_listener.cc:127] [event_listener/table_file_deleted] db: /nvme/jinghuan/node_40001/db, sst file: /nvme/jinghuan/node_40001/db/000153.sst, status: OK
I20230706 09:31:09.322629 2970792 event_listener.cc:138] [event_listener/table_file_created] column family: default, file path: /nvme/jinghuan/node_40001/db/000170.sst, file size: 138730192, job id: 97, reason: compaction, status: OK
I20230706 09:31:09.333171 2970792 event_listener.cc:71] [event_listener/compaction_completed] column family: default, compaction reason: 11, output compression type: no, base input level(files): 2(1), output level(files): 2(1), input bytes: 138730192, output bytes:138730192, is_manual_compaction:no, elapsed(micro): 2065983
I20230706 09:31:09.347421 2971028 event_listener.cc:127] [event_listener/table_file_deleted] db: /nvme/jinghuan/node_40001/db, sst file: /nvme/jinghuan/node_40001/db/000154.sst, status: OK
I20230706 09:31:11.423755 2970792 event_listener.cc:138] [event_listener/table_file_created] column family: default, file path: /nvme/jinghuan/node_40001/db/000171.sst, file size: 138730135, job id: 98, reason: compaction, status: OK
I20230706 09:31:11.435600 2970792 event_listener.cc:71] [event_listener/compaction_completed] column family: default, compaction reason: 11, output compression type: no, base input level(files): 2(1), output level(files): 2(1), input bytes: 138730135, output bytes:138730135, is_manual_compaction:no, elapsed(micro): 2090541
I20230706 09:31:11.448025 2970792 event_listener.cc:127] [event_listener/table_file_deleted] db: /nvme/jinghuan/node_40001/db, sst file: /nvme/jinghuan/node_40001/db/000155.sst, status: OK
I20230706 09:31:25.626397 2970794 event_listener.cc:84] [event_listener/flush_begin] column family: default, thread_id: 2970794, job_id: 99, reason: 6
I20230706 09:31:26.579958 2970794 event_listener.cc:138] [event_listener/table_file_created] column family: default, file path: /nvme/jinghuan/node_40001/db/000173.sst, file size: 61170361, job id: 99, reason: flush, status: OK
I20230706 09:31:26.586452 2970794 event_listener.cc:91] [event_listener/flush_completed] column family: default, thread_id: 2970794, job_id: 99, file: /nvme/jinghuan/node_40001/db/000173.sst, reason: 6, is_write_slowdown: no, is_write_stall: no, largest seqno: 23326901, smallest seqno: 22712871
I20230706 09:32:32.520272 2970795 event_listener.cc:84] [event_listener/flush_begin] column family: default, thread_id: 2970795, job_id: 100, reason: 6
I20230706 09:32:33.490518 2970795 event_listener.cc:138] [event_listener/table_file_created] column family: default, file path: /nvme/jinghuan/node_40001/db/000176.sst, file size: 62829191, job id: 100, reason: flush, status: OK
I20230706 09:32:33.503870 2970795 event_listener.cc:91] [event_listener/flush_completed] column family: default, thread_id: 2970795, job_id: 100, file: /nvme/jinghuan/node_40001/db/000176.sst, reason: 6, is_write_slowdown: no, is_write_stall: no, largest seqno: 23959815, smallest seqno: 23326902
I20230706 09:33:39.568722 2970794 event_listener.cc:84] [event_listener/flush_begin] column family: default, thread_id: 2970794, job_id: 101, reason: 6
I20230706 09:33:40.618363 2970794 event_listener.cc:138] [event_listener/table_file_created] column family: default, file path: /nvme/jinghuan/node_40001/db/000179.sst, file size: 60985458, job id: 101, reason: flush, status: OK
I20230706 09:33:40.624876 2970794 event_listener.cc:91] [event_listener/flush_completed] column family: default, thread_id: 2970794, job_id: 101, file: /nvme/jinghuan/node_40001/db/000179.sst, reason: 6, is_write_slowdown: no, is_write_stall: no, largest seqno: 24570337, smallest seqno: 23959817
I20230706 09:33:43.848968 2970793 event_listener.cc:138] [event_listener/table_file_created] column family: default, file path: /nvme/jinghuan/node_40001/db/000180.sst, file size: 137548572, job id: 102, reason: compaction, status: OK
I20230706 09:33:46.416078 2970793 event_listener.cc:138] [event_listener/table_file_created] column family: default, file path: /nvme/jinghuan/node_40001/db/000181.sst, file size: 138446827, job id: 102, reason: compaction, status: OK
I20230706 09:33:47.910562 2970793 event_listener.cc:138] [event_listener/table_file_created] column family: default, file path: /nvme/jinghuan/node_40001/db/000182.sst, file size: 87124680, job id: 102, reason: compaction, status: OK
I20230706 09:33:47.928256 2970793 event_listener.cc:71] [event_listener/compaction_completed] column family: default, compaction reason: 1, output compression type: no, base input level(files): 0(6), output level(files): 1(3), input bytes: 439067537, output bytes:363120079, is_manual_compaction:no, elapsed(micro): 7285146
I20230706 09:33:47.935055 2970793 event_listener.cc:127] [event_listener/table_file_deleted] db: /nvme/jinghuan/node_40001/db, sst file: /nvme/jinghuan/node_40001/db/000179.sst, status: OK
I20230706 09:33:47.941548 2970793 event_listener.cc:127] [event_listener/table_file_deleted] db: /nvme/jinghuan/node_40001/db, sst file: /nvme/jinghuan/node_40001/db/000176.sst, status: OK
I20230706 09:33:47.946020 2970793 event_listener.cc:127] [event_listener/table_file_deleted] db: /nvme/jinghuan/node_40001/db, sst file: /nvme/jinghuan/node_40001/db/000173.sst, status: OK
I20230706 09:33:47.950120 2970793 event_listener.cc:127] [event_listener/table_file_deleted] db: /nvme/jinghuan/node_40001/db, sst file: /nvme/jinghuan/node_40001/db/000164.sst, status: OK
I20230706 09:33:47.961395 2970793 event_listener.cc:127] [event_listener/table_file_deleted] db: /nvme/jinghuan/node_40001/db, sst file: /nvme/jinghuan/node_40001/db/000162.sst, status: OK
I20230706 09:33:47.966452 2970793 event_listener.cc:127] [event_listener/table_file_deleted] db: /nvme/jinghuan/node_40001/db, sst file: /nvme/jinghuan/node_40001/db/000161.sst, status: OK
I20230706 09:33:47.972999 2970792 event_listener.cc:71] [event_listener/compaction_completed] column family: default, compaction reason: 2, output compression type: no, base input level(files): 1(1), output level(files): 2(1), input bytes: 0, output bytes:0, is_manual_compaction:no, elapsed(micro): 0
I20230706 09:33:50.333632 2970792 event_listener.cc:138] [event_listener/table_file_created] column family: default, file path: /nvme/jinghuan/node_40001/db/000183.sst, file size: 138730582, job id: 104, reason: compaction, status: OK
I20230706 09:33:52.832942 2970792 event_listener.cc:138] [event_listener/table_file_created] column family: default, file path: /nvme/jinghuan/node_40001/db/000184.sst, file size: 138730420, job id: 104, reason: compaction, status: OK
I20230706 09:33:54.551317 2970792 event_listener.cc:138] [event_listener/table_file_created] column family: default, file path: /nvme/jinghuan/node_40001/db/000185.sst, file size: 102493412, job id: 104, reason: compaction, status: OK
I20230706 09:33:54.570506 2970792 event_listener.cc:71] [event_listener/compaction_completed] column family: default, compaction reason: 2, output compression type: no, base input level(files): 1(3), output level(files): 2(3), input bytes: 415907154, output bytes:379954414, is_manual_compaction:no, elapsed(micro): 6578197
I20230706 09:33:54.582782 2970792 event_listener.cc:127] [event_listener/table_file_deleted] db: /nvme/jinghuan/node_40001/db, sst file: /nvme/jinghuan/node_40001/db/000181.sst, status: OK
I20230706 09:33:54.593091 2970792 event_listener.cc:127] [event_listener/table_file_deleted] db: /nvme/jinghuan/node_40001/db, sst file: /nvme/jinghuan/node_40001/db/000171.sst, status: OK
I20230706 09:33:54.603298 2970792 event_listener.cc:127] [event_listener/table_file_deleted] db: /nvme/jinghuan/node_40001/db, sst file: /nvme/jinghuan/node_40001/db/000170.sst, status: OK
I20230706 09:33:56.136925 2970792 event_listener.cc:138] [event_listener/table_file_created] column family: default, file path: /nvme/jinghuan/node_40001/db/000186.sst, file size: 87124680, job id: 105, reason: compaction, status: OK
I20230706 09:33:56.157125 2970792 event_listener.cc:71] [event_listener/compaction_completed] column family: default, compaction reason: 11, output compression type: no, base input level(files): 2(1), output level(files): 2(1), input bytes: 87124680, output bytes:87124680, is_manual_compaction:no, elapsed(micro): 1533620
I20230706 09:33:56.170145 2970792 event_listener.cc:127] [event_listener/table_file_deleted] db: /nvme/jinghuan/node_40001/db, sst file: /nvme/jinghuan/node_40001/db/000182.sst, status: OK
I20230706 09:34:05.293678 2970795 event_listener.cc:84] [event_listener/flush_begin] column family: metadata, thread_id: 2970795, job_id: 106, reason: 13
I20230706 09:34:05.306963 2970795 event_listener.cc:138] [event_listener/table_file_created] column family: metadata, file path: /nvme/jinghuan/node_40001/db/000188.sst, file size: 4734, job id: 106, reason: flush, status: OK
I20230706 09:34:05.315568 2970795 event_listener.cc:91] [event_listener/flush_completed] column family: metadata, thread_id: 2970795, job_id: 106, file: /nvme/jinghuan/node_40001/db/000188.sst, reason: 13, is_write_slowdown: no, is_write_stall: no, largest seqno: 24739739, smallest seqno: 22031197
I20230706 09:34:45.453969 2970794 event_listener.cc:84] [event_listener/flush_begin] column family: default, thread_id: 2970794, job_id: 107, reason: 6
I20230706 09:34:47.709028 2970794 event_listener.cc:138] [event_listener/table_file_created] column family: default, file path: /nvme/jinghuan/node_40001/db/000191.sst, file size: 62475980, job id: 107, reason: flush, status: OK
I20230706 09:34:47.715406 2970794 event_listener.cc:91] [event_listener/flush_completed] column family: default, thread_id: 2970794, job_id: 107, file: /nvme/jinghuan/node_40001/db/000191.sst, reason: 6, is_write_slowdown: no, is_write_stall: no, largest seqno: 25198608, smallest seqno: 24570342
I20230706 09:35:49.843829 2970795 event_listener.cc:84] [event_listener/flush_begin] column family: default, thread_id: 2970795, job_id: 108, reason: 6
I20230706 09:35:52.094033 2970795 event_listener.cc:138] [event_listener/table_file_created] column family: default, file path: /nvme/jinghuan/node_40001/db/000194.sst, file size: 62224991, job id: 108, reason: flush, status: OK
I20230706 09:35:52.100258 2970795 event_listener.cc:91] [event_listener/flush_completed] column family: default, thread_id: 2970795, job_id: 108, file: /nvme/jinghuan/node_40001/db/000194.sst, reason: 6, is_write_slowdown: no, is_write_stall: no, largest seqno: 25823687, smallest seqno: 25198609
